E0921 02:18:28.161710 2745969 cuda_executor.cc:1526] Could not get kernel mode driver version: (INVALID_ARGUMENT: Version does not match the format X.Y.Z)
E0921 02:18:28.170439 2745859 cuda_executor.cc:1526] Could not get kernel mode driver version: (INVALID_ARGUMENT: Version does not match the format X.Y.Z)
[32mStart prefilling replay buffer[0m
[32mStart SAC training[0m
[32m{'log_freq': 1000, 'save_freq': 1000000, 'eval_episode_freq': 10, 'hidden_size': 256, 'lr': 0.001, 'max_grad_norm': 0.0, 'gamma': 0.99, 'update_tau': 0.005, 'train_per_step': 8, 'episode_length': 1000, 'warmup_samples': 8192, 'max_replay_size': 4000000, 'batch_size': 512, 'total_env_steps': 5000000, 'init_temperature': 0.1, 'nstep': 3, 'bootstrap_on_truncation': True, 'rep_lr_scale': 1.5, 'vis_feq': 100000, 'n_vis_frames': 4, 'num_envs': 128, 'grad_steps': 50, 'transfer_freq': 10, 'transfer_steps': 8, 'reward_scaling': 1.0, 'num_eval_envs': 128, 'target_entropy': -1.0}[0m
[32m[nstep] nstep=3 bootstrap_on_truncation=True (discount from the buffer already contains gamma^nstep)[0m
-----------------------------------------------------------------
|                                 Train/Steps |        1.36e+05 |
|                            Loss/Loss_critic |            1.21 |
|                             Loss/Loss_actor |           -36.7 |
|                             Loss/Loss_alpha |        -0.00189 |
|               Loss/Loss_state_action_metric |         0.00391 |
|                      Loss/Loss_state_metric |         0.00216 |
|             Loss/Loss_state_action_to_state |         0.00057 |
|                           Loss/Act_rep_loss |           0.131 |
|                                   SAC/Alpha |          0.0688 |
|                              SAC/LogPi_mean |            1.08 |
|                                 SAC/Q1_mean |            36.3 |
|                                 SAC/Q2_mean |            36.3 |
|                            Norm/actor_model |            54.9 |
|                           Norm/critic_model |            95.2 |
|              Norm/state_action_metric_model |              30 |
|                     Norm/state_metric_model |            30.6 |
|        Norm/state_action_state_metric_model |            30.8 |
|                  Metric/self_state_distance |         0.00717 |
|                 Metric/cross_state_distance |            1.04 |
|           Metric/self_state_action_distance |         0.00266 |
|          Metric/cross_state_action_distance |            1.06 |
|             Metric/avg_self_state_asymmetry |               0 |
|            Metric/avg_cross_state_asymmetry |         0.00627 |
|                Metric/avg_self_sa_asymmetry |               0 |
|               Metric/avg_cross_sa_asymmetry |         0.00688 |
|  Metric/self_state_action_to_state_distance |         0.00905 |
| Metric/cross_state_action_to_state_distance |            1.04 |
|                   Metric/h_lambda_diff_self |          0.0068 |
|                  Metric/h_lambda_diff_cross |          0.0238 |
|                                 Eval/Return |             859 |
-----------------------------------------------------------------
-----------------------------------------------------------------
|                                 Train/Steps |        2.64e+05 |
|                            Loss/Loss_critic |            0.77 |
|                             Loss/Loss_actor |           -70.2 |
|                             Loss/Loss_alpha |         0.00424 |
|               Loss/Loss_state_action_metric |         0.00703 |
|                      Loss/Loss_state_metric |         0.00374 |
|             Loss/Loss_state_action_to_state |        7.01e-05 |
|                           Loss/Act_rep_loss |           0.204 |
|                                   SAC/Alpha |          0.0526 |
|                              SAC/LogPi_mean |           0.837 |
|                                 SAC/Q1_mean |            69.9 |
|                                 SAC/Q2_mean |            69.9 |
|                            Norm/actor_model |            68.5 |
|                           Norm/critic_model |             116 |
|              Norm/state_action_metric_model |              31 |
|                     Norm/state_metric_model |            31.9 |
|        Norm/state_action_state_metric_model |            32.7 |
|                  Metric/self_state_distance |         0.00105 |
|                 Metric/cross_state_distance |            1.03 |
|           Metric/self_state_action_distance |         0.00174 |
|          Metric/cross_state_action_distance |            1.03 |
|             Metric/avg_self_state_asymmetry |               0 |
|            Metric/avg_cross_state_asymmetry |         0.00458 |
|                Metric/avg_self_sa_asymmetry |               0 |
|               Metric/avg_cross_sa_asymmetry |         0.00393 |
|  Metric/self_state_action_to_state_distance |         0.00168 |
| Metric/cross_state_action_to_state_distance |            1.03 |
|                   Metric/h_lambda_diff_self |         0.00193 |
|                  Metric/h_lambda_diff_cross |         0.00725 |
|                                 Eval/Return |             954 |
-----------------------------------------------------------------
-----------------------------------------------------------------
|                                 Train/Steps |        3.92e+05 |
|                            Loss/Loss_critic |            0.59 |
|                             Loss/Loss_actor |           -84.9 |
|                             Loss/Loss_alpha |          0.0066 |
|               Loss/Loss_state_action_metric |         0.00405 |
|                      Loss/Loss_state_metric |         0.00285 |
|             Loss/Loss_state_action_to_state |        3.73e-05 |
|                           Loss/Act_rep_loss |           0.176 |
|                                   SAC/Alpha |          0.0329 |
|                              SAC/LogPi_mean |           0.724 |
|                                 SAC/Q1_mean |            84.6 |
|                                 SAC/Q2_mean |            84.7 |
|                            Norm/actor_model |            78.5 |
|                           Norm/critic_model |             124 |
|              Norm/state_action_metric_model |            32.9 |
|                     Norm/state_metric_model |            34.4 |
|        Norm/state_action_state_metric_model |            34.6 |
|                  Metric/self_state_distance |        0.000894 |
|                 Metric/cross_state_distance |           0.992 |
|           Metric/self_state_action_distance |         0.00194 |
|          Metric/cross_state_action_distance |           0.986 |
|             Metric/avg_self_state_asymmetry |               0 |
|            Metric/avg_cross_state_asymmetry |         0.00345 |
|                Metric/avg_self_sa_asymmetry |               0 |
|               Metric/avg_cross_sa_asymmetry |         0.00412 |
|  Metric/self_state_action_to_state_distance |         0.00039 |
| Metric/cross_state_action_to_state_distance |           0.987 |
|                   Metric/h_lambda_diff_self |         0.00173 |
|                  Metric/h_lambda_diff_cross |         0.00512 |
|                                 Eval/Return |             932 |
-----------------------------------------------------------------
-----------------------------------------------------------------
|                                 Train/Steps |         5.2e+05 |
|                            Loss/Loss_critic |           0.449 |
|                             Loss/Loss_actor |           -91.6 |
|                             Loss/Loss_alpha |         -0.0017 |
|               Loss/Loss_state_action_metric |         0.00532 |
|                      Loss/Loss_state_metric |         0.00352 |
|             Loss/Loss_state_action_to_state |         4.5e-05 |
|                           Loss/Act_rep_loss |          0.0706 |
|                                   SAC/Alpha |          0.0237 |
|                              SAC/LogPi_mean |            1.16 |
|                                 SAC/Q1_mean |            91.4 |
|                                 SAC/Q2_mean |            91.4 |
|                            Norm/actor_model |            86.7 |
|                           Norm/critic_model |             131 |
|              Norm/state_action_metric_model |            35.7 |
|                     Norm/state_metric_model |            37.9 |
|        Norm/state_action_state_metric_model |            37.4 |
|                  Metric/self_state_distance |        0.000476 |
|                 Metric/cross_state_distance |           0.979 |
|           Metric/self_state_action_distance |        0.000781 |
|          Metric/cross_state_action_distance |           0.973 |
|             Metric/avg_self_state_asymmetry |               0 |
|            Metric/avg_cross_state_asymmetry |         0.00257 |
|                Metric/avg_self_sa_asymmetry |               0 |
|               Metric/avg_cross_sa_asymmetry |         0.00299 |
|  Metric/self_state_action_to_state_distance |        0.000908 |
| Metric/cross_state_action_to_state_distance |           0.974 |
|                   Metric/h_lambda_diff_self |          0.0013 |
|                  Metric/h_lambda_diff_cross |         0.00482 |
|                                 Eval/Return |             966 |
-----------------------------------------------------------------
-----------------------------------------------------------------
|                                 Train/Steps |        6.48e+05 |
|                            Loss/Loss_critic |           0.413 |
|                             Loss/Loss_actor |           -92.3 |
|                             Loss/Loss_alpha |         0.00261 |
|               Loss/Loss_state_action_metric |         0.00508 |
|                      Loss/Loss_state_metric |         0.00234 |
|             Loss/Loss_state_action_to_state |        2.96e-05 |
|                           Loss/Act_rep_loss |          0.0754 |
|                                   SAC/Alpha |          0.0184 |
|                              SAC/LogPi_mean |            0.82 |
|                                 SAC/Q1_mean |            92.4 |
|                                 SAC/Q2_mean |            92.2 |
|                            Norm/actor_model |            93.5 |
|                           Norm/critic_model |             137 |
|              Norm/state_action_metric_model |            38.9 |
|                     Norm/state_metric_model |            41.1 |
|        Norm/state_action_state_metric_model |            40.1 |
|                  Metric/self_state_distance |        0.000397 |
|                 Metric/cross_state_distance |           0.978 |
|           Metric/self_state_action_distance |          0.0028 |
|          Metric/cross_state_action_distance |           0.976 |
|             Metric/avg_self_state_asymmetry |               0 |
|            Metric/avg_cross_state_asymmetry |         0.00178 |
|                Metric/avg_self_sa_asymmetry |               0 |
|               Metric/avg_cross_sa_asymmetry |          0.0026 |
|  Metric/self_state_action_to_state_distance |        0.000285 |
| Metric/cross_state_action_to_state_distance |           0.972 |
|                   Metric/h_lambda_diff_self |         0.00284 |
|                  Metric/h_lambda_diff_cross |         0.00499 |
|                                 Eval/Return |             975 |
-----------------------------------------------------------------
-----------------------------------------------------------------
|                                 Train/Steps |        7.76e+05 |
|                            Loss/Loss_critic |           0.271 |
|                             Loss/Loss_actor |           -92.2 |
|                             Loss/Loss_alpha |        -0.00246 |
|               Loss/Loss_state_action_metric |         0.00637 |
|                      Loss/Loss_state_metric |         0.00235 |
|             Loss/Loss_state_action_to_state |        2.26e-05 |
|                           Loss/Act_rep_loss |          0.0503 |
|                                   SAC/Alpha |          0.0158 |
|                              SAC/LogPi_mean |            1.15 |
|                                 SAC/Q1_mean |            92.1 |
|                                 SAC/Q2_mean |            92.1 |
|                            Norm/actor_model |            99.9 |
|                           Norm/critic_model |             142 |
|              Norm/state_action_metric_model |            41.9 |
|                     Norm/state_metric_model |            44.7 |
|        Norm/state_action_state_metric_model |            42.5 |
|                  Metric/self_state_distance |        0.000232 |
|                 Metric/cross_state_distance |           0.981 |
|           Metric/self_state_action_distance |         0.00106 |
|          Metric/cross_state_action_distance |           0.976 |
|             Metric/avg_self_state_asymmetry |               0 |
|            Metric/avg_cross_state_asymmetry |         0.00194 |
|                Metric/avg_self_sa_asymmetry |               0 |
|               Metric/avg_cross_sa_asymmetry |         0.00242 |
|  Metric/self_state_action_to_state_distance |        0.000325 |
| Metric/cross_state_action_to_state_distance |           0.975 |
|                   Metric/h_lambda_diff_self |        0.000816 |
|                  Metric/h_lambda_diff_cross |         0.00313 |
|                                 Eval/Return |             951 |
-----------------------------------------------------------------
-----------------------------------------------------------------
|                                 Train/Steps |        9.04e+05 |
|                            Loss/Loss_critic |           0.276 |
|                             Loss/Loss_actor |           -95.7 |
|                             Loss/Loss_alpha |       -0.000596 |
|               Loss/Loss_state_action_metric |         0.00542 |
|                      Loss/Loss_state_metric |         0.00232 |
|             Loss/Loss_state_action_to_state |        1.72e-05 |
|                           Loss/Act_rep_loss |          0.0427 |
|                                   SAC/Alpha |           0.014 |
|                              SAC/LogPi_mean |            1.03 |
|                                 SAC/Q1_mean |            95.6 |
|                                 SAC/Q2_mean |            95.7 |
|                            Norm/actor_model |             106 |
|                           Norm/critic_model |             147 |
|              Norm/state_action_metric_model |            44.9 |
|                     Norm/state_metric_model |            47.8 |
|        Norm/state_action_state_metric_model |              45 |
|                  Metric/self_state_distance |        0.000522 |
|                 Metric/cross_state_distance |            0.96 |
|           Metric/self_state_action_distance |         0.00144 |
|          Metric/cross_state_action_distance |           0.953 |
|             Metric/avg_self_state_asymmetry |               0 |
|            Metric/avg_cross_state_asymmetry |         0.00152 |
|                Metric/avg_self_sa_asymmetry |               0 |
|               Metric/avg_cross_sa_asymmetry |         0.00218 |
|  Metric/self_state_action_to_state_distance |        0.000102 |
| Metric/cross_state_action_to_state_distance |            0.95 |
|                   Metric/h_lambda_diff_self |         0.00141 |
|                  Metric/h_lambda_diff_cross |         0.00398 |
|                                 Eval/Return |             937 |
-----------------------------------------------------------------
-----------------------------------------------------------------
|                                 Train/Steps |        1.03e+06 |
|                            Loss/Loss_critic |           0.193 |
|                             Loss/Loss_actor |             -95 |
|                             Loss/Loss_alpha |        -0.00277 |
|               Loss/Loss_state_action_metric |         0.00371 |
|                      Loss/Loss_state_metric |         0.00214 |
|             Loss/Loss_state_action_to_state |        3.07e-05 |
|                           Loss/Act_rep_loss |          0.0578 |
|                                   SAC/Alpha |          0.0117 |
|                              SAC/LogPi_mean |            1.31 |
|                                 SAC/Q1_mean |            94.9 |
|                                 SAC/Q2_mean |              95 |
|                            Norm/actor_model |             111 |
|                           Norm/critic_model |             152 |
|              Norm/state_action_metric_model |            47.7 |
|                     Norm/state_metric_model |            50.7 |
|        Norm/state_action_state_metric_model |            47.2 |
|                  Metric/self_state_distance |         0.00022 |
|                 Metric/cross_state_distance |           0.969 |
|           Metric/self_state_action_distance |        0.000911 |
|          Metric/cross_state_action_distance |           0.961 |
|             Metric/avg_self_state_asymmetry |               0 |
|            Metric/avg_cross_state_asymmetry |         0.00163 |
|                Metric/avg_self_sa_asymmetry |               0 |
|               Metric/avg_cross_sa_asymmetry |         0.00226 |
|  Metric/self_state_action_to_state_distance |        0.000299 |
| Metric/cross_state_action_to_state_distance |           0.962 |
|                   Metric/h_lambda_diff_self |        0.000961 |
|                  Metric/h_lambda_diff_cross |          0.0035 |
|                                 Eval/Return |             976 |
-----------------------------------------------------------------
[32mSaving model …[0m
[32mDone.[0m
[32mSaving model …[0m
[32mDone.[0m
[32mSaving model …[0m
[32mDone.[0m
[32mSaving model …[0m
[32mDone.[0m
-----------------------------------------------------------------
|                                 Train/Steps |        1.16e+06 |
|                            Loss/Loss_critic |           0.263 |
|                             Loss/Loss_actor |             -97 |
|                             Loss/Loss_alpha |        1.91e-05 |
|               Loss/Loss_state_action_metric |         0.00321 |
|                      Loss/Loss_state_metric |         0.00233 |
|             Loss/Loss_state_action_to_state |        2.02e-05 |
|                           Loss/Act_rep_loss |          0.0339 |
|                                   SAC/Alpha |          0.0112 |
|                              SAC/LogPi_mean |            1.11 |
|                                 SAC/Q1_mean |            96.9 |
|                                 SAC/Q2_mean |              97 |
|                            Norm/actor_model |             116 |
|                           Norm/critic_model |             157 |
|              Norm/state_action_metric_model |            50.3 |
|                     Norm/state_metric_model |            53.4 |
|        Norm/state_action_state_metric_model |            49.6 |
|                  Metric/self_state_distance |        0.000292 |
|                 Metric/cross_state_distance |           0.957 |
|           Metric/self_state_action_distance |        0.000528 |
|          Metric/cross_state_action_distance |           0.948 |
|             Metric/avg_self_state_asymmetry |               0 |
|            Metric/avg_cross_state_asymmetry |         0.00137 |
|                Metric/avg_self_sa_asymmetry |               0 |
|               Metric/avg_cross_sa_asymmetry |         0.00214 |
|  Metric/self_state_action_to_state_distance |         0.00012 |
| Metric/cross_state_action_to_state_distance |           0.946 |
|                   Metric/h_lambda_diff_self |        0.000518 |
|                  Metric/h_lambda_diff_cross |         0.00321 |
|                                 Eval/Return |             967 |
-----------------------------------------------------------------
-----------------------------------------------------------------
|                                 Train/Steps |        1.29e+06 |
|                            Loss/Loss_critic |           0.199 |
|                             Loss/Loss_actor |           -96.8 |
|                             Loss/Loss_alpha |       -0.000621 |
|               Loss/Loss_state_action_metric |         0.00327 |
|                      Loss/Loss_state_metric |         0.00199 |
|             Loss/Loss_state_action_to_state |        2.78e-05 |
|                           Loss/Act_rep_loss |          0.0253 |
|                                   SAC/Alpha |          0.0103 |
|                              SAC/LogPi_mean |            1.06 |
|                                 SAC/Q1_mean |            96.8 |
|                                 SAC/Q2_mean |            96.8 |
|                            Norm/actor_model |             121 |
|                           Norm/critic_model |             162 |
|              Norm/state_action_metric_model |              53 |
|                     Norm/state_metric_model |            55.7 |
|        Norm/state_action_state_metric_model |            51.7 |
|                  Metric/self_state_distance |        0.000345 |
|                 Metric/cross_state_distance |           0.961 |
|           Metric/self_state_action_distance |        0.000694 |
|          Metric/cross_state_action_distance |           0.952 |
|             Metric/avg_self_state_asymmetry |               0 |
|            Metric/avg_cross_state_asymmetry |         0.00166 |
|                Metric/avg_self_sa_asymmetry |               0 |
|               Metric/avg_cross_sa_asymmetry |         0.00192 |
|  Metric/self_state_action_to_state_distance |        0.000188 |
| Metric/cross_state_action_to_state_distance |           0.952 |
|                   Metric/h_lambda_diff_self |        0.000723 |
|                  Metric/h_lambda_diff_cross |         0.00292 |
|                                 Eval/Return |             965 |
-----------------------------------------------------------------
-----------------------------------------------------------------
|                                 Train/Steps |        1.42e+06 |
|                            Loss/Loss_critic |           0.203 |
|                             Loss/Loss_actor |           -96.8 |
|                             Loss/Loss_alpha |        -0.00206 |
|               Loss/Loss_state_action_metric |         0.00344 |
|                      Loss/Loss_state_metric |         0.00197 |
|             Loss/Loss_state_action_to_state |        2.46e-05 |
|                           Loss/Act_rep_loss |          0.0365 |
|                                   SAC/Alpha |         0.00878 |
|                              SAC/LogPi_mean |            1.21 |
|                                 SAC/Q1_mean |            96.7 |
|                                 SAC/Q2_mean |            96.7 |
|                            Norm/actor_model |             125 |
|                           Norm/critic_model |             166 |
|              Norm/state_action_metric_model |            55.3 |
|                     Norm/state_metric_model |            58.6 |
|        Norm/state_action_state_metric_model |            54.4 |
|                  Metric/self_state_distance |        0.000309 |
|                 Metric/cross_state_distance |            0.96 |
|           Metric/self_state_action_distance |        0.000494 |
|          Metric/cross_state_action_distance |           0.949 |
|             Metric/avg_self_state_asymmetry |               0 |
|            Metric/avg_cross_state_asymmetry |         0.00139 |
|                Metric/avg_self_sa_asymmetry |               0 |
|               Metric/avg_cross_sa_asymmetry |         0.00203 |
|  Metric/self_state_action_to_state_distance |        7.57e-05 |
| Metric/cross_state_action_to_state_distance |            0.95 |
|                   Metric/h_lambda_diff_self |        0.000479 |
|                  Metric/h_lambda_diff_cross |         0.00221 |
|                                 Eval/Return |             968 |
-----------------------------------------------------------------
-----------------------------------------------------------------
|                                 Train/Steps |        1.54e+06 |
|                            Loss/Loss_critic |           0.164 |
|                             Loss/Loss_actor |           -97.3 |
|                             Loss/Loss_alpha |        0.000892 |
|               Loss/Loss_state_action_metric |         0.00326 |
|                      Loss/Loss_state_metric |         0.00228 |
|             Loss/Loss_state_action_to_state |        2.34e-05 |
|                           Loss/Act_rep_loss |           0.018 |
|                                   SAC/Alpha |         0.00837 |
|                              SAC/LogPi_mean |           0.859 |
|                                 SAC/Q1_mean |            97.3 |
|                                 SAC/Q2_mean |            97.4 |
|                            Norm/actor_model |             129 |
|                           Norm/critic_model |             170 |
|              Norm/state_action_metric_model |            57.9 |
|                     Norm/state_metric_model |            60.4 |
|        Norm/state_action_state_metric_model |            57.1 |
|                  Metric/self_state_distance |        0.000115 |
|                 Metric/cross_state_distance |           0.952 |
|           Metric/self_state_action_distance |        0.000426 |
|          Metric/cross_state_action_distance |           0.945 |
|             Metric/avg_self_state_asymmetry |               0 |
|            Metric/avg_cross_state_asymmetry |         0.00127 |
|                Metric/avg_self_sa_asymmetry |               0 |
|               Metric/avg_cross_sa_asymmetry |         0.00176 |
|  Metric/self_state_action_to_state_distance |        3.33e-05 |
| Metric/cross_state_action_to_state_distance |           0.942 |
|                   Metric/h_lambda_diff_self |          0.0004 |
|                  Metric/h_lambda_diff_cross |         0.00362 |
|                                 Eval/Return |             959 |
-----------------------------------------------------------------
-----------------------------------------------------------------
|                                 Train/Steps |        1.67e+06 |
|                            Loss/Loss_critic |           0.195 |
|                             Loss/Loss_actor |             -97 |
|                             Loss/Loss_alpha |        0.000246 |
|               Loss/Loss_state_action_metric |         0.00444 |
|                      Loss/Loss_state_metric |         0.00309 |
|             Loss/Loss_state_action_to_state |        1.66e-05 |
|                           Loss/Act_rep_loss |          0.0205 |
|                                   SAC/Alpha |         0.00852 |
|                              SAC/LogPi_mean |            1.02 |
|                                 SAC/Q1_mean |              97 |
|                                 SAC/Q2_mean |            97.1 |
|                            Norm/actor_model |             134 |
|                           Norm/critic_model |             174 |
|              Norm/state_action_metric_model |            60.4 |
|                     Norm/state_metric_model |            62.6 |
|        Norm/state_action_state_metric_model |            59.1 |
|                  Metric/self_state_distance |         0.00273 |
|                 Metric/cross_state_distance |           0.952 |
|           Metric/self_state_action_distance |        0.000462 |
|          Metric/cross_state_action_distance |           0.939 |
|             Metric/avg_self_state_asymmetry |               0 |
|            Metric/avg_cross_state_asymmetry |         0.00151 |
|                Metric/avg_self_sa_asymmetry |               0 |
|               Metric/avg_cross_sa_asymmetry |         0.00174 |
|  Metric/self_state_action_to_state_distance |        0.000104 |
| Metric/cross_state_action_to_state_distance |            0.94 |
|                   Metric/h_lambda_diff_self |         0.00042 |
|                  Metric/h_lambda_diff_cross |         0.00237 |
|                                 Eval/Return |             961 |
-----------------------------------------------------------------
-----------------------------------------------------------------
|                                 Train/Steps |         1.8e+06 |
|                            Loss/Loss_critic |           0.178 |
|                             Loss/Loss_actor |           -97.5 |
|                             Loss/Loss_alpha |        -0.00264 |
|               Loss/Loss_state_action_metric |         0.00391 |
|                      Loss/Loss_state_metric |         0.00223 |
|             Loss/Loss_state_action_to_state |        2.01e-05 |
|                           Loss/Act_rep_loss |          0.0182 |
|                                   SAC/Alpha |         0.00752 |
|                              SAC/LogPi_mean |            1.42 |
|                                 SAC/Q1_mean |            97.5 |
|                                 SAC/Q2_mean |            97.6 |
|                            Norm/actor_model |             138 |
|                           Norm/critic_model |             178 |
|              Norm/state_action_metric_model |            62.5 |
|                     Norm/state_metric_model |            65.4 |
|        Norm/state_action_state_metric_model |            61.8 |
|                  Metric/self_state_distance |        0.000354 |
|                 Metric/cross_state_distance |           0.953 |
|           Metric/self_state_action_distance |        0.000446 |
|          Metric/cross_state_action_distance |           0.942 |
|             Metric/avg_self_state_asymmetry |               0 |
|            Metric/avg_cross_state_asymmetry |         0.00104 |
|                Metric/avg_self_sa_asymmetry |               0 |
|               Metric/avg_cross_sa_asymmetry |         0.00212 |
|  Metric/self_state_action_to_state_distance |        9.73e-05 |
| Metric/cross_state_action_to_state_distance |           0.943 |
|                   Metric/h_lambda_diff_self |        0.000453 |
|                  Metric/h_lambda_diff_cross |         0.00272 |
|                                 Eval/Return |             962 |
-----------------------------------------------------------------
-----------------------------------------------------------------
|                                 Train/Steps |        1.93e+06 |
|                            Loss/Loss_critic |           0.138 |
|                             Loss/Loss_actor |           -97.6 |
|                             Loss/Loss_alpha |        0.000506 |
|               Loss/Loss_state_action_metric |         0.00399 |
|                      Loss/Loss_state_metric |         0.00218 |
|             Loss/Loss_state_action_to_state |        1.48e-05 |
|                           Loss/Act_rep_loss |           0.018 |
|                                   SAC/Alpha |         0.00745 |
|                              SAC/LogPi_mean |           0.998 |
|                                 SAC/Q1_mean |            97.6 |
|                                 SAC/Q2_mean |            97.6 |
|                            Norm/actor_model |             141 |
|                           Norm/critic_model |             182 |
|              Norm/state_action_metric_model |            65.2 |
|                     Norm/state_metric_model |              67 |
|        Norm/state_action_state_metric_model |            64.1 |
|                  Metric/self_state_distance |         0.00024 |
|                 Metric/cross_state_distance |           0.948 |
|           Metric/self_state_action_distance |         0.00041 |
|          Metric/cross_state_action_distance |           0.939 |
|             Metric/avg_self_state_asymmetry |               0 |
|            Metric/avg_cross_state_asymmetry |        0.000842 |
|                Metric/avg_self_sa_asymmetry |               0 |
|               Metric/avg_cross_sa_asymmetry |         0.00153 |
|  Metric/self_state_action_to_state_distance |        6.06e-05 |
| Metric/cross_state_action_to_state_distance |           0.937 |
|                   Metric/h_lambda_diff_self |        0.000412 |
|                  Metric/h_lambda_diff_cross |         0.00222 |
|                                 Eval/Return |             969 |
-----------------------------------------------------------------
-----------------------------------------------------------------
|                                 Train/Steps |        2.06e+06 |
|                            Loss/Loss_critic |           0.117 |
|                             Loss/Loss_actor |           -98.4 |
|                             Loss/Loss_alpha |        0.000282 |
|               Loss/Loss_state_action_metric |         0.00278 |
|                      Loss/Loss_state_metric |          0.0017 |
|             Loss/Loss_state_action_to_state |           2e-05 |
|                           Loss/Act_rep_loss |          0.0237 |
|                                   SAC/Alpha |         0.00764 |
|                              SAC/LogPi_mean |            0.98 |
|                                 SAC/Q1_mean |            98.4 |
|                                 SAC/Q2_mean |            98.4 |
|                            Norm/actor_model |             145 |
|                           Norm/critic_model |             185 |
|              Norm/state_action_metric_model |            67.2 |
|                     Norm/state_metric_model |            69.5 |
|        Norm/state_action_state_metric_model |            66.3 |
|                  Metric/self_state_distance |        5.24e-05 |
|                 Metric/cross_state_distance |           0.947 |
|           Metric/self_state_action_distance |        0.000526 |
|          Metric/cross_state_action_distance |           0.935 |
|             Metric/avg_self_state_asymmetry |               0 |
|            Metric/avg_cross_state_asymmetry |         0.00135 |
|                Metric/avg_self_sa_asymmetry |               0 |
|               Metric/avg_cross_sa_asymmetry |         0.00186 |
|  Metric/self_state_action_to_state_distance |        4.23e-05 |
| Metric/cross_state_action_to_state_distance |           0.935 |
|                   Metric/h_lambda_diff_self |         0.00049 |
|                  Metric/h_lambda_diff_cross |         0.00235 |
|                                 Eval/Return |             962 |
-----------------------------------------------------------------
[32mSaving model …[0m
[32mDone.[0m
[32mSaving model …[0m
[32mDone.[0m
[32mSaving model …[0m
[32mDone.[0m
[32mSaving model …[0m
[32mDone.[0m
-----------------------------------------------------------------
|                                 Train/Steps |        2.18e+06 |
|                            Loss/Loss_critic |          0.0944 |
|                             Loss/Loss_actor |           -97.2 |
|                             Loss/Loss_alpha |       -0.000118 |
|               Loss/Loss_state_action_metric |         0.00524 |
|                      Loss/Loss_state_metric |         0.00189 |
|             Loss/Loss_state_action_to_state |        2.18e-05 |
|                           Loss/Act_rep_loss |           0.029 |
|                                   SAC/Alpha |         0.00713 |
|                              SAC/LogPi_mean |             1.1 |
|                                 SAC/Q1_mean |            97.1 |
|                                 SAC/Q2_mean |            97.1 |
|                            Norm/actor_model |             149 |
|                           Norm/critic_model |             189 |
|              Norm/state_action_metric_model |            69.5 |
|                     Norm/state_metric_model |            71.3 |
|        Norm/state_action_state_metric_model |            68.4 |
|                  Metric/self_state_distance |        6.99e-05 |
|                 Metric/cross_state_distance |           0.957 |
|           Metric/self_state_action_distance |         0.00126 |
|          Metric/cross_state_action_distance |           0.944 |
|             Metric/avg_self_state_asymmetry |               0 |
|            Metric/avg_cross_state_asymmetry |         0.00127 |
|                Metric/avg_self_sa_asymmetry |               0 |
|               Metric/avg_cross_sa_asymmetry |         0.00182 |
|  Metric/self_state_action_to_state_distance |        5.35e-05 |
| Metric/cross_state_action_to_state_distance |           0.944 |
|                   Metric/h_lambda_diff_self |         0.00122 |
|                  Metric/h_lambda_diff_cross |         0.00235 |
|                                 Eval/Return |             933 |
-----------------------------------------------------------------
-----------------------------------------------------------------
|                                 Train/Steps |        2.31e+06 |
|                            Loss/Loss_critic |           0.111 |
|                             Loss/Loss_actor |           -98.4 |
|                             Loss/Loss_alpha |        -0.00174 |
|               Loss/Loss_state_action_metric |         0.00436 |
|                      Loss/Loss_state_metric |         0.00206 |
|             Loss/Loss_state_action_to_state |           9e-06 |
|                           Loss/Act_rep_loss |          0.0219 |
|                                   SAC/Alpha |         0.00744 |
|                              SAC/LogPi_mean |            1.15 |
|                                 SAC/Q1_mean |            98.5 |
|                                 SAC/Q2_mean |            98.5 |
|                            Norm/actor_model |             152 |
|                           Norm/critic_model |             193 |
|              Norm/state_action_metric_model |            71.5 |
|                     Norm/state_metric_model |            73.2 |
|        Norm/state_action_state_metric_model |              70 |
|                  Metric/self_state_distance |        0.000534 |
|                 Metric/cross_state_distance |           0.936 |
|           Metric/self_state_action_distance |        0.000186 |
|          Metric/cross_state_action_distance |           0.925 |
|             Metric/avg_self_state_asymmetry |               0 |
|            Metric/avg_cross_state_asymmetry |         0.00123 |
|                Metric/avg_self_sa_asymmetry |               0 |
|               Metric/avg_cross_sa_asymmetry |         0.00137 |
|  Metric/self_state_action_to_state_distance |        6.23e-05 |
| Metric/cross_state_action_to_state_distance |           0.925 |
|                   Metric/h_lambda_diff_self |        0.000227 |
|                  Metric/h_lambda_diff_cross |         0.00172 |
|                                 Eval/Return |             945 |
-----------------------------------------------------------------
-----------------------------------------------------------------
|                                 Train/Steps |        2.44e+06 |
|                            Loss/Loss_critic |           0.113 |
|                             Loss/Loss_actor |           -97.7 |
|                             Loss/Loss_alpha |        -0.00181 |
|               Loss/Loss_state_action_metric |         0.00397 |
|                      Loss/Loss_state_metric |         0.00223 |
|             Loss/Loss_state_action_to_state |        0.000175 |
|                           Loss/Act_rep_loss |          0.0223 |
|                                   SAC/Alpha |         0.00747 |
|                              SAC/LogPi_mean |             1.3 |
|                                 SAC/Q1_mean |            97.7 |
|                                 SAC/Q2_mean |            97.6 |
|                            Norm/actor_model |             156 |
|                           Norm/critic_model |             196 |
|              Norm/state_action_metric_model |            73.3 |
|                     Norm/state_metric_model |            74.6 |
|        Norm/state_action_state_metric_model |            71.6 |
|                  Metric/self_state_distance |        5.91e-05 |
|                 Metric/cross_state_distance |           0.949 |
|           Metric/self_state_action_distance |        0.000193 |
|          Metric/cross_state_action_distance |           0.937 |
|             Metric/avg_self_state_asymmetry |               0 |
|            Metric/avg_cross_state_asymmetry |         0.00146 |
|                Metric/avg_self_sa_asymmetry |               0 |
|               Metric/avg_cross_sa_asymmetry |         0.00264 |
|  Metric/self_state_action_to_state_distance |        8.13e-05 |
| Metric/cross_state_action_to_state_distance |           0.938 |
|                   Metric/h_lambda_diff_self |        0.000178 |
|                  Metric/h_lambda_diff_cross |         0.00255 |
|                                 Eval/Return |             969 |
-----------------------------------------------------------------
-----------------------------------------------------------------
|                                 Train/Steps |        2.57e+06 |
|                            Loss/Loss_critic |          0.0915 |
|                             Loss/Loss_actor |           -98.3 |
|                             Loss/Loss_alpha |        -0.00112 |
|               Loss/Loss_state_action_metric |         0.00316 |
|                      Loss/Loss_state_metric |         0.00248 |
|             Loss/Loss_state_action_to_state |        1.49e-05 |
|                           Loss/Act_rep_loss |          0.0165 |
|                                   SAC/Alpha |         0.00687 |
|                              SAC/LogPi_mean |            1.08 |
|                                 SAC/Q1_mean |            98.3 |
|                                 SAC/Q2_mean |            98.3 |
|                            Norm/actor_model |             159 |
|                           Norm/critic_model |             199 |
|              Norm/state_action_metric_model |            75.4 |
|                     Norm/state_metric_model |            77.3 |
|        Norm/state_action_state_metric_model |            73.8 |
|                  Metric/self_state_distance |        0.000113 |
|                 Metric/cross_state_distance |           0.941 |
|           Metric/self_state_action_distance |        0.000197 |
|          Metric/cross_state_action_distance |           0.928 |
|             Metric/avg_self_state_asymmetry |               0 |
|            Metric/avg_cross_state_asymmetry |         0.00113 |
|                Metric/avg_self_sa_asymmetry |               0 |
|               Metric/avg_cross_sa_asymmetry |         0.00143 |
|  Metric/self_state_action_to_state_distance |        3.61e-05 |
| Metric/cross_state_action_to_state_distance |           0.928 |
|                   Metric/h_lambda_diff_self |        0.000219 |
|                  Metric/h_lambda_diff_cross |         0.00186 |
|                                 Eval/Return |             959 |
-----------------------------------------------------------------
-----------------------------------------------------------------
|                                 Train/Steps |         2.7e+06 |
|                            Loss/Loss_critic |           0.119 |
|                             Loss/Loss_actor |           -97.5 |
|                             Loss/Loss_alpha |        -0.00167 |
|               Loss/Loss_state_action_metric |         0.00467 |
|                      Loss/Loss_state_metric |          0.0034 |
|             Loss/Loss_state_action_to_state |        2.64e-05 |
|                           Loss/Act_rep_loss |          0.0223 |
|                                   SAC/Alpha |         0.00594 |
|                              SAC/LogPi_mean |            1.32 |
|                                 SAC/Q1_mean |            97.5 |
|                                 SAC/Q2_mean |            97.6 |
|                            Norm/actor_model |             162 |
|                           Norm/critic_model |             203 |
|              Norm/state_action_metric_model |            77.4 |
|                     Norm/state_metric_model |            79.2 |
|        Norm/state_action_state_metric_model |            76.2 |
|                  Metric/self_state_distance |        0.000115 |
|                 Metric/cross_state_distance |           0.945 |
|           Metric/self_state_action_distance |        0.000698 |
|          Metric/cross_state_action_distance |           0.932 |
|             Metric/avg_self_state_asymmetry |               0 |
|            Metric/avg_cross_state_asymmetry |         0.00131 |
|                Metric/avg_self_sa_asymmetry |               0 |
|               Metric/avg_cross_sa_asymmetry |         0.00159 |
|  Metric/self_state_action_to_state_distance |        0.000131 |
| Metric/cross_state_action_to_state_distance |           0.934 |
|                   Metric/h_lambda_diff_self |        0.000744 |
|                  Metric/h_lambda_diff_cross |         0.00343 |
|                                 Eval/Return |             952 |
-----------------------------------------------------------------
-----------------------------------------------------------------
|                                 Train/Steps |        2.82e+06 |
|                            Loss/Loss_critic |          0.0782 |
|                             Loss/Loss_actor |           -98.3 |
|                             Loss/Loss_alpha |         0.00115 |
|               Loss/Loss_state_action_metric |         0.00244 |
|                      Loss/Loss_state_metric |         0.00172 |
|             Loss/Loss_state_action_to_state |        1.12e-05 |
|                           Loss/Act_rep_loss |          0.0257 |
|                                   SAC/Alpha |         0.00569 |
|                              SAC/LogPi_mean |            0.92 |
|                                 SAC/Q1_mean |            98.3 |
|                                 SAC/Q2_mean |            98.3 |
|                            Norm/actor_model |             165 |
|                           Norm/critic_model |             206 |
|              Norm/state_action_metric_model |            79.2 |
|                     Norm/state_metric_model |            80.8 |
|        Norm/state_action_state_metric_model |            78.4 |
|                  Metric/self_state_distance |         0.00108 |
|                 Metric/cross_state_distance |           0.939 |
|           Metric/self_state_action_distance |        0.000221 |
|          Metric/cross_state_action_distance |           0.927 |
|             Metric/avg_self_state_asymmetry |               0 |
|            Metric/avg_cross_state_asymmetry |         0.00172 |
|                Metric/avg_self_sa_asymmetry |               0 |
|               Metric/avg_cross_sa_asymmetry |         0.00146 |
|  Metric/self_state_action_to_state_distance |         6.2e-05 |
| Metric/cross_state_action_to_state_distance |           0.927 |
|                   Metric/h_lambda_diff_self |          0.0002 |
|                  Metric/h_lambda_diff_cross |         0.00164 |
|                                 Eval/Return |             976 |
-----------------------------------------------------------------
-----------------------------------------------------------------
|                                 Train/Steps |        2.95e+06 |
|                            Loss/Loss_critic |          0.0696 |
|                             Loss/Loss_actor |           -98.9 |
|                             Loss/Loss_alpha |        0.000607 |
|               Loss/Loss_state_action_metric |         0.00263 |
|                      Loss/Loss_state_metric |         0.00157 |
|             Loss/Loss_state_action_to_state |        9.55e-06 |
|                           Loss/Act_rep_loss |           0.024 |
|                                   SAC/Alpha |         0.00605 |
|                              SAC/LogPi_mean |           0.828 |
|                                 SAC/Q1_mean |            98.8 |
|                                 SAC/Q2_mean |            98.8 |
|                            Norm/actor_model |             168 |
|                           Norm/critic_model |             209 |
|              Norm/state_action_metric_model |            81.4 |
|                     Norm/state_metric_model |            82.5 |
|        Norm/state_action_state_metric_model |            79.6 |
|                  Metric/self_state_distance |        6.62e-05 |
|                 Metric/cross_state_distance |           0.938 |
|           Metric/self_state_action_distance |        0.000273 |
|          Metric/cross_state_action_distance |           0.925 |
|             Metric/avg_self_state_asymmetry |               0 |
|            Metric/avg_cross_state_asymmetry |          0.0012 |
|                Metric/avg_self_sa_asymmetry |               0 |
|               Metric/avg_cross_sa_asymmetry |         0.00147 |
|  Metric/self_state_action_to_state_distance |        9.74e-06 |
| Metric/cross_state_action_to_state_distance |           0.923 |
|                   Metric/h_lambda_diff_self |        0.000275 |
|                  Metric/h_lambda_diff_cross |         0.00296 |
|                                 Eval/Return |             951 |
-----------------------------------------------------------------
-----------------------------------------------------------------
|                                 Train/Steps |        3.08e+06 |
|                            Loss/Loss_critic |          0.0794 |
|                             Loss/Loss_actor |           -98.7 |
|                             Loss/Loss_alpha |       -0.000163 |
|               Loss/Loss_state_action_metric |         0.00402 |
|                      Loss/Loss_state_metric |         0.00242 |
|             Loss/Loss_state_action_to_state |        1.46e-05 |
|                           Loss/Act_rep_loss |          0.0163 |
|                                   SAC/Alpha |         0.00567 |
|                              SAC/LogPi_mean |            1.18 |
|                                 SAC/Q1_mean |            98.8 |
|                                 SAC/Q2_mean |            98.7 |
|                            Norm/actor_model |             171 |
|                           Norm/critic_model |             212 |
|              Norm/state_action_metric_model |            83.2 |
|                     Norm/state_metric_model |            84.3 |
|        Norm/state_action_state_metric_model |            81.8 |
|                  Metric/self_state_distance |        0.000652 |
|                 Metric/cross_state_distance |           0.939 |
|           Metric/self_state_action_distance |        0.000642 |
|          Metric/cross_state_action_distance |           0.926 |
|             Metric/avg_self_state_asymmetry |               0 |
|            Metric/avg_cross_state_asymmetry |         0.00125 |
|                Metric/avg_self_sa_asymmetry |               0 |
|               Metric/avg_cross_sa_asymmetry |         0.00156 |
|  Metric/self_state_action_to_state_distance |         3.8e-05 |
| Metric/cross_state_action_to_state_distance |           0.925 |
|                   Metric/h_lambda_diff_self |        0.000657 |
|                  Metric/h_lambda_diff_cross |         0.00189 |
|                                 Eval/Return |             952 |
-----------------------------------------------------------------
[32mSaving model …[0m
[32mDone.[0m
[32mSaving model …[0m
[32mDone.[0m
[32mSaving model …[0m
[32mDone.[0m
[32mSaving model …[0m
[32mDone.[0m
-----------------------------------------------------------------
|                                 Train/Steps |        3.21e+06 |
|                            Loss/Loss_critic |          0.0988 |
|                             Loss/Loss_actor |             -98 |
|                             Loss/Loss_alpha |       -7.46e-05 |
|               Loss/Loss_state_action_metric |         0.00325 |
|                      Loss/Loss_state_metric |         0.00252 |
|             Loss/Loss_state_action_to_state |        1.06e-05 |
|                           Loss/Act_rep_loss |          0.0156 |
|                                   SAC/Alpha |         0.00499 |
|                              SAC/LogPi_mean |            1.03 |
|                                 SAC/Q1_mean |              98 |
|                                 SAC/Q2_mean |              98 |
|                            Norm/actor_model |             174 |
|                           Norm/critic_model |             215 |
|              Norm/state_action_metric_model |            85.1 |
|                     Norm/state_metric_model |            85.5 |
|        Norm/state_action_state_metric_model |            82.9 |
|                  Metric/self_state_distance |        0.000216 |
|                 Metric/cross_state_distance |           0.943 |
|           Metric/self_state_action_distance |         0.00048 |
|          Metric/cross_state_action_distance |           0.931 |
|             Metric/avg_self_state_asymmetry |               0 |
|            Metric/avg_cross_state_asymmetry |         0.00123 |
|                Metric/avg_self_sa_asymmetry |               0 |
|               Metric/avg_cross_sa_asymmetry |         0.00149 |
|  Metric/self_state_action_to_state_distance |        6.77e-05 |
| Metric/cross_state_action_to_state_distance |           0.931 |
|                   Metric/h_lambda_diff_self |        0.000479 |
|                  Metric/h_lambda_diff_cross |         0.00173 |
|                                 Eval/Return |             946 |
-----------------------------------------------------------------
-----------------------------------------------------------------
|                                 Train/Steps |        3.34e+06 |
|                            Loss/Loss_critic |          0.0712 |
|                             Loss/Loss_actor |           -98.5 |
|                             Loss/Loss_alpha |        3.68e-06 |
|               Loss/Loss_state_action_metric |         0.00263 |
|                      Loss/Loss_state_metric |         0.00163 |
|             Loss/Loss_state_action_to_state |        6.56e-06 |
|                           Loss/Act_rep_loss |          0.0144 |
|                                   SAC/Alpha |         0.00511 |
|                              SAC/LogPi_mean |           0.985 |
|                                 SAC/Q1_mean |            98.7 |
|                                 SAC/Q2_mean |            98.5 |
|                            Norm/actor_model |             176 |
|                           Norm/critic_model |             218 |
|              Norm/state_action_metric_model |            86.8 |
|                     Norm/state_metric_model |            87.4 |
|        Norm/state_action_state_metric_model |              85 |
|                  Metric/self_state_distance |         2.4e-05 |
|                 Metric/cross_state_distance |           0.938 |
|           Metric/self_state_action_distance |        5.11e-05 |
|          Metric/cross_state_action_distance |           0.924 |
|             Metric/avg_self_state_asymmetry |               0 |
|            Metric/avg_cross_state_asymmetry |        0.000943 |
|                Metric/avg_self_sa_asymmetry |               0 |
|               Metric/avg_cross_sa_asymmetry |          0.0012 |
|  Metric/self_state_action_to_state_distance |           4e-05 |
| Metric/cross_state_action_to_state_distance |           0.924 |
|                   Metric/h_lambda_diff_self |        6.89e-05 |
|                  Metric/h_lambda_diff_cross |         0.00132 |
|                                 Eval/Return |             960 |
-----------------------------------------------------------------
-----------------------------------------------------------------
|                                 Train/Steps |        3.46e+06 |
|                            Loss/Loss_critic |           0.107 |
|                             Loss/Loss_actor |           -98.6 |
|                             Loss/Loss_alpha |        -0.00163 |
|               Loss/Loss_state_action_metric |         0.00362 |
|                      Loss/Loss_state_metric |         0.00211 |
|             Loss/Loss_state_action_to_state |        1.58e-05 |
|                           Loss/Act_rep_loss |          0.0148 |
|                                   SAC/Alpha |         0.00567 |
|                              SAC/LogPi_mean |            1.31 |
|                                 SAC/Q1_mean |            98.6 |
|                                 SAC/Q2_mean |            98.5 |
|                            Norm/actor_model |             179 |
|                           Norm/critic_model |             222 |
|              Norm/state_action_metric_model |            88.9 |
|                     Norm/state_metric_model |            88.8 |
|        Norm/state_action_state_metric_model |            86.5 |
|                  Metric/self_state_distance |        0.000104 |
|                 Metric/cross_state_distance |           0.942 |
|           Metric/self_state_action_distance |        0.000328 |
|          Metric/cross_state_action_distance |           0.929 |
|             Metric/avg_self_state_asymmetry |               0 |
|            Metric/avg_cross_state_asymmetry |         0.00183 |
|                Metric/avg_self_sa_asymmetry |               0 |
|               Metric/avg_cross_sa_asymmetry |         0.00169 |
|  Metric/self_state_action_to_state_distance |        8.55e-06 |
| Metric/cross_state_action_to_state_distance |           0.931 |
|                   Metric/h_lambda_diff_self |        0.000322 |
|                  Metric/h_lambda_diff_cross |         0.00283 |
|                                 Eval/Return |             961 |
-----------------------------------------------------------------
-----------------------------------------------------------------
|                                 Train/Steps |        3.59e+06 |
|                            Loss/Loss_critic |           0.094 |
|                             Loss/Loss_actor |           -98.9 |
|                             Loss/Loss_alpha |        -7.1e-06 |
|               Loss/Loss_state_action_metric |         0.00351 |
|                      Loss/Loss_state_metric |         0.00162 |
|             Loss/Loss_state_action_to_state |        1.03e-05 |
|                           Loss/Act_rep_loss |           0.016 |
|                                   SAC/Alpha |         0.00488 |
|                              SAC/LogPi_mean |           0.943 |
|                                 SAC/Q1_mean |            98.9 |
|                                 SAC/Q2_mean |            98.8 |
|                            Norm/actor_model |             181 |
|                           Norm/critic_model |             225 |
|              Norm/state_action_metric_model |            90.9 |
|                     Norm/state_metric_model |            90.8 |
|        Norm/state_action_state_metric_model |            88.3 |
|                  Metric/self_state_distance |        0.000247 |
|                 Metric/cross_state_distance |           0.939 |
|           Metric/self_state_action_distance |        0.000259 |
|          Metric/cross_state_action_distance |           0.928 |
|             Metric/avg_self_state_asymmetry |               0 |
|            Metric/avg_cross_state_asymmetry |         0.00124 |
|                Metric/avg_self_sa_asymmetry |               0 |
|               Metric/avg_cross_sa_asymmetry |         0.00162 |
|  Metric/self_state_action_to_state_distance |        3.31e-05 |
| Metric/cross_state_action_to_state_distance |           0.927 |
|                   Metric/h_lambda_diff_self |        0.000251 |
|                  Metric/h_lambda_diff_cross |         0.00176 |
|                                 Eval/Return |             954 |
-----------------------------------------------------------------
-----------------------------------------------------------------
|                                 Train/Steps |        3.72e+06 |
|                            Loss/Loss_critic |          0.0686 |
|                             Loss/Loss_actor |           -98.4 |
|                             Loss/Loss_alpha |       -0.000615 |
|               Loss/Loss_state_action_metric |         0.00308 |
|                      Loss/Loss_state_metric |         0.00173 |
|             Loss/Loss_state_action_to_state |        9.16e-06 |
|                           Loss/Act_rep_loss |          0.0162 |
|                                   SAC/Alpha |         0.00429 |
|                              SAC/LogPi_mean |            1.13 |
|                                 SAC/Q1_mean |            98.3 |
|                                 SAC/Q2_mean |            98.4 |
|                            Norm/actor_model |             184 |
|                           Norm/critic_model |             227 |
|              Norm/state_action_metric_model |            92.9 |
|                     Norm/state_metric_model |            92.1 |
|        Norm/state_action_state_metric_model |            90.1 |
|                  Metric/self_state_distance |        3.72e-05 |
|                 Metric/cross_state_distance |           0.945 |
|           Metric/self_state_action_distance |        0.000635 |
|          Metric/cross_state_action_distance |           0.934 |
|             Metric/avg_self_state_asymmetry |               0 |
|            Metric/avg_cross_state_asymmetry |         0.00125 |
|                Metric/avg_self_sa_asymmetry |               0 |
|               Metric/avg_cross_sa_asymmetry |         0.00148 |
|  Metric/self_state_action_to_state_distance |         6.9e-05 |
| Metric/cross_state_action_to_state_distance |           0.932 |
|                   Metric/h_lambda_diff_self |        0.000587 |
|                  Metric/h_lambda_diff_cross |         0.00269 |
|                                 Eval/Return |             939 |
-----------------------------------------------------------------
-----------------------------------------------------------------
|                                 Train/Steps |        3.85e+06 |
|                            Loss/Loss_critic |          0.0636 |
|                             Loss/Loss_actor |           -98.6 |
|                             Loss/Loss_alpha |       -0.000853 |
|               Loss/Loss_state_action_metric |         0.00344 |
|                      Loss/Loss_state_metric |         0.00245 |
|             Loss/Loss_state_action_to_state |        1.26e-05 |
|                           Loss/Act_rep_loss |          0.0167 |
|                                   SAC/Alpha |          0.0052 |
|                              SAC/LogPi_mean |            1.11 |
|                                 SAC/Q1_mean |            98.6 |
|                                 SAC/Q2_mean |            98.6 |
|                            Norm/actor_model |             186 |
|                           Norm/critic_model |             230 |
|              Norm/state_action_metric_model |            94.5 |
|                     Norm/state_metric_model |            93.6 |
|        Norm/state_action_state_metric_model |            91.9 |
|                  Metric/self_state_distance |        0.000461 |
|                 Metric/cross_state_distance |           0.938 |
|           Metric/self_state_action_distance |        0.000195 |
|          Metric/cross_state_action_distance |           0.926 |
|             Metric/avg_self_state_asymmetry |               0 |
|            Metric/avg_cross_state_asymmetry |        0.000879 |
|                Metric/avg_self_sa_asymmetry |               0 |
|               Metric/avg_cross_sa_asymmetry |         0.00129 |
|  Metric/self_state_action_to_state_distance |        1.61e-05 |
| Metric/cross_state_action_to_state_distance |           0.926 |
|                   Metric/h_lambda_diff_self |        0.000185 |
|                  Metric/h_lambda_diff_cross |         0.00166 |
|                                 Eval/Return |             970 |
-----------------------------------------------------------------
-----------------------------------------------------------------
|                                 Train/Steps |        3.98e+06 |
|                            Loss/Loss_critic |           0.027 |
|                             Loss/Loss_actor |           -98.8 |
|                             Loss/Loss_alpha |        0.000703 |
|               Loss/Loss_state_action_metric |         0.00309 |
|                      Loss/Loss_state_metric |         0.00199 |
|             Loss/Loss_state_action_to_state |        8.84e-06 |
|                           Loss/Act_rep_loss |          0.0128 |
|                                   SAC/Alpha |         0.00436 |
|                              SAC/LogPi_mean |           0.886 |
|                                 SAC/Q1_mean |            98.8 |
|                                 SAC/Q2_mean |            98.8 |
|                            Norm/actor_model |             188 |
|                           Norm/critic_model |             233 |
|              Norm/state_action_metric_model |            95.9 |
|                     Norm/state_metric_model |            94.2 |
|        Norm/state_action_state_metric_model |            93.2 |
|                  Metric/self_state_distance |        0.000193 |
|                 Metric/cross_state_distance |           0.935 |
|           Metric/self_state_action_distance |        0.000694 |
|          Metric/cross_state_action_distance |           0.921 |
|             Metric/avg_self_state_asymmetry |               0 |
|            Metric/avg_cross_state_asymmetry |         0.00106 |
|                Metric/avg_self_sa_asymmetry |               0 |
|               Metric/avg_cross_sa_asymmetry |         0.00136 |
|  Metric/self_state_action_to_state_distance |         2.2e-05 |
| Metric/cross_state_action_to_state_distance |            0.92 |
|                   Metric/h_lambda_diff_self |         0.00068 |
|                  Metric/h_lambda_diff_cross |         0.00159 |
|                                 Eval/Return |             972 |
-----------------------------------------------------------------
-----------------------------------------------------------------
|                                 Train/Steps |         4.1e+06 |
|                            Loss/Loss_critic |          0.0417 |
|                             Loss/Loss_actor |           -99.4 |
|                             Loss/Loss_alpha |         0.00114 |
|               Loss/Loss_state_action_metric |         0.00285 |
|                      Loss/Loss_state_metric |         0.00189 |
|             Loss/Loss_state_action_to_state |        6.71e-06 |
|                           Loss/Act_rep_loss |          0.0144 |
|                                   SAC/Alpha |         0.00337 |
|                              SAC/LogPi_mean |           0.564 |
|                                 SAC/Q1_mean |            99.4 |
|                                 SAC/Q2_mean |            99.5 |
|                            Norm/actor_model |             190 |
|                           Norm/critic_model |             235 |
|              Norm/state_action_metric_model |            97.5 |
|                     Norm/state_metric_model |            95.7 |
|        Norm/state_action_state_metric_model |            94.9 |
|                  Metric/self_state_distance |        2.09e-05 |
|                 Metric/cross_state_distance |           0.929 |
|           Metric/self_state_action_distance |        0.000485 |
|          Metric/cross_state_action_distance |           0.912 |
|             Metric/avg_self_state_asymmetry |               0 |
|            Metric/avg_cross_state_asymmetry |         0.00069 |
|                Metric/avg_self_sa_asymmetry |               0 |
|               Metric/avg_cross_sa_asymmetry |         0.00101 |
|  Metric/self_state_action_to_state_distance |        1.15e-05 |
| Metric/cross_state_action_to_state_distance |           0.914 |
|                   Metric/h_lambda_diff_self |        0.000487 |
|                  Metric/h_lambda_diff_cross |         0.00239 |
|                                 Eval/Return |             956 |
-----------------------------------------------------------------
[32mSaving model …[0m
[32mDone.[0m
[32mSaving model …[0m
[32mDone.[0m
[32mSaving model …[0m
[32mDone.[0m
[32mSaving model …[0m
[32mDone.[0m
-----------------------------------------------------------------
|                                 Train/Steps |        4.23e+06 |
|                            Loss/Loss_critic |          0.0248 |
|                             Loss/Loss_actor |           -99.3 |
|                             Loss/Loss_alpha |        0.000213 |
|               Loss/Loss_state_action_metric |         0.00248 |
|                      Loss/Loss_state_metric |         0.00191 |
|             Loss/Loss_state_action_to_state |         4.2e-06 |
|                           Loss/Act_rep_loss |          0.0121 |
|                                   SAC/Alpha |         0.00258 |
|                              SAC/LogPi_mean |           0.923 |
|                                 SAC/Q1_mean |            99.3 |
|                                 SAC/Q2_mean |            99.4 |
|                            Norm/actor_model |             192 |
|                           Norm/critic_model |             237 |
|              Norm/state_action_metric_model |            98.7 |
|                     Norm/state_metric_model |            97.1 |
|        Norm/state_action_state_metric_model |            96.4 |
|                  Metric/self_state_distance |        9.51e-06 |
|                 Metric/cross_state_distance |           0.928 |
|           Metric/self_state_action_distance |        0.000546 |
|          Metric/cross_state_action_distance |           0.914 |
|             Metric/avg_self_state_asymmetry |               0 |
|            Metric/avg_cross_state_asymmetry |        0.000782 |
|                Metric/avg_self_sa_asymmetry |               0 |
|               Metric/avg_cross_sa_asymmetry |           0.001 |
|  Metric/self_state_action_to_state_distance |        5.24e-05 |
| Metric/cross_state_action_to_state_distance |           0.913 |
|                   Metric/h_lambda_diff_self |        0.000568 |
|                  Metric/h_lambda_diff_cross |         0.00138 |
|                                 Eval/Return |             955 |
-----------------------------------------------------------------
-----------------------------------------------------------------
|                                 Train/Steps |        4.36e+06 |
|                            Loss/Loss_critic |          0.0196 |
|                             Loss/Loss_actor |           -99.5 |
|                             Loss/Loss_alpha |        0.000383 |
|               Loss/Loss_state_action_metric |         0.00279 |
|                      Loss/Loss_state_metric |         0.00224 |
|             Loss/Loss_state_action_to_state |        3.27e-06 |
|                           Loss/Act_rep_loss |          0.0126 |
|                                   SAC/Alpha |         0.00226 |
|                              SAC/LogPi_mean |           0.839 |
|                                 SAC/Q1_mean |            99.5 |
|                                 SAC/Q2_mean |            99.5 |
|                            Norm/actor_model |             194 |
|                           Norm/critic_model |             238 |
|              Norm/state_action_metric_model |            99.4 |
|                     Norm/state_metric_model |            98.2 |
|        Norm/state_action_state_metric_model |            97.6 |
|                  Metric/self_state_distance |        7.31e-06 |
|                 Metric/cross_state_distance |           0.924 |
|           Metric/self_state_action_distance |        0.000139 |
|          Metric/cross_state_action_distance |           0.907 |
|             Metric/avg_self_state_asymmetry |               0 |
|            Metric/avg_cross_state_asymmetry |        0.000576 |
|                Metric/avg_self_sa_asymmetry |               0 |
|               Metric/avg_cross_sa_asymmetry |        0.000867 |
|  Metric/self_state_action_to_state_distance |        1.28e-05 |
| Metric/cross_state_action_to_state_distance |           0.909 |
|                   Metric/h_lambda_diff_self |        0.000147 |
|                  Metric/h_lambda_diff_cross |         0.00209 |
|                                 Eval/Return |             946 |
-----------------------------------------------------------------
-----------------------------------------------------------------
|                                 Train/Steps |        4.49e+06 |
|                            Loss/Loss_critic |         0.00909 |
|                             Loss/Loss_actor |           -99.6 |
|                             Loss/Loss_alpha |        0.000268 |
|               Loss/Loss_state_action_metric |         0.00284 |
|                      Loss/Loss_state_metric |         0.00226 |
|             Loss/Loss_state_action_to_state |         3.3e-06 |
|                           Loss/Act_rep_loss |          0.0115 |
|                                   SAC/Alpha |         0.00223 |
|                              SAC/LogPi_mean |           0.853 |
|                                 SAC/Q1_mean |            99.6 |
|                                 SAC/Q2_mean |            99.6 |
|                            Norm/actor_model |             196 |
|                           Norm/critic_model |             240 |
|              Norm/state_action_metric_model |             100 |
|                     Norm/state_metric_model |            99.6 |
|        Norm/state_action_state_metric_model |            98.6 |
|                  Metric/self_state_distance |        1.06e-05 |
|                 Metric/cross_state_distance |           0.923 |
|           Metric/self_state_action_distance |        0.000242 |
|          Metric/cross_state_action_distance |           0.909 |
|             Metric/avg_self_state_asymmetry |               0 |
|            Metric/avg_cross_state_asymmetry |        0.000558 |
|                Metric/avg_self_sa_asymmetry |               0 |
|               Metric/avg_cross_sa_asymmetry |        0.000893 |
|  Metric/self_state_action_to_state_distance |         9.7e-06 |
| Metric/cross_state_action_to_state_distance |           0.908 |
|                   Metric/h_lambda_diff_self |        0.000246 |
|                  Metric/h_lambda_diff_cross |         0.00157 |
|                                 Eval/Return |             911 |
-----------------------------------------------------------------
-----------------------------------------------------------------
|                                 Train/Steps |        4.62e+06 |
|                            Loss/Loss_critic |          0.0233 |
|                             Loss/Loss_actor |           -99.3 |
|                             Loss/Loss_alpha |        0.000103 |
|               Loss/Loss_state_action_metric |         0.00294 |
|                      Loss/Loss_state_metric |         0.00155 |
|             Loss/Loss_state_action_to_state |        3.83e-06 |
|                           Loss/Act_rep_loss |          0.0127 |
|                                   SAC/Alpha |         0.00225 |
|                              SAC/LogPi_mean |            1.08 |
|                                 SAC/Q1_mean |            99.4 |
|                                 SAC/Q2_mean |            99.3 |
|                            Norm/actor_model |             197 |
|                           Norm/critic_model |             242 |
|              Norm/state_action_metric_model |             102 |
|                     Norm/state_metric_model |             101 |
|        Norm/state_action_state_metric_model |            99.7 |
|                  Metric/self_state_distance |        2.57e-05 |
|                 Metric/cross_state_distance |           0.932 |
|           Metric/self_state_action_distance |         0.00041 |
|          Metric/cross_state_action_distance |           0.918 |
|             Metric/avg_self_state_asymmetry |               0 |
|            Metric/avg_cross_state_asymmetry |        0.000593 |
|                Metric/avg_self_sa_asymmetry |               0 |
|               Metric/avg_cross_sa_asymmetry |         0.00105 |
|  Metric/self_state_action_to_state_distance |         2.2e-05 |
| Metric/cross_state_action_to_state_distance |           0.918 |
|                   Metric/h_lambda_diff_self |        0.000413 |
|                  Metric/h_lambda_diff_cross |         0.00114 |
|                                 Eval/Return |             966 |
-----------------------------------------------------------------
-----------------------------------------------------------------
|                                 Train/Steps |        4.74e+06 |
|                            Loss/Loss_critic |          0.0163 |
|                             Loss/Loss_actor |           -99.4 |
|                             Loss/Loss_alpha |       -0.000399 |
|               Loss/Loss_state_action_metric |         0.00296 |
|                      Loss/Loss_state_metric |          0.0015 |
|             Loss/Loss_state_action_to_state |        9.45e-06 |
|                           Loss/Act_rep_loss |          0.0105 |
|                                   SAC/Alpha |         0.00236 |
|                              SAC/LogPi_mean |            1.17 |
|                                 SAC/Q1_mean |            99.5 |
|                                 SAC/Q2_mean |            99.5 |
|                            Norm/actor_model |             199 |
|                           Norm/critic_model |             244 |
|              Norm/state_action_metric_model |             103 |
|                     Norm/state_metric_model |             102 |
|        Norm/state_action_state_metric_model |             101 |
|                  Metric/self_state_distance |        0.000388 |
|                 Metric/cross_state_distance |            0.93 |
|           Metric/self_state_action_distance |        0.000234 |
|          Metric/cross_state_action_distance |           0.915 |
|             Metric/avg_self_state_asymmetry |               0 |
|            Metric/avg_cross_state_asymmetry |        0.000598 |
|                Metric/avg_self_sa_asymmetry |               0 |
|               Metric/avg_cross_sa_asymmetry |        0.000901 |
|  Metric/self_state_action_to_state_distance |        1.27e-05 |
| Metric/cross_state_action_to_state_distance |           0.915 |
|                   Metric/h_lambda_diff_self |         0.00023 |
|                  Metric/h_lambda_diff_cross |         0.00111 |
|                                 Eval/Return |             927 |
-----------------------------------------------------------------
-----------------------------------------------------------------
|                                 Train/Steps |        4.87e+06 |
|                            Loss/Loss_critic |          0.0238 |
|                             Loss/Loss_actor |           -99.4 |
|                             Loss/Loss_alpha |       -0.000287 |
|               Loss/Loss_state_action_metric |         0.00208 |
|                      Loss/Loss_state_metric |          0.0015 |
|             Loss/Loss_state_action_to_state |        1.08e-05 |
|                           Loss/Act_rep_loss |           0.014 |
|                                   SAC/Alpha |         0.00226 |
|                              SAC/LogPi_mean |             1.1 |
|                                 SAC/Q1_mean |            99.5 |
|                                 SAC/Q2_mean |            99.5 |
|                            Norm/actor_model |             201 |
|                           Norm/critic_model |             246 |
|              Norm/state_action_metric_model |             104 |
|                     Norm/state_metric_model |             103 |
|        Norm/state_action_state_metric_model |             102 |
|                  Metric/self_state_distance |        5.19e-05 |
|                 Metric/cross_state_distance |           0.931 |
|           Metric/self_state_action_distance |        0.000284 |
|          Metric/cross_state_action_distance |           0.916 |
|             Metric/avg_self_state_asymmetry |               0 |
|            Metric/avg_cross_state_asymmetry |        0.000594 |
|                Metric/avg_self_sa_asymmetry |               0 |
|               Metric/avg_cross_sa_asymmetry |         0.00112 |
|  Metric/self_state_action_to_state_distance |        2.65e-06 |
| Metric/cross_state_action_to_state_distance |           0.917 |
|                   Metric/h_lambda_diff_self |        0.000281 |
|                  Metric/h_lambda_diff_cross |         0.00227 |
|                                 Eval/Return |             941 |
-----------------------------------------------------------------
-----------------------------------------------------------------
|                                 Train/Steps |           5e+06 |
|                            Loss/Loss_critic |          0.0438 |
|                             Loss/Loss_actor |           -99.4 |
|                             Loss/Loss_alpha |        0.000125 |
|               Loss/Loss_state_action_metric |         0.00345 |
|                      Loss/Loss_state_metric |         0.00192 |
|             Loss/Loss_state_action_to_state |        5.02e-06 |
|                           Loss/Act_rep_loss |          0.0162 |
|                                   SAC/Alpha |         0.00328 |
|                              SAC/LogPi_mean |           0.976 |
|                                 SAC/Q1_mean |            99.5 |
|                                 SAC/Q2_mean |            99.5 |
|                            Norm/actor_model |             202 |
|                           Norm/critic_model |             248 |
|              Norm/state_action_metric_model |             106 |
|                     Norm/state_metric_model |             104 |
|        Norm/state_action_state_metric_model |             104 |
|                  Metric/self_state_distance |        0.000155 |
|                 Metric/cross_state_distance |           0.928 |
|           Metric/self_state_action_distance |        0.000697 |
|          Metric/cross_state_action_distance |           0.914 |
|             Metric/avg_self_state_asymmetry |               0 |
|            Metric/avg_cross_state_asymmetry |        0.000525 |
|                Metric/avg_self_sa_asymmetry |               0 |
|               Metric/avg_cross_sa_asymmetry |          0.0011 |
|  Metric/self_state_action_to_state_distance |         1.5e-05 |
| Metric/cross_state_action_to_state_distance |           0.914 |
|                   Metric/h_lambda_diff_self |        0.000699 |
|                  Metric/h_lambda_diff_cross |         0.00136 |
|                                 Eval/Return |             934 |
-----------------------------------------------------------------
[32mSaving model …[0m
[32mDone.[0m
[32mSaving model …[0m
[32mDone.[0m
