E0924 04:51:04.077595 3329884 cuda_executor.cc:1526] Could not get kernel mode driver version: (INVALID_ARGUMENT: Version does not match the format X.Y.Z)
E0924 04:51:04.086250 3329774 cuda_executor.cc:1526] Could not get kernel mode driver version: (INVALID_ARGUMENT: Version does not match the format X.Y.Z)
[32mStart prefilling replay buffer[0m
[32mStart SAC training[0m
[32m{'log_freq': 1000, 'save_freq': 1000000, 'eval_episode_freq': 10, 'hidden_size': 256, 'lr': 0.001, 'max_grad_norm': 0.0, 'gamma': 0.99, 'update_tau': 0.005, 'train_per_step': 8, 'episode_length': 1000, 'warmup_samples': 8192, 'max_replay_size': 4000000, 'batch_size': 512, 'total_env_steps': 5000000, 'init_temperature': 0.1, 'nstep': 1, 'bootstrap_on_truncation': True, 'rep_lr_scale': 1.5, 'vis_feq': 100000, 'n_vis_frames': 4, 'num_envs': 128, 'grad_steps': 50, 'transfer_freq': 10, 'transfer_steps': 8, 'reward_scaling': 1.0, 'num_eval_envs': 128, 'target_entropy': -3.0}[0m
[32m[nstep] nstep=1 bootstrap_on_truncation=True (discount from the buffer already contains gamma^nstep)[0m
-----------------------------------------------------------------
|                                 Train/Steps |        1.36e+05 |
|                            Loss/Loss_critic |          0.0569 |
|                             Loss/Loss_actor |           -8.28 |
|                             Loss/Loss_alpha |        -0.00548 |
|               Loss/Loss_state_action_metric |        0.000202 |
|                      Loss/Loss_state_metric |         0.00013 |
|             Loss/Loss_state_action_to_state |        1.43e-05 |
|                           Loss/Act_rep_loss |          0.0214 |
|                                   SAC/Alpha |         0.00909 |
|                              SAC/LogPi_mean |            3.66 |
|                                 SAC/Q1_mean |            8.14 |
|                                 SAC/Q2_mean |            8.13 |
|                            Norm/actor_model |            40.5 |
|                           Norm/critic_model |            48.1 |
|              Norm/state_action_metric_model |            31.7 |
|                     Norm/state_metric_model |            31.3 |
|        Norm/state_action_state_metric_model |            31.5 |
|                  Metric/self_state_distance |        0.000631 |
|                 Metric/cross_state_distance |           0.984 |
|           Metric/self_state_action_distance |         0.00132 |
|          Metric/cross_state_action_distance |           0.976 |
|             Metric/avg_self_state_asymmetry |               0 |
|            Metric/avg_cross_state_asymmetry |         0.00184 |
|                Metric/avg_self_sa_asymmetry |               0 |
|               Metric/avg_cross_sa_asymmetry |          0.0024 |
|  Metric/self_state_action_to_state_distance |        0.000801 |
| Metric/cross_state_action_to_state_distance |           0.977 |
|                   Metric/h_lambda_diff_self |         0.00177 |
|                  Metric/h_lambda_diff_cross |         0.00237 |
|                                 Eval/Return |             665 |
-----------------------------------------------------------------
-----------------------------------------------------------------
|                                 Train/Steps |        2.64e+05 |
|                            Loss/Loss_critic |          0.0573 |
|                             Loss/Loss_actor |           -24.4 |
|                             Loss/Loss_alpha |         -0.0049 |
|               Loss/Loss_state_action_metric |        0.000895 |
|                      Loss/Loss_state_metric |        0.000873 |
|             Loss/Loss_state_action_to_state |        3.45e-05 |
|                           Loss/Act_rep_loss |           0.013 |
|                                   SAC/Alpha |         0.00986 |
|                              SAC/LogPi_mean |            3.53 |
|                                 SAC/Q1_mean |            24.3 |
|                                 SAC/Q2_mean |            24.4 |
|                            Norm/actor_model |            53.7 |
|                           Norm/critic_model |            64.5 |
|              Norm/state_action_metric_model |            34.1 |
|                     Norm/state_metric_model |            32.6 |
|        Norm/state_action_state_metric_model |              33 |
|                  Metric/self_state_distance |         0.00145 |
|                 Metric/cross_state_distance |           0.979 |
|           Metric/self_state_action_distance |        0.000179 |
|          Metric/cross_state_action_distance |           0.979 |
|             Metric/avg_self_state_asymmetry |               0 |
|            Metric/avg_cross_state_asymmetry |         0.00162 |
|                Metric/avg_self_sa_asymmetry |               0 |
|               Metric/avg_cross_sa_asymmetry |         0.00117 |
|  Metric/self_state_action_to_state_distance |        0.000525 |
| Metric/cross_state_action_to_state_distance |           0.975 |
|                   Metric/h_lambda_diff_self |        0.000669 |
|                  Metric/h_lambda_diff_cross |         0.00406 |
|                                 Eval/Return |             820 |
-----------------------------------------------------------------
-----------------------------------------------------------------
|                                 Train/Steps |        3.92e+05 |
|                            Loss/Loss_critic |          0.0601 |
|                             Loss/Loss_actor |           -33.3 |
|                             Loss/Loss_alpha |        -0.00446 |
|               Loss/Loss_state_action_metric |        0.000528 |
|                      Loss/Loss_state_metric |        0.000478 |
|             Loss/Loss_state_action_to_state |        2.05e-06 |
|                           Loss/Act_rep_loss |           0.014 |
|                                   SAC/Alpha |          0.0097 |
|                              SAC/LogPi_mean |            3.31 |
|                                 SAC/Q1_mean |            33.3 |
|                                 SAC/Q2_mean |            33.3 |
|                            Norm/actor_model |            62.2 |
|                           Norm/critic_model |            74.8 |
|              Norm/state_action_metric_model |            36.1 |
|                     Norm/state_metric_model |            34.9 |
|        Norm/state_action_state_metric_model |            34.8 |
|                  Metric/self_state_distance |        7.15e-05 |
|                 Metric/cross_state_distance |           0.983 |
|           Metric/self_state_action_distance |        0.000699 |
|          Metric/cross_state_action_distance |            0.98 |
|             Metric/avg_self_state_asymmetry |               0 |
|            Metric/avg_cross_state_asymmetry |        0.000942 |
|                Metric/avg_self_sa_asymmetry |               0 |
|               Metric/avg_cross_sa_asymmetry |         0.00109 |
|  Metric/self_state_action_to_state_distance |         5.7e-05 |
| Metric/cross_state_action_to_state_distance |            0.98 |
|                   Metric/h_lambda_diff_self |        0.000653 |
|                  Metric/h_lambda_diff_cross |         0.00113 |
|                                 Eval/Return |             846 |
-----------------------------------------------------------------
-----------------------------------------------------------------
|                                 Train/Steps |         5.2e+05 |
|                            Loss/Loss_critic |          0.0899 |
|                             Loss/Loss_actor |           -50.1 |
|                             Loss/Loss_alpha |       -0.000505 |
|               Loss/Loss_state_action_metric |         0.00128 |
|                      Loss/Loss_state_metric |         0.00125 |
|             Loss/Loss_state_action_to_state |        1.86e-06 |
|                           Loss/Act_rep_loss |          0.0125 |
|                                   SAC/Alpha |          0.0121 |
|                              SAC/LogPi_mean |               3 |
|                                 SAC/Q1_mean |            49.9 |
|                                 SAC/Q2_mean |            50.1 |
|                            Norm/actor_model |            67.4 |
|                           Norm/critic_model |            82.1 |
|              Norm/state_action_metric_model |            38.5 |
|                     Norm/state_metric_model |            37.4 |
|        Norm/state_action_state_metric_model |            36.9 |
|                  Metric/self_state_distance |        0.000364 |
|                 Metric/cross_state_distance |           0.981 |
|           Metric/self_state_action_distance |         0.00105 |
|          Metric/cross_state_action_distance |           0.978 |
|             Metric/avg_self_state_asymmetry |               0 |
|            Metric/avg_cross_state_asymmetry |        0.000828 |
|                Metric/avg_self_sa_asymmetry |               0 |
|               Metric/avg_cross_sa_asymmetry |        0.000839 |
|  Metric/self_state_action_to_state_distance |        0.000329 |
| Metric/cross_state_action_to_state_distance |           0.978 |
|                   Metric/h_lambda_diff_self |         0.00126 |
|                  Metric/h_lambda_diff_cross |        0.000962 |
|                                 Eval/Return |             805 |
-----------------------------------------------------------------
-----------------------------------------------------------------
|                                 Train/Steps |        6.48e+05 |
|                            Loss/Loss_critic |          0.0661 |
|                             Loss/Loss_actor |           -61.1 |
|                             Loss/Loss_alpha |         0.00156 |
|               Loss/Loss_state_action_metric |        0.000166 |
|                      Loss/Loss_state_metric |         9.3e-05 |
|             Loss/Loss_state_action_to_state |        1.22e-05 |
|                           Loss/Act_rep_loss |          0.0134 |
|                                   SAC/Alpha |         0.00838 |
|                              SAC/LogPi_mean |            2.92 |
|                                 SAC/Q1_mean |            61.1 |
|                                 SAC/Q2_mean |            61.2 |
|                            Norm/actor_model |              73 |
|                           Norm/critic_model |            87.5 |
|              Norm/state_action_metric_model |            41.3 |
|                     Norm/state_metric_model |            38.8 |
|        Norm/state_action_state_metric_model |            39.4 |
|                  Metric/self_state_distance |        0.000395 |
|                 Metric/cross_state_distance |           0.987 |
|           Metric/self_state_action_distance |         0.00234 |
|          Metric/cross_state_action_distance |           0.984 |
|             Metric/avg_self_state_asymmetry |               0 |
|            Metric/avg_cross_state_asymmetry |         0.00116 |
|                Metric/avg_self_sa_asymmetry |               0 |
|               Metric/avg_cross_sa_asymmetry |         0.00104 |
|  Metric/self_state_action_to_state_distance |        8.26e-05 |
| Metric/cross_state_action_to_state_distance |           0.984 |
|                   Metric/h_lambda_diff_self |         0.00226 |
|                  Metric/h_lambda_diff_cross |         0.00179 |
|                                 Eval/Return |             748 |
-----------------------------------------------------------------
-----------------------------------------------------------------
|                                 Train/Steps |        7.76e+05 |
|                            Loss/Loss_critic |          0.0977 |
|                             Loss/Loss_actor |           -66.4 |
|                             Loss/Loss_alpha |       -0.000847 |
|               Loss/Loss_state_action_metric |        0.000151 |
|                      Loss/Loss_state_metric |        9.91e-05 |
|             Loss/Loss_state_action_to_state |        2.89e-06 |
|                           Loss/Act_rep_loss |          0.0153 |
|                                   SAC/Alpha |         0.00826 |
|                              SAC/LogPi_mean |            3.11 |
|                                 SAC/Q1_mean |            66.4 |
|                                 SAC/Q2_mean |            66.4 |
|                            Norm/actor_model |              78 |
|                           Norm/critic_model |            92.9 |
|              Norm/state_action_metric_model |            43.3 |
|                     Norm/state_metric_model |            41.4 |
|        Norm/state_action_state_metric_model |            41.4 |
|                  Metric/self_state_distance |         8.4e-05 |
|                 Metric/cross_state_distance |           0.984 |
|           Metric/self_state_action_distance |         0.00146 |
|          Metric/cross_state_action_distance |           0.981 |
|             Metric/avg_self_state_asymmetry |               0 |
|            Metric/avg_cross_state_asymmetry |         0.00079 |
|                Metric/avg_self_sa_asymmetry |               0 |
|               Metric/avg_cross_sa_asymmetry |        0.000922 |
|  Metric/self_state_action_to_state_distance |        0.000299 |
| Metric/cross_state_action_to_state_distance |            0.98 |
|                   Metric/h_lambda_diff_self |         0.00144 |
|                  Metric/h_lambda_diff_cross |         0.00162 |
|                                 Eval/Return |             969 |
-----------------------------------------------------------------
-----------------------------------------------------------------
|                                 Train/Steps |        9.04e+05 |
|                            Loss/Loss_critic |           0.133 |
|                             Loss/Loss_actor |           -73.8 |
|                             Loss/Loss_alpha |         -0.0004 |
|               Loss/Loss_state_action_metric |        0.000545 |
|                      Loss/Loss_state_metric |        0.000503 |
|             Loss/Loss_state_action_to_state |        1.52e-06 |
|                           Loss/Act_rep_loss |          0.0155 |
|                                   SAC/Alpha |          0.0095 |
|                              SAC/LogPi_mean |            3.18 |
|                                 SAC/Q1_mean |            73.8 |
|                                 SAC/Q2_mean |            73.8 |
|                            Norm/actor_model |            82.6 |
|                           Norm/critic_model |            98.2 |
|              Norm/state_action_metric_model |            45.9 |
|                     Norm/state_metric_model |            43.9 |
|        Norm/state_action_state_metric_model |            43.6 |
|                  Metric/self_state_distance |        2.07e-05 |
|                 Metric/cross_state_distance |            0.98 |
|           Metric/self_state_action_distance |         0.00183 |
|          Metric/cross_state_action_distance |           0.977 |
|             Metric/avg_self_state_asymmetry |               0 |
|            Metric/avg_cross_state_asymmetry |        0.000757 |
|                Metric/avg_self_sa_asymmetry |               0 |
|               Metric/avg_cross_sa_asymmetry |        0.000932 |
|  Metric/self_state_action_to_state_distance |        2.85e-05 |
| Metric/cross_state_action_to_state_distance |           0.976 |
|                   Metric/h_lambda_diff_self |         0.00181 |
|                  Metric/h_lambda_diff_cross |        0.000978 |
|                                 Eval/Return |             971 |
-----------------------------------------------------------------
-----------------------------------------------------------------
|                                 Train/Steps |        1.03e+06 |
|                            Loss/Loss_critic |          0.0856 |
|                             Loss/Loss_actor |             -78 |
|                             Loss/Loss_alpha |        -0.00403 |
|               Loss/Loss_state_action_metric |        0.000165 |
|                      Loss/Loss_state_metric |        0.000122 |
|             Loss/Loss_state_action_to_state |        1.28e-06 |
|                           Loss/Act_rep_loss |          0.0183 |
|                                   SAC/Alpha |         0.00871 |
|                              SAC/LogPi_mean |            3.55 |
|                                 SAC/Q1_mean |            77.9 |
|                                 SAC/Q2_mean |            77.9 |
|                            Norm/actor_model |            86.7 |
|                           Norm/critic_model |             103 |
|              Norm/state_action_metric_model |            48.3 |
|                     Norm/state_metric_model |            46.4 |
|        Norm/state_action_state_metric_model |              46 |
|                  Metric/self_state_distance |        0.000716 |
|                 Metric/cross_state_distance |           0.981 |
|           Metric/self_state_action_distance |          0.0015 |
|          Metric/cross_state_action_distance |           0.978 |
|             Metric/avg_self_state_asymmetry |               0 |
|            Metric/avg_cross_state_asymmetry |        0.000588 |
|                Metric/avg_self_sa_asymmetry |               0 |
|               Metric/avg_cross_sa_asymmetry |        0.000749 |
|  Metric/self_state_action_to_state_distance |        4.46e-05 |
| Metric/cross_state_action_to_state_distance |           0.978 |
|                   Metric/h_lambda_diff_self |         0.00146 |
|                  Metric/h_lambda_diff_cross |         0.00088 |
|                                 Eval/Return |             971 |
-----------------------------------------------------------------
[32mSaving model …[0m
[32mDone.[0m
[32mSaving model …[0m
[32mDone.[0m
-----------------------------------------------------------------
|                                 Train/Steps |        1.16e+06 |
|                            Loss/Loss_critic |          0.0506 |
|                             Loss/Loss_actor |           -82.8 |
|                             Loss/Loss_alpha |        0.000373 |
|               Loss/Loss_state_action_metric |        0.000574 |
|                      Loss/Loss_state_metric |        0.000523 |
|             Loss/Loss_state_action_to_state |        1.08e-06 |
|                           Loss/Act_rep_loss |          0.0196 |
|                                   SAC/Alpha |         0.00774 |
|                              SAC/LogPi_mean |            3.12 |
|                                 SAC/Q1_mean |            82.7 |
|                                 SAC/Q2_mean |            82.7 |
|                            Norm/actor_model |            90.7 |
|                           Norm/critic_model |             107 |
|              Norm/state_action_metric_model |            50.4 |
|                     Norm/state_metric_model |            48.6 |
|        Norm/state_action_state_metric_model |            48.1 |
|                  Metric/self_state_distance |        0.000172 |
|                 Metric/cross_state_distance |           0.978 |
|           Metric/self_state_action_distance |         0.00163 |
|          Metric/cross_state_action_distance |           0.973 |
|             Metric/avg_self_state_asymmetry |               0 |
|            Metric/avg_cross_state_asymmetry |        0.000659 |
|                Metric/avg_self_sa_asymmetry |               0 |
|               Metric/avg_cross_sa_asymmetry |         0.00062 |
|  Metric/self_state_action_to_state_distance |        0.000113 |
| Metric/cross_state_action_to_state_distance |           0.973 |
|                   Metric/h_lambda_diff_self |          0.0016 |
|                  Metric/h_lambda_diff_cross |        0.000705 |
|                                 Eval/Return |             970 |
-----------------------------------------------------------------
-----------------------------------------------------------------
|                                 Train/Steps |        1.29e+06 |
|                            Loss/Loss_critic |          0.0717 |
|                             Loss/Loss_actor |             -84 |
|                             Loss/Loss_alpha |        -0.00147 |
|               Loss/Loss_state_action_metric |        0.000182 |
|                      Loss/Loss_state_metric |         0.00013 |
|             Loss/Loss_state_action_to_state |        8.29e-07 |
|                           Loss/Act_rep_loss |          0.0191 |
|                                   SAC/Alpha |         0.00803 |
|                              SAC/LogPi_mean |            3.19 |
|                                 SAC/Q1_mean |            83.9 |
|                                 SAC/Q2_mean |            83.9 |
|                            Norm/actor_model |            94.4 |
|                           Norm/critic_model |             112 |
|              Norm/state_action_metric_model |              53 |
|                     Norm/state_metric_model |            50.7 |
|        Norm/state_action_state_metric_model |            50.5 |
|                  Metric/self_state_distance |         0.00161 |
|                 Metric/cross_state_distance |            0.98 |
|           Metric/self_state_action_distance |         0.00161 |
|          Metric/cross_state_action_distance |           0.976 |
|             Metric/avg_self_state_asymmetry |               0 |
|            Metric/avg_cross_state_asymmetry |        0.000523 |
|                Metric/avg_self_sa_asymmetry |               0 |
|               Metric/avg_cross_sa_asymmetry |        0.000568 |
|  Metric/self_state_action_to_state_distance |        2.82e-05 |
| Metric/cross_state_action_to_state_distance |           0.976 |
|                   Metric/h_lambda_diff_self |         0.00158 |
|                  Metric/h_lambda_diff_cross |        0.000738 |
|                                 Eval/Return |             971 |
-----------------------------------------------------------------
-----------------------------------------------------------------
|                                 Train/Steps |        1.42e+06 |
|                            Loss/Loss_critic |          0.0788 |
|                             Loss/Loss_actor |           -85.6 |
|                             Loss/Loss_alpha |       -7.16e-05 |
|               Loss/Loss_state_action_metric |        0.000176 |
|                      Loss/Loss_state_metric |        0.000128 |
|             Loss/Loss_state_action_to_state |        5.37e-07 |
|                           Loss/Act_rep_loss |          0.0193 |
|                                   SAC/Alpha |         0.00566 |
|                              SAC/LogPi_mean |            3.24 |
|                                 SAC/Q1_mean |            85.6 |
|                                 SAC/Q2_mean |            85.6 |
|                            Norm/actor_model |            97.8 |
|                           Norm/critic_model |             116 |
|              Norm/state_action_metric_model |            55.4 |
|                     Norm/state_metric_model |            54.1 |
|        Norm/state_action_state_metric_model |            52.8 |
|                  Metric/self_state_distance |         0.00171 |
|                 Metric/cross_state_distance |            0.98 |
|           Metric/self_state_action_distance |         0.00145 |
|          Metric/cross_state_action_distance |           0.977 |
|             Metric/avg_self_state_asymmetry |               0 |
|            Metric/avg_cross_state_asymmetry |          0.0006 |
|                Metric/avg_self_sa_asymmetry |               0 |
|               Metric/avg_cross_sa_asymmetry |        0.000657 |
|  Metric/self_state_action_to_state_distance |        1.52e-05 |
| Metric/cross_state_action_to_state_distance |           0.976 |
|                   Metric/h_lambda_diff_self |         0.00144 |
|                  Metric/h_lambda_diff_cross |        0.000987 |
|                                 Eval/Return |             973 |
-----------------------------------------------------------------
-----------------------------------------------------------------
|                                 Train/Steps |        1.54e+06 |
|                            Loss/Loss_critic |          0.0715 |
|                             Loss/Loss_actor |           -87.8 |
|                             Loss/Loss_alpha |        0.000958 |
|               Loss/Loss_state_action_metric |        0.000579 |
|                      Loss/Loss_state_metric |        0.000529 |
|             Loss/Loss_state_action_to_state |        4.96e-07 |
|                           Loss/Act_rep_loss |          0.0204 |
|                                   SAC/Alpha |         0.00601 |
|                              SAC/LogPi_mean |            2.71 |
|                                 SAC/Q1_mean |            87.7 |
|                                 SAC/Q2_mean |            87.7 |
|                            Norm/actor_model |             101 |
|                           Norm/critic_model |             120 |
|              Norm/state_action_metric_model |            57.3 |
|                     Norm/state_metric_model |            55.8 |
|        Norm/state_action_state_metric_model |              55 |
|                  Metric/self_state_distance |         0.00182 |
|                 Metric/cross_state_distance |           0.977 |
|           Metric/self_state_action_distance |         0.00194 |
|          Metric/cross_state_action_distance |           0.973 |
|             Metric/avg_self_state_asymmetry |               0 |
|            Metric/avg_cross_state_asymmetry |        0.000358 |
|                Metric/avg_self_sa_asymmetry |               0 |
|               Metric/avg_cross_sa_asymmetry |        0.000454 |
|  Metric/self_state_action_to_state_distance |        9.18e-05 |
| Metric/cross_state_action_to_state_distance |           0.973 |
|                   Metric/h_lambda_diff_self |         0.00188 |
|                  Metric/h_lambda_diff_cross |        0.000548 |
|                                 Eval/Return |             973 |
-----------------------------------------------------------------
-----------------------------------------------------------------
|                                 Train/Steps |        1.67e+06 |
|                            Loss/Loss_critic |           0.083 |
|                             Loss/Loss_actor |           -88.7 |
|                             Loss/Loss_alpha |        -0.00042 |
|               Loss/Loss_state_action_metric |         0.00135 |
|                      Loss/Loss_state_metric |         0.00132 |
|             Loss/Loss_state_action_to_state |        5.89e-07 |
|                           Loss/Act_rep_loss |          0.0175 |
|                                   SAC/Alpha |         0.00637 |
|                              SAC/LogPi_mean |               3 |
|                                 SAC/Q1_mean |            88.7 |
|                                 SAC/Q2_mean |            88.7 |
|                            Norm/actor_model |             105 |
|                           Norm/critic_model |             124 |
|              Norm/state_action_metric_model |            59.4 |
|                     Norm/state_metric_model |            58.4 |
|        Norm/state_action_state_metric_model |            56.9 |
|                  Metric/self_state_distance |           0.004 |
|                 Metric/cross_state_distance |           0.976 |
|           Metric/self_state_action_distance |         0.00154 |
|          Metric/cross_state_action_distance |            0.97 |
|             Metric/avg_self_state_asymmetry |               0 |
|            Metric/avg_cross_state_asymmetry |        0.000563 |
|                Metric/avg_self_sa_asymmetry |               0 |
|               Metric/avg_cross_sa_asymmetry |        0.000951 |
|  Metric/self_state_action_to_state_distance |        9.21e-05 |
| Metric/cross_state_action_to_state_distance |            0.97 |
|                   Metric/h_lambda_diff_self |         0.00146 |
|                  Metric/h_lambda_diff_cross |        0.000735 |
|                                 Eval/Return |             959 |
-----------------------------------------------------------------
-----------------------------------------------------------------
|                                 Train/Steps |         1.8e+06 |
|                            Loss/Loss_critic |          0.0592 |
|                             Loss/Loss_actor |           -89.8 |
|                             Loss/Loss_alpha |         -0.0025 |
|               Loss/Loss_state_action_metric |        0.000586 |
|                      Loss/Loss_state_metric |        0.000534 |
|             Loss/Loss_state_action_to_state |           5e-07 |
|                           Loss/Act_rep_loss |          0.0208 |
|                                   SAC/Alpha |          0.0056 |
|                              SAC/LogPi_mean |             3.6 |
|                                 SAC/Q1_mean |            89.8 |
|                                 SAC/Q2_mean |            89.8 |
|                            Norm/actor_model |             107 |
|                           Norm/critic_model |             128 |
|              Norm/state_action_metric_model |            62.4 |
|                     Norm/state_metric_model |              61 |
|        Norm/state_action_state_metric_model |            59.1 |
|                  Metric/self_state_distance |         0.00182 |
|                 Metric/cross_state_distance |           0.977 |
|           Metric/self_state_action_distance |         0.00172 |
|          Metric/cross_state_action_distance |           0.972 |
|             Metric/avg_self_state_asymmetry |               0 |
|            Metric/avg_cross_state_asymmetry |        0.000387 |
|                Metric/avg_self_sa_asymmetry |               0 |
|               Metric/avg_cross_sa_asymmetry |        0.000407 |
|  Metric/self_state_action_to_state_distance |        2.56e-05 |
| Metric/cross_state_action_to_state_distance |           0.972 |
|                   Metric/h_lambda_diff_self |         0.00169 |
|                  Metric/h_lambda_diff_cross |        0.000526 |
|                                 Eval/Return |             964 |
-----------------------------------------------------------------
-----------------------------------------------------------------
|                                 Train/Steps |        1.93e+06 |
|                            Loss/Loss_critic |          0.0966 |
|                             Loss/Loss_actor |           -91.1 |
|                             Loss/Loss_alpha |        -0.00156 |
|               Loss/Loss_state_action_metric |        0.000605 |
|                      Loss/Loss_state_metric |         0.00054 |
|             Loss/Loss_state_action_to_state |        5.15e-07 |
|                           Loss/Act_rep_loss |          0.0217 |
|                                   SAC/Alpha |         0.00561 |
|                              SAC/LogPi_mean |            3.24 |
|                                 SAC/Q1_mean |              91 |
|                                 SAC/Q2_mean |            91.1 |
|                            Norm/actor_model |             110 |
|                           Norm/critic_model |             131 |
|              Norm/state_action_metric_model |            64.2 |
|                     Norm/state_metric_model |              63 |
|        Norm/state_action_state_metric_model |            60.9 |
|                  Metric/self_state_distance |         0.00178 |
|                 Metric/cross_state_distance |           0.976 |
|           Metric/self_state_action_distance |          0.0019 |
|          Metric/cross_state_action_distance |           0.971 |
|             Metric/avg_self_state_asymmetry |               0 |
|            Metric/avg_cross_state_asymmetry |          0.0003 |
|                Metric/avg_self_sa_asymmetry |               0 |
|               Metric/avg_cross_sa_asymmetry |        0.000353 |
|  Metric/self_state_action_to_state_distance |        3.89e-05 |
| Metric/cross_state_action_to_state_distance |           0.971 |
|                   Metric/h_lambda_diff_self |         0.00187 |
|                  Metric/h_lambda_diff_cross |        0.000638 |
|                                 Eval/Return |             974 |
-----------------------------------------------------------------
-----------------------------------------------------------------
|                                 Train/Steps |        2.06e+06 |
|                            Loss/Loss_critic |          0.0433 |
|                             Loss/Loss_actor |           -92.2 |
|                             Loss/Loss_alpha |        0.000299 |
|               Loss/Loss_state_action_metric |        0.000221 |
|                      Loss/Loss_state_metric |        0.000161 |
|             Loss/Loss_state_action_to_state |        9.98e-07 |
|                           Loss/Act_rep_loss |          0.0228 |
|                                   SAC/Alpha |         0.00496 |
|                              SAC/LogPi_mean |            3.08 |
|                                 SAC/Q1_mean |            92.2 |
|                                 SAC/Q2_mean |            92.3 |
|                            Norm/actor_model |             113 |
|                           Norm/critic_model |             135 |
|              Norm/state_action_metric_model |            66.2 |
|                     Norm/state_metric_model |            64.6 |
|        Norm/state_action_state_metric_model |            62.6 |
|                  Metric/self_state_distance |          0.0017 |
|                 Metric/cross_state_distance |           0.977 |
|           Metric/self_state_action_distance |         0.00152 |
|          Metric/cross_state_action_distance |           0.972 |
|             Metric/avg_self_state_asymmetry |               0 |
|            Metric/avg_cross_state_asymmetry |        0.000281 |
|                Metric/avg_self_sa_asymmetry |               0 |
|               Metric/avg_cross_sa_asymmetry |        0.000401 |
|  Metric/self_state_action_to_state_distance |        8.29e-06 |
| Metric/cross_state_action_to_state_distance |           0.973 |
|                   Metric/h_lambda_diff_self |         0.00151 |
|                  Metric/h_lambda_diff_cross |         0.00147 |
|                                 Eval/Return |             972 |
-----------------------------------------------------------------
[32mSaving model …[0m
[32mDone.[0m
[32mSaving model …[0m
[32mDone.[0m
-----------------------------------------------------------------
|                                 Train/Steps |        2.18e+06 |
|                            Loss/Loss_critic |          0.0472 |
|                             Loss/Loss_actor |           -91.9 |
|                             Loss/Loss_alpha |        -0.00208 |
|               Loss/Loss_state_action_metric |        0.000207 |
|                      Loss/Loss_state_metric |        0.000152 |
|             Loss/Loss_state_action_to_state |        4.06e-07 |
|                           Loss/Act_rep_loss |          0.0217 |
|                                   SAC/Alpha |         0.00467 |
|                              SAC/LogPi_mean |            3.23 |
|                                 SAC/Q1_mean |            91.8 |
|                                 SAC/Q2_mean |            91.9 |
|                            Norm/actor_model |             116 |
|                           Norm/critic_model |             138 |
|              Norm/state_action_metric_model |            68.8 |
|                     Norm/state_metric_model |            67.2 |
|        Norm/state_action_state_metric_model |            65.1 |
|                  Metric/self_state_distance |         0.00183 |
|                 Metric/cross_state_distance |           0.978 |
|           Metric/self_state_action_distance |         0.00179 |
|          Metric/cross_state_action_distance |           0.973 |
|             Metric/avg_self_state_asymmetry |               0 |
|            Metric/avg_cross_state_asymmetry |        0.000313 |
|                Metric/avg_self_sa_asymmetry |               0 |
|               Metric/avg_cross_sa_asymmetry |        0.000388 |
|  Metric/self_state_action_to_state_distance |        8.15e-06 |
| Metric/cross_state_action_to_state_distance |           0.973 |
|                   Metric/h_lambda_diff_self |         0.00178 |
|                  Metric/h_lambda_diff_cross |        0.000417 |
|                                 Eval/Return |             972 |
-----------------------------------------------------------------
-----------------------------------------------------------------
|                                 Train/Steps |        2.31e+06 |
|                            Loss/Loss_critic |          0.0383 |
|                             Loss/Loss_actor |           -92.5 |
|                             Loss/Loss_alpha |        -0.00037 |
|               Loss/Loss_state_action_metric |        0.000624 |
|                      Loss/Loss_state_metric |         0.00055 |
|             Loss/Loss_state_action_to_state |        2.08e-07 |
|                           Loss/Act_rep_loss |          0.0224 |
|                                   SAC/Alpha |         0.00473 |
|                              SAC/LogPi_mean |            2.95 |
|                                 SAC/Q1_mean |            92.5 |
|                                 SAC/Q2_mean |            92.4 |
|                            Norm/actor_model |             119 |
|                           Norm/critic_model |             142 |
|              Norm/state_action_metric_model |            70.6 |
|                     Norm/state_metric_model |            69.4 |
|        Norm/state_action_state_metric_model |            67.4 |
|                  Metric/self_state_distance |          0.0012 |
|                 Metric/cross_state_distance |           0.975 |
|           Metric/self_state_action_distance |         0.00152 |
|          Metric/cross_state_action_distance |           0.969 |
|             Metric/avg_self_state_asymmetry |               0 |
|            Metric/avg_cross_state_asymmetry |        0.000358 |
|                Metric/avg_self_sa_asymmetry |               0 |
|               Metric/avg_cross_sa_asymmetry |        0.000368 |
|  Metric/self_state_action_to_state_distance |        1.52e-05 |
| Metric/cross_state_action_to_state_distance |            0.97 |
|                   Metric/h_lambda_diff_self |         0.00151 |
|                  Metric/h_lambda_diff_cross |        0.000758 |
|                                 Eval/Return |             970 |
-----------------------------------------------------------------
-----------------------------------------------------------------
|                                 Train/Steps |        2.44e+06 |
|                            Loss/Loss_critic |          0.0498 |
|                             Loss/Loss_actor |           -93.3 |
|                             Loss/Loss_alpha |       -0.000947 |
|               Loss/Loss_state_action_metric |        0.000613 |
|                      Loss/Loss_state_metric |        0.000555 |
|             Loss/Loss_state_action_to_state |        2.82e-07 |
|                           Loss/Act_rep_loss |          0.0233 |
|                                   SAC/Alpha |         0.00406 |
|                              SAC/LogPi_mean |            3.28 |
|                                 SAC/Q1_mean |            93.2 |
|                                 SAC/Q2_mean |            93.3 |
|                            Norm/actor_model |             121 |
|                           Norm/critic_model |             145 |
|              Norm/state_action_metric_model |            72.5 |
|                     Norm/state_metric_model |            71.4 |
|        Norm/state_action_state_metric_model |            69.2 |
|                  Metric/self_state_distance |         0.00195 |
|                 Metric/cross_state_distance |           0.974 |
|           Metric/self_state_action_distance |         0.00187 |
|          Metric/cross_state_action_distance |           0.969 |
|             Metric/avg_self_state_asymmetry |               0 |
|            Metric/avg_cross_state_asymmetry |        0.000255 |
|                Metric/avg_self_sa_asymmetry |               0 |
|               Metric/avg_cross_sa_asymmetry |        0.000382 |
|  Metric/self_state_action_to_state_distance |        1.32e-05 |
| Metric/cross_state_action_to_state_distance |           0.969 |
|                   Metric/h_lambda_diff_self |         0.00185 |
|                  Metric/h_lambda_diff_cross |         0.00045 |
|                                 Eval/Return |             972 |
-----------------------------------------------------------------
-----------------------------------------------------------------
|                                 Train/Steps |        2.57e+06 |
|                            Loss/Loss_critic |          0.0572 |
|                             Loss/Loss_actor |           -93.9 |
|                             Loss/Loss_alpha |       -0.000223 |
|               Loss/Loss_state_action_metric |         0.00126 |
|                      Loss/Loss_state_metric |         0.00095 |
|             Loss/Loss_state_action_to_state |        5.14e-07 |
|                           Loss/Act_rep_loss |          0.0253 |
|                                   SAC/Alpha |         0.00389 |
|                              SAC/LogPi_mean |            2.85 |
|                                 SAC/Q1_mean |            93.9 |
|                                 SAC/Q2_mean |            93.9 |
|                            Norm/actor_model |             123 |
|                           Norm/critic_model |             148 |
|              Norm/state_action_metric_model |            74.7 |
|                     Norm/state_metric_model |            72.8 |
|        Norm/state_action_state_metric_model |            71.7 |
|                  Metric/self_state_distance |         0.00187 |
|                 Metric/cross_state_distance |           0.971 |
|           Metric/self_state_action_distance |         0.00356 |
|          Metric/cross_state_action_distance |           0.967 |
|             Metric/avg_self_state_asymmetry |               0 |
|            Metric/avg_cross_state_asymmetry |        0.000279 |
|                Metric/avg_self_sa_asymmetry |               0 |
|               Metric/avg_cross_sa_asymmetry |        0.000306 |
|  Metric/self_state_action_to_state_distance |        0.000138 |
| Metric/cross_state_action_to_state_distance |           0.967 |
|                   Metric/h_lambda_diff_self |         0.00353 |
|                  Metric/h_lambda_diff_cross |        0.000386 |
|                                 Eval/Return |             972 |
-----------------------------------------------------------------
-----------------------------------------------------------------
|                                 Train/Steps |         2.7e+06 |
|                            Loss/Loss_critic |          0.0361 |
|                             Loss/Loss_actor |           -93.5 |
|                             Loss/Loss_alpha |        0.000759 |
|               Loss/Loss_state_action_metric |         0.00177 |
|                      Loss/Loss_state_metric |         0.00172 |
|             Loss/Loss_state_action_to_state |        2.36e-07 |
|                           Loss/Act_rep_loss |          0.0223 |
|                                   SAC/Alpha |         0.00426 |
|                              SAC/LogPi_mean |            3.03 |
|                                 SAC/Q1_mean |            93.5 |
|                                 SAC/Q2_mean |            93.6 |
|                            Norm/actor_model |             126 |
|                           Norm/critic_model |             152 |
|              Norm/state_action_metric_model |            76.2 |
|                     Norm/state_metric_model |            74.9 |
|        Norm/state_action_state_metric_model |            73.4 |
|                  Metric/self_state_distance |         0.00191 |
|                 Metric/cross_state_distance |           0.969 |
|           Metric/self_state_action_distance |          0.0021 |
|          Metric/cross_state_action_distance |           0.965 |
|             Metric/avg_self_state_asymmetry |               0 |
|            Metric/avg_cross_state_asymmetry |        0.000278 |
|                Metric/avg_self_sa_asymmetry |               0 |
|               Metric/avg_cross_sa_asymmetry |        0.000306 |
|  Metric/self_state_action_to_state_distance |        8.42e-06 |
| Metric/cross_state_action_to_state_distance |           0.965 |
|                   Metric/h_lambda_diff_self |         0.00209 |
|                  Metric/h_lambda_diff_cross |        0.000408 |
|                                 Eval/Return |             971 |
-----------------------------------------------------------------
-----------------------------------------------------------------
|                                 Train/Steps |        2.82e+06 |
|                            Loss/Loss_critic |          0.0375 |
|                             Loss/Loss_actor |           -93.7 |
|                             Loss/Loss_alpha |         -0.0025 |
|               Loss/Loss_state_action_metric |        0.000215 |
|                      Loss/Loss_state_metric |        0.000159 |
|             Loss/Loss_state_action_to_state |        3.22e-07 |
|                           Loss/Act_rep_loss |          0.0226 |
|                                   SAC/Alpha |         0.00397 |
|                              SAC/LogPi_mean |            3.55 |
|                                 SAC/Q1_mean |            93.7 |
|                                 SAC/Q2_mean |            93.7 |
|                            Norm/actor_model |             128 |
|                           Norm/critic_model |             155 |
|              Norm/state_action_metric_model |            78.4 |
|                     Norm/state_metric_model |            77.5 |
|        Norm/state_action_state_metric_model |              76 |
|                  Metric/self_state_distance |         0.00116 |
|                 Metric/cross_state_distance |           0.977 |
|           Metric/self_state_action_distance |         0.00185 |
|          Metric/cross_state_action_distance |           0.972 |
|             Metric/avg_self_state_asymmetry |               0 |
|            Metric/avg_cross_state_asymmetry |        0.000321 |
|                Metric/avg_self_sa_asymmetry |               0 |
|               Metric/avg_cross_sa_asymmetry |        0.000359 |
|  Metric/self_state_action_to_state_distance |        7.28e-05 |
| Metric/cross_state_action_to_state_distance |           0.972 |
|                   Metric/h_lambda_diff_self |         0.00182 |
|                  Metric/h_lambda_diff_cross |        0.000383 |
|                                 Eval/Return |             973 |
-----------------------------------------------------------------
-----------------------------------------------------------------
|                                 Train/Steps |        2.95e+06 |
|                            Loss/Loss_critic |          0.0487 |
|                             Loss/Loss_actor |           -94.5 |
|                             Loss/Loss_alpha |        0.000182 |
|               Loss/Loss_state_action_metric |        0.000235 |
|                      Loss/Loss_state_metric |        0.000174 |
|             Loss/Loss_state_action_to_state |        4.38e-07 |
|                           Loss/Act_rep_loss |          0.0246 |
|                                   SAC/Alpha |         0.00359 |
|                              SAC/LogPi_mean |             2.9 |
|                                 SAC/Q1_mean |            94.6 |
|                                 SAC/Q2_mean |            94.4 |
|                            Norm/actor_model |             130 |
|                           Norm/critic_model |             158 |
|              Norm/state_action_metric_model |            80.9 |
|                     Norm/state_metric_model |            79.9 |
|        Norm/state_action_state_metric_model |            78.4 |
|                  Metric/self_state_distance |         0.00232 |
|                 Metric/cross_state_distance |           0.975 |
|           Metric/self_state_action_distance |         0.00189 |
|          Metric/cross_state_action_distance |            0.97 |
|             Metric/avg_self_state_asymmetry |               0 |
|            Metric/avg_cross_state_asymmetry |        0.000269 |
|                Metric/avg_self_sa_asymmetry |               0 |
|               Metric/avg_cross_sa_asymmetry |        0.000349 |
|  Metric/self_state_action_to_state_distance |        5.55e-06 |
| Metric/cross_state_action_to_state_distance |            0.97 |
|                   Metric/h_lambda_diff_self |         0.00189 |
|                  Metric/h_lambda_diff_cross |        0.000415 |
|                                 Eval/Return |             973 |
-----------------------------------------------------------------
-----------------------------------------------------------------
|                                 Train/Steps |        3.08e+06 |
|                            Loss/Loss_critic |          0.0531 |
|                             Loss/Loss_actor |           -94.7 |
|                             Loss/Loss_alpha |        -0.00148 |
|               Loss/Loss_state_action_metric |         0.00101 |
|                      Loss/Loss_state_metric |        0.000947 |
|             Loss/Loss_state_action_to_state |        4.96e-06 |
|                           Loss/Act_rep_loss |          0.0231 |
|                                   SAC/Alpha |         0.00348 |
|                              SAC/LogPi_mean |             3.3 |
|                                 SAC/Q1_mean |            94.6 |
|                                 SAC/Q2_mean |            94.8 |
|                            Norm/actor_model |             132 |
|                           Norm/critic_model |             161 |
|              Norm/state_action_metric_model |            82.6 |
|                     Norm/state_metric_model |            81.2 |
|        Norm/state_action_state_metric_model |            81.1 |
|                  Metric/self_state_distance |         0.00179 |
|                 Metric/cross_state_distance |           0.972 |
|           Metric/self_state_action_distance |         0.00194 |
|          Metric/cross_state_action_distance |           0.966 |
|             Metric/avg_self_state_asymmetry |               0 |
|            Metric/avg_cross_state_asymmetry |         0.00046 |
|                Metric/avg_self_sa_asymmetry |               0 |
|               Metric/avg_cross_sa_asymmetry |        0.000283 |
|  Metric/self_state_action_to_state_distance |        0.000522 |
| Metric/cross_state_action_to_state_distance |           0.967 |
|                   Metric/h_lambda_diff_self |         0.00226 |
|                  Metric/h_lambda_diff_cross |        0.000382 |
|                                 Eval/Return |             971 |
-----------------------------------------------------------------
[32mSaving model …[0m
[32mDone.[0m
[32mSaving model …[0m
[32mDone.[0m
-----------------------------------------------------------------
|                                 Train/Steps |        3.21e+06 |
|                            Loss/Loss_critic |          0.0289 |
|                             Loss/Loss_actor |           -94.8 |
|                             Loss/Loss_alpha |       -9.27e-05 |
|               Loss/Loss_state_action_metric |         0.00101 |
|                      Loss/Loss_state_metric |        0.000952 |
|             Loss/Loss_state_action_to_state |        8.67e-08 |
|                           Loss/Act_rep_loss |          0.0238 |
|                                   SAC/Alpha |         0.00373 |
|                              SAC/LogPi_mean |            3.17 |
|                                 SAC/Q1_mean |            94.8 |
|                                 SAC/Q2_mean |            94.8 |
|                            Norm/actor_model |             134 |
|                           Norm/critic_model |             164 |
|              Norm/state_action_metric_model |            84.8 |
|                     Norm/state_metric_model |              83 |
|        Norm/state_action_state_metric_model |            83.3 |
|                  Metric/self_state_distance |         0.00214 |
|                 Metric/cross_state_distance |           0.971 |
|           Metric/self_state_action_distance |         0.00213 |
|          Metric/cross_state_action_distance |           0.966 |
|             Metric/avg_self_state_asymmetry |               0 |
|            Metric/avg_cross_state_asymmetry |        0.000253 |
|                Metric/avg_self_sa_asymmetry |               0 |
|               Metric/avg_cross_sa_asymmetry |        0.000234 |
|  Metric/self_state_action_to_state_distance |        6.82e-06 |
| Metric/cross_state_action_to_state_distance |           0.966 |
|                   Metric/h_lambda_diff_self |         0.00212 |
|                  Metric/h_lambda_diff_cross |        0.000345 |
|                                 Eval/Return |             974 |
-----------------------------------------------------------------
-----------------------------------------------------------------
|                                 Train/Steps |        3.34e+06 |
|                            Loss/Loss_critic |          0.0416 |
|                             Loss/Loss_actor |           -95.4 |
|                             Loss/Loss_alpha |        0.000724 |
|               Loss/Loss_state_action_metric |        0.000239 |
|                      Loss/Loss_state_metric |        0.000178 |
|             Loss/Loss_state_action_to_state |        1.91e-06 |
|                           Loss/Act_rep_loss |          0.0246 |
|                                   SAC/Alpha |         0.00362 |
|                              SAC/LogPi_mean |             2.9 |
|                                 SAC/Q1_mean |            95.3 |
|                                 SAC/Q2_mean |            95.4 |
|                            Norm/actor_model |             136 |
|                           Norm/critic_model |             167 |
|              Norm/state_action_metric_model |            85.8 |
|                     Norm/state_metric_model |            84.4 |
|        Norm/state_action_state_metric_model |            84.9 |
|                  Metric/self_state_distance |         0.00165 |
|                 Metric/cross_state_distance |           0.975 |
|           Metric/self_state_action_distance |         0.00159 |
|          Metric/cross_state_action_distance |           0.969 |
|             Metric/avg_self_state_asymmetry |               0 |
|            Metric/avg_cross_state_asymmetry |        0.000318 |
|                Metric/avg_self_sa_asymmetry |               0 |
|               Metric/avg_cross_sa_asymmetry |        0.000323 |
|  Metric/self_state_action_to_state_distance |        0.000636 |
| Metric/cross_state_action_to_state_distance |           0.969 |
|                   Metric/h_lambda_diff_self |         0.00209 |
|                  Metric/h_lambda_diff_cross |        0.000418 |
|                                 Eval/Return |             974 |
-----------------------------------------------------------------
-----------------------------------------------------------------
|                                 Train/Steps |        3.46e+06 |
|                            Loss/Loss_critic |          0.0489 |
|                             Loss/Loss_actor |           -95.4 |
|                             Loss/Loss_alpha |        0.000825 |
|               Loss/Loss_state_action_metric |         0.00063 |
|                      Loss/Loss_state_metric |        0.000566 |
|             Loss/Loss_state_action_to_state |        1.45e-07 |
|                           Loss/Act_rep_loss |          0.0245 |
|                                   SAC/Alpha |         0.00339 |
|                              SAC/LogPi_mean |            2.88 |
|                                 SAC/Q1_mean |            95.4 |
|                                 SAC/Q2_mean |            95.4 |
|                            Norm/actor_model |             138 |
|                           Norm/critic_model |             169 |
|              Norm/state_action_metric_model |            87.6 |
|                     Norm/state_metric_model |            85.9 |
|        Norm/state_action_state_metric_model |            87.2 |
|                  Metric/self_state_distance |         0.00169 |
|                 Metric/cross_state_distance |           0.973 |
|           Metric/self_state_action_distance |          0.0017 |
|          Metric/cross_state_action_distance |           0.967 |
|             Metric/avg_self_state_asymmetry |               0 |
|            Metric/avg_cross_state_asymmetry |        0.000293 |
|                Metric/avg_self_sa_asymmetry |               0 |
|               Metric/avg_cross_sa_asymmetry |        0.000275 |
|  Metric/self_state_action_to_state_distance |        2.94e-06 |
| Metric/cross_state_action_to_state_distance |           0.967 |
|                   Metric/h_lambda_diff_self |          0.0017 |
|                  Metric/h_lambda_diff_cross |        0.000311 |
|                                 Eval/Return |             975 |
-----------------------------------------------------------------
-----------------------------------------------------------------
|                                 Train/Steps |        3.59e+06 |
|                            Loss/Loss_critic |          0.0532 |
|                             Loss/Loss_actor |           -95.1 |
|                             Loss/Loss_alpha |       -0.000681 |
|               Loss/Loss_state_action_metric |        0.000238 |
|                      Loss/Loss_state_metric |        0.000178 |
|             Loss/Loss_state_action_to_state |        1.92e-07 |
|                           Loss/Act_rep_loss |          0.0246 |
|                                   SAC/Alpha |         0.00319 |
|                              SAC/LogPi_mean |            3.03 |
|                                 SAC/Q1_mean |            95.1 |
|                                 SAC/Q2_mean |            95.1 |
|                            Norm/actor_model |             140 |
|                           Norm/critic_model |             172 |
|              Norm/state_action_metric_model |            88.8 |
|                     Norm/state_metric_model |              88 |
|        Norm/state_action_state_metric_model |            88.9 |
|                  Metric/self_state_distance |         0.00173 |
|                 Metric/cross_state_distance |           0.974 |
|           Metric/self_state_action_distance |          0.0017 |
|          Metric/cross_state_action_distance |           0.969 |
|             Metric/avg_self_state_asymmetry |               0 |
|            Metric/avg_cross_state_asymmetry |         0.00018 |
|                Metric/avg_self_sa_asymmetry |               0 |
|               Metric/avg_cross_sa_asymmetry |        0.000258 |
|  Metric/self_state_action_to_state_distance |        4.64e-05 |
| Metric/cross_state_action_to_state_distance |           0.969 |
|                   Metric/h_lambda_diff_self |         0.00166 |
|                  Metric/h_lambda_diff_cross |        0.000313 |
|                                 Eval/Return |             976 |
-----------------------------------------------------------------
-----------------------------------------------------------------
|                                 Train/Steps |        3.72e+06 |
|                            Loss/Loss_critic |           0.033 |
|                             Loss/Loss_actor |           -95.5 |
|                             Loss/Loss_alpha |       -0.000837 |
|               Loss/Loss_state_action_metric |        0.000242 |
|                      Loss/Loss_state_metric |         0.00018 |
|             Loss/Loss_state_action_to_state |        9.56e-07 |
|                           Loss/Act_rep_loss |          0.0248 |
|                                   SAC/Alpha |         0.00304 |
|                              SAC/LogPi_mean |            3.17 |
|                                 SAC/Q1_mean |            95.5 |
|                                 SAC/Q2_mean |            95.5 |
|                            Norm/actor_model |             142 |
|                           Norm/critic_model |             175 |
|              Norm/state_action_metric_model |            90.4 |
|                     Norm/state_metric_model |              89 |
|        Norm/state_action_state_metric_model |            90.2 |
|                  Metric/self_state_distance |         0.00187 |
|                 Metric/cross_state_distance |           0.975 |
|           Metric/self_state_action_distance |         0.00153 |
|          Metric/cross_state_action_distance |            0.97 |
|             Metric/avg_self_state_asymmetry |               0 |
|            Metric/avg_cross_state_asymmetry |        0.000285 |
|                Metric/avg_self_sa_asymmetry |               0 |
|               Metric/avg_cross_sa_asymmetry |        0.000414 |
|  Metric/self_state_action_to_state_distance |        7.06e-06 |
| Metric/cross_state_action_to_state_distance |           0.969 |
|                   Metric/h_lambda_diff_self |         0.00153 |
|                  Metric/h_lambda_diff_cross |        0.000529 |
|                                 Eval/Return |             974 |
-----------------------------------------------------------------
-----------------------------------------------------------------
|                                 Train/Steps |        3.85e+06 |
|                            Loss/Loss_critic |          0.0218 |
|                             Loss/Loss_actor |           -95.4 |
|                             Loss/Loss_alpha |        -0.00186 |
|               Loss/Loss_state_action_metric |         0.00101 |
|                      Loss/Loss_state_metric |        0.000953 |
|             Loss/Loss_state_action_to_state |        4.52e-07 |
|                           Loss/Act_rep_loss |          0.0232 |
|                                   SAC/Alpha |         0.00314 |
|                              SAC/LogPi_mean |            3.52 |
|                                 SAC/Q1_mean |            95.4 |
|                                 SAC/Q2_mean |            95.4 |
|                            Norm/actor_model |             144 |
|                           Norm/critic_model |             178 |
|              Norm/state_action_metric_model |            91.7 |
|                     Norm/state_metric_model |              91 |
|        Norm/state_action_state_metric_model |            91.7 |
|                  Metric/self_state_distance |          0.0015 |
|                 Metric/cross_state_distance |           0.972 |
|           Metric/self_state_action_distance |         0.00188 |
|          Metric/cross_state_action_distance |           0.966 |
|             Metric/avg_self_state_asymmetry |               0 |
|            Metric/avg_cross_state_asymmetry |        0.000333 |
|                Metric/avg_self_sa_asymmetry |               0 |
|               Metric/avg_cross_sa_asymmetry |        0.000231 |
|  Metric/self_state_action_to_state_distance |        1.11e-05 |
| Metric/cross_state_action_to_state_distance |           0.966 |
|                   Metric/h_lambda_diff_self |         0.00187 |
|                  Metric/h_lambda_diff_cross |        0.000304 |
|                                 Eval/Return |             973 |
-----------------------------------------------------------------
-----------------------------------------------------------------
|                                 Train/Steps |        3.98e+06 |
|                            Loss/Loss_critic |          0.0395 |
|                             Loss/Loss_actor |           -95.9 |
|                             Loss/Loss_alpha |        0.000739 |
|               Loss/Loss_state_action_metric |        0.000633 |
|                      Loss/Loss_state_metric |        0.000571 |
|             Loss/Loss_state_action_to_state |        5.07e-07 |
|                           Loss/Act_rep_loss |          0.0252 |
|                                   SAC/Alpha |         0.00284 |
|                              SAC/LogPi_mean |            2.83 |
|                                 SAC/Q1_mean |              96 |
|                                 SAC/Q2_mean |            95.9 |
|                            Norm/actor_model |             145 |
|                           Norm/critic_model |             180 |
|              Norm/state_action_metric_model |            93.5 |
|                     Norm/state_metric_model |            91.7 |
|        Norm/state_action_state_metric_model |            93.7 |
|                  Metric/self_state_distance |         0.00185 |
|                 Metric/cross_state_distance |           0.972 |
|           Metric/self_state_action_distance |         0.00193 |
|          Metric/cross_state_action_distance |           0.966 |
|             Metric/avg_self_state_asymmetry |               0 |
|            Metric/avg_cross_state_asymmetry |        0.000383 |
|                Metric/avg_self_sa_asymmetry |               0 |
|               Metric/avg_cross_sa_asymmetry |        0.000303 |
|  Metric/self_state_action_to_state_distance |        4.17e-05 |
| Metric/cross_state_action_to_state_distance |           0.967 |
|                   Metric/h_lambda_diff_self |         0.00191 |
|                  Metric/h_lambda_diff_cross |        0.000655 |
|                                 Eval/Return |             973 |
-----------------------------------------------------------------
-----------------------------------------------------------------
|                                 Train/Steps |         4.1e+06 |
|                            Loss/Loss_critic |          0.0176 |
|                             Loss/Loss_actor |           -96.3 |
|                             Loss/Loss_alpha |       -0.000827 |
|               Loss/Loss_state_action_metric |        0.000641 |
|                      Loss/Loss_state_metric |        0.000576 |
|             Loss/Loss_state_action_to_state |        2.02e-07 |
|                           Loss/Act_rep_loss |          0.0254 |
|                                   SAC/Alpha |         0.00247 |
|                              SAC/LogPi_mean |            3.26 |
|                                 SAC/Q1_mean |            96.3 |
|                                 SAC/Q2_mean |            96.4 |
|                            Norm/actor_model |             147 |
|                           Norm/critic_model |             183 |
|              Norm/state_action_metric_model |            94.2 |
|                     Norm/state_metric_model |            93.4 |
|        Norm/state_action_state_metric_model |            95.6 |
|                  Metric/self_state_distance |         0.00203 |
|                 Metric/cross_state_distance |            0.97 |
|           Metric/self_state_action_distance |         0.00143 |
|          Metric/cross_state_action_distance |           0.966 |
|             Metric/avg_self_state_asymmetry |               0 |
|            Metric/avg_cross_state_asymmetry |        0.000269 |
|                Metric/avg_self_sa_asymmetry |               0 |
|               Metric/avg_cross_sa_asymmetry |        0.000208 |
|  Metric/self_state_action_to_state_distance |        5.38e-05 |
| Metric/cross_state_action_to_state_distance |           0.966 |
|                   Metric/h_lambda_diff_self |          0.0014 |
|                  Metric/h_lambda_diff_cross |        0.000242 |
|                                 Eval/Return |             967 |
-----------------------------------------------------------------
[32mSaving model …[0m
[32mDone.[0m
[32mSaving model …[0m
[32mDone.[0m
-----------------------------------------------------------------
|                                 Train/Steps |        4.23e+06 |
|                            Loss/Loss_critic |           0.024 |
|                             Loss/Loss_actor |             -97 |
|                             Loss/Loss_alpha |        0.000733 |
|               Loss/Loss_state_action_metric |        0.000644 |
|                      Loss/Loss_state_metric |        0.000581 |
|             Loss/Loss_state_action_to_state |        1.64e-07 |
|                           Loss/Act_rep_loss |          0.0258 |
|                                   SAC/Alpha |         0.00215 |
|                              SAC/LogPi_mean |            2.67 |
|                                 SAC/Q1_mean |              97 |
|                                 SAC/Q2_mean |              97 |
|                            Norm/actor_model |             149 |
|                           Norm/critic_model |             185 |
|              Norm/state_action_metric_model |            95.5 |
|                     Norm/state_metric_model |            94.5 |
|        Norm/state_action_state_metric_model |            97.4 |
|                  Metric/self_state_distance |         0.00193 |
|                 Metric/cross_state_distance |           0.971 |
|           Metric/self_state_action_distance |         0.00251 |
|          Metric/cross_state_action_distance |           0.965 |
|             Metric/avg_self_state_asymmetry |               0 |
|            Metric/avg_cross_state_asymmetry |        0.000189 |
|                Metric/avg_self_sa_asymmetry |               0 |
|               Metric/avg_cross_sa_asymmetry |        0.000251 |
|  Metric/self_state_action_to_state_distance |        1.76e-05 |
| Metric/cross_state_action_to_state_distance |           0.965 |
|                   Metric/h_lambda_diff_self |          0.0025 |
|                  Metric/h_lambda_diff_cross |        0.000256 |
|                                 Eval/Return |             969 |
-----------------------------------------------------------------
-----------------------------------------------------------------
|                                 Train/Steps |        4.36e+06 |
|                            Loss/Loss_critic |          0.0171 |
|                             Loss/Loss_actor |           -97.4 |
|                             Loss/Loss_alpha |         0.00048 |
|               Loss/Loss_state_action_metric |         0.00104 |
|                      Loss/Loss_state_metric |        0.000978 |
|             Loss/Loss_state_action_to_state |        1.14e-07 |
|                           Loss/Act_rep_loss |          0.0271 |
|                                   SAC/Alpha |          0.0019 |
|                              SAC/LogPi_mean |            2.58 |
|                                 SAC/Q1_mean |            97.4 |
|                                 SAC/Q2_mean |            97.5 |
|                            Norm/actor_model |             150 |
|                           Norm/critic_model |             188 |
|              Norm/state_action_metric_model |            96.6 |
|                     Norm/state_metric_model |            95.9 |
|        Norm/state_action_state_metric_model |            98.8 |
|                  Metric/self_state_distance |         0.00218 |
|                 Metric/cross_state_distance |           0.968 |
|           Metric/self_state_action_distance |         0.00246 |
|          Metric/cross_state_action_distance |           0.962 |
|             Metric/avg_self_state_asymmetry |               0 |
|            Metric/avg_cross_state_asymmetry |        0.000153 |
|                Metric/avg_self_sa_asymmetry |               0 |
|               Metric/avg_cross_sa_asymmetry |        0.000216 |
|  Metric/self_state_action_to_state_distance |        3.06e-06 |
| Metric/cross_state_action_to_state_distance |           0.962 |
|                   Metric/h_lambda_diff_self |         0.00245 |
|                  Metric/h_lambda_diff_cross |        0.000232 |
|                                 Eval/Return |             976 |
-----------------------------------------------------------------
-----------------------------------------------------------------
|                                 Train/Steps |        4.49e+06 |
|                            Loss/Loss_critic |          0.0374 |
|                             Loss/Loss_actor |           -97.5 |
|                             Loss/Loss_alpha |         0.00103 |
|               Loss/Loss_state_action_metric |         0.00104 |
|                      Loss/Loss_state_metric |        0.000978 |
|             Loss/Loss_state_action_to_state |        3.62e-08 |
|                           Loss/Act_rep_loss |           0.027 |
|                                   SAC/Alpha |          0.0018 |
|                              SAC/LogPi_mean |            2.66 |
|                                 SAC/Q1_mean |            97.6 |
|                                 SAC/Q2_mean |            97.5 |
|                            Norm/actor_model |             152 |
|                           Norm/critic_model |             190 |
|              Norm/state_action_metric_model |            99.2 |
|                     Norm/state_metric_model |            97.9 |
|        Norm/state_action_state_metric_model |             100 |
|                  Metric/self_state_distance |         0.00174 |
|                 Metric/cross_state_distance |           0.968 |
|           Metric/self_state_action_distance |         0.00188 |
|          Metric/cross_state_action_distance |           0.962 |
|             Metric/avg_self_state_asymmetry |               0 |
|            Metric/avg_cross_state_asymmetry |        0.000157 |
|                Metric/avg_self_sa_asymmetry |               0 |
|               Metric/avg_cross_sa_asymmetry |        0.000155 |
|  Metric/self_state_action_to_state_distance |        2.57e-05 |
| Metric/cross_state_action_to_state_distance |           0.962 |
|                   Metric/h_lambda_diff_self |         0.00188 |
|                  Metric/h_lambda_diff_cross |         0.00024 |
|                                 Eval/Return |             970 |
-----------------------------------------------------------------
-----------------------------------------------------------------
|                                 Train/Steps |        4.62e+06 |
|                            Loss/Loss_critic |          0.0321 |
|                             Loss/Loss_actor |           -97.4 |
|                             Loss/Loss_alpha |         -0.0003 |
|               Loss/Loss_state_action_metric |        0.000277 |
|                      Loss/Loss_state_metric |        0.000199 |
|             Loss/Loss_state_action_to_state |        1.42e-07 |
|                           Loss/Act_rep_loss |           0.027 |
|                                   SAC/Alpha |         0.00196 |
|                              SAC/LogPi_mean |            3.19 |
|                                 SAC/Q1_mean |            97.6 |
|                                 SAC/Q2_mean |            97.4 |
|                            Norm/actor_model |             154 |
|                           Norm/critic_model |             192 |
|              Norm/state_action_metric_model |             100 |
|                     Norm/state_metric_model |            98.9 |
|        Norm/state_action_state_metric_model |             102 |
|                  Metric/self_state_distance |         0.00153 |
|                 Metric/cross_state_distance |           0.972 |
|           Metric/self_state_action_distance |         0.00167 |
|          Metric/cross_state_action_distance |           0.966 |
|             Metric/avg_self_state_asymmetry |               0 |
|            Metric/avg_cross_state_asymmetry |        0.000149 |
|                Metric/avg_self_sa_asymmetry |               0 |
|               Metric/avg_cross_sa_asymmetry |        0.000165 |
|  Metric/self_state_action_to_state_distance |        7.32e-06 |
| Metric/cross_state_action_to_state_distance |           0.966 |
|                   Metric/h_lambda_diff_self |         0.00166 |
|                  Metric/h_lambda_diff_cross |        0.000179 |
|                                 Eval/Return |             975 |
-----------------------------------------------------------------
-----------------------------------------------------------------
|                                 Train/Steps |        4.74e+06 |
|                            Loss/Loss_critic |          0.0223 |
|                             Loss/Loss_actor |           -97.8 |
|                             Loss/Loss_alpha |       -0.000589 |
|               Loss/Loss_state_action_metric |         0.00027 |
|                      Loss/Loss_state_metric |        0.000198 |
|             Loss/Loss_state_action_to_state |        1.95e-07 |
|                           Loss/Act_rep_loss |          0.0271 |
|                                   SAC/Alpha |         0.00166 |
|                              SAC/LogPi_mean |            3.31 |
|                                 SAC/Q1_mean |            97.8 |
|                                 SAC/Q2_mean |            97.9 |
|                            Norm/actor_model |             155 |
|                           Norm/critic_model |             194 |
|              Norm/state_action_metric_model |             102 |
|                     Norm/state_metric_model |             100 |
|        Norm/state_action_state_metric_model |             103 |
|                  Metric/self_state_distance |         0.00159 |
|                 Metric/cross_state_distance |           0.972 |
|           Metric/self_state_action_distance |         0.00156 |
|          Metric/cross_state_action_distance |           0.966 |
|             Metric/avg_self_state_asymmetry |               0 |
|            Metric/avg_cross_state_asymmetry |         0.00013 |
|                Metric/avg_self_sa_asymmetry |               0 |
|               Metric/avg_cross_sa_asymmetry |        0.000166 |
|  Metric/self_state_action_to_state_distance |        2.68e-05 |
| Metric/cross_state_action_to_state_distance |           0.966 |
|                   Metric/h_lambda_diff_self |         0.00155 |
|                  Metric/h_lambda_diff_cross |        0.000242 |
|                                 Eval/Return |             975 |
-----------------------------------------------------------------
-----------------------------------------------------------------
|                                 Train/Steps |        4.87e+06 |
|                            Loss/Loss_critic |          0.0443 |
|                             Loss/Loss_actor |           -98.1 |
|                             Loss/Loss_alpha |       -4.85e-05 |
|               Loss/Loss_state_action_metric |        0.000266 |
|                      Loss/Loss_state_metric |          0.0002 |
|             Loss/Loss_state_action_to_state |        1.01e-07 |
|                           Loss/Act_rep_loss |          0.0273 |
|                                   SAC/Alpha |         0.00154 |
|                              SAC/LogPi_mean |            3.01 |
|                                 SAC/Q1_mean |            98.1 |
|                                 SAC/Q2_mean |            98.2 |
|                            Norm/actor_model |             157 |
|                           Norm/critic_model |             197 |
|              Norm/state_action_metric_model |             103 |
|                     Norm/state_metric_model |             102 |
|        Norm/state_action_state_metric_model |             105 |
|                  Metric/self_state_distance |         0.00207 |
|                 Metric/cross_state_distance |           0.972 |
|           Metric/self_state_action_distance |         0.00201 |
|          Metric/cross_state_action_distance |           0.966 |
|             Metric/avg_self_state_asymmetry |               0 |
|            Metric/avg_cross_state_asymmetry |        0.000127 |
|                Metric/avg_self_sa_asymmetry |               0 |
|               Metric/avg_cross_sa_asymmetry |        0.000155 |
|  Metric/self_state_action_to_state_distance |        5.75e-06 |
| Metric/cross_state_action_to_state_distance |           0.966 |
|                   Metric/h_lambda_diff_self |           0.002 |
|                  Metric/h_lambda_diff_cross |         0.00035 |
|                                 Eval/Return |             969 |
-----------------------------------------------------------------
-----------------------------------------------------------------
|                                 Train/Steps |           5e+06 |
|                            Loss/Loss_critic |          0.0252 |
|                             Loss/Loss_actor |             -98 |
|                             Loss/Loss_alpha |       -9.43e-05 |
|               Loss/Loss_state_action_metric |        0.000657 |
|                      Loss/Loss_state_metric |        0.000589 |
|             Loss/Loss_state_action_to_state |        2.07e-07 |
|                           Loss/Act_rep_loss |          0.0273 |
|                                   SAC/Alpha |         0.00183 |
|                              SAC/LogPi_mean |            2.95 |
|                                 SAC/Q1_mean |              98 |
|                                 SAC/Q2_mean |              98 |
|                            Norm/actor_model |             158 |
|                           Norm/critic_model |             199 |
|              Norm/state_action_metric_model |             104 |
|                     Norm/state_metric_model |             103 |
|        Norm/state_action_state_metric_model |             107 |
|                  Metric/self_state_distance |          0.0017 |
|                 Metric/cross_state_distance |            0.97 |
|           Metric/self_state_action_distance |         0.00167 |
|          Metric/cross_state_action_distance |           0.964 |
|             Metric/avg_self_state_asymmetry |               0 |
|            Metric/avg_cross_state_asymmetry |        0.000134 |
|                Metric/avg_self_sa_asymmetry |               0 |
|               Metric/avg_cross_sa_asymmetry |        0.000127 |
|  Metric/self_state_action_to_state_distance |        1.85e-05 |
| Metric/cross_state_action_to_state_distance |           0.964 |
|                   Metric/h_lambda_diff_self |         0.00165 |
|                  Metric/h_lambda_diff_cross |         0.00023 |
|                                 Eval/Return |             974 |
-----------------------------------------------------------------
[32mSaving model …[0m
[32mDone.[0m
[32mSaving model …[0m
[32mDone.[0m
