E0923 01:50:18.802759 3028722 cuda_executor.cc:1526] Could not get kernel mode driver version: (INVALID_ARGUMENT: Version does not match the format X.Y.Z)
E0923 01:50:18.811356 3028613 cuda_executor.cc:1526] Could not get kernel mode driver version: (INVALID_ARGUMENT: Version does not match the format X.Y.Z)
[32mStart prefilling replay buffer[0m
[32mStart SAC training[0m
[32m{'log_freq': 1000, 'save_freq': 1000000, 'eval_episode_freq': 10, 'hidden_size': 256, 'lr': 0.001, 'max_grad_norm': 0.0, 'gamma': 0.99, 'update_tau': 0.005, 'train_per_step': 8, 'episode_length': 1000, 'warmup_samples': 8192, 'max_replay_size': 4000000, 'batch_size': 512, 'total_env_steps': 5000000, 'init_temperature': 0.1, 'nstep': 3, 'bootstrap_on_truncation': True, 'rep_lr_scale': 1.5, 'vis_feq': 100000, 'n_vis_frames': 4, 'num_envs': 128, 'grad_steps': 50, 'transfer_freq': 10, 'transfer_steps': 8, 'reward_scaling': 1.0, 'num_eval_envs': 128, 'target_entropy': -1.0}[0m
[32m[nstep] nstep=3 bootstrap_on_truncation=True (discount from the buffer already contains gamma^nstep)[0m
--------------------------------------------------------
|                        Train/Steps |        1.36e+05 |
|                   Loss/Loss_critic |            2.05 |
|                    Loss/Loss_actor |           -52.1 |
|                    Loss/Loss_alpha |        -0.00548 |
|      Loss/Loss_state_action_metric |         0.00546 |
|             Loss/Loss_state_metric |         0.00309 |
|                  Loss/Act_rep_loss |           0.136 |
|                          SAC/Alpha |          0.0597 |
|                     SAC/LogPi_mean |            1.16 |
|                        SAC/Q1_mean |            51.8 |
|                        SAC/Q2_mean |            51.7 |
|                   Norm/actor_model |            61.8 |
|                  Norm/critic_model |            87.3 |
|     Norm/state_action_metric_model |              30 |
|            Norm/state_metric_model |            30.6 |
|         Metric/self_state_distance |        0.000453 |
|        Metric/cross_state_distance |            1.05 |
|  Metric/self_state_action_distance |         0.00248 |
| Metric/cross_state_action_distance |            1.05 |
|    Metric/avg_self_state_asymmetry |               0 |
|   Metric/avg_cross_state_asymmetry |         0.00945 |
|       Metric/avg_self_sa_asymmetry |               0 |
|      Metric/avg_cross_sa_asymmetry |         0.00849 |
|                        Eval/Return |             847 |
--------------------------------------------------------
--------------------------------------------------------
|                        Train/Steps |        2.64e+05 |
|                   Loss/Loss_critic |           0.882 |
|                    Loss/Loss_actor |           -80.8 |
|                    Loss/Loss_alpha |        0.000136 |
|      Loss/Loss_state_action_metric |         0.00671 |
|             Loss/Loss_state_metric |         0.00339 |
|                  Loss/Act_rep_loss |           0.121 |
|                          SAC/Alpha |          0.0403 |
|                     SAC/LogPi_mean |           0.981 |
|                        SAC/Q1_mean |            80.7 |
|                        SAC/Q2_mean |            80.7 |
|                   Norm/actor_model |            76.5 |
|                  Norm/critic_model |             105 |
|     Norm/state_action_metric_model |            30.8 |
|            Norm/state_metric_model |            31.6 |
|         Metric/self_state_distance |        0.000534 |
|        Metric/cross_state_distance |           0.993 |
|  Metric/self_state_action_distance |         0.00118 |
| Metric/cross_state_action_distance |           0.995 |
|    Metric/avg_self_state_asymmetry |               0 |
|   Metric/avg_cross_state_asymmetry |         0.00503 |
|       Metric/avg_self_sa_asymmetry |               0 |
|      Metric/avg_cross_sa_asymmetry |         0.00457 |
|                        Eval/Return |             961 |
--------------------------------------------------------
--------------------------------------------------------
|                        Train/Steps |        3.92e+05 |
|                   Loss/Loss_critic |           0.696 |
|                    Loss/Loss_actor |           -89.3 |
|                    Loss/Loss_alpha |        -0.00263 |
|      Loss/Loss_state_action_metric |         0.00413 |
|             Loss/Loss_state_metric |          0.0026 |
|                  Loss/Act_rep_loss |           0.146 |
|                          SAC/Alpha |          0.0306 |
|                     SAC/LogPi_mean |               1 |
|                        SAC/Q1_mean |            89.1 |
|                        SAC/Q2_mean |            89.1 |
|                   Norm/actor_model |            87.7 |
|                  Norm/critic_model |             115 |
|     Norm/state_action_metric_model |            32.3 |
|            Norm/state_metric_model |            33.5 |
|         Metric/self_state_distance |        0.000341 |
|        Metric/cross_state_distance |           0.975 |
|  Metric/self_state_action_distance |         0.00162 |
| Metric/cross_state_action_distance |            0.97 |
|    Metric/avg_self_state_asymmetry |               0 |
|   Metric/avg_cross_state_asymmetry |         0.00392 |
|       Metric/avg_self_sa_asymmetry |               0 |
|      Metric/avg_cross_sa_asymmetry |         0.00392 |
|                        Eval/Return |             955 |
--------------------------------------------------------
--------------------------------------------------------
|                        Train/Steps |         5.2e+05 |
|                   Loss/Loss_critic |           0.481 |
|                    Loss/Loss_actor |           -94.3 |
|                    Loss/Loss_alpha |       -0.000478 |
|      Loss/Loss_state_action_metric |         0.00481 |
|             Loss/Loss_state_metric |         0.00329 |
|                  Loss/Act_rep_loss |          0.0806 |
|                          SAC/Alpha |          0.0222 |
|                     SAC/LogPi_mean |            1.18 |
|                        SAC/Q1_mean |            94.4 |
|                        SAC/Q2_mean |            94.1 |
|                   Norm/actor_model |            96.4 |
|                  Norm/critic_model |             121 |
|     Norm/state_action_metric_model |              35 |
|            Norm/state_metric_model |            36.2 |
|         Metric/self_state_distance |        0.000527 |
|        Metric/cross_state_distance |           0.963 |
|  Metric/self_state_action_distance |        0.000651 |
| Metric/cross_state_action_distance |           0.955 |
|    Metric/avg_self_state_asymmetry |               0 |
|   Metric/avg_cross_state_asymmetry |         0.00276 |
|       Metric/avg_self_sa_asymmetry |               0 |
|      Metric/avg_cross_sa_asymmetry |         0.00344 |
|                        Eval/Return |             978 |
--------------------------------------------------------
--------------------------------------------------------
|                        Train/Steps |        6.48e+05 |
|                   Loss/Loss_critic |           0.337 |
|                    Loss/Loss_actor |           -95.9 |
|                    Loss/Loss_alpha |          0.0033 |
|      Loss/Loss_state_action_metric |         0.00444 |
|             Loss/Loss_state_metric |         0.00194 |
|                  Loss/Act_rep_loss |          0.0723 |
|                          SAC/Alpha |          0.0182 |
|                     SAC/LogPi_mean |           0.774 |
|                        SAC/Q1_mean |            95.8 |
|                        SAC/Q2_mean |            95.9 |
|                   Norm/actor_model |             104 |
|                  Norm/critic_model |             126 |
|     Norm/state_action_metric_model |            37.7 |
|            Norm/state_metric_model |            38.9 |
|         Metric/self_state_distance |        0.000154 |
|        Metric/cross_state_distance |           0.956 |
|  Metric/self_state_action_distance |         0.00087 |
| Metric/cross_state_action_distance |           0.947 |
|    Metric/avg_self_state_asymmetry |               0 |
|   Metric/avg_cross_state_asymmetry |         0.00241 |
|       Metric/avg_self_sa_asymmetry |               0 |
|      Metric/avg_cross_sa_asymmetry |         0.00224 |
|                        Eval/Return |             979 |
--------------------------------------------------------
--------------------------------------------------------
|                        Train/Steps |        7.76e+05 |
|                   Loss/Loss_critic |           0.231 |
|                    Loss/Loss_actor |           -96.8 |
|                    Loss/Loss_alpha |        0.000354 |
|      Loss/Loss_state_action_metric |         0.00494 |
|             Loss/Loss_state_metric |         0.00189 |
|                  Loss/Act_rep_loss |          0.0576 |
|                          SAC/Alpha |           0.016 |
|                     SAC/LogPi_mean |            1.01 |
|                        SAC/Q1_mean |            96.8 |
|                        SAC/Q2_mean |            96.8 |
|                   Norm/actor_model |             112 |
|                  Norm/critic_model |             131 |
|     Norm/state_action_metric_model |            40.6 |
|            Norm/state_metric_model |            42.4 |
|         Metric/self_state_distance |        0.000949 |
|        Metric/cross_state_distance |           0.952 |
|  Metric/self_state_action_distance |        0.000405 |
| Metric/cross_state_action_distance |           0.945 |
|    Metric/avg_self_state_asymmetry |               0 |
|   Metric/avg_cross_state_asymmetry |         0.00172 |
|       Metric/avg_self_sa_asymmetry |               0 |
|      Metric/avg_cross_sa_asymmetry |         0.00215 |
|                        Eval/Return |             960 |
--------------------------------------------------------
--------------------------------------------------------
|                        Train/Steps |        9.04e+05 |
|                   Loss/Loss_critic |           0.283 |
|                    Loss/Loss_actor |           -97.1 |
|                    Loss/Loss_alpha |        -0.00107 |
|      Loss/Loss_state_action_metric |         0.00468 |
|             Loss/Loss_state_metric |         0.00217 |
|                  Loss/Act_rep_loss |          0.0612 |
|                          SAC/Alpha |          0.0142 |
|                     SAC/LogPi_mean |            1.09 |
|                        SAC/Q1_mean |            97.1 |
|                        SAC/Q2_mean |            97.1 |
|                   Norm/actor_model |             118 |
|                  Norm/critic_model |             135 |
|     Norm/state_action_metric_model |            43.4 |
|            Norm/state_metric_model |            45.3 |
|         Metric/self_state_distance |        0.000294 |
|        Metric/cross_state_distance |           0.948 |
|  Metric/self_state_action_distance |         0.00135 |
| Metric/cross_state_action_distance |           0.937 |
|    Metric/avg_self_state_asymmetry |               0 |
|   Metric/avg_cross_state_asymmetry |         0.00165 |
|       Metric/avg_self_sa_asymmetry |               0 |
|      Metric/avg_cross_sa_asymmetry |         0.00234 |
|                        Eval/Return |             980 |
--------------------------------------------------------
--------------------------------------------------------
|                        Train/Steps |        1.03e+06 |
|                   Loss/Loss_critic |           0.265 |
|                    Loss/Loss_actor |           -96.7 |
|                    Loss/Loss_alpha |        -0.00426 |
|      Loss/Loss_state_action_metric |         0.00328 |
|             Loss/Loss_state_metric |         0.00197 |
|                  Loss/Act_rep_loss |          0.0405 |
|                          SAC/Alpha |          0.0127 |
|                     SAC/LogPi_mean |             1.4 |
|                        SAC/Q1_mean |            96.7 |
|                        SAC/Q2_mean |            96.7 |
|                   Norm/actor_model |             124 |
|                  Norm/critic_model |             140 |
|     Norm/state_action_metric_model |            46.2 |
|            Norm/state_metric_model |            48.8 |
|         Metric/self_state_distance |        0.000453 |
|        Metric/cross_state_distance |            0.96 |
|  Metric/self_state_action_distance |        0.000443 |
| Metric/cross_state_action_distance |           0.954 |
|    Metric/avg_self_state_asymmetry |               0 |
|   Metric/avg_cross_state_asymmetry |         0.00194 |
|       Metric/avg_self_sa_asymmetry |               0 |
|      Metric/avg_cross_sa_asymmetry |         0.00257 |
|                        Eval/Return |             963 |
--------------------------------------------------------
[32mSaving model …[0m
[32mDone.[0m
[32mSaving model …[0m
[32mDone.[0m
[32mSaving model …[0m
[32mDone.[0m
[32mSaving model …[0m
[32mDone.[0m
--------------------------------------------------------
|                        Train/Steps |        1.16e+06 |
|                   Loss/Loss_critic |           0.166 |
|                    Loss/Loss_actor |           -97.2 |
|                    Loss/Loss_alpha |        -0.00104 |
|      Loss/Loss_state_action_metric |         0.00322 |
|             Loss/Loss_state_metric |         0.00234 |
|                  Loss/Act_rep_loss |          0.0348 |
|                          SAC/Alpha |          0.0106 |
|                     SAC/LogPi_mean |            1.27 |
|                        SAC/Q1_mean |            97.2 |
|                        SAC/Q2_mean |            97.2 |
|                   Norm/actor_model |             129 |
|                  Norm/critic_model |             144 |
|     Norm/state_action_metric_model |            47.8 |
|            Norm/state_metric_model |            51.3 |
|         Metric/self_state_distance |        0.000232 |
|        Metric/cross_state_distance |           0.952 |
|  Metric/self_state_action_distance |        0.000187 |
| Metric/cross_state_action_distance |           0.944 |
|    Metric/avg_self_state_asymmetry |               0 |
|   Metric/avg_cross_state_asymmetry |         0.00139 |
|       Metric/avg_self_sa_asymmetry |               0 |
|      Metric/avg_cross_sa_asymmetry |         0.00227 |
|                        Eval/Return |             968 |
--------------------------------------------------------
--------------------------------------------------------
|                        Train/Steps |        1.29e+06 |
|                   Loss/Loss_critic |           0.176 |
|                    Loss/Loss_actor |           -97.5 |
|                    Loss/Loss_alpha |       -0.000853 |
|      Loss/Loss_state_action_metric |         0.00316 |
|             Loss/Loss_state_metric |         0.00184 |
|                  Loss/Act_rep_loss |          0.0301 |
|                          SAC/Alpha |         0.00969 |
|                     SAC/LogPi_mean |            1.07 |
|                        SAC/Q1_mean |            97.5 |
|                        SAC/Q2_mean |            97.5 |
|                   Norm/actor_model |             135 |
|                  Norm/critic_model |             148 |
|     Norm/state_action_metric_model |            50.7 |
|            Norm/state_metric_model |            54.9 |
|         Metric/self_state_distance |        0.000393 |
|        Metric/cross_state_distance |           0.953 |
|  Metric/self_state_action_distance |        0.000344 |
| Metric/cross_state_action_distance |           0.942 |
|    Metric/avg_self_state_asymmetry |               0 |
|   Metric/avg_cross_state_asymmetry |         0.00166 |
|       Metric/avg_self_sa_asymmetry |               0 |
|      Metric/avg_cross_sa_asymmetry |           0.002 |
|                        Eval/Return |             971 |
--------------------------------------------------------
--------------------------------------------------------
|                        Train/Steps |        1.42e+06 |
|                   Loss/Loss_critic |           0.221 |
|                    Loss/Loss_actor |           -97.7 |
|                    Loss/Loss_alpha |        -0.00161 |
|      Loss/Loss_state_action_metric |         0.00316 |
|             Loss/Loss_state_metric |         0.00186 |
|                  Loss/Act_rep_loss |           0.036 |
|                          SAC/Alpha |         0.00927 |
|                     SAC/LogPi_mean |            1.13 |
|                        SAC/Q1_mean |            97.7 |
|                        SAC/Q2_mean |            97.6 |
|                   Norm/actor_model |             140 |
|                  Norm/critic_model |             152 |
|     Norm/state_action_metric_model |            52.6 |
|            Norm/state_metric_model |            57.5 |
|         Metric/self_state_distance |        0.000188 |
|        Metric/cross_state_distance |            0.95 |
|  Metric/self_state_action_distance |        4.29e-05 |
| Metric/cross_state_action_distance |           0.939 |
|    Metric/avg_self_state_asymmetry |               0 |
|   Metric/avg_cross_state_asymmetry |         0.00158 |
|       Metric/avg_self_sa_asymmetry |               0 |
|      Metric/avg_cross_sa_asymmetry |         0.00195 |
|                        Eval/Return |             981 |
--------------------------------------------------------
--------------------------------------------------------
|                        Train/Steps |        1.54e+06 |
|                   Loss/Loss_critic |           0.166 |
|                    Loss/Loss_actor |           -98.2 |
|                    Loss/Loss_alpha |       -0.000152 |
|      Loss/Loss_state_action_metric |         0.00287 |
|             Loss/Loss_state_metric |         0.00214 |
|                  Loss/Act_rep_loss |          0.0373 |
|                          SAC/Alpha |         0.00822 |
|                     SAC/LogPi_mean |            0.98 |
|                        SAC/Q1_mean |            98.3 |
|                        SAC/Q2_mean |            98.2 |
|                   Norm/actor_model |             145 |
|                  Norm/critic_model |             156 |
|     Norm/state_action_metric_model |            55.6 |
|            Norm/state_metric_model |              60 |
|         Metric/self_state_distance |        0.000658 |
|        Metric/cross_state_distance |           0.942 |
|  Metric/self_state_action_distance |        0.000362 |
| Metric/cross_state_action_distance |           0.932 |
|    Metric/avg_self_state_asymmetry |               0 |
|   Metric/avg_cross_state_asymmetry |         0.00117 |
|       Metric/avg_self_sa_asymmetry |               0 |
|      Metric/avg_cross_sa_asymmetry |         0.00194 |
|                        Eval/Return |             982 |
--------------------------------------------------------
--------------------------------------------------------
|                        Train/Steps |        1.67e+06 |
|                   Loss/Loss_critic |           0.143 |
|                    Loss/Loss_actor |           -98.1 |
|                    Loss/Loss_alpha |        -0.00139 |
|      Loss/Loss_state_action_metric |         0.00438 |
|             Loss/Loss_state_metric |         0.00291 |
|                  Loss/Act_rep_loss |          0.0305 |
|                          SAC/Alpha |         0.00798 |
|                     SAC/LogPi_mean |            1.23 |
|                        SAC/Q1_mean |            98.1 |
|                        SAC/Q2_mean |            98.2 |
|                   Norm/actor_model |             149 |
|                  Norm/critic_model |             160 |
|     Norm/state_action_metric_model |            57.9 |
|            Norm/state_metric_model |            62.7 |
|         Metric/self_state_distance |        0.000686 |
|        Metric/cross_state_distance |           0.941 |
|  Metric/self_state_action_distance |         0.00084 |
| Metric/cross_state_action_distance |            0.93 |
|    Metric/avg_self_state_asymmetry |               0 |
|   Metric/avg_cross_state_asymmetry |         0.00139 |
|       Metric/avg_self_sa_asymmetry |               0 |
|      Metric/avg_cross_sa_asymmetry |         0.00206 |
|                        Eval/Return |             970 |
--------------------------------------------------------
--------------------------------------------------------
|                        Train/Steps |         1.8e+06 |
|                   Loss/Loss_critic |           0.157 |
|                    Loss/Loss_actor |             -98 |
|                    Loss/Loss_alpha |        -0.00108 |
|      Loss/Loss_state_action_metric |         0.00343 |
|             Loss/Loss_state_metric |         0.00216 |
|                  Loss/Act_rep_loss |          0.0292 |
|                          SAC/Alpha |         0.00769 |
|                     SAC/LogPi_mean |            1.19 |
|                        SAC/Q1_mean |              98 |
|                        SAC/Q2_mean |              98 |
|                   Norm/actor_model |             153 |
|                  Norm/critic_model |             164 |
|     Norm/state_action_metric_model |            60.6 |
|            Norm/state_metric_model |            64.8 |
|         Metric/self_state_distance |         0.00016 |
|        Metric/cross_state_distance |           0.945 |
|  Metric/self_state_action_distance |        0.000633 |
| Metric/cross_state_action_distance |           0.934 |
|    Metric/avg_self_state_asymmetry |               0 |
|   Metric/avg_cross_state_asymmetry |         0.00148 |
|       Metric/avg_self_sa_asymmetry |               0 |
|      Metric/avg_cross_sa_asymmetry |         0.00204 |
|                        Eval/Return |             960 |
--------------------------------------------------------
--------------------------------------------------------
|                        Train/Steps |        1.93e+06 |
|                   Loss/Loss_critic |           0.177 |
|                    Loss/Loss_actor |           -98.3 |
|                    Loss/Loss_alpha |       -0.000908 |
|      Loss/Loss_state_action_metric |         0.00388 |
|             Loss/Loss_state_metric |         0.00212 |
|                  Loss/Act_rep_loss |          0.0376 |
|                          SAC/Alpha |         0.00713 |
|                     SAC/LogPi_mean |             1.2 |
|                        SAC/Q1_mean |            98.4 |
|                        SAC/Q2_mean |            98.3 |
|                   Norm/actor_model |             157 |
|                  Norm/critic_model |             168 |
|     Norm/state_action_metric_model |            62.3 |
|            Norm/state_metric_model |            67.1 |
|         Metric/self_state_distance |        0.000557 |
|        Metric/cross_state_distance |           0.934 |
|  Metric/self_state_action_distance |        0.000188 |
| Metric/cross_state_action_distance |           0.928 |
|    Metric/avg_self_state_asymmetry |               0 |
|   Metric/avg_cross_state_asymmetry |         0.00162 |
|       Metric/avg_self_sa_asymmetry |               0 |
|      Metric/avg_cross_sa_asymmetry |         0.00216 |
|                        Eval/Return |             972 |
--------------------------------------------------------
--------------------------------------------------------
|                        Train/Steps |        2.06e+06 |
|                   Loss/Loss_critic |            0.16 |
|                    Loss/Loss_actor |           -98.8 |
|                    Loss/Loss_alpha |       -5.55e-05 |
|      Loss/Loss_state_action_metric |         0.00256 |
|             Loss/Loss_state_metric |         0.00162 |
|                  Loss/Act_rep_loss |          0.0278 |
|                          SAC/Alpha |         0.00651 |
|                     SAC/LogPi_mean |            1.03 |
|                        SAC/Q1_mean |            98.8 |
|                        SAC/Q2_mean |            98.8 |
|                   Norm/actor_model |             161 |
|                  Norm/critic_model |             171 |
|     Norm/state_action_metric_model |            65.1 |
|            Norm/state_metric_model |            69.5 |
|         Metric/self_state_distance |        0.000944 |
|        Metric/cross_state_distance |            0.94 |
|  Metric/self_state_action_distance |        0.000498 |
| Metric/cross_state_action_distance |           0.923 |
|    Metric/avg_self_state_asymmetry |               0 |
|   Metric/avg_cross_state_asymmetry |         0.00177 |
|       Metric/avg_self_sa_asymmetry |               0 |
|      Metric/avg_cross_sa_asymmetry |         0.00195 |
|                        Eval/Return |             965 |
--------------------------------------------------------
[32mSaving model …[0m
[32mDone.[0m
[32mSaving model …[0m
[32mDone.[0m
[32mSaving model …[0m
[32mDone.[0m
[32mSaving model …[0m
[32mDone.[0m
--------------------------------------------------------
|                        Train/Steps |        2.18e+06 |
|                   Loss/Loss_critic |           0.161 |
|                    Loss/Loss_actor |           -98.3 |
|                    Loss/Loss_alpha |        0.000252 |
|      Loss/Loss_state_action_metric |         0.00429 |
|             Loss/Loss_state_metric |         0.00171 |
|                  Loss/Act_rep_loss |          0.0291 |
|                          SAC/Alpha |         0.00611 |
|                     SAC/LogPi_mean |            1.07 |
|                        SAC/Q1_mean |            98.3 |
|                        SAC/Q2_mean |            98.3 |
|                   Norm/actor_model |             165 |
|                  Norm/critic_model |             175 |
|     Norm/state_action_metric_model |            68.1 |
|            Norm/state_metric_model |            72.6 |
|         Metric/self_state_distance |        0.000527 |
|        Metric/cross_state_distance |           0.943 |
|  Metric/self_state_action_distance |        0.000591 |
| Metric/cross_state_action_distance |           0.927 |
|    Metric/avg_self_state_asymmetry |               0 |
|   Metric/avg_cross_state_asymmetry |          0.0014 |
|       Metric/avg_self_sa_asymmetry |               0 |
|      Metric/avg_cross_sa_asymmetry |         0.00166 |
|                        Eval/Return |             954 |
--------------------------------------------------------
--------------------------------------------------------
|                        Train/Steps |        2.31e+06 |
|                   Loss/Loss_critic |          0.0713 |
|                    Loss/Loss_actor |           -99.1 |
|                    Loss/Loss_alpha |        0.000321 |
|      Loss/Loss_state_action_metric |         0.00416 |
|             Loss/Loss_state_metric |         0.00201 |
|                  Loss/Act_rep_loss |          0.0286 |
|                          SAC/Alpha |         0.00618 |
|                     SAC/LogPi_mean |           0.878 |
|                        SAC/Q1_mean |            99.2 |
|                        SAC/Q2_mean |            99.1 |
|                   Norm/actor_model |             168 |
|                  Norm/critic_model |             178 |
|     Norm/state_action_metric_model |            69.6 |
|            Norm/state_metric_model |            74.4 |
|         Metric/self_state_distance |        8.31e-05 |
|        Metric/cross_state_distance |           0.935 |
|  Metric/self_state_action_distance |        0.000426 |
| Metric/cross_state_action_distance |           0.917 |
|    Metric/avg_self_state_asymmetry |               0 |
|   Metric/avg_cross_state_asymmetry |         0.00138 |
|       Metric/avg_self_sa_asymmetry |               0 |
|      Metric/avg_cross_sa_asymmetry |         0.00156 |
|                        Eval/Return |             966 |
--------------------------------------------------------
--------------------------------------------------------
|                        Train/Steps |        2.44e+06 |
|                   Loss/Loss_critic |           0.103 |
|                    Loss/Loss_actor |           -98.6 |
|                    Loss/Loss_alpha |        -0.00158 |
|      Loss/Loss_state_action_metric |         0.00275 |
|             Loss/Loss_state_metric |         0.00208 |
|                  Loss/Act_rep_loss |          0.0245 |
|                          SAC/Alpha |         0.00591 |
|                     SAC/LogPi_mean |            1.27 |
|                        SAC/Q1_mean |            98.6 |
|                        SAC/Q2_mean |            98.5 |
|                   Norm/actor_model |             172 |
|                  Norm/critic_model |             182 |
|     Norm/state_action_metric_model |            72.1 |
|            Norm/state_metric_model |            76.3 |
|         Metric/self_state_distance |        2.24e-05 |
|        Metric/cross_state_distance |           0.941 |
|  Metric/self_state_action_distance |         0.00101 |
| Metric/cross_state_action_distance |           0.925 |
|    Metric/avg_self_state_asymmetry |               0 |
|   Metric/avg_cross_state_asymmetry |         0.00166 |
|       Metric/avg_self_sa_asymmetry |               0 |
|      Metric/avg_cross_sa_asymmetry |         0.00221 |
|                        Eval/Return |             970 |
--------------------------------------------------------
--------------------------------------------------------
|                        Train/Steps |        2.57e+06 |
|                   Loss/Loss_critic |           0.106 |
|                    Loss/Loss_actor |           -98.6 |
|                    Loss/Loss_alpha |        0.000644 |
|      Loss/Loss_state_action_metric |         0.00316 |
|             Loss/Loss_state_metric |         0.00244 |
|                  Loss/Act_rep_loss |          0.0282 |
|                          SAC/Alpha |         0.00576 |
|                     SAC/LogPi_mean |           0.876 |
|                        SAC/Q1_mean |            98.6 |
|                        SAC/Q2_mean |            98.6 |
|                   Norm/actor_model |             175 |
|                  Norm/critic_model |             185 |
|     Norm/state_action_metric_model |            74.5 |
|            Norm/state_metric_model |            79.5 |
|         Metric/self_state_distance |        0.000334 |
|        Metric/cross_state_distance |           0.933 |
|  Metric/self_state_action_distance |         0.00031 |
| Metric/cross_state_action_distance |           0.919 |
|    Metric/avg_self_state_asymmetry |               0 |
|   Metric/avg_cross_state_asymmetry |         0.00115 |
|       Metric/avg_self_sa_asymmetry |               0 |
|      Metric/avg_cross_sa_asymmetry |         0.00186 |
|                        Eval/Return |             980 |
--------------------------------------------------------
--------------------------------------------------------
|                        Train/Steps |         2.7e+06 |
|                   Loss/Loss_critic |          0.0895 |
|                    Loss/Loss_actor |           -98.7 |
|                    Loss/Loss_alpha |       -0.000636 |
|      Loss/Loss_state_action_metric |         0.00431 |
|             Loss/Loss_state_metric |         0.00319 |
|                  Loss/Act_rep_loss |          0.0233 |
|                          SAC/Alpha |         0.00525 |
|                     SAC/LogPi_mean |            1.15 |
|                        SAC/Q1_mean |            98.7 |
|                        SAC/Q2_mean |            98.8 |
|                   Norm/actor_model |             178 |
|                  Norm/critic_model |             189 |
|     Norm/state_action_metric_model |            76.8 |
|            Norm/state_metric_model |            82.2 |
|         Metric/self_state_distance |        0.000481 |
|        Metric/cross_state_distance |           0.932 |
|  Metric/self_state_action_distance |        0.000695 |
| Metric/cross_state_action_distance |           0.917 |
|    Metric/avg_self_state_asymmetry |               0 |
|   Metric/avg_cross_state_asymmetry |         0.00144 |
|       Metric/avg_self_sa_asymmetry |               0 |
|      Metric/avg_cross_sa_asymmetry |         0.00194 |
|                        Eval/Return |             971 |
--------------------------------------------------------
--------------------------------------------------------
|                        Train/Steps |        2.82e+06 |
|                   Loss/Loss_critic |          0.0744 |
|                    Loss/Loss_actor |           -98.9 |
|                    Loss/Loss_alpha |        0.000487 |
|      Loss/Loss_state_action_metric |         0.00233 |
|             Loss/Loss_state_metric |         0.00165 |
|                  Loss/Act_rep_loss |          0.0202 |
|                          SAC/Alpha |         0.00548 |
|                     SAC/LogPi_mean |            1.03 |
|                        SAC/Q1_mean |            98.8 |
|                        SAC/Q2_mean |            98.9 |
|                   Norm/actor_model |             181 |
|                  Norm/critic_model |             192 |
|     Norm/state_action_metric_model |            78.8 |
|            Norm/state_metric_model |            83.5 |
|         Metric/self_state_distance |         0.00026 |
|        Metric/cross_state_distance |           0.936 |
|  Metric/self_state_action_distance |        0.000755 |
| Metric/cross_state_action_distance |           0.921 |
|    Metric/avg_self_state_asymmetry |               0 |
|   Metric/avg_cross_state_asymmetry |         0.00127 |
|       Metric/avg_self_sa_asymmetry |               0 |
|      Metric/avg_cross_sa_asymmetry |         0.00148 |
|                        Eval/Return |             981 |
--------------------------------------------------------
--------------------------------------------------------
|                        Train/Steps |        2.95e+06 |
|                   Loss/Loss_critic |          0.0446 |
|                    Loss/Loss_actor |           -99.3 |
|                    Loss/Loss_alpha |        0.000899 |
|      Loss/Loss_state_action_metric |         0.00245 |
|             Loss/Loss_state_metric |         0.00155 |
|                  Loss/Act_rep_loss |          0.0248 |
|                          SAC/Alpha |         0.00568 |
|                     SAC/LogPi_mean |           0.808 |
|                        SAC/Q1_mean |            99.3 |
|                        SAC/Q2_mean |            99.3 |
|                   Norm/actor_model |             184 |
|                  Norm/critic_model |             195 |
|     Norm/state_action_metric_model |            81.1 |
|            Norm/state_metric_model |            85.8 |
|         Metric/self_state_distance |        0.000192 |
|        Metric/cross_state_distance |           0.932 |
|  Metric/self_state_action_distance |        0.000855 |
| Metric/cross_state_action_distance |           0.917 |
|    Metric/avg_self_state_asymmetry |               0 |
|   Metric/avg_cross_state_asymmetry |         0.00128 |
|       Metric/avg_self_sa_asymmetry |               0 |
|      Metric/avg_cross_sa_asymmetry |         0.00201 |
|                        Eval/Return |             978 |
--------------------------------------------------------
--------------------------------------------------------
|                        Train/Steps |        3.08e+06 |
|                   Loss/Loss_critic |           0.064 |
|                    Loss/Loss_actor |           -98.9 |
|                    Loss/Loss_alpha |        0.000267 |
|      Loss/Loss_state_action_metric |         0.00368 |
|             Loss/Loss_state_metric |         0.00237 |
|                  Loss/Act_rep_loss |          0.0203 |
|                          SAC/Alpha |         0.00572 |
|                     SAC/LogPi_mean |            1.05 |
|                        SAC/Q1_mean |            98.9 |
|                        SAC/Q2_mean |              99 |
|                   Norm/actor_model |             187 |
|                  Norm/critic_model |             198 |
|     Norm/state_action_metric_model |              83 |
|            Norm/state_metric_model |              88 |
|         Metric/self_state_distance |        0.000293 |
|        Metric/cross_state_distance |           0.931 |
|  Metric/self_state_action_distance |        0.000334 |
| Metric/cross_state_action_distance |           0.917 |
|    Metric/avg_self_state_asymmetry |               0 |
|   Metric/avg_cross_state_asymmetry |         0.00107 |
|       Metric/avg_self_sa_asymmetry |               0 |
|      Metric/avg_cross_sa_asymmetry |         0.00173 |
|                        Eval/Return |             966 |
--------------------------------------------------------
[32mSaving model …[0m
[32mDone.[0m
[32mSaving model …[0m
[32mDone.[0m
[32mSaving model …[0m
[32mDone.[0m
[32mSaving model …[0m
[32mDone.[0m
--------------------------------------------------------
|                        Train/Steps |        3.21e+06 |
|                   Loss/Loss_critic |           0.115 |
|                    Loss/Loss_actor |           -99.2 |
|                    Loss/Loss_alpha |        2.86e-05 |
|      Loss/Loss_state_action_metric |         0.00298 |
|             Loss/Loss_state_metric |         0.00237 |
|                  Loss/Act_rep_loss |          0.0196 |
|                          SAC/Alpha |         0.00521 |
|                     SAC/LogPi_mean |            1.06 |
|                        SAC/Q1_mean |            99.2 |
|                        SAC/Q2_mean |            99.4 |
|                   Norm/actor_model |             190 |
|                  Norm/critic_model |             201 |
|     Norm/state_action_metric_model |            85.1 |
|            Norm/state_metric_model |            89.7 |
|         Metric/self_state_distance |        6.41e-05 |
|        Metric/cross_state_distance |           0.931 |
|  Metric/self_state_action_distance |        0.000607 |
| Metric/cross_state_action_distance |           0.917 |
|    Metric/avg_self_state_asymmetry |               0 |
|   Metric/avg_cross_state_asymmetry |         0.00114 |
|       Metric/avg_self_sa_asymmetry |               0 |
|      Metric/avg_cross_sa_asymmetry |         0.00154 |
|                        Eval/Return |             979 |
--------------------------------------------------------
--------------------------------------------------------
|                        Train/Steps |        3.34e+06 |
|                   Loss/Loss_critic |          0.0347 |
|                    Loss/Loss_actor |           -99.4 |
|                    Loss/Loss_alpha |        0.000269 |
|      Loss/Loss_state_action_metric |         0.00261 |
|             Loss/Loss_state_metric |         0.00157 |
|                  Loss/Act_rep_loss |          0.0203 |
|                          SAC/Alpha |         0.00471 |
|                     SAC/LogPi_mean |            0.93 |
|                        SAC/Q1_mean |            99.4 |
|                        SAC/Q2_mean |            99.4 |
|                   Norm/actor_model |             193 |
|                  Norm/critic_model |             204 |
|     Norm/state_action_metric_model |            87.2 |
|            Norm/state_metric_model |            92.3 |
|         Metric/self_state_distance |        0.000214 |
|        Metric/cross_state_distance |            0.93 |
|  Metric/self_state_action_distance |        0.000716 |
| Metric/cross_state_action_distance |           0.916 |
|    Metric/avg_self_state_asymmetry |               0 |
|   Metric/avg_cross_state_asymmetry |         0.00102 |
|       Metric/avg_self_sa_asymmetry |               0 |
|      Metric/avg_cross_sa_asymmetry |         0.00126 |
|                        Eval/Return |             973 |
--------------------------------------------------------
--------------------------------------------------------
|                        Train/Steps |        3.46e+06 |
|                   Loss/Loss_critic |          0.0648 |
|                    Loss/Loss_actor |             -99 |
|                    Loss/Loss_alpha |       -0.000371 |
|      Loss/Loss_state_action_metric |         0.00346 |
|             Loss/Loss_state_metric |         0.00201 |
|                  Loss/Act_rep_loss |          0.0216 |
|                          SAC/Alpha |         0.00438 |
|                     SAC/LogPi_mean |            1.09 |
|                        SAC/Q1_mean |              99 |
|                        SAC/Q2_mean |              99 |
|                   Norm/actor_model |             196 |
|                  Norm/critic_model |             207 |
|     Norm/state_action_metric_model |            89.4 |
|            Norm/state_metric_model |              94 |
|         Metric/self_state_distance |        0.000151 |
|        Metric/cross_state_distance |           0.936 |
|  Metric/self_state_action_distance |         0.00145 |
| Metric/cross_state_action_distance |           0.919 |
|    Metric/avg_self_state_asymmetry |               0 |
|   Metric/avg_cross_state_asymmetry |         0.00131 |
|       Metric/avg_self_sa_asymmetry |               0 |
|      Metric/avg_cross_sa_asymmetry |         0.00177 |
|                        Eval/Return |             973 |
--------------------------------------------------------
--------------------------------------------------------
|                        Train/Steps |        3.59e+06 |
|                   Loss/Loss_critic |          0.0571 |
|                    Loss/Loss_actor |           -99.2 |
|                    Loss/Loss_alpha |        0.000757 |
|      Loss/Loss_state_action_metric |         0.00299 |
|             Loss/Loss_state_metric |         0.00157 |
|                  Loss/Act_rep_loss |          0.0261 |
|                          SAC/Alpha |         0.00518 |
|                     SAC/LogPi_mean |           0.747 |
|                        SAC/Q1_mean |            99.2 |
|                        SAC/Q2_mean |            99.2 |
|                   Norm/actor_model |             199 |
|                  Norm/critic_model |             209 |
|     Norm/state_action_metric_model |            90.4 |
|            Norm/state_metric_model |            96.5 |
|         Metric/self_state_distance |         0.00028 |
|        Metric/cross_state_distance |           0.933 |
|  Metric/self_state_action_distance |        7.01e-05 |
| Metric/cross_state_action_distance |           0.919 |
|    Metric/avg_self_state_asymmetry |               0 |
|   Metric/avg_cross_state_asymmetry |         0.00121 |
|       Metric/avg_self_sa_asymmetry |               0 |
|      Metric/avg_cross_sa_asymmetry |         0.00143 |
|                        Eval/Return |             979 |
--------------------------------------------------------
--------------------------------------------------------
|                        Train/Steps |        3.72e+06 |
|                   Loss/Loss_critic |          0.0695 |
|                    Loss/Loss_actor |           -98.8 |
|                    Loss/Loss_alpha |       -0.000435 |
|      Loss/Loss_state_action_metric |         0.00279 |
|             Loss/Loss_state_metric |         0.00166 |
|                  Loss/Act_rep_loss |          0.0258 |
|                          SAC/Alpha |         0.00445 |
|                     SAC/LogPi_mean |            1.02 |
|                        SAC/Q1_mean |            98.9 |
|                        SAC/Q2_mean |            98.9 |
|                   Norm/actor_model |             201 |
|                  Norm/critic_model |             212 |
|     Norm/state_action_metric_model |            92.9 |
|            Norm/state_metric_model |            98.3 |
|         Metric/self_state_distance |        0.000455 |
|        Metric/cross_state_distance |           0.936 |
|  Metric/self_state_action_distance |          0.0011 |
| Metric/cross_state_action_distance |           0.923 |
|    Metric/avg_self_state_asymmetry |               0 |
|   Metric/avg_cross_state_asymmetry |         0.00105 |
|       Metric/avg_self_sa_asymmetry |               0 |
|      Metric/avg_cross_sa_asymmetry |         0.00138 |
|                        Eval/Return |             976 |
--------------------------------------------------------
--------------------------------------------------------
|                        Train/Steps |        3.85e+06 |
|                   Loss/Loss_critic |          0.0716 |
|                    Loss/Loss_actor |           -99.2 |
|                    Loss/Loss_alpha |       -0.000563 |
|      Loss/Loss_state_action_metric |         0.00311 |
|             Loss/Loss_state_metric |         0.00234 |
|                  Loss/Act_rep_loss |          0.0182 |
|                          SAC/Alpha |         0.00565 |
|                     SAC/LogPi_mean |            1.05 |
|                        SAC/Q1_mean |            99.3 |
|                        SAC/Q2_mean |            99.2 |
|                   Norm/actor_model |             203 |
|                  Norm/critic_model |             214 |
|     Norm/state_action_metric_model |            94.8 |
|            Norm/state_metric_model |             100 |
|         Metric/self_state_distance |        8.84e-05 |
|        Metric/cross_state_distance |           0.931 |
|  Metric/self_state_action_distance |        0.000968 |
| Metric/cross_state_action_distance |           0.917 |
|    Metric/avg_self_state_asymmetry |               0 |
|   Metric/avg_cross_state_asymmetry |         0.00129 |
|       Metric/avg_self_sa_asymmetry |               0 |
|      Metric/avg_cross_sa_asymmetry |         0.00143 |
|                        Eval/Return |             978 |
--------------------------------------------------------
--------------------------------------------------------
|                        Train/Steps |        3.98e+06 |
|                   Loss/Loss_critic |           0.021 |
|                    Loss/Loss_actor |           -99.1 |
|                    Loss/Loss_alpha |         0.00156 |
|      Loss/Loss_state_action_metric |         0.00299 |
|             Loss/Loss_state_metric |         0.00199 |
|                  Loss/Act_rep_loss |          0.0206 |
|                          SAC/Alpha |         0.00407 |
|                     SAC/LogPi_mean |           0.655 |
|                        SAC/Q1_mean |            99.2 |
|                        SAC/Q2_mean |            99.1 |
|                   Norm/actor_model |             206 |
|                  Norm/critic_model |             216 |
|     Norm/state_action_metric_model |            95.5 |
|            Norm/state_metric_model |             101 |
|         Metric/self_state_distance |        2.48e-05 |
|        Metric/cross_state_distance |           0.926 |
|  Metric/self_state_action_distance |        7.61e-05 |
| Metric/cross_state_action_distance |           0.913 |
|    Metric/avg_self_state_asymmetry |               0 |
|   Metric/avg_cross_state_asymmetry |         0.00109 |
|       Metric/avg_self_sa_asymmetry |               0 |
|      Metric/avg_cross_sa_asymmetry |          0.0015 |
|                        Eval/Return |             980 |
--------------------------------------------------------
--------------------------------------------------------
|                        Train/Steps |         4.1e+06 |
|                   Loss/Loss_critic |          0.0579 |
|                    Loss/Loss_actor |           -99.3 |
|                    Loss/Loss_alpha |        0.000206 |
|      Loss/Loss_state_action_metric |         0.00284 |
|             Loss/Loss_state_metric |         0.00193 |
|                  Loss/Act_rep_loss |          0.0183 |
|                          SAC/Alpha |         0.00328 |
|                     SAC/LogPi_mean |           0.925 |
|                        SAC/Q1_mean |            99.4 |
|                        SAC/Q2_mean |            99.4 |
|                   Norm/actor_model |             208 |
|                  Norm/critic_model |             218 |
|     Norm/state_action_metric_model |            97.8 |
|            Norm/state_metric_model |             103 |
|         Metric/self_state_distance |         2.9e-05 |
|        Metric/cross_state_distance |           0.929 |
|  Metric/self_state_action_distance |         0.00047 |
| Metric/cross_state_action_distance |           0.911 |
|    Metric/avg_self_state_asymmetry |               0 |
|   Metric/avg_cross_state_asymmetry |         0.00111 |
|       Metric/avg_self_sa_asymmetry |               0 |
|      Metric/avg_cross_sa_asymmetry |         0.00154 |
|                        Eval/Return |             964 |
--------------------------------------------------------
[32mSaving model …[0m
[32mDone.[0m
[32mSaving model …[0m
[32mDone.[0m
[32mSaving model …[0m
[32mDone.[0m
[32mSaving model …[0m
[32mDone.[0m
--------------------------------------------------------
|                        Train/Steps |        4.23e+06 |
|                   Loss/Loss_critic |          0.0165 |
|                    Loss/Loss_actor |           -99.6 |
|                    Loss/Loss_alpha |        0.000251 |
|      Loss/Loss_state_action_metric |         0.00245 |
|             Loss/Loss_state_metric |         0.00189 |
|                  Loss/Act_rep_loss |          0.0149 |
|                          SAC/Alpha |         0.00246 |
|                     SAC/LogPi_mean |           0.928 |
|                        SAC/Q1_mean |            99.6 |
|                        SAC/Q2_mean |            99.6 |
|                   Norm/actor_model |             210 |
|                  Norm/critic_model |             220 |
|     Norm/state_action_metric_model |            99.5 |
|            Norm/state_metric_model |             105 |
|         Metric/self_state_distance |        9.09e-05 |
|        Metric/cross_state_distance |           0.926 |
|  Metric/self_state_action_distance |         0.00137 |
| Metric/cross_state_action_distance |            0.91 |
|    Metric/avg_self_state_asymmetry |               0 |
|   Metric/avg_cross_state_asymmetry |        0.000765 |
|       Metric/avg_self_sa_asymmetry |               0 |
|      Metric/avg_cross_sa_asymmetry |         0.00113 |
|                        Eval/Return |             961 |
--------------------------------------------------------
--------------------------------------------------------
|                        Train/Steps |        4.36e+06 |
|                   Loss/Loss_critic |          0.0769 |
|                    Loss/Loss_actor |           -99.6 |
|                    Loss/Loss_alpha |        0.000336 |
|      Loss/Loss_state_action_metric |         0.00285 |
|             Loss/Loss_state_metric |          0.0023 |
|                  Loss/Act_rep_loss |           0.017 |
|                          SAC/Alpha |         0.00224 |
|                     SAC/LogPi_mean |           0.845 |
|                        SAC/Q1_mean |            99.7 |
|                        SAC/Q2_mean |            99.6 |
|                   Norm/actor_model |             212 |
|                  Norm/critic_model |             222 |
|     Norm/state_action_metric_model |             100 |
|            Norm/state_metric_model |             107 |
|         Metric/self_state_distance |        6.47e-05 |
|        Metric/cross_state_distance |           0.922 |
|  Metric/self_state_action_distance |        0.000302 |
| Metric/cross_state_action_distance |           0.905 |
|    Metric/avg_self_state_asymmetry |               0 |
|   Metric/avg_cross_state_asymmetry |         0.00064 |
|       Metric/avg_self_sa_asymmetry |               0 |
|      Metric/avg_cross_sa_asymmetry |        0.000925 |
|                        Eval/Return |             958 |
--------------------------------------------------------
--------------------------------------------------------
|                        Train/Steps |        4.49e+06 |
|                   Loss/Loss_critic |           0.034 |
|                    Loss/Loss_actor |           -99.7 |
|                    Loss/Loss_alpha |        0.000432 |
|      Loss/Loss_state_action_metric |         0.00288 |
|             Loss/Loss_state_metric |          0.0023 |
|                  Loss/Act_rep_loss |          0.0153 |
|                          SAC/Alpha |         0.00209 |
|                     SAC/LogPi_mean |           0.747 |
|                        SAC/Q1_mean |            99.7 |
|                        SAC/Q2_mean |            99.7 |
|                   Norm/actor_model |             214 |
|                  Norm/critic_model |             223 |
|     Norm/state_action_metric_model |             102 |
|            Norm/state_metric_model |             108 |
|         Metric/self_state_distance |        0.000307 |
|        Metric/cross_state_distance |           0.921 |
|  Metric/self_state_action_distance |         0.00181 |
| Metric/cross_state_action_distance |           0.906 |
|    Metric/avg_self_state_asymmetry |               0 |
|   Metric/avg_cross_state_asymmetry |        0.000638 |
|       Metric/avg_self_sa_asymmetry |               0 |
|      Metric/avg_cross_sa_asymmetry |         0.00095 |
|                        Eval/Return |             970 |
--------------------------------------------------------
--------------------------------------------------------
|                        Train/Steps |        4.62e+06 |
|                   Loss/Loss_critic |          0.0207 |
|                    Loss/Loss_actor |           -99.4 |
|                    Loss/Loss_alpha |       -0.000187 |
|      Loss/Loss_state_action_metric |         0.00282 |
|             Loss/Loss_state_metric |         0.00154 |
|                  Loss/Act_rep_loss |          0.0136 |
|                          SAC/Alpha |         0.00207 |
|                     SAC/LogPi_mean |            1.11 |
|                        SAC/Q1_mean |            99.4 |
|                        SAC/Q2_mean |            99.5 |
|                   Norm/actor_model |             216 |
|                  Norm/critic_model |             225 |
|     Norm/state_action_metric_model |             103 |
|            Norm/state_metric_model |             110 |
|         Metric/self_state_distance |        0.000698 |
|        Metric/cross_state_distance |           0.928 |
|  Metric/self_state_action_distance |        0.000542 |
| Metric/cross_state_action_distance |           0.915 |
|    Metric/avg_self_state_asymmetry |               0 |
|   Metric/avg_cross_state_asymmetry |        0.000777 |
|       Metric/avg_self_sa_asymmetry |               0 |
|      Metric/avg_cross_sa_asymmetry |         0.00106 |
|                        Eval/Return |             981 |
--------------------------------------------------------
--------------------------------------------------------
|                        Train/Steps |        4.74e+06 |
|                   Loss/Loss_critic |         0.00952 |
|                    Loss/Loss_actor |           -99.7 |
|                    Loss/Loss_alpha |       -0.000263 |
|      Loss/Loss_state_action_metric |         0.00249 |
|             Loss/Loss_state_metric |         0.00152 |
|                  Loss/Act_rep_loss |          0.0144 |
|                          SAC/Alpha |         0.00204 |
|                     SAC/LogPi_mean |            1.02 |
|                        SAC/Q1_mean |            99.7 |
|                        SAC/Q2_mean |            99.7 |
|                   Norm/actor_model |             218 |
|                  Norm/critic_model |             227 |
|     Norm/state_action_metric_model |             105 |
|            Norm/state_metric_model |             111 |
|         Metric/self_state_distance |        0.000335 |
|        Metric/cross_state_distance |           0.925 |
|  Metric/self_state_action_distance |        0.000604 |
| Metric/cross_state_action_distance |           0.909 |
|    Metric/avg_self_state_asymmetry |               0 |
|   Metric/avg_cross_state_asymmetry |        0.000833 |
|       Metric/avg_self_sa_asymmetry |               0 |
|      Metric/avg_cross_sa_asymmetry |        0.000962 |
|                        Eval/Return |             926 |
--------------------------------------------------------
--------------------------------------------------------
|                        Train/Steps |        4.87e+06 |
|                   Loss/Loss_critic |          0.0253 |
|                    Loss/Loss_actor |           -99.5 |
|                    Loss/Loss_alpha |       -0.000203 |
|      Loss/Loss_state_action_metric |         0.00212 |
|             Loss/Loss_state_metric |         0.00157 |
|                  Loss/Act_rep_loss |          0.0158 |
|                          SAC/Alpha |         0.00227 |
|                     SAC/LogPi_mean |            1.07 |
|                        SAC/Q1_mean |            99.6 |
|                        SAC/Q2_mean |            99.4 |
|                   Norm/actor_model |             220 |
|                  Norm/critic_model |             229 |
|     Norm/state_action_metric_model |             106 |
|            Norm/state_metric_model |             113 |
|         Metric/self_state_distance |        3.18e-05 |
|        Metric/cross_state_distance |           0.929 |
|  Metric/self_state_action_distance |        0.000575 |
| Metric/cross_state_action_distance |           0.913 |
|    Metric/avg_self_state_asymmetry |               0 |
|   Metric/avg_cross_state_asymmetry |        0.000751 |
|       Metric/avg_self_sa_asymmetry |               0 |
|      Metric/avg_cross_sa_asymmetry |        0.000957 |
|                        Eval/Return |             959 |
--------------------------------------------------------
--------------------------------------------------------
|                        Train/Steps |           5e+06 |
|                   Loss/Loss_critic |          0.0282 |
|                    Loss/Loss_actor |           -99.5 |
|                    Loss/Loss_alpha |       -5.54e-06 |
|      Loss/Loss_state_action_metric |         0.00332 |
|             Loss/Loss_state_metric |         0.00195 |
|                  Loss/Act_rep_loss |          0.0153 |
|                          SAC/Alpha |         0.00213 |
|                     SAC/LogPi_mean |            1.06 |
|                        SAC/Q1_mean |            99.6 |
|                        SAC/Q2_mean |            99.5 |
|                   Norm/actor_model |             222 |
|                  Norm/critic_model |             231 |
|     Norm/state_action_metric_model |             107 |
|            Norm/state_metric_model |             114 |
|         Metric/self_state_distance |        0.000341 |
|        Metric/cross_state_distance |           0.928 |
|  Metric/self_state_action_distance |        0.000359 |
| Metric/cross_state_action_distance |           0.913 |
|    Metric/avg_self_state_asymmetry |               0 |
|   Metric/avg_cross_state_asymmetry |        0.000861 |
|       Metric/avg_self_sa_asymmetry |               0 |
|      Metric/avg_cross_sa_asymmetry |         0.00103 |
|                        Eval/Return |             942 |
--------------------------------------------------------
[32mSaving model …[0m
[32mDone.[0m
[32mSaving model …[0m
[32mDone.[0m
