E0912 20:48:19.867307 1640226 cuda_executor.cc:1526] Could not get kernel mode driver version: (INVALID_ARGUMENT: Version does not match the format X.Y.Z)
E0912 20:48:19.876003 1640117 cuda_executor.cc:1526] Could not get kernel mode driver version: (INVALID_ARGUMENT: Version does not match the format X.Y.Z)
[32mStart prefilling replay buffer[0m
[32mStart SAC training[0m
[32m{'log_freq': 1000, 'save_freq': 1000000, 'eval_episode_freq': 10, 'hidden_size': 256, 'lr': 0.001, 'max_grad_norm': 0.0, 'gamma': 0.99, 'update_tau': 0.005, 'train_per_step': 8, 'episode_length': 1000, 'warmup_samples': 8192, 'max_replay_size': 4000000, 'batch_size': 512, 'total_env_steps': 5000000, 'init_temperature': 0.1, 'nstep': 3, 'bootstrap_on_truncation': True, 'rep_lr_scale': 1.5, 'vis_feq': 100000, 'n_vis_frames': 4, 'num_envs': 128, 'grad_steps': 50, 'transfer_freq': 10, 'transfer_steps': 8, 'reward_scaling': 1.0, 'num_eval_envs': 128, 'target_entropy': -1.0}[0m
[32m[nstep] nstep=3 bootstrap_on_truncation=True (discount from the buffer already contains gamma^nstep)[0m
-----------------------------------------------------------------
|                                 Train/Steps |        1.36e+05 |
|                            Loss/Loss_critic |            2.24 |
|                             Loss/Loss_actor |           -14.8 |
|                             Loss/Loss_alpha |         -0.0106 |
|               Loss/Loss_state_action_metric |            1.83 |
|                      Loss/Loss_state_metric |            0.76 |
|             Loss/Loss_state_action_to_state |         0.00403 |
|                           Loss/Act_rep_loss |          0.0115 |
|                                   SAC/Alpha |          0.0176 |
|                              SAC/LogPi_mean |             1.7 |
|                                 SAC/Q1_mean |            14.5 |
|                                 SAC/Q2_mean |            14.6 |
|                            Norm/actor_model |            50.8 |
|                           Norm/critic_model |            99.3 |
|              Norm/state_action_metric_model |              29 |
|                     Norm/state_metric_model |            30.8 |
|        Norm/state_action_state_metric_model |            28.8 |
|                  Metric/self_state_distance |          0.0131 |
|                 Metric/cross_state_distance |            1.93 |
|           Metric/self_state_action_distance |          0.0445 |
|          Metric/cross_state_action_distance |            2.54 |
|             Metric/avg_self_state_asymmetry |               0 |
|            Metric/avg_cross_state_asymmetry |          0.0367 |
|                Metric/avg_self_sa_asymmetry |               0 |
|               Metric/avg_cross_sa_asymmetry |          0.0825 |
|  Metric/self_state_action_to_state_distance |          0.0168 |
| Metric/cross_state_action_to_state_distance |             2.5 |
|                   Metric/h_lambda_diff_self |          0.0279 |
|                  Metric/h_lambda_diff_cross |          0.0904 |
|                                 Eval/Return |             210 |
-----------------------------------------------------------------
-----------------------------------------------------------------
|                                 Train/Steps |        2.64e+05 |
|                            Loss/Loss_critic |           0.816 |
|                             Loss/Loss_actor |           -26.2 |
|                             Loss/Loss_alpha |         0.00033 |
|               Loss/Loss_state_action_metric |            2.46 |
|                      Loss/Loss_state_metric |            1.05 |
|             Loss/Loss_state_action_to_state |         0.00769 |
|                           Loss/Act_rep_loss |          0.0127 |
|                                   SAC/Alpha |          0.0176 |
|                              SAC/LogPi_mean |           0.912 |
|                                 SAC/Q1_mean |            26.1 |
|                                 SAC/Q2_mean |            26.2 |
|                            Norm/actor_model |              66 |
|                           Norm/critic_model |             125 |
|              Norm/state_action_metric_model |            30.7 |
|                     Norm/state_metric_model |            39.8 |
|        Norm/state_action_state_metric_model |            30.1 |
|                  Metric/self_state_distance |         0.00567 |
|                 Metric/cross_state_distance |            2.16 |
|           Metric/self_state_action_distance |          0.0281 |
|          Metric/cross_state_action_distance |            3.02 |
|             Metric/avg_self_state_asymmetry |               0 |
|            Metric/avg_cross_state_asymmetry |          0.0267 |
|                Metric/avg_self_sa_asymmetry |               0 |
|               Metric/avg_cross_sa_asymmetry |          0.0422 |
|  Metric/self_state_action_to_state_distance |         0.00039 |
| Metric/cross_state_action_to_state_distance |            2.97 |
|                   Metric/h_lambda_diff_self |          0.0277 |
|                  Metric/h_lambda_diff_cross |           0.067 |
|                                 Eval/Return |             311 |
-----------------------------------------------------------------
-----------------------------------------------------------------
|                                 Train/Steps |        3.92e+05 |
|                            Loss/Loss_critic |            1.02 |
|                             Loss/Loss_actor |           -31.8 |
|                             Loss/Loss_alpha |         0.00357 |
|               Loss/Loss_state_action_metric |            2.59 |
|                      Loss/Loss_state_metric |           0.814 |
|             Loss/Loss_state_action_to_state |         0.00452 |
|                           Loss/Act_rep_loss |         0.00742 |
|                                   SAC/Alpha |          0.0198 |
|                              SAC/LogPi_mean |           0.721 |
|                                 SAC/Q1_mean |            31.7 |
|                                 SAC/Q2_mean |            31.7 |
|                            Norm/actor_model |            76.5 |
|                           Norm/critic_model |             142 |
|              Norm/state_action_metric_model |            33.4 |
|                     Norm/state_metric_model |            50.9 |
|        Norm/state_action_state_metric_model |            32.1 |
|                  Metric/self_state_distance |         0.00577 |
|                 Metric/cross_state_distance |            2.06 |
|           Metric/self_state_action_distance |          0.0303 |
|          Metric/cross_state_action_distance |            3.09 |
|             Metric/avg_self_state_asymmetry |               0 |
|            Metric/avg_cross_state_asymmetry |          0.0331 |
|                Metric/avg_self_sa_asymmetry |               0 |
|               Metric/avg_cross_sa_asymmetry |          0.0454 |
|  Metric/self_state_action_to_state_distance |         0.00639 |
| Metric/cross_state_action_to_state_distance |            3.09 |
|                   Metric/h_lambda_diff_self |           0.024 |
|                  Metric/h_lambda_diff_cross |          0.0657 |
|                                 Eval/Return |             408 |
-----------------------------------------------------------------
-----------------------------------------------------------------
|                                 Train/Steps |         5.2e+05 |
|                            Loss/Loss_critic |           0.997 |
|                             Loss/Loss_actor |           -37.4 |
|                             Loss/Loss_alpha |        0.000456 |
|               Loss/Loss_state_action_metric |             2.7 |
|                      Loss/Loss_state_metric |             1.1 |
|             Loss/Loss_state_action_to_state |         0.00183 |
|                           Loss/Act_rep_loss |         0.00911 |
|                                   SAC/Alpha |          0.0215 |
|                              SAC/LogPi_mean |            1.04 |
|                                 SAC/Q1_mean |            37.4 |
|                                 SAC/Q2_mean |            37.4 |
|                            Norm/actor_model |            84.7 |
|                           Norm/critic_model |             157 |
|              Norm/state_action_metric_model |            35.8 |
|                     Norm/state_metric_model |            58.3 |
|        Norm/state_action_state_metric_model |            34.5 |
|                  Metric/self_state_distance |         0.00233 |
|                 Metric/cross_state_distance |            2.16 |
|           Metric/self_state_action_distance |          0.0331 |
|          Metric/cross_state_action_distance |            3.36 |
|             Metric/avg_self_state_asymmetry |               0 |
|            Metric/avg_cross_state_asymmetry |          0.0199 |
|                Metric/avg_self_sa_asymmetry |               0 |
|               Metric/avg_cross_sa_asymmetry |          0.0477 |
|  Metric/self_state_action_to_state_distance |        0.000811 |
| Metric/cross_state_action_to_state_distance |            3.31 |
|                   Metric/h_lambda_diff_self |          0.0325 |
|                  Metric/h_lambda_diff_cross |          0.0858 |
|                                 Eval/Return |             388 |
-----------------------------------------------------------------
-----------------------------------------------------------------
|                                 Train/Steps |        6.48e+05 |
|                            Loss/Loss_critic |            1.28 |
|                             Loss/Loss_actor |           -36.9 |
|                             Loss/Loss_alpha |        -0.00231 |
|               Loss/Loss_state_action_metric |            3.07 |
|                      Loss/Loss_state_metric |            1.19 |
|             Loss/Loss_state_action_to_state |          0.0025 |
|                           Loss/Act_rep_loss |         0.00908 |
|                                   SAC/Alpha |          0.0218 |
|                              SAC/LogPi_mean |            1.05 |
|                                 SAC/Q1_mean |            36.8 |
|                                 SAC/Q2_mean |            36.8 |
|                            Norm/actor_model |            91.9 |
|                           Norm/critic_model |             172 |
|              Norm/state_action_metric_model |            38.2 |
|                     Norm/state_metric_model |            65.6 |
|        Norm/state_action_state_metric_model |            37.5 |
|                  Metric/self_state_distance |         0.00561 |
|                 Metric/cross_state_distance |            2.34 |
|           Metric/self_state_action_distance |          0.0125 |
|          Metric/cross_state_action_distance |            3.37 |
|             Metric/avg_self_state_asymmetry |               0 |
|            Metric/avg_cross_state_asymmetry |          0.0163 |
|                Metric/avg_self_sa_asymmetry |               0 |
|               Metric/avg_cross_sa_asymmetry |          0.0426 |
|  Metric/self_state_action_to_state_distance |          0.0105 |
| Metric/cross_state_action_to_state_distance |            3.35 |
|                   Metric/h_lambda_diff_self |           0.011 |
|                  Metric/h_lambda_diff_cross |          0.0525 |
|                                 Eval/Return |             394 |
-----------------------------------------------------------------
-----------------------------------------------------------------
|                                 Train/Steps |        7.76e+05 |
|                            Loss/Loss_critic |            1.47 |
|                             Loss/Loss_actor |           -42.9 |
|                             Loss/Loss_alpha |        0.000853 |
|               Loss/Loss_state_action_metric |            3.12 |
|                      Loss/Loss_state_metric |            1.05 |
|             Loss/Loss_state_action_to_state |         0.00613 |
|                           Loss/Act_rep_loss |         0.00968 |
|                                   SAC/Alpha |          0.0249 |
|                              SAC/LogPi_mean |           0.967 |
|                                 SAC/Q1_mean |            42.9 |
|                                 SAC/Q2_mean |            42.8 |
|                            Norm/actor_model |            98.3 |
|                           Norm/critic_model |             185 |
|              Norm/state_action_metric_model |            41.1 |
|                     Norm/state_metric_model |            70.5 |
|        Norm/state_action_state_metric_model |            40.7 |
|                  Metric/self_state_distance |         0.00721 |
|                 Metric/cross_state_distance |            2.36 |
|           Metric/self_state_action_distance |          0.0341 |
|          Metric/cross_state_action_distance |             3.3 |
|             Metric/avg_self_state_asymmetry |               0 |
|            Metric/avg_cross_state_asymmetry |          0.0227 |
|                Metric/avg_self_sa_asymmetry |               0 |
|               Metric/avg_cross_sa_asymmetry |          0.0398 |
|  Metric/self_state_action_to_state_distance |         0.00405 |
| Metric/cross_state_action_to_state_distance |            3.32 |
|                   Metric/h_lambda_diff_self |          0.0327 |
|                  Metric/h_lambda_diff_cross |          0.0669 |
|                                 Eval/Return |             504 |
-----------------------------------------------------------------
-----------------------------------------------------------------
|                                 Train/Steps |        9.04e+05 |
|                            Loss/Loss_critic |            1.23 |
|                             Loss/Loss_actor |           -45.3 |
|                             Loss/Loss_alpha |        -0.00116 |
|               Loss/Loss_state_action_metric |            3.19 |
|                      Loss/Loss_state_metric |            1.16 |
|             Loss/Loss_state_action_to_state |          0.0136 |
|                           Loss/Act_rep_loss |         0.00816 |
|                                   SAC/Alpha |          0.0262 |
|                              SAC/LogPi_mean |            1.04 |
|                                 SAC/Q1_mean |            45.5 |
|                                 SAC/Q2_mean |            45.3 |
|                            Norm/actor_model |             104 |
|                           Norm/critic_model |             197 |
|              Norm/state_action_metric_model |            43.7 |
|                     Norm/state_metric_model |            75.6 |
|        Norm/state_action_state_metric_model |            43.6 |
|                  Metric/self_state_distance |         0.00505 |
|                 Metric/cross_state_distance |            2.46 |
|           Metric/self_state_action_distance |          0.0211 |
|          Metric/cross_state_action_distance |            3.54 |
|             Metric/avg_self_state_asymmetry |               0 |
|            Metric/avg_cross_state_asymmetry |          0.0207 |
|                Metric/avg_self_sa_asymmetry |               0 |
|               Metric/avg_cross_sa_asymmetry |          0.0535 |
|  Metric/self_state_action_to_state_distance |         0.00757 |
| Metric/cross_state_action_to_state_distance |            3.58 |
|                   Metric/h_lambda_diff_self |          0.0165 |
|                  Metric/h_lambda_diff_cross |          0.0756 |
|                                 Eval/Return |             612 |
-----------------------------------------------------------------
-----------------------------------------------------------------
|                                 Train/Steps |        1.03e+06 |
|                            Loss/Loss_critic |           0.705 |
|                             Loss/Loss_actor |           -47.9 |
|                             Loss/Loss_alpha |         0.00129 |
|               Loss/Loss_state_action_metric |            3.17 |
|                      Loss/Loss_state_metric |            1.33 |
|             Loss/Loss_state_action_to_state |         0.00443 |
|                           Loss/Act_rep_loss |         0.00443 |
|                                   SAC/Alpha |          0.0252 |
|                              SAC/LogPi_mean |           0.936 |
|                                 SAC/Q1_mean |              48 |
|                                 SAC/Q2_mean |            47.8 |
|                            Norm/actor_model |             110 |
|                           Norm/critic_model |             209 |
|              Norm/state_action_metric_model |            46.7 |
|                     Norm/state_metric_model |            79.6 |
|        Norm/state_action_state_metric_model |            47.1 |
|                  Metric/self_state_distance |          0.0036 |
|                 Metric/cross_state_distance |            2.41 |
|           Metric/self_state_action_distance |          0.0226 |
|          Metric/cross_state_action_distance |             3.6 |
|             Metric/avg_self_state_asymmetry |               0 |
|            Metric/avg_cross_state_asymmetry |          0.0175 |
|                Metric/avg_self_sa_asymmetry |               0 |
|               Metric/avg_cross_sa_asymmetry |          0.0473 |
|  Metric/self_state_action_to_state_distance |         0.00313 |
| Metric/cross_state_action_to_state_distance |             3.6 |
|                   Metric/h_lambda_diff_self |          0.0206 |
|                  Metric/h_lambda_diff_cross |          0.0494 |
|                                 Eval/Return |             534 |
-----------------------------------------------------------------
[32mSaving model …[0m
[32mDone.[0m
[32mSaving model …[0m
[32mDone.[0m
-----------------------------------------------------------------
|                                 Train/Steps |        1.16e+06 |
|                            Loss/Loss_critic |           0.695 |
|                             Loss/Loss_actor |           -49.9 |
|                             Loss/Loss_alpha |         0.00418 |
|               Loss/Loss_state_action_metric |               3 |
|                      Loss/Loss_state_metric |            1.34 |
|             Loss/Loss_state_action_to_state |         0.00245 |
|                           Loss/Act_rep_loss |          0.0105 |
|                                   SAC/Alpha |          0.0228 |
|                              SAC/LogPi_mean |           0.898 |
|                                 SAC/Q1_mean |            49.9 |
|                                 SAC/Q2_mean |            49.9 |
|                            Norm/actor_model |             115 |
|                           Norm/critic_model |             220 |
|              Norm/state_action_metric_model |            49.7 |
|                     Norm/state_metric_model |            84.7 |
|        Norm/state_action_state_metric_model |            50.1 |
|                  Metric/self_state_distance |         0.00231 |
|                 Metric/cross_state_distance |            2.37 |
|           Metric/self_state_action_distance |          0.0135 |
|          Metric/cross_state_action_distance |            3.49 |
|             Metric/avg_self_state_asymmetry |               0 |
|            Metric/avg_cross_state_asymmetry |          0.0236 |
|                Metric/avg_self_sa_asymmetry |               0 |
|               Metric/avg_cross_sa_asymmetry |          0.0445 |
|  Metric/self_state_action_to_state_distance |         0.00162 |
| Metric/cross_state_action_to_state_distance |            3.42 |
|                   Metric/h_lambda_diff_self |          0.0122 |
|                  Metric/h_lambda_diff_cross |          0.0822 |
|                                 Eval/Return |             575 |
-----------------------------------------------------------------
-----------------------------------------------------------------
|                                 Train/Steps |        1.29e+06 |
|                            Loss/Loss_critic |            1.36 |
|                             Loss/Loss_actor |             -53 |
|                             Loss/Loss_alpha |         -0.0056 |
|               Loss/Loss_state_action_metric |            3.19 |
|                      Loss/Loss_state_metric |            1.52 |
|             Loss/Loss_state_action_to_state |         0.00421 |
|                           Loss/Act_rep_loss |         0.00127 |
|                                   SAC/Alpha |          0.0213 |
|                              SAC/LogPi_mean |             1.2 |
|                                 SAC/Q1_mean |            52.9 |
|                                 SAC/Q2_mean |            52.9 |
|                            Norm/actor_model |             120 |
|                           Norm/critic_model |             230 |
|              Norm/state_action_metric_model |            53.2 |
|                     Norm/state_metric_model |              89 |
|        Norm/state_action_state_metric_model |            53.2 |
|                  Metric/self_state_distance |         0.00557 |
|                 Metric/cross_state_distance |            2.64 |
|           Metric/self_state_action_distance |          0.0155 |
|          Metric/cross_state_action_distance |            3.67 |
|             Metric/avg_self_state_asymmetry |               0 |
|            Metric/avg_cross_state_asymmetry |          0.0225 |
|                Metric/avg_self_sa_asymmetry |               0 |
|               Metric/avg_cross_sa_asymmetry |          0.0377 |
|  Metric/self_state_action_to_state_distance |         0.00828 |
| Metric/cross_state_action_to_state_distance |            3.68 |
|                   Metric/h_lambda_diff_self |          0.0101 |
|                  Metric/h_lambda_diff_cross |          0.0401 |
|                                 Eval/Return |             511 |
-----------------------------------------------------------------
-----------------------------------------------------------------
|                                 Train/Steps |        1.42e+06 |
|                            Loss/Loss_critic |           0.447 |
|                             Loss/Loss_actor |           -50.3 |
|                             Loss/Loss_alpha |          0.0039 |
|               Loss/Loss_state_action_metric |            3.39 |
|                      Loss/Loss_state_metric |            1.44 |
|             Loss/Loss_state_action_to_state |         0.00179 |
|                           Loss/Act_rep_loss |         0.00588 |
|                                   SAC/Alpha |          0.0202 |
|                              SAC/LogPi_mean |           0.876 |
|                                 SAC/Q1_mean |            50.4 |
|                                 SAC/Q2_mean |            50.2 |
|                            Norm/actor_model |             125 |
|                           Norm/critic_model |             239 |
|              Norm/state_action_metric_model |              56 |
|                     Norm/state_metric_model |            92.3 |
|        Norm/state_action_state_metric_model |              56 |
|                  Metric/self_state_distance |         0.00344 |
|                 Metric/cross_state_distance |            2.49 |
|           Metric/self_state_action_distance |          0.0416 |
|          Metric/cross_state_action_distance |            3.66 |
|             Metric/avg_self_state_asymmetry |               0 |
|            Metric/avg_cross_state_asymmetry |          0.0161 |
|                Metric/avg_self_sa_asymmetry |               0 |
|               Metric/avg_cross_sa_asymmetry |          0.0322 |
|  Metric/self_state_action_to_state_distance |         0.00566 |
| Metric/cross_state_action_to_state_distance |            3.66 |
|                   Metric/h_lambda_diff_self |          0.0363 |
|                  Metric/h_lambda_diff_cross |          0.0353 |
|                                 Eval/Return |             528 |
-----------------------------------------------------------------
-----------------------------------------------------------------
|                                 Train/Steps |        1.54e+06 |
|                            Loss/Loss_critic |            0.75 |
|                             Loss/Loss_actor |             -54 |
|                             Loss/Loss_alpha |        0.000296 |
|               Loss/Loss_state_action_metric |            3.63 |
|                      Loss/Loss_state_metric |            1.41 |
|             Loss/Loss_state_action_to_state |         0.00667 |
|                           Loss/Act_rep_loss |         0.00192 |
|                                   SAC/Alpha |           0.017 |
|                              SAC/LogPi_mean |            1.01 |
|                                 SAC/Q1_mean |            53.9 |
|                                 SAC/Q2_mean |              54 |
|                            Norm/actor_model |             130 |
|                           Norm/critic_model |             248 |
|              Norm/state_action_metric_model |            59.3 |
|                     Norm/state_metric_model |            95.6 |
|        Norm/state_action_state_metric_model |            58.8 |
|                  Metric/self_state_distance |          0.0074 |
|                 Metric/cross_state_distance |             2.6 |
|           Metric/self_state_action_distance |           0.013 |
|          Metric/cross_state_action_distance |            3.93 |
|             Metric/avg_self_state_asymmetry |               0 |
|            Metric/avg_cross_state_asymmetry |          0.0304 |
|                Metric/avg_self_sa_asymmetry |               0 |
|               Metric/avg_cross_sa_asymmetry |           0.056 |
|  Metric/self_state_action_to_state_distance |         0.00143 |
| Metric/cross_state_action_to_state_distance |            3.88 |
|                   Metric/h_lambda_diff_self |          0.0116 |
|                  Metric/h_lambda_diff_cross |          0.0697 |
|                                 Eval/Return |             655 |
-----------------------------------------------------------------
-----------------------------------------------------------------
|                                 Train/Steps |        1.67e+06 |
|                            Loss/Loss_critic |           0.434 |
|                             Loss/Loss_actor |           -55.7 |
|                             Loss/Loss_alpha |        -0.00361 |
|               Loss/Loss_state_action_metric |            3.47 |
|                      Loss/Loss_state_metric |            1.37 |
|             Loss/Loss_state_action_to_state |         0.00257 |
|                           Loss/Act_rep_loss |         0.00708 |
|                                   SAC/Alpha |          0.0171 |
|                              SAC/LogPi_mean |            1.26 |
|                                 SAC/Q1_mean |            55.6 |
|                                 SAC/Q2_mean |            55.6 |
|                            Norm/actor_model |             134 |
|                           Norm/critic_model |             256 |
|              Norm/state_action_metric_model |            61.9 |
|                     Norm/state_metric_model |            98.8 |
|        Norm/state_action_state_metric_model |            61.5 |
|                  Metric/self_state_distance |         0.00428 |
|                 Metric/cross_state_distance |            2.59 |
|           Metric/self_state_action_distance |         0.00754 |
|          Metric/cross_state_action_distance |            3.76 |
|             Metric/avg_self_state_asymmetry |               0 |
|            Metric/avg_cross_state_asymmetry |          0.0213 |
|                Metric/avg_self_sa_asymmetry |               0 |
|               Metric/avg_cross_sa_asymmetry |          0.0378 |
|  Metric/self_state_action_to_state_distance |         0.00594 |
| Metric/cross_state_action_to_state_distance |            3.73 |
|                   Metric/h_lambda_diff_self |         0.00589 |
|                  Metric/h_lambda_diff_cross |          0.0608 |
|                                 Eval/Return |             594 |
-----------------------------------------------------------------
-----------------------------------------------------------------
|                                 Train/Steps |         1.8e+06 |
|                            Loss/Loss_critic |            0.59 |
|                             Loss/Loss_actor |           -54.8 |
|                             Loss/Loss_alpha |         0.00448 |
|               Loss/Loss_state_action_metric |            3.55 |
|                      Loss/Loss_state_metric |            1.46 |
|             Loss/Loss_state_action_to_state |         0.00239 |
|                           Loss/Act_rep_loss |         0.00538 |
|                                   SAC/Alpha |          0.0167 |
|                              SAC/LogPi_mean |             0.8 |
|                                 SAC/Q1_mean |            54.8 |
|                                 SAC/Q2_mean |            54.8 |
|                            Norm/actor_model |             139 |
|                           Norm/critic_model |             264 |
|              Norm/state_action_metric_model |            64.5 |
|                     Norm/state_metric_model |             101 |
|        Norm/state_action_state_metric_model |            63.9 |
|                  Metric/self_state_distance |         0.00458 |
|                 Metric/cross_state_distance |            2.74 |
|           Metric/self_state_action_distance |          0.0209 |
|          Metric/cross_state_action_distance |            3.94 |
|             Metric/avg_self_state_asymmetry |               0 |
|            Metric/avg_cross_state_asymmetry |          0.0238 |
|                Metric/avg_self_sa_asymmetry |               0 |
|               Metric/avg_cross_sa_asymmetry |          0.0557 |
|  Metric/self_state_action_to_state_distance |         0.00228 |
| Metric/cross_state_action_to_state_distance |             3.9 |
|                   Metric/h_lambda_diff_self |          0.0187 |
|                  Metric/h_lambda_diff_cross |          0.0634 |
|                                 Eval/Return |             595 |
-----------------------------------------------------------------
-----------------------------------------------------------------
|                                 Train/Steps |        1.93e+06 |
|                            Loss/Loss_critic |           0.372 |
|                             Loss/Loss_actor |           -54.6 |
|                             Loss/Loss_alpha |        -0.00128 |
|               Loss/Loss_state_action_metric |            3.38 |
|                      Loss/Loss_state_metric |            1.41 |
|             Loss/Loss_state_action_to_state |         0.00282 |
|                           Loss/Act_rep_loss |         0.00502 |
|                                   SAC/Alpha |          0.0164 |
|                              SAC/LogPi_mean |               1 |
|                                 SAC/Q1_mean |            54.6 |
|                                 SAC/Q2_mean |            54.5 |
|                            Norm/actor_model |             143 |
|                           Norm/critic_model |             273 |
|              Norm/state_action_metric_model |            67.1 |
|                     Norm/state_metric_model |             104 |
|        Norm/state_action_state_metric_model |            66.4 |
|                  Metric/self_state_distance |         0.00334 |
|                 Metric/cross_state_distance |            2.57 |
|           Metric/self_state_action_distance |          0.0172 |
|          Metric/cross_state_action_distance |            3.63 |
|             Metric/avg_self_state_asymmetry |               0 |
|            Metric/avg_cross_state_asymmetry |          0.0198 |
|                Metric/avg_self_sa_asymmetry |               0 |
|               Metric/avg_cross_sa_asymmetry |          0.0419 |
|  Metric/self_state_action_to_state_distance |         0.00332 |
| Metric/cross_state_action_to_state_distance |            3.61 |
|                   Metric/h_lambda_diff_self |          0.0147 |
|                  Metric/h_lambda_diff_cross |          0.0413 |
|                                 Eval/Return |             695 |
-----------------------------------------------------------------
-----------------------------------------------------------------
|                                 Train/Steps |        2.06e+06 |
|                            Loss/Loss_critic |           0.326 |
|                             Loss/Loss_actor |           -57.8 |
|                             Loss/Loss_alpha |         0.00072 |
|               Loss/Loss_state_action_metric |            3.36 |
|                      Loss/Loss_state_metric |            1.35 |
|             Loss/Loss_state_action_to_state |           0.002 |
|                           Loss/Act_rep_loss |         0.00627 |
|                                   SAC/Alpha |          0.0179 |
|                              SAC/LogPi_mean |           0.947 |
|                                 SAC/Q1_mean |            57.9 |
|                                 SAC/Q2_mean |            57.7 |
|                            Norm/actor_model |             147 |
|                           Norm/critic_model |             282 |
|              Norm/state_action_metric_model |            69.7 |
|                     Norm/state_metric_model |             106 |
|        Norm/state_action_state_metric_model |            68.6 |
|                  Metric/self_state_distance |         0.00566 |
|                 Metric/cross_state_distance |            2.55 |
|           Metric/self_state_action_distance |          0.0044 |
|          Metric/cross_state_action_distance |            3.59 |
|             Metric/avg_self_state_asymmetry |               0 |
|            Metric/avg_cross_state_asymmetry |          0.0222 |
|                Metric/avg_self_sa_asymmetry |               0 |
|               Metric/avg_cross_sa_asymmetry |          0.0421 |
|  Metric/self_state_action_to_state_distance |        0.000171 |
| Metric/cross_state_action_to_state_distance |            3.65 |
|                   Metric/h_lambda_diff_self |         0.00425 |
|                  Metric/h_lambda_diff_cross |          0.0753 |
|                                 Eval/Return |             619 |
-----------------------------------------------------------------
[32mSaving model …[0m
[32mDone.[0m
[32mSaving model …[0m
[32mDone.[0m
-----------------------------------------------------------------
|                                 Train/Steps |        2.18e+06 |
|                            Loss/Loss_critic |           0.382 |
|                             Loss/Loss_actor |           -52.4 |
|                             Loss/Loss_alpha |        -0.00141 |
|               Loss/Loss_state_action_metric |            3.39 |
|                      Loss/Loss_state_metric |            1.42 |
|             Loss/Loss_state_action_to_state |         0.00203 |
|                           Loss/Act_rep_loss |         0.00212 |
|                                   SAC/Alpha |          0.0181 |
|                              SAC/LogPi_mean |            1.09 |
|                                 SAC/Q1_mean |            52.4 |
|                                 SAC/Q2_mean |            52.3 |
|                            Norm/actor_model |             151 |
|                           Norm/critic_model |             292 |
|              Norm/state_action_metric_model |            72.1 |
|                     Norm/state_metric_model |             108 |
|        Norm/state_action_state_metric_model |            70.3 |
|                  Metric/self_state_distance |         0.00139 |
|                 Metric/cross_state_distance |            2.48 |
|           Metric/self_state_action_distance |           0.017 |
|          Metric/cross_state_action_distance |            3.46 |
|             Metric/avg_self_state_asymmetry |               0 |
|            Metric/avg_cross_state_asymmetry |          0.0198 |
|                Metric/avg_self_sa_asymmetry |               0 |
|               Metric/avg_cross_sa_asymmetry |          0.0615 |
|  Metric/self_state_action_to_state_distance |         0.00238 |
| Metric/cross_state_action_to_state_distance |            3.51 |
|                   Metric/h_lambda_diff_self |          0.0148 |
|                  Metric/h_lambda_diff_cross |          0.0723 |
|                                 Eval/Return |             606 |
-----------------------------------------------------------------
-----------------------------------------------------------------
|                                 Train/Steps |        2.31e+06 |
|                            Loss/Loss_critic |            1.13 |
|                             Loss/Loss_actor |           -62.1 |
|                             Loss/Loss_alpha |         0.00153 |
|               Loss/Loss_state_action_metric |            3.74 |
|                      Loss/Loss_state_metric |            1.72 |
|             Loss/Loss_state_action_to_state |         0.00217 |
|                           Loss/Act_rep_loss |         0.00274 |
|                                   SAC/Alpha |          0.0169 |
|                              SAC/LogPi_mean |           0.788 |
|                                 SAC/Q1_mean |            62.1 |
|                                 SAC/Q2_mean |            62.1 |
|                            Norm/actor_model |             155 |
|                           Norm/critic_model |             300 |
|              Norm/state_action_metric_model |            74.3 |
|                     Norm/state_metric_model |             110 |
|        Norm/state_action_state_metric_model |            72.1 |
|                  Metric/self_state_distance |           0.005 |
|                 Metric/cross_state_distance |            2.77 |
|           Metric/self_state_action_distance |          0.0111 |
|          Metric/cross_state_action_distance |            3.93 |
|             Metric/avg_self_state_asymmetry |               0 |
|            Metric/avg_cross_state_asymmetry |          0.0139 |
|                Metric/avg_self_sa_asymmetry |               0 |
|               Metric/avg_cross_sa_asymmetry |          0.0347 |
|  Metric/self_state_action_to_state_distance |         0.00402 |
| Metric/cross_state_action_to_state_distance |            3.91 |
|                   Metric/h_lambda_diff_self |         0.00842 |
|                  Metric/h_lambda_diff_cross |          0.0362 |
|                                 Eval/Return |             587 |
-----------------------------------------------------------------
-----------------------------------------------------------------
|                                 Train/Steps |        2.44e+06 |
|                            Loss/Loss_critic |           0.247 |
|                             Loss/Loss_actor |           -60.7 |
|                             Loss/Loss_alpha |       -0.000209 |
|               Loss/Loss_state_action_metric |             3.3 |
|                      Loss/Loss_state_metric |            1.44 |
|             Loss/Loss_state_action_to_state |         0.00153 |
|                           Loss/Act_rep_loss |          0.0123 |
|                                   SAC/Alpha |          0.0168 |
|                              SAC/LogPi_mean |               1 |
|                                 SAC/Q1_mean |            60.6 |
|                                 SAC/Q2_mean |            60.6 |
|                            Norm/actor_model |             159 |
|                           Norm/critic_model |             309 |
|              Norm/state_action_metric_model |            75.7 |
|                     Norm/state_metric_model |             113 |
|        Norm/state_action_state_metric_model |            73.7 |
|                  Metric/self_state_distance |         0.00211 |
|                 Metric/cross_state_distance |            2.57 |
|           Metric/self_state_action_distance |         0.00648 |
|          Metric/cross_state_action_distance |            3.75 |
|             Metric/avg_self_state_asymmetry |               0 |
|            Metric/avg_cross_state_asymmetry |          0.0199 |
|                Metric/avg_self_sa_asymmetry |               0 |
|               Metric/avg_cross_sa_asymmetry |          0.0303 |
|  Metric/self_state_action_to_state_distance |         0.00281 |
| Metric/cross_state_action_to_state_distance |            3.74 |
|                   Metric/h_lambda_diff_self |         0.00535 |
|                  Metric/h_lambda_diff_cross |          0.0288 |
|                                 Eval/Return |             597 |
-----------------------------------------------------------------
-----------------------------------------------------------------
|                                 Train/Steps |        2.57e+06 |
|                            Loss/Loss_critic |            2.76 |
|                             Loss/Loss_actor |           -62.4 |
|                             Loss/Loss_alpha |        -0.00118 |
|               Loss/Loss_state_action_metric |            3.32 |
|                      Loss/Loss_state_metric |            1.34 |
|             Loss/Loss_state_action_to_state |         0.00258 |
|                           Loss/Act_rep_loss |         0.00188 |
|                                   SAC/Alpha |           0.016 |
|                              SAC/LogPi_mean |            1.02 |
|                                 SAC/Q1_mean |            62.3 |
|                                 SAC/Q2_mean |            62.2 |
|                            Norm/actor_model |             163 |
|                           Norm/critic_model |             317 |
|              Norm/state_action_metric_model |            77.6 |
|                     Norm/state_metric_model |             115 |
|        Norm/state_action_state_metric_model |            75.3 |
|                  Metric/self_state_distance |         0.00416 |
|                 Metric/cross_state_distance |            2.52 |
|           Metric/self_state_action_distance |         0.00909 |
|          Metric/cross_state_action_distance |             3.6 |
|             Metric/avg_self_state_asymmetry |               0 |
|            Metric/avg_cross_state_asymmetry |          0.0182 |
|                Metric/avg_self_sa_asymmetry |               0 |
|               Metric/avg_cross_sa_asymmetry |          0.0387 |
|  Metric/self_state_action_to_state_distance |         0.00017 |
| Metric/cross_state_action_to_state_distance |            3.53 |
|                   Metric/h_lambda_diff_self |         0.00895 |
|                  Metric/h_lambda_diff_cross |           0.086 |
|                                 Eval/Return |             649 |
-----------------------------------------------------------------
-----------------------------------------------------------------
|                                 Train/Steps |         2.7e+06 |
|                            Loss/Loss_critic |            7.08 |
|                             Loss/Loss_actor |           -60.9 |
|                             Loss/Loss_alpha |        -0.00139 |
|               Loss/Loss_state_action_metric |             3.7 |
|                      Loss/Loss_state_metric |            1.51 |
|             Loss/Loss_state_action_to_state |         0.00268 |
|                           Loss/Act_rep_loss |         0.00893 |
|                                   SAC/Alpha |          0.0157 |
|                              SAC/LogPi_mean |            1.18 |
|                                 SAC/Q1_mean |            60.9 |
|                                 SAC/Q2_mean |            60.7 |
|                            Norm/actor_model |             166 |
|                           Norm/critic_model |             323 |
|              Norm/state_action_metric_model |            79.4 |
|                     Norm/state_metric_model |             117 |
|        Norm/state_action_state_metric_model |              77 |
|                  Metric/self_state_distance |         0.00479 |
|                 Metric/cross_state_distance |             2.6 |
|           Metric/self_state_action_distance |         0.00569 |
|          Metric/cross_state_action_distance |            3.87 |
|             Metric/avg_self_state_asymmetry |               0 |
|            Metric/avg_cross_state_asymmetry |          0.0185 |
|                Metric/avg_self_sa_asymmetry |               0 |
|               Metric/avg_cross_sa_asymmetry |          0.0386 |
|  Metric/self_state_action_to_state_distance |         0.00362 |
| Metric/cross_state_action_to_state_distance |            3.88 |
|                   Metric/h_lambda_diff_self |           0.004 |
|                  Metric/h_lambda_diff_cross |          0.0402 |
|                                 Eval/Return |             612 |
-----------------------------------------------------------------
-----------------------------------------------------------------
|                                 Train/Steps |        2.82e+06 |
|                            Loss/Loss_critic |            1.93 |
|                             Loss/Loss_actor |           -62.4 |
|                             Loss/Loss_alpha |        -0.00326 |
|               Loss/Loss_state_action_metric |            3.46 |
|                      Loss/Loss_state_metric |            1.52 |
|             Loss/Loss_state_action_to_state |         0.00274 |
|                           Loss/Act_rep_loss |         0.00273 |
|                                   SAC/Alpha |          0.0156 |
|                              SAC/LogPi_mean |            1.27 |
|                                 SAC/Q1_mean |            62.4 |
|                                 SAC/Q2_mean |            62.4 |
|                            Norm/actor_model |             170 |
|                           Norm/critic_model |             330 |
|              Norm/state_action_metric_model |              81 |
|                     Norm/state_metric_model |             119 |
|        Norm/state_action_state_metric_model |            78.5 |
|                  Metric/self_state_distance |         0.00367 |
|                 Metric/cross_state_distance |            2.54 |
|           Metric/self_state_action_distance |         0.00535 |
|          Metric/cross_state_action_distance |            3.71 |
|             Metric/avg_self_state_asymmetry |               0 |
|            Metric/avg_cross_state_asymmetry |           0.018 |
|                Metric/avg_self_sa_asymmetry |               0 |
|               Metric/avg_cross_sa_asymmetry |          0.0522 |
|  Metric/self_state_action_to_state_distance |         0.00586 |
| Metric/cross_state_action_to_state_distance |            3.72 |
|                   Metric/h_lambda_diff_self |         0.00555 |
|                  Metric/h_lambda_diff_cross |          0.0415 |
|                                 Eval/Return |             620 |
-----------------------------------------------------------------
-----------------------------------------------------------------
|                                 Train/Steps |        2.95e+06 |
|                            Loss/Loss_critic |           0.504 |
|                             Loss/Loss_actor |           -61.4 |
|                             Loss/Loss_alpha |        -0.00107 |
|               Loss/Loss_state_action_metric |            3.57 |
|                      Loss/Loss_state_metric |            1.46 |
|             Loss/Loss_state_action_to_state |         0.00294 |
|                           Loss/Act_rep_loss |         0.00798 |
|                                   SAC/Alpha |          0.0159 |
|                              SAC/LogPi_mean |            1.05 |
|                                 SAC/Q1_mean |            61.2 |
|                                 SAC/Q2_mean |            61.3 |
|                            Norm/actor_model |             174 |
|                           Norm/critic_model |             337 |
|              Norm/state_action_metric_model |            82.8 |
|                     Norm/state_metric_model |             121 |
|        Norm/state_action_state_metric_model |            80.1 |
|                  Metric/self_state_distance |         0.00115 |
|                 Metric/cross_state_distance |            2.48 |
|           Metric/self_state_action_distance |          0.0284 |
|          Metric/cross_state_action_distance |            3.56 |
|             Metric/avg_self_state_asymmetry |               0 |
|            Metric/avg_cross_state_asymmetry |          0.0144 |
|                Metric/avg_self_sa_asymmetry |               0 |
|               Metric/avg_cross_sa_asymmetry |          0.0483 |
|  Metric/self_state_action_to_state_distance |        7.63e-05 |
| Metric/cross_state_action_to_state_distance |            3.57 |
|                   Metric/h_lambda_diff_self |          0.0283 |
|                  Metric/h_lambda_diff_cross |           0.043 |
|                                 Eval/Return |             626 |
-----------------------------------------------------------------
-----------------------------------------------------------------
|                                 Train/Steps |        3.08e+06 |
|                            Loss/Loss_critic |           0.171 |
|                             Loss/Loss_actor |           -64.1 |
|                             Loss/Loss_alpha |         0.00073 |
|               Loss/Loss_state_action_metric |            3.45 |
|                      Loss/Loss_state_metric |             1.4 |
|             Loss/Loss_state_action_to_state |         0.00166 |
|                           Loss/Act_rep_loss |         0.00365 |
|                                   SAC/Alpha |          0.0151 |
|                              SAC/LogPi_mean |               1 |
|                                 SAC/Q1_mean |            64.2 |
|                                 SAC/Q2_mean |              64 |
|                            Norm/actor_model |             177 |
|                           Norm/critic_model |             343 |
|              Norm/state_action_metric_model |            84.7 |
|                     Norm/state_metric_model |             123 |
|        Norm/state_action_state_metric_model |            81.6 |
|                  Metric/self_state_distance |         0.00336 |
|                 Metric/cross_state_distance |            2.49 |
|           Metric/self_state_action_distance |         0.00253 |
|          Metric/cross_state_action_distance |            3.59 |
|             Metric/avg_self_state_asymmetry |               0 |
|            Metric/avg_cross_state_asymmetry |          0.0157 |
|                Metric/avg_self_sa_asymmetry |               0 |
|               Metric/avg_cross_sa_asymmetry |          0.0416 |
|  Metric/self_state_action_to_state_distance |        0.000301 |
| Metric/cross_state_action_to_state_distance |            3.59 |
|                   Metric/h_lambda_diff_self |         0.00226 |
|                  Metric/h_lambda_diff_cross |          0.0389 |
|                                 Eval/Return |             632 |
-----------------------------------------------------------------
[32mSaving model …[0m
[32mDone.[0m
[32mSaving model …[0m
[32mDone.[0m
-----------------------------------------------------------------
|                                 Train/Steps |        3.21e+06 |
|                            Loss/Loss_critic |           0.293 |
|                             Loss/Loss_actor |           -65.1 |
|                             Loss/Loss_alpha |       -0.000634 |
|               Loss/Loss_state_action_metric |             3.6 |
|                      Loss/Loss_state_metric |            1.48 |
|             Loss/Loss_state_action_to_state |         0.00153 |
|                           Loss/Act_rep_loss |         0.00434 |
|                                   SAC/Alpha |          0.0148 |
|                              SAC/LogPi_mean |            1.05 |
|                                 SAC/Q1_mean |            64.9 |
|                                 SAC/Q2_mean |              65 |
|                            Norm/actor_model |             181 |
|                           Norm/critic_model |             351 |
|              Norm/state_action_metric_model |            86.4 |
|                     Norm/state_metric_model |             125 |
|        Norm/state_action_state_metric_model |            83.2 |
|                  Metric/self_state_distance |         0.00194 |
|                 Metric/cross_state_distance |            2.47 |
|           Metric/self_state_action_distance |          0.0145 |
|          Metric/cross_state_action_distance |            3.77 |
|             Metric/avg_self_state_asymmetry |               0 |
|            Metric/avg_cross_state_asymmetry |          0.0172 |
|                Metric/avg_self_sa_asymmetry |               0 |
|               Metric/avg_cross_sa_asymmetry |          0.0391 |
|  Metric/self_state_action_to_state_distance |        0.000896 |
| Metric/cross_state_action_to_state_distance |            3.79 |
|                   Metric/h_lambda_diff_self |          0.0138 |
|                  Metric/h_lambda_diff_cross |          0.0492 |
|                                 Eval/Return |             657 |
-----------------------------------------------------------------
-----------------------------------------------------------------
|                                 Train/Steps |        3.34e+06 |
|                            Loss/Loss_critic |           0.293 |
|                             Loss/Loss_actor |           -66.8 |
|                             Loss/Loss_alpha |           0.002 |
|               Loss/Loss_state_action_metric |            3.16 |
|                      Loss/Loss_state_metric |            1.45 |
|             Loss/Loss_state_action_to_state |         0.00194 |
|                           Loss/Act_rep_loss |         0.00333 |
|                                   SAC/Alpha |          0.0155 |
|                              SAC/LogPi_mean |           0.896 |
|                                 SAC/Q1_mean |            66.8 |
|                                 SAC/Q2_mean |            66.7 |
|                            Norm/actor_model |             184 |
|                           Norm/critic_model |             357 |
|              Norm/state_action_metric_model |            87.9 |
|                     Norm/state_metric_model |             127 |
|        Norm/state_action_state_metric_model |            84.6 |
|                  Metric/self_state_distance |         0.00114 |
|                 Metric/cross_state_distance |            2.45 |
|           Metric/self_state_action_distance |          0.0126 |
|          Metric/cross_state_action_distance |            3.43 |
|             Metric/avg_self_state_asymmetry |               0 |
|            Metric/avg_cross_state_asymmetry |          0.0179 |
|                Metric/avg_self_sa_asymmetry |               0 |
|               Metric/avg_cross_sa_asymmetry |          0.0519 |
|  Metric/self_state_action_to_state_distance |         0.00812 |
| Metric/cross_state_action_to_state_distance |             3.4 |
|                   Metric/h_lambda_diff_self |          0.0142 |
|                  Metric/h_lambda_diff_cross |          0.0536 |
|                                 Eval/Return |             610 |
-----------------------------------------------------------------
-----------------------------------------------------------------
|                                 Train/Steps |        3.46e+06 |
|                            Loss/Loss_critic |           0.345 |
|                             Loss/Loss_actor |           -67.1 |
|                             Loss/Loss_alpha |        -0.00148 |
|               Loss/Loss_state_action_metric |            3.38 |
|                      Loss/Loss_state_metric |             1.6 |
|             Loss/Loss_state_action_to_state |         0.00145 |
|                           Loss/Act_rep_loss |         0.00192 |
|                                   SAC/Alpha |          0.0141 |
|                              SAC/LogPi_mean |            1.14 |
|                                 SAC/Q1_mean |            67.1 |
|                                 SAC/Q2_mean |              67 |
|                            Norm/actor_model |             187 |
|                           Norm/critic_model |             363 |
|              Norm/state_action_metric_model |            89.5 |
|                     Norm/state_metric_model |             128 |
|        Norm/state_action_state_metric_model |            85.9 |
|                  Metric/self_state_distance |        0.000892 |
|                 Metric/cross_state_distance |            2.62 |
|           Metric/self_state_action_distance |         0.00617 |
|          Metric/cross_state_action_distance |            3.57 |
|             Metric/avg_self_state_asymmetry |               0 |
|            Metric/avg_cross_state_asymmetry |          0.0127 |
|                Metric/avg_self_sa_asymmetry |               0 |
|               Metric/avg_cross_sa_asymmetry |           0.044 |
|  Metric/self_state_action_to_state_distance |         0.00036 |
| Metric/cross_state_action_to_state_distance |            3.56 |
|                   Metric/h_lambda_diff_self |         0.00597 |
|                  Metric/h_lambda_diff_cross |          0.0371 |
|                                 Eval/Return |             641 |
-----------------------------------------------------------------
-----------------------------------------------------------------
|                                 Train/Steps |        3.59e+06 |
|                            Loss/Loss_critic |           0.303 |
|                             Loss/Loss_actor |           -69.1 |
|                             Loss/Loss_alpha |       -2.93e-05 |
|               Loss/Loss_state_action_metric |            3.35 |
|                      Loss/Loss_state_metric |            1.37 |
|             Loss/Loss_state_action_to_state |         0.00309 |
|                           Loss/Act_rep_loss |         0.00143 |
|                                   SAC/Alpha |          0.0135 |
|                              SAC/LogPi_mean |            1.11 |
|                                 SAC/Q1_mean |              69 |
|                                 SAC/Q2_mean |              69 |
|                            Norm/actor_model |             190 |
|                           Norm/critic_model |             369 |
|              Norm/state_action_metric_model |            90.7 |
|                     Norm/state_metric_model |             130 |
|        Norm/state_action_state_metric_model |            87.3 |
|                  Metric/self_state_distance |         0.00147 |
|                 Metric/cross_state_distance |             2.4 |
|           Metric/self_state_action_distance |         0.00901 |
|          Metric/cross_state_action_distance |            3.49 |
|             Metric/avg_self_state_asymmetry |               0 |
|            Metric/avg_cross_state_asymmetry |          0.0173 |
|                Metric/avg_self_sa_asymmetry |               0 |
|               Metric/avg_cross_sa_asymmetry |          0.0473 |
|  Metric/self_state_action_to_state_distance |         0.00055 |
| Metric/cross_state_action_to_state_distance |            3.48 |
|                   Metric/h_lambda_diff_self |         0.00877 |
|                  Metric/h_lambda_diff_cross |          0.0426 |
|                                 Eval/Return |             578 |
-----------------------------------------------------------------
-----------------------------------------------------------------
|                                 Train/Steps |        3.72e+06 |
|                            Loss/Loss_critic |           0.244 |
|                             Loss/Loss_actor |           -67.7 |
|                             Loss/Loss_alpha |       -0.000812 |
|               Loss/Loss_state_action_metric |            3.41 |
|                      Loss/Loss_state_metric |            1.51 |
|             Loss/Loss_state_action_to_state |         0.00363 |
|                           Loss/Act_rep_loss |          0.0027 |
|                                   SAC/Alpha |          0.0126 |
|                              SAC/LogPi_mean |           0.995 |
|                                 SAC/Q1_mean |            67.6 |
|                                 SAC/Q2_mean |            67.7 |
|                            Norm/actor_model |             194 |
|                           Norm/critic_model |             374 |
|              Norm/state_action_metric_model |            92.4 |
|                     Norm/state_metric_model |             132 |
|        Norm/state_action_state_metric_model |            88.7 |
|                  Metric/self_state_distance |        0.000751 |
|                 Metric/cross_state_distance |            2.62 |
|           Metric/self_state_action_distance |         0.00286 |
|          Metric/cross_state_action_distance |            3.67 |
|             Metric/avg_self_state_asymmetry |               0 |
|            Metric/avg_cross_state_asymmetry |          0.0193 |
|                Metric/avg_self_sa_asymmetry |               0 |
|               Metric/avg_cross_sa_asymmetry |          0.0471 |
|  Metric/self_state_action_to_state_distance |         0.00243 |
| Metric/cross_state_action_to_state_distance |            3.62 |
|                   Metric/h_lambda_diff_self |         0.00298 |
|                  Metric/h_lambda_diff_cross |          0.0666 |
|                                 Eval/Return |             621 |
-----------------------------------------------------------------
-----------------------------------------------------------------
|                                 Train/Steps |        3.85e+06 |
|                            Loss/Loss_critic |           0.389 |
|                             Loss/Loss_actor |           -72.4 |
|                             Loss/Loss_alpha |        -0.00189 |
|               Loss/Loss_state_action_metric |            3.24 |
|                      Loss/Loss_state_metric |            1.29 |
|             Loss/Loss_state_action_to_state |         0.00397 |
|                           Loss/Act_rep_loss |         0.00763 |
|                                   SAC/Alpha |          0.0126 |
|                              SAC/LogPi_mean |            1.03 |
|                                 SAC/Q1_mean |            72.3 |
|                                 SAC/Q2_mean |            72.5 |
|                            Norm/actor_model |             197 |
|                           Norm/critic_model |             379 |
|              Norm/state_action_metric_model |            93.9 |
|                     Norm/state_metric_model |             134 |
|        Norm/state_action_state_metric_model |              90 |
|                  Metric/self_state_distance |         0.00396 |
|                 Metric/cross_state_distance |            2.41 |
|           Metric/self_state_action_distance |          0.0065 |
|          Metric/cross_state_action_distance |            3.46 |
|             Metric/avg_self_state_asymmetry |               0 |
|            Metric/avg_cross_state_asymmetry |          0.0167 |
|                Metric/avg_self_sa_asymmetry |               0 |
|               Metric/avg_cross_sa_asymmetry |          0.0418 |
|  Metric/self_state_action_to_state_distance |        0.000563 |
| Metric/cross_state_action_to_state_distance |             3.4 |
|                   Metric/h_lambda_diff_self |          0.0063 |
|                  Metric/h_lambda_diff_cross |          0.0805 |
|                                 Eval/Return |             657 |
-----------------------------------------------------------------
-----------------------------------------------------------------
|                                 Train/Steps |        3.98e+06 |
|                            Loss/Loss_critic |           0.983 |
|                             Loss/Loss_actor |             -68 |
|                             Loss/Loss_alpha |         -0.0018 |
|               Loss/Loss_state_action_metric |            3.58 |
|                      Loss/Loss_state_metric |            1.47 |
|             Loss/Loss_state_action_to_state |         0.00329 |
|                           Loss/Act_rep_loss |         0.00311 |
|                                   SAC/Alpha |          0.0129 |
|                              SAC/LogPi_mean |            1.21 |
|                                 SAC/Q1_mean |            67.9 |
|                                 SAC/Q2_mean |              68 |
|                            Norm/actor_model |             200 |
|                           Norm/critic_model |             384 |
|              Norm/state_action_metric_model |            95.5 |
|                     Norm/state_metric_model |             136 |
|        Norm/state_action_state_metric_model |            91.3 |
|                  Metric/self_state_distance |         0.00628 |
|                 Metric/cross_state_distance |             2.6 |
|           Metric/self_state_action_distance |         0.00299 |
|          Metric/cross_state_action_distance |             3.7 |
|             Metric/avg_self_state_asymmetry |               0 |
|            Metric/avg_cross_state_asymmetry |          0.0189 |
|                Metric/avg_self_sa_asymmetry |               0 |
|               Metric/avg_cross_sa_asymmetry |          0.0445 |
|  Metric/self_state_action_to_state_distance |        0.000867 |
| Metric/cross_state_action_to_state_distance |            3.66 |
|                   Metric/h_lambda_diff_self |         0.00227 |
|                  Metric/h_lambda_diff_cross |          0.0628 |
|                                 Eval/Return |             620 |
-----------------------------------------------------------------
-----------------------------------------------------------------
|                                 Train/Steps |         4.1e+06 |
|                            Loss/Loss_critic |           0.392 |
|                             Loss/Loss_actor |           -68.6 |
|                             Loss/Loss_alpha |          0.0019 |
|               Loss/Loss_state_action_metric |            3.25 |
|                      Loss/Loss_state_metric |            1.38 |
|             Loss/Loss_state_action_to_state |         0.00312 |
|                           Loss/Act_rep_loss |         0.00375 |
|                                   SAC/Alpha |          0.0116 |
|                              SAC/LogPi_mean |            0.81 |
|                                 SAC/Q1_mean |            68.6 |
|                                 SAC/Q2_mean |            68.5 |
|                            Norm/actor_model |             203 |
|                           Norm/critic_model |             389 |
|              Norm/state_action_metric_model |            96.8 |
|                     Norm/state_metric_model |             138 |
|        Norm/state_action_state_metric_model |            92.6 |
|                  Metric/self_state_distance |         0.00155 |
|                 Metric/cross_state_distance |             2.5 |
|           Metric/self_state_action_distance |         0.00424 |
|          Metric/cross_state_action_distance |             3.6 |
|             Metric/avg_self_state_asymmetry |               0 |
|            Metric/avg_cross_state_asymmetry |          0.0206 |
|                Metric/avg_self_sa_asymmetry |               0 |
|               Metric/avg_cross_sa_asymmetry |           0.043 |
|  Metric/self_state_action_to_state_distance |        0.000738 |
| Metric/cross_state_action_to_state_distance |            3.59 |
|                   Metric/h_lambda_diff_self |         0.00471 |
|                  Metric/h_lambda_diff_cross |          0.0441 |
|                                 Eval/Return |             615 |
-----------------------------------------------------------------
[32mSaving model …[0m
[32mDone.[0m
[32mSaving model …[0m
[32mDone.[0m
-----------------------------------------------------------------
|                                 Train/Steps |        4.23e+06 |
|                            Loss/Loss_critic |           0.139 |
|                             Loss/Loss_actor |           -69.2 |
|                             Loss/Loss_alpha |        -0.00113 |
|               Loss/Loss_state_action_metric |            3.12 |
|                      Loss/Loss_state_metric |            1.49 |
|             Loss/Loss_state_action_to_state |         0.00181 |
|                           Loss/Act_rep_loss |         0.00092 |
|                                   SAC/Alpha |          0.0101 |
|                              SAC/LogPi_mean |            1.09 |
|                                 SAC/Q1_mean |            69.2 |
|                                 SAC/Q2_mean |            69.1 |
|                            Norm/actor_model |             206 |
|                           Norm/critic_model |             392 |
|              Norm/state_action_metric_model |            98.2 |
|                     Norm/state_metric_model |             139 |
|        Norm/state_action_state_metric_model |            93.7 |
|                  Metric/self_state_distance |          0.0052 |
|                 Metric/cross_state_distance |            2.51 |
|           Metric/self_state_action_distance |          0.0297 |
|          Metric/cross_state_action_distance |            3.42 |
|             Metric/avg_self_state_asymmetry |               0 |
|            Metric/avg_cross_state_asymmetry |          0.0137 |
|                Metric/avg_self_sa_asymmetry |               0 |
|               Metric/avg_cross_sa_asymmetry |          0.0381 |
|  Metric/self_state_action_to_state_distance |         0.00193 |
| Metric/cross_state_action_to_state_distance |            3.47 |
|                   Metric/h_lambda_diff_self |          0.0281 |
|                  Metric/h_lambda_diff_cross |          0.0658 |
|                                 Eval/Return |             718 |
-----------------------------------------------------------------
-----------------------------------------------------------------
|                                 Train/Steps |        4.36e+06 |
|                            Loss/Loss_critic |           0.169 |
|                             Loss/Loss_actor |           -73.5 |
|                             Loss/Loss_alpha |       -0.000571 |
|               Loss/Loss_state_action_metric |            3.02 |
|                      Loss/Loss_state_metric |            1.37 |
|             Loss/Loss_state_action_to_state |         0.00193 |
|                           Loss/Act_rep_loss |         0.00133 |
|                                   SAC/Alpha |          0.0102 |
|                              SAC/LogPi_mean |            1.05 |
|                                 SAC/Q1_mean |            73.6 |
|                                 SAC/Q2_mean |            73.5 |
|                            Norm/actor_model |             209 |
|                           Norm/critic_model |             396 |
|              Norm/state_action_metric_model |            99.6 |
|                     Norm/state_metric_model |             141 |
|        Norm/state_action_state_metric_model |              95 |
|                  Metric/self_state_distance |         0.00271 |
|                 Metric/cross_state_distance |            2.38 |
|           Metric/self_state_action_distance |          0.0094 |
|          Metric/cross_state_action_distance |            3.41 |
|             Metric/avg_self_state_asymmetry |               0 |
|            Metric/avg_cross_state_asymmetry |          0.0148 |
|                Metric/avg_self_sa_asymmetry |               0 |
|               Metric/avg_cross_sa_asymmetry |          0.0361 |
|  Metric/self_state_action_to_state_distance |        9.04e-05 |
| Metric/cross_state_action_to_state_distance |            3.43 |
|                   Metric/h_lambda_diff_self |         0.00931 |
|                  Metric/h_lambda_diff_cross |          0.0409 |
|                                 Eval/Return |             708 |
-----------------------------------------------------------------
-----------------------------------------------------------------
|                                 Train/Steps |        4.49e+06 |
|                            Loss/Loss_critic |           0.158 |
|                             Loss/Loss_actor |           -73.6 |
|                             Loss/Loss_alpha |        0.000975 |
|               Loss/Loss_state_action_metric |            2.94 |
|                      Loss/Loss_state_metric |            1.33 |
|             Loss/Loss_state_action_to_state |        0.000718 |
|                           Loss/Act_rep_loss |         0.00232 |
|                                   SAC/Alpha |         0.00955 |
|                              SAC/LogPi_mean |           0.844 |
|                                 SAC/Q1_mean |            73.6 |
|                                 SAC/Q2_mean |            73.5 |
|                            Norm/actor_model |             212 |
|                           Norm/critic_model |             399 |
|              Norm/state_action_metric_model |             101 |
|                     Norm/state_metric_model |             143 |
|        Norm/state_action_state_metric_model |            96.4 |
|                  Metric/self_state_distance |         0.00117 |
|                 Metric/cross_state_distance |            2.37 |
|           Metric/self_state_action_distance |         0.00362 |
|          Metric/cross_state_action_distance |            3.36 |
|             Metric/avg_self_state_asymmetry |               0 |
|            Metric/avg_cross_state_asymmetry |          0.0127 |
|                Metric/avg_self_sa_asymmetry |               0 |
|               Metric/avg_cross_sa_asymmetry |          0.0452 |
|  Metric/self_state_action_to_state_distance |          0.0012 |
| Metric/cross_state_action_to_state_distance |            3.35 |
|                   Metric/h_lambda_diff_self |         0.00345 |
|                  Metric/h_lambda_diff_cross |          0.0315 |
|                                 Eval/Return |             695 |
-----------------------------------------------------------------
-----------------------------------------------------------------
|                                 Train/Steps |        4.62e+06 |
|                            Loss/Loss_critic |           0.519 |
|                             Loss/Loss_actor |           -72.8 |
|                             Loss/Loss_alpha |        0.000221 |
|               Loss/Loss_state_action_metric |            3.32 |
|                      Loss/Loss_state_metric |            1.24 |
|             Loss/Loss_state_action_to_state |         0.00421 |
|                           Loss/Act_rep_loss |         0.00143 |
|                                   SAC/Alpha |         0.00854 |
|                              SAC/LogPi_mean |            1.04 |
|                                 SAC/Q1_mean |            72.9 |
|                                 SAC/Q2_mean |            72.9 |
|                            Norm/actor_model |             214 |
|                           Norm/critic_model |             403 |
|              Norm/state_action_metric_model |             102 |
|                     Norm/state_metric_model |             144 |
|        Norm/state_action_state_metric_model |            97.6 |
|                  Metric/self_state_distance |        0.000914 |
|                 Metric/cross_state_distance |            2.43 |
|           Metric/self_state_action_distance |         0.00164 |
|          Metric/cross_state_action_distance |            3.37 |
|             Metric/avg_self_state_asymmetry |               0 |
|            Metric/avg_cross_state_asymmetry |          0.0174 |
|                Metric/avg_self_sa_asymmetry |               0 |
|               Metric/avg_cross_sa_asymmetry |          0.0389 |
|  Metric/self_state_action_to_state_distance |         0.00196 |
| Metric/cross_state_action_to_state_distance |            3.38 |
|                   Metric/h_lambda_diff_self |          0.0021 |
|                  Metric/h_lambda_diff_cross |          0.0535 |
|                                 Eval/Return |             681 |
-----------------------------------------------------------------
-----------------------------------------------------------------
|                                 Train/Steps |        4.74e+06 |
|                            Loss/Loss_critic |            0.12 |
|                             Loss/Loss_actor |           -72.3 |
|                             Loss/Loss_alpha |        -0.00187 |
|               Loss/Loss_state_action_metric |            3.61 |
|                      Loss/Loss_state_metric |            1.62 |
|             Loss/Loss_state_action_to_state |         0.00175 |
|                           Loss/Act_rep_loss |         0.00573 |
|                                   SAC/Alpha |         0.00921 |
|                              SAC/LogPi_mean |            1.24 |
|                                 SAC/Q1_mean |            72.3 |
|                                 SAC/Q2_mean |            72.3 |
|                            Norm/actor_model |             217 |
|                           Norm/critic_model |             408 |
|              Norm/state_action_metric_model |             104 |
|                     Norm/state_metric_model |             146 |
|        Norm/state_action_state_metric_model |            98.4 |
|                  Metric/self_state_distance |        0.000884 |
|                 Metric/cross_state_distance |            2.65 |
|           Metric/self_state_action_distance |         0.00153 |
|          Metric/cross_state_action_distance |            3.67 |
|             Metric/avg_self_state_asymmetry |               0 |
|            Metric/avg_cross_state_asymmetry |          0.0121 |
|                Metric/avg_self_sa_asymmetry |               0 |
|               Metric/avg_cross_sa_asymmetry |          0.0306 |
|  Metric/self_state_action_to_state_distance |        0.000166 |
| Metric/cross_state_action_to_state_distance |            3.68 |
|                   Metric/h_lambda_diff_self |         0.00137 |
|                  Metric/h_lambda_diff_cross |          0.0383 |
|                                 Eval/Return |             673 |
-----------------------------------------------------------------
-----------------------------------------------------------------
|                                 Train/Steps |        4.87e+06 |
|                            Loss/Loss_critic |           0.125 |
|                             Loss/Loss_actor |           -71.6 |
|                             Loss/Loss_alpha |       -0.000986 |
|               Loss/Loss_state_action_metric |            2.98 |
|                      Loss/Loss_state_metric |            1.47 |
|             Loss/Loss_state_action_to_state |         0.00168 |
|                           Loss/Act_rep_loss |        0.000881 |
|                                   SAC/Alpha |         0.00855 |
|                              SAC/LogPi_mean |           0.954 |
|                                 SAC/Q1_mean |            71.6 |
|                                 SAC/Q2_mean |            71.6 |
|                            Norm/actor_model |             220 |
|                           Norm/critic_model |             412 |
|              Norm/state_action_metric_model |             105 |
|                     Norm/state_metric_model |             148 |
|        Norm/state_action_state_metric_model |            99.6 |
|                  Metric/self_state_distance |         0.00255 |
|                 Metric/cross_state_distance |            2.49 |
|           Metric/self_state_action_distance |         0.00473 |
|          Metric/cross_state_action_distance |             3.4 |
|             Metric/avg_self_state_asymmetry |               0 |
|            Metric/avg_cross_state_asymmetry |          0.0132 |
|                Metric/avg_self_sa_asymmetry |               0 |
|               Metric/avg_cross_sa_asymmetry |          0.0331 |
|  Metric/self_state_action_to_state_distance |         0.00229 |
| Metric/cross_state_action_to_state_distance |            3.33 |
|                   Metric/h_lambda_diff_self |         0.00583 |
|                  Metric/h_lambda_diff_cross |           0.077 |
|                                 Eval/Return |             736 |
-----------------------------------------------------------------
-----------------------------------------------------------------
|                                 Train/Steps |           5e+06 |
|                            Loss/Loss_critic |           0.492 |
|                             Loss/Loss_actor |             -72 |
|                             Loss/Loss_alpha |        1.53e-05 |
|               Loss/Loss_state_action_metric |            2.96 |
|                      Loss/Loss_state_metric |            1.35 |
|             Loss/Loss_state_action_to_state |         0.00208 |
|                           Loss/Act_rep_loss |         0.00138 |
|                                   SAC/Alpha |         0.00943 |
|                              SAC/LogPi_mean |           0.899 |
|                                 SAC/Q1_mean |            71.9 |
|                                 SAC/Q2_mean |              72 |
|                            Norm/actor_model |             222 |
|                           Norm/critic_model |             415 |
|              Norm/state_action_metric_model |             106 |
|                     Norm/state_metric_model |             149 |
|        Norm/state_action_state_metric_model |             101 |
|                  Metric/self_state_distance |         0.00278 |
|                 Metric/cross_state_distance |            2.41 |
|           Metric/self_state_action_distance |        0.000682 |
|          Metric/cross_state_action_distance |            3.23 |
|             Metric/avg_self_state_asymmetry |               0 |
|            Metric/avg_cross_state_asymmetry |          0.0144 |
|                Metric/avg_self_sa_asymmetry |               0 |
|               Metric/avg_cross_sa_asymmetry |          0.0364 |
|  Metric/self_state_action_to_state_distance |        0.000127 |
| Metric/cross_state_action_to_state_distance |            3.27 |
|                   Metric/h_lambda_diff_self |          0.0006 |
|                  Metric/h_lambda_diff_cross |          0.0557 |
|                                 Eval/Return |             726 |
-----------------------------------------------------------------
[32mSaving model …[0m
[32mDone.[0m
[32mSaving model …[0m
[32mDone.[0m
