E0923 01:06:27.308383 3019160 cuda_executor.cc:1526] Could not get kernel mode driver version: (INVALID_ARGUMENT: Version does not match the format X.Y.Z)
E0923 01:06:27.316947 3019049 cuda_executor.cc:1526] Could not get kernel mode driver version: (INVALID_ARGUMENT: Version does not match the format X.Y.Z)
[32mStart prefilling replay buffer[0m
[32mStart SAC training[0m
[32m{'log_freq': 1000, 'save_freq': 1000000, 'eval_episode_freq': 10, 'hidden_size': 256, 'lr': 0.001, 'max_grad_norm': 0.0, 'gamma': 0.99, 'update_tau': 0.005, 'train_per_step': 8, 'episode_length': 1000, 'warmup_samples': 8192, 'max_replay_size': 4000000, 'batch_size': 512, 'total_env_steps': 5000000, 'init_temperature': 0.1, 'nstep': 3, 'bootstrap_on_truncation': True, 'rep_lr_scale': 1.5, 'vis_feq': 100000, 'n_vis_frames': 4, 'num_envs': 128, 'grad_steps': 50, 'transfer_freq': 10, 'transfer_steps': 8, 'reward_scaling': 1.0, 'num_eval_envs': 128, 'target_entropy': -2.0}[0m
[32m[nstep] nstep=3 bootstrap_on_truncation=True (discount from the buffer already contains gamma^nstep)[0m
--------------------------------------------------------
|                        Train/Steps |        1.36e+05 |
|                   Loss/Loss_critic |         0.00121 |
|                    Loss/Loss_actor |          -0.658 |
|                    Loss/Loss_alpha |         0.00647 |
|      Loss/Loss_state_action_metric |         0.00342 |
|             Loss/Loss_state_metric |          0.0028 |
|                  Loss/Act_rep_loss |         0.00716 |
|                          SAC/Alpha |         0.00163 |
|                     SAC/LogPi_mean |           -1.88 |
|                        SAC/Q1_mean |           0.652 |
|                        SAC/Q2_mean |           0.649 |
|                   Norm/actor_model |            31.7 |
|                  Norm/critic_model |            42.5 |
|     Norm/state_action_metric_model |            31.3 |
|            Norm/state_metric_model |              31 |
|         Metric/self_state_distance |        0.000195 |
|        Metric/cross_state_distance |           0.913 |
|  Metric/self_state_action_distance |        0.000469 |
| Metric/cross_state_action_distance |           0.897 |
|    Metric/avg_self_state_asymmetry |               0 |
|   Metric/avg_cross_state_asymmetry |         0.00149 |
|       Metric/avg_self_sa_asymmetry |               0 |
|      Metric/avg_cross_sa_asymmetry |         0.00188 |
|                        Eval/Return |            3.12 |
--------------------------------------------------------
--------------------------------------------------------
|                        Train/Steps |        2.64e+05 |
|                   Loss/Loss_critic |         0.00564 |
|                    Loss/Loss_actor |          -0.285 |
|                    Loss/Loss_alpha |        1.73e-05 |
|      Loss/Loss_state_action_metric |         0.00259 |
|             Loss/Loss_state_metric |         0.00195 |
|                  Loss/Act_rep_loss |          0.0115 |
|                          SAC/Alpha |         0.00013 |
|                     SAC/LogPi_mean |            1.69 |
|                        SAC/Q1_mean |            0.28 |
|                        SAC/Q2_mean |           0.281 |
|                   Norm/actor_model |              44 |
|                  Norm/critic_model |            57.3 |
|     Norm/state_action_metric_model |            33.2 |
|            Norm/state_metric_model |              33 |
|         Metric/self_state_distance |        0.000199 |
|        Metric/cross_state_distance |           0.918 |
|  Metric/self_state_action_distance |        0.000517 |
| Metric/cross_state_action_distance |           0.902 |
|    Metric/avg_self_state_asymmetry |               0 |
|   Metric/avg_cross_state_asymmetry |         0.00122 |
|       Metric/avg_self_sa_asymmetry |               0 |
|      Metric/avg_cross_sa_asymmetry |         0.00136 |
|                        Eval/Return |            4.72 |
--------------------------------------------------------
--------------------------------------------------------
|                        Train/Steps |        3.92e+05 |
|                   Loss/Loss_critic |          0.0522 |
|                    Loss/Loss_actor |          -0.401 |
|                    Loss/Loss_alpha |       -1.77e-05 |
|      Loss/Loss_state_action_metric |         0.00212 |
|             Loss/Loss_state_metric |         0.00153 |
|                  Loss/Act_rep_loss |          0.0365 |
|                          SAC/Alpha |         0.00188 |
|                     SAC/LogPi_mean |            2.12 |
|                        SAC/Q1_mean |           0.362 |
|                        SAC/Q2_mean |            0.39 |
|                   Norm/actor_model |            53.6 |
|                  Norm/critic_model |            76.4 |
|     Norm/state_action_metric_model |            34.7 |
|            Norm/state_metric_model |            36.3 |
|         Metric/self_state_distance |        0.000365 |
|        Metric/cross_state_distance |           0.929 |
|  Metric/self_state_action_distance |        0.000401 |
| Metric/cross_state_action_distance |           0.907 |
|    Metric/avg_self_state_asymmetry |               0 |
|   Metric/avg_cross_state_asymmetry |         0.00208 |
|       Metric/avg_self_sa_asymmetry |               0 |
|      Metric/avg_cross_sa_asymmetry |         0.00224 |
|                        Eval/Return |            16.8 |
--------------------------------------------------------
--------------------------------------------------------
|                        Train/Steps |         5.2e+05 |
|                   Loss/Loss_critic |           0.297 |
|                    Loss/Loss_actor |           -5.39 |
|                    Loss/Loss_alpha |       -0.000978 |
|      Loss/Loss_state_action_metric |         0.00209 |
|             Loss/Loss_state_metric |          0.0015 |
|                  Loss/Act_rep_loss |            0.51 |
|                          SAC/Alpha |          0.0102 |
|                     SAC/LogPi_mean |            1.93 |
|                        SAC/Q1_mean |            5.17 |
|                        SAC/Q2_mean |            5.17 |
|                   Norm/actor_model |              62 |
|                  Norm/critic_model |            94.2 |
|     Norm/state_action_metric_model |            37.3 |
|            Norm/state_metric_model |            39.8 |
|         Metric/self_state_distance |        0.000644 |
|        Metric/cross_state_distance |           0.926 |
|  Metric/self_state_action_distance |         0.00188 |
| Metric/cross_state_action_distance |           0.914 |
|    Metric/avg_self_state_asymmetry |               0 |
|   Metric/avg_cross_state_asymmetry |         0.00182 |
|       Metric/avg_self_sa_asymmetry |               0 |
|      Metric/avg_cross_sa_asymmetry |         0.00199 |
|                        Eval/Return |            82.5 |
--------------------------------------------------------
--------------------------------------------------------
|                        Train/Steps |        6.48e+05 |
|                   Loss/Loss_critic |            0.38 |
|                    Loss/Loss_actor |           -7.28 |
|                    Loss/Loss_alpha |         0.00192 |
|      Loss/Loss_state_action_metric |         0.00345 |
|             Loss/Loss_state_metric |         0.00233 |
|                  Loss/Act_rep_loss |           0.651 |
|                          SAC/Alpha |          0.0078 |
|                     SAC/LogPi_mean |            1.84 |
|                        SAC/Q1_mean |            7.11 |
|                        SAC/Q2_mean |             7.1 |
|                   Norm/actor_model |            69.3 |
|                  Norm/critic_model |             112 |
|     Norm/state_action_metric_model |            39.1 |
|            Norm/state_metric_model |            44.6 |
|         Metric/self_state_distance |        0.000837 |
|        Metric/cross_state_distance |           0.928 |
|  Metric/self_state_action_distance |        0.000673 |
| Metric/cross_state_action_distance |           0.915 |
|    Metric/avg_self_state_asymmetry |               0 |
|   Metric/avg_cross_state_asymmetry |         0.00193 |
|       Metric/avg_self_sa_asymmetry |               0 |
|      Metric/avg_cross_sa_asymmetry |         0.00215 |
|                        Eval/Return |             238 |
--------------------------------------------------------
--------------------------------------------------------
|                        Train/Steps |        7.76e+05 |
|                   Loss/Loss_critic |           0.272 |
|                    Loss/Loss_actor |           -9.35 |
|                    Loss/Loss_alpha |         0.00119 |
|      Loss/Loss_state_action_metric |         0.00301 |
|             Loss/Loss_state_metric |         0.00213 |
|                  Loss/Act_rep_loss |           0.575 |
|                          SAC/Alpha |         0.00667 |
|                     SAC/LogPi_mean |            2.01 |
|                        SAC/Q1_mean |            9.24 |
|                        SAC/Q2_mean |            9.22 |
|                   Norm/actor_model |            75.3 |
|                  Norm/critic_model |             125 |
|     Norm/state_action_metric_model |              42 |
|            Norm/state_metric_model |            48.4 |
|         Metric/self_state_distance |         0.00221 |
|        Metric/cross_state_distance |           0.946 |
|  Metric/self_state_action_distance |         0.00392 |
| Metric/cross_state_action_distance |           0.932 |
|    Metric/avg_self_state_asymmetry |               0 |
|   Metric/avg_cross_state_asymmetry |         0.00219 |
|       Metric/avg_self_sa_asymmetry |               0 |
|      Metric/avg_cross_sa_asymmetry |         0.00243 |
|                        Eval/Return |             360 |
--------------------------------------------------------
--------------------------------------------------------
|                        Train/Steps |        9.04e+05 |
|                   Loss/Loss_critic |           0.426 |
|                    Loss/Loss_actor |           -12.4 |
|                    Loss/Loss_alpha |        -0.00212 |
|      Loss/Loss_state_action_metric |         0.00296 |
|             Loss/Loss_state_metric |         0.00218 |
|                  Loss/Act_rep_loss |           0.673 |
|                          SAC/Alpha |         0.00582 |
|                     SAC/LogPi_mean |             2.3 |
|                        SAC/Q1_mean |            12.3 |
|                        SAC/Q2_mean |            12.3 |
|                   Norm/actor_model |            80.6 |
|                  Norm/critic_model |             136 |
|     Norm/state_action_metric_model |            44.3 |
|            Norm/state_metric_model |              52 |
|         Metric/self_state_distance |        0.000304 |
|        Metric/cross_state_distance |           0.952 |
|  Metric/self_state_action_distance |         0.00418 |
| Metric/cross_state_action_distance |           0.939 |
|    Metric/avg_self_state_asymmetry |               0 |
|   Metric/avg_cross_state_asymmetry |         0.00239 |
|       Metric/avg_self_sa_asymmetry |               0 |
|      Metric/avg_cross_sa_asymmetry |         0.00218 |
|                        Eval/Return |             102 |
--------------------------------------------------------
--------------------------------------------------------
|                        Train/Steps |        1.03e+06 |
|                   Loss/Loss_critic |           0.213 |
|                    Loss/Loss_actor |           -13.8 |
|                    Loss/Loss_alpha |         0.00116 |
|      Loss/Loss_state_action_metric |          0.0035 |
|             Loss/Loss_state_metric |         0.00273 |
|                  Loss/Act_rep_loss |           0.579 |
|                          SAC/Alpha |         0.00524 |
|                     SAC/LogPi_mean |             1.7 |
|                        SAC/Q1_mean |            13.7 |
|                        SAC/Q2_mean |            13.6 |
|                   Norm/actor_model |            85.1 |
|                  Norm/critic_model |             145 |
|     Norm/state_action_metric_model |            47.2 |
|            Norm/state_metric_model |            55.1 |
|         Metric/self_state_distance |        0.000267 |
|        Metric/cross_state_distance |           0.956 |
|  Metric/self_state_action_distance |         0.00118 |
| Metric/cross_state_action_distance |            0.95 |
|    Metric/avg_self_state_asymmetry |               0 |
|   Metric/avg_cross_state_asymmetry |         0.00259 |
|       Metric/avg_self_sa_asymmetry |               0 |
|      Metric/avg_cross_sa_asymmetry |         0.00229 |
|                        Eval/Return |             362 |
--------------------------------------------------------
[32mSaving model …[0m
[32mDone.[0m
[32mSaving model …[0m
[32mDone.[0m
[32mSaving model …[0m
[32mDone.[0m
[32mSaving model …[0m
[32mDone.[0m
--------------------------------------------------------
|                        Train/Steps |        1.16e+06 |
|                   Loss/Loss_critic |           0.326 |
|                    Loss/Loss_actor |           -14.2 |
|                    Loss/Loss_alpha |         0.00093 |
|      Loss/Loss_state_action_metric |         0.00409 |
|             Loss/Loss_state_metric |         0.00208 |
|                  Loss/Act_rep_loss |           0.544 |
|                          SAC/Alpha |         0.00567 |
|                     SAC/LogPi_mean |            1.82 |
|                        SAC/Q1_mean |            14.1 |
|                        SAC/Q2_mean |            14.2 |
|                   Norm/actor_model |            89.5 |
|                  Norm/critic_model |             154 |
|     Norm/state_action_metric_model |            48.9 |
|            Norm/state_metric_model |            59.3 |
|         Metric/self_state_distance |        0.000907 |
|        Metric/cross_state_distance |           0.969 |
|  Metric/self_state_action_distance |        0.000872 |
| Metric/cross_state_action_distance |           0.958 |
|    Metric/avg_self_state_asymmetry |               0 |
|   Metric/avg_cross_state_asymmetry |         0.00253 |
|       Metric/avg_self_sa_asymmetry |               0 |
|      Metric/avg_cross_sa_asymmetry |         0.00211 |
|                        Eval/Return |             393 |
--------------------------------------------------------
--------------------------------------------------------
|                        Train/Steps |        1.29e+06 |
|                   Loss/Loss_critic |           0.246 |
|                    Loss/Loss_actor |           -15.4 |
|                    Loss/Loss_alpha |        0.000674 |
|      Loss/Loss_state_action_metric |         0.00379 |
|             Loss/Loss_state_metric |         0.00239 |
|                  Loss/Act_rep_loss |           0.561 |
|                          SAC/Alpha |         0.00524 |
|                     SAC/LogPi_mean |            1.95 |
|                        SAC/Q1_mean |            15.3 |
|                        SAC/Q2_mean |            15.3 |
|                   Norm/actor_model |            93.6 |
|                  Norm/critic_model |             162 |
|     Norm/state_action_metric_model |            51.2 |
|            Norm/state_metric_model |              65 |
|         Metric/self_state_distance |        0.000258 |
|        Metric/cross_state_distance |            0.96 |
|  Metric/self_state_action_distance |        0.000577 |
| Metric/cross_state_action_distance |           0.953 |
|    Metric/avg_self_state_asymmetry |               0 |
|   Metric/avg_cross_state_asymmetry |         0.00235 |
|       Metric/avg_self_sa_asymmetry |               0 |
|      Metric/avg_cross_sa_asymmetry |         0.00231 |
|                        Eval/Return |             345 |
--------------------------------------------------------
--------------------------------------------------------
|                        Train/Steps |        1.42e+06 |
|                   Loss/Loss_critic |           0.744 |
|                    Loss/Loss_actor |           -18.8 |
|                    Loss/Loss_alpha |         0.00123 |
|      Loss/Loss_state_action_metric |         0.00309 |
|             Loss/Loss_state_metric |         0.00229 |
|                  Loss/Act_rep_loss |           0.524 |
|                          SAC/Alpha |         0.00512 |
|                     SAC/LogPi_mean |            1.74 |
|                        SAC/Q1_mean |            18.7 |
|                        SAC/Q2_mean |            18.7 |
|                   Norm/actor_model |            97.3 |
|                  Norm/critic_model |             169 |
|     Norm/state_action_metric_model |            54.2 |
|            Norm/state_metric_model |            72.3 |
|         Metric/self_state_distance |        0.000507 |
|        Metric/cross_state_distance |           0.982 |
|  Metric/self_state_action_distance |         0.00167 |
| Metric/cross_state_action_distance |           0.979 |
|    Metric/avg_self_state_asymmetry |               0 |
|   Metric/avg_cross_state_asymmetry |         0.00285 |
|       Metric/avg_self_sa_asymmetry |               0 |
|      Metric/avg_cross_sa_asymmetry |         0.00211 |
|                        Eval/Return |             323 |
--------------------------------------------------------
--------------------------------------------------------
|                        Train/Steps |        1.54e+06 |
|                   Loss/Loss_critic |           0.183 |
|                    Loss/Loss_actor |           -19.8 |
|                    Loss/Loss_alpha |       -0.000165 |
|      Loss/Loss_state_action_metric |         0.00341 |
|             Loss/Loss_state_metric |         0.00332 |
|                  Loss/Act_rep_loss |           0.338 |
|                          SAC/Alpha |         0.00498 |
|                     SAC/LogPi_mean |            2.01 |
|                        SAC/Q1_mean |            19.7 |
|                        SAC/Q2_mean |            19.6 |
|                   Norm/actor_model |             101 |
|                  Norm/critic_model |             175 |
|     Norm/state_action_metric_model |            56.8 |
|            Norm/state_metric_model |            79.5 |
|         Metric/self_state_distance |         0.00558 |
|        Metric/cross_state_distance |           0.993 |
|  Metric/self_state_action_distance |         0.00138 |
| Metric/cross_state_action_distance |           0.983 |
|    Metric/avg_self_state_asymmetry |               0 |
|   Metric/avg_cross_state_asymmetry |          0.0098 |
|       Metric/avg_self_sa_asymmetry |               0 |
|      Metric/avg_cross_sa_asymmetry |         0.00251 |
|                        Eval/Return |             350 |
--------------------------------------------------------
--------------------------------------------------------
|                        Train/Steps |        1.67e+06 |
|                   Loss/Loss_critic |           0.269 |
|                    Loss/Loss_actor |           -21.8 |
|                    Loss/Loss_alpha |       -0.000329 |
|      Loss/Loss_state_action_metric |         0.00423 |
|             Loss/Loss_state_metric |         0.00313 |
|                  Loss/Act_rep_loss |            0.52 |
|                          SAC/Alpha |         0.00447 |
|                     SAC/LogPi_mean |            2.15 |
|                        SAC/Q1_mean |            21.6 |
|                        SAC/Q2_mean |            21.7 |
|                   Norm/actor_model |             104 |
|                  Norm/critic_model |             180 |
|     Norm/state_action_metric_model |            59.2 |
|            Norm/state_metric_model |            86.7 |
|         Metric/self_state_distance |         0.00048 |
|        Metric/cross_state_distance |           0.987 |
|  Metric/self_state_action_distance |        0.000825 |
| Metric/cross_state_action_distance |           0.983 |
|    Metric/avg_self_state_asymmetry |               0 |
|   Metric/avg_cross_state_asymmetry |         0.00302 |
|       Metric/avg_self_sa_asymmetry |               0 |
|      Metric/avg_cross_sa_asymmetry |         0.00194 |
|                        Eval/Return |             409 |
--------------------------------------------------------
--------------------------------------------------------
|                        Train/Steps |         1.8e+06 |
|                   Loss/Loss_critic |           0.117 |
|                    Loss/Loss_actor |           -20.8 |
|                    Loss/Loss_alpha |         0.00051 |
|      Loss/Loss_state_action_metric |         0.00342 |
|             Loss/Loss_state_metric |         0.00235 |
|                  Loss/Act_rep_loss |            0.31 |
|                          SAC/Alpha |         0.00496 |
|                     SAC/LogPi_mean |            1.88 |
|                        SAC/Q1_mean |            20.8 |
|                        SAC/Q2_mean |            20.7 |
|                   Norm/actor_model |             107 |
|                  Norm/critic_model |             185 |
|     Norm/state_action_metric_model |            62.8 |
|            Norm/state_metric_model |            94.5 |
|         Metric/self_state_distance |        0.000499 |
|        Metric/cross_state_distance |           0.988 |
|  Metric/self_state_action_distance |         0.00386 |
| Metric/cross_state_action_distance |           0.982 |
|    Metric/avg_self_state_asymmetry |               0 |
|   Metric/avg_cross_state_asymmetry |         0.00327 |
|       Metric/avg_self_sa_asymmetry |               0 |
|      Metric/avg_cross_sa_asymmetry |         0.00212 |
|                        Eval/Return |             397 |
--------------------------------------------------------
--------------------------------------------------------
|                        Train/Steps |        1.93e+06 |
|                   Loss/Loss_critic |           0.213 |
|                    Loss/Loss_actor |           -24.1 |
|                    Loss/Loss_alpha |         -0.0016 |
|      Loss/Loss_state_action_metric |         0.00387 |
|             Loss/Loss_state_metric |         0.00285 |
|                  Loss/Act_rep_loss |           0.406 |
|                          SAC/Alpha |         0.00359 |
|                     SAC/LogPi_mean |            2.44 |
|                        SAC/Q1_mean |              24 |
|                        SAC/Q2_mean |              24 |
|                   Norm/actor_model |             110 |
|                  Norm/critic_model |             190 |
|     Norm/state_action_metric_model |              65 |
|            Norm/state_metric_model |             100 |
|         Metric/self_state_distance |        0.000668 |
|        Metric/cross_state_distance |           0.993 |
|  Metric/self_state_action_distance |        0.000948 |
| Metric/cross_state_action_distance |           0.992 |
|    Metric/avg_self_state_asymmetry |               0 |
|   Metric/avg_cross_state_asymmetry |         0.00266 |
|       Metric/avg_self_sa_asymmetry |               0 |
|      Metric/avg_cross_sa_asymmetry |         0.00227 |
|                        Eval/Return |             473 |
--------------------------------------------------------
--------------------------------------------------------
|                        Train/Steps |        2.06e+06 |
|                   Loss/Loss_critic |           0.161 |
|                    Loss/Loss_actor |           -22.2 |
|                    Loss/Loss_alpha |         0.00061 |
|      Loss/Loss_state_action_metric |         0.00334 |
|             Loss/Loss_state_metric |         0.00243 |
|                  Loss/Act_rep_loss |           0.363 |
|                          SAC/Alpha |         0.00373 |
|                     SAC/LogPi_mean |            1.77 |
|                        SAC/Q1_mean |            22.1 |
|                        SAC/Q2_mean |            22.1 |
|                   Norm/actor_model |             113 |
|                  Norm/critic_model |             194 |
|     Norm/state_action_metric_model |            67.9 |
|            Norm/state_metric_model |             107 |
|         Metric/self_state_distance |         0.00204 |
|        Metric/cross_state_distance |           0.994 |
|  Metric/self_state_action_distance |          0.0019 |
| Metric/cross_state_action_distance |            0.99 |
|    Metric/avg_self_state_asymmetry |               0 |
|   Metric/avg_cross_state_asymmetry |         0.00273 |
|       Metric/avg_self_sa_asymmetry |               0 |
|      Metric/avg_cross_sa_asymmetry |         0.00208 |
|                        Eval/Return |             531 |
--------------------------------------------------------
[32mSaving model …[0m
[32mDone.[0m
[32mSaving model …[0m
[32mDone.[0m
[32mSaving model …[0m
[32mDone.[0m
[32mSaving model …[0m
[32mDone.[0m
--------------------------------------------------------
|                        Train/Steps |        2.18e+06 |
|                   Loss/Loss_critic |           0.165 |
|                    Loss/Loss_actor |           -20.2 |
|                    Loss/Loss_alpha |         0.00131 |
|      Loss/Loss_state_action_metric |         0.00369 |
|             Loss/Loss_state_metric |         0.00282 |
|                  Loss/Act_rep_loss |           0.302 |
|                          SAC/Alpha |         0.00374 |
|                     SAC/LogPi_mean |            1.66 |
|                        SAC/Q1_mean |            20.1 |
|                        SAC/Q2_mean |            20.1 |
|                   Norm/actor_model |             116 |
|                  Norm/critic_model |             198 |
|     Norm/state_action_metric_model |            70.9 |
|            Norm/state_metric_model |             112 |
|         Metric/self_state_distance |        0.000824 |
|        Metric/cross_state_distance |           0.988 |
|  Metric/self_state_action_distance |         0.00118 |
| Metric/cross_state_action_distance |           0.986 |
|    Metric/avg_self_state_asymmetry |               0 |
|   Metric/avg_cross_state_asymmetry |         0.00339 |
|       Metric/avg_self_sa_asymmetry |               0 |
|      Metric/avg_cross_sa_asymmetry |         0.00223 |
|                        Eval/Return |             328 |
--------------------------------------------------------
--------------------------------------------------------
|                        Train/Steps |        2.31e+06 |
|                   Loss/Loss_critic |          0.0922 |
|                    Loss/Loss_actor |           -25.5 |
|                    Loss/Loss_alpha |        0.000208 |
|      Loss/Loss_state_action_metric |         0.00521 |
|             Loss/Loss_state_metric |         0.00341 |
|                  Loss/Act_rep_loss |           0.253 |
|                          SAC/Alpha |         0.00368 |
|                     SAC/LogPi_mean |            2.07 |
|                        SAC/Q1_mean |            25.4 |
|                        SAC/Q2_mean |            25.5 |
|                   Norm/actor_model |             118 |
|                  Norm/critic_model |             201 |
|     Norm/state_action_metric_model |            73.6 |
|            Norm/state_metric_model |             118 |
|         Metric/self_state_distance |         0.00382 |
|        Metric/cross_state_distance |           0.999 |
|  Metric/self_state_action_distance |        0.000571 |
| Metric/cross_state_action_distance |           0.995 |
|    Metric/avg_self_state_asymmetry |               0 |
|   Metric/avg_cross_state_asymmetry |         0.00318 |
|       Metric/avg_self_sa_asymmetry |               0 |
|      Metric/avg_cross_sa_asymmetry |         0.00219 |
|                        Eval/Return |             422 |
--------------------------------------------------------
--------------------------------------------------------
|                        Train/Steps |        2.44e+06 |
|                   Loss/Loss_critic |           0.065 |
|                    Loss/Loss_actor |           -27.4 |
|                    Loss/Loss_alpha |        0.000615 |
|      Loss/Loss_state_action_metric |         0.00378 |
|             Loss/Loss_state_metric |         0.00263 |
|                  Loss/Act_rep_loss |           0.317 |
|                          SAC/Alpha |         0.00377 |
|                     SAC/LogPi_mean |            1.77 |
|                        SAC/Q1_mean |            27.4 |
|                        SAC/Q2_mean |            27.4 |
|                   Norm/actor_model |             121 |
|                  Norm/critic_model |             205 |
|     Norm/state_action_metric_model |            75.3 |
|            Norm/state_metric_model |             122 |
|         Metric/self_state_distance |         0.00122 |
|        Metric/cross_state_distance |               1 |
|  Metric/self_state_action_distance |        0.000947 |
| Metric/cross_state_action_distance |               1 |
|    Metric/avg_self_state_asymmetry |               0 |
|   Metric/avg_cross_state_asymmetry |         0.00349 |
|       Metric/avg_self_sa_asymmetry |               0 |
|      Metric/avg_cross_sa_asymmetry |         0.00222 |
|                        Eval/Return |             418 |
--------------------------------------------------------
--------------------------------------------------------
|                        Train/Steps |        2.57e+06 |
|                   Loss/Loss_critic |           0.214 |
|                    Loss/Loss_actor |           -30.1 |
|                    Loss/Loss_alpha |        -0.00208 |
|      Loss/Loss_state_action_metric |          0.0046 |
|             Loss/Loss_state_metric |         0.00362 |
|                  Loss/Act_rep_loss |           0.226 |
|                          SAC/Alpha |         0.00359 |
|                     SAC/LogPi_mean |             2.7 |
|                        SAC/Q1_mean |              30 |
|                        SAC/Q2_mean |              30 |
|                   Norm/actor_model |             123 |
|                  Norm/critic_model |             208 |
|     Norm/state_action_metric_model |            77.1 |
|            Norm/state_metric_model |             126 |
|         Metric/self_state_distance |         0.00169 |
|        Metric/cross_state_distance |            1.02 |
|  Metric/self_state_action_distance |         0.00131 |
| Metric/cross_state_action_distance |            1.02 |
|    Metric/avg_self_state_asymmetry |               0 |
|   Metric/avg_cross_state_asymmetry |         0.00325 |
|       Metric/avg_self_sa_asymmetry |               0 |
|      Metric/avg_cross_sa_asymmetry |         0.00235 |
|                        Eval/Return |             455 |
--------------------------------------------------------
--------------------------------------------------------
|                        Train/Steps |         2.7e+06 |
|                   Loss/Loss_critic |            0.15 |
|                    Loss/Loss_actor |             -27 |
|                    Loss/Loss_alpha |       -0.000166 |
|      Loss/Loss_state_action_metric |         0.00376 |
|             Loss/Loss_state_metric |         0.00276 |
|                  Loss/Act_rep_loss |           0.225 |
|                          SAC/Alpha |         0.00356 |
|                     SAC/LogPi_mean |            2.02 |
|                        SAC/Q1_mean |            26.9 |
|                        SAC/Q2_mean |            26.9 |
|                   Norm/actor_model |             125 |
|                  Norm/critic_model |             211 |
|     Norm/state_action_metric_model |            80.7 |
|            Norm/state_metric_model |             132 |
|         Metric/self_state_distance |         0.00139 |
|        Metric/cross_state_distance |            1.01 |
|  Metric/self_state_action_distance |         0.00139 |
| Metric/cross_state_action_distance |            1.01 |
|    Metric/avg_self_state_asymmetry |               0 |
|   Metric/avg_cross_state_asymmetry |         0.00253 |
|       Metric/avg_self_sa_asymmetry |               0 |
|      Metric/avg_cross_sa_asymmetry |         0.00194 |
|                        Eval/Return |             405 |
--------------------------------------------------------
--------------------------------------------------------
|                        Train/Steps |        2.82e+06 |
|                   Loss/Loss_critic |          0.0546 |
|                    Loss/Loss_actor |           -24.4 |
|                    Loss/Loss_alpha |        9.11e-05 |
|      Loss/Loss_state_action_metric |         0.00423 |
|             Loss/Loss_state_metric |         0.00299 |
|                  Loss/Act_rep_loss |           0.284 |
|                          SAC/Alpha |         0.00343 |
|                     SAC/LogPi_mean |            1.99 |
|                        SAC/Q1_mean |            24.4 |
|                        SAC/Q2_mean |            24.3 |
|                   Norm/actor_model |             128 |
|                  Norm/critic_model |             215 |
|     Norm/state_action_metric_model |            82.9 |
|            Norm/state_metric_model |             137 |
|         Metric/self_state_distance |         0.00148 |
|        Metric/cross_state_distance |           0.995 |
|  Metric/self_state_action_distance |         0.00175 |
| Metric/cross_state_action_distance |           0.992 |
|    Metric/avg_self_state_asymmetry |               0 |
|   Metric/avg_cross_state_asymmetry |         0.00393 |
|       Metric/avg_self_sa_asymmetry |               0 |
|      Metric/avg_cross_sa_asymmetry |          0.0033 |
|                        Eval/Return |             485 |
--------------------------------------------------------
--------------------------------------------------------
|                        Train/Steps |        2.95e+06 |
|                   Loss/Loss_critic |             0.2 |
|                    Loss/Loss_actor |           -27.8 |
|                    Loss/Loss_alpha |        -0.00122 |
|      Loss/Loss_state_action_metric |         0.00401 |
|             Loss/Loss_state_metric |         0.00267 |
|                  Loss/Act_rep_loss |           0.361 |
|                          SAC/Alpha |         0.00332 |
|                     SAC/LogPi_mean |            2.53 |
|                        SAC/Q1_mean |            27.7 |
|                        SAC/Q2_mean |            27.8 |
|                   Norm/actor_model |             130 |
|                  Norm/critic_model |             217 |
|     Norm/state_action_metric_model |            86.9 |
|            Norm/state_metric_model |             141 |
|         Metric/self_state_distance |        0.000767 |
|        Metric/cross_state_distance |               1 |
|  Metric/self_state_action_distance |         0.00175 |
| Metric/cross_state_action_distance |            1.01 |
|    Metric/avg_self_state_asymmetry |               0 |
|   Metric/avg_cross_state_asymmetry |         0.00304 |
|       Metric/avg_self_sa_asymmetry |               0 |
|      Metric/avg_cross_sa_asymmetry |          0.0021 |
|                        Eval/Return |             418 |
--------------------------------------------------------
--------------------------------------------------------
|                        Train/Steps |        3.08e+06 |
|                   Loss/Loss_critic |          0.0897 |
|                    Loss/Loss_actor |           -26.6 |
|                    Loss/Loss_alpha |        0.000644 |
|      Loss/Loss_state_action_metric |         0.00466 |
|             Loss/Loss_state_metric |         0.00318 |
|                  Loss/Act_rep_loss |           0.238 |
|                          SAC/Alpha |          0.0037 |
|                     SAC/LogPi_mean |             1.9 |
|                        SAC/Q1_mean |            26.6 |
|                        SAC/Q2_mean |            26.6 |
|                   Norm/actor_model |             132 |
|                  Norm/critic_model |             221 |
|     Norm/state_action_metric_model |            89.3 |
|            Norm/state_metric_model |             146 |
|         Metric/self_state_distance |        0.000778 |
|        Metric/cross_state_distance |               1 |
|  Metric/self_state_action_distance |        0.000562 |
| Metric/cross_state_action_distance |            1.01 |
|    Metric/avg_self_state_asymmetry |               0 |
|   Metric/avg_cross_state_asymmetry |         0.00189 |
|       Metric/avg_self_sa_asymmetry |               0 |
|      Metric/avg_cross_sa_asymmetry |         0.00161 |
|                        Eval/Return |             412 |
--------------------------------------------------------
[32mSaving model …[0m
[32mDone.[0m
[32mSaving model …[0m
[32mDone.[0m
[32mSaving model …[0m
[32mDone.[0m
[32mSaving model …[0m
[32mDone.[0m
--------------------------------------------------------
|                        Train/Steps |        3.21e+06 |
|                   Loss/Loss_critic |           0.093 |
|                    Loss/Loss_actor |           -25.7 |
|                    Loss/Loss_alpha |         0.00131 |
|      Loss/Loss_state_action_metric |         0.00384 |
|             Loss/Loss_state_metric |         0.00276 |
|                  Loss/Act_rep_loss |             0.2 |
|                          SAC/Alpha |         0.00336 |
|                     SAC/LogPi_mean |            1.52 |
|                        SAC/Q1_mean |            25.7 |
|                        SAC/Q2_mean |            25.6 |
|                   Norm/actor_model |             134 |
|                  Norm/critic_model |             223 |
|     Norm/state_action_metric_model |            92.9 |
|            Norm/state_metric_model |             151 |
|         Metric/self_state_distance |        0.000582 |
|        Metric/cross_state_distance |               1 |
|  Metric/self_state_action_distance |        0.000624 |
| Metric/cross_state_action_distance |            1.01 |
|    Metric/avg_self_state_asymmetry |               0 |
|   Metric/avg_cross_state_asymmetry |         0.00238 |
|       Metric/avg_self_sa_asymmetry |               0 |
|      Metric/avg_cross_sa_asymmetry |         0.00161 |
|                        Eval/Return |             327 |
--------------------------------------------------------
--------------------------------------------------------
|                        Train/Steps |        3.34e+06 |
|                   Loss/Loss_critic |           0.236 |
|                    Loss/Loss_actor |           -28.2 |
|                    Loss/Loss_alpha |        -0.00153 |
|      Loss/Loss_state_action_metric |         0.00491 |
|             Loss/Loss_state_metric |         0.00364 |
|                  Loss/Act_rep_loss |           0.201 |
|                          SAC/Alpha |         0.00325 |
|                     SAC/LogPi_mean |            2.44 |
|                        SAC/Q1_mean |            28.3 |
|                        SAC/Q2_mean |            28.2 |
|                   Norm/actor_model |             135 |
|                  Norm/critic_model |             226 |
|     Norm/state_action_metric_model |            95.8 |
|            Norm/state_metric_model |             155 |
|         Metric/self_state_distance |         0.00436 |
|        Metric/cross_state_distance |            1.01 |
|  Metric/self_state_action_distance |        0.000554 |
| Metric/cross_state_action_distance |            1.01 |
|    Metric/avg_self_state_asymmetry |               0 |
|   Metric/avg_cross_state_asymmetry |         0.00238 |
|       Metric/avg_self_sa_asymmetry |               0 |
|      Metric/avg_cross_sa_asymmetry |         0.00173 |
|                        Eval/Return |             389 |
--------------------------------------------------------
--------------------------------------------------------
|                        Train/Steps |        3.46e+06 |
|                   Loss/Loss_critic |          0.0639 |
|                    Loss/Loss_actor |           -28.5 |
|                    Loss/Loss_alpha |        -0.00124 |
|      Loss/Loss_state_action_metric |         0.00429 |
|             Loss/Loss_state_metric |         0.00288 |
|                  Loss/Act_rep_loss |           0.235 |
|                          SAC/Alpha |         0.00327 |
|                     SAC/LogPi_mean |             2.3 |
|                        SAC/Q1_mean |            28.5 |
|                        SAC/Q2_mean |            28.4 |
|                   Norm/actor_model |             137 |
|                  Norm/critic_model |             228 |
|     Norm/state_action_metric_model |            98.8 |
|            Norm/state_metric_model |             160 |
|         Metric/self_state_distance |        0.000592 |
|        Metric/cross_state_distance |            1.01 |
|  Metric/self_state_action_distance |         0.00064 |
| Metric/cross_state_action_distance |            1.01 |
|    Metric/avg_self_state_asymmetry |               0 |
|   Metric/avg_cross_state_asymmetry |         0.00178 |
|       Metric/avg_self_sa_asymmetry |               0 |
|      Metric/avg_cross_sa_asymmetry |         0.00136 |
|                        Eval/Return |             374 |
--------------------------------------------------------
--------------------------------------------------------
|                        Train/Steps |        3.59e+06 |
|                   Loss/Loss_critic |          0.0877 |
|                    Loss/Loss_actor |           -29.6 |
|                    Loss/Loss_alpha |       -0.000141 |
|      Loss/Loss_state_action_metric |         0.00419 |
|             Loss/Loss_state_metric |          0.0032 |
|                  Loss/Act_rep_loss |           0.198 |
|                          SAC/Alpha |         0.00308 |
|                     SAC/LogPi_mean |            2.11 |
|                        SAC/Q1_mean |            29.6 |
|                        SAC/Q2_mean |            29.6 |
|                   Norm/actor_model |             139 |
|                  Norm/critic_model |             231 |
|     Norm/state_action_metric_model |             102 |
|            Norm/state_metric_model |             164 |
|         Metric/self_state_distance |        0.000726 |
|        Metric/cross_state_distance |            1.01 |
|  Metric/self_state_action_distance |        0.000566 |
| Metric/cross_state_action_distance |            1.01 |
|    Metric/avg_self_state_asymmetry |               0 |
|   Metric/avg_cross_state_asymmetry |         0.00211 |
|       Metric/avg_self_sa_asymmetry |               0 |
|      Metric/avg_cross_sa_asymmetry |         0.00219 |
|                        Eval/Return |             385 |
--------------------------------------------------------
--------------------------------------------------------
|                        Train/Steps |        3.72e+06 |
|                   Loss/Loss_critic |           0.061 |
|                    Loss/Loss_actor |           -29.5 |
|                    Loss/Loss_alpha |       -0.000119 |
|      Loss/Loss_state_action_metric |         0.00388 |
|             Loss/Loss_state_metric |         0.00284 |
|                  Loss/Act_rep_loss |           0.191 |
|                          SAC/Alpha |         0.00299 |
|                     SAC/LogPi_mean |            1.96 |
|                        SAC/Q1_mean |            29.5 |
|                        SAC/Q2_mean |            29.5 |
|                   Norm/actor_model |             141 |
|                  Norm/critic_model |             234 |
|     Norm/state_action_metric_model |             105 |
|            Norm/state_metric_model |             168 |
|         Metric/self_state_distance |        0.000533 |
|        Metric/cross_state_distance |            1.01 |
|  Metric/self_state_action_distance |          0.0031 |
| Metric/cross_state_action_distance |            1.01 |
|    Metric/avg_self_state_asymmetry |               0 |
|   Metric/avg_cross_state_asymmetry |         0.00203 |
|       Metric/avg_self_sa_asymmetry |               0 |
|      Metric/avg_cross_sa_asymmetry |         0.00193 |
|                        Eval/Return |             449 |
--------------------------------------------------------
--------------------------------------------------------
|                        Train/Steps |        3.85e+06 |
|                   Loss/Loss_critic |           0.117 |
|                    Loss/Loss_actor |           -27.6 |
|                    Loss/Loss_alpha |       -0.000481 |
|      Loss/Loss_state_action_metric |         0.00461 |
|             Loss/Loss_state_metric |         0.00363 |
|                  Loss/Act_rep_loss |           0.281 |
|                          SAC/Alpha |         0.00331 |
|                     SAC/LogPi_mean |            2.18 |
|                        SAC/Q1_mean |            27.6 |
|                        SAC/Q2_mean |            27.6 |
|                   Norm/actor_model |             142 |
|                  Norm/critic_model |             236 |
|     Norm/state_action_metric_model |             107 |
|            Norm/state_metric_model |             172 |
|         Metric/self_state_distance |        0.000762 |
|        Metric/cross_state_distance |            1.01 |
|  Metric/self_state_action_distance |         0.00081 |
| Metric/cross_state_action_distance |            1.01 |
|    Metric/avg_self_state_asymmetry |               0 |
|   Metric/avg_cross_state_asymmetry |         0.00222 |
|       Metric/avg_self_sa_asymmetry |               0 |
|      Metric/avg_cross_sa_asymmetry |         0.00163 |
|                        Eval/Return |             419 |
--------------------------------------------------------
--------------------------------------------------------
|                        Train/Steps |        3.98e+06 |
|                   Loss/Loss_critic |           0.277 |
|                    Loss/Loss_actor |           -28.2 |
|                    Loss/Loss_alpha |       -0.000429 |
|      Loss/Loss_state_action_metric |          0.0045 |
|             Loss/Loss_state_metric |         0.00328 |
|                  Loss/Act_rep_loss |           0.156 |
|                          SAC/Alpha |         0.00321 |
|                     SAC/LogPi_mean |            2.01 |
|                        SAC/Q1_mean |            28.2 |
|                        SAC/Q2_mean |            28.2 |
|                   Norm/actor_model |             144 |
|                  Norm/critic_model |             239 |
|     Norm/state_action_metric_model |             109 |
|            Norm/state_metric_model |             176 |
|         Metric/self_state_distance |        0.000354 |
|        Metric/cross_state_distance |            1.01 |
|  Metric/self_state_action_distance |         0.00084 |
| Metric/cross_state_action_distance |            1.01 |
|    Metric/avg_self_state_asymmetry |               0 |
|   Metric/avg_cross_state_asymmetry |          0.0038 |
|       Metric/avg_self_sa_asymmetry |               0 |
|      Metric/avg_cross_sa_asymmetry |         0.00171 |
|                        Eval/Return |             423 |
--------------------------------------------------------
--------------------------------------------------------
|                        Train/Steps |         4.1e+06 |
|                   Loss/Loss_critic |           0.634 |
|                    Loss/Loss_actor |             -30 |
|                    Loss/Loss_alpha |        -0.00114 |
|      Loss/Loss_state_action_metric |          0.0052 |
|             Loss/Loss_state_metric |         0.00406 |
|                  Loss/Act_rep_loss |           0.212 |
|                          SAC/Alpha |         0.00294 |
|                     SAC/LogPi_mean |            2.31 |
|                        SAC/Q1_mean |              30 |
|                        SAC/Q2_mean |              30 |
|                   Norm/actor_model |             146 |
|                  Norm/critic_model |             241 |
|     Norm/state_action_metric_model |             113 |
|            Norm/state_metric_model |             179 |
|         Metric/self_state_distance |        0.000683 |
|        Metric/cross_state_distance |            1.01 |
|  Metric/self_state_action_distance |        0.000795 |
| Metric/cross_state_action_distance |            1.01 |
|    Metric/avg_self_state_asymmetry |               0 |
|   Metric/avg_cross_state_asymmetry |         0.00212 |
|       Metric/avg_self_sa_asymmetry |               0 |
|      Metric/avg_cross_sa_asymmetry |         0.00163 |
|                        Eval/Return |             418 |
--------------------------------------------------------
[32mSaving model …[0m
[32mDone.[0m
[32mSaving model …[0m
[32mDone.[0m
[32mSaving model …[0m
[32mDone.[0m
[32mSaving model …[0m
[32mDone.[0m
--------------------------------------------------------
|                        Train/Steps |        4.23e+06 |
|                   Loss/Loss_critic |          0.0746 |
|                    Loss/Loss_actor |           -31.3 |
|                    Loss/Loss_alpha |       -0.000354 |
|      Loss/Loss_state_action_metric |         0.00466 |
|             Loss/Loss_state_metric |           0.003 |
|                  Loss/Act_rep_loss |          0.0948 |
|                          SAC/Alpha |         0.00313 |
|                     SAC/LogPi_mean |            2.05 |
|                        SAC/Q1_mean |            31.3 |
|                        SAC/Q2_mean |            31.3 |
|                   Norm/actor_model |             147 |
|                  Norm/critic_model |             243 |
|     Norm/state_action_metric_model |             115 |
|            Norm/state_metric_model |             183 |
|         Metric/self_state_distance |        0.000922 |
|        Metric/cross_state_distance |            1.02 |
|  Metric/self_state_action_distance |        0.000508 |
| Metric/cross_state_action_distance |            1.02 |
|    Metric/avg_self_state_asymmetry |               0 |
|   Metric/avg_cross_state_asymmetry |         0.00201 |
|       Metric/avg_self_sa_asymmetry |               0 |
|      Metric/avg_cross_sa_asymmetry |         0.00136 |
|                        Eval/Return |             387 |
--------------------------------------------------------
--------------------------------------------------------
|                        Train/Steps |        4.36e+06 |
|                   Loss/Loss_critic |          0.0734 |
|                    Loss/Loss_actor |           -32.5 |
|                    Loss/Loss_alpha |       -0.000506 |
|      Loss/Loss_state_action_metric |         0.00473 |
|             Loss/Loss_state_metric |         0.00334 |
|                  Loss/Act_rep_loss |          0.0941 |
|                          SAC/Alpha |         0.00274 |
|                     SAC/LogPi_mean |            2.04 |
|                        SAC/Q1_mean |            32.6 |
|                        SAC/Q2_mean |            32.6 |
|                   Norm/actor_model |             149 |
|                  Norm/critic_model |             245 |
|     Norm/state_action_metric_model |             118 |
|            Norm/state_metric_model |             187 |
|         Metric/self_state_distance |        0.000637 |
|        Metric/cross_state_distance |            1.02 |
|  Metric/self_state_action_distance |          0.0018 |
| Metric/cross_state_action_distance |            1.02 |
|    Metric/avg_self_state_asymmetry |               0 |
|   Metric/avg_cross_state_asymmetry |           0.002 |
|       Metric/avg_self_sa_asymmetry |               0 |
|      Metric/avg_cross_sa_asymmetry |         0.00138 |
|                        Eval/Return |             417 |
--------------------------------------------------------
--------------------------------------------------------
|                        Train/Steps |        4.49e+06 |
|                   Loss/Loss_critic |          0.0571 |
|                    Loss/Loss_actor |           -32.3 |
|                    Loss/Loss_alpha |        0.000549 |
|      Loss/Loss_state_action_metric |         0.00536 |
|             Loss/Loss_state_metric |         0.00353 |
|                  Loss/Act_rep_loss |          0.0467 |
|                          SAC/Alpha |         0.00284 |
|                     SAC/LogPi_mean |            1.75 |
|                        SAC/Q1_mean |            32.3 |
|                        SAC/Q2_mean |            32.3 |
|                   Norm/actor_model |             150 |
|                  Norm/critic_model |             248 |
|     Norm/state_action_metric_model |             121 |
|            Norm/state_metric_model |             191 |
|         Metric/self_state_distance |        0.000326 |
|        Metric/cross_state_distance |            1.03 |
|  Metric/self_state_action_distance |        0.000555 |
| Metric/cross_state_action_distance |            1.03 |
|    Metric/avg_self_state_asymmetry |               0 |
|   Metric/avg_cross_state_asymmetry |         0.00173 |
|       Metric/avg_self_sa_asymmetry |               0 |
|      Metric/avg_cross_sa_asymmetry |         0.00132 |
|                        Eval/Return |             386 |
--------------------------------------------------------
--------------------------------------------------------
|                        Train/Steps |        4.62e+06 |
|                   Loss/Loss_critic |          0.0239 |
|                    Loss/Loss_actor |           -31.5 |
|                    Loss/Loss_alpha |         0.00158 |
|      Loss/Loss_state_action_metric |         0.00545 |
|             Loss/Loss_state_metric |         0.00436 |
|                  Loss/Act_rep_loss |          0.0282 |
|                          SAC/Alpha |         0.00307 |
|                     SAC/LogPi_mean |            1.57 |
|                        SAC/Q1_mean |            31.6 |
|                        SAC/Q2_mean |            31.6 |
|                   Norm/actor_model |             151 |
|                  Norm/critic_model |             250 |
|     Norm/state_action_metric_model |             123 |
|            Norm/state_metric_model |             194 |
|         Metric/self_state_distance |        0.000494 |
|        Metric/cross_state_distance |            1.02 |
|  Metric/self_state_action_distance |        0.000454 |
| Metric/cross_state_action_distance |            1.03 |
|    Metric/avg_self_state_asymmetry |               0 |
|   Metric/avg_cross_state_asymmetry |         0.00157 |
|       Metric/avg_self_sa_asymmetry |               0 |
|      Metric/avg_cross_sa_asymmetry |         0.00104 |
|                        Eval/Return |             504 |
--------------------------------------------------------
--------------------------------------------------------
|                        Train/Steps |        4.74e+06 |
|                   Loss/Loss_critic |          0.0356 |
|                    Loss/Loss_actor |             -36 |
|                    Loss/Loss_alpha |       -0.000843 |
|      Loss/Loss_state_action_metric |         0.00501 |
|             Loss/Loss_state_metric |         0.00388 |
|                  Loss/Act_rep_loss |          0.0623 |
|                          SAC/Alpha |         0.00255 |
|                     SAC/LogPi_mean |            2.39 |
|                        SAC/Q1_mean |              36 |
|                        SAC/Q2_mean |            36.1 |
|                   Norm/actor_model |             152 |
|                  Norm/critic_model |             251 |
|     Norm/state_action_metric_model |             126 |
|            Norm/state_metric_model |             198 |
|         Metric/self_state_distance |        0.000911 |
|        Metric/cross_state_distance |            1.02 |
|  Metric/self_state_action_distance |        0.000605 |
| Metric/cross_state_action_distance |            1.03 |
|    Metric/avg_self_state_asymmetry |               0 |
|   Metric/avg_cross_state_asymmetry |         0.00159 |
|       Metric/avg_self_sa_asymmetry |               0 |
|      Metric/avg_cross_sa_asymmetry |         0.00112 |
|                        Eval/Return |             413 |
--------------------------------------------------------
--------------------------------------------------------
|                        Train/Steps |        4.87e+06 |
|                   Loss/Loss_critic |           0.168 |
|                    Loss/Loss_actor |           -35.1 |
|                    Loss/Loss_alpha |        -0.00016 |
|      Loss/Loss_state_action_metric |         0.00414 |
|             Loss/Loss_state_metric |         0.00306 |
|                  Loss/Act_rep_loss |          0.0427 |
|                          SAC/Alpha |         0.00279 |
|                     SAC/LogPi_mean |            2.15 |
|                        SAC/Q1_mean |            35.1 |
|                        SAC/Q2_mean |            35.1 |
|                   Norm/actor_model |             154 |
|                  Norm/critic_model |             253 |
|     Norm/state_action_metric_model |             130 |
|            Norm/state_metric_model |             202 |
|         Metric/self_state_distance |        0.000776 |
|        Metric/cross_state_distance |            1.02 |
|  Metric/self_state_action_distance |        0.000284 |
| Metric/cross_state_action_distance |            1.03 |
|    Metric/avg_self_state_asymmetry |               0 |
|   Metric/avg_cross_state_asymmetry |         0.00153 |
|       Metric/avg_self_sa_asymmetry |               0 |
|      Metric/avg_cross_sa_asymmetry |         0.00168 |
|                        Eval/Return |             412 |
--------------------------------------------------------
--------------------------------------------------------
|                        Train/Steps |           5e+06 |
|                   Loss/Loss_critic |          0.0114 |
|                    Loss/Loss_actor |           -30.8 |
|                    Loss/Loss_alpha |          0.0021 |
|      Loss/Loss_state_action_metric |         0.00424 |
|             Loss/Loss_state_metric |         0.00316 |
|                  Loss/Act_rep_loss |          0.0135 |
|                          SAC/Alpha |         0.00294 |
|                     SAC/LogPi_mean |            1.33 |
|                        SAC/Q1_mean |            30.9 |
|                        SAC/Q2_mean |            30.9 |
|                   Norm/actor_model |             155 |
|                  Norm/critic_model |             254 |
|     Norm/state_action_metric_model |             133 |
|            Norm/state_metric_model |             205 |
|         Metric/self_state_distance |         0.00243 |
|        Metric/cross_state_distance |            1.02 |
|  Metric/self_state_action_distance |        0.000985 |
| Metric/cross_state_action_distance |            1.03 |
|    Metric/avg_self_state_asymmetry |               0 |
|   Metric/avg_cross_state_asymmetry |         0.00153 |
|       Metric/avg_self_sa_asymmetry |               0 |
|      Metric/avg_cross_sa_asymmetry |         0.00125 |
|                        Eval/Return |             345 |
--------------------------------------------------------
[32mSaving model …[0m
[32mDone.[0m
[32mSaving model …[0m
[32mDone.[0m
