E0922 22:14:15.774686 2985510 cuda_executor.cc:1526] Could not get kernel mode driver version: (INVALID_ARGUMENT: Version does not match the format X.Y.Z)
E0922 22:14:15.783262 2985391 cuda_executor.cc:1526] Could not get kernel mode driver version: (INVALID_ARGUMENT: Version does not match the format X.Y.Z)
[32mStart prefilling replay buffer[0m
[32mStart SAC training[0m
[32m{'log_freq': 1000, 'save_freq': 1000000, 'eval_episode_freq': 10, 'hidden_size': 256, 'lr': 0.001, 'max_grad_norm': 0.0, 'gamma': 0.99, 'update_tau': 0.005, 'train_per_step': 8, 'episode_length': 1000, 'warmup_samples': 8192, 'max_replay_size': 4000000, 'batch_size': 512, 'total_env_steps': 5000000, 'init_temperature': 0.1, 'nstep': 3, 'bootstrap_on_truncation': True, 'rep_lr_scale': 1.5, 'vis_feq': 100000, 'n_vis_frames': 4, 'num_envs': 128, 'grad_steps': 50, 'transfer_freq': 10, 'transfer_steps': 8, 'reward_scaling': 1.0, 'num_eval_envs': 128, 'target_entropy': -1.0}[0m
[32m[nstep] nstep=3 bootstrap_on_truncation=True (discount from the buffer already contains gamma^nstep)[0m
--------------------------------------------------------
|                        Train/Steps |        1.36e+05 |
|                   Loss/Loss_critic |          0.0439 |
|                    Loss/Loss_actor |          -0.991 |
|                    Loss/Loss_alpha |         -0.0109 |
|      Loss/Loss_state_action_metric |         0.00233 |
|             Loss/Loss_state_metric |         0.00162 |
|                  Loss/Act_rep_loss |           0.069 |
|                          SAC/Alpha |         0.00466 |
|                     SAC/LogPi_mean |            3.47 |
|                        SAC/Q1_mean |             0.9 |
|                        SAC/Q2_mean |           0.911 |
|                   Norm/actor_model |            34.2 |
|                  Norm/critic_model |            47.1 |
|     Norm/state_action_metric_model |            30.4 |
|            Norm/state_metric_model |            31.9 |
|         Metric/self_state_distance |         0.00337 |
|        Metric/cross_state_distance |           0.928 |
|  Metric/self_state_action_distance |        0.000449 |
| Metric/cross_state_action_distance |           0.909 |
|    Metric/avg_self_state_asymmetry |               0 |
|   Metric/avg_cross_state_asymmetry |         0.00297 |
|       Metric/avg_self_sa_asymmetry |               0 |
|      Metric/avg_cross_sa_asymmetry |         0.00303 |
|                        Eval/Return |             144 |
--------------------------------------------------------
--------------------------------------------------------
|                        Train/Steps |        2.64e+05 |
|                   Loss/Loss_critic |            0.45 |
|                    Loss/Loss_actor |           -15.2 |
|                    Loss/Loss_alpha |           0.013 |
|      Loss/Loss_state_action_metric |          0.0062 |
|             Loss/Loss_state_metric |         0.00152 |
|                  Loss/Act_rep_loss |           0.155 |
|                          SAC/Alpha |           0.115 |
|                     SAC/LogPi_mean |           0.978 |
|                        SAC/Q1_mean |            14.9 |
|                        SAC/Q2_mean |            14.9 |
|                   Norm/actor_model |            49.2 |
|                  Norm/critic_model |            76.2 |
|     Norm/state_action_metric_model |            32.5 |
|            Norm/state_metric_model |            34.2 |
|         Metric/self_state_distance |         0.00349 |
|        Metric/cross_state_distance |           0.982 |
|  Metric/self_state_action_distance |         0.00689 |
| Metric/cross_state_action_distance |           0.982 |
|    Metric/avg_self_state_asymmetry |               0 |
|   Metric/avg_cross_state_asymmetry |         0.00568 |
|       Metric/avg_self_sa_asymmetry |               0 |
|      Metric/avg_cross_sa_asymmetry |         0.00643 |
|                        Eval/Return |             463 |
--------------------------------------------------------
--------------------------------------------------------
|                        Train/Steps |        3.92e+05 |
|                   Loss/Loss_critic |           0.551 |
|                    Loss/Loss_actor |           -27.3 |
|                    Loss/Loss_alpha |         0.00734 |
|      Loss/Loss_state_action_metric |         0.00681 |
|             Loss/Loss_state_metric |         0.00164 |
|                  Loss/Act_rep_loss |           0.085 |
|                          SAC/Alpha |           0.118 |
|                     SAC/LogPi_mean |           0.903 |
|                        SAC/Q1_mean |            27.2 |
|                        SAC/Q2_mean |            27.2 |
|                   Norm/actor_model |            58.6 |
|                  Norm/critic_model |            89.3 |
|     Norm/state_action_metric_model |            35.5 |
|            Norm/state_metric_model |            36.8 |
|         Metric/self_state_distance |        0.000586 |
|        Metric/cross_state_distance |            1.01 |
|  Metric/self_state_action_distance |         0.00503 |
| Metric/cross_state_action_distance |            1.01 |
|    Metric/avg_self_state_asymmetry |               0 |
|   Metric/avg_cross_state_asymmetry |         0.00671 |
|       Metric/avg_self_sa_asymmetry |               0 |
|      Metric/avg_cross_sa_asymmetry |         0.00663 |
|                        Eval/Return |             483 |
--------------------------------------------------------
--------------------------------------------------------
|                        Train/Steps |         5.2e+05 |
|                   Loss/Loss_critic |           0.622 |
|                    Loss/Loss_actor |           -33.7 |
|                    Loss/Loss_alpha |         -0.0149 |
|      Loss/Loss_state_action_metric |         0.00512 |
|             Loss/Loss_state_metric |         0.00202 |
|                  Loss/Act_rep_loss |          0.0495 |
|                          SAC/Alpha |           0.113 |
|                     SAC/LogPi_mean |            1.19 |
|                        SAC/Q1_mean |            33.5 |
|                        SAC/Q2_mean |            33.5 |
|                   Norm/actor_model |              67 |
|                  Norm/critic_model |            99.2 |
|     Norm/state_action_metric_model |            39.7 |
|            Norm/state_metric_model |              40 |
|         Metric/self_state_distance |         0.00138 |
|        Metric/cross_state_distance |            1.02 |
|  Metric/self_state_action_distance |         0.00512 |
| Metric/cross_state_action_distance |            1.02 |
|    Metric/avg_self_state_asymmetry |               0 |
|   Metric/avg_cross_state_asymmetry |         0.00589 |
|       Metric/avg_self_sa_asymmetry |               0 |
|      Metric/avg_cross_sa_asymmetry |         0.00672 |
|                        Eval/Return |             529 |
--------------------------------------------------------
--------------------------------------------------------
|                        Train/Steps |        6.48e+05 |
|                   Loss/Loss_critic |           0.734 |
|                    Loss/Loss_actor |           -37.3 |
|                    Loss/Loss_alpha |         -0.0221 |
|      Loss/Loss_state_action_metric |         0.00247 |
|             Loss/Loss_state_metric |        0.000795 |
|                  Loss/Act_rep_loss |          0.0419 |
|                          SAC/Alpha |           0.112 |
|                     SAC/LogPi_mean |            1.22 |
|                        SAC/Q1_mean |            37.3 |
|                        SAC/Q2_mean |            37.2 |
|                   Norm/actor_model |            74.7 |
|                  Norm/critic_model |             108 |
|     Norm/state_action_metric_model |            44.3 |
|            Norm/state_metric_model |            43.8 |
|         Metric/self_state_distance |         0.00169 |
|        Metric/cross_state_distance |            1.03 |
|  Metric/self_state_action_distance |         0.00259 |
| Metric/cross_state_action_distance |            1.04 |
|    Metric/avg_self_state_asymmetry |               0 |
|   Metric/avg_cross_state_asymmetry |         0.00501 |
|       Metric/avg_self_sa_asymmetry |               0 |
|      Metric/avg_cross_sa_asymmetry |         0.00602 |
|                        Eval/Return |             562 |
--------------------------------------------------------
--------------------------------------------------------
|                        Train/Steps |        7.76e+05 |
|                   Loss/Loss_critic |           0.594 |
|                    Loss/Loss_actor |           -40.2 |
|                    Loss/Loss_alpha |        -0.00729 |
|      Loss/Loss_state_action_metric |         0.00687 |
|             Loss/Loss_state_metric |         0.00177 |
|                  Loss/Act_rep_loss |          0.0445 |
|                          SAC/Alpha |           0.111 |
|                     SAC/LogPi_mean |            1.02 |
|                        SAC/Q1_mean |            40.1 |
|                        SAC/Q2_mean |            40.1 |
|                   Norm/actor_model |            81.5 |
|                  Norm/critic_model |             116 |
|     Norm/state_action_metric_model |            48.3 |
|            Norm/state_metric_model |            47.9 |
|         Metric/self_state_distance |         0.00212 |
|        Metric/cross_state_distance |            1.03 |
|  Metric/self_state_action_distance |         0.00266 |
| Metric/cross_state_action_distance |            1.04 |
|    Metric/avg_self_state_asymmetry |               0 |
|   Metric/avg_cross_state_asymmetry |         0.00561 |
|       Metric/avg_self_sa_asymmetry |               0 |
|      Metric/avg_cross_sa_asymmetry |         0.00882 |
|                        Eval/Return |             568 |
--------------------------------------------------------
--------------------------------------------------------
|                        Train/Steps |        9.04e+05 |
|                   Loss/Loss_critic |           0.537 |
|                    Loss/Loss_actor |           -42.3 |
|                    Loss/Loss_alpha |        -0.00308 |
|      Loss/Loss_state_action_metric |         0.00243 |
|             Loss/Loss_state_metric |         0.00119 |
|                  Loss/Act_rep_loss |          0.0313 |
|                          SAC/Alpha |           0.111 |
|                     SAC/LogPi_mean |            1.07 |
|                        SAC/Q1_mean |            42.2 |
|                        SAC/Q2_mean |            42.2 |
|                   Norm/actor_model |            87.7 |
|                  Norm/critic_model |             123 |
|     Norm/state_action_metric_model |            52.1 |
|            Norm/state_metric_model |            51.7 |
|         Metric/self_state_distance |         0.00082 |
|        Metric/cross_state_distance |            1.03 |
|  Metric/self_state_action_distance |         0.00209 |
| Metric/cross_state_action_distance |            1.04 |
|    Metric/avg_self_state_asymmetry |               0 |
|   Metric/avg_cross_state_asymmetry |         0.00477 |
|       Metric/avg_self_sa_asymmetry |               0 |
|      Metric/avg_cross_sa_asymmetry |         0.00559 |
|                        Eval/Return |             577 |
--------------------------------------------------------
--------------------------------------------------------
|                        Train/Steps |        1.03e+06 |
|                   Loss/Loss_critic |           0.439 |
|                    Loss/Loss_actor |           -43.7 |
|                    Loss/Loss_alpha |        0.000713 |
|      Loss/Loss_state_action_metric |         0.00231 |
|             Loss/Loss_state_metric |        0.000877 |
|                  Loss/Act_rep_loss |          0.0276 |
|                          SAC/Alpha |           0.109 |
|                     SAC/LogPi_mean |           0.985 |
|                        SAC/Q1_mean |            43.6 |
|                        SAC/Q2_mean |            43.6 |
|                   Norm/actor_model |            93.5 |
|                  Norm/critic_model |             131 |
|     Norm/state_action_metric_model |            55.9 |
|            Norm/state_metric_model |            55.4 |
|         Metric/self_state_distance |        0.000936 |
|        Metric/cross_state_distance |            1.04 |
|  Metric/self_state_action_distance |         0.00587 |
| Metric/cross_state_action_distance |            1.04 |
|    Metric/avg_self_state_asymmetry |               0 |
|   Metric/avg_cross_state_asymmetry |         0.00733 |
|       Metric/avg_self_sa_asymmetry |               0 |
|      Metric/avg_cross_sa_asymmetry |         0.00602 |
|                        Eval/Return |             575 |
--------------------------------------------------------
[32mSaving model …[0m
[32mDone.[0m
[32mSaving model …[0m
[32mDone.[0m
[32mSaving model …[0m
[32mDone.[0m
[32mSaving model …[0m
[32mDone.[0m
--------------------------------------------------------
|                        Train/Steps |        1.16e+06 |
|                   Loss/Loss_critic |           0.492 |
|                    Loss/Loss_actor |           -45.4 |
|                    Loss/Loss_alpha |          0.0185 |
|      Loss/Loss_state_action_metric |         0.00257 |
|             Loss/Loss_state_metric |         0.00128 |
|                  Loss/Act_rep_loss |          0.0242 |
|                          SAC/Alpha |           0.109 |
|                     SAC/LogPi_mean |           0.914 |
|                        SAC/Q1_mean |            45.4 |
|                        SAC/Q2_mean |            45.3 |
|                   Norm/actor_model |            98.8 |
|                  Norm/critic_model |             137 |
|     Norm/state_action_metric_model |            58.9 |
|            Norm/state_metric_model |            58.8 |
|         Metric/self_state_distance |        0.000329 |
|        Metric/cross_state_distance |            1.03 |
|  Metric/self_state_action_distance |         0.00323 |
| Metric/cross_state_action_distance |            1.04 |
|    Metric/avg_self_state_asymmetry |               0 |
|   Metric/avg_cross_state_asymmetry |         0.00479 |
|       Metric/avg_self_sa_asymmetry |               0 |
|      Metric/avg_cross_sa_asymmetry |         0.00601 |
|                        Eval/Return |             580 |
--------------------------------------------------------
--------------------------------------------------------
|                        Train/Steps |        1.29e+06 |
|                   Loss/Loss_critic |           0.705 |
|                    Loss/Loss_actor |             -46 |
|                    Loss/Loss_alpha |         0.00329 |
|      Loss/Loss_state_action_metric |         0.00444 |
|             Loss/Loss_state_metric |         0.00142 |
|                  Loss/Act_rep_loss |          0.0179 |
|                          SAC/Alpha |            0.11 |
|                     SAC/LogPi_mean |            1.05 |
|                        SAC/Q1_mean |              46 |
|                        SAC/Q2_mean |            46.1 |
|                   Norm/actor_model |             104 |
|                  Norm/critic_model |             144 |
|     Norm/state_action_metric_model |            62.4 |
|            Norm/state_metric_model |            62.3 |
|         Metric/self_state_distance |        0.000878 |
|        Metric/cross_state_distance |            1.04 |
|  Metric/self_state_action_distance |          0.0043 |
| Metric/cross_state_action_distance |            1.05 |
|    Metric/avg_self_state_asymmetry |               0 |
|   Metric/avg_cross_state_asymmetry |         0.00483 |
|       Metric/avg_self_sa_asymmetry |               0 |
|      Metric/avg_cross_sa_asymmetry |         0.00777 |
|                        Eval/Return |             594 |
--------------------------------------------------------
--------------------------------------------------------
|                        Train/Steps |        1.42e+06 |
|                   Loss/Loss_critic |            0.39 |
|                    Loss/Loss_actor |           -46.3 |
|                    Loss/Loss_alpha |         0.00173 |
|      Loss/Loss_state_action_metric |         0.00198 |
|             Loss/Loss_state_metric |        0.000848 |
|                  Loss/Act_rep_loss |          0.0245 |
|                          SAC/Alpha |            0.11 |
|                     SAC/LogPi_mean |            1.01 |
|                        SAC/Q1_mean |            46.3 |
|                        SAC/Q2_mean |            46.2 |
|                   Norm/actor_model |             109 |
|                  Norm/critic_model |             150 |
|     Norm/state_action_metric_model |            65.3 |
|            Norm/state_metric_model |            65.9 |
|         Metric/self_state_distance |        0.000589 |
|        Metric/cross_state_distance |            1.03 |
|  Metric/self_state_action_distance |         0.00133 |
| Metric/cross_state_action_distance |            1.04 |
|    Metric/avg_self_state_asymmetry |               0 |
|   Metric/avg_cross_state_asymmetry |         0.00432 |
|       Metric/avg_self_sa_asymmetry |               0 |
|      Metric/avg_cross_sa_asymmetry |         0.00597 |
|                        Eval/Return |             607 |
--------------------------------------------------------
--------------------------------------------------------
|                        Train/Steps |        1.54e+06 |
|                   Loss/Loss_critic |           0.558 |
|                    Loss/Loss_actor |           -47.5 |
|                    Loss/Loss_alpha |         -0.0124 |
|      Loss/Loss_state_action_metric |         0.00303 |
|             Loss/Loss_state_metric |         0.00133 |
|                  Loss/Act_rep_loss |          0.0146 |
|                          SAC/Alpha |            0.11 |
|                     SAC/LogPi_mean |            1.11 |
|                        SAC/Q1_mean |            47.5 |
|                        SAC/Q2_mean |            47.5 |
|                   Norm/actor_model |             114 |
|                  Norm/critic_model |             155 |
|     Norm/state_action_metric_model |            68.2 |
|            Norm/state_metric_model |            69.2 |
|         Metric/self_state_distance |        0.000285 |
|        Metric/cross_state_distance |            1.04 |
|  Metric/self_state_action_distance |         0.00338 |
| Metric/cross_state_action_distance |            1.05 |
|    Metric/avg_self_state_asymmetry |               0 |
|   Metric/avg_cross_state_asymmetry |         0.00485 |
|       Metric/avg_self_sa_asymmetry |               0 |
|      Metric/avg_cross_sa_asymmetry |         0.00637 |
|                        Eval/Return |             629 |
--------------------------------------------------------
--------------------------------------------------------
|                        Train/Steps |        1.67e+06 |
|                   Loss/Loss_critic |           0.428 |
|                    Loss/Loss_actor |           -47.7 |
|                    Loss/Loss_alpha |        -0.00754 |
|      Loss/Loss_state_action_metric |         0.00365 |
|             Loss/Loss_state_metric |         0.00208 |
|                  Loss/Act_rep_loss |          0.0104 |
|                          SAC/Alpha |           0.111 |
|                     SAC/LogPi_mean |           0.992 |
|                        SAC/Q1_mean |            47.7 |
|                        SAC/Q2_mean |            47.7 |
|                   Norm/actor_model |             118 |
|                  Norm/critic_model |             161 |
|     Norm/state_action_metric_model |            70.8 |
|            Norm/state_metric_model |            72.8 |
|         Metric/self_state_distance |         0.00209 |
|        Metric/cross_state_distance |            1.03 |
|  Metric/self_state_action_distance |         0.00124 |
| Metric/cross_state_action_distance |            1.04 |
|    Metric/avg_self_state_asymmetry |               0 |
|   Metric/avg_cross_state_asymmetry |         0.00497 |
|       Metric/avg_self_sa_asymmetry |               0 |
|      Metric/avg_cross_sa_asymmetry |         0.00612 |
|                        Eval/Return |             601 |
--------------------------------------------------------
--------------------------------------------------------
|                        Train/Steps |         1.8e+06 |
|                   Loss/Loss_critic |           0.576 |
|                    Loss/Loss_actor |           -48.7 |
|                    Loss/Loss_alpha |        -0.00777 |
|      Loss/Loss_state_action_metric |         0.00288 |
|             Loss/Loss_state_metric |         0.00129 |
|                  Loss/Act_rep_loss |          0.0154 |
|                          SAC/Alpha |           0.112 |
|                     SAC/LogPi_mean |            1.06 |
|                        SAC/Q1_mean |            48.7 |
|                        SAC/Q2_mean |            48.7 |
|                   Norm/actor_model |             123 |
|                  Norm/critic_model |             166 |
|     Norm/state_action_metric_model |            73.7 |
|            Norm/state_metric_model |            76.2 |
|         Metric/self_state_distance |        0.000613 |
|        Metric/cross_state_distance |            1.03 |
|  Metric/self_state_action_distance |        0.000876 |
| Metric/cross_state_action_distance |            1.04 |
|    Metric/avg_self_state_asymmetry |               0 |
|   Metric/avg_cross_state_asymmetry |         0.00472 |
|       Metric/avg_self_sa_asymmetry |               0 |
|      Metric/avg_cross_sa_asymmetry |         0.00588 |
|                        Eval/Return |             648 |
--------------------------------------------------------
--------------------------------------------------------
|                        Train/Steps |        1.93e+06 |
|                   Loss/Loss_critic |            0.61 |
|                    Loss/Loss_actor |           -49.2 |
|                    Loss/Loss_alpha |        -0.00563 |
|      Loss/Loss_state_action_metric |         0.00294 |
|             Loss/Loss_state_metric |         0.00181 |
|                  Loss/Act_rep_loss |          0.0186 |
|                          SAC/Alpha |           0.115 |
|                     SAC/LogPi_mean |            1.12 |
|                        SAC/Q1_mean |            49.2 |
|                        SAC/Q2_mean |            49.2 |
|                   Norm/actor_model |             127 |
|                  Norm/critic_model |             172 |
|     Norm/state_action_metric_model |            76.2 |
|            Norm/state_metric_model |            79.3 |
|         Metric/self_state_distance |        0.000195 |
|        Metric/cross_state_distance |            1.03 |
|  Metric/self_state_action_distance |         0.00103 |
| Metric/cross_state_action_distance |            1.04 |
|    Metric/avg_self_state_asymmetry |               0 |
|   Metric/avg_cross_state_asymmetry |         0.00635 |
|       Metric/avg_self_sa_asymmetry |               0 |
|      Metric/avg_cross_sa_asymmetry |         0.00584 |
|                        Eval/Return |             666 |
--------------------------------------------------------
--------------------------------------------------------
|                        Train/Steps |        2.06e+06 |
|                   Loss/Loss_critic |            0.45 |
|                    Loss/Loss_actor |           -50.4 |
|                    Loss/Loss_alpha |         -0.0011 |
|      Loss/Loss_state_action_metric |         0.00218 |
|             Loss/Loss_state_metric |        0.000884 |
|                  Loss/Act_rep_loss |          0.0108 |
|                          SAC/Alpha |           0.116 |
|                     SAC/LogPi_mean |            1.03 |
|                        SAC/Q1_mean |            50.4 |
|                        SAC/Q2_mean |            50.4 |
|                   Norm/actor_model |             132 |
|                  Norm/critic_model |             177 |
|     Norm/state_action_metric_model |            79.1 |
|            Norm/state_metric_model |            82.4 |
|         Metric/self_state_distance |        0.000555 |
|        Metric/cross_state_distance |            1.04 |
|  Metric/self_state_action_distance |         0.00109 |
| Metric/cross_state_action_distance |            1.04 |
|    Metric/avg_self_state_asymmetry |               0 |
|   Metric/avg_cross_state_asymmetry |         0.00529 |
|       Metric/avg_self_sa_asymmetry |               0 |
|      Metric/avg_cross_sa_asymmetry |         0.00679 |
|                        Eval/Return |             664 |
--------------------------------------------------------
[32mSaving model …[0m
[32mDone.[0m
[32mSaving model …[0m
[32mDone.[0m
[32mSaving model …[0m
[32mDone.[0m
[32mSaving model …[0m
[32mDone.[0m
--------------------------------------------------------
|                        Train/Steps |        2.18e+06 |
|                   Loss/Loss_critic |           0.519 |
|                    Loss/Loss_actor |           -50.6 |
|                    Loss/Loss_alpha |        0.000862 |
|      Loss/Loss_state_action_metric |         0.00244 |
|             Loss/Loss_state_metric |         0.00129 |
|                  Loss/Act_rep_loss |          0.0135 |
|                          SAC/Alpha |            0.12 |
|                     SAC/LogPi_mean |            1.05 |
|                        SAC/Q1_mean |            50.5 |
|                        SAC/Q2_mean |            50.5 |
|                   Norm/actor_model |             136 |
|                  Norm/critic_model |             182 |
|     Norm/state_action_metric_model |              82 |
|            Norm/state_metric_model |            85.3 |
|         Metric/self_state_distance |         0.00047 |
|        Metric/cross_state_distance |            1.04 |
|  Metric/self_state_action_distance |        0.000999 |
| Metric/cross_state_action_distance |            1.05 |
|    Metric/avg_self_state_asymmetry |               0 |
|   Metric/avg_cross_state_asymmetry |         0.00519 |
|       Metric/avg_self_sa_asymmetry |               0 |
|      Metric/avg_cross_sa_asymmetry |         0.00598 |
|                        Eval/Return |             698 |
--------------------------------------------------------
--------------------------------------------------------
|                        Train/Steps |        2.31e+06 |
|                   Loss/Loss_critic |           0.484 |
|                    Loss/Loss_actor |           -51.4 |
|                    Loss/Loss_alpha |          -0.017 |
|      Loss/Loss_state_action_metric |         0.00272 |
|             Loss/Loss_state_metric |         0.00135 |
|                  Loss/Act_rep_loss |          0.0166 |
|                          SAC/Alpha |           0.121 |
|                     SAC/LogPi_mean |            1.02 |
|                        SAC/Q1_mean |            51.4 |
|                        SAC/Q2_mean |            51.5 |
|                   Norm/actor_model |             140 |
|                  Norm/critic_model |             188 |
|     Norm/state_action_metric_model |            84.7 |
|            Norm/state_metric_model |            88.1 |
|         Metric/self_state_distance |        5.91e-05 |
|        Metric/cross_state_distance |            1.04 |
|  Metric/self_state_action_distance |         0.00199 |
| Metric/cross_state_action_distance |            1.05 |
|    Metric/avg_self_state_asymmetry |               0 |
|   Metric/avg_cross_state_asymmetry |         0.00575 |
|       Metric/avg_self_sa_asymmetry |               0 |
|      Metric/avg_cross_sa_asymmetry |         0.00644 |
|                        Eval/Return |             685 |
--------------------------------------------------------
--------------------------------------------------------
|                        Train/Steps |        2.44e+06 |
|                   Loss/Loss_critic |           0.588 |
|                    Loss/Loss_actor |             -52 |
|                    Loss/Loss_alpha |        -0.00262 |
|      Loss/Loss_state_action_metric |         0.00292 |
|             Loss/Loss_state_metric |         0.00135 |
|                  Loss/Act_rep_loss |          0.0104 |
|                          SAC/Alpha |           0.124 |
|                     SAC/LogPi_mean |           0.971 |
|                        SAC/Q1_mean |              52 |
|                        SAC/Q2_mean |            52.1 |
|                   Norm/actor_model |             144 |
|                  Norm/critic_model |             193 |
|     Norm/state_action_metric_model |            87.8 |
|            Norm/state_metric_model |            91.1 |
|         Metric/self_state_distance |        0.000204 |
|        Metric/cross_state_distance |            1.04 |
|  Metric/self_state_action_distance |         0.00148 |
| Metric/cross_state_action_distance |            1.05 |
|    Metric/avg_self_state_asymmetry |               0 |
|   Metric/avg_cross_state_asymmetry |         0.00487 |
|       Metric/avg_self_sa_asymmetry |               0 |
|      Metric/avg_cross_sa_asymmetry |         0.00581 |
|                        Eval/Return |             685 |
--------------------------------------------------------
--------------------------------------------------------
|                        Train/Steps |        2.57e+06 |
|                   Loss/Loss_critic |           0.683 |
|                    Loss/Loss_actor |           -52.4 |
|                    Loss/Loss_alpha |         -0.0125 |
|      Loss/Loss_state_action_metric |         0.00367 |
|             Loss/Loss_state_metric |         0.00177 |
|                  Loss/Act_rep_loss |          0.0149 |
|                          SAC/Alpha |           0.133 |
|                     SAC/LogPi_mean |            1.05 |
|                        SAC/Q1_mean |            52.4 |
|                        SAC/Q2_mean |            52.4 |
|                   Norm/actor_model |             148 |
|                  Norm/critic_model |             198 |
|     Norm/state_action_metric_model |            90.3 |
|            Norm/state_metric_model |            93.6 |
|         Metric/self_state_distance |        0.000612 |
|        Metric/cross_state_distance |            1.04 |
|  Metric/self_state_action_distance |         0.00569 |
| Metric/cross_state_action_distance |            1.04 |
|    Metric/avg_self_state_asymmetry |               0 |
|   Metric/avg_cross_state_asymmetry |          0.0045 |
|       Metric/avg_self_sa_asymmetry |               0 |
|      Metric/avg_cross_sa_asymmetry |         0.00601 |
|                        Eval/Return |             702 |
--------------------------------------------------------
--------------------------------------------------------
|                        Train/Steps |         2.7e+06 |
|                   Loss/Loss_critic |           0.576 |
|                    Loss/Loss_actor |             -53 |
|                    Loss/Loss_alpha |         0.00331 |
|      Loss/Loss_state_action_metric |         0.00429 |
|             Loss/Loss_state_metric |         0.00254 |
|                  Loss/Act_rep_loss |          0.0139 |
|                          SAC/Alpha |            0.13 |
|                     SAC/LogPi_mean |           0.966 |
|                        SAC/Q1_mean |            53.1 |
|                        SAC/Q2_mean |            53.1 |
|                   Norm/actor_model |             152 |
|                  Norm/critic_model |             203 |
|     Norm/state_action_metric_model |            93.3 |
|            Norm/state_metric_model |            96.6 |
|         Metric/self_state_distance |         0.00111 |
|        Metric/cross_state_distance |            1.03 |
|  Metric/self_state_action_distance |         0.00287 |
| Metric/cross_state_action_distance |            1.04 |
|    Metric/avg_self_state_asymmetry |               0 |
|   Metric/avg_cross_state_asymmetry |         0.00505 |
|       Metric/avg_self_sa_asymmetry |               0 |
|      Metric/avg_cross_sa_asymmetry |         0.00552 |
|                        Eval/Return |             706 |
--------------------------------------------------------
--------------------------------------------------------
|                        Train/Steps |        2.82e+06 |
|                   Loss/Loss_critic |           0.464 |
|                    Loss/Loss_actor |           -53.9 |
|                    Loss/Loss_alpha |          0.0108 |
|      Loss/Loss_state_action_metric |         0.00217 |
|             Loss/Loss_state_metric |        0.000891 |
|                  Loss/Act_rep_loss |          0.0113 |
|                          SAC/Alpha |           0.133 |
|                     SAC/LogPi_mean |           0.949 |
|                        SAC/Q1_mean |            53.8 |
|                        SAC/Q2_mean |            53.9 |
|                   Norm/actor_model |             156 |
|                  Norm/critic_model |             207 |
|     Norm/state_action_metric_model |            95.6 |
|            Norm/state_metric_model |              99 |
|         Metric/self_state_distance |         0.00041 |
|        Metric/cross_state_distance |            1.04 |
|  Metric/self_state_action_distance |         0.00184 |
| Metric/cross_state_action_distance |            1.05 |
|    Metric/avg_self_state_asymmetry |               0 |
|   Metric/avg_cross_state_asymmetry |         0.00498 |
|       Metric/avg_self_sa_asymmetry |               0 |
|      Metric/avg_cross_sa_asymmetry |         0.00557 |
|                        Eval/Return |             657 |
--------------------------------------------------------
--------------------------------------------------------
|                        Train/Steps |        2.95e+06 |
|                   Loss/Loss_critic |           0.699 |
|                    Loss/Loss_actor |           -54.6 |
|                    Loss/Loss_alpha |       -3.48e-05 |
|      Loss/Loss_state_action_metric |         0.00216 |
|             Loss/Loss_state_metric |        0.000871 |
|                  Loss/Act_rep_loss |          0.0108 |
|                          SAC/Alpha |           0.139 |
|                     SAC/LogPi_mean |           0.958 |
|                        SAC/Q1_mean |            54.7 |
|                        SAC/Q2_mean |            54.7 |
|                   Norm/actor_model |             160 |
|                  Norm/critic_model |             212 |
|     Norm/state_action_metric_model |              98 |
|            Norm/state_metric_model |             102 |
|         Metric/self_state_distance |        0.000685 |
|        Metric/cross_state_distance |            1.04 |
|  Metric/self_state_action_distance |        0.000759 |
| Metric/cross_state_action_distance |            1.04 |
|    Metric/avg_self_state_asymmetry |               0 |
|   Metric/avg_cross_state_asymmetry |         0.00496 |
|       Metric/avg_self_sa_asymmetry |               0 |
|      Metric/avg_cross_sa_asymmetry |         0.00605 |
|                        Eval/Return |             709 |
--------------------------------------------------------
--------------------------------------------------------
|                        Train/Steps |        3.08e+06 |
|                   Loss/Loss_critic |           0.594 |
|                    Loss/Loss_actor |             -55 |
|                    Loss/Loss_alpha |          0.0282 |
|      Loss/Loss_state_action_metric |         0.00312 |
|             Loss/Loss_state_metric |         0.00162 |
|                  Loss/Act_rep_loss |         0.00746 |
|                          SAC/Alpha |           0.145 |
|                     SAC/LogPi_mean |           0.948 |
|                        SAC/Q1_mean |              55 |
|                        SAC/Q2_mean |              55 |
|                   Norm/actor_model |             164 |
|                  Norm/critic_model |             216 |
|     Norm/state_action_metric_model |             101 |
|            Norm/state_metric_model |             104 |
|         Metric/self_state_distance |        0.000213 |
|        Metric/cross_state_distance |            1.04 |
|  Metric/self_state_action_distance |        0.000781 |
| Metric/cross_state_action_distance |            1.04 |
|    Metric/avg_self_state_asymmetry |               0 |
|   Metric/avg_cross_state_asymmetry |         0.00474 |
|       Metric/avg_self_sa_asymmetry |               0 |
|      Metric/avg_cross_sa_asymmetry |         0.00627 |
|                        Eval/Return |             713 |
--------------------------------------------------------
[32mSaving model …[0m
[32mDone.[0m
[32mSaving model …[0m
[32mDone.[0m
[32mSaving model …[0m
[32mDone.[0m
[32mSaving model …[0m
[32mDone.[0m
--------------------------------------------------------
|                        Train/Steps |        3.21e+06 |
|                   Loss/Loss_critic |           0.597 |
|                    Loss/Loss_actor |           -55.7 |
|                    Loss/Loss_alpha |         -0.0294 |
|      Loss/Loss_state_action_metric |         0.00296 |
|             Loss/Loss_state_metric |         0.00159 |
|                  Loss/Act_rep_loss |         0.00997 |
|                          SAC/Alpha |           0.145 |
|                     SAC/LogPi_mean |             1.2 |
|                        SAC/Q1_mean |            55.7 |
|                        SAC/Q2_mean |            55.8 |
|                   Norm/actor_model |             168 |
|                  Norm/critic_model |             221 |
|     Norm/state_action_metric_model |             103 |
|            Norm/state_metric_model |             107 |
|         Metric/self_state_distance |         0.00105 |
|        Metric/cross_state_distance |            1.03 |
|  Metric/self_state_action_distance |         0.00157 |
| Metric/cross_state_action_distance |            1.04 |
|    Metric/avg_self_state_asymmetry |               0 |
|   Metric/avg_cross_state_asymmetry |         0.00503 |
|       Metric/avg_self_sa_asymmetry |               0 |
|      Metric/avg_cross_sa_asymmetry |         0.00653 |
|                        Eval/Return |             752 |
--------------------------------------------------------
--------------------------------------------------------
|                        Train/Steps |        3.34e+06 |
|                   Loss/Loss_critic |           0.876 |
|                    Loss/Loss_actor |           -56.3 |
|                    Loss/Loss_alpha |         -0.0188 |
|      Loss/Loss_state_action_metric |         0.00228 |
|             Loss/Loss_state_metric |        0.000792 |
|                  Loss/Act_rep_loss |         0.00875 |
|                          SAC/Alpha |            0.15 |
|                     SAC/LogPi_mean |            1.01 |
|                        SAC/Q1_mean |            56.3 |
|                        SAC/Q2_mean |            56.3 |
|                   Norm/actor_model |             172 |
|                  Norm/critic_model |             225 |
|     Norm/state_action_metric_model |             105 |
|            Norm/state_metric_model |             109 |
|         Metric/self_state_distance |        0.000269 |
|        Metric/cross_state_distance |            1.04 |
|  Metric/self_state_action_distance |         0.00071 |
| Metric/cross_state_action_distance |            1.04 |
|    Metric/avg_self_state_asymmetry |               0 |
|   Metric/avg_cross_state_asymmetry |         0.00514 |
|       Metric/avg_self_sa_asymmetry |               0 |
|      Metric/avg_cross_sa_asymmetry |         0.00607 |
|                        Eval/Return |             748 |
--------------------------------------------------------
--------------------------------------------------------
|                        Train/Steps |        3.46e+06 |
|                   Loss/Loss_critic |           0.638 |
|                    Loss/Loss_actor |           -56.3 |
|                    Loss/Loss_alpha |         0.00961 |
|      Loss/Loss_state_action_metric |         0.00282 |
|             Loss/Loss_state_metric |         0.00129 |
|                  Loss/Act_rep_loss |          0.0127 |
|                          SAC/Alpha |            0.15 |
|                     SAC/LogPi_mean |            1.02 |
|                        SAC/Q1_mean |            56.4 |
|                        SAC/Q2_mean |            56.3 |
|                   Norm/actor_model |             176 |
|                  Norm/critic_model |             229 |
|     Norm/state_action_metric_model |             108 |
|            Norm/state_metric_model |             112 |
|         Metric/self_state_distance |        0.000453 |
|        Metric/cross_state_distance |            1.04 |
|  Metric/self_state_action_distance |          0.0015 |
| Metric/cross_state_action_distance |            1.04 |
|    Metric/avg_self_state_asymmetry |               0 |
|   Metric/avg_cross_state_asymmetry |         0.00512 |
|       Metric/avg_self_sa_asymmetry |               0 |
|      Metric/avg_cross_sa_asymmetry |         0.00592 |
|                        Eval/Return |             797 |
--------------------------------------------------------
--------------------------------------------------------
|                        Train/Steps |        3.59e+06 |
|                   Loss/Loss_critic |           0.788 |
|                    Loss/Loss_actor |           -57.4 |
|                    Loss/Loss_alpha |        -0.00277 |
|      Loss/Loss_state_action_metric |         0.00226 |
|             Loss/Loss_state_metric |        0.000837 |
|                  Loss/Act_rep_loss |         0.00658 |
|                          SAC/Alpha |           0.152 |
|                     SAC/LogPi_mean |           0.984 |
|                        SAC/Q1_mean |            57.4 |
|                        SAC/Q2_mean |            57.4 |
|                   Norm/actor_model |             180 |
|                  Norm/critic_model |             233 |
|     Norm/state_action_metric_model |             110 |
|            Norm/state_metric_model |             114 |
|         Metric/self_state_distance |        0.000568 |
|        Metric/cross_state_distance |            1.04 |
|  Metric/self_state_action_distance |        0.000797 |
| Metric/cross_state_action_distance |            1.04 |
|    Metric/avg_self_state_asymmetry |               0 |
|   Metric/avg_cross_state_asymmetry |         0.00479 |
|       Metric/avg_self_sa_asymmetry |               0 |
|      Metric/avg_cross_sa_asymmetry |         0.00565 |
|                        Eval/Return |             793 |
--------------------------------------------------------
--------------------------------------------------------
|                        Train/Steps |        3.72e+06 |
|                   Loss/Loss_critic |           0.737 |
|                    Loss/Loss_actor |           -57.7 |
|                    Loss/Loss_alpha |         0.00355 |
|      Loss/Loss_state_action_metric |          0.0023 |
|             Loss/Loss_state_metric |        0.000781 |
|                  Loss/Act_rep_loss |         0.00845 |
|                          SAC/Alpha |           0.156 |
|                     SAC/LogPi_mean |           0.891 |
|                        SAC/Q1_mean |            57.7 |
|                        SAC/Q2_mean |            57.7 |
|                   Norm/actor_model |             183 |
|                  Norm/critic_model |             238 |
|     Norm/state_action_metric_model |             113 |
|            Norm/state_metric_model |             116 |
|         Metric/self_state_distance |         0.00235 |
|        Metric/cross_state_distance |            1.03 |
|  Metric/self_state_action_distance |        0.000914 |
| Metric/cross_state_action_distance |            1.04 |
|    Metric/avg_self_state_asymmetry |               0 |
|   Metric/avg_cross_state_asymmetry |         0.00521 |
|       Metric/avg_self_sa_asymmetry |               0 |
|      Metric/avg_cross_sa_asymmetry |         0.00571 |
|                        Eval/Return |             811 |
--------------------------------------------------------
--------------------------------------------------------
|                        Train/Steps |        3.85e+06 |
|                   Loss/Loss_critic |           0.924 |
|                    Loss/Loss_actor |           -58.7 |
|                    Loss/Loss_alpha |         -0.0127 |
|      Loss/Loss_state_action_metric |         0.00355 |
|             Loss/Loss_state_metric |         0.00154 |
|                  Loss/Act_rep_loss |          0.0099 |
|                          SAC/Alpha |           0.161 |
|                     SAC/LogPi_mean |            1.13 |
|                        SAC/Q1_mean |            58.8 |
|                        SAC/Q2_mean |            58.7 |
|                   Norm/actor_model |             187 |
|                  Norm/critic_model |             242 |
|     Norm/state_action_metric_model |             115 |
|            Norm/state_metric_model |             119 |
|         Metric/self_state_distance |        8.01e-05 |
|        Metric/cross_state_distance |            1.03 |
|  Metric/self_state_action_distance |         0.00114 |
| Metric/cross_state_action_distance |            1.04 |
|    Metric/avg_self_state_asymmetry |               0 |
|   Metric/avg_cross_state_asymmetry |         0.00486 |
|       Metric/avg_self_sa_asymmetry |               0 |
|      Metric/avg_cross_sa_asymmetry |         0.00618 |
|                        Eval/Return |             810 |
--------------------------------------------------------
--------------------------------------------------------
|                        Train/Steps |        3.98e+06 |
|                   Loss/Loss_critic |           0.683 |
|                    Loss/Loss_actor |             -59 |
|                    Loss/Loss_alpha |         -0.0152 |
|      Loss/Loss_state_action_metric |         0.00257 |
|             Loss/Loss_state_metric |         0.00119 |
|                  Loss/Act_rep_loss |          0.0107 |
|                          SAC/Alpha |           0.166 |
|                     SAC/LogPi_mean |            1.03 |
|                        SAC/Q1_mean |              59 |
|                        SAC/Q2_mean |              59 |
|                   Norm/actor_model |             191 |
|                  Norm/critic_model |             246 |
|     Norm/state_action_metric_model |             118 |
|            Norm/state_metric_model |             121 |
|         Metric/self_state_distance |        0.000236 |
|        Metric/cross_state_distance |            1.03 |
|  Metric/self_state_action_distance |         0.00179 |
| Metric/cross_state_action_distance |            1.04 |
|    Metric/avg_self_state_asymmetry |               0 |
|   Metric/avg_cross_state_asymmetry |         0.00469 |
|       Metric/avg_self_sa_asymmetry |               0 |
|      Metric/avg_cross_sa_asymmetry |         0.00619 |
|                        Eval/Return |             808 |
--------------------------------------------------------
--------------------------------------------------------
|                        Train/Steps |         4.1e+06 |
|                   Loss/Loss_critic |           0.724 |
|                    Loss/Loss_actor |           -60.2 |
|                    Loss/Loss_alpha |          0.0282 |
|      Loss/Loss_state_action_metric |         0.00228 |
|             Loss/Loss_state_metric |         0.00105 |
|                  Loss/Act_rep_loss |         0.00847 |
|                          SAC/Alpha |           0.163 |
|                     SAC/LogPi_mean |           0.788 |
|                        SAC/Q1_mean |            60.2 |
|                        SAC/Q2_mean |            60.2 |
|                   Norm/actor_model |             195 |
|                  Norm/critic_model |             250 |
|     Norm/state_action_metric_model |             120 |
|            Norm/state_metric_model |             123 |
|         Metric/self_state_distance |        4.92e-05 |
|        Metric/cross_state_distance |            1.03 |
|  Metric/self_state_action_distance |         0.00149 |
| Metric/cross_state_action_distance |            1.03 |
|    Metric/avg_self_state_asymmetry |               0 |
|   Metric/avg_cross_state_asymmetry |         0.00438 |
|       Metric/avg_self_sa_asymmetry |               0 |
|      Metric/avg_cross_sa_asymmetry |         0.00608 |
|                        Eval/Return |             818 |
--------------------------------------------------------
[32mSaving model …[0m
[32mDone.[0m
[32mSaving model …[0m
[32mDone.[0m
[32mSaving model …[0m
[32mDone.[0m
[32mSaving model …[0m
[32mDone.[0m
--------------------------------------------------------
|                        Train/Steps |        4.23e+06 |
|                   Loss/Loss_critic |           0.768 |
|                    Loss/Loss_actor |           -61.2 |
|                    Loss/Loss_alpha |        -0.00498 |
|      Loss/Loss_state_action_metric |         0.00207 |
|             Loss/Loss_state_metric |         0.00104 |
|                  Loss/Act_rep_loss |          0.0064 |
|                          SAC/Alpha |           0.159 |
|                     SAC/LogPi_mean |           0.954 |
|                        SAC/Q1_mean |            61.2 |
|                        SAC/Q2_mean |            61.2 |
|                   Norm/actor_model |             198 |
|                  Norm/critic_model |             253 |
|     Norm/state_action_metric_model |             122 |
|            Norm/state_metric_model |             125 |
|         Metric/self_state_distance |        8.32e-05 |
|        Metric/cross_state_distance |            1.03 |
|  Metric/self_state_action_distance |        0.000603 |
| Metric/cross_state_action_distance |            1.03 |
|    Metric/avg_self_state_asymmetry |               0 |
|   Metric/avg_cross_state_asymmetry |         0.00449 |
|       Metric/avg_self_sa_asymmetry |               0 |
|      Metric/avg_cross_sa_asymmetry |         0.00566 |
|                        Eval/Return |             835 |
--------------------------------------------------------
--------------------------------------------------------
|                        Train/Steps |        4.36e+06 |
|                   Loss/Loss_critic |           0.813 |
|                    Loss/Loss_actor |           -61.7 |
|                    Loss/Loss_alpha |        6.46e-05 |
|      Loss/Loss_state_action_metric |         0.00319 |
|             Loss/Loss_state_metric |         0.00146 |
|                  Loss/Act_rep_loss |         0.00643 |
|                          SAC/Alpha |           0.164 |
|                     SAC/LogPi_mean |            0.96 |
|                        SAC/Q1_mean |            61.8 |
|                        SAC/Q2_mean |            61.8 |
|                   Norm/actor_model |             202 |
|                  Norm/critic_model |             257 |
|     Norm/state_action_metric_model |             124 |
|            Norm/state_metric_model |             127 |
|         Metric/self_state_distance |        5.71e-05 |
|        Metric/cross_state_distance |            1.03 |
|  Metric/self_state_action_distance |          0.0102 |
| Metric/cross_state_action_distance |            1.03 |
|    Metric/avg_self_state_asymmetry |               0 |
|   Metric/avg_cross_state_asymmetry |         0.00449 |
|       Metric/avg_self_sa_asymmetry |               0 |
|      Metric/avg_cross_sa_asymmetry |         0.00556 |
|                        Eval/Return |             843 |
--------------------------------------------------------
--------------------------------------------------------
|                        Train/Steps |        4.49e+06 |
|                   Loss/Loss_critic |           0.813 |
|                    Loss/Loss_actor |           -63.2 |
|                    Loss/Loss_alpha |          0.0196 |
|      Loss/Loss_state_action_metric |         0.00276 |
|             Loss/Loss_state_metric |         0.00147 |
|                  Loss/Act_rep_loss |          0.0103 |
|                          SAC/Alpha |            0.16 |
|                     SAC/LogPi_mean |           0.818 |
|                        SAC/Q1_mean |            63.2 |
|                        SAC/Q2_mean |            63.3 |
|                   Norm/actor_model |             206 |
|                  Norm/critic_model |             261 |
|     Norm/state_action_metric_model |             126 |
|            Norm/state_metric_model |             129 |
|         Metric/self_state_distance |        0.000185 |
|        Metric/cross_state_distance |            1.02 |
|  Metric/self_state_action_distance |        0.000779 |
| Metric/cross_state_action_distance |            1.03 |
|    Metric/avg_self_state_asymmetry |               0 |
|   Metric/avg_cross_state_asymmetry |         0.00413 |
|       Metric/avg_self_sa_asymmetry |               0 |
|      Metric/avg_cross_sa_asymmetry |         0.00566 |
|                        Eval/Return |             860 |
--------------------------------------------------------
--------------------------------------------------------
|                        Train/Steps |        4.62e+06 |
|                   Loss/Loss_critic |               1 |
|                    Loss/Loss_actor |           -63.9 |
|                    Loss/Loss_alpha |         -0.0177 |
|      Loss/Loss_state_action_metric |         0.00215 |
|             Loss/Loss_state_metric |        0.000593 |
|                  Loss/Act_rep_loss |          0.0102 |
|                          SAC/Alpha |           0.159 |
|                     SAC/LogPi_mean |             1.2 |
|                        SAC/Q1_mean |              64 |
|                        SAC/Q2_mean |              64 |
|                   Norm/actor_model |             209 |
|                  Norm/critic_model |             264 |
|     Norm/state_action_metric_model |             128 |
|            Norm/state_metric_model |             131 |
|         Metric/self_state_distance |        0.000117 |
|        Metric/cross_state_distance |            1.03 |
|  Metric/self_state_action_distance |         0.00139 |
| Metric/cross_state_action_distance |            1.04 |
|    Metric/avg_self_state_asymmetry |               0 |
|   Metric/avg_cross_state_asymmetry |         0.00488 |
|       Metric/avg_self_sa_asymmetry |               0 |
|      Metric/avg_cross_sa_asymmetry |         0.00558 |
|                        Eval/Return |             864 |
--------------------------------------------------------
--------------------------------------------------------
|                        Train/Steps |        4.74e+06 |
|                   Loss/Loss_critic |           0.674 |
|                    Loss/Loss_actor |           -64.9 |
|                    Loss/Loss_alpha |           0.036 |
|      Loss/Loss_state_action_metric |         0.00183 |
|             Loss/Loss_state_metric |        0.000662 |
|                  Loss/Act_rep_loss |          0.0127 |
|                          SAC/Alpha |           0.168 |
|                     SAC/LogPi_mean |           0.789 |
|                        SAC/Q1_mean |              65 |
|                        SAC/Q2_mean |            64.9 |
|                   Norm/actor_model |             213 |
|                  Norm/critic_model |             268 |
|     Norm/state_action_metric_model |             130 |
|            Norm/state_metric_model |             133 |
|         Metric/self_state_distance |        0.000198 |
|        Metric/cross_state_distance |            1.03 |
|  Metric/self_state_action_distance |         0.00161 |
| Metric/cross_state_action_distance |            1.03 |
|    Metric/avg_self_state_asymmetry |               0 |
|   Metric/avg_cross_state_asymmetry |         0.00442 |
|       Metric/avg_self_sa_asymmetry |               0 |
|      Metric/avg_cross_sa_asymmetry |         0.00556 |
|                        Eval/Return |             875 |
--------------------------------------------------------
--------------------------------------------------------
|                        Train/Steps |        4.87e+06 |
|                   Loss/Loss_critic |           0.946 |
|                    Loss/Loss_actor |           -65.9 |
|                    Loss/Loss_alpha |        -0.00564 |
|      Loss/Loss_state_action_metric |         0.00561 |
|             Loss/Loss_state_metric |         0.00125 |
|                  Loss/Act_rep_loss |          0.0112 |
|                          SAC/Alpha |           0.166 |
|                     SAC/LogPi_mean |            1.02 |
|                        SAC/Q1_mean |              66 |
|                        SAC/Q2_mean |              66 |
|                   Norm/actor_model |             216 |
|                  Norm/critic_model |             272 |
|     Norm/state_action_metric_model |             133 |
|            Norm/state_metric_model |             135 |
|         Metric/self_state_distance |        0.000234 |
|        Metric/cross_state_distance |            1.02 |
|  Metric/self_state_action_distance |         0.00167 |
| Metric/cross_state_action_distance |            1.03 |
|    Metric/avg_self_state_asymmetry |               0 |
|   Metric/avg_cross_state_asymmetry |         0.00527 |
|       Metric/avg_self_sa_asymmetry |               0 |
|      Metric/avg_cross_sa_asymmetry |          0.0057 |
|                        Eval/Return |             894 |
--------------------------------------------------------
--------------------------------------------------------
|                        Train/Steps |           5e+06 |
|                   Loss/Loss_critic |           0.826 |
|                    Loss/Loss_actor |           -67.1 |
|                    Loss/Loss_alpha |         0.00748 |
|      Loss/Loss_state_action_metric |         0.00209 |
|             Loss/Loss_state_metric |        0.000942 |
|                  Loss/Act_rep_loss |          0.0137 |
|                          SAC/Alpha |           0.164 |
|                     SAC/LogPi_mean |           0.924 |
|                        SAC/Q1_mean |            67.1 |
|                        SAC/Q2_mean |            67.2 |
|                   Norm/actor_model |             220 |
|                  Norm/critic_model |             275 |
|     Norm/state_action_metric_model |             135 |
|            Norm/state_metric_model |             137 |
|         Metric/self_state_distance |        3.87e-05 |
|        Metric/cross_state_distance |            1.02 |
|  Metric/self_state_action_distance |         0.00107 |
| Metric/cross_state_action_distance |            1.02 |
|    Metric/avg_self_state_asymmetry |               0 |
|   Metric/avg_cross_state_asymmetry |         0.00447 |
|       Metric/avg_self_sa_asymmetry |               0 |
|      Metric/avg_cross_sa_asymmetry |         0.00545 |
|                        Eval/Return |             899 |
--------------------------------------------------------
[32mSaving model …[0m
[32mDone.[0m
[32mSaving model …[0m
[32mDone.[0m
