E0920 21:59:55.330331 2693666 cuda_executor.cc:1526] Could not get kernel mode driver version: (INVALID_ARGUMENT: Version does not match the format X.Y.Z)
E0920 21:59:55.338859 2693548 cuda_executor.cc:1526] Could not get kernel mode driver version: (INVALID_ARGUMENT: Version does not match the format X.Y.Z)
[32mStart prefilling replay buffer[0m
[32mStart SAC training[0m
[32m{'log_freq': 1000, 'save_freq': 1000000, 'eval_episode_freq': 10, 'hidden_size': 256, 'lr': 0.001, 'max_grad_norm': 0.0, 'gamma': 0.99, 'update_tau': 0.005, 'train_per_step': 8, 'episode_length': 1000, 'warmup_samples': 8192, 'max_replay_size': 4000000, 'batch_size': 512, 'total_env_steps': 5000000, 'init_temperature': 0.1, 'nstep': 3, 'bootstrap_on_truncation': True, 'rep_lr_scale': 1.5, 'vis_feq': 100000, 'n_vis_frames': 4, 'num_envs': 128, 'grad_steps': 50, 'transfer_freq': 10, 'transfer_steps': 8, 'reward_scaling': 1.0, 'num_eval_envs': 128, 'target_entropy': -1.0}[0m
[32m[nstep] nstep=3 bootstrap_on_truncation=True (discount from the buffer already contains gamma^nstep)[0m
-----------------------------------------------------------------
|                                 Train/Steps |        1.36e+05 |
|                            Loss/Loss_critic |          0.0358 |
|                             Loss/Loss_actor |           -1.14 |
|                             Loss/Loss_alpha |        -0.00862 |
|               Loss/Loss_state_action_metric |         0.00207 |
|                      Loss/Loss_state_metric |         0.00133 |
|             Loss/Loss_state_action_to_state |        4.09e-05 |
|                           Loss/Act_rep_loss |          0.0619 |
|                                   SAC/Alpha |         0.00533 |
|                              SAC/LogPi_mean |            2.59 |
|                                 SAC/Q1_mean |            1.05 |
|                                 SAC/Q2_mean |            1.04 |
|                            Norm/actor_model |            35.1 |
|                           Norm/critic_model |            46.4 |
|              Norm/state_action_metric_model |            30.5 |
|                     Norm/state_metric_model |            31.2 |
|        Norm/state_action_state_metric_model |              31 |
|                  Metric/self_state_distance |         0.00179 |
|                 Metric/cross_state_distance |           0.927 |
|           Metric/self_state_action_distance |         0.00104 |
|          Metric/cross_state_action_distance |           0.916 |
|             Metric/avg_self_state_asymmetry |               0 |
|            Metric/avg_cross_state_asymmetry |         0.00226 |
|                Metric/avg_self_sa_asymmetry |               0 |
|               Metric/avg_cross_sa_asymmetry |         0.00251 |
|  Metric/self_state_action_to_state_distance |         0.00261 |
| Metric/cross_state_action_to_state_distance |           0.915 |
|                   Metric/h_lambda_diff_self |         0.00202 |
|                  Metric/h_lambda_diff_cross |         0.00423 |
|                                 Eval/Return |             274 |
-----------------------------------------------------------------
-----------------------------------------------------------------
|                                 Train/Steps |        2.64e+05 |
|                            Loss/Loss_critic |           0.145 |
|                             Loss/Loss_actor |             -13 |
|                             Loss/Loss_alpha |         -0.0135 |
|               Loss/Loss_state_action_metric |         0.00435 |
|                      Loss/Loss_state_metric |         0.00122 |
|             Loss/Loss_state_action_to_state |        7.47e-05 |
|                           Loss/Act_rep_loss |           0.136 |
|                                   SAC/Alpha |          0.0811 |
|                              SAC/LogPi_mean |            1.15 |
|                                 SAC/Q1_mean |            12.8 |
|                                 SAC/Q2_mean |            12.9 |
|                            Norm/actor_model |            48.7 |
|                           Norm/critic_model |            70.1 |
|              Norm/state_action_metric_model |            33.3 |
|                     Norm/state_metric_model |            33.1 |
|        Norm/state_action_state_metric_model |            33.9 |
|                  Metric/self_state_distance |        0.000598 |
|                 Metric/cross_state_distance |           0.976 |
|           Metric/self_state_action_distance |         0.00119 |
|          Metric/cross_state_action_distance |           0.968 |
|             Metric/avg_self_state_asymmetry |               0 |
|            Metric/avg_cross_state_asymmetry |         0.00342 |
|                Metric/avg_self_sa_asymmetry |               0 |
|               Metric/avg_cross_sa_asymmetry |         0.00479 |
|  Metric/self_state_action_to_state_distance |        0.000199 |
| Metric/cross_state_action_to_state_distance |           0.969 |
|                   Metric/h_lambda_diff_self |         0.00115 |
|                  Metric/h_lambda_diff_cross |         0.00655 |
|                                 Eval/Return |             339 |
-----------------------------------------------------------------
-----------------------------------------------------------------
|                                 Train/Steps |        3.92e+05 |
|                            Loss/Loss_critic |           0.108 |
|                             Loss/Loss_actor |           -21.5 |
|                             Loss/Loss_alpha |         0.00387 |
|               Loss/Loss_state_action_metric |         0.00539 |
|                      Loss/Loss_state_metric |        0.000788 |
|             Loss/Loss_state_action_to_state |        7.84e-05 |
|                           Loss/Act_rep_loss |          0.0678 |
|                                   SAC/Alpha |          0.0804 |
|                              SAC/LogPi_mean |           0.921 |
|                                 SAC/Q1_mean |            21.4 |
|                                 SAC/Q2_mean |            21.4 |
|                            Norm/actor_model |            56.7 |
|                           Norm/critic_model |            80.6 |
|              Norm/state_action_metric_model |            36.8 |
|                     Norm/state_metric_model |            36.7 |
|        Norm/state_action_state_metric_model |            37.3 |
|                  Metric/self_state_distance |        0.000331 |
|                 Metric/cross_state_distance |               1 |
|           Metric/self_state_action_distance |         0.00136 |
|          Metric/cross_state_action_distance |           0.996 |
|             Metric/avg_self_state_asymmetry |               0 |
|            Metric/avg_cross_state_asymmetry |         0.00384 |
|                Metric/avg_self_sa_asymmetry |               0 |
|               Metric/avg_cross_sa_asymmetry |         0.00648 |
|  Metric/self_state_action_to_state_distance |        0.000325 |
| Metric/cross_state_action_to_state_distance |               1 |
|                   Metric/h_lambda_diff_self |         0.00139 |
|                  Metric/h_lambda_diff_cross |         0.00788 |
|                                 Eval/Return |             376 |
-----------------------------------------------------------------
-----------------------------------------------------------------
|                                 Train/Steps |         5.2e+05 |
|                            Loss/Loss_critic |           0.111 |
|                             Loss/Loss_actor |           -25.9 |
|                             Loss/Loss_alpha |         -0.0038 |
|               Loss/Loss_state_action_metric |         0.00237 |
|                      Loss/Loss_state_metric |          0.0016 |
|             Loss/Loss_state_action_to_state |        6.53e-05 |
|                           Loss/Act_rep_loss |          0.0433 |
|                                   SAC/Alpha |          0.0714 |
|                              SAC/LogPi_mean |            1.03 |
|                                 SAC/Q1_mean |            25.8 |
|                                 SAC/Q2_mean |            25.9 |
|                            Norm/actor_model |            63.1 |
|                           Norm/critic_model |            88.2 |
|              Norm/state_action_metric_model |            41.1 |
|                     Norm/state_metric_model |            40.2 |
|        Norm/state_action_state_metric_model |            41.2 |
|                  Metric/self_state_distance |        0.000395 |
|                 Metric/cross_state_distance |            1.01 |
|           Metric/self_state_action_distance |         0.00414 |
|          Metric/cross_state_action_distance |            1.01 |
|             Metric/avg_self_state_asymmetry |               0 |
|            Metric/avg_cross_state_asymmetry |         0.00352 |
|                Metric/avg_self_sa_asymmetry |               0 |
|               Metric/avg_cross_sa_asymmetry |         0.00619 |
|  Metric/self_state_action_to_state_distance |        0.000252 |
| Metric/cross_state_action_to_state_distance |            1.01 |
|                   Metric/h_lambda_diff_self |           0.004 |
|                  Metric/h_lambda_diff_cross |         0.00696 |
|                                 Eval/Return |             363 |
-----------------------------------------------------------------
-----------------------------------------------------------------
|                                 Train/Steps |        6.48e+05 |
|                            Loss/Loss_critic |           0.102 |
|                             Loss/Loss_actor |           -28.1 |
|                             Loss/Loss_alpha |        -0.00314 |
|               Loss/Loss_state_action_metric |         0.00124 |
|                      Loss/Loss_state_metric |         0.00065 |
|             Loss/Loss_state_action_to_state |         8.7e-05 |
|                           Loss/Act_rep_loss |          0.0304 |
|                                   SAC/Alpha |          0.0667 |
|                              SAC/LogPi_mean |           0.958 |
|                                 SAC/Q1_mean |            28.1 |
|                                 SAC/Q2_mean |            28.1 |
|                            Norm/actor_model |            68.9 |
|                           Norm/critic_model |            94.4 |
|              Norm/state_action_metric_model |            45.4 |
|                     Norm/state_metric_model |              44 |
|        Norm/state_action_state_metric_model |            44.9 |
|                  Metric/self_state_distance |        0.000887 |
|                 Metric/cross_state_distance |            1.02 |
|           Metric/self_state_action_distance |        0.000922 |
|          Metric/cross_state_action_distance |            1.02 |
|             Metric/avg_self_state_asymmetry |               0 |
|            Metric/avg_cross_state_asymmetry |         0.00399 |
|                Metric/avg_self_sa_asymmetry |               0 |
|               Metric/avg_cross_sa_asymmetry |         0.00527 |
|  Metric/self_state_action_to_state_distance |        0.000662 |
| Metric/cross_state_action_to_state_distance |            1.02 |
|                   Metric/h_lambda_diff_self |         0.00103 |
|                  Metric/h_lambda_diff_cross |         0.00672 |
|                                 Eval/Return |             370 |
-----------------------------------------------------------------
-----------------------------------------------------------------
|                                 Train/Steps |        7.76e+05 |
|                            Loss/Loss_critic |          0.0877 |
|                             Loss/Loss_actor |           -29.6 |
|                             Loss/Loss_alpha |        -0.00328 |
|               Loss/Loss_state_action_metric |         0.00137 |
|                      Loss/Loss_state_metric |        0.000532 |
|             Loss/Loss_state_action_to_state |        6.23e-05 |
|                           Loss/Act_rep_loss |            0.03 |
|                                   SAC/Alpha |          0.0631 |
|                              SAC/LogPi_mean |            1.04 |
|                                 SAC/Q1_mean |            29.5 |
|                                 SAC/Q2_mean |            29.5 |
|                            Norm/actor_model |            74.3 |
|                           Norm/critic_model |             100 |
|              Norm/state_action_metric_model |            49.5 |
|                     Norm/state_metric_model |            47.4 |
|        Norm/state_action_state_metric_model |            48.4 |
|                  Metric/self_state_distance |        0.000819 |
|                 Metric/cross_state_distance |            1.02 |
|           Metric/self_state_action_distance |          0.0005 |
|          Metric/cross_state_action_distance |            1.02 |
|             Metric/avg_self_state_asymmetry |               0 |
|            Metric/avg_cross_state_asymmetry |         0.00343 |
|                Metric/avg_self_sa_asymmetry |               0 |
|               Metric/avg_cross_sa_asymmetry |         0.00517 |
|  Metric/self_state_action_to_state_distance |        0.000393 |
| Metric/cross_state_action_to_state_distance |            1.02 |
|                   Metric/h_lambda_diff_self |        0.000771 |
|                  Metric/h_lambda_diff_cross |         0.00602 |
|                                 Eval/Return |             386 |
-----------------------------------------------------------------
-----------------------------------------------------------------
|                                 Train/Steps |        9.04e+05 |
|                            Loss/Loss_critic |          0.0844 |
|                             Loss/Loss_actor |           -30.6 |
|                             Loss/Loss_alpha |          0.0034 |
|               Loss/Loss_state_action_metric |         0.00259 |
|                      Loss/Loss_state_metric |        0.000938 |
|             Loss/Loss_state_action_to_state |        9.05e-05 |
|                           Loss/Act_rep_loss |          0.0172 |
|                                   SAC/Alpha |          0.0622 |
|                              SAC/LogPi_mean |            1.03 |
|                                 SAC/Q1_mean |            30.6 |
|                                 SAC/Q2_mean |            30.6 |
|                            Norm/actor_model |            79.1 |
|                           Norm/critic_model |             105 |
|              Norm/state_action_metric_model |            54.5 |
|                     Norm/state_metric_model |            50.1 |
|        Norm/state_action_state_metric_model |            51.8 |
|                  Metric/self_state_distance |        0.000374 |
|                 Metric/cross_state_distance |            1.02 |
|           Metric/self_state_action_distance |          0.0187 |
|          Metric/cross_state_action_distance |            1.02 |
|             Metric/avg_self_state_asymmetry |               0 |
|            Metric/avg_cross_state_asymmetry |         0.00376 |
|                Metric/avg_self_sa_asymmetry |               0 |
|               Metric/avg_cross_sa_asymmetry |         0.00493 |
|  Metric/self_state_action_to_state_distance |        0.000434 |
| Metric/cross_state_action_to_state_distance |            1.02 |
|                   Metric/h_lambda_diff_self |          0.0189 |
|                  Metric/h_lambda_diff_cross |         0.00714 |
|                                 Eval/Return |             382 |
-----------------------------------------------------------------
-----------------------------------------------------------------
|                                 Train/Steps |        1.03e+06 |
|                            Loss/Loss_critic |          0.0856 |
|                             Loss/Loss_actor |           -31.2 |
|                             Loss/Loss_alpha |        -0.00142 |
|               Loss/Loss_state_action_metric |         0.00129 |
|                      Loss/Loss_state_metric |        0.000583 |
|             Loss/Loss_state_action_to_state |        7.26e-05 |
|                           Loss/Act_rep_loss |          0.0168 |
|                                   SAC/Alpha |          0.0608 |
|                              SAC/LogPi_mean |            1.06 |
|                                 SAC/Q1_mean |            31.1 |
|                                 SAC/Q2_mean |            31.1 |
|                            Norm/actor_model |            83.6 |
|                           Norm/critic_model |             110 |
|              Norm/state_action_metric_model |            58.8 |
|                     Norm/state_metric_model |            52.7 |
|        Norm/state_action_state_metric_model |            55.4 |
|                  Metric/self_state_distance |          0.0025 |
|                 Metric/cross_state_distance |            1.03 |
|           Metric/self_state_action_distance |          0.0016 |
|          Metric/cross_state_action_distance |            1.03 |
|             Metric/avg_self_state_asymmetry |               0 |
|            Metric/avg_cross_state_asymmetry |         0.00341 |
|                Metric/avg_self_sa_asymmetry |               0 |
|               Metric/avg_cross_sa_asymmetry |         0.00577 |
|  Metric/self_state_action_to_state_distance |         0.00067 |
| Metric/cross_state_action_to_state_distance |            1.02 |
|                   Metric/h_lambda_diff_self |         0.00148 |
|                  Metric/h_lambda_diff_cross |         0.00655 |
|                                 Eval/Return |             391 |
-----------------------------------------------------------------
[32mSaving model …[0m
[32mDone.[0m
[32mSaving model …[0m
[32mDone.[0m
[32mSaving model …[0m
[32mDone.[0m
[32mSaving model …[0m
[32mDone.[0m
-----------------------------------------------------------------
|                                 Train/Steps |        1.16e+06 |
|                            Loss/Loss_critic |          0.0721 |
|                             Loss/Loss_actor |             -32 |
|                             Loss/Loss_alpha |         0.00608 |
|               Loss/Loss_state_action_metric |         0.00471 |
|                      Loss/Loss_state_metric |         0.00107 |
|             Loss/Loss_state_action_to_state |        0.000101 |
|                           Loss/Act_rep_loss |          0.0151 |
|                                   SAC/Alpha |          0.0611 |
|                              SAC/LogPi_mean |           0.999 |
|                                 SAC/Q1_mean |              32 |
|                                 SAC/Q2_mean |              32 |
|                            Norm/actor_model |            87.9 |
|                           Norm/critic_model |             114 |
|              Norm/state_action_metric_model |            62.8 |
|                     Norm/state_metric_model |            55.3 |
|        Norm/state_action_state_metric_model |            57.8 |
|                  Metric/self_state_distance |        6.11e-05 |
|                 Metric/cross_state_distance |            1.02 |
|           Metric/self_state_action_distance |        0.000466 |
|          Metric/cross_state_action_distance |            1.03 |
|             Metric/avg_self_state_asymmetry |               0 |
|            Metric/avg_cross_state_asymmetry |         0.00295 |
|                Metric/avg_self_sa_asymmetry |               0 |
|               Metric/avg_cross_sa_asymmetry |         0.00461 |
|  Metric/self_state_action_to_state_distance |        0.000241 |
| Metric/cross_state_action_to_state_distance |            1.03 |
|                   Metric/h_lambda_diff_self |        0.000514 |
|                  Metric/h_lambda_diff_cross |         0.00657 |
|                                 Eval/Return |             406 |
-----------------------------------------------------------------
-----------------------------------------------------------------
|                                 Train/Steps |        1.29e+06 |
|                            Loss/Loss_critic |          0.0971 |
|                             Loss/Loss_actor |           -32.7 |
|                             Loss/Loss_alpha |        -0.00531 |
|               Loss/Loss_state_action_metric |         0.00141 |
|                      Loss/Loss_state_metric |        0.000641 |
|             Loss/Loss_state_action_to_state |         7.2e-05 |
|                           Loss/Act_rep_loss |          0.0097 |
|                                   SAC/Alpha |          0.0654 |
|                              SAC/LogPi_mean |             1.1 |
|                                 SAC/Q1_mean |            32.7 |
|                                 SAC/Q2_mean |            32.6 |
|                            Norm/actor_model |              92 |
|                           Norm/critic_model |             118 |
|              Norm/state_action_metric_model |            67.1 |
|                     Norm/state_metric_model |            57.5 |
|        Norm/state_action_state_metric_model |            60.8 |
|                  Metric/self_state_distance |        0.000304 |
|                 Metric/cross_state_distance |            1.03 |
|           Metric/self_state_action_distance |        0.000172 |
|          Metric/cross_state_action_distance |            1.04 |
|             Metric/avg_self_state_asymmetry |               0 |
|            Metric/avg_cross_state_asymmetry |         0.00311 |
|                Metric/avg_self_sa_asymmetry |               0 |
|               Metric/avg_cross_sa_asymmetry |         0.00545 |
|  Metric/self_state_action_to_state_distance |        0.000321 |
| Metric/cross_state_action_to_state_distance |            1.03 |
|                   Metric/h_lambda_diff_self |        0.000391 |
|                  Metric/h_lambda_diff_cross |         0.00681 |
|                                 Eval/Return |             453 |
-----------------------------------------------------------------
-----------------------------------------------------------------
|                                 Train/Steps |        1.42e+06 |
|                            Loss/Loss_critic |           0.168 |
|                             Loss/Loss_actor |           -34.2 |
|                             Loss/Loss_alpha |        -0.00815 |
|               Loss/Loss_state_action_metric |         0.00152 |
|                      Loss/Loss_state_metric |        0.000596 |
|             Loss/Loss_state_action_to_state |        9.89e-05 |
|                           Loss/Act_rep_loss |           0.011 |
|                                   SAC/Alpha |          0.0881 |
|                              SAC/LogPi_mean |            1.11 |
|                                 SAC/Q1_mean |              34 |
|                                 SAC/Q2_mean |            34.1 |
|                            Norm/actor_model |            95.7 |
|                           Norm/critic_model |             123 |
|              Norm/state_action_metric_model |            71.8 |
|                     Norm/state_metric_model |            59.8 |
|        Norm/state_action_state_metric_model |            64.2 |
|                  Metric/self_state_distance |           0.001 |
|                 Metric/cross_state_distance |            1.03 |
|           Metric/self_state_action_distance |        0.000498 |
|          Metric/cross_state_action_distance |            1.03 |
|             Metric/avg_self_state_asymmetry |               0 |
|            Metric/avg_cross_state_asymmetry |         0.00386 |
|                Metric/avg_self_sa_asymmetry |               0 |
|               Metric/avg_cross_sa_asymmetry |         0.00613 |
|  Metric/self_state_action_to_state_distance |        0.000272 |
| Metric/cross_state_action_to_state_distance |            1.03 |
|                   Metric/h_lambda_diff_self |         0.00046 |
|                  Metric/h_lambda_diff_cross |         0.00782 |
|                                 Eval/Return |             543 |
-----------------------------------------------------------------
-----------------------------------------------------------------
|                                 Train/Steps |        1.54e+06 |
|                            Loss/Loss_critic |           0.267 |
|                             Loss/Loss_actor |           -36.9 |
|                             Loss/Loss_alpha |         -0.0164 |
|               Loss/Loss_state_action_metric |         0.00207 |
|                      Loss/Loss_state_metric |         0.00109 |
|             Loss/Loss_state_action_to_state |        8.81e-05 |
|                           Loss/Act_rep_loss |         0.00779 |
|                                   SAC/Alpha |           0.109 |
|                              SAC/LogPi_mean |            1.14 |
|                                 SAC/Q1_mean |            36.7 |
|                                 SAC/Q2_mean |            36.7 |
|                            Norm/actor_model |             100 |
|                           Norm/critic_model |             128 |
|              Norm/state_action_metric_model |            76.7 |
|                     Norm/state_metric_model |            62.8 |
|        Norm/state_action_state_metric_model |            66.8 |
|                  Metric/self_state_distance |        9.12e-05 |
|                 Metric/cross_state_distance |            1.03 |
|           Metric/self_state_action_distance |         0.00259 |
|          Metric/cross_state_action_distance |            1.04 |
|             Metric/avg_self_state_asymmetry |               0 |
|            Metric/avg_cross_state_asymmetry |         0.00368 |
|                Metric/avg_self_sa_asymmetry |               0 |
|               Metric/avg_cross_sa_asymmetry |         0.00625 |
|  Metric/self_state_action_to_state_distance |        0.000485 |
| Metric/cross_state_action_to_state_distance |            1.04 |
|                   Metric/h_lambda_diff_self |         0.00236 |
|                  Metric/h_lambda_diff_cross |         0.00669 |
|                                 Eval/Return |             563 |
-----------------------------------------------------------------
-----------------------------------------------------------------
|                                 Train/Steps |        1.67e+06 |
|                            Loss/Loss_critic |           0.239 |
|                             Loss/Loss_actor |           -38.6 |
|                             Loss/Loss_alpha |         0.00169 |
|               Loss/Loss_state_action_metric |         0.00275 |
|                      Loss/Loss_state_metric |         0.00186 |
|             Loss/Loss_state_action_to_state |        9.52e-05 |
|                           Loss/Act_rep_loss |         0.00731 |
|                                   SAC/Alpha |           0.119 |
|                              SAC/LogPi_mean |            1.07 |
|                                 SAC/Q1_mean |            38.4 |
|                                 SAC/Q2_mean |            38.4 |
|                            Norm/actor_model |             105 |
|                           Norm/critic_model |             133 |
|              Norm/state_action_metric_model |              81 |
|                     Norm/state_metric_model |            65.1 |
|        Norm/state_action_state_metric_model |              70 |
|                  Metric/self_state_distance |        0.000298 |
|                 Metric/cross_state_distance |            1.03 |
|           Metric/self_state_action_distance |         0.00122 |
|          Metric/cross_state_action_distance |            1.03 |
|             Metric/avg_self_state_asymmetry |               0 |
|            Metric/avg_cross_state_asymmetry |         0.00451 |
|                Metric/avg_self_sa_asymmetry |               0 |
|               Metric/avg_cross_sa_asymmetry |         0.00578 |
|  Metric/self_state_action_to_state_distance |        0.000617 |
| Metric/cross_state_action_to_state_distance |            1.03 |
|                   Metric/h_lambda_diff_self |         0.00145 |
|                  Metric/h_lambda_diff_cross |         0.00753 |
|                                 Eval/Return |             571 |
-----------------------------------------------------------------
-----------------------------------------------------------------
|                                 Train/Steps |         1.8e+06 |
|                            Loss/Loss_critic |           0.361 |
|                             Loss/Loss_actor |           -40.5 |
|                             Loss/Loss_alpha |        0.000434 |
|               Loss/Loss_state_action_metric |         0.00234 |
|                      Loss/Loss_state_metric |         0.00108 |
|             Loss/Loss_state_action_to_state |        0.000112 |
|                           Loss/Act_rep_loss |         0.00461 |
|                                   SAC/Alpha |           0.129 |
|                              SAC/LogPi_mean |           0.976 |
|                                 SAC/Q1_mean |            40.4 |
|                                 SAC/Q2_mean |            40.5 |
|                            Norm/actor_model |             110 |
|                           Norm/critic_model |             138 |
|              Norm/state_action_metric_model |              85 |
|                     Norm/state_metric_model |            67.4 |
|        Norm/state_action_state_metric_model |            72.3 |
|                  Metric/self_state_distance |        0.000168 |
|                 Metric/cross_state_distance |            1.04 |
|           Metric/self_state_action_distance |         0.00216 |
|          Metric/cross_state_action_distance |            1.04 |
|             Metric/avg_self_state_asymmetry |               0 |
|            Metric/avg_cross_state_asymmetry |         0.00393 |
|                Metric/avg_self_sa_asymmetry |               0 |
|               Metric/avg_cross_sa_asymmetry |          0.0074 |
|  Metric/self_state_action_to_state_distance |         0.00147 |
| Metric/cross_state_action_to_state_distance |            1.04 |
|                   Metric/h_lambda_diff_self |         0.00231 |
|                  Metric/h_lambda_diff_cross |           0.009 |
|                                 Eval/Return |             599 |
-----------------------------------------------------------------
-----------------------------------------------------------------
|                                 Train/Steps |        1.93e+06 |
|                            Loss/Loss_critic |           0.342 |
|                             Loss/Loss_actor |           -42.2 |
|                             Loss/Loss_alpha |        -0.00637 |
|               Loss/Loss_state_action_metric |         0.00229 |
|                      Loss/Loss_state_metric |         0.00129 |
|             Loss/Loss_state_action_to_state |        0.000898 |
|                           Loss/Act_rep_loss |         0.00526 |
|                                   SAC/Alpha |           0.138 |
|                              SAC/LogPi_mean |             1.1 |
|                                 SAC/Q1_mean |            42.1 |
|                                 SAC/Q2_mean |              42 |
|                            Norm/actor_model |             115 |
|                           Norm/critic_model |             143 |
|              Norm/state_action_metric_model |            88.8 |
|                     Norm/state_metric_model |            70.1 |
|        Norm/state_action_state_metric_model |            74.8 |
|                  Metric/self_state_distance |        0.000412 |
|                 Metric/cross_state_distance |            1.04 |
|           Metric/self_state_action_distance |        0.000342 |
|          Metric/cross_state_action_distance |            1.04 |
|             Metric/avg_self_state_asymmetry |               0 |
|            Metric/avg_cross_state_asymmetry |         0.00489 |
|                Metric/avg_self_sa_asymmetry |               0 |
|               Metric/avg_cross_sa_asymmetry |         0.00731 |
|  Metric/self_state_action_to_state_distance |        0.000298 |
| Metric/cross_state_action_to_state_distance |            1.04 |
|                   Metric/h_lambda_diff_self |        0.000377 |
|                  Metric/h_lambda_diff_cross |         0.00967 |
|                                 Eval/Return |             630 |
-----------------------------------------------------------------
-----------------------------------------------------------------
|                                 Train/Steps |        2.06e+06 |
|                            Loss/Loss_critic |           0.432 |
|                             Loss/Loss_actor |           -43.6 |
|                             Loss/Loss_alpha |        -0.00149 |
|               Loss/Loss_state_action_metric |         0.00189 |
|                      Loss/Loss_state_metric |        0.000789 |
|             Loss/Loss_state_action_to_state |        0.000109 |
|                           Loss/Act_rep_loss |         0.00295 |
|                                   SAC/Alpha |           0.144 |
|                              SAC/LogPi_mean |               1 |
|                                 SAC/Q1_mean |            43.5 |
|                                 SAC/Q2_mean |            43.5 |
|                            Norm/actor_model |             119 |
|                           Norm/critic_model |             149 |
|              Norm/state_action_metric_model |            92.6 |
|                     Norm/state_metric_model |            72.6 |
|        Norm/state_action_state_metric_model |            77.7 |
|                  Metric/self_state_distance |         0.00214 |
|                 Metric/cross_state_distance |            1.04 |
|           Metric/self_state_action_distance |         0.00187 |
|          Metric/cross_state_action_distance |            1.05 |
|             Metric/avg_self_state_asymmetry |               0 |
|            Metric/avg_cross_state_asymmetry |         0.00473 |
|                Metric/avg_self_sa_asymmetry |               0 |
|               Metric/avg_cross_sa_asymmetry |         0.00806 |
|  Metric/self_state_action_to_state_distance |        0.000223 |
| Metric/cross_state_action_to_state_distance |            1.05 |
|                   Metric/h_lambda_diff_self |         0.00196 |
|                  Metric/h_lambda_diff_cross |         0.00832 |
|                                 Eval/Return |             634 |
-----------------------------------------------------------------
[32mSaving model …[0m
[32mDone.[0m
[32mSaving model …[0m
[32mDone.[0m
[32mSaving model …[0m
[32mDone.[0m
[32mSaving model …[0m
[32mDone.[0m
-----------------------------------------------------------------
|                                 Train/Steps |        2.18e+06 |
|                            Loss/Loss_critic |           0.541 |
|                             Loss/Loss_actor |           -45.4 |
|                             Loss/Loss_alpha |         -0.0131 |
|               Loss/Loss_state_action_metric |         0.00214 |
|                      Loss/Loss_state_metric |        0.000706 |
|             Loss/Loss_state_action_to_state |        0.000104 |
|                           Loss/Act_rep_loss |         0.00308 |
|                                   SAC/Alpha |           0.154 |
|                              SAC/LogPi_mean |               1 |
|                                 SAC/Q1_mean |            45.2 |
|                                 SAC/Q2_mean |            45.1 |
|                            Norm/actor_model |             124 |
|                           Norm/critic_model |             154 |
|              Norm/state_action_metric_model |              97 |
|                     Norm/state_metric_model |            75.3 |
|        Norm/state_action_state_metric_model |            80.4 |
|                  Metric/self_state_distance |        0.000154 |
|                 Metric/cross_state_distance |            1.04 |
|           Metric/self_state_action_distance |         0.00247 |
|          Metric/cross_state_action_distance |            1.05 |
|             Metric/avg_self_state_asymmetry |               0 |
|            Metric/avg_cross_state_asymmetry |         0.00443 |
|                Metric/avg_self_sa_asymmetry |               0 |
|               Metric/avg_cross_sa_asymmetry |         0.00728 |
|  Metric/self_state_action_to_state_distance |          0.0002 |
| Metric/cross_state_action_to_state_distance |            1.05 |
|                   Metric/h_lambda_diff_self |         0.00231 |
|                  Metric/h_lambda_diff_cross |         0.00873 |
|                                 Eval/Return |             657 |
-----------------------------------------------------------------
-----------------------------------------------------------------
|                                 Train/Steps |        2.31e+06 |
|                            Loss/Loss_critic |           0.455 |
|                             Loss/Loss_actor |             -47 |
|                             Loss/Loss_alpha |         -0.0103 |
|               Loss/Loss_state_action_metric |         0.00207 |
|                      Loss/Loss_state_metric |         0.00113 |
|             Loss/Loss_state_action_to_state |        8.99e-05 |
|                           Loss/Act_rep_loss |         0.00159 |
|                                   SAC/Alpha |            0.16 |
|                              SAC/LogPi_mean |               1 |
|                                 SAC/Q1_mean |            46.8 |
|                                 SAC/Q2_mean |            46.8 |
|                            Norm/actor_model |             129 |
|                           Norm/critic_model |             159 |
|              Norm/state_action_metric_model |             100 |
|                     Norm/state_metric_model |            77.9 |
|        Norm/state_action_state_metric_model |            83.1 |
|                  Metric/self_state_distance |         0.00031 |
|                 Metric/cross_state_distance |            1.04 |
|           Metric/self_state_action_distance |        0.000775 |
|          Metric/cross_state_action_distance |            1.05 |
|             Metric/avg_self_state_asymmetry |               0 |
|            Metric/avg_cross_state_asymmetry |         0.00407 |
|                Metric/avg_self_sa_asymmetry |               0 |
|               Metric/avg_cross_sa_asymmetry |          0.0066 |
|  Metric/self_state_action_to_state_distance |        0.000248 |
| Metric/cross_state_action_to_state_distance |            1.05 |
|                   Metric/h_lambda_diff_self |        0.000597 |
|                  Metric/h_lambda_diff_cross |         0.00753 |
|                                 Eval/Return |             670 |
-----------------------------------------------------------------
-----------------------------------------------------------------
|                                 Train/Steps |        2.44e+06 |
|                            Loss/Loss_critic |           0.563 |
|                             Loss/Loss_actor |           -47.8 |
|                             Loss/Loss_alpha |        -0.00395 |
|               Loss/Loss_state_action_metric |         0.00212 |
|                      Loss/Loss_state_metric |         0.00114 |
|             Loss/Loss_state_action_to_state |         0.00011 |
|                           Loss/Act_rep_loss |         0.00571 |
|                                   SAC/Alpha |           0.163 |
|                              SAC/LogPi_mean |            1.03 |
|                                 SAC/Q1_mean |            47.6 |
|                                 SAC/Q2_mean |            47.6 |
|                            Norm/actor_model |             133 |
|                           Norm/critic_model |             164 |
|              Norm/state_action_metric_model |             104 |
|                     Norm/state_metric_model |            80.3 |
|        Norm/state_action_state_metric_model |            85.7 |
|                  Metric/self_state_distance |        5.58e-05 |
|                 Metric/cross_state_distance |            1.04 |
|           Metric/self_state_action_distance |        0.000989 |
|          Metric/cross_state_action_distance |            1.04 |
|             Metric/avg_self_state_asymmetry |               0 |
|            Metric/avg_cross_state_asymmetry |          0.0042 |
|                Metric/avg_self_sa_asymmetry |               0 |
|               Metric/avg_cross_sa_asymmetry |         0.00685 |
|  Metric/self_state_action_to_state_distance |        0.000219 |
| Metric/cross_state_action_to_state_distance |            1.05 |
|                   Metric/h_lambda_diff_self |        0.000965 |
|                  Metric/h_lambda_diff_cross |         0.00797 |
|                                 Eval/Return |             685 |
-----------------------------------------------------------------
-----------------------------------------------------------------
|                                 Train/Steps |        2.57e+06 |
|                            Loss/Loss_critic |           0.708 |
|                             Loss/Loss_actor |           -49.1 |
|                             Loss/Loss_alpha |       -0.000869 |
|               Loss/Loss_state_action_metric |         0.00277 |
|                      Loss/Loss_state_metric |          0.0016 |
|             Loss/Loss_state_action_to_state |        9.18e-05 |
|                           Loss/Act_rep_loss |         0.00184 |
|                                   SAC/Alpha |           0.168 |
|                              SAC/LogPi_mean |            0.96 |
|                                 SAC/Q1_mean |              49 |
|                                 SAC/Q2_mean |              49 |
|                            Norm/actor_model |             137 |
|                           Norm/critic_model |             168 |
|              Norm/state_action_metric_model |             108 |
|                     Norm/state_metric_model |            82.8 |
|        Norm/state_action_state_metric_model |            88.5 |
|                  Metric/self_state_distance |        0.000472 |
|                 Metric/cross_state_distance |            1.04 |
|           Metric/self_state_action_distance |         0.00779 |
|          Metric/cross_state_action_distance |            1.05 |
|             Metric/avg_self_state_asymmetry |               0 |
|            Metric/avg_cross_state_asymmetry |         0.00475 |
|                Metric/avg_self_sa_asymmetry |               0 |
|               Metric/avg_cross_sa_asymmetry |         0.00635 |
|  Metric/self_state_action_to_state_distance |        7.75e-05 |
| Metric/cross_state_action_to_state_distance |            1.05 |
|                   Metric/h_lambda_diff_self |         0.00775 |
|                  Metric/h_lambda_diff_cross |         0.00772 |
|                                 Eval/Return |             681 |
-----------------------------------------------------------------
-----------------------------------------------------------------
|                                 Train/Steps |         2.7e+06 |
|                            Loss/Loss_critic |           0.718 |
|                             Loss/Loss_actor |           -50.3 |
|                             Loss/Loss_alpha |          0.0128 |
|               Loss/Loss_state_action_metric |         0.00356 |
|                      Loss/Loss_state_metric |         0.00232 |
|             Loss/Loss_state_action_to_state |        7.86e-05 |
|                           Loss/Act_rep_loss |         0.00296 |
|                                   SAC/Alpha |           0.168 |
|                              SAC/LogPi_mean |           0.896 |
|                                 SAC/Q1_mean |            50.2 |
|                                 SAC/Q2_mean |            50.2 |
|                            Norm/actor_model |             141 |
|                           Norm/critic_model |             173 |
|              Norm/state_action_metric_model |             111 |
|                     Norm/state_metric_model |            85.6 |
|        Norm/state_action_state_metric_model |              91 |
|                  Metric/self_state_distance |        0.000259 |
|                 Metric/cross_state_distance |            1.04 |
|           Metric/self_state_action_distance |        0.000375 |
|          Metric/cross_state_action_distance |            1.04 |
|             Metric/avg_self_state_asymmetry |               0 |
|            Metric/avg_cross_state_asymmetry |         0.00406 |
|                Metric/avg_self_sa_asymmetry |               0 |
|               Metric/avg_cross_sa_asymmetry |         0.00608 |
|  Metric/self_state_action_to_state_distance |        0.000328 |
| Metric/cross_state_action_to_state_distance |            1.04 |
|                   Metric/h_lambda_diff_self |        0.000366 |
|                  Metric/h_lambda_diff_cross |         0.00726 |
|                                 Eval/Return |             691 |
-----------------------------------------------------------------
-----------------------------------------------------------------
|                                 Train/Steps |        2.82e+06 |
|                            Loss/Loss_critic |           0.568 |
|                             Loss/Loss_actor |           -50.8 |
|                             Loss/Loss_alpha |        -0.00212 |
|               Loss/Loss_state_action_metric |         0.00178 |
|                      Loss/Loss_state_metric |        0.000762 |
|             Loss/Loss_state_action_to_state |        8.59e-05 |
|                           Loss/Act_rep_loss |         0.00342 |
|                                   SAC/Alpha |           0.168 |
|                              SAC/LogPi_mean |            1.08 |
|                                 SAC/Q1_mean |            50.6 |
|                                 SAC/Q2_mean |            50.7 |
|                            Norm/actor_model |             144 |
|                           Norm/critic_model |             178 |
|              Norm/state_action_metric_model |             115 |
|                     Norm/state_metric_model |              88 |
|        Norm/state_action_state_metric_model |            93.4 |
|                  Metric/self_state_distance |        6.91e-05 |
|                 Metric/cross_state_distance |            1.04 |
|           Metric/self_state_action_distance |        0.000719 |
|          Metric/cross_state_action_distance |            1.05 |
|             Metric/avg_self_state_asymmetry |               0 |
|            Metric/avg_cross_state_asymmetry |         0.00401 |
|                Metric/avg_self_sa_asymmetry |               0 |
|               Metric/avg_cross_sa_asymmetry |         0.00631 |
|  Metric/self_state_action_to_state_distance |         0.00019 |
| Metric/cross_state_action_to_state_distance |            1.05 |
|                   Metric/h_lambda_diff_self |        0.000682 |
|                  Metric/h_lambda_diff_cross |         0.00718 |
|                                 Eval/Return |             702 |
-----------------------------------------------------------------
-----------------------------------------------------------------
|                                 Train/Steps |        2.95e+06 |
|                            Loss/Loss_critic |           0.633 |
|                             Loss/Loss_actor |           -51.9 |
|                             Loss/Loss_alpha |         -0.0165 |
|               Loss/Loss_state_action_metric |           0.002 |
|                      Loss/Loss_state_metric |        0.000833 |
|             Loss/Loss_state_action_to_state |        8.36e-05 |
|                           Loss/Act_rep_loss |         0.00175 |
|                                   SAC/Alpha |            0.17 |
|                              SAC/LogPi_mean |            1.02 |
|                                 SAC/Q1_mean |            51.9 |
|                                 SAC/Q2_mean |            51.9 |
|                            Norm/actor_model |             148 |
|                           Norm/critic_model |             182 |
|              Norm/state_action_metric_model |             118 |
|                     Norm/state_metric_model |            90.3 |
|        Norm/state_action_state_metric_model |            95.8 |
|                  Metric/self_state_distance |        0.000175 |
|                 Metric/cross_state_distance |            1.05 |
|           Metric/self_state_action_distance |        0.000547 |
|          Metric/cross_state_action_distance |            1.05 |
|             Metric/avg_self_state_asymmetry |               0 |
|            Metric/avg_cross_state_asymmetry |         0.00444 |
|                Metric/avg_self_sa_asymmetry |               0 |
|               Metric/avg_cross_sa_asymmetry |         0.00611 |
|  Metric/self_state_action_to_state_distance |        0.000295 |
| Metric/cross_state_action_to_state_distance |            1.05 |
|                   Metric/h_lambda_diff_self |        0.000571 |
|                  Metric/h_lambda_diff_cross |         0.00756 |
|                                 Eval/Return |             703 |
-----------------------------------------------------------------
-----------------------------------------------------------------
|                                 Train/Steps |        3.08e+06 |
|                            Loss/Loss_critic |           0.617 |
|                             Loss/Loss_actor |           -52.8 |
|                             Loss/Loss_alpha |          0.0071 |
|               Loss/Loss_state_action_metric |         0.00268 |
|                      Loss/Loss_state_metric |         0.00154 |
|             Loss/Loss_state_action_to_state |        7.91e-05 |
|                           Loss/Act_rep_loss |         0.00169 |
|                                   SAC/Alpha |           0.169 |
|                              SAC/LogPi_mean |               1 |
|                                 SAC/Q1_mean |            52.6 |
|                                 SAC/Q2_mean |            52.6 |
|                            Norm/actor_model |             152 |
|                           Norm/critic_model |             186 |
|              Norm/state_action_metric_model |             121 |
|                     Norm/state_metric_model |            92.7 |
|        Norm/state_action_state_metric_model |              98 |
|                  Metric/self_state_distance |         0.00021 |
|                 Metric/cross_state_distance |            1.04 |
|           Metric/self_state_action_distance |        0.000483 |
|          Metric/cross_state_action_distance |            1.05 |
|             Metric/avg_self_state_asymmetry |               0 |
|            Metric/avg_cross_state_asymmetry |         0.00405 |
|                Metric/avg_self_sa_asymmetry |               0 |
|               Metric/avg_cross_sa_asymmetry |         0.00593 |
|  Metric/self_state_action_to_state_distance |        0.000145 |
| Metric/cross_state_action_to_state_distance |            1.05 |
|                   Metric/h_lambda_diff_self |        0.000373 |
|                  Metric/h_lambda_diff_cross |         0.00709 |
|                                 Eval/Return |             713 |
-----------------------------------------------------------------
[32mSaving model …[0m
[32mDone.[0m
[32mSaving model …[0m
[32mDone.[0m
[32mSaving model …[0m
[32mDone.[0m
[32mSaving model …[0m
[32mDone.[0m
-----------------------------------------------------------------
|                                 Train/Steps |        3.21e+06 |
|                            Loss/Loss_critic |           0.677 |
|                             Loss/Loss_actor |           -53.4 |
|                             Loss/Loss_alpha |          0.0174 |
|               Loss/Loss_state_action_metric |          0.0026 |
|                      Loss/Loss_state_metric |         0.00163 |
|             Loss/Loss_state_action_to_state |        0.000109 |
|                           Loss/Act_rep_loss |         0.00157 |
|                                   SAC/Alpha |           0.173 |
|                              SAC/LogPi_mean |           0.928 |
|                                 SAC/Q1_mean |            53.3 |
|                                 SAC/Q2_mean |            53.3 |
|                            Norm/actor_model |             156 |
|                           Norm/critic_model |             190 |
|              Norm/state_action_metric_model |             125 |
|                     Norm/state_metric_model |              95 |
|        Norm/state_action_state_metric_model |             100 |
|                  Metric/self_state_distance |        0.000233 |
|                 Metric/cross_state_distance |            1.04 |
|           Metric/self_state_action_distance |        0.000737 |
|          Metric/cross_state_action_distance |            1.05 |
|             Metric/avg_self_state_asymmetry |               0 |
|            Metric/avg_cross_state_asymmetry |         0.00444 |
|                Metric/avg_self_sa_asymmetry |               0 |
|               Metric/avg_cross_sa_asymmetry |         0.00587 |
|  Metric/self_state_action_to_state_distance |        9.79e-05 |
| Metric/cross_state_action_to_state_distance |            1.05 |
|                   Metric/h_lambda_diff_self |        0.000666 |
|                  Metric/h_lambda_diff_cross |         0.00778 |
|                                 Eval/Return |             731 |
-----------------------------------------------------------------
-----------------------------------------------------------------
|                                 Train/Steps |        3.34e+06 |
|                            Loss/Loss_critic |           0.776 |
|                             Loss/Loss_actor |           -54.2 |
|                             Loss/Loss_alpha |        -0.00536 |
|               Loss/Loss_state_action_metric |         0.00211 |
|                      Loss/Loss_state_metric |        0.000733 |
|             Loss/Loss_state_action_to_state |        9.01e-05 |
|                           Loss/Act_rep_loss |         0.00176 |
|                                   SAC/Alpha |           0.177 |
|                              SAC/LogPi_mean |           0.976 |
|                                 SAC/Q1_mean |              54 |
|                                 SAC/Q2_mean |              54 |
|                            Norm/actor_model |             159 |
|                           Norm/critic_model |             195 |
|              Norm/state_action_metric_model |             128 |
|                     Norm/state_metric_model |            97.3 |
|        Norm/state_action_state_metric_model |             102 |
|                  Metric/self_state_distance |        9.81e-05 |
|                 Metric/cross_state_distance |            1.04 |
|           Metric/self_state_action_distance |         0.00106 |
|          Metric/cross_state_action_distance |            1.05 |
|             Metric/avg_self_state_asymmetry |               0 |
|            Metric/avg_cross_state_asymmetry |         0.00442 |
|                Metric/avg_self_sa_asymmetry |               0 |
|               Metric/avg_cross_sa_asymmetry |         0.00611 |
|  Metric/self_state_action_to_state_distance |        0.000177 |
| Metric/cross_state_action_to_state_distance |            1.05 |
|                   Metric/h_lambda_diff_self |        0.000949 |
|                  Metric/h_lambda_diff_cross |         0.00711 |
|                                 Eval/Return |             739 |
-----------------------------------------------------------------
-----------------------------------------------------------------
|                                 Train/Steps |        3.46e+06 |
|                            Loss/Loss_critic |           0.809 |
|                             Loss/Loss_actor |           -54.5 |
|                             Loss/Loss_alpha |        0.000568 |
|               Loss/Loss_state_action_metric |         0.00231 |
|                      Loss/Loss_state_metric |          0.0012 |
|             Loss/Loss_state_action_to_state |        7.19e-05 |
|                           Loss/Act_rep_loss |         0.00195 |
|                                   SAC/Alpha |           0.178 |
|                              SAC/LogPi_mean |           0.833 |
|                                 SAC/Q1_mean |            54.4 |
|                                 SAC/Q2_mean |            54.5 |
|                            Norm/actor_model |             162 |
|                           Norm/critic_model |             199 |
|              Norm/state_action_metric_model |             131 |
|                     Norm/state_metric_model |            99.6 |
|        Norm/state_action_state_metric_model |             105 |
|                  Metric/self_state_distance |        0.000746 |
|                 Metric/cross_state_distance |            1.04 |
|           Metric/self_state_action_distance |        0.000554 |
|          Metric/cross_state_action_distance |            1.05 |
|             Metric/avg_self_state_asymmetry |               0 |
|            Metric/avg_cross_state_asymmetry |         0.00382 |
|                Metric/avg_self_sa_asymmetry |               0 |
|               Metric/avg_cross_sa_asymmetry |         0.00621 |
|  Metric/self_state_action_to_state_distance |        0.000221 |
| Metric/cross_state_action_to_state_distance |            1.05 |
|                   Metric/h_lambda_diff_self |         0.00046 |
|                  Metric/h_lambda_diff_cross |         0.00698 |
|                                 Eval/Return |             747 |
-----------------------------------------------------------------
-----------------------------------------------------------------
|                                 Train/Steps |        3.59e+06 |
|                            Loss/Loss_critic |           0.793 |
|                             Loss/Loss_actor |           -55.7 |
|                             Loss/Loss_alpha |         -0.0093 |
|               Loss/Loss_state_action_metric |         0.00205 |
|                      Loss/Loss_state_metric |        0.000814 |
|             Loss/Loss_state_action_to_state |        8.43e-05 |
|                           Loss/Act_rep_loss |         0.00188 |
|                                   SAC/Alpha |           0.177 |
|                              SAC/LogPi_mean |            1.01 |
|                                 SAC/Q1_mean |            55.7 |
|                                 SAC/Q2_mean |            55.6 |
|                            Norm/actor_model |             166 |
|                           Norm/critic_model |             203 |
|              Norm/state_action_metric_model |             134 |
|                     Norm/state_metric_model |             102 |
|        Norm/state_action_state_metric_model |             107 |
|                  Metric/self_state_distance |        0.000253 |
|                 Metric/cross_state_distance |            1.05 |
|           Metric/self_state_action_distance |         0.00157 |
|          Metric/cross_state_action_distance |            1.05 |
|             Metric/avg_self_state_asymmetry |               0 |
|            Metric/avg_cross_state_asymmetry |         0.00438 |
|                Metric/avg_self_sa_asymmetry |               0 |
|               Metric/avg_cross_sa_asymmetry |         0.00629 |
|  Metric/self_state_action_to_state_distance |         0.00015 |
| Metric/cross_state_action_to_state_distance |            1.05 |
|                   Metric/h_lambda_diff_self |         0.00167 |
|                  Metric/h_lambda_diff_cross |         0.00687 |
|                                 Eval/Return |             734 |
-----------------------------------------------------------------
-----------------------------------------------------------------
|                                 Train/Steps |        3.72e+06 |
|                            Loss/Loss_critic |           0.775 |
|                             Loss/Loss_actor |             -56 |
|                             Loss/Loss_alpha |        -0.00274 |
|               Loss/Loss_state_action_metric |         0.00184 |
|                      Loss/Loss_state_metric |        0.000824 |
|             Loss/Loss_state_action_to_state |         7.1e-05 |
|                           Loss/Act_rep_loss |         0.00176 |
|                                   SAC/Alpha |           0.175 |
|                              SAC/LogPi_mean |           0.999 |
|                                 SAC/Q1_mean |            55.9 |
|                                 SAC/Q2_mean |            55.9 |
|                            Norm/actor_model |             169 |
|                           Norm/critic_model |             206 |
|              Norm/state_action_metric_model |             137 |
|                     Norm/state_metric_model |             104 |
|        Norm/state_action_state_metric_model |             109 |
|                  Metric/self_state_distance |        0.000254 |
|                 Metric/cross_state_distance |            1.05 |
|           Metric/self_state_action_distance |        0.000931 |
|          Metric/cross_state_action_distance |            1.05 |
|             Metric/avg_self_state_asymmetry |               0 |
|            Metric/avg_cross_state_asymmetry |          0.0046 |
|                Metric/avg_self_sa_asymmetry |               0 |
|               Metric/avg_cross_sa_asymmetry |         0.00604 |
|  Metric/self_state_action_to_state_distance |        0.000239 |
| Metric/cross_state_action_to_state_distance |            1.05 |
|                   Metric/h_lambda_diff_self |          0.0008 |
|                  Metric/h_lambda_diff_cross |         0.00671 |
|                                 Eval/Return |             735 |
-----------------------------------------------------------------
-----------------------------------------------------------------
|                                 Train/Steps |        3.85e+06 |
|                            Loss/Loss_critic |           0.601 |
|                             Loss/Loss_actor |             -57 |
|                             Loss/Loss_alpha |         0.00422 |
|               Loss/Loss_state_action_metric |         0.00243 |
|                      Loss/Loss_state_metric |         0.00155 |
|             Loss/Loss_state_action_to_state |        7.21e-05 |
|                           Loss/Act_rep_loss |         0.00166 |
|                                   SAC/Alpha |           0.175 |
|                              SAC/LogPi_mean |           0.958 |
|                                 SAC/Q1_mean |            56.9 |
|                                 SAC/Q2_mean |            56.9 |
|                            Norm/actor_model |             172 |
|                           Norm/critic_model |             210 |
|              Norm/state_action_metric_model |             140 |
|                     Norm/state_metric_model |             106 |
|        Norm/state_action_state_metric_model |             112 |
|                  Metric/self_state_distance |         0.00034 |
|                 Metric/cross_state_distance |            1.04 |
|           Metric/self_state_action_distance |        0.000457 |
|          Metric/cross_state_action_distance |            1.05 |
|             Metric/avg_self_state_asymmetry |               0 |
|            Metric/avg_cross_state_asymmetry |         0.00405 |
|                Metric/avg_self_sa_asymmetry |               0 |
|               Metric/avg_cross_sa_asymmetry |          0.0066 |
|  Metric/self_state_action_to_state_distance |        0.000165 |
| Metric/cross_state_action_to_state_distance |            1.05 |
|                   Metric/h_lambda_diff_self |        0.000391 |
|                  Metric/h_lambda_diff_cross |          0.0069 |
|                                 Eval/Return |             738 |
-----------------------------------------------------------------
-----------------------------------------------------------------
|                                 Train/Steps |        3.98e+06 |
|                            Loss/Loss_critic |           0.648 |
|                             Loss/Loss_actor |           -57.3 |
|                             Loss/Loss_alpha |         -0.0169 |
|               Loss/Loss_state_action_metric |         0.00216 |
|                      Loss/Loss_state_metric |         0.00118 |
|             Loss/Loss_state_action_to_state |        9.12e-05 |
|                           Loss/Act_rep_loss |         0.00171 |
|                                   SAC/Alpha |           0.175 |
|                              SAC/LogPi_mean |            1.15 |
|                                 SAC/Q1_mean |            57.1 |
|                                 SAC/Q2_mean |            57.1 |
|                            Norm/actor_model |             175 |
|                           Norm/critic_model |             214 |
|              Norm/state_action_metric_model |             143 |
|                     Norm/state_metric_model |             108 |
|        Norm/state_action_state_metric_model |             114 |
|                  Metric/self_state_distance |         0.00029 |
|                 Metric/cross_state_distance |            1.04 |
|           Metric/self_state_action_distance |        0.000564 |
|          Metric/cross_state_action_distance |            1.05 |
|             Metric/avg_self_state_asymmetry |               0 |
|            Metric/avg_cross_state_asymmetry |         0.00387 |
|                Metric/avg_self_sa_asymmetry |               0 |
|               Metric/avg_cross_sa_asymmetry |         0.00595 |
|  Metric/self_state_action_to_state_distance |        6.58e-05 |
| Metric/cross_state_action_to_state_distance |            1.05 |
|                   Metric/h_lambda_diff_self |        0.000508 |
|                  Metric/h_lambda_diff_cross |         0.00718 |
|                                 Eval/Return |             751 |
-----------------------------------------------------------------
-----------------------------------------------------------------
|                                 Train/Steps |         4.1e+06 |
|                            Loss/Loss_critic |            0.74 |
|                             Loss/Loss_actor |           -58.2 |
|                             Loss/Loss_alpha |         -0.0101 |
|               Loss/Loss_state_action_metric |         0.00226 |
|                      Loss/Loss_state_metric |         0.00114 |
|             Loss/Loss_state_action_to_state |        5.98e-05 |
|                           Loss/Act_rep_loss |         0.00154 |
|                                   SAC/Alpha |            0.17 |
|                              SAC/LogPi_mean |           0.923 |
|                                 SAC/Q1_mean |            58.2 |
|                                 SAC/Q2_mean |            58.2 |
|                            Norm/actor_model |             178 |
|                           Norm/critic_model |             218 |
|              Norm/state_action_metric_model |             146 |
|                     Norm/state_metric_model |             110 |
|        Norm/state_action_state_metric_model |             116 |
|                  Metric/self_state_distance |        5.34e-05 |
|                 Metric/cross_state_distance |            1.04 |
|           Metric/self_state_action_distance |        0.000465 |
|          Metric/cross_state_action_distance |            1.05 |
|             Metric/avg_self_state_asymmetry |               0 |
|            Metric/avg_cross_state_asymmetry |         0.00361 |
|                Metric/avg_self_sa_asymmetry |               0 |
|               Metric/avg_cross_sa_asymmetry |         0.00563 |
|  Metric/self_state_action_to_state_distance |        8.88e-05 |
| Metric/cross_state_action_to_state_distance |            1.05 |
|                   Metric/h_lambda_diff_self |         0.00042 |
|                  Metric/h_lambda_diff_cross |         0.00623 |
|                                 Eval/Return |             756 |
-----------------------------------------------------------------
[32mSaving model …[0m
[32mDone.[0m
[32mSaving model …[0m
[32mDone.[0m
[32mSaving model …[0m
[32mDone.[0m
[32mSaving model …[0m
[32mDone.[0m
-----------------------------------------------------------------
|                                 Train/Steps |        4.23e+06 |
|                            Loss/Loss_critic |           0.819 |
|                             Loss/Loss_actor |           -58.8 |
|                             Loss/Loss_alpha |          0.0288 |
|               Loss/Loss_state_action_metric |         0.00351 |
|                      Loss/Loss_state_metric |         0.00117 |
|             Loss/Loss_state_action_to_state |        0.000166 |
|                           Loss/Act_rep_loss |         0.00141 |
|                                   SAC/Alpha |           0.161 |
|                              SAC/LogPi_mean |           0.787 |
|                                 SAC/Q1_mean |            58.8 |
|                                 SAC/Q2_mean |            58.8 |
|                            Norm/actor_model |             181 |
|                           Norm/critic_model |             221 |
|              Norm/state_action_metric_model |             149 |
|                     Norm/state_metric_model |             112 |
|        Norm/state_action_state_metric_model |             118 |
|                  Metric/self_state_distance |        0.000215 |
|                 Metric/cross_state_distance |            1.04 |
|           Metric/self_state_action_distance |        0.000963 |
|          Metric/cross_state_action_distance |            1.05 |
|             Metric/avg_self_state_asymmetry |               0 |
|            Metric/avg_cross_state_asymmetry |         0.00371 |
|                Metric/avg_self_sa_asymmetry |               0 |
|               Metric/avg_cross_sa_asymmetry |         0.00614 |
|  Metric/self_state_action_to_state_distance |        8.68e-05 |
| Metric/cross_state_action_to_state_distance |            1.05 |
|                   Metric/h_lambda_diff_self |        0.000937 |
|                  Metric/h_lambda_diff_cross |         0.00628 |
|                                 Eval/Return |             748 |
-----------------------------------------------------------------
-----------------------------------------------------------------
|                                 Train/Steps |        4.36e+06 |
|                            Loss/Loss_critic |           0.776 |
|                             Loss/Loss_actor |           -59.6 |
|                             Loss/Loss_alpha |          0.0284 |
|               Loss/Loss_state_action_metric |         0.00254 |
|                      Loss/Loss_state_metric |          0.0015 |
|             Loss/Loss_state_action_to_state |        9.04e-05 |
|                           Loss/Act_rep_loss |         0.00187 |
|                                   SAC/Alpha |           0.157 |
|                              SAC/LogPi_mean |           0.737 |
|                                 SAC/Q1_mean |            59.5 |
|                                 SAC/Q2_mean |            59.5 |
|                            Norm/actor_model |             184 |
|                           Norm/critic_model |             224 |
|              Norm/state_action_metric_model |             151 |
|                     Norm/state_metric_model |             114 |
|        Norm/state_action_state_metric_model |             120 |
|                  Metric/self_state_distance |        9.89e-05 |
|                 Metric/cross_state_distance |            1.04 |
|           Metric/self_state_action_distance |        0.000246 |
|          Metric/cross_state_action_distance |            1.04 |
|             Metric/avg_self_state_asymmetry |               0 |
|            Metric/avg_cross_state_asymmetry |         0.00357 |
|                Metric/avg_self_sa_asymmetry |               0 |
|               Metric/avg_cross_sa_asymmetry |         0.00542 |
|  Metric/self_state_action_to_state_distance |         0.00012 |
| Metric/cross_state_action_to_state_distance |            1.04 |
|                   Metric/h_lambda_diff_self |        0.000307 |
|                  Metric/h_lambda_diff_cross |         0.00654 |
|                                 Eval/Return |             766 |
-----------------------------------------------------------------
-----------------------------------------------------------------
|                                 Train/Steps |        4.49e+06 |
|                            Loss/Loss_critic |           0.771 |
|                             Loss/Loss_actor |           -60.3 |
|                             Loss/Loss_alpha |         0.00722 |
|               Loss/Loss_state_action_metric |         0.00272 |
|                      Loss/Loss_state_metric |         0.00143 |
|             Loss/Loss_state_action_to_state |        5.13e-05 |
|                           Loss/Act_rep_loss |         0.00245 |
|                                   SAC/Alpha |            0.16 |
|                              SAC/LogPi_mean |            1.01 |
|                                 SAC/Q1_mean |            60.3 |
|                                 SAC/Q2_mean |            60.4 |
|                            Norm/actor_model |             187 |
|                           Norm/critic_model |             227 |
|              Norm/state_action_metric_model |             154 |
|                     Norm/state_metric_model |             116 |
|        Norm/state_action_state_metric_model |             122 |
|                  Metric/self_state_distance |        0.000494 |
|                 Metric/cross_state_distance |            1.04 |
|           Metric/self_state_action_distance |         0.00166 |
|          Metric/cross_state_action_distance |            1.04 |
|             Metric/avg_self_state_asymmetry |               0 |
|            Metric/avg_cross_state_asymmetry |         0.00388 |
|                Metric/avg_self_sa_asymmetry |               0 |
|               Metric/avg_cross_sa_asymmetry |         0.00641 |
|  Metric/self_state_action_to_state_distance |        1.13e-05 |
| Metric/cross_state_action_to_state_distance |            1.04 |
|                   Metric/h_lambda_diff_self |         0.00165 |
|                  Metric/h_lambda_diff_cross |         0.00609 |
|                                 Eval/Return |             743 |
-----------------------------------------------------------------
-----------------------------------------------------------------
|                                 Train/Steps |        4.62e+06 |
|                            Loss/Loss_critic |           0.939 |
|                             Loss/Loss_actor |             -61 |
|                             Loss/Loss_alpha |         0.00283 |
|               Loss/Loss_state_action_metric |         0.00183 |
|                      Loss/Loss_state_metric |        0.000645 |
|             Loss/Loss_state_action_to_state |        5.51e-05 |
|                           Loss/Act_rep_loss |         0.00298 |
|                                   SAC/Alpha |           0.151 |
|                              SAC/LogPi_mean |            1.09 |
|                                 SAC/Q1_mean |              61 |
|                                 SAC/Q2_mean |              61 |
|                            Norm/actor_model |             190 |
|                           Norm/critic_model |             231 |
|              Norm/state_action_metric_model |             157 |
|                     Norm/state_metric_model |             118 |
|        Norm/state_action_state_metric_model |             124 |
|                  Metric/self_state_distance |        0.000108 |
|                 Metric/cross_state_distance |            1.04 |
|           Metric/self_state_action_distance |        0.000349 |
|          Metric/cross_state_action_distance |            1.05 |
|             Metric/avg_self_state_asymmetry |               0 |
|            Metric/avg_cross_state_asymmetry |         0.00367 |
|                Metric/avg_self_sa_asymmetry |               0 |
|               Metric/avg_cross_sa_asymmetry |         0.00575 |
|  Metric/self_state_action_to_state_distance |        0.000276 |
| Metric/cross_state_action_to_state_distance |            1.04 |
|                   Metric/h_lambda_diff_self |        0.000219 |
|                  Metric/h_lambda_diff_cross |         0.00597 |
|                                 Eval/Return |             767 |
-----------------------------------------------------------------
-----------------------------------------------------------------
|                                 Train/Steps |        4.74e+06 |
|                            Loss/Loss_critic |            0.93 |
|                             Loss/Loss_actor |           -61.5 |
|                             Loss/Loss_alpha |        -0.00956 |
|               Loss/Loss_state_action_metric |         0.00174 |
|                      Loss/Loss_state_metric |        0.000866 |
|             Loss/Loss_state_action_to_state |        0.000275 |
|                           Loss/Act_rep_loss |         0.00293 |
|                                   SAC/Alpha |           0.151 |
|                              SAC/LogPi_mean |            1.09 |
|                                 SAC/Q1_mean |            61.5 |
|                                 SAC/Q2_mean |            61.5 |
|                            Norm/actor_model |             192 |
|                           Norm/critic_model |             234 |
|              Norm/state_action_metric_model |             160 |
|                     Norm/state_metric_model |             120 |
|        Norm/state_action_state_metric_model |             126 |
|                  Metric/self_state_distance |         5.5e-05 |
|                 Metric/cross_state_distance |            1.04 |
|           Metric/self_state_action_distance |        0.000407 |
|          Metric/cross_state_action_distance |            1.04 |
|             Metric/avg_self_state_asymmetry |               0 |
|            Metric/avg_cross_state_asymmetry |         0.00368 |
|                Metric/avg_self_sa_asymmetry |               0 |
|               Metric/avg_cross_sa_asymmetry |         0.00576 |
|  Metric/self_state_action_to_state_distance |        2.25e-05 |
| Metric/cross_state_action_to_state_distance |            1.04 |
|                   Metric/h_lambda_diff_self |        0.000409 |
|                  Metric/h_lambda_diff_cross |         0.00683 |
|                                 Eval/Return |             769 |
-----------------------------------------------------------------
-----------------------------------------------------------------
|                                 Train/Steps |        4.87e+06 |
|                            Loss/Loss_critic |           0.734 |
|                             Loss/Loss_actor |           -61.9 |
|                             Loss/Loss_alpha |        -0.00706 |
|               Loss/Loss_state_action_metric |         0.00156 |
|                      Loss/Loss_state_metric |        0.000584 |
|             Loss/Loss_state_action_to_state |        5.39e-05 |
|                           Loss/Act_rep_loss |         0.00211 |
|                                   SAC/Alpha |           0.147 |
|                              SAC/LogPi_mean |            1.06 |
|                                 SAC/Q1_mean |              62 |
|                                 SAC/Q2_mean |            61.9 |
|                            Norm/actor_model |             195 |
|                           Norm/critic_model |             238 |
|              Norm/state_action_metric_model |             162 |
|                     Norm/state_metric_model |             122 |
|        Norm/state_action_state_metric_model |             127 |
|                  Metric/self_state_distance |        0.000141 |
|                 Metric/cross_state_distance |            1.03 |
|           Metric/self_state_action_distance |        0.000287 |
|          Metric/cross_state_action_distance |            1.04 |
|             Metric/avg_self_state_asymmetry |               0 |
|            Metric/avg_cross_state_asymmetry |         0.00368 |
|                Metric/avg_self_sa_asymmetry |               0 |
|               Metric/avg_cross_sa_asymmetry |         0.00569 |
|  Metric/self_state_action_to_state_distance |        9.33e-05 |
| Metric/cross_state_action_to_state_distance |            1.04 |
|                   Metric/h_lambda_diff_self |        0.000238 |
|                  Metric/h_lambda_diff_cross |         0.00641 |
|                                 Eval/Return |             769 |
-----------------------------------------------------------------
-----------------------------------------------------------------
|                                 Train/Steps |           5e+06 |
|                            Loss/Loss_critic |           0.854 |
|                             Loss/Loss_actor |           -62.6 |
|                             Loss/Loss_alpha |        0.000754 |
|               Loss/Loss_state_action_metric |          0.0021 |
|                      Loss/Loss_state_metric |        0.000968 |
|             Loss/Loss_state_action_to_state |        5.87e-05 |
|                           Loss/Act_rep_loss |          0.0032 |
|                                   SAC/Alpha |           0.148 |
|                              SAC/LogPi_mean |               1 |
|                                 SAC/Q1_mean |            62.7 |
|                                 SAC/Q2_mean |            62.7 |
|                            Norm/actor_model |             198 |
|                           Norm/critic_model |             241 |
|              Norm/state_action_metric_model |             165 |
|                     Norm/state_metric_model |             123 |
|        Norm/state_action_state_metric_model |             129 |
|                  Metric/self_state_distance |        0.000168 |
|                 Metric/cross_state_distance |            1.03 |
|           Metric/self_state_action_distance |        0.000355 |
|          Metric/cross_state_action_distance |            1.04 |
|             Metric/avg_self_state_asymmetry |               0 |
|            Metric/avg_cross_state_asymmetry |         0.00388 |
|                Metric/avg_self_sa_asymmetry |               0 |
|               Metric/avg_cross_sa_asymmetry |         0.00583 |
|  Metric/self_state_action_to_state_distance |        0.000239 |
| Metric/cross_state_action_to_state_distance |            1.04 |
|                   Metric/h_lambda_diff_self |        0.000388 |
|                  Metric/h_lambda_diff_cross |         0.00646 |
|                                 Eval/Return |             772 |
-----------------------------------------------------------------
[32mSaving model …[0m
[32mDone.[0m
[32mSaving model …[0m
[32mDone.[0m
