E0920 21:30:39.922140 2686303 cuda_executor.cc:1526] Could not get kernel mode driver version: (INVALID_ARGUMENT: Version does not match the format X.Y.Z)
E0920 21:30:39.930624 2686193 cuda_executor.cc:1526] Could not get kernel mode driver version: (INVALID_ARGUMENT: Version does not match the format X.Y.Z)
[32mStart prefilling replay buffer[0m
[32mStart SAC training[0m
[32m{'log_freq': 1000, 'save_freq': 1000000, 'eval_episode_freq': 10, 'hidden_size': 256, 'lr': 0.001, 'max_grad_norm': 0.0, 'gamma': 0.99, 'update_tau': 0.005, 'train_per_step': 8, 'episode_length': 1000, 'warmup_samples': 8192, 'max_replay_size': 4000000, 'batch_size': 512, 'total_env_steps': 5000000, 'init_temperature': 0.1, 'nstep': 3, 'bootstrap_on_truncation': True, 'rep_lr_scale': 1.5, 'vis_feq': 100000, 'n_vis_frames': 4, 'num_envs': 128, 'grad_steps': 50, 'transfer_freq': 10, 'transfer_steps': 8, 'reward_scaling': 1.0, 'num_eval_envs': 128, 'target_entropy': -3.0}[0m
[32m[nstep] nstep=3 bootstrap_on_truncation=True (discount from the buffer already contains gamma^nstep)[0m
-----------------------------------------------------------------
|                                 Train/Steps |        1.36e+05 |
|                            Loss/Loss_critic |          0.0832 |
|                             Loss/Loss_actor |           -11.8 |
|                             Loss/Loss_alpha |         -0.0118 |
|               Loss/Loss_state_action_metric |        0.000747 |
|                      Loss/Loss_state_metric |        0.000474 |
|             Loss/Loss_state_action_to_state |         2.3e-05 |
|                           Loss/Act_rep_loss |           0.224 |
|                                   SAC/Alpha |          0.0136 |
|                              SAC/LogPi_mean |            3.84 |
|                                 SAC/Q1_mean |            11.6 |
|                                 SAC/Q2_mean |            11.6 |
|                            Norm/actor_model |            45.2 |
|                           Norm/critic_model |            51.2 |
|              Norm/state_action_metric_model |            31.3 |
|                     Norm/state_metric_model |            31.4 |
|        Norm/state_action_state_metric_model |            31.1 |
|                  Metric/self_state_distance |         0.00159 |
|                 Metric/cross_state_distance |            0.97 |
|           Metric/self_state_action_distance |        0.000728 |
|          Metric/cross_state_action_distance |           0.961 |
|             Metric/avg_self_state_asymmetry |               0 |
|            Metric/avg_cross_state_asymmetry |         0.00161 |
|                Metric/avg_self_sa_asymmetry |               0 |
|               Metric/avg_cross_sa_asymmetry |         0.00308 |
|  Metric/self_state_action_to_state_distance |        0.000433 |
| Metric/cross_state_action_to_state_distance |           0.958 |
|                   Metric/h_lambda_diff_self |        0.000797 |
|                  Metric/h_lambda_diff_cross |         0.00436 |
|                                 Eval/Return |             421 |
-----------------------------------------------------------------
-----------------------------------------------------------------
|                                 Train/Steps |        2.64e+05 |
|                            Loss/Loss_critic |           0.245 |
|                             Loss/Loss_actor |           -29.7 |
|                             Loss/Loss_alpha |        -0.00194 |
|               Loss/Loss_state_action_metric |         0.00202 |
|                      Loss/Loss_state_metric |         0.00147 |
|             Loss/Loss_state_action_to_state |        1.99e-05 |
|                           Loss/Act_rep_loss |           0.187 |
|                                   SAC/Alpha |          0.0205 |
|                              SAC/LogPi_mean |            3.01 |
|                                 SAC/Q1_mean |            29.5 |
|                                 SAC/Q2_mean |            29.6 |
|                            Norm/actor_model |            60.8 |
|                           Norm/critic_model |            68.3 |
|              Norm/state_action_metric_model |            33.4 |
|                     Norm/state_metric_model |            33.5 |
|        Norm/state_action_state_metric_model |            33.1 |
|                  Metric/self_state_distance |         0.00139 |
|                 Metric/cross_state_distance |           0.995 |
|           Metric/self_state_action_distance |         0.00116 |
|          Metric/cross_state_action_distance |           0.994 |
|             Metric/avg_self_state_asymmetry |               0 |
|            Metric/avg_cross_state_asymmetry |          0.0016 |
|                Metric/avg_self_sa_asymmetry |               0 |
|               Metric/avg_cross_sa_asymmetry |          0.0037 |
|  Metric/self_state_action_to_state_distance |        0.000116 |
| Metric/cross_state_action_to_state_distance |           0.992 |
|                   Metric/h_lambda_diff_self |         0.00105 |
|                  Metric/h_lambda_diff_cross |         0.00418 |
|                                 Eval/Return |             770 |
-----------------------------------------------------------------
-----------------------------------------------------------------
|                                 Train/Steps |        3.92e+05 |
|                            Loss/Loss_critic |           0.168 |
|                             Loss/Loss_actor |           -45.9 |
|                             Loss/Loss_alpha |        -0.00483 |
|               Loss/Loss_state_action_metric |         0.00177 |
|                      Loss/Loss_state_metric |         0.00131 |
|             Loss/Loss_state_action_to_state |        3.48e-05 |
|                           Loss/Act_rep_loss |           0.182 |
|                                   SAC/Alpha |          0.0245 |
|                              SAC/LogPi_mean |            2.94 |
|                                 SAC/Q1_mean |            45.8 |
|                                 SAC/Q2_mean |            45.8 |
|                            Norm/actor_model |            70.2 |
|                           Norm/critic_model |            79.4 |
|              Norm/state_action_metric_model |            35.1 |
|                     Norm/state_metric_model |            35.9 |
|        Norm/state_action_state_metric_model |            35.4 |
|                  Metric/self_state_distance |         0.00129 |
|                 Metric/cross_state_distance |            1.01 |
|           Metric/self_state_action_distance |        0.000886 |
|          Metric/cross_state_action_distance |               1 |
|             Metric/avg_self_state_asymmetry |               0 |
|            Metric/avg_cross_state_asymmetry |         0.00268 |
|                Metric/avg_self_sa_asymmetry |               0 |
|               Metric/avg_cross_sa_asymmetry |         0.00271 |
|  Metric/self_state_action_to_state_distance |          0.0008 |
| Metric/cross_state_action_to_state_distance |               1 |
|                   Metric/h_lambda_diff_self |         0.00153 |
|                  Metric/h_lambda_diff_cross |         0.00392 |
|                                 Eval/Return |             813 |
-----------------------------------------------------------------
-----------------------------------------------------------------
|                                 Train/Steps |         5.2e+05 |
|                            Loss/Loss_critic |           0.138 |
|                             Loss/Loss_actor |           -57.4 |
|                             Loss/Loss_alpha |         0.00602 |
|               Loss/Loss_state_action_metric |         0.00274 |
|                      Loss/Loss_state_metric |         0.00215 |
|             Loss/Loss_state_action_to_state |        1.65e-05 |
|                           Loss/Act_rep_loss |           0.169 |
|                                   SAC/Alpha |          0.0239 |
|                              SAC/LogPi_mean |            2.84 |
|                                 SAC/Q1_mean |            57.4 |
|                                 SAC/Q2_mean |            57.3 |
|                            Norm/actor_model |            76.7 |
|                           Norm/critic_model |            87.3 |
|              Norm/state_action_metric_model |            37.5 |
|                     Norm/state_metric_model |            38.2 |
|        Norm/state_action_state_metric_model |            37.5 |
|                  Metric/self_state_distance |        0.000649 |
|                 Metric/cross_state_distance |           0.998 |
|           Metric/self_state_action_distance |         0.00033 |
|          Metric/cross_state_action_distance |           0.993 |
|             Metric/avg_self_state_asymmetry |               0 |
|            Metric/avg_cross_state_asymmetry |         0.00338 |
|                Metric/avg_self_sa_asymmetry |               0 |
|               Metric/avg_cross_sa_asymmetry |         0.00293 |
|  Metric/self_state_action_to_state_distance |        4.16e-05 |
| Metric/cross_state_action_to_state_distance |           0.998 |
|                   Metric/h_lambda_diff_self |        0.000327 |
|                  Metric/h_lambda_diff_cross |         0.00615 |
|                                 Eval/Return |             828 |
-----------------------------------------------------------------
-----------------------------------------------------------------
|                                 Train/Steps |        6.48e+05 |
|                            Loss/Loss_critic |           0.183 |
|                             Loss/Loss_actor |           -63.9 |
|                             Loss/Loss_alpha |        -0.00643 |
|               Loss/Loss_state_action_metric |         0.00233 |
|                      Loss/Loss_state_metric |           0.001 |
|             Loss/Loss_state_action_to_state |        1.88e-05 |
|                           Loss/Act_rep_loss |            0.14 |
|                                   SAC/Alpha |          0.0225 |
|                              SAC/LogPi_mean |            3.24 |
|                                 SAC/Q1_mean |            63.9 |
|                                 SAC/Q2_mean |            63.8 |
|                            Norm/actor_model |            82.2 |
|                           Norm/critic_model |            93.4 |
|              Norm/state_action_metric_model |              40 |
|                     Norm/state_metric_model |            40.8 |
|        Norm/state_action_state_metric_model |            39.9 |
|                  Metric/self_state_distance |        0.000653 |
|                 Metric/cross_state_distance |               1 |
|           Metric/self_state_action_distance |        0.000664 |
|          Metric/cross_state_action_distance |            1.01 |
|             Metric/avg_self_state_asymmetry |               0 |
|            Metric/avg_cross_state_asymmetry |         0.00192 |
|                Metric/avg_self_sa_asymmetry |               0 |
|               Metric/avg_cross_sa_asymmetry |         0.00289 |
|  Metric/self_state_action_to_state_distance |        0.000263 |
| Metric/cross_state_action_to_state_distance |               1 |
|                   Metric/h_lambda_diff_self |        0.000857 |
|                  Metric/h_lambda_diff_cross |         0.00546 |
|                                 Eval/Return |             832 |
-----------------------------------------------------------------
-----------------------------------------------------------------
|                                 Train/Steps |        7.76e+05 |
|                            Loss/Loss_critic |           0.207 |
|                             Loss/Loss_actor |           -67.7 |
|                             Loss/Loss_alpha |        -0.00403 |
|               Loss/Loss_state_action_metric |         0.00232 |
|                      Loss/Loss_state_metric |         0.00107 |
|             Loss/Loss_state_action_to_state |        2.03e-05 |
|                           Loss/Act_rep_loss |           0.146 |
|                                   SAC/Alpha |          0.0207 |
|                              SAC/LogPi_mean |            3.31 |
|                                 SAC/Q1_mean |            67.7 |
|                                 SAC/Q2_mean |            67.7 |
|                            Norm/actor_model |            86.9 |
|                           Norm/critic_model |            98.5 |
|              Norm/state_action_metric_model |            42.4 |
|                     Norm/state_metric_model |            42.8 |
|        Norm/state_action_state_metric_model |            42.3 |
|                  Metric/self_state_distance |        1.87e-05 |
|                 Metric/cross_state_distance |           0.997 |
|           Metric/self_state_action_distance |        0.000838 |
|          Metric/cross_state_action_distance |               1 |
|             Metric/avg_self_state_asymmetry |               0 |
|            Metric/avg_cross_state_asymmetry |         0.00319 |
|                Metric/avg_self_sa_asymmetry |               0 |
|               Metric/avg_cross_sa_asymmetry |         0.00223 |
|  Metric/self_state_action_to_state_distance |        3.88e-05 |
| Metric/cross_state_action_to_state_distance |           0.997 |
|                   Metric/h_lambda_diff_self |        0.000864 |
|                  Metric/h_lambda_diff_cross |         0.00416 |
|                                 Eval/Return |             847 |
-----------------------------------------------------------------
-----------------------------------------------------------------
|                                 Train/Steps |        9.04e+05 |
|                            Loss/Loss_critic |           0.102 |
|                             Loss/Loss_actor |           -71.2 |
|                             Loss/Loss_alpha |         -0.0117 |
|               Loss/Loss_state_action_metric |         0.00281 |
|                      Loss/Loss_state_metric |         0.00192 |
|             Loss/Loss_state_action_to_state |        1.12e-05 |
|                           Loss/Act_rep_loss |           0.149 |
|                                   SAC/Alpha |          0.0193 |
|                              SAC/LogPi_mean |            3.36 |
|                                 SAC/Q1_mean |            71.1 |
|                                 SAC/Q2_mean |            71.2 |
|                            Norm/actor_model |            91.1 |
|                           Norm/critic_model |             103 |
|              Norm/state_action_metric_model |            44.5 |
|                     Norm/state_metric_model |            45.5 |
|        Norm/state_action_state_metric_model |            44.7 |
|                  Metric/self_state_distance |        0.000108 |
|                 Metric/cross_state_distance |           0.993 |
|           Metric/self_state_action_distance |        0.000225 |
|          Metric/cross_state_action_distance |           0.989 |
|             Metric/avg_self_state_asymmetry |               0 |
|            Metric/avg_cross_state_asymmetry |         0.00384 |
|                Metric/avg_self_sa_asymmetry |               0 |
|               Metric/avg_cross_sa_asymmetry |         0.00187 |
|  Metric/self_state_action_to_state_distance |        1.84e-06 |
| Metric/cross_state_action_to_state_distance |           0.989 |
|                   Metric/h_lambda_diff_self |        0.000224 |
|                  Metric/h_lambda_diff_cross |          0.0027 |
|                                 Eval/Return |             876 |
-----------------------------------------------------------------
-----------------------------------------------------------------
|                                 Train/Steps |        1.03e+06 |
|                            Loss/Loss_critic |           0.102 |
|                             Loss/Loss_actor |           -72.3 |
|                             Loss/Loss_alpha |         -0.0066 |
|               Loss/Loss_state_action_metric |         0.00568 |
|                      Loss/Loss_state_metric |         0.00115 |
|             Loss/Loss_state_action_to_state |         4.4e-05 |
|                           Loss/Act_rep_loss |           0.134 |
|                                   SAC/Alpha |          0.0192 |
|                              SAC/LogPi_mean |            3.26 |
|                                 SAC/Q1_mean |            72.3 |
|                                 SAC/Q2_mean |            72.2 |
|                            Norm/actor_model |            94.8 |
|                           Norm/critic_model |             107 |
|              Norm/state_action_metric_model |            47.4 |
|                     Norm/state_metric_model |            48.6 |
|        Norm/state_action_state_metric_model |            47.2 |
|                  Metric/self_state_distance |        4.86e-05 |
|                 Metric/cross_state_distance |           0.999 |
|           Metric/self_state_action_distance |         0.00126 |
|          Metric/cross_state_action_distance |           0.993 |
|             Metric/avg_self_state_asymmetry |               0 |
|            Metric/avg_cross_state_asymmetry |         0.00216 |
|                Metric/avg_self_sa_asymmetry |               0 |
|               Metric/avg_cross_sa_asymmetry |         0.00183 |
|  Metric/self_state_action_to_state_distance |        2.16e-05 |
| Metric/cross_state_action_to_state_distance |           0.994 |
|                   Metric/h_lambda_diff_self |         0.00124 |
|                  Metric/h_lambda_diff_cross |         0.00516 |
|                                 Eval/Return |             867 |
-----------------------------------------------------------------
[32mSaving model …[0m
[32mDone.[0m
[32mSaving model …[0m
[32mDone.[0m
[32mSaving model …[0m
[32mDone.[0m
[32mSaving model …[0m
[32mDone.[0m
-----------------------------------------------------------------
|                                 Train/Steps |        1.16e+06 |
|                            Loss/Loss_critic |           0.103 |
|                             Loss/Loss_actor |           -75.6 |
|                             Loss/Loss_alpha |         0.00127 |
|               Loss/Loss_state_action_metric |          0.0018 |
|                      Loss/Loss_state_metric |         0.00141 |
|             Loss/Loss_state_action_to_state |         5.5e-06 |
|                           Loss/Act_rep_loss |           0.149 |
|                                   SAC/Alpha |          0.0196 |
|                              SAC/LogPi_mean |            2.87 |
|                                 SAC/Q1_mean |            75.6 |
|                                 SAC/Q2_mean |            75.6 |
|                            Norm/actor_model |            98.3 |
|                           Norm/critic_model |             111 |
|              Norm/state_action_metric_model |            49.4 |
|                     Norm/state_metric_model |              51 |
|        Norm/state_action_state_metric_model |            50.1 |
|                  Metric/self_state_distance |        0.000238 |
|                 Metric/cross_state_distance |            0.99 |
|           Metric/self_state_action_distance |        0.000196 |
|          Metric/cross_state_action_distance |           0.987 |
|             Metric/avg_self_state_asymmetry |               0 |
|            Metric/avg_cross_state_asymmetry |         0.00182 |
|                Metric/avg_self_sa_asymmetry |               0 |
|               Metric/avg_cross_sa_asymmetry |         0.00153 |
|  Metric/self_state_action_to_state_distance |        2.51e-05 |
| Metric/cross_state_action_to_state_distance |           0.986 |
|                   Metric/h_lambda_diff_self |        0.000191 |
|                  Metric/h_lambda_diff_cross |         0.00222 |
|                                 Eval/Return |             869 |
-----------------------------------------------------------------
-----------------------------------------------------------------
|                                 Train/Steps |        1.29e+06 |
|                            Loss/Loss_critic |           0.133 |
|                             Loss/Loss_actor |           -75.8 |
|                             Loss/Loss_alpha |        0.000233 |
|               Loss/Loss_state_action_metric |         0.00171 |
|                      Loss/Loss_state_metric |        0.000998 |
|             Loss/Loss_state_action_to_state |        7.28e-06 |
|                           Loss/Act_rep_loss |           0.146 |
|                                   SAC/Alpha |          0.0189 |
|                              SAC/LogPi_mean |            2.99 |
|                                 SAC/Q1_mean |            75.8 |
|                                 SAC/Q2_mean |            75.8 |
|                            Norm/actor_model |             102 |
|                           Norm/critic_model |             115 |
|              Norm/state_action_metric_model |              52 |
|                     Norm/state_metric_model |            54.2 |
|        Norm/state_action_state_metric_model |            52.3 |
|                  Metric/self_state_distance |        0.000163 |
|                 Metric/cross_state_distance |           0.988 |
|           Metric/self_state_action_distance |         0.00126 |
|          Metric/cross_state_action_distance |           0.986 |
|             Metric/avg_self_state_asymmetry |               0 |
|            Metric/avg_cross_state_asymmetry |         0.00173 |
|                Metric/avg_self_sa_asymmetry |               0 |
|               Metric/avg_cross_sa_asymmetry |         0.00187 |
|  Metric/self_state_action_to_state_distance |        3.21e-05 |
| Metric/cross_state_action_to_state_distance |           0.985 |
|                   Metric/h_lambda_diff_self |         0.00123 |
|                  Metric/h_lambda_diff_cross |         0.00243 |
|                                 Eval/Return |             900 |
-----------------------------------------------------------------
-----------------------------------------------------------------
|                                 Train/Steps |        1.42e+06 |
|                            Loss/Loss_critic |          0.0888 |
|                             Loss/Loss_actor |           -76.6 |
|                             Loss/Loss_alpha |         0.00145 |
|               Loss/Loss_state_action_metric |         0.00196 |
|                      Loss/Loss_state_metric |         0.00111 |
|             Loss/Loss_state_action_to_state |         8.1e-06 |
|                           Loss/Act_rep_loss |           0.153 |
|                                   SAC/Alpha |          0.0197 |
|                              SAC/LogPi_mean |            2.82 |
|                                 SAC/Q1_mean |            76.6 |
|                                 SAC/Q2_mean |            76.6 |
|                            Norm/actor_model |             105 |
|                           Norm/critic_model |             119 |
|              Norm/state_action_metric_model |            54.3 |
|                     Norm/state_metric_model |            56.7 |
|        Norm/state_action_state_metric_model |            54.8 |
|                  Metric/self_state_distance |        7.08e-05 |
|                 Metric/cross_state_distance |           0.995 |
|           Metric/self_state_action_distance |        0.000737 |
|          Metric/cross_state_action_distance |           0.995 |
|             Metric/avg_self_state_asymmetry |               0 |
|            Metric/avg_cross_state_asymmetry |         0.00177 |
|                Metric/avg_self_sa_asymmetry |               0 |
|               Metric/avg_cross_sa_asymmetry |         0.00167 |
|  Metric/self_state_action_to_state_distance |        1.14e-07 |
| Metric/cross_state_action_to_state_distance |           0.993 |
|                   Metric/h_lambda_diff_self |        0.000737 |
|                  Metric/h_lambda_diff_cross |         0.00317 |
|                                 Eval/Return |             900 |
-----------------------------------------------------------------
-----------------------------------------------------------------
|                                 Train/Steps |        1.54e+06 |
|                            Loss/Loss_critic |           0.125 |
|                             Loss/Loss_actor |           -78.2 |
|                             Loss/Loss_alpha |        -0.00463 |
|               Loss/Loss_state_action_metric |          0.0018 |
|                      Loss/Loss_state_metric |         0.00221 |
|             Loss/Loss_state_action_to_state |        1.45e-05 |
|                           Loss/Act_rep_loss |           0.173 |
|                                   SAC/Alpha |          0.0203 |
|                              SAC/LogPi_mean |            3.09 |
|                                 SAC/Q1_mean |            78.2 |
|                                 SAC/Q2_mean |            78.2 |
|                            Norm/actor_model |             107 |
|                           Norm/critic_model |             123 |
|              Norm/state_action_metric_model |            55.9 |
|                     Norm/state_metric_model |            58.8 |
|        Norm/state_action_state_metric_model |            57.3 |
|                  Metric/self_state_distance |        1.75e-05 |
|                 Metric/cross_state_distance |           0.986 |
|           Metric/self_state_action_distance |        0.000677 |
|          Metric/cross_state_action_distance |           0.985 |
|             Metric/avg_self_state_asymmetry |               0 |
|            Metric/avg_cross_state_asymmetry |         0.00135 |
|                Metric/avg_self_sa_asymmetry |               0 |
|               Metric/avg_cross_sa_asymmetry |         0.00167 |
|  Metric/self_state_action_to_state_distance |        0.000203 |
| Metric/cross_state_action_to_state_distance |           0.984 |
|                   Metric/h_lambda_diff_self |        0.000658 |
|                  Metric/h_lambda_diff_cross |         0.00202 |
|                                 Eval/Return |             906 |
-----------------------------------------------------------------
-----------------------------------------------------------------
|                                 Train/Steps |        1.67e+06 |
|                            Loss/Loss_critic |           0.123 |
|                             Loss/Loss_actor |           -79.3 |
|                             Loss/Loss_alpha |        -0.00126 |
|               Loss/Loss_state_action_metric |         0.00291 |
|                      Loss/Loss_state_metric |         0.00247 |
|             Loss/Loss_state_action_to_state |        0.000736 |
|                           Loss/Act_rep_loss |           0.173 |
|                                   SAC/Alpha |          0.0205 |
|                              SAC/LogPi_mean |            3.14 |
|                                 SAC/Q1_mean |            79.4 |
|                                 SAC/Q2_mean |            79.2 |
|                            Norm/actor_model |             110 |
|                           Norm/critic_model |             127 |
|              Norm/state_action_metric_model |            58.3 |
|                     Norm/state_metric_model |            61.8 |
|        Norm/state_action_state_metric_model |            59.5 |
|                  Metric/self_state_distance |        0.000353 |
|                 Metric/cross_state_distance |           0.983 |
|           Metric/self_state_action_distance |        0.000387 |
|          Metric/cross_state_action_distance |            0.98 |
|             Metric/avg_self_state_asymmetry |               0 |
|            Metric/avg_cross_state_asymmetry |         0.00148 |
|                Metric/avg_self_sa_asymmetry |               0 |
|               Metric/avg_cross_sa_asymmetry |         0.00188 |
|  Metric/self_state_action_to_state_distance |        8.49e-05 |
| Metric/cross_state_action_to_state_distance |           0.978 |
|                   Metric/h_lambda_diff_self |        0.000361 |
|                  Metric/h_lambda_diff_cross |         0.00535 |
|                                 Eval/Return |             906 |
-----------------------------------------------------------------
-----------------------------------------------------------------
|                                 Train/Steps |         1.8e+06 |
|                            Loss/Loss_critic |          0.0941 |
|                             Loss/Loss_actor |           -82.4 |
|                             Loss/Loss_alpha |          0.0049 |
|               Loss/Loss_state_action_metric |         0.00197 |
|                      Loss/Loss_state_metric |         0.00137 |
|             Loss/Loss_state_action_to_state |        5.53e-05 |
|                           Loss/Act_rep_loss |           0.169 |
|                                   SAC/Alpha |          0.0199 |
|                              SAC/LogPi_mean |            2.81 |
|                                 SAC/Q1_mean |            82.4 |
|                                 SAC/Q2_mean |            82.4 |
|                            Norm/actor_model |             113 |
|                           Norm/critic_model |             131 |
|              Norm/state_action_metric_model |            60.3 |
|                     Norm/state_metric_model |            63.9 |
|        Norm/state_action_state_metric_model |            61.8 |
|                  Metric/self_state_distance |        0.000106 |
|                 Metric/cross_state_distance |           0.987 |
|           Metric/self_state_action_distance |         0.00109 |
|          Metric/cross_state_action_distance |           0.985 |
|             Metric/avg_self_state_asymmetry |               0 |
|            Metric/avg_cross_state_asymmetry |         0.00148 |
|                Metric/avg_self_sa_asymmetry |               0 |
|               Metric/avg_cross_sa_asymmetry |         0.00229 |
|  Metric/self_state_action_to_state_distance |        3.71e-05 |
| Metric/cross_state_action_to_state_distance |           0.982 |
|                   Metric/h_lambda_diff_self |         0.00109 |
|                  Metric/h_lambda_diff_cross |         0.00325 |
|                                 Eval/Return |             908 |
-----------------------------------------------------------------
-----------------------------------------------------------------
|                                 Train/Steps |        1.93e+06 |
|                            Loss/Loss_critic |           0.136 |
|                             Loss/Loss_actor |           -82.2 |
|                             Loss/Loss_alpha |        -0.00436 |
|               Loss/Loss_state_action_metric |         0.00253 |
|                      Loss/Loss_state_metric |         0.00133 |
|             Loss/Loss_state_action_to_state |        5.78e-06 |
|                           Loss/Act_rep_loss |           0.182 |
|                                   SAC/Alpha |          0.0194 |
|                              SAC/LogPi_mean |            3.28 |
|                                 SAC/Q1_mean |            82.2 |
|                                 SAC/Q2_mean |            82.2 |
|                            Norm/actor_model |             116 |
|                           Norm/critic_model |             134 |
|              Norm/state_action_metric_model |            62.4 |
|                     Norm/state_metric_model |            66.2 |
|        Norm/state_action_state_metric_model |            63.8 |
|                  Metric/self_state_distance |        0.000118 |
|                 Metric/cross_state_distance |           0.984 |
|           Metric/self_state_action_distance |         0.00124 |
|          Metric/cross_state_action_distance |           0.983 |
|             Metric/avg_self_state_asymmetry |               0 |
|            Metric/avg_cross_state_asymmetry |         0.00129 |
|                Metric/avg_self_sa_asymmetry |               0 |
|               Metric/avg_cross_sa_asymmetry |          0.0023 |
|  Metric/self_state_action_to_state_distance |        2.43e-06 |
| Metric/cross_state_action_to_state_distance |            0.98 |
|                   Metric/h_lambda_diff_self |         0.00124 |
|                  Metric/h_lambda_diff_cross |         0.00319 |
|                                 Eval/Return |             905 |
-----------------------------------------------------------------
-----------------------------------------------------------------
|                                 Train/Steps |        2.06e+06 |
|                            Loss/Loss_critic |           0.504 |
|                             Loss/Loss_actor |           -83.5 |
|                             Loss/Loss_alpha |         0.00116 |
|               Loss/Loss_state_action_metric |          0.0017 |
|                      Loss/Loss_state_metric |         0.00103 |
|             Loss/Loss_state_action_to_state |        9.33e-06 |
|                           Loss/Act_rep_loss |           0.181 |
|                                   SAC/Alpha |          0.0197 |
|                              SAC/LogPi_mean |            3.16 |
|                                 SAC/Q1_mean |            83.4 |
|                                 SAC/Q2_mean |            83.6 |
|                            Norm/actor_model |             118 |
|                           Norm/critic_model |             138 |
|              Norm/state_action_metric_model |            64.6 |
|                     Norm/state_metric_model |            68.5 |
|        Norm/state_action_state_metric_model |            66.6 |
|                  Metric/self_state_distance |        2.98e-05 |
|                 Metric/cross_state_distance |           0.981 |
|           Metric/self_state_action_distance |        0.000428 |
|          Metric/cross_state_action_distance |           0.978 |
|             Metric/avg_self_state_asymmetry |               0 |
|            Metric/avg_cross_state_asymmetry |         0.00137 |
|                Metric/avg_self_sa_asymmetry |               0 |
|               Metric/avg_cross_sa_asymmetry |         0.00143 |
|  Metric/self_state_action_to_state_distance |         0.00034 |
| Metric/cross_state_action_to_state_distance |           0.977 |
|                   Metric/h_lambda_diff_self |        0.000598 |
|                  Metric/h_lambda_diff_cross |         0.00204 |
|                                 Eval/Return |             908 |
-----------------------------------------------------------------
[32mSaving model …[0m
[32mDone.[0m
[32mSaving model …[0m
[32mDone.[0m
[32mSaving model …[0m
[32mDone.[0m
[32mSaving model …[0m
[32mDone.[0m
-----------------------------------------------------------------
|                                 Train/Steps |        2.18e+06 |
|                            Loss/Loss_critic |           0.112 |
|                             Loss/Loss_actor |           -83.2 |
|                             Loss/Loss_alpha |         -0.0051 |
|               Loss/Loss_state_action_metric |          0.0026 |
|                      Loss/Loss_state_metric |        0.000986 |
|             Loss/Loss_state_action_to_state |        5.77e-06 |
|                           Loss/Act_rep_loss |           0.181 |
|                                   SAC/Alpha |          0.0182 |
|                              SAC/LogPi_mean |            3.28 |
|                                 SAC/Q1_mean |            83.3 |
|                                 SAC/Q2_mean |            83.1 |
|                            Norm/actor_model |             121 |
|                           Norm/critic_model |             142 |
|              Norm/state_action_metric_model |            66.4 |
|                     Norm/state_metric_model |            70.6 |
|        Norm/state_action_state_metric_model |            68.2 |
|                  Metric/self_state_distance |        0.000103 |
|                 Metric/cross_state_distance |           0.989 |
|           Metric/self_state_action_distance |        0.000965 |
|          Metric/cross_state_action_distance |           0.986 |
|             Metric/avg_self_state_asymmetry |               0 |
|            Metric/avg_cross_state_asymmetry |         0.00118 |
|                Metric/avg_self_sa_asymmetry |               0 |
|               Metric/avg_cross_sa_asymmetry |         0.00138 |
|  Metric/self_state_action_to_state_distance |        8.79e-07 |
| Metric/cross_state_action_to_state_distance |           0.985 |
|                   Metric/h_lambda_diff_self |        0.000964 |
|                  Metric/h_lambda_diff_cross |         0.00231 |
|                                 Eval/Return |             895 |
-----------------------------------------------------------------
-----------------------------------------------------------------
|                                 Train/Steps |        2.31e+06 |
|                            Loss/Loss_critic |            0.08 |
|                             Loss/Loss_actor |           -85.8 |
|                             Loss/Loss_alpha |        -0.00175 |
|               Loss/Loss_state_action_metric |         0.00252 |
|                      Loss/Loss_state_metric |         0.00142 |
|             Loss/Loss_state_action_to_state |        4.63e-06 |
|                           Loss/Act_rep_loss |           0.183 |
|                                   SAC/Alpha |          0.0185 |
|                              SAC/LogPi_mean |            2.87 |
|                                 SAC/Q1_mean |            85.9 |
|                                 SAC/Q2_mean |            85.9 |
|                            Norm/actor_model |             123 |
|                           Norm/critic_model |             145 |
|              Norm/state_action_metric_model |            68.3 |
|                     Norm/state_metric_model |            72.6 |
|        Norm/state_action_state_metric_model |            70.7 |
|                  Metric/self_state_distance |        0.000444 |
|                 Metric/cross_state_distance |           0.977 |
|           Metric/self_state_action_distance |        0.000408 |
|          Metric/cross_state_action_distance |           0.974 |
|             Metric/avg_self_state_asymmetry |               0 |
|            Metric/avg_cross_state_asymmetry |          0.0012 |
|                Metric/avg_self_sa_asymmetry |               0 |
|               Metric/avg_cross_sa_asymmetry |         0.00163 |
|  Metric/self_state_action_to_state_distance |        0.000317 |
| Metric/cross_state_action_to_state_distance |           0.973 |
|                   Metric/h_lambda_diff_self |        0.000548 |
|                  Metric/h_lambda_diff_cross |           0.002 |
|                                 Eval/Return |             907 |
-----------------------------------------------------------------
-----------------------------------------------------------------
|                                 Train/Steps |        2.44e+06 |
|                            Loss/Loss_critic |          0.0914 |
|                             Loss/Loss_actor |           -84.7 |
|                             Loss/Loss_alpha |       -0.000483 |
|               Loss/Loss_state_action_metric |         0.00187 |
|                      Loss/Loss_state_metric |         0.00147 |
|             Loss/Loss_state_action_to_state |        4.99e-06 |
|                           Loss/Act_rep_loss |           0.154 |
|                                   SAC/Alpha |          0.0176 |
|                              SAC/LogPi_mean |            3.03 |
|                                 SAC/Q1_mean |            84.7 |
|                                 SAC/Q2_mean |            84.7 |
|                            Norm/actor_model |             126 |
|                           Norm/critic_model |             149 |
|              Norm/state_action_metric_model |            69.5 |
|                     Norm/state_metric_model |            74.8 |
|        Norm/state_action_state_metric_model |            72.4 |
|                  Metric/self_state_distance |        0.000129 |
|                 Metric/cross_state_distance |           0.982 |
|           Metric/self_state_action_distance |        0.000763 |
|          Metric/cross_state_action_distance |           0.977 |
|             Metric/avg_self_state_asymmetry |               0 |
|            Metric/avg_cross_state_asymmetry |         0.00106 |
|                Metric/avg_self_sa_asymmetry |               0 |
|               Metric/avg_cross_sa_asymmetry |         0.00128 |
|  Metric/self_state_action_to_state_distance |        5.88e-05 |
| Metric/cross_state_action_to_state_distance |           0.979 |
|                   Metric/h_lambda_diff_self |        0.000726 |
|                  Metric/h_lambda_diff_cross |         0.00253 |
|                                 Eval/Return |             911 |
-----------------------------------------------------------------
-----------------------------------------------------------------
|                                 Train/Steps |        2.57e+06 |
|                            Loss/Loss_critic |          0.0855 |
|                             Loss/Loss_actor |           -85.8 |
|                             Loss/Loss_alpha |        0.000501 |
|               Loss/Loss_state_action_metric |         0.00216 |
|                      Loss/Loss_state_metric |         0.00178 |
|             Loss/Loss_state_action_to_state |        4.81e-06 |
|                           Loss/Act_rep_loss |           0.179 |
|                                   SAC/Alpha |          0.0168 |
|                              SAC/LogPi_mean |            2.98 |
|                                 SAC/Q1_mean |            85.8 |
|                                 SAC/Q2_mean |            85.8 |
|                            Norm/actor_model |             129 |
|                           Norm/critic_model |             152 |
|              Norm/state_action_metric_model |            70.8 |
|                     Norm/state_metric_model |            76.6 |
|        Norm/state_action_state_metric_model |            75.1 |
|                  Metric/self_state_distance |        6.68e-05 |
|                 Metric/cross_state_distance |           0.978 |
|           Metric/self_state_action_distance |        0.000844 |
|          Metric/cross_state_action_distance |           0.973 |
|             Metric/avg_self_state_asymmetry |               0 |
|            Metric/avg_cross_state_asymmetry |         0.00106 |
|                Metric/avg_self_sa_asymmetry |               0 |
|               Metric/avg_cross_sa_asymmetry |         0.00122 |
|  Metric/self_state_action_to_state_distance |        8.62e-05 |
| Metric/cross_state_action_to_state_distance |           0.974 |
|                   Metric/h_lambda_diff_self |        0.000788 |
|                  Metric/h_lambda_diff_cross |         0.00236 |
|                                 Eval/Return |             911 |
-----------------------------------------------------------------
-----------------------------------------------------------------
|                                 Train/Steps |         2.7e+06 |
|                            Loss/Loss_critic |          0.0861 |
|                             Loss/Loss_actor |           -85.4 |
|                             Loss/Loss_alpha |       -0.000546 |
|               Loss/Loss_state_action_metric |         0.00341 |
|                      Loss/Loss_state_metric |         0.00263 |
|             Loss/Loss_state_action_to_state |        5.59e-06 |
|                           Loss/Act_rep_loss |           0.156 |
|                                   SAC/Alpha |           0.016 |
|                              SAC/LogPi_mean |            3.08 |
|                                 SAC/Q1_mean |            85.4 |
|                                 SAC/Q2_mean |            85.5 |
|                            Norm/actor_model |             131 |
|                           Norm/critic_model |             156 |
|              Norm/state_action_metric_model |            72.9 |
|                     Norm/state_metric_model |            78.9 |
|        Norm/state_action_state_metric_model |            76.6 |
|                  Metric/self_state_distance |         0.00012 |
|                 Metric/cross_state_distance |           0.977 |
|           Metric/self_state_action_distance |         0.00237 |
|          Metric/cross_state_action_distance |           0.973 |
|             Metric/avg_self_state_asymmetry |               0 |
|            Metric/avg_cross_state_asymmetry |           0.002 |
|                Metric/avg_self_sa_asymmetry |               0 |
|               Metric/avg_cross_sa_asymmetry |         0.00131 |
|  Metric/self_state_action_to_state_distance |        1.05e-05 |
| Metric/cross_state_action_to_state_distance |           0.972 |
|                   Metric/h_lambda_diff_self |         0.00236 |
|                  Metric/h_lambda_diff_cross |         0.00218 |
|                                 Eval/Return |             912 |
-----------------------------------------------------------------
-----------------------------------------------------------------
|                                 Train/Steps |        2.82e+06 |
|                            Loss/Loss_critic |           0.157 |
|                             Loss/Loss_actor |           -85.7 |
|                             Loss/Loss_alpha |        -0.00256 |
|               Loss/Loss_state_action_metric |         0.00136 |
|                      Loss/Loss_state_metric |        0.000975 |
|             Loss/Loss_state_action_to_state |         4.9e-06 |
|                           Loss/Act_rep_loss |           0.162 |
|                                   SAC/Alpha |          0.0167 |
|                              SAC/LogPi_mean |            3.11 |
|                                 SAC/Q1_mean |            85.7 |
|                                 SAC/Q2_mean |            85.9 |
|                            Norm/actor_model |             134 |
|                           Norm/critic_model |             159 |
|              Norm/state_action_metric_model |            73.7 |
|                     Norm/state_metric_model |            80.7 |
|        Norm/state_action_state_metric_model |            79.1 |
|                  Metric/self_state_distance |        6.14e-05 |
|                 Metric/cross_state_distance |           0.984 |
|           Metric/self_state_action_distance |        0.000796 |
|          Metric/cross_state_action_distance |           0.978 |
|             Metric/avg_self_state_asymmetry |               0 |
|            Metric/avg_cross_state_asymmetry |         0.00123 |
|                Metric/avg_self_sa_asymmetry |               0 |
|               Metric/avg_cross_sa_asymmetry |         0.00118 |
|  Metric/self_state_action_to_state_distance |        0.000107 |
| Metric/cross_state_action_to_state_distance |           0.978 |
|                   Metric/h_lambda_diff_self |        0.000814 |
|                  Metric/h_lambda_diff_cross |         0.00198 |
|                                 Eval/Return |             912 |
-----------------------------------------------------------------
-----------------------------------------------------------------
|                                 Train/Steps |        2.95e+06 |
|                            Loss/Loss_critic |           0.167 |
|                             Loss/Loss_actor |           -87.6 |
|                             Loss/Loss_alpha |        -0.00431 |
|               Loss/Loss_state_action_metric |         0.00154 |
|                      Loss/Loss_state_metric |         0.00101 |
|             Loss/Loss_state_action_to_state |        5.84e-06 |
|                           Loss/Act_rep_loss |           0.189 |
|                                   SAC/Alpha |          0.0156 |
|                              SAC/LogPi_mean |            3.07 |
|                                 SAC/Q1_mean |            87.5 |
|                                 SAC/Q2_mean |            87.7 |
|                            Norm/actor_model |             136 |
|                           Norm/critic_model |             162 |
|              Norm/state_action_metric_model |            75.1 |
|                     Norm/state_metric_model |            82.2 |
|        Norm/state_action_state_metric_model |            80.5 |
|                  Metric/self_state_distance |        0.000183 |
|                 Metric/cross_state_distance |           0.976 |
|           Metric/self_state_action_distance |         0.00112 |
|          Metric/cross_state_action_distance |           0.971 |
|             Metric/avg_self_state_asymmetry |               0 |
|            Metric/avg_cross_state_asymmetry |         0.00131 |
|                Metric/avg_self_sa_asymmetry |               0 |
|               Metric/avg_cross_sa_asymmetry |         0.00108 |
|  Metric/self_state_action_to_state_distance |        7.61e-05 |
| Metric/cross_state_action_to_state_distance |           0.971 |
|                   Metric/h_lambda_diff_self |         0.00108 |
|                  Metric/h_lambda_diff_cross |         0.00197 |
|                                 Eval/Return |             914 |
-----------------------------------------------------------------
-----------------------------------------------------------------
|                                 Train/Steps |        3.08e+06 |
|                            Loss/Loss_critic |          0.0834 |
|                             Loss/Loss_actor |             -88 |
|                             Loss/Loss_alpha |         -0.0027 |
|               Loss/Loss_state_action_metric |         0.00284 |
|                      Loss/Loss_state_metric |         0.00172 |
|             Loss/Loss_state_action_to_state |        3.41e-06 |
|                           Loss/Act_rep_loss |           0.168 |
|                                   SAC/Alpha |          0.0156 |
|                              SAC/LogPi_mean |            3.17 |
|                                 SAC/Q1_mean |              88 |
|                                 SAC/Q2_mean |            88.1 |
|                            Norm/actor_model |             139 |
|                           Norm/critic_model |             166 |
|              Norm/state_action_metric_model |            76.4 |
|                     Norm/state_metric_model |              84 |
|        Norm/state_action_state_metric_model |            82.7 |
|                  Metric/self_state_distance |        0.000184 |
|                 Metric/cross_state_distance |           0.971 |
|           Metric/self_state_action_distance |         0.00112 |
|          Metric/cross_state_action_distance |           0.965 |
|             Metric/avg_self_state_asymmetry |               0 |
|            Metric/avg_cross_state_asymmetry |        0.000945 |
|                Metric/avg_self_sa_asymmetry |               0 |
|               Metric/avg_cross_sa_asymmetry |           0.001 |
|  Metric/self_state_action_to_state_distance |        8.27e-05 |
| Metric/cross_state_action_to_state_distance |           0.965 |
|                   Metric/h_lambda_diff_self |         0.00111 |
|                  Metric/h_lambda_diff_cross |         0.00167 |
|                                 Eval/Return |             913 |
-----------------------------------------------------------------
[32mSaving model …[0m
[32mDone.[0m
[32mSaving model …[0m
[32mDone.[0m
[32mSaving model …[0m
[32mDone.[0m
[32mSaving model …[0m
[32mDone.[0m
-----------------------------------------------------------------
|                                 Train/Steps |        3.21e+06 |
|                            Loss/Loss_critic |          0.0639 |
|                             Loss/Loss_actor |           -88.2 |
|                             Loss/Loss_alpha |          0.0056 |
|               Loss/Loss_state_action_metric |         0.00222 |
|                      Loss/Loss_state_metric |         0.00182 |
|             Loss/Loss_state_action_to_state |        3.99e-06 |
|                           Loss/Act_rep_loss |           0.165 |
|                                   SAC/Alpha |           0.015 |
|                              SAC/LogPi_mean |             2.8 |
|                                 SAC/Q1_mean |            88.2 |
|                                 SAC/Q2_mean |            88.2 |
|                            Norm/actor_model |             141 |
|                           Norm/critic_model |             169 |
|              Norm/state_action_metric_model |            77.9 |
|                     Norm/state_metric_model |            85.5 |
|        Norm/state_action_state_metric_model |            84.5 |
|                  Metric/self_state_distance |        1.19e-05 |
|                 Metric/cross_state_distance |           0.972 |
|           Metric/self_state_action_distance |          0.0013 |
|          Metric/cross_state_action_distance |           0.967 |
|             Metric/avg_self_state_asymmetry |               0 |
|            Metric/avg_cross_state_asymmetry |         0.00115 |
|                Metric/avg_self_sa_asymmetry |               0 |
|               Metric/avg_cross_sa_asymmetry |         0.00104 |
|  Metric/self_state_action_to_state_distance |        3.48e-06 |
| Metric/cross_state_action_to_state_distance |           0.967 |
|                   Metric/h_lambda_diff_self |         0.00129 |
|                  Metric/h_lambda_diff_cross |         0.00168 |
|                                 Eval/Return |             913 |
-----------------------------------------------------------------
-----------------------------------------------------------------
|                                 Train/Steps |        3.34e+06 |
|                            Loss/Loss_critic |           0.114 |
|                             Loss/Loss_actor |           -88.2 |
|                             Loss/Loss_alpha |         0.00108 |
|               Loss/Loss_state_action_metric |         0.00159 |
|                      Loss/Loss_state_metric |         0.00103 |
|             Loss/Loss_state_action_to_state |        5.91e-06 |
|                           Loss/Act_rep_loss |           0.151 |
|                                   SAC/Alpha |          0.0146 |
|                              SAC/LogPi_mean |            3.03 |
|                                 SAC/Q1_mean |            88.2 |
|                                 SAC/Q2_mean |            88.3 |
|                            Norm/actor_model |             143 |
|                           Norm/critic_model |             172 |
|              Norm/state_action_metric_model |            78.8 |
|                     Norm/state_metric_model |            87.6 |
|        Norm/state_action_state_metric_model |            86.5 |
|                  Metric/self_state_distance |        5.32e-05 |
|                 Metric/cross_state_distance |           0.979 |
|           Metric/self_state_action_distance |         0.00067 |
|          Metric/cross_state_action_distance |           0.974 |
|             Metric/avg_self_state_asymmetry |               0 |
|            Metric/avg_cross_state_asymmetry |         0.00158 |
|                Metric/avg_self_sa_asymmetry |               0 |
|               Metric/avg_cross_sa_asymmetry |          0.0014 |
|  Metric/self_state_action_to_state_distance |         0.00018 |
| Metric/cross_state_action_to_state_distance |           0.973 |
|                   Metric/h_lambda_diff_self |        0.000789 |
|                  Metric/h_lambda_diff_cross |         0.00225 |
|                                 Eval/Return |             914 |
-----------------------------------------------------------------
-----------------------------------------------------------------
|                                 Train/Steps |        3.46e+06 |
|                            Loss/Loss_critic |          0.0673 |
|                             Loss/Loss_actor |           -86.9 |
|                             Loss/Loss_alpha |         -0.0052 |
|               Loss/Loss_state_action_metric |         0.00243 |
|                      Loss/Loss_state_metric |         0.00145 |
|             Loss/Loss_state_action_to_state |        3.61e-06 |
|                           Loss/Act_rep_loss |           0.149 |
|                                   SAC/Alpha |           0.014 |
|                              SAC/LogPi_mean |            3.17 |
|                                 SAC/Q1_mean |            86.9 |
|                                 SAC/Q2_mean |              87 |
|                            Norm/actor_model |             146 |
|                           Norm/critic_model |             175 |
|              Norm/state_action_metric_model |            80.4 |
|                     Norm/state_metric_model |            90.1 |
|        Norm/state_action_state_metric_model |            88.2 |
|                  Metric/self_state_distance |        0.000293 |
|                 Metric/cross_state_distance |           0.983 |
|           Metric/self_state_action_distance |         0.00172 |
|          Metric/cross_state_action_distance |            0.98 |
|             Metric/avg_self_state_asymmetry |               0 |
|            Metric/avg_cross_state_asymmetry |        0.000894 |
|                Metric/avg_self_sa_asymmetry |               0 |
|               Metric/avg_cross_sa_asymmetry |         0.00109 |
|  Metric/self_state_action_to_state_distance |        2.17e-06 |
| Metric/cross_state_action_to_state_distance |            0.98 |
|                   Metric/h_lambda_diff_self |         0.00172 |
|                  Metric/h_lambda_diff_cross |         0.00197 |
|                                 Eval/Return |             913 |
-----------------------------------------------------------------
-----------------------------------------------------------------
|                                 Train/Steps |        3.59e+06 |
|                            Loss/Loss_critic |          0.0428 |
|                             Loss/Loss_actor |           -88.3 |
|                             Loss/Loss_alpha |       -0.000769 |
|               Loss/Loss_state_action_metric |         0.00178 |
|                      Loss/Loss_state_metric |        0.000974 |
|             Loss/Loss_state_action_to_state |        3.73e-06 |
|                           Loss/Act_rep_loss |           0.155 |
|                                   SAC/Alpha |          0.0137 |
|                              SAC/LogPi_mean |            2.73 |
|                                 SAC/Q1_mean |            88.4 |
|                                 SAC/Q2_mean |            88.3 |
|                            Norm/actor_model |             148 |
|                           Norm/critic_model |             178 |
|              Norm/state_action_metric_model |            81.6 |
|                     Norm/state_metric_model |            91.6 |
|        Norm/state_action_state_metric_model |            90.5 |
|                  Metric/self_state_distance |        8.16e-05 |
|                 Metric/cross_state_distance |           0.979 |
|           Metric/self_state_action_distance |         0.00133 |
|          Metric/cross_state_action_distance |           0.973 |
|             Metric/avg_self_state_asymmetry |               0 |
|            Metric/avg_cross_state_asymmetry |         0.00208 |
|                Metric/avg_self_sa_asymmetry |               0 |
|               Metric/avg_cross_sa_asymmetry |        0.000988 |
|  Metric/self_state_action_to_state_distance |        1.55e-05 |
| Metric/cross_state_action_to_state_distance |           0.972 |
|                   Metric/h_lambda_diff_self |         0.00132 |
|                  Metric/h_lambda_diff_cross |         0.00178 |
|                                 Eval/Return |             913 |
-----------------------------------------------------------------
-----------------------------------------------------------------
|                                 Train/Steps |        3.72e+06 |
|                            Loss/Loss_critic |          0.0834 |
|                             Loss/Loss_actor |           -88.8 |
|                             Loss/Loss_alpha |        7.05e-05 |
|               Loss/Loss_state_action_metric |         0.00196 |
|                      Loss/Loss_state_metric |         0.00103 |
|             Loss/Loss_state_action_to_state |        3.68e-06 |
|                           Loss/Act_rep_loss |           0.155 |
|                                   SAC/Alpha |          0.0131 |
|                              SAC/LogPi_mean |             2.9 |
|                                 SAC/Q1_mean |            88.8 |
|                                 SAC/Q2_mean |            88.8 |
|                            Norm/actor_model |             150 |
|                           Norm/critic_model |             181 |
|              Norm/state_action_metric_model |            83.1 |
|                     Norm/state_metric_model |            93.3 |
|        Norm/state_action_state_metric_model |            92.1 |
|                  Metric/self_state_distance |        0.000165 |
|                 Metric/cross_state_distance |           0.978 |
|           Metric/self_state_action_distance |         0.00123 |
|          Metric/cross_state_action_distance |           0.974 |
|             Metric/avg_self_state_asymmetry |               0 |
|            Metric/avg_cross_state_asymmetry |        0.000898 |
|                Metric/avg_self_sa_asymmetry |               0 |
|               Metric/avg_cross_sa_asymmetry |         0.00105 |
|  Metric/self_state_action_to_state_distance |        2.42e-05 |
| Metric/cross_state_action_to_state_distance |           0.974 |
|                   Metric/h_lambda_diff_self |         0.00121 |
|                  Metric/h_lambda_diff_cross |         0.00171 |
|                                 Eval/Return |             915 |
-----------------------------------------------------------------
-----------------------------------------------------------------
|                                 Train/Steps |        3.85e+06 |
|                            Loss/Loss_critic |          0.0508 |
|                             Loss/Loss_actor |           -89.3 |
|                             Loss/Loss_alpha |        0.000523 |
|               Loss/Loss_state_action_metric |         0.00266 |
|                      Loss/Loss_state_metric |         0.00185 |
|             Loss/Loss_state_action_to_state |        2.39e-06 |
|                           Loss/Act_rep_loss |           0.135 |
|                                   SAC/Alpha |          0.0132 |
|                              SAC/LogPi_mean |            2.88 |
|                                 SAC/Q1_mean |            89.4 |
|                                 SAC/Q2_mean |            89.3 |
|                            Norm/actor_model |             152 |
|                           Norm/critic_model |             183 |
|              Norm/state_action_metric_model |            84.6 |
|                     Norm/state_metric_model |            94.5 |
|        Norm/state_action_state_metric_model |              94 |
|                  Metric/self_state_distance |        0.000576 |
|                 Metric/cross_state_distance |           0.972 |
|           Metric/self_state_action_distance |         0.00176 |
|          Metric/cross_state_action_distance |           0.968 |
|             Metric/avg_self_state_asymmetry |               0 |
|            Metric/avg_cross_state_asymmetry |        0.000733 |
|                Metric/avg_self_sa_asymmetry |               0 |
|               Metric/avg_cross_sa_asymmetry |        0.000918 |
|  Metric/self_state_action_to_state_distance |        8.17e-05 |
| Metric/cross_state_action_to_state_distance |           0.967 |
|                   Metric/h_lambda_diff_self |         0.00169 |
|                  Metric/h_lambda_diff_cross |         0.00169 |
|                                 Eval/Return |             916 |
-----------------------------------------------------------------
-----------------------------------------------------------------
|                                 Train/Steps |        3.98e+06 |
|                            Loss/Loss_critic |          0.0716 |
|                             Loss/Loss_actor |           -88.4 |
|                             Loss/Loss_alpha |         0.00412 |
|               Loss/Loss_state_action_metric |         0.00294 |
|                      Loss/Loss_state_metric |         0.00172 |
|             Loss/Loss_state_action_to_state |        1.71e-05 |
|                           Loss/Act_rep_loss |           0.153 |
|                                   SAC/Alpha |           0.013 |
|                              SAC/LogPi_mean |               3 |
|                                 SAC/Q1_mean |            88.4 |
|                                 SAC/Q2_mean |            88.4 |
|                            Norm/actor_model |             154 |
|                           Norm/critic_model |             186 |
|              Norm/state_action_metric_model |            85.5 |
|                     Norm/state_metric_model |            97.1 |
|        Norm/state_action_state_metric_model |            96.3 |
|                  Metric/self_state_distance |        0.000654 |
|                 Metric/cross_state_distance |           0.973 |
|           Metric/self_state_action_distance |          0.0015 |
|          Metric/cross_state_action_distance |           0.968 |
|             Metric/avg_self_state_asymmetry |               0 |
|            Metric/avg_cross_state_asymmetry |          0.0022 |
|                Metric/avg_self_sa_asymmetry |               0 |
|               Metric/avg_cross_sa_asymmetry |         0.00155 |
|  Metric/self_state_action_to_state_distance |         5.8e-07 |
| Metric/cross_state_action_to_state_distance |           0.967 |
|                   Metric/h_lambda_diff_self |          0.0015 |
|                  Metric/h_lambda_diff_cross |         0.00197 |
|                                 Eval/Return |             918 |
-----------------------------------------------------------------
-----------------------------------------------------------------
|                                 Train/Steps |         4.1e+06 |
|                            Loss/Loss_critic |          0.0404 |
|                             Loss/Loss_actor |             -91 |
|                             Loss/Loss_alpha |        0.000469 |
|               Loss/Loss_state_action_metric |         0.00187 |
|                      Loss/Loss_state_metric |         0.00131 |
|             Loss/Loss_state_action_to_state |        2.33e-06 |
|                           Loss/Act_rep_loss |           0.153 |
|                                   SAC/Alpha |           0.011 |
|                              SAC/LogPi_mean |            3.12 |
|                                 SAC/Q1_mean |              91 |
|                                 SAC/Q2_mean |              91 |
|                            Norm/actor_model |             156 |
|                           Norm/critic_model |             188 |
|              Norm/state_action_metric_model |            86.7 |
|                     Norm/state_metric_model |            98.6 |
|        Norm/state_action_state_metric_model |            98.4 |
|                  Metric/self_state_distance |         0.00102 |
|                 Metric/cross_state_distance |           0.967 |
|           Metric/self_state_action_distance |         0.00203 |
|          Metric/cross_state_action_distance |            0.96 |
|             Metric/avg_self_state_asymmetry |               0 |
|            Metric/avg_cross_state_asymmetry |        0.000746 |
|                Metric/avg_self_sa_asymmetry |               0 |
|               Metric/avg_cross_sa_asymmetry |        0.000932 |
|  Metric/self_state_action_to_state_distance |        8.46e-05 |
| Metric/cross_state_action_to_state_distance |            0.96 |
|                   Metric/h_lambda_diff_self |         0.00195 |
|                  Metric/h_lambda_diff_cross |         0.00138 |
|                                 Eval/Return |             919 |
-----------------------------------------------------------------
[32mSaving model …[0m
[32mDone.[0m
[32mSaving model …[0m
[32mDone.[0m
[32mSaving model …[0m
[32mDone.[0m
[32mSaving model …[0m
[32mDone.[0m
-----------------------------------------------------------------
|                                 Train/Steps |        4.23e+06 |
|                            Loss/Loss_critic |          0.0368 |
|                             Loss/Loss_actor |           -92.4 |
|                             Loss/Loss_alpha |         0.00288 |
|               Loss/Loss_state_action_metric |         0.00168 |
|                      Loss/Loss_state_metric |         0.00131 |
|             Loss/Loss_state_action_to_state |        1.88e-06 |
|                           Loss/Act_rep_loss |           0.145 |
|                                   SAC/Alpha |          0.0101 |
|                              SAC/LogPi_mean |            2.59 |
|                                 SAC/Q1_mean |            92.4 |
|                                 SAC/Q2_mean |            92.5 |
|                            Norm/actor_model |             158 |
|                           Norm/critic_model |             190 |
|              Norm/state_action_metric_model |            87.8 |
|                     Norm/state_metric_model |             100 |
|        Norm/state_action_state_metric_model |             101 |
|                  Metric/self_state_distance |         0.00113 |
|                 Metric/cross_state_distance |           0.962 |
|           Metric/self_state_action_distance |         0.00162 |
|          Metric/cross_state_action_distance |           0.955 |
|             Metric/avg_self_state_asymmetry |               0 |
|            Metric/avg_cross_state_asymmetry |        0.000702 |
|                Metric/avg_self_sa_asymmetry |               0 |
|               Metric/avg_cross_sa_asymmetry |         0.00082 |
|  Metric/self_state_action_to_state_distance |        8.26e-05 |
| Metric/cross_state_action_to_state_distance |           0.954 |
|                   Metric/h_lambda_diff_self |         0.00159 |
|                  Metric/h_lambda_diff_cross |         0.00177 |
|                                 Eval/Return |             887 |
-----------------------------------------------------------------
-----------------------------------------------------------------
|                                 Train/Steps |        4.36e+06 |
|                            Loss/Loss_critic |          0.0257 |
|                             Loss/Loss_actor |           -92.6 |
|                             Loss/Loss_alpha |       -0.000293 |
|               Loss/Loss_state_action_metric |          0.0021 |
|                      Loss/Loss_state_metric |         0.00174 |
|             Loss/Loss_state_action_to_state |        9.98e-06 |
|                           Loss/Act_rep_loss |           0.131 |
|                                   SAC/Alpha |          0.0097 |
|                              SAC/LogPi_mean |            2.94 |
|                                 SAC/Q1_mean |            92.6 |
|                                 SAC/Q2_mean |            92.6 |
|                            Norm/actor_model |             160 |
|                           Norm/critic_model |             192 |
|              Norm/state_action_metric_model |            89.2 |
|                     Norm/state_metric_model |             102 |
|        Norm/state_action_state_metric_model |             103 |
|                  Metric/self_state_distance |         0.00187 |
|                 Metric/cross_state_distance |            0.96 |
|           Metric/self_state_action_distance |         0.00173 |
|          Metric/cross_state_action_distance |           0.951 |
|             Metric/avg_self_state_asymmetry |               0 |
|            Metric/avg_cross_state_asymmetry |        0.000658 |
|                Metric/avg_self_sa_asymmetry |               0 |
|               Metric/avg_cross_sa_asymmetry |        0.000985 |
|  Metric/self_state_action_to_state_distance |        0.000179 |
| Metric/cross_state_action_to_state_distance |           0.952 |
|                   Metric/h_lambda_diff_self |         0.00185 |
|                  Metric/h_lambda_diff_cross |         0.00197 |
|                                 Eval/Return |             887 |
-----------------------------------------------------------------
-----------------------------------------------------------------
|                                 Train/Steps |        4.49e+06 |
|                            Loss/Loss_critic |          0.0397 |
|                             Loss/Loss_actor |           -92.5 |
|                             Loss/Loss_alpha |        0.000914 |
|               Loss/Loss_state_action_metric |          0.0021 |
|                      Loss/Loss_state_metric |         0.00174 |
|             Loss/Loss_state_action_to_state |        3.17e-06 |
|                           Loss/Act_rep_loss |           0.124 |
|                                   SAC/Alpha |         0.00914 |
|                              SAC/LogPi_mean |            2.66 |
|                                 SAC/Q1_mean |            92.5 |
|                                 SAC/Q2_mean |            92.5 |
|                            Norm/actor_model |             161 |
|                           Norm/critic_model |             194 |
|              Norm/state_action_metric_model |            89.6 |
|                     Norm/state_metric_model |             103 |
|        Norm/state_action_state_metric_model |             104 |
|                  Metric/self_state_distance |         0.00125 |
|                 Metric/cross_state_distance |            0.96 |
|           Metric/self_state_action_distance |         0.00144 |
|          Metric/cross_state_action_distance |           0.954 |
|             Metric/avg_self_state_asymmetry |               0 |
|            Metric/avg_cross_state_asymmetry |        0.000978 |
|                Metric/avg_self_sa_asymmetry |               0 |
|               Metric/avg_cross_sa_asymmetry |        0.000866 |
|  Metric/self_state_action_to_state_distance |        1.42e-05 |
| Metric/cross_state_action_to_state_distance |           0.954 |
|                   Metric/h_lambda_diff_self |         0.00143 |
|                  Metric/h_lambda_diff_cross |         0.00138 |
|                                 Eval/Return |             912 |
-----------------------------------------------------------------
-----------------------------------------------------------------
|                                 Train/Steps |        4.62e+06 |
|                            Loss/Loss_critic |          0.0257 |
|                             Loss/Loss_actor |             -93 |
|                             Loss/Loss_alpha |         0.00202 |
|               Loss/Loss_state_action_metric |         0.00196 |
|                      Loss/Loss_state_metric |           0.001 |
|             Loss/Loss_state_action_to_state |        3.23e-06 |
|                           Loss/Act_rep_loss |           0.133 |
|                                   SAC/Alpha |         0.00849 |
|                              SAC/LogPi_mean |            2.71 |
|                                 SAC/Q1_mean |            93.1 |
|                                 SAC/Q2_mean |              93 |
|                            Norm/actor_model |             163 |
|                           Norm/critic_model |             196 |
|              Norm/state_action_metric_model |            90.4 |
|                     Norm/state_metric_model |             105 |
|        Norm/state_action_state_metric_model |             106 |
|                  Metric/self_state_distance |         0.00124 |
|                 Metric/cross_state_distance |           0.962 |
|           Metric/self_state_action_distance |         0.00122 |
|          Metric/cross_state_action_distance |           0.954 |
|             Metric/avg_self_state_asymmetry |               0 |
|            Metric/avg_cross_state_asymmetry |        0.000872 |
|                Metric/avg_self_sa_asymmetry |               0 |
|               Metric/avg_cross_sa_asymmetry |        0.000824 |
|  Metric/self_state_action_to_state_distance |        2.47e-05 |
| Metric/cross_state_action_to_state_distance |           0.953 |
|                   Metric/h_lambda_diff_self |          0.0012 |
|                  Metric/h_lambda_diff_cross |         0.00157 |
|                                 Eval/Return |             912 |
-----------------------------------------------------------------
-----------------------------------------------------------------
|                                 Train/Steps |        4.74e+06 |
|                            Loss/Loss_critic |          0.0404 |
|                             Loss/Loss_actor |           -93.1 |
|                             Loss/Loss_alpha |         -0.0054 |
|               Loss/Loss_state_action_metric |         0.00249 |
|                      Loss/Loss_state_metric |         0.00106 |
|             Loss/Loss_state_action_to_state |        2.69e-06 |
|                           Loss/Act_rep_loss |           0.114 |
|                                   SAC/Alpha |          0.0079 |
|                              SAC/LogPi_mean |             3.7 |
|                                 SAC/Q1_mean |            93.1 |
|                                 SAC/Q2_mean |            93.1 |
|                            Norm/actor_model |             164 |
|                           Norm/critic_model |             198 |
|              Norm/state_action_metric_model |            91.4 |
|                     Norm/state_metric_model |             106 |
|        Norm/state_action_state_metric_model |             108 |
|                  Metric/self_state_distance |         0.00114 |
|                 Metric/cross_state_distance |           0.961 |
|           Metric/self_state_action_distance |         0.00142 |
|          Metric/cross_state_action_distance |           0.955 |
|             Metric/avg_self_state_asymmetry |               0 |
|            Metric/avg_cross_state_asymmetry |        0.000717 |
|                Metric/avg_self_sa_asymmetry |               0 |
|               Metric/avg_cross_sa_asymmetry |        0.000972 |
|  Metric/self_state_action_to_state_distance |        0.000192 |
| Metric/cross_state_action_to_state_distance |           0.955 |
|                   Metric/h_lambda_diff_self |          0.0015 |
|                  Metric/h_lambda_diff_cross |         0.00131 |
|                                 Eval/Return |             916 |
-----------------------------------------------------------------
-----------------------------------------------------------------
|                                 Train/Steps |        4.87e+06 |
|                            Loss/Loss_critic |          0.0254 |
|                             Loss/Loss_actor |             -94 |
|                             Loss/Loss_alpha |        0.000116 |
|               Loss/Loss_state_action_metric |         0.00159 |
|                      Loss/Loss_state_metric |         0.00115 |
|             Loss/Loss_state_action_to_state |        2.16e-06 |
|                           Loss/Act_rep_loss |           0.103 |
|                                   SAC/Alpha |         0.00749 |
|                              SAC/LogPi_mean |            2.97 |
|                                 SAC/Q1_mean |              94 |
|                                 SAC/Q2_mean |            94.1 |
|                            Norm/actor_model |             166 |
|                           Norm/critic_model |             201 |
|              Norm/state_action_metric_model |            92.5 |
|                     Norm/state_metric_model |             107 |
|        Norm/state_action_state_metric_model |             110 |
|                  Metric/self_state_distance |         0.00167 |
|                 Metric/cross_state_distance |           0.957 |
|           Metric/self_state_action_distance |         0.00189 |
|          Metric/cross_state_action_distance |           0.947 |
|             Metric/avg_self_state_asymmetry |               0 |
|            Metric/avg_cross_state_asymmetry |        0.000635 |
|                Metric/avg_self_sa_asymmetry |               0 |
|               Metric/avg_cross_sa_asymmetry |        0.000758 |
|  Metric/self_state_action_to_state_distance |        6.96e-07 |
| Metric/cross_state_action_to_state_distance |           0.948 |
|                   Metric/h_lambda_diff_self |         0.00189 |
|                  Metric/h_lambda_diff_cross |         0.00191 |
|                                 Eval/Return |             917 |
-----------------------------------------------------------------
-----------------------------------------------------------------
|                                 Train/Steps |           5e+06 |
|                            Loss/Loss_critic |          0.0413 |
|                             Loss/Loss_actor |             -94 |
|                             Loss/Loss_alpha |        -0.00466 |
|               Loss/Loss_state_action_metric |         0.00255 |
|                      Loss/Loss_state_metric |         0.00145 |
|             Loss/Loss_state_action_to_state |        2.58e-06 |
|                           Loss/Act_rep_loss |           0.107 |
|                                   SAC/Alpha |         0.00751 |
|                              SAC/LogPi_mean |            3.48 |
|                                 SAC/Q1_mean |              94 |
|                                 SAC/Q2_mean |              94 |
|                            Norm/actor_model |             167 |
|                           Norm/critic_model |             203 |
|              Norm/state_action_metric_model |              94 |
|                     Norm/state_metric_model |             109 |
|        Norm/state_action_state_metric_model |             112 |
|                  Metric/self_state_distance |         0.00133 |
|                 Metric/cross_state_distance |           0.958 |
|           Metric/self_state_action_distance |         0.00186 |
|          Metric/cross_state_action_distance |            0.95 |
|             Metric/avg_self_state_asymmetry |               0 |
|            Metric/avg_cross_state_asymmetry |         0.00065 |
|                Metric/avg_self_sa_asymmetry |               0 |
|               Metric/avg_cross_sa_asymmetry |        0.000809 |
|  Metric/self_state_action_to_state_distance |        1.34e-07 |
| Metric/cross_state_action_to_state_distance |           0.948 |
|                   Metric/h_lambda_diff_self |         0.00186 |
|                  Metric/h_lambda_diff_cross |         0.00164 |
|                                 Eval/Return |             891 |
-----------------------------------------------------------------
[32mSaving model …[0m
[32mDone.[0m
[32mSaving model …[0m
[32mDone.[0m
