E0928 17:36:22.390799 3944820 cuda_executor.cc:1526] Could not get kernel mode driver version: (INVALID_ARGUMENT: Version does not match the format X.Y.Z)
E0928 17:36:22.399672 3944710 cuda_executor.cc:1526] Could not get kernel mode driver version: (INVALID_ARGUMENT: Version does not match the format X.Y.Z)
[32mStart prefilling replay buffer[0m
[32mStart SAC training[0m
[32m{'log_freq': 1000, 'save_freq': 1000000, 'eval_episode_freq': 10, 'hidden_size': 256, 'lr': 0.001, 'max_grad_norm': 0.0, 'gamma': 0.99, 'update_tau': 0.005, 'train_per_step': 8, 'episode_length': 1000, 'warmup_samples': 8192, 'max_replay_size': 4000000, 'batch_size': 512, 'total_env_steps': 5000000, 'init_temperature': 0.1, 'nstep': 3, 'bootstrap_on_truncation': True, 'rep_lr_scale': 1.5, 'rep_temperature': 1.0, 'vis_feq': 100000, 'n_vis_frames': 4, 'num_envs': 128, 'grad_steps': 50, 'transfer_freq': 10, 'transfer_steps': 8, 'reward_scaling': 1.0, 'num_eval_envs': 128, 'target_entropy': -2.5}[0m
[32m[nstep] nstep=3 bootstrap_on_truncation=True (discount from the buffer already contains gamma^nstep)[0m
-----------------------------------------------------------------
|                                 Train/Steps |        1.36e+05 |
|                            Loss/Loss_critic |          0.0143 |
|                             Loss/Loss_actor |           -6.22 |
|                             Loss/Loss_alpha |         0.00356 |
|               Loss/Loss_state_action_metric |         0.00141 |
|                      Loss/Loss_state_metric |        0.000939 |
|             Loss/Loss_state_action_to_state |         1.5e-05 |
|                           Loss/Act_rep_loss |        3.42e-06 |
|                                   SAC/Alpha |         0.00264 |
|                              SAC/LogPi_mean |            1.28 |
|                                 SAC/Q1_mean |            6.23 |
|                                 SAC/Q2_mean |            6.21 |
|                            Norm/actor_model |            40.1 |
|                           Norm/critic_model |            44.8 |
|              Norm/state_action_metric_model |              31 |
|                     Norm/state_metric_model |            31.1 |
|        Norm/state_action_state_metric_model |              31 |
|                  Metric/self_state_distance |        8.36e-05 |
|                 Metric/cross_state_distance |           0.938 |
|           Metric/self_state_action_distance |         0.00071 |
|          Metric/cross_state_action_distance |           0.922 |
|             Metric/avg_self_state_asymmetry |               0 |
|            Metric/avg_cross_state_asymmetry |         0.00181 |
|                Metric/avg_self_sa_asymmetry |               0 |
|               Metric/avg_cross_sa_asymmetry |         0.00334 |
|  Metric/self_state_action_to_state_distance |        6.78e-05 |
| Metric/cross_state_action_to_state_distance |           0.924 |
|                   Metric/h_lambda_diff_self |        0.000709 |
|                  Metric/h_lambda_diff_cross |         0.00285 |
|                                 Eval/Return |            86.6 |
-----------------------------------------------------------------
-----------------------------------------------------------------
|                                 Train/Steps |        2.64e+05 |
|                            Loss/Loss_critic |          0.0382 |
|                             Loss/Loss_actor |           -9.19 |
|                             Loss/Loss_alpha |       -0.000613 |
|               Loss/Loss_state_action_metric |         0.00166 |
|                      Loss/Loss_state_metric |         0.00127 |
|             Loss/Loss_state_action_to_state |        5.54e-06 |
|                           Loss/Act_rep_loss |        0.000346 |
|                                   SAC/Alpha |         0.00285 |
|                              SAC/LogPi_mean |            2.72 |
|                                 SAC/Q1_mean |            9.15 |
|                                 SAC/Q2_mean |            9.25 |
|                            Norm/actor_model |            61.1 |
|                           Norm/critic_model |            64.3 |
|              Norm/state_action_metric_model |            33.4 |
|                     Norm/state_metric_model |            33.1 |
|        Norm/state_action_state_metric_model |            33.3 |
|                  Metric/self_state_distance |        0.000105 |
|                 Metric/cross_state_distance |           0.934 |
|           Metric/self_state_action_distance |         0.00035 |
|          Metric/cross_state_action_distance |           0.916 |
|             Metric/avg_self_state_asymmetry |               0 |
|            Metric/avg_cross_state_asymmetry |         0.00169 |
|                Metric/avg_self_sa_asymmetry |               0 |
|               Metric/avg_cross_sa_asymmetry |         0.00178 |
|  Metric/self_state_action_to_state_distance |        3.54e-05 |
| Metric/cross_state_action_to_state_distance |           0.918 |
|                   Metric/h_lambda_diff_self |        0.000338 |
|                  Metric/h_lambda_diff_cross |         0.00283 |
|                                 Eval/Return |             121 |
-----------------------------------------------------------------
-----------------------------------------------------------------
|                                 Train/Steps |        3.92e+05 |
|                            Loss/Loss_critic |          0.0907 |
|                             Loss/Loss_actor |           -13.2 |
|                             Loss/Loss_alpha |        -0.00127 |
|               Loss/Loss_state_action_metric |         0.00159 |
|                      Loss/Loss_state_metric |         0.00108 |
|             Loss/Loss_state_action_to_state |        2.72e-05 |
|                           Loss/Act_rep_loss |         0.00191 |
|                                   SAC/Alpha |           0.003 |
|                              SAC/LogPi_mean |            2.82 |
|                                 SAC/Q1_mean |            13.3 |
|                                 SAC/Q2_mean |            13.2 |
|                            Norm/actor_model |            73.1 |
|                           Norm/critic_model |            78.4 |
|              Norm/state_action_metric_model |            33.9 |
|                     Norm/state_metric_model |            35.3 |
|        Norm/state_action_state_metric_model |            34.8 |
|                  Metric/self_state_distance |        0.000126 |
|                 Metric/cross_state_distance |           0.945 |
|           Metric/self_state_action_distance |         0.00106 |
|          Metric/cross_state_action_distance |           0.932 |
|             Metric/avg_self_state_asymmetry |               0 |
|            Metric/avg_cross_state_asymmetry |         0.00276 |
|                Metric/avg_self_sa_asymmetry |               0 |
|               Metric/avg_cross_sa_asymmetry |         0.00255 |
|  Metric/self_state_action_to_state_distance |         0.00076 |
| Metric/cross_state_action_to_state_distance |           0.931 |
|                   Metric/h_lambda_diff_self |        0.000831 |
|                  Metric/h_lambda_diff_cross |         0.00336 |
|                                 Eval/Return |             116 |
-----------------------------------------------------------------
-----------------------------------------------------------------
|                                 Train/Steps |         5.2e+05 |
|                            Loss/Loss_critic |            0.14 |
|                             Loss/Loss_actor |           -16.1 |
|                             Loss/Loss_alpha |        -0.00127 |
|               Loss/Loss_state_action_metric |          0.0019 |
|                      Loss/Loss_state_metric |         0.00133 |
|             Loss/Loss_state_action_to_state |        3.09e-05 |
|                           Loss/Act_rep_loss |         0.00298 |
|                                   SAC/Alpha |         0.00345 |
|                              SAC/LogPi_mean |            3.12 |
|                                 SAC/Q1_mean |            16.2 |
|                                 SAC/Q2_mean |              16 |
|                            Norm/actor_model |            81.4 |
|                           Norm/critic_model |            91.6 |
|              Norm/state_action_metric_model |            34.9 |
|                     Norm/state_metric_model |            36.3 |
|        Norm/state_action_state_metric_model |            35.9 |
|                  Metric/self_state_distance |        0.000483 |
|                 Metric/cross_state_distance |           0.956 |
|           Metric/self_state_action_distance |        0.000526 |
|          Metric/cross_state_action_distance |           0.941 |
|             Metric/avg_self_state_asymmetry |               0 |
|            Metric/avg_cross_state_asymmetry |         0.00215 |
|                Metric/avg_self_sa_asymmetry |               0 |
|               Metric/avg_cross_sa_asymmetry |         0.00254 |
|  Metric/self_state_action_to_state_distance |        0.000327 |
| Metric/cross_state_action_to_state_distance |           0.943 |
|                   Metric/h_lambda_diff_self |        0.000404 |
|                  Metric/h_lambda_diff_cross |         0.00361 |
|                                 Eval/Return |             138 |
-----------------------------------------------------------------
-----------------------------------------------------------------
|                                 Train/Steps |        6.48e+05 |
|                            Loss/Loss_critic |           0.105 |
|                             Loss/Loss_actor |           -17.1 |
|                             Loss/Loss_alpha |        0.000976 |
|               Loss/Loss_state_action_metric |         0.00205 |
|                      Loss/Loss_state_metric |         0.00144 |
|             Loss/Loss_state_action_to_state |        2.12e-05 |
|                           Loss/Act_rep_loss |         0.00246 |
|                                   SAC/Alpha |         0.00375 |
|                              SAC/LogPi_mean |            2.18 |
|                                 SAC/Q1_mean |            17.1 |
|                                 SAC/Q2_mean |            17.1 |
|                            Norm/actor_model |              88 |
|                           Norm/critic_model |             102 |
|              Norm/state_action_metric_model |            37.3 |
|                     Norm/state_metric_model |            39.1 |
|        Norm/state_action_state_metric_model |              38 |
|                  Metric/self_state_distance |        0.000191 |
|                 Metric/cross_state_distance |            0.96 |
|           Metric/self_state_action_distance |        0.000456 |
|          Metric/cross_state_action_distance |           0.949 |
|             Metric/avg_self_state_asymmetry |               0 |
|            Metric/avg_cross_state_asymmetry |         0.00202 |
|                Metric/avg_self_sa_asymmetry |               0 |
|               Metric/avg_cross_sa_asymmetry |         0.00224 |
|  Metric/self_state_action_to_state_distance |        0.000425 |
| Metric/cross_state_action_to_state_distance |           0.953 |
|                   Metric/h_lambda_diff_self |        0.000503 |
|                  Metric/h_lambda_diff_cross |         0.00509 |
|                                 Eval/Return |             201 |
-----------------------------------------------------------------
-----------------------------------------------------------------
|                                 Train/Steps |        7.76e+05 |
|                            Loss/Loss_critic |           0.111 |
|                             Loss/Loss_actor |           -18.1 |
|                             Loss/Loss_alpha |        -0.00061 |
|               Loss/Loss_state_action_metric |         0.00232 |
|                      Loss/Loss_state_metric |          0.0015 |
|             Loss/Loss_state_action_to_state |        1.41e-05 |
|                           Loss/Act_rep_loss |         0.00528 |
|                                   SAC/Alpha |         0.00401 |
|                              SAC/LogPi_mean |            2.73 |
|                                 SAC/Q1_mean |              18 |
|                                 SAC/Q2_mean |            18.1 |
|                            Norm/actor_model |              94 |
|                           Norm/critic_model |             111 |
|              Norm/state_action_metric_model |            40.5 |
|                     Norm/state_metric_model |            41.7 |
|        Norm/state_action_state_metric_model |            40.9 |
|                  Metric/self_state_distance |        0.000176 |
|                 Metric/cross_state_distance |           0.959 |
|           Metric/self_state_action_distance |        0.000878 |
|          Metric/cross_state_action_distance |           0.952 |
|             Metric/avg_self_state_asymmetry |               0 |
|            Metric/avg_cross_state_asymmetry |         0.00155 |
|                Metric/avg_self_sa_asymmetry |               0 |
|               Metric/avg_cross_sa_asymmetry |         0.00381 |
|  Metric/self_state_action_to_state_distance |        0.000239 |
| Metric/cross_state_action_to_state_distance |           0.952 |
|                   Metric/h_lambda_diff_self |        0.000797 |
|                  Metric/h_lambda_diff_cross |         0.00533 |
|                                 Eval/Return |             183 |
-----------------------------------------------------------------
-----------------------------------------------------------------
|                                 Train/Steps |        9.04e+05 |
|                            Loss/Loss_critic |          0.0904 |
|                             Loss/Loss_actor |             -21 |
|                             Loss/Loss_alpha |         0.00154 |
|               Loss/Loss_state_action_metric |         0.00232 |
|                      Loss/Loss_state_metric |         0.00168 |
|             Loss/Loss_state_action_to_state |        1.32e-05 |
|                           Loss/Act_rep_loss |          0.0037 |
|                                   SAC/Alpha |         0.00397 |
|                              SAC/LogPi_mean |            1.86 |
|                                 SAC/Q1_mean |              21 |
|                                 SAC/Q2_mean |            20.9 |
|                            Norm/actor_model |            99.3 |
|                           Norm/critic_model |             118 |
|              Norm/state_action_metric_model |            43.1 |
|                     Norm/state_metric_model |            44.6 |
|        Norm/state_action_state_metric_model |            43.8 |
|                  Metric/self_state_distance |        0.000164 |
|                 Metric/cross_state_distance |           0.968 |
|           Metric/self_state_action_distance |        0.000569 |
|          Metric/cross_state_action_distance |           0.961 |
|             Metric/avg_self_state_asymmetry |               0 |
|            Metric/avg_cross_state_asymmetry |         0.00173 |
|                Metric/avg_self_sa_asymmetry |               0 |
|               Metric/avg_cross_sa_asymmetry |         0.00206 |
|  Metric/self_state_action_to_state_distance |        0.000369 |
| Metric/cross_state_action_to_state_distance |            0.96 |
|                   Metric/h_lambda_diff_self |        0.000473 |
|                  Metric/h_lambda_diff_cross |         0.00243 |
|                                 Eval/Return |             244 |
-----------------------------------------------------------------
-----------------------------------------------------------------
|                                 Train/Steps |        1.03e+06 |
|                            Loss/Loss_critic |          0.0789 |
|                             Loss/Loss_actor |           -23.9 |
|                             Loss/Loss_alpha |         0.00126 |
|               Loss/Loss_state_action_metric |         0.00283 |
|                      Loss/Loss_state_metric |         0.00179 |
|             Loss/Loss_state_action_to_state |         1.9e-05 |
|                           Loss/Act_rep_loss |         0.00525 |
|                                   SAC/Alpha |         0.00387 |
|                              SAC/LogPi_mean |             2.1 |
|                                 SAC/Q1_mean |            23.8 |
|                                 SAC/Q2_mean |            23.9 |
|                            Norm/actor_model |             104 |
|                           Norm/critic_model |             124 |
|              Norm/state_action_metric_model |            46.2 |
|                     Norm/state_metric_model |              47 |
|        Norm/state_action_state_metric_model |            45.7 |
|                  Metric/self_state_distance |        0.000609 |
|                 Metric/cross_state_distance |           0.979 |
|           Metric/self_state_action_distance |        0.000343 |
|          Metric/cross_state_action_distance |           0.971 |
|             Metric/avg_self_state_asymmetry |               0 |
|            Metric/avg_cross_state_asymmetry |         0.00174 |
|                Metric/avg_self_sa_asymmetry |               0 |
|               Metric/avg_cross_sa_asymmetry |          0.0021 |
|  Metric/self_state_action_to_state_distance |        2.76e-05 |
| Metric/cross_state_action_to_state_distance |           0.972 |
|                   Metric/h_lambda_diff_self |        0.000321 |
|                  Metric/h_lambda_diff_cross |         0.00302 |
|                                 Eval/Return |             326 |
-----------------------------------------------------------------
[32mSaving model …[0m
[32mDone.[0m
[32mSaving model …[0m
[32mDone.[0m
-----------------------------------------------------------------
|                                 Train/Steps |        1.16e+06 |
|                            Loss/Loss_critic |          0.0679 |
|                             Loss/Loss_actor |           -23.5 |
|                             Loss/Loss_alpha |         0.00105 |
|               Loss/Loss_state_action_metric |         0.00227 |
|                      Loss/Loss_state_metric |         0.00168 |
|             Loss/Loss_state_action_to_state |        7.71e-06 |
|                           Loss/Act_rep_loss |         0.00499 |
|                                   SAC/Alpha |         0.00429 |
|                              SAC/LogPi_mean |             2.1 |
|                                 SAC/Q1_mean |            23.5 |
|                                 SAC/Q2_mean |            23.5 |
|                            Norm/actor_model |             109 |
|                           Norm/critic_model |             130 |
|              Norm/state_action_metric_model |            48.7 |
|                     Norm/state_metric_model |            49.4 |
|        Norm/state_action_state_metric_model |            47.8 |
|                  Metric/self_state_distance |        0.000191 |
|                 Metric/cross_state_distance |           0.973 |
|           Metric/self_state_action_distance |        0.000553 |
|          Metric/cross_state_action_distance |           0.965 |
|             Metric/avg_self_state_asymmetry |               0 |
|            Metric/avg_cross_state_asymmetry |         0.00146 |
|                Metric/avg_self_sa_asymmetry |               0 |
|               Metric/avg_cross_sa_asymmetry |         0.00171 |
|  Metric/self_state_action_to_state_distance |         8.7e-05 |
| Metric/cross_state_action_to_state_distance |           0.966 |
|                   Metric/h_lambda_diff_self |         0.00049 |
|                  Metric/h_lambda_diff_cross |         0.00245 |
|                                 Eval/Return |             332 |
-----------------------------------------------------------------
-----------------------------------------------------------------
|                                 Train/Steps |        1.29e+06 |
|                            Loss/Loss_critic |          0.0651 |
|                             Loss/Loss_actor |           -24.3 |
|                             Loss/Loss_alpha |         0.00068 |
|               Loss/Loss_state_action_metric |         0.00243 |
|                      Loss/Loss_state_metric |          0.0018 |
|             Loss/Loss_state_action_to_state |        7.28e-06 |
|                           Loss/Act_rep_loss |         0.00453 |
|                                   SAC/Alpha |         0.00439 |
|                              SAC/LogPi_mean |            2.26 |
|                                 SAC/Q1_mean |            24.3 |
|                                 SAC/Q2_mean |            24.4 |
|                            Norm/actor_model |             113 |
|                           Norm/critic_model |             136 |
|              Norm/state_action_metric_model |            51.4 |
|                     Norm/state_metric_model |            51.4 |
|        Norm/state_action_state_metric_model |            50.1 |
|                  Metric/self_state_distance |        0.000165 |
|                 Metric/cross_state_distance |           0.975 |
|           Metric/self_state_action_distance |        0.000452 |
|          Metric/cross_state_action_distance |           0.965 |
|             Metric/avg_self_state_asymmetry |               0 |
|            Metric/avg_cross_state_asymmetry |         0.00147 |
|                Metric/avg_self_sa_asymmetry |               0 |
|               Metric/avg_cross_sa_asymmetry |         0.00178 |
|  Metric/self_state_action_to_state_distance |        3.24e-05 |
| Metric/cross_state_action_to_state_distance |           0.967 |
|                   Metric/h_lambda_diff_self |        0.000442 |
|                  Metric/h_lambda_diff_cross |         0.00294 |
|                                 Eval/Return |             411 |
-----------------------------------------------------------------
-----------------------------------------------------------------
|                                 Train/Steps |        1.42e+06 |
|                            Loss/Loss_critic |           0.075 |
|                             Loss/Loss_actor |           -27.7 |
|                             Loss/Loss_alpha |        0.000327 |
|               Loss/Loss_state_action_metric |         0.00263 |
|                      Loss/Loss_state_metric |         0.00194 |
|             Loss/Loss_state_action_to_state |        1.21e-05 |
|                           Loss/Act_rep_loss |         0.00713 |
|                                   SAC/Alpha |         0.00415 |
|                              SAC/LogPi_mean |            2.42 |
|                                 SAC/Q1_mean |            27.7 |
|                                 SAC/Q2_mean |            27.7 |
|                            Norm/actor_model |             117 |
|                           Norm/critic_model |             141 |
|              Norm/state_action_metric_model |              54 |
|                     Norm/state_metric_model |            53.5 |
|        Norm/state_action_state_metric_model |            52.8 |
|                  Metric/self_state_distance |        0.000165 |
|                 Metric/cross_state_distance |           0.986 |
|           Metric/self_state_action_distance |        0.000578 |
|          Metric/cross_state_action_distance |           0.983 |
|             Metric/avg_self_state_asymmetry |               0 |
|            Metric/avg_cross_state_asymmetry |         0.00143 |
|                Metric/avg_self_sa_asymmetry |               0 |
|               Metric/avg_cross_sa_asymmetry |         0.00171 |
|  Metric/self_state_action_to_state_distance |        0.000179 |
| Metric/cross_state_action_to_state_distance |           0.981 |
|                   Metric/h_lambda_diff_self |        0.000485 |
|                  Metric/h_lambda_diff_cross |         0.00281 |
|                                 Eval/Return |             379 |
-----------------------------------------------------------------
-----------------------------------------------------------------
|                                 Train/Steps |        1.54e+06 |
|                            Loss/Loss_critic |           0.147 |
|                             Loss/Loss_actor |           -28.8 |
|                             Loss/Loss_alpha |         0.00126 |
|               Loss/Loss_state_action_metric |         0.00272 |
|                      Loss/Loss_state_metric |         0.00194 |
|             Loss/Loss_state_action_to_state |        8.88e-06 |
|                           Loss/Act_rep_loss |         0.00601 |
|                                   SAC/Alpha |         0.00407 |
|                              SAC/LogPi_mean |            2.06 |
|                                 SAC/Q1_mean |            28.9 |
|                                 SAC/Q2_mean |            28.8 |
|                            Norm/actor_model |             121 |
|                           Norm/critic_model |             146 |
|              Norm/state_action_metric_model |            56.7 |
|                     Norm/state_metric_model |              56 |
|        Norm/state_action_state_metric_model |            55.2 |
|                  Metric/self_state_distance |        0.000297 |
|                 Metric/cross_state_distance |            0.99 |
|           Metric/self_state_action_distance |         0.00062 |
|          Metric/cross_state_action_distance |           0.984 |
|             Metric/avg_self_state_asymmetry |               0 |
|            Metric/avg_cross_state_asymmetry |         0.00152 |
|                Metric/avg_self_sa_asymmetry |               0 |
|               Metric/avg_cross_sa_asymmetry |         0.00161 |
|  Metric/self_state_action_to_state_distance |        0.000299 |
| Metric/cross_state_action_to_state_distance |           0.987 |
|                   Metric/h_lambda_diff_self |        0.000586 |
|                  Metric/h_lambda_diff_cross |         0.00314 |
|                                 Eval/Return |             364 |
-----------------------------------------------------------------
-----------------------------------------------------------------
|                                 Train/Steps |        1.67e+06 |
|                            Loss/Loss_critic |          0.0724 |
|                             Loss/Loss_actor |           -32.5 |
|                             Loss/Loss_alpha |       -0.000836 |
|               Loss/Loss_state_action_metric |         0.00279 |
|                      Loss/Loss_state_metric |         0.00209 |
|             Loss/Loss_state_action_to_state |         6.7e-06 |
|                           Loss/Act_rep_loss |         0.00934 |
|                                   SAC/Alpha |         0.00439 |
|                              SAC/LogPi_mean |            2.62 |
|                                 SAC/Q1_mean |            32.5 |
|                                 SAC/Q2_mean |            32.4 |
|                            Norm/actor_model |             125 |
|                           Norm/critic_model |             150 |
|              Norm/state_action_metric_model |            59.1 |
|                     Norm/state_metric_model |            58.2 |
|        Norm/state_action_state_metric_model |            57.4 |
|                  Metric/self_state_distance |        0.000234 |
|                 Metric/cross_state_distance |           0.999 |
|           Metric/self_state_action_distance |        0.000705 |
|          Metric/cross_state_action_distance |           0.998 |
|             Metric/avg_self_state_asymmetry |               0 |
|            Metric/avg_cross_state_asymmetry |         0.00124 |
|                Metric/avg_self_sa_asymmetry |               0 |
|               Metric/avg_cross_sa_asymmetry |         0.00169 |
|  Metric/self_state_action_to_state_distance |        9.01e-05 |
| Metric/cross_state_action_to_state_distance |           0.998 |
|                   Metric/h_lambda_diff_self |        0.000624 |
|                  Metric/h_lambda_diff_cross |         0.00232 |
|                                 Eval/Return |             411 |
-----------------------------------------------------------------
-----------------------------------------------------------------
|                                 Train/Steps |         1.8e+06 |
|                            Loss/Loss_critic |          0.0786 |
|                             Loss/Loss_actor |           -32.2 |
|                             Loss/Loss_alpha |         -0.0014 |
|               Loss/Loss_state_action_metric |         0.00331 |
|                      Loss/Loss_state_metric |         0.00215 |
|             Loss/Loss_state_action_to_state |        4.92e-06 |
|                           Loss/Act_rep_loss |          0.0103 |
|                                   SAC/Alpha |         0.00448 |
|                              SAC/LogPi_mean |            2.78 |
|                                 SAC/Q1_mean |            32.3 |
|                                 SAC/Q2_mean |            32.2 |
|                            Norm/actor_model |             129 |
|                           Norm/critic_model |             155 |
|              Norm/state_action_metric_model |            61.4 |
|                     Norm/state_metric_model |            60.2 |
|        Norm/state_action_state_metric_model |            59.3 |
|                  Metric/self_state_distance |        0.000189 |
|                 Metric/cross_state_distance |               1 |
|           Metric/self_state_action_distance |        0.000341 |
|          Metric/cross_state_action_distance |               1 |
|             Metric/avg_self_state_asymmetry |               0 |
|            Metric/avg_cross_state_asymmetry |          0.0012 |
|                Metric/avg_self_sa_asymmetry |               0 |
|               Metric/avg_cross_sa_asymmetry |         0.00172 |
|  Metric/self_state_action_to_state_distance |        0.000115 |
| Metric/cross_state_action_to_state_distance |               1 |
|                   Metric/h_lambda_diff_self |        0.000318 |
|                  Metric/h_lambda_diff_cross |         0.00247 |
|                                 Eval/Return |             459 |
-----------------------------------------------------------------
-----------------------------------------------------------------
|                                 Train/Steps |        1.93e+06 |
|                            Loss/Loss_critic |          0.0453 |
|                             Loss/Loss_actor |           -34.4 |
|                             Loss/Loss_alpha |         0.00146 |
|               Loss/Loss_state_action_metric |         0.00313 |
|                      Loss/Loss_state_metric |         0.00214 |
|             Loss/Loss_state_action_to_state |        5.16e-06 |
|                           Loss/Act_rep_loss |         0.00975 |
|                                   SAC/Alpha |         0.00453 |
|                              SAC/LogPi_mean |            2.07 |
|                                 SAC/Q1_mean |            34.5 |
|                                 SAC/Q2_mean |            34.4 |
|                            Norm/actor_model |             133 |
|                           Norm/critic_model |             159 |
|              Norm/state_action_metric_model |              64 |
|                     Norm/state_metric_model |            61.8 |
|        Norm/state_action_state_metric_model |            62.1 |
|                  Metric/self_state_distance |        0.000102 |
|                 Metric/cross_state_distance |               1 |
|           Metric/self_state_action_distance |        0.000592 |
|          Metric/cross_state_action_distance |               1 |
|             Metric/avg_self_state_asymmetry |               0 |
|            Metric/avg_cross_state_asymmetry |         0.00112 |
|                Metric/avg_self_sa_asymmetry |               0 |
|               Metric/avg_cross_sa_asymmetry |         0.00142 |
|  Metric/self_state_action_to_state_distance |        1.43e-05 |
| Metric/cross_state_action_to_state_distance |               1 |
|                   Metric/h_lambda_diff_self |        0.000578 |
|                  Metric/h_lambda_diff_cross |         0.00195 |
|                                 Eval/Return |             477 |
-----------------------------------------------------------------
-----------------------------------------------------------------
|                                 Train/Steps |        2.06e+06 |
|                            Loss/Loss_critic |          0.0494 |
|                             Loss/Loss_actor |             -36 |
|                             Loss/Loss_alpha |        -0.00173 |
|               Loss/Loss_state_action_metric |         0.00294 |
|                      Loss/Loss_state_metric |         0.00219 |
|             Loss/Loss_state_action_to_state |        4.95e-06 |
|                           Loss/Act_rep_loss |          0.0102 |
|                                   SAC/Alpha |         0.00433 |
|                              SAC/LogPi_mean |            2.71 |
|                                 SAC/Q1_mean |              36 |
|                                 SAC/Q2_mean |              36 |
|                            Norm/actor_model |             136 |
|                           Norm/critic_model |             164 |
|              Norm/state_action_metric_model |            66.4 |
|                     Norm/state_metric_model |            63.9 |
|        Norm/state_action_state_metric_model |            63.9 |
|                  Metric/self_state_distance |        6.38e-05 |
|                 Metric/cross_state_distance |            1.01 |
|           Metric/self_state_action_distance |         0.00027 |
|          Metric/cross_state_action_distance |            1.01 |
|             Metric/avg_self_state_asymmetry |               0 |
|            Metric/avg_cross_state_asymmetry |        0.000872 |
|                Metric/avg_self_sa_asymmetry |               0 |
|               Metric/avg_cross_sa_asymmetry |         0.00145 |
|  Metric/self_state_action_to_state_distance |        0.000109 |
| Metric/cross_state_action_to_state_distance |            1.01 |
|                   Metric/h_lambda_diff_self |        0.000278 |
|                  Metric/h_lambda_diff_cross |         0.00219 |
|                                 Eval/Return |             480 |
-----------------------------------------------------------------
[32mSaving model …[0m
[32mDone.[0m
[32mSaving model …[0m
[32mDone.[0m
-----------------------------------------------------------------
|                                 Train/Steps |        2.18e+06 |
|                            Loss/Loss_critic |          0.0489 |
|                             Loss/Loss_actor |           -33.4 |
|                             Loss/Loss_alpha |       -0.000465 |
|               Loss/Loss_state_action_metric |         0.00294 |
|                      Loss/Loss_state_metric |         0.00218 |
|             Loss/Loss_state_action_to_state |         3.9e-06 |
|                           Loss/Act_rep_loss |          0.0105 |
|                                   SAC/Alpha |         0.00402 |
|                              SAC/LogPi_mean |            2.75 |
|                                 SAC/Q1_mean |            33.5 |
|                                 SAC/Q2_mean |            33.4 |
|                            Norm/actor_model |             139 |
|                           Norm/critic_model |             168 |
|              Norm/state_action_metric_model |            68.6 |
|                     Norm/state_metric_model |            65.8 |
|        Norm/state_action_state_metric_model |            65.9 |
|                  Metric/self_state_distance |        4.43e-05 |
|                 Metric/cross_state_distance |               1 |
|           Metric/self_state_action_distance |        0.000297 |
|          Metric/cross_state_action_distance |               1 |
|             Metric/avg_self_state_asymmetry |               0 |
|            Metric/avg_cross_state_asymmetry |        0.000845 |
|                Metric/avg_self_sa_asymmetry |               0 |
|               Metric/avg_cross_sa_asymmetry |         0.00121 |
|  Metric/self_state_action_to_state_distance |        0.000187 |
| Metric/cross_state_action_to_state_distance |           0.999 |
|                   Metric/h_lambda_diff_self |        0.000287 |
|                  Metric/h_lambda_diff_cross |         0.00296 |
|                                 Eval/Return |             421 |
-----------------------------------------------------------------
-----------------------------------------------------------------
|                                 Train/Steps |        2.31e+06 |
|                            Loss/Loss_critic |          0.0414 |
|                             Loss/Loss_actor |           -37.9 |
|                             Loss/Loss_alpha |        7.23e-05 |
|               Loss/Loss_state_action_metric |         0.00335 |
|                      Loss/Loss_state_metric |         0.00219 |
|             Loss/Loss_state_action_to_state |        4.84e-06 |
|                           Loss/Act_rep_loss |          0.0103 |
|                                   SAC/Alpha |         0.00444 |
|                              SAC/LogPi_mean |            2.52 |
|                                 SAC/Q1_mean |            37.9 |
|                                 SAC/Q2_mean |            37.9 |
|                            Norm/actor_model |             143 |
|                           Norm/critic_model |             172 |
|              Norm/state_action_metric_model |            70.7 |
|                     Norm/state_metric_model |            67.7 |
|        Norm/state_action_state_metric_model |            67.8 |
|                  Metric/self_state_distance |        0.000215 |
|                 Metric/cross_state_distance |            1.01 |
|           Metric/self_state_action_distance |        0.000277 |
|          Metric/cross_state_action_distance |            1.01 |
|             Metric/avg_self_state_asymmetry |               0 |
|            Metric/avg_cross_state_asymmetry |         0.00091 |
|                Metric/avg_self_sa_asymmetry |               0 |
|               Metric/avg_cross_sa_asymmetry |         0.00125 |
|  Metric/self_state_action_to_state_distance |        0.000185 |
| Metric/cross_state_action_to_state_distance |            1.01 |
|                   Metric/h_lambda_diff_self |        0.000254 |
|                  Metric/h_lambda_diff_cross |         0.00184 |
|                                 Eval/Return |             499 |
-----------------------------------------------------------------
-----------------------------------------------------------------
|                                 Train/Steps |        2.44e+06 |
|                            Loss/Loss_critic |          0.0729 |
|                             Loss/Loss_actor |           -37.4 |
|                             Loss/Loss_alpha |         0.00163 |
|               Loss/Loss_state_action_metric |         0.00334 |
|                      Loss/Loss_state_metric |         0.00222 |
|             Loss/Loss_state_action_to_state |        4.44e-06 |
|                           Loss/Act_rep_loss |          0.0099 |
|                                   SAC/Alpha |          0.0048 |
|                              SAC/LogPi_mean |            2.17 |
|                                 SAC/Q1_mean |            37.4 |
|                                 SAC/Q2_mean |            37.5 |
|                            Norm/actor_model |             146 |
|                           Norm/critic_model |             176 |
|              Norm/state_action_metric_model |            72.9 |
|                     Norm/state_metric_model |            69.4 |
|        Norm/state_action_state_metric_model |            69.8 |
|                  Metric/self_state_distance |        8.39e-05 |
|                 Metric/cross_state_distance |            1.01 |
|           Metric/self_state_action_distance |        0.000335 |
|          Metric/cross_state_action_distance |            1.01 |
|             Metric/avg_self_state_asymmetry |               0 |
|            Metric/avg_cross_state_asymmetry |        0.000749 |
|                Metric/avg_self_sa_asymmetry |               0 |
|               Metric/avg_cross_sa_asymmetry |         0.00114 |
|  Metric/self_state_action_to_state_distance |        0.000177 |
| Metric/cross_state_action_to_state_distance |            1.01 |
|                   Metric/h_lambda_diff_self |        0.000261 |
|                  Metric/h_lambda_diff_cross |         0.00177 |
|                                 Eval/Return |             460 |
-----------------------------------------------------------------
-----------------------------------------------------------------
|                                 Train/Steps |        2.57e+06 |
|                            Loss/Loss_critic |          0.0417 |
|                             Loss/Loss_actor |           -40.7 |
|                             Loss/Loss_alpha |         0.00092 |
|               Loss/Loss_state_action_metric |         0.00361 |
|                      Loss/Loss_state_metric |          0.0023 |
|             Loss/Loss_state_action_to_state |        3.75e-06 |
|                           Loss/Act_rep_loss |          0.0103 |
|                                   SAC/Alpha |         0.00439 |
|                              SAC/LogPi_mean |             2.3 |
|                                 SAC/Q1_mean |            40.7 |
|                                 SAC/Q2_mean |            40.7 |
|                            Norm/actor_model |             149 |
|                           Norm/critic_model |             180 |
|              Norm/state_action_metric_model |            75.1 |
|                     Norm/state_metric_model |              71 |
|        Norm/state_action_state_metric_model |              72 |
|                  Metric/self_state_distance |        0.000133 |
|                 Metric/cross_state_distance |            1.01 |
|           Metric/self_state_action_distance |        0.000225 |
|          Metric/cross_state_action_distance |            1.01 |
|             Metric/avg_self_state_asymmetry |               0 |
|            Metric/avg_cross_state_asymmetry |        0.000967 |
|                Metric/avg_self_sa_asymmetry |               0 |
|               Metric/avg_cross_sa_asymmetry |         0.00126 |
|  Metric/self_state_action_to_state_distance |        0.000154 |
| Metric/cross_state_action_to_state_distance |            1.01 |
|                   Metric/h_lambda_diff_self |        0.000239 |
|                  Metric/h_lambda_diff_cross |         0.00238 |
|                                 Eval/Return |             474 |
-----------------------------------------------------------------
-----------------------------------------------------------------
|                                 Train/Steps |         2.7e+06 |
|                            Loss/Loss_critic |          0.0445 |
|                             Loss/Loss_actor |             -40 |
|                             Loss/Loss_alpha |        0.000108 |
|               Loss/Loss_state_action_metric |         0.00342 |
|                      Loss/Loss_state_metric |         0.00233 |
|             Loss/Loss_state_action_to_state |        5.33e-06 |
|                           Loss/Act_rep_loss |          0.0112 |
|                                   SAC/Alpha |         0.00448 |
|                              SAC/LogPi_mean |            2.18 |
|                                 SAC/Q1_mean |              40 |
|                                 SAC/Q2_mean |            40.1 |
|                            Norm/actor_model |             152 |
|                           Norm/critic_model |             184 |
|              Norm/state_action_metric_model |            77.1 |
|                     Norm/state_metric_model |            72.9 |
|        Norm/state_action_state_metric_model |            74.1 |
|                  Metric/self_state_distance |        3.45e-05 |
|                 Metric/cross_state_distance |            1.02 |
|           Metric/self_state_action_distance |        0.000456 |
|          Metric/cross_state_action_distance |            1.02 |
|             Metric/avg_self_state_asymmetry |               0 |
|            Metric/avg_cross_state_asymmetry |        0.000783 |
|                Metric/avg_self_sa_asymmetry |               0 |
|               Metric/avg_cross_sa_asymmetry |         0.00129 |
|  Metric/self_state_action_to_state_distance |        0.000154 |
| Metric/cross_state_action_to_state_distance |            1.02 |
|                   Metric/h_lambda_diff_self |        0.000396 |
|                  Metric/h_lambda_diff_cross |         0.00172 |
|                                 Eval/Return |             489 |
-----------------------------------------------------------------
-----------------------------------------------------------------
|                                 Train/Steps |        2.82e+06 |
|                            Loss/Loss_critic |          0.0535 |
|                             Loss/Loss_actor |           -40.9 |
|                             Loss/Loss_alpha |        -0.00257 |
|               Loss/Loss_state_action_metric |         0.00339 |
|                      Loss/Loss_state_metric |         0.00229 |
|             Loss/Loss_state_action_to_state |        3.08e-06 |
|                           Loss/Act_rep_loss |          0.0106 |
|                                   SAC/Alpha |         0.00451 |
|                              SAC/LogPi_mean |            3.03 |
|                                 SAC/Q1_mean |              41 |
|                                 SAC/Q2_mean |            40.9 |
|                            Norm/actor_model |             155 |
|                           Norm/critic_model |             188 |
|              Norm/state_action_metric_model |            79.2 |
|                     Norm/state_metric_model |            74.3 |
|        Norm/state_action_state_metric_model |            76.2 |
|                  Metric/self_state_distance |        8.88e-05 |
|                 Metric/cross_state_distance |            1.01 |
|           Metric/self_state_action_distance |        0.000251 |
|          Metric/cross_state_action_distance |            1.02 |
|             Metric/avg_self_state_asymmetry |               0 |
|            Metric/avg_cross_state_asymmetry |        0.000802 |
|                Metric/avg_self_sa_asymmetry |               0 |
|               Metric/avg_cross_sa_asymmetry |          0.0012 |
|  Metric/self_state_action_to_state_distance |        0.000148 |
| Metric/cross_state_action_to_state_distance |            1.02 |
|                   Metric/h_lambda_diff_self |        0.000202 |
|                  Metric/h_lambda_diff_cross |         0.00185 |
|                                 Eval/Return |             403 |
-----------------------------------------------------------------
-----------------------------------------------------------------
|                                 Train/Steps |        2.95e+06 |
|                            Loss/Loss_critic |           0.031 |
|                             Loss/Loss_actor |             -38 |
|                             Loss/Loss_alpha |        4.11e-05 |
|               Loss/Loss_state_action_metric |         0.00307 |
|                      Loss/Loss_state_metric |         0.00227 |
|             Loss/Loss_state_action_to_state |        2.98e-06 |
|                           Loss/Act_rep_loss |         0.00944 |
|                                   SAC/Alpha |         0.00464 |
|                              SAC/LogPi_mean |            2.59 |
|                                 SAC/Q1_mean |              38 |
|                                 SAC/Q2_mean |              38 |
|                            Norm/actor_model |             158 |
|                           Norm/critic_model |             191 |
|              Norm/state_action_metric_model |            81.2 |
|                     Norm/state_metric_model |            75.9 |
|        Norm/state_action_state_metric_model |            78.2 |
|                  Metric/self_state_distance |        9.09e-05 |
|                 Metric/cross_state_distance |            1.01 |
|           Metric/self_state_action_distance |        0.000102 |
|          Metric/cross_state_action_distance |            1.01 |
|             Metric/avg_self_state_asymmetry |               0 |
|            Metric/avg_cross_state_asymmetry |         0.00074 |
|                Metric/avg_self_sa_asymmetry |               0 |
|               Metric/avg_cross_sa_asymmetry |          0.0013 |
|  Metric/self_state_action_to_state_distance |        4.78e-05 |
| Metric/cross_state_action_to_state_distance |            1.01 |
|                   Metric/h_lambda_diff_self |        8.54e-05 |
|                  Metric/h_lambda_diff_cross |         0.00159 |
|                                 Eval/Return |             419 |
-----------------------------------------------------------------
-----------------------------------------------------------------
|                                 Train/Steps |        3.08e+06 |
|                            Loss/Loss_critic |          0.0349 |
|                             Loss/Loss_actor |             -41 |
|                             Loss/Loss_alpha |         0.00106 |
|               Loss/Loss_state_action_metric |         0.00325 |
|                      Loss/Loss_state_metric |         0.00224 |
|             Loss/Loss_state_action_to_state |        3.32e-06 |
|                           Loss/Act_rep_loss |         0.00901 |
|                                   SAC/Alpha |         0.00469 |
|                              SAC/LogPi_mean |            2.37 |
|                                 SAC/Q1_mean |              41 |
|                                 SAC/Q2_mean |              41 |
|                            Norm/actor_model |             161 |
|                           Norm/critic_model |             195 |
|              Norm/state_action_metric_model |            83.2 |
|                     Norm/state_metric_model |            77.3 |
|        Norm/state_action_state_metric_model |            80.1 |
|                  Metric/self_state_distance |        4.21e-05 |
|                 Metric/cross_state_distance |            1.01 |
|           Metric/self_state_action_distance |        0.000141 |
|          Metric/cross_state_action_distance |            1.01 |
|             Metric/avg_self_state_asymmetry |               0 |
|            Metric/avg_cross_state_asymmetry |        0.000739 |
|                Metric/avg_self_sa_asymmetry |               0 |
|               Metric/avg_cross_sa_asymmetry |         0.00113 |
|  Metric/self_state_action_to_state_distance |        0.000184 |
| Metric/cross_state_action_to_state_distance |            1.01 |
|                   Metric/h_lambda_diff_self |        0.000191 |
|                  Metric/h_lambda_diff_cross |         0.00188 |
|                                 Eval/Return |             500 |
-----------------------------------------------------------------
[32mSaving model …[0m
[32mDone.[0m
[32mSaving model …[0m
[32mDone.[0m
-----------------------------------------------------------------
|                                 Train/Steps |        3.21e+06 |
|                            Loss/Loss_critic |          0.0342 |
|                             Loss/Loss_actor |           -37.8 |
|                             Loss/Loss_alpha |         0.00101 |
|               Loss/Loss_state_action_metric |         0.00323 |
|                      Loss/Loss_state_metric |          0.0024 |
|             Loss/Loss_state_action_to_state |        3.04e-06 |
|                           Loss/Act_rep_loss |           0.012 |
|                                   SAC/Alpha |         0.00454 |
|                              SAC/LogPi_mean |            2.15 |
|                                 SAC/Q1_mean |            37.8 |
|                                 SAC/Q2_mean |            37.9 |
|                            Norm/actor_model |             163 |
|                           Norm/critic_model |             198 |
|              Norm/state_action_metric_model |            85.1 |
|                     Norm/state_metric_model |            78.9 |
|        Norm/state_action_state_metric_model |            81.5 |
|                  Metric/self_state_distance |        6.68e-05 |
|                 Metric/cross_state_distance |            1.02 |
|           Metric/self_state_action_distance |        0.000559 |
|          Metric/cross_state_action_distance |            1.02 |
|             Metric/avg_self_state_asymmetry |               0 |
|            Metric/avg_cross_state_asymmetry |        0.000676 |
|                Metric/avg_self_sa_asymmetry |               0 |
|               Metric/avg_cross_sa_asymmetry |         0.00106 |
|  Metric/self_state_action_to_state_distance |        0.000109 |
| Metric/cross_state_action_to_state_distance |            1.02 |
|                   Metric/h_lambda_diff_self |        0.000472 |
|                  Metric/h_lambda_diff_cross |         0.00196 |
|                                 Eval/Return |             473 |
-----------------------------------------------------------------
-----------------------------------------------------------------
|                                 Train/Steps |        3.34e+06 |
|                            Loss/Loss_critic |          0.0239 |
|                             Loss/Loss_actor |           -41.1 |
|                             Loss/Loss_alpha |         0.00291 |
|               Loss/Loss_state_action_metric |          0.0032 |
|                      Loss/Loss_state_metric |         0.00238 |
|             Loss/Loss_state_action_to_state |        3.18e-06 |
|                           Loss/Act_rep_loss |          0.0104 |
|                                   SAC/Alpha |         0.00466 |
|                              SAC/LogPi_mean |               2 |
|                                 SAC/Q1_mean |            41.1 |
|                                 SAC/Q2_mean |            41.1 |
|                            Norm/actor_model |             166 |
|                           Norm/critic_model |             201 |
|              Norm/state_action_metric_model |            87.1 |
|                     Norm/state_metric_model |            80.7 |
|        Norm/state_action_state_metric_model |            83.5 |
|                  Metric/self_state_distance |        6.02e-05 |
|                 Metric/cross_state_distance |            1.02 |
|           Metric/self_state_action_distance |        0.000392 |
|          Metric/cross_state_action_distance |            1.02 |
|             Metric/avg_self_state_asymmetry |               0 |
|            Metric/avg_cross_state_asymmetry |         0.00072 |
|                Metric/avg_self_sa_asymmetry |               0 |
|               Metric/avg_cross_sa_asymmetry |         0.00101 |
|  Metric/self_state_action_to_state_distance |        0.000176 |
| Metric/cross_state_action_to_state_distance |            1.02 |
|                   Metric/h_lambda_diff_self |        0.000332 |
|                  Metric/h_lambda_diff_cross |          0.0017 |
|                                 Eval/Return |             452 |
-----------------------------------------------------------------
-----------------------------------------------------------------
|                                 Train/Steps |        3.46e+06 |
|                            Loss/Loss_critic |          0.0283 |
|                             Loss/Loss_actor |           -40.6 |
|                             Loss/Loss_alpha |        0.000908 |
|               Loss/Loss_state_action_metric |         0.00308 |
|                      Loss/Loss_state_metric |         0.00228 |
|             Loss/Loss_state_action_to_state |        2.54e-06 |
|                           Loss/Act_rep_loss |          0.0116 |
|                                   SAC/Alpha |         0.00453 |
|                              SAC/LogPi_mean |            2.35 |
|                                 SAC/Q1_mean |            40.6 |
|                                 SAC/Q2_mean |            40.6 |
|                            Norm/actor_model |             169 |
|                           Norm/critic_model |             205 |
|              Norm/state_action_metric_model |              89 |
|                     Norm/state_metric_model |            81.8 |
|        Norm/state_action_state_metric_model |            85.4 |
|                  Metric/self_state_distance |        0.000106 |
|                 Metric/cross_state_distance |            1.01 |
|           Metric/self_state_action_distance |        0.000211 |
|          Metric/cross_state_action_distance |            1.02 |
|             Metric/avg_self_state_asymmetry |               0 |
|            Metric/avg_cross_state_asymmetry |        0.000738 |
|                Metric/avg_self_sa_asymmetry |               0 |
|               Metric/avg_cross_sa_asymmetry |         0.00113 |
|  Metric/self_state_action_to_state_distance |        0.000117 |
| Metric/cross_state_action_to_state_distance |            1.01 |
|                   Metric/h_lambda_diff_self |        0.000216 |
|                  Metric/h_lambda_diff_cross |         0.00212 |
|                                 Eval/Return |             456 |
-----------------------------------------------------------------
-----------------------------------------------------------------
|                                 Train/Steps |        3.59e+06 |
|                            Loss/Loss_critic |          0.0462 |
|                             Loss/Loss_actor |           -41.5 |
|                             Loss/Loss_alpha |        0.000526 |
|               Loss/Loss_state_action_metric |         0.00369 |
|                      Loss/Loss_state_metric |          0.0023 |
|             Loss/Loss_state_action_to_state |         5.3e-06 |
|                           Loss/Act_rep_loss |         0.00929 |
|                                   SAC/Alpha |          0.0047 |
|                              SAC/LogPi_mean |            2.26 |
|                                 SAC/Q1_mean |            41.6 |
|                                 SAC/Q2_mean |            41.5 |
|                            Norm/actor_model |             171 |
|                           Norm/critic_model |             208 |
|              Norm/state_action_metric_model |            90.9 |
|                     Norm/state_metric_model |            83.4 |
|        Norm/state_action_state_metric_model |            87.4 |
|                  Metric/self_state_distance |        8.02e-05 |
|                 Metric/cross_state_distance |            1.02 |
|           Metric/self_state_action_distance |        0.000795 |
|          Metric/cross_state_action_distance |            1.02 |
|             Metric/avg_self_state_asymmetry |               0 |
|            Metric/avg_cross_state_asymmetry |         0.00107 |
|                Metric/avg_self_sa_asymmetry |               0 |
|               Metric/avg_cross_sa_asymmetry |         0.00134 |
|  Metric/self_state_action_to_state_distance |        0.000556 |
| Metric/cross_state_action_to_state_distance |            1.02 |
|                   Metric/h_lambda_diff_self |        0.000895 |
|                  Metric/h_lambda_diff_cross |         0.00248 |
|                                 Eval/Return |             442 |
-----------------------------------------------------------------
-----------------------------------------------------------------
|                                 Train/Steps |        3.72e+06 |
|                            Loss/Loss_critic |          0.0363 |
|                             Loss/Loss_actor |           -42.9 |
|                             Loss/Loss_alpha |         0.00061 |
|               Loss/Loss_state_action_metric |         0.00396 |
|                      Loss/Loss_state_metric |         0.00227 |
|             Loss/Loss_state_action_to_state |        2.84e-06 |
|                           Loss/Act_rep_loss |          0.0115 |
|                                   SAC/Alpha |         0.00434 |
|                              SAC/LogPi_mean |            2.23 |
|                                 SAC/Q1_mean |              43 |
|                                 SAC/Q2_mean |            42.9 |
|                            Norm/actor_model |             174 |
|                           Norm/critic_model |             211 |
|              Norm/state_action_metric_model |            92.8 |
|                     Norm/state_metric_model |            84.7 |
|        Norm/state_action_state_metric_model |            89.1 |
|                  Metric/self_state_distance |        0.000452 |
|                 Metric/cross_state_distance |            1.01 |
|           Metric/self_state_action_distance |        0.000181 |
|          Metric/cross_state_action_distance |            1.02 |
|             Metric/avg_self_state_asymmetry |               0 |
|            Metric/avg_cross_state_asymmetry |        0.000785 |
|                Metric/avg_self_sa_asymmetry |               0 |
|               Metric/avg_cross_sa_asymmetry |         0.00108 |
|  Metric/self_state_action_to_state_distance |        0.000206 |
| Metric/cross_state_action_to_state_distance |            1.02 |
|                   Metric/h_lambda_diff_self |        0.000219 |
|                  Metric/h_lambda_diff_cross |         0.00137 |
|                                 Eval/Return |             430 |
-----------------------------------------------------------------
-----------------------------------------------------------------
|                                 Train/Steps |        3.85e+06 |
|                            Loss/Loss_critic |          0.0405 |
|                             Loss/Loss_actor |           -45.6 |
|                             Loss/Loss_alpha |       -0.000772 |
|               Loss/Loss_state_action_metric |         0.00317 |
|                      Loss/Loss_state_metric |         0.00222 |
|             Loss/Loss_state_action_to_state |        7.88e-06 |
|                           Loss/Act_rep_loss |          0.0113 |
|                                   SAC/Alpha |         0.00461 |
|                              SAC/LogPi_mean |            2.51 |
|                                 SAC/Q1_mean |            45.6 |
|                                 SAC/Q2_mean |            45.7 |
|                            Norm/actor_model |             176 |
|                           Norm/critic_model |             214 |
|              Norm/state_action_metric_model |            94.5 |
|                     Norm/state_metric_model |            86.3 |
|        Norm/state_action_state_metric_model |            90.8 |
|                  Metric/self_state_distance |         0.00014 |
|                 Metric/cross_state_distance |            1.02 |
|           Metric/self_state_action_distance |        0.000225 |
|          Metric/cross_state_action_distance |            1.02 |
|             Metric/avg_self_state_asymmetry |               0 |
|            Metric/avg_cross_state_asymmetry |        0.000694 |
|                Metric/avg_self_sa_asymmetry |               0 |
|               Metric/avg_cross_sa_asymmetry |         0.00113 |
|  Metric/self_state_action_to_state_distance |        0.000142 |
| Metric/cross_state_action_to_state_distance |            1.02 |
|                   Metric/h_lambda_diff_self |        0.000196 |
|                  Metric/h_lambda_diff_cross |         0.00169 |
|                                 Eval/Return |             475 |
-----------------------------------------------------------------
-----------------------------------------------------------------
|                                 Train/Steps |        3.98e+06 |
|                            Loss/Loss_critic |          0.0349 |
|                             Loss/Loss_actor |           -42.3 |
|                             Loss/Loss_alpha |        -0.00142 |
|               Loss/Loss_state_action_metric |         0.00393 |
|                      Loss/Loss_state_metric |          0.0023 |
|             Loss/Loss_state_action_to_state |        2.87e-06 |
|                           Loss/Act_rep_loss |         0.00988 |
|                                   SAC/Alpha |         0.00485 |
|                              SAC/LogPi_mean |            2.86 |
|                                 SAC/Q1_mean |            42.4 |
|                                 SAC/Q2_mean |            42.3 |
|                            Norm/actor_model |             178 |
|                           Norm/critic_model |             217 |
|              Norm/state_action_metric_model |            96.2 |
|                     Norm/state_metric_model |            87.5 |
|        Norm/state_action_state_metric_model |            92.1 |
|                  Metric/self_state_distance |        9.07e-05 |
|                 Metric/cross_state_distance |            1.01 |
|           Metric/self_state_action_distance |        0.000265 |
|          Metric/cross_state_action_distance |            1.01 |
|             Metric/avg_self_state_asymmetry |               0 |
|            Metric/avg_cross_state_asymmetry |        0.000654 |
|                Metric/avg_self_sa_asymmetry |               0 |
|               Metric/avg_cross_sa_asymmetry |           0.001 |
|  Metric/self_state_action_to_state_distance |        7.42e-05 |
| Metric/cross_state_action_to_state_distance |            1.02 |
|                   Metric/h_lambda_diff_self |        0.000249 |
|                  Metric/h_lambda_diff_cross |         0.00158 |
|                                 Eval/Return |             511 |
-----------------------------------------------------------------
-----------------------------------------------------------------
|                                 Train/Steps |         4.1e+06 |
|                            Loss/Loss_critic |          0.0374 |
|                             Loss/Loss_actor |           -43.2 |
|                             Loss/Loss_alpha |        0.000904 |
|               Loss/Loss_state_action_metric |         0.00363 |
|                      Loss/Loss_state_metric |         0.00233 |
|             Loss/Loss_state_action_to_state |        2.87e-06 |
|                           Loss/Act_rep_loss |           0.012 |
|                                   SAC/Alpha |          0.0044 |
|                              SAC/LogPi_mean |            2.17 |
|                                 SAC/Q1_mean |            43.2 |
|                                 SAC/Q2_mean |            43.2 |
|                            Norm/actor_model |             181 |
|                           Norm/critic_model |             220 |
|              Norm/state_action_metric_model |            97.8 |
|                     Norm/state_metric_model |              89 |
|        Norm/state_action_state_metric_model |            93.8 |
|                  Metric/self_state_distance |         0.00114 |
|                 Metric/cross_state_distance |            1.02 |
|           Metric/self_state_action_distance |        0.000293 |
|          Metric/cross_state_action_distance |            1.02 |
|             Metric/avg_self_state_asymmetry |               0 |
|            Metric/avg_cross_state_asymmetry |         0.00107 |
|                Metric/avg_self_sa_asymmetry |               0 |
|               Metric/avg_cross_sa_asymmetry |          0.0011 |
|  Metric/self_state_action_to_state_distance |        8.61e-05 |
| Metric/cross_state_action_to_state_distance |            1.02 |
|                   Metric/h_lambda_diff_self |        0.000306 |
|                  Metric/h_lambda_diff_cross |         0.00205 |
|                                 Eval/Return |             426 |
-----------------------------------------------------------------
[32mSaving model …[0m
[32mDone.[0m
[32mSaving model …[0m
[32mDone.[0m
-----------------------------------------------------------------
|                                 Train/Steps |        4.23e+06 |
|                            Loss/Loss_critic |          0.0373 |
|                             Loss/Loss_actor |           -46.4 |
|                             Loss/Loss_alpha |        -0.00152 |
|               Loss/Loss_state_action_metric |         0.00323 |
|                      Loss/Loss_state_metric |         0.00239 |
|             Loss/Loss_state_action_to_state |         2.7e-06 |
|                           Loss/Act_rep_loss |          0.0113 |
|                                   SAC/Alpha |          0.0044 |
|                              SAC/LogPi_mean |            2.79 |
|                                 SAC/Q1_mean |            46.4 |
|                                 SAC/Q2_mean |            46.4 |
|                            Norm/actor_model |             183 |
|                           Norm/critic_model |             223 |
|              Norm/state_action_metric_model |            99.6 |
|                     Norm/state_metric_model |            90.3 |
|        Norm/state_action_state_metric_model |            95.3 |
|                  Metric/self_state_distance |        0.000116 |
|                 Metric/cross_state_distance |            1.02 |
|           Metric/self_state_action_distance |        0.000193 |
|          Metric/cross_state_action_distance |            1.02 |
|             Metric/avg_self_state_asymmetry |               0 |
|            Metric/avg_cross_state_asymmetry |        0.000825 |
|                Metric/avg_self_sa_asymmetry |               0 |
|               Metric/avg_cross_sa_asymmetry |         0.00116 |
|  Metric/self_state_action_to_state_distance |        6.21e-05 |
| Metric/cross_state_action_to_state_distance |            1.02 |
|                   Metric/h_lambda_diff_self |        0.000189 |
|                  Metric/h_lambda_diff_cross |          0.0018 |
|                                 Eval/Return |             466 |
-----------------------------------------------------------------
-----------------------------------------------------------------
|                                 Train/Steps |        4.36e+06 |
|                            Loss/Loss_critic |          0.0212 |
|                             Loss/Loss_actor |           -46.4 |
|                             Loss/Loss_alpha |         -0.0015 |
|               Loss/Loss_state_action_metric |         0.00329 |
|                      Loss/Loss_state_metric |         0.00243 |
|             Loss/Loss_state_action_to_state |        5.49e-06 |
|                           Loss/Act_rep_loss |          0.0125 |
|                                   SAC/Alpha |         0.00409 |
|                              SAC/LogPi_mean |            3.04 |
|                                 SAC/Q1_mean |            46.5 |
|                                 SAC/Q2_mean |            46.5 |
|                            Norm/actor_model |             185 |
|                           Norm/critic_model |             225 |
|              Norm/state_action_metric_model |             102 |
|                     Norm/state_metric_model |            91.7 |
|        Norm/state_action_state_metric_model |            96.9 |
|                  Metric/self_state_distance |        4.14e-05 |
|                 Metric/cross_state_distance |            1.03 |
|           Metric/self_state_action_distance |        0.000168 |
|          Metric/cross_state_action_distance |            1.03 |
|             Metric/avg_self_state_asymmetry |               0 |
|            Metric/avg_cross_state_asymmetry |         0.00071 |
|                Metric/avg_self_sa_asymmetry |               0 |
|               Metric/avg_cross_sa_asymmetry |         0.00103 |
|  Metric/self_state_action_to_state_distance |        0.000328 |
| Metric/cross_state_action_to_state_distance |            1.03 |
|                   Metric/h_lambda_diff_self |        0.000406 |
|                  Metric/h_lambda_diff_cross |         0.00183 |
|                                 Eval/Return |             448 |
-----------------------------------------------------------------
-----------------------------------------------------------------
|                                 Train/Steps |        4.49e+06 |
|                            Loss/Loss_critic |           0.027 |
|                             Loss/Loss_actor |           -47.4 |
|                             Loss/Loss_alpha |         0.00213 |
|               Loss/Loss_state_action_metric |         0.00357 |
|                      Loss/Loss_state_metric |         0.00238 |
|             Loss/Loss_state_action_to_state |        3.18e-06 |
|                           Loss/Act_rep_loss |          0.0116 |
|                                   SAC/Alpha |         0.00415 |
|                              SAC/LogPi_mean |            2.01 |
|                                 SAC/Q1_mean |            47.5 |
|                                 SAC/Q2_mean |            47.5 |
|                            Norm/actor_model |             187 |
|                           Norm/critic_model |             228 |
|              Norm/state_action_metric_model |             103 |
|                     Norm/state_metric_model |            92.9 |
|        Norm/state_action_state_metric_model |            98.2 |
|                  Metric/self_state_distance |        4.99e-05 |
|                 Metric/cross_state_distance |            1.02 |
|           Metric/self_state_action_distance |        0.000118 |
|          Metric/cross_state_action_distance |            1.02 |
|             Metric/avg_self_state_asymmetry |               0 |
|            Metric/avg_cross_state_asymmetry |         0.00117 |
|                Metric/avg_self_sa_asymmetry |               0 |
|               Metric/avg_cross_sa_asymmetry |        0.000934 |
|  Metric/self_state_action_to_state_distance |        8.06e-05 |
| Metric/cross_state_action_to_state_distance |            1.02 |
|                   Metric/h_lambda_diff_self |        0.000173 |
|                  Metric/h_lambda_diff_cross |         0.00149 |
|                                 Eval/Return |             512 |
-----------------------------------------------------------------
-----------------------------------------------------------------
|                                 Train/Steps |        4.62e+06 |
|                            Loss/Loss_critic |           0.021 |
|                             Loss/Loss_actor |             -50 |
|                             Loss/Loss_alpha |        -0.00156 |
|               Loss/Loss_state_action_metric |         0.00319 |
|                      Loss/Loss_state_metric |         0.00238 |
|             Loss/Loss_state_action_to_state |        2.45e-06 |
|                           Loss/Act_rep_loss |          0.0116 |
|                                   SAC/Alpha |         0.00409 |
|                              SAC/LogPi_mean |            2.91 |
|                                 SAC/Q1_mean |              50 |
|                                 SAC/Q2_mean |            50.1 |
|                            Norm/actor_model |             189 |
|                           Norm/critic_model |             230 |
|              Norm/state_action_metric_model |             105 |
|                     Norm/state_metric_model |              94 |
|        Norm/state_action_state_metric_model |            99.4 |
|                  Metric/self_state_distance |        0.000196 |
|                 Metric/cross_state_distance |            1.02 |
|           Metric/self_state_action_distance |        0.000192 |
|          Metric/cross_state_action_distance |            1.02 |
|             Metric/avg_self_state_asymmetry |               0 |
|            Metric/avg_cross_state_asymmetry |        0.000588 |
|                Metric/avg_self_sa_asymmetry |               0 |
|               Metric/avg_cross_sa_asymmetry |         0.00114 |
|  Metric/self_state_action_to_state_distance |        2.64e-05 |
| Metric/cross_state_action_to_state_distance |            1.02 |
|                   Metric/h_lambda_diff_self |        0.000177 |
|                  Metric/h_lambda_diff_cross |         0.00176 |
|                                 Eval/Return |             535 |
-----------------------------------------------------------------
-----------------------------------------------------------------
|                                 Train/Steps |        4.74e+06 |
|                            Loss/Loss_critic |          0.0197 |
|                             Loss/Loss_actor |           -48.7 |
|                             Loss/Loss_alpha |       -0.000907 |
|               Loss/Loss_state_action_metric |          0.0036 |
|                      Loss/Loss_state_metric |         0.00243 |
|             Loss/Loss_state_action_to_state |        2.11e-06 |
|                           Loss/Act_rep_loss |          0.0119 |
|                                   SAC/Alpha |         0.00398 |
|                              SAC/LogPi_mean |            2.46 |
|                                 SAC/Q1_mean |            48.7 |
|                                 SAC/Q2_mean |            48.7 |
|                            Norm/actor_model |             190 |
|                           Norm/critic_model |             232 |
|              Norm/state_action_metric_model |             107 |
|                     Norm/state_metric_model |            95.2 |
|        Norm/state_action_state_metric_model |             101 |
|                  Metric/self_state_distance |        0.000103 |
|                 Metric/cross_state_distance |            1.03 |
|           Metric/self_state_action_distance |        0.000216 |
|          Metric/cross_state_action_distance |            1.03 |
|             Metric/avg_self_state_asymmetry |               0 |
|            Metric/avg_cross_state_asymmetry |        0.000768 |
|                Metric/avg_self_sa_asymmetry |               0 |
|               Metric/avg_cross_sa_asymmetry |        0.000951 |
|  Metric/self_state_action_to_state_distance |        0.000114 |
| Metric/cross_state_action_to_state_distance |            1.03 |
|                   Metric/h_lambda_diff_self |        0.000165 |
|                  Metric/h_lambda_diff_cross |          0.0015 |
|                                 Eval/Return |             459 |
-----------------------------------------------------------------
-----------------------------------------------------------------
|                                 Train/Steps |        4.87e+06 |
|                            Loss/Loss_critic |          0.0197 |
|                             Loss/Loss_actor |           -52.1 |
|                             Loss/Loss_alpha |        8.44e-05 |
|               Loss/Loss_state_action_metric |         0.00436 |
|                      Loss/Loss_state_metric |         0.00255 |
|             Loss/Loss_state_action_to_state |        2.17e-06 |
|                           Loss/Act_rep_loss |          0.0129 |
|                                   SAC/Alpha |         0.00398 |
|                              SAC/LogPi_mean |            2.62 |
|                                 SAC/Q1_mean |            52.2 |
|                                 SAC/Q2_mean |            52.1 |
|                            Norm/actor_model |             192 |
|                           Norm/critic_model |             234 |
|              Norm/state_action_metric_model |             108 |
|                     Norm/state_metric_model |            96.2 |
|        Norm/state_action_state_metric_model |             103 |
|                  Metric/self_state_distance |        6.85e-05 |
|                 Metric/cross_state_distance |            1.03 |
|           Metric/self_state_action_distance |        8.89e-05 |
|          Metric/cross_state_action_distance |            1.04 |
|             Metric/avg_self_state_asymmetry |               0 |
|            Metric/avg_cross_state_asymmetry |        0.000644 |
|                Metric/avg_self_sa_asymmetry |               0 |
|               Metric/avg_cross_sa_asymmetry |        0.000929 |
|  Metric/self_state_action_to_state_distance |        5.01e-05 |
| Metric/cross_state_action_to_state_distance |            1.04 |
|                   Metric/h_lambda_diff_self |        0.000106 |
|                  Metric/h_lambda_diff_cross |         0.00138 |
|                                 Eval/Return |             463 |
-----------------------------------------------------------------
-----------------------------------------------------------------
|                                 Train/Steps |           5e+06 |
|                            Loss/Loss_critic |          0.0189 |
|                             Loss/Loss_actor |           -52.1 |
|                             Loss/Loss_alpha |        0.000287 |
|               Loss/Loss_state_action_metric |         0.00341 |
|                      Loss/Loss_state_metric |         0.00249 |
|             Loss/Loss_state_action_to_state |        3.18e-06 |
|                           Loss/Act_rep_loss |          0.0125 |
|                                   SAC/Alpha |         0.00382 |
|                              SAC/LogPi_mean |            2.25 |
|                                 SAC/Q1_mean |            52.1 |
|                                 SAC/Q2_mean |            52.1 |
|                            Norm/actor_model |             193 |
|                           Norm/critic_model |             236 |
|              Norm/state_action_metric_model |             109 |
|                     Norm/state_metric_model |            97.6 |
|        Norm/state_action_state_metric_model |             104 |
|                  Metric/self_state_distance |        0.000152 |
|                 Metric/cross_state_distance |            1.03 |
|           Metric/self_state_action_distance |        0.000117 |
|          Metric/cross_state_action_distance |            1.03 |
|             Metric/avg_self_state_asymmetry |               0 |
|            Metric/avg_cross_state_asymmetry |        0.000991 |
|                Metric/avg_self_sa_asymmetry |               0 |
|               Metric/avg_cross_sa_asymmetry |          0.0013 |
|  Metric/self_state_action_to_state_distance |        0.000106 |
| Metric/cross_state_action_to_state_distance |            1.03 |
|                   Metric/h_lambda_diff_self |        0.000134 |
|                  Metric/h_lambda_diff_cross |         0.00159 |
|                                 Eval/Return |             503 |
-----------------------------------------------------------------
[32mSaving model …[0m
[32mDone.[0m
[32mSaving model …[0m
[32mDone.[0m
