E0924 01:22:45.082055 3294700 cuda_executor.cc:1526] Could not get kernel mode driver version: (INVALID_ARGUMENT: Version does not match the format X.Y.Z)
E0924 01:22:45.090763 3294591 cuda_executor.cc:1526] Could not get kernel mode driver version: (INVALID_ARGUMENT: Version does not match the format X.Y.Z)
[32mStart prefilling replay buffer[0m
[32mStart SAC training[0m
[32m{'log_freq': 1000, 'save_freq': 1000000, 'eval_episode_freq': 10, 'hidden_size': 256, 'lr': 0.001, 'max_grad_norm': 0.0, 'gamma': 0.99, 'update_tau': 0.005, 'train_per_step': 8, 'episode_length': 1000, 'warmup_samples': 8192, 'max_replay_size': 4000000, 'batch_size': 512, 'total_env_steps': 5000000, 'init_temperature': 0.1, 'nstep': 3, 'bootstrap_on_truncation': True, 'rep_lr_scale': 1.5, 'vis_feq': 100000, 'n_vis_frames': 4, 'num_envs': 128, 'grad_steps': 50, 'transfer_freq': 10, 'transfer_steps': 8, 'reward_scaling': 1.0, 'num_eval_envs': 128, 'target_entropy': -2.0}[0m
[32m[nstep] nstep=3 bootstrap_on_truncation=True (discount from the buffer already contains gamma^nstep)[0m
-----------------------------------------------------------------
|                                 Train/Steps |        1.36e+05 |
|                            Loss/Loss_critic |          0.0034 |
|                             Loss/Loss_actor |          -0.742 |
|                             Loss/Loss_alpha |         0.00626 |
|               Loss/Loss_state_action_metric |         0.00275 |
|                      Loss/Loss_state_metric |         0.00211 |
|             Loss/Loss_state_action_to_state |        3.36e-05 |
|                           Loss/Act_rep_loss |           0.067 |
|                                   SAC/Alpha |         0.00163 |
|                              SAC/LogPi_mean |           -1.83 |
|                                 SAC/Q1_mean |           0.735 |
|                                 SAC/Q2_mean |           0.741 |
|                            Norm/actor_model |            29.9 |
|                           Norm/critic_model |            40.4 |
|              Norm/state_action_metric_model |            30.8 |
|                     Norm/state_metric_model |            30.9 |
|        Norm/state_action_state_metric_model |            30.5 |
|                  Metric/self_state_distance |         0.00151 |
|                 Metric/cross_state_distance |            0.92 |
|           Metric/self_state_action_distance |          0.0011 |
|          Metric/cross_state_action_distance |           0.905 |
|             Metric/avg_self_state_asymmetry |               0 |
|            Metric/avg_cross_state_asymmetry |         0.00199 |
|                Metric/avg_self_sa_asymmetry |               0 |
|               Metric/avg_cross_sa_asymmetry |         0.00277 |
|  Metric/self_state_action_to_state_distance |         0.00129 |
| Metric/cross_state_action_to_state_distance |           0.904 |
|                   Metric/h_lambda_diff_self |         0.00143 |
|                  Metric/h_lambda_diff_cross |         0.00286 |
|                                 Eval/Return |            6.28 |
-----------------------------------------------------------------
-----------------------------------------------------------------
|                                 Train/Steps |        2.64e+05 |
|                            Loss/Loss_critic |         0.00523 |
|                             Loss/Loss_actor |          -0.248 |
|                             Loss/Loss_alpha |         9.7e-05 |
|               Loss/Loss_state_action_metric |         0.00257 |
|                      Loss/Loss_state_metric |         0.00192 |
|             Loss/Loss_state_action_to_state |        1.05e-05 |
|                           Loss/Act_rep_loss |          0.0721 |
|                                   SAC/Alpha |        0.000108 |
|                              SAC/LogPi_mean |            1.01 |
|                                 SAC/Q1_mean |           0.247 |
|                                 SAC/Q2_mean |            0.25 |
|                            Norm/actor_model |            40.3 |
|                           Norm/critic_model |            52.7 |
|              Norm/state_action_metric_model |            32.7 |
|                     Norm/state_metric_model |            31.5 |
|        Norm/state_action_state_metric_model |              32 |
|                  Metric/self_state_distance |         0.00129 |
|                 Metric/cross_state_distance |           0.919 |
|           Metric/self_state_action_distance |        0.000635 |
|          Metric/cross_state_action_distance |           0.906 |
|             Metric/avg_self_state_asymmetry |               0 |
|            Metric/avg_cross_state_asymmetry |         0.00167 |
|                Metric/avg_self_sa_asymmetry |               0 |
|               Metric/avg_cross_sa_asymmetry |         0.00153 |
|  Metric/self_state_action_to_state_distance |        0.000383 |
| Metric/cross_state_action_to_state_distance |           0.905 |
|                   Metric/h_lambda_diff_self |         0.00083 |
|                  Metric/h_lambda_diff_cross |         0.00203 |
|                                 Eval/Return |            6.23 |
-----------------------------------------------------------------
-----------------------------------------------------------------
|                                 Train/Steps |        3.92e+05 |
|                            Loss/Loss_critic |         0.00154 |
|                             Loss/Loss_actor |         -0.0833 |
|                             Loss/Loss_alpha |       -2.16e-05 |
|               Loss/Loss_state_action_metric |         0.00294 |
|                      Loss/Loss_state_metric |         0.00232 |
|             Loss/Loss_state_action_to_state |        2.08e-05 |
|                           Loss/Act_rep_loss |            0.07 |
|                                   SAC/Alpha |        8.54e-05 |
|                              SAC/LogPi_mean |            2.14 |
|                                 SAC/Q1_mean |          0.0807 |
|                                 SAC/Q2_mean |          0.0832 |
|                            Norm/actor_model |            48.5 |
|                           Norm/critic_model |            61.7 |
|              Norm/state_action_metric_model |            33.9 |
|                     Norm/state_metric_model |            33.1 |
|        Norm/state_action_state_metric_model |            34.1 |
|                  Metric/self_state_distance |         0.00102 |
|                 Metric/cross_state_distance |           0.919 |
|           Metric/self_state_action_distance |        0.000845 |
|          Metric/cross_state_action_distance |           0.901 |
|             Metric/avg_self_state_asymmetry |               0 |
|            Metric/avg_cross_state_asymmetry |          0.0014 |
|                Metric/avg_self_sa_asymmetry |               0 |
|               Metric/avg_cross_sa_asymmetry |          0.0014 |
|  Metric/self_state_action_to_state_distance |        0.000108 |
| Metric/cross_state_action_to_state_distance |           0.899 |
|                   Metric/h_lambda_diff_self |        0.000762 |
|                  Metric/h_lambda_diff_cross |         0.00271 |
|                                 Eval/Return |              19 |
-----------------------------------------------------------------
-----------------------------------------------------------------
|                                 Train/Steps |         5.2e+05 |
|                            Loss/Loss_critic |         0.00576 |
|                             Loss/Loss_actor |           -0.13 |
|                             Loss/Loss_alpha |        3.11e-05 |
|               Loss/Loss_state_action_metric |          0.0021 |
|                      Loss/Loss_state_metric |         0.00157 |
|             Loss/Loss_state_action_to_state |        6.75e-05 |
|                           Loss/Act_rep_loss |           0.067 |
|                                   SAC/Alpha |        0.000134 |
|                              SAC/LogPi_mean |            1.76 |
|                                 SAC/Q1_mean |           0.133 |
|                                 SAC/Q2_mean |           0.129 |
|                            Norm/actor_model |            55.3 |
|                           Norm/critic_model |              70 |
|              Norm/state_action_metric_model |            36.5 |
|                     Norm/state_metric_model |            35.5 |
|        Norm/state_action_state_metric_model |              36 |
|                  Metric/self_state_distance |         0.00137 |
|                 Metric/cross_state_distance |           0.924 |
|           Metric/self_state_action_distance |        0.000842 |
|          Metric/cross_state_action_distance |           0.905 |
|             Metric/avg_self_state_asymmetry |               0 |
|            Metric/avg_cross_state_asymmetry |        0.000987 |
|                Metric/avg_self_sa_asymmetry |               0 |
|               Metric/avg_cross_sa_asymmetry |         0.00132 |
|  Metric/self_state_action_to_state_distance |         0.00244 |
| Metric/cross_state_action_to_state_distance |           0.905 |
|                   Metric/h_lambda_diff_self |         0.00273 |
|                  Metric/h_lambda_diff_cross |         0.00176 |
|                                 Eval/Return |            5.15 |
-----------------------------------------------------------------
-----------------------------------------------------------------
|                                 Train/Steps |        6.48e+05 |
|                            Loss/Loss_critic |           0.116 |
|                             Loss/Loss_actor |           -2.24 |
|                             Loss/Loss_alpha |        -0.00234 |
|               Loss/Loss_state_action_metric |         0.00384 |
|                      Loss/Loss_state_metric |         0.00267 |
|             Loss/Loss_state_action_to_state |        0.000114 |
|                           Loss/Act_rep_loss |          0.0707 |
|                                   SAC/Alpha |          0.0155 |
|                              SAC/LogPi_mean |            2.15 |
|                                 SAC/Q1_mean |            1.95 |
|                                 SAC/Q2_mean |            1.95 |
|                            Norm/actor_model |            61.4 |
|                           Norm/critic_model |            79.2 |
|              Norm/state_action_metric_model |            39.6 |
|                     Norm/state_metric_model |            38.3 |
|        Norm/state_action_state_metric_model |            38.5 |
|                  Metric/self_state_distance |         0.00167 |
|                 Metric/cross_state_distance |           0.918 |
|           Metric/self_state_action_distance |         0.00105 |
|          Metric/cross_state_action_distance |            0.91 |
|             Metric/avg_self_state_asymmetry |               0 |
|            Metric/avg_cross_state_asymmetry |          0.0014 |
|                Metric/avg_self_sa_asymmetry |               0 |
|               Metric/avg_cross_sa_asymmetry |         0.00185 |
|  Metric/self_state_action_to_state_distance |        0.000921 |
| Metric/cross_state_action_to_state_distance |            0.91 |
|                   Metric/h_lambda_diff_self |         0.00112 |
|                  Metric/h_lambda_diff_cross |         0.00361 |
|                                 Eval/Return |            62.9 |
-----------------------------------------------------------------
-----------------------------------------------------------------
|                                 Train/Steps |        7.76e+05 |
|                            Loss/Loss_critic |           0.237 |
|                             Loss/Loss_actor |           -12.4 |
|                             Loss/Loss_alpha |        -0.00342 |
|               Loss/Loss_state_action_metric |         0.00363 |
|                      Loss/Loss_state_metric |         0.00324 |
|             Loss/Loss_state_action_to_state |         9.9e-05 |
|                           Loss/Act_rep_loss |          0.0629 |
|                                   SAC/Alpha |          0.0244 |
|                              SAC/LogPi_mean |            2.22 |
|                                 SAC/Q1_mean |            11.9 |
|                                 SAC/Q2_mean |              12 |
|                            Norm/actor_model |            67.2 |
|                           Norm/critic_model |              94 |
|              Norm/state_action_metric_model |            42.4 |
|                     Norm/state_metric_model |              41 |
|        Norm/state_action_state_metric_model |            40.4 |
|                  Metric/self_state_distance |         0.00159 |
|                 Metric/cross_state_distance |           0.937 |
|           Metric/self_state_action_distance |          0.0036 |
|          Metric/cross_state_action_distance |           0.921 |
|             Metric/avg_self_state_asymmetry |               0 |
|            Metric/avg_cross_state_asymmetry |         0.00302 |
|                Metric/avg_self_sa_asymmetry |               0 |
|               Metric/avg_cross_sa_asymmetry |         0.00218 |
|  Metric/self_state_action_to_state_distance |        0.000363 |
| Metric/cross_state_action_to_state_distance |           0.921 |
|                   Metric/h_lambda_diff_self |         0.00331 |
|                  Metric/h_lambda_diff_cross |         0.00316 |
|                                 Eval/Return |             283 |
-----------------------------------------------------------------
-----------------------------------------------------------------
|                                 Train/Steps |        9.04e+05 |
|                            Loss/Loss_critic |           0.538 |
|                             Loss/Loss_actor |           -22.4 |
|                             Loss/Loss_alpha |         0.00111 |
|               Loss/Loss_state_action_metric |         0.00595 |
|                      Loss/Loss_state_metric |         0.00326 |
|             Loss/Loss_state_action_to_state |           5e-05 |
|                           Loss/Act_rep_loss |          0.0543 |
|                                   SAC/Alpha |          0.0258 |
|                              SAC/LogPi_mean |            1.92 |
|                                 SAC/Q1_mean |            21.9 |
|                                 SAC/Q2_mean |            21.9 |
|                            Norm/actor_model |              73 |
|                           Norm/critic_model |             106 |
|              Norm/state_action_metric_model |              45 |
|                     Norm/state_metric_model |            43.8 |
|        Norm/state_action_state_metric_model |            43.5 |
|                  Metric/self_state_distance |        0.000697 |
|                 Metric/cross_state_distance |           0.962 |
|           Metric/self_state_action_distance |        0.000828 |
|          Metric/cross_state_action_distance |           0.957 |
|             Metric/avg_self_state_asymmetry |               0 |
|            Metric/avg_cross_state_asymmetry |         0.00231 |
|                Metric/avg_self_sa_asymmetry |               0 |
|               Metric/avg_cross_sa_asymmetry |          0.0025 |
|  Metric/self_state_action_to_state_distance |        0.000636 |
| Metric/cross_state_action_to_state_distance |           0.954 |
|                   Metric/h_lambda_diff_self |        0.000713 |
|                  Metric/h_lambda_diff_cross |         0.00418 |
|                                 Eval/Return |             428 |
-----------------------------------------------------------------
-----------------------------------------------------------------
|                                 Train/Steps |        1.03e+06 |
|                            Loss/Loss_critic |            0.58 |
|                             Loss/Loss_actor |           -28.7 |
|                             Loss/Loss_alpha |        -0.00285 |
|               Loss/Loss_state_action_metric |         0.00481 |
|                      Loss/Loss_state_metric |         0.00241 |
|             Loss/Loss_state_action_to_state |        7.68e-05 |
|                           Loss/Act_rep_loss |          0.0492 |
|                                   SAC/Alpha |          0.0262 |
|                              SAC/LogPi_mean |            2.15 |
|                                 SAC/Q1_mean |            28.2 |
|                                 SAC/Q2_mean |            28.2 |
|                            Norm/actor_model |            77.9 |
|                           Norm/critic_model |             115 |
|              Norm/state_action_metric_model |            47.5 |
|                     Norm/state_metric_model |              48 |
|        Norm/state_action_state_metric_model |            47.8 |
|                  Metric/self_state_distance |        0.000621 |
|                 Metric/cross_state_distance |           0.979 |
|           Metric/self_state_action_distance |        0.000613 |
|          Metric/cross_state_action_distance |            0.97 |
|             Metric/avg_self_state_asymmetry |               0 |
|            Metric/avg_cross_state_asymmetry |          0.0033 |
|                Metric/avg_self_sa_asymmetry |               0 |
|               Metric/avg_cross_sa_asymmetry |         0.00243 |
|  Metric/self_state_action_to_state_distance |        0.000374 |
| Metric/cross_state_action_to_state_distance |            0.97 |
|                   Metric/h_lambda_diff_self |        0.000669 |
|                  Metric/h_lambda_diff_cross |         0.00411 |
|                                 Eval/Return |             516 |
-----------------------------------------------------------------
[32mSaving model …[0m
[32mDone.[0m
[32mSaving model …[0m
[32mDone.[0m
-----------------------------------------------------------------
|                                 Train/Steps |        1.16e+06 |
|                            Loss/Loss_critic |           0.335 |
|                             Loss/Loss_actor |           -34.7 |
|                             Loss/Loss_alpha |        -0.00778 |
|               Loss/Loss_state_action_metric |         0.00421 |
|                      Loss/Loss_state_metric |         0.00335 |
|             Loss/Loss_state_action_to_state |         0.00101 |
|                           Loss/Act_rep_loss |           0.043 |
|                                   SAC/Alpha |          0.0242 |
|                              SAC/LogPi_mean |            2.43 |
|                                 SAC/Q1_mean |            34.3 |
|                                 SAC/Q2_mean |            34.3 |
|                            Norm/actor_model |            82.5 |
|                           Norm/critic_model |             127 |
|              Norm/state_action_metric_model |            50.1 |
|                     Norm/state_metric_model |            52.1 |
|        Norm/state_action_state_metric_model |            52.2 |
|                  Metric/self_state_distance |        0.000923 |
|                 Metric/cross_state_distance |           0.997 |
|           Metric/self_state_action_distance |         0.00162 |
|          Metric/cross_state_action_distance |           0.996 |
|             Metric/avg_self_state_asymmetry |               0 |
|            Metric/avg_cross_state_asymmetry |          0.0042 |
|                Metric/avg_self_sa_asymmetry |               0 |
|               Metric/avg_cross_sa_asymmetry |         0.00352 |
|  Metric/self_state_action_to_state_distance |        0.000612 |
| Metric/cross_state_action_to_state_distance |           0.993 |
|                   Metric/h_lambda_diff_self |         0.00184 |
|                  Metric/h_lambda_diff_cross |         0.00594 |
|                                 Eval/Return |             591 |
-----------------------------------------------------------------
-----------------------------------------------------------------
|                                 Train/Steps |        1.29e+06 |
|                            Loss/Loss_critic |           0.389 |
|                             Loss/Loss_actor |             -30 |
|                             Loss/Loss_alpha |           0.002 |
|               Loss/Loss_state_action_metric |         0.00624 |
|                      Loss/Loss_state_metric |         0.00461 |
|             Loss/Loss_state_action_to_state |         0.00186 |
|                           Loss/Act_rep_loss |          0.0455 |
|                                   SAC/Alpha |           0.021 |
|                              SAC/LogPi_mean |            1.94 |
|                                 SAC/Q1_mean |            29.6 |
|                                 SAC/Q2_mean |            29.5 |
|                            Norm/actor_model |            86.6 |
|                           Norm/critic_model |             142 |
|              Norm/state_action_metric_model |              53 |
|                     Norm/state_metric_model |            56.7 |
|        Norm/state_action_state_metric_model |            57.3 |
|                  Metric/self_state_distance |        0.000662 |
|                 Metric/cross_state_distance |           0.983 |
|           Metric/self_state_action_distance |        0.000157 |
|          Metric/cross_state_action_distance |            0.98 |
|             Metric/avg_self_state_asymmetry |               0 |
|            Metric/avg_cross_state_asymmetry |         0.00359 |
|                Metric/avg_self_sa_asymmetry |               0 |
|               Metric/avg_cross_sa_asymmetry |         0.00394 |
|  Metric/self_state_action_to_state_distance |        0.000169 |
| Metric/cross_state_action_to_state_distance |           0.977 |
|                   Metric/h_lambda_diff_self |        0.000219 |
|                  Metric/h_lambda_diff_cross |         0.00682 |
|                                 Eval/Return |             145 |
-----------------------------------------------------------------
-----------------------------------------------------------------
|                                 Train/Steps |        1.42e+06 |
|                            Loss/Loss_critic |           0.466 |
|                             Loss/Loss_actor |           -30.6 |
|                             Loss/Loss_alpha |         0.00416 |
|               Loss/Loss_state_action_metric |         0.00413 |
|                      Loss/Loss_state_metric |         0.00325 |
|             Loss/Loss_state_action_to_state |        6.35e-05 |
|                           Loss/Act_rep_loss |          0.0442 |
|                                   SAC/Alpha |          0.0257 |
|                              SAC/LogPi_mean |            1.95 |
|                                 SAC/Q1_mean |            30.2 |
|                                 SAC/Q2_mean |            30.3 |
|                            Norm/actor_model |            90.4 |
|                           Norm/critic_model |             159 |
|              Norm/state_action_metric_model |            55.4 |
|                     Norm/state_metric_model |            61.5 |
|        Norm/state_action_state_metric_model |            63.7 |
|                  Metric/self_state_distance |        0.000808 |
|                 Metric/cross_state_distance |           0.992 |
|           Metric/self_state_action_distance |        0.000643 |
|          Metric/cross_state_action_distance |           0.991 |
|             Metric/avg_self_state_asymmetry |               0 |
|            Metric/avg_cross_state_asymmetry |         0.00296 |
|                Metric/avg_self_sa_asymmetry |               0 |
|               Metric/avg_cross_sa_asymmetry |         0.00274 |
|  Metric/self_state_action_to_state_distance |        0.000637 |
| Metric/cross_state_action_to_state_distance |           0.989 |
|                   Metric/h_lambda_diff_self |        0.000871 |
|                  Metric/h_lambda_diff_cross |         0.00409 |
|                                 Eval/Return |             518 |
-----------------------------------------------------------------
-----------------------------------------------------------------
|                                 Train/Steps |        1.54e+06 |
|                            Loss/Loss_critic |           0.374 |
|                             Loss/Loss_actor |           -36.9 |
|                             Loss/Loss_alpha |         -0.0116 |
|               Loss/Loss_state_action_metric |         0.00401 |
|                      Loss/Loss_state_metric |         0.00319 |
|             Loss/Loss_state_action_to_state |        0.000583 |
|                           Loss/Act_rep_loss |          0.0452 |
|                                   SAC/Alpha |          0.0359 |
|                              SAC/LogPi_mean |            2.41 |
|                                 SAC/Q1_mean |            36.5 |
|                                 SAC/Q2_mean |            36.6 |
|                            Norm/actor_model |            93.8 |
|                           Norm/critic_model |             178 |
|              Norm/state_action_metric_model |            57.9 |
|                     Norm/state_metric_model |            66.1 |
|        Norm/state_action_state_metric_model |            68.7 |
|                  Metric/self_state_distance |         0.00132 |
|                 Metric/cross_state_distance |           0.994 |
|           Metric/self_state_action_distance |         0.00136 |
|          Metric/cross_state_action_distance |           0.995 |
|             Metric/avg_self_state_asymmetry |               0 |
|            Metric/avg_cross_state_asymmetry |         0.00353 |
|                Metric/avg_self_sa_asymmetry |               0 |
|               Metric/avg_cross_sa_asymmetry |         0.00245 |
|  Metric/self_state_action_to_state_distance |         0.00102 |
| Metric/cross_state_action_to_state_distance |           0.993 |
|                   Metric/h_lambda_diff_self |          0.0018 |
|                  Metric/h_lambda_diff_cross |         0.00516 |
|                                 Eval/Return |             795 |
-----------------------------------------------------------------
-----------------------------------------------------------------
|                                 Train/Steps |        1.67e+06 |
|                            Loss/Loss_critic |           0.554 |
|                             Loss/Loss_actor |           -41.2 |
|                             Loss/Loss_alpha |         -0.0134 |
|               Loss/Loss_state_action_metric |         0.00387 |
|                      Loss/Loss_state_metric |         0.00283 |
|             Loss/Loss_state_action_to_state |        1.94e-05 |
|                           Loss/Act_rep_loss |          0.0351 |
|                                   SAC/Alpha |          0.0464 |
|                              SAC/LogPi_mean |            2.29 |
|                                 SAC/Q1_mean |            40.9 |
|                                 SAC/Q2_mean |            40.8 |
|                            Norm/actor_model |            96.7 |
|                           Norm/critic_model |             190 |
|              Norm/state_action_metric_model |            60.4 |
|                     Norm/state_metric_model |            71.5 |
|        Norm/state_action_state_metric_model |            76.7 |
|                  Metric/self_state_distance |         0.00143 |
|                 Metric/cross_state_distance |            1.02 |
|           Metric/self_state_action_distance |         0.00131 |
|          Metric/cross_state_action_distance |            1.03 |
|             Metric/avg_self_state_asymmetry |               0 |
|            Metric/avg_cross_state_asymmetry |         0.00319 |
|                Metric/avg_self_sa_asymmetry |               0 |
|               Metric/avg_cross_sa_asymmetry |         0.00243 |
|  Metric/self_state_action_to_state_distance |        0.000279 |
| Metric/cross_state_action_to_state_distance |            1.03 |
|                   Metric/h_lambda_diff_self |         0.00121 |
|                  Metric/h_lambda_diff_cross |         0.00286 |
|                                 Eval/Return |             782 |
-----------------------------------------------------------------
-----------------------------------------------------------------
|                                 Train/Steps |         1.8e+06 |
|                            Loss/Loss_critic |           0.442 |
|                             Loss/Loss_actor |           -40.7 |
|                             Loss/Loss_alpha |         0.00215 |
|               Loss/Loss_state_action_metric |         0.00387 |
|                      Loss/Loss_state_metric |         0.00293 |
|             Loss/Loss_state_action_to_state |         0.00157 |
|                           Loss/Act_rep_loss |          0.0416 |
|                                   SAC/Alpha |          0.0447 |
|                              SAC/LogPi_mean |            1.96 |
|                                 SAC/Q1_mean |            40.3 |
|                                 SAC/Q2_mean |            40.3 |
|                            Norm/actor_model |            99.9 |
|                           Norm/critic_model |             196 |
|              Norm/state_action_metric_model |            62.9 |
|                     Norm/state_metric_model |            77.1 |
|        Norm/state_action_state_metric_model |            84.7 |
|                  Metric/self_state_distance |        0.000404 |
|                 Metric/cross_state_distance |            1.01 |
|           Metric/self_state_action_distance |        0.000569 |
|          Metric/cross_state_action_distance |            1.01 |
|             Metric/avg_self_state_asymmetry |               0 |
|            Metric/avg_cross_state_asymmetry |         0.00364 |
|                Metric/avg_self_sa_asymmetry |               0 |
|               Metric/avg_cross_sa_asymmetry |         0.00237 |
|  Metric/self_state_action_to_state_distance |         0.00216 |
| Metric/cross_state_action_to_state_distance |            1.01 |
|                   Metric/h_lambda_diff_self |         0.00202 |
|                  Metric/h_lambda_diff_cross |         0.00818 |
|                                 Eval/Return |             808 |
-----------------------------------------------------------------
-----------------------------------------------------------------
|                                 Train/Steps |        1.93e+06 |
|                            Loss/Loss_critic |           0.419 |
|                             Loss/Loss_actor |             -47 |
|                             Loss/Loss_alpha |        -0.00677 |
|               Loss/Loss_state_action_metric |         0.00508 |
|                      Loss/Loss_state_metric |         0.00361 |
|             Loss/Loss_state_action_to_state |        0.000123 |
|                           Loss/Act_rep_loss |          0.0325 |
|                                   SAC/Alpha |          0.0408 |
|                              SAC/LogPi_mean |            2.19 |
|                                 SAC/Q1_mean |            46.6 |
|                                 SAC/Q2_mean |            46.6 |
|                            Norm/actor_model |             103 |
|                           Norm/critic_model |             200 |
|              Norm/state_action_metric_model |            65.3 |
|                     Norm/state_metric_model |            81.3 |
|        Norm/state_action_state_metric_model |            93.1 |
|                  Metric/self_state_distance |         0.00131 |
|                 Metric/cross_state_distance |            1.02 |
|           Metric/self_state_action_distance |        0.000822 |
|          Metric/cross_state_action_distance |            1.03 |
|             Metric/avg_self_state_asymmetry |               0 |
|            Metric/avg_cross_state_asymmetry |         0.00344 |
|                Metric/avg_self_sa_asymmetry |               0 |
|               Metric/avg_cross_sa_asymmetry |         0.00273 |
|  Metric/self_state_action_to_state_distance |         0.00215 |
| Metric/cross_state_action_to_state_distance |            1.03 |
|                   Metric/h_lambda_diff_self |          0.0024 |
|                  Metric/h_lambda_diff_cross |         0.00487 |
|                                 Eval/Return |             867 |
-----------------------------------------------------------------
-----------------------------------------------------------------
|                                 Train/Steps |        2.06e+06 |
|                            Loss/Loss_critic |           0.418 |
|                             Loss/Loss_actor |           -49.6 |
|                             Loss/Loss_alpha |         0.00224 |
|               Loss/Loss_state_action_metric |         0.00496 |
|                      Loss/Loss_state_metric |         0.00386 |
|             Loss/Loss_state_action_to_state |         0.00207 |
|                           Loss/Act_rep_loss |          0.0372 |
|                                   SAC/Alpha |           0.036 |
|                              SAC/LogPi_mean |            2.04 |
|                                 SAC/Q1_mean |            49.3 |
|                                 SAC/Q2_mean |            49.1 |
|                            Norm/actor_model |             106 |
|                           Norm/critic_model |             204 |
|              Norm/state_action_metric_model |              68 |
|                     Norm/state_metric_model |              87 |
|        Norm/state_action_state_metric_model |             103 |
|                  Metric/self_state_distance |         0.00114 |
|                 Metric/cross_state_distance |            1.01 |
|           Metric/self_state_action_distance |        0.000889 |
|          Metric/cross_state_action_distance |            1.02 |
|             Metric/avg_self_state_asymmetry |               0 |
|            Metric/avg_cross_state_asymmetry |          0.0033 |
|                Metric/avg_self_sa_asymmetry |               0 |
|               Metric/avg_cross_sa_asymmetry |         0.00245 |
|  Metric/self_state_action_to_state_distance |        0.000436 |
| Metric/cross_state_action_to_state_distance |            1.02 |
|                   Metric/h_lambda_diff_self |         0.00106 |
|                  Metric/h_lambda_diff_cross |         0.00712 |
|                                 Eval/Return |             834 |
-----------------------------------------------------------------
[32mSaving model …[0m
[32mDone.[0m
[32mSaving model …[0m
[32mDone.[0m
-----------------------------------------------------------------
|                                 Train/Steps |        2.18e+06 |
|                            Loss/Loss_critic |           0.763 |
|                             Loss/Loss_actor |             -54 |
|                             Loss/Loss_alpha |         -0.0101 |
|               Loss/Loss_state_action_metric |         0.00471 |
|                      Loss/Loss_state_metric |         0.00334 |
|             Loss/Loss_state_action_to_state |        3.65e-05 |
|                           Loss/Act_rep_loss |          0.0315 |
|                                   SAC/Alpha |          0.0368 |
|                              SAC/LogPi_mean |            2.07 |
|                                 SAC/Q1_mean |            53.6 |
|                                 SAC/Q2_mean |            53.6 |
|                            Norm/actor_model |             109 |
|                           Norm/critic_model |             208 |
|              Norm/state_action_metric_model |            70.5 |
|                     Norm/state_metric_model |            90.4 |
|        Norm/state_action_state_metric_model |             111 |
|                  Metric/self_state_distance |        0.000846 |
|                 Metric/cross_state_distance |            1.03 |
|           Metric/self_state_action_distance |         0.00427 |
|          Metric/cross_state_action_distance |            1.04 |
|             Metric/avg_self_state_asymmetry |               0 |
|            Metric/avg_cross_state_asymmetry |         0.00275 |
|                Metric/avg_self_sa_asymmetry |               0 |
|               Metric/avg_cross_sa_asymmetry |         0.00274 |
|  Metric/self_state_action_to_state_distance |        0.000622 |
| Metric/cross_state_action_to_state_distance |            1.04 |
|                   Metric/h_lambda_diff_self |         0.00438 |
|                  Metric/h_lambda_diff_cross |         0.00345 |
|                                 Eval/Return |             813 |
-----------------------------------------------------------------
-----------------------------------------------------------------
|                                 Train/Steps |        2.31e+06 |
|                            Loss/Loss_critic |           0.694 |
|                             Loss/Loss_actor |             -58 |
|                             Loss/Loss_alpha |        -0.00558 |
|               Loss/Loss_state_action_metric |         0.00528 |
|                      Loss/Loss_state_metric |         0.00379 |
|             Loss/Loss_state_action_to_state |        2.09e-05 |
|                           Loss/Act_rep_loss |          0.0311 |
|                                   SAC/Alpha |          0.0417 |
|                              SAC/LogPi_mean |            2.11 |
|                                 SAC/Q1_mean |            57.5 |
|                                 SAC/Q2_mean |            57.5 |
|                            Norm/actor_model |             113 |
|                           Norm/critic_model |             212 |
|              Norm/state_action_metric_model |            72.9 |
|                     Norm/state_metric_model |            94.4 |
|        Norm/state_action_state_metric_model |             118 |
|                  Metric/self_state_distance |        0.000949 |
|                 Metric/cross_state_distance |            1.03 |
|           Metric/self_state_action_distance |         0.00202 |
|          Metric/cross_state_action_distance |            1.04 |
|             Metric/avg_self_state_asymmetry |               0 |
|            Metric/avg_cross_state_asymmetry |         0.00494 |
|                Metric/avg_self_sa_asymmetry |               0 |
|               Metric/avg_cross_sa_asymmetry |         0.00218 |
|  Metric/self_state_action_to_state_distance |        0.000476 |
| Metric/cross_state_action_to_state_distance |            1.04 |
|                   Metric/h_lambda_diff_self |         0.00176 |
|                  Metric/h_lambda_diff_cross |         0.00318 |
|                                 Eval/Return |             908 |
-----------------------------------------------------------------
-----------------------------------------------------------------
|                                 Train/Steps |        2.44e+06 |
|                            Loss/Loss_critic |            0.43 |
|                             Loss/Loss_actor |           -62.9 |
|                             Loss/Loss_alpha |         -0.0027 |
|               Loss/Loss_state_action_metric |         0.00811 |
|                      Loss/Loss_state_metric |          0.0036 |
|             Loss/Loss_state_action_to_state |        0.000898 |
|                           Loss/Act_rep_loss |          0.0292 |
|                                   SAC/Alpha |          0.0398 |
|                              SAC/LogPi_mean |            2.04 |
|                                 SAC/Q1_mean |            62.4 |
|                                 SAC/Q2_mean |            62.5 |
|                            Norm/actor_model |             116 |
|                           Norm/critic_model |             214 |
|              Norm/state_action_metric_model |              75 |
|                     Norm/state_metric_model |            97.7 |
|        Norm/state_action_state_metric_model |             125 |
|                  Metric/self_state_distance |        0.000306 |
|                 Metric/cross_state_distance |            1.04 |
|           Metric/self_state_action_distance |        0.000436 |
|          Metric/cross_state_action_distance |            1.05 |
|             Metric/avg_self_state_asymmetry |               0 |
|            Metric/avg_cross_state_asymmetry |         0.00316 |
|                Metric/avg_self_sa_asymmetry |               0 |
|               Metric/avg_cross_sa_asymmetry |         0.00317 |
|  Metric/self_state_action_to_state_distance |         0.00175 |
| Metric/cross_state_action_to_state_distance |            1.05 |
|                   Metric/h_lambda_diff_self |         0.00167 |
|                  Metric/h_lambda_diff_cross |          0.0055 |
|                                 Eval/Return |             899 |
-----------------------------------------------------------------
-----------------------------------------------------------------
|                                 Train/Steps |        2.57e+06 |
|                            Loss/Loss_critic |            0.54 |
|                             Loss/Loss_actor |           -63.6 |
|                             Loss/Loss_alpha |        -0.00525 |
|               Loss/Loss_state_action_metric |          0.0057 |
|                      Loss/Loss_state_metric |         0.00382 |
|             Loss/Loss_state_action_to_state |        2.06e-05 |
|                           Loss/Act_rep_loss |          0.0319 |
|                                   SAC/Alpha |          0.0394 |
|                              SAC/LogPi_mean |            1.95 |
|                                 SAC/Q1_mean |            63.1 |
|                                 SAC/Q2_mean |            63.1 |
|                            Norm/actor_model |             119 |
|                           Norm/critic_model |             216 |
|              Norm/state_action_metric_model |            77.2 |
|                     Norm/state_metric_model |             103 |
|        Norm/state_action_state_metric_model |             132 |
|                  Metric/self_state_distance |        0.000647 |
|                 Metric/cross_state_distance |            1.03 |
|           Metric/self_state_action_distance |        0.000823 |
|          Metric/cross_state_action_distance |            1.04 |
|             Metric/avg_self_state_asymmetry |               0 |
|            Metric/avg_cross_state_asymmetry |         0.00273 |
|                Metric/avg_self_sa_asymmetry |               0 |
|               Metric/avg_cross_sa_asymmetry |         0.00207 |
|  Metric/self_state_action_to_state_distance |        0.000366 |
| Metric/cross_state_action_to_state_distance |            1.04 |
|                   Metric/h_lambda_diff_self |        0.000691 |
|                  Metric/h_lambda_diff_cross |         0.00325 |
|                                 Eval/Return |             936 |
-----------------------------------------------------------------
-----------------------------------------------------------------
|                                 Train/Steps |         2.7e+06 |
|                            Loss/Loss_critic |           0.637 |
|                             Loss/Loss_actor |           -67.4 |
|                             Loss/Loss_alpha |         0.00069 |
|               Loss/Loss_state_action_metric |         0.00415 |
|                      Loss/Loss_state_metric |         0.00358 |
|             Loss/Loss_state_action_to_state |        0.000303 |
|                           Loss/Act_rep_loss |          0.0274 |
|                                   SAC/Alpha |          0.0398 |
|                              SAC/LogPi_mean |            1.79 |
|                                 SAC/Q1_mean |            66.9 |
|                                 SAC/Q2_mean |            66.9 |
|                            Norm/actor_model |             122 |
|                           Norm/critic_model |             218 |
|              Norm/state_action_metric_model |            79.4 |
|                     Norm/state_metric_model |             106 |
|        Norm/state_action_state_metric_model |             138 |
|                  Metric/self_state_distance |        0.000313 |
|                 Metric/cross_state_distance |            1.04 |
|           Metric/self_state_action_distance |        0.000449 |
|          Metric/cross_state_action_distance |            1.05 |
|             Metric/avg_self_state_asymmetry |               0 |
|            Metric/avg_cross_state_asymmetry |         0.00367 |
|                Metric/avg_self_sa_asymmetry |               0 |
|               Metric/avg_cross_sa_asymmetry |         0.00225 |
|  Metric/self_state_action_to_state_distance |        0.000704 |
| Metric/cross_state_action_to_state_distance |            1.04 |
|                   Metric/h_lambda_diff_self |        0.000847 |
|                  Metric/h_lambda_diff_cross |         0.00431 |
|                                 Eval/Return |             921 |
-----------------------------------------------------------------
-----------------------------------------------------------------
|                                 Train/Steps |        2.82e+06 |
|                            Loss/Loss_critic |           0.445 |
|                             Loss/Loss_actor |           -68.9 |
|                             Loss/Loss_alpha |         0.00361 |
|               Loss/Loss_state_action_metric |         0.00404 |
|                      Loss/Loss_state_metric |           0.003 |
|             Loss/Loss_state_action_to_state |        1.94e-05 |
|                           Loss/Act_rep_loss |          0.0325 |
|                                   SAC/Alpha |          0.0353 |
|                              SAC/LogPi_mean |            1.89 |
|                                 SAC/Q1_mean |            68.4 |
|                                 SAC/Q2_mean |            68.5 |
|                            Norm/actor_model |             125 |
|                           Norm/critic_model |             219 |
|              Norm/state_action_metric_model |            81.4 |
|                     Norm/state_metric_model |             111 |
|        Norm/state_action_state_metric_model |             143 |
|                  Metric/self_state_distance |        0.000255 |
|                 Metric/cross_state_distance |            1.03 |
|           Metric/self_state_action_distance |        0.000897 |
|          Metric/cross_state_action_distance |            1.04 |
|             Metric/avg_self_state_asymmetry |               0 |
|            Metric/avg_cross_state_asymmetry |         0.00283 |
|                Metric/avg_self_sa_asymmetry |               0 |
|               Metric/avg_cross_sa_asymmetry |         0.00207 |
|  Metric/self_state_action_to_state_distance |        0.000213 |
| Metric/cross_state_action_to_state_distance |            1.04 |
|                   Metric/h_lambda_diff_self |        0.000732 |
|                  Metric/h_lambda_diff_cross |         0.00335 |
|                                 Eval/Return |             926 |
-----------------------------------------------------------------
-----------------------------------------------------------------
|                                 Train/Steps |        2.95e+06 |
|                            Loss/Loss_critic |           0.532 |
|                             Loss/Loss_actor |           -73.1 |
|                             Loss/Loss_alpha |       -0.000208 |
|               Loss/Loss_state_action_metric |         0.00479 |
|                      Loss/Loss_state_metric |         0.00306 |
|             Loss/Loss_state_action_to_state |        3.39e-05 |
|                           Loss/Act_rep_loss |          0.0305 |
|                                   SAC/Alpha |          0.0317 |
|                              SAC/LogPi_mean |            1.97 |
|                                 SAC/Q1_mean |            72.7 |
|                                 SAC/Q2_mean |            72.6 |
|                            Norm/actor_model |             128 |
|                           Norm/critic_model |             221 |
|              Norm/state_action_metric_model |            83.6 |
|                     Norm/state_metric_model |             115 |
|        Norm/state_action_state_metric_model |             148 |
|                  Metric/self_state_distance |        0.000583 |
|                 Metric/cross_state_distance |            1.04 |
|           Metric/self_state_action_distance |        0.000315 |
|          Metric/cross_state_action_distance |            1.04 |
|             Metric/avg_self_state_asymmetry |               0 |
|            Metric/avg_cross_state_asymmetry |          0.0026 |
|                Metric/avg_self_sa_asymmetry |               0 |
|               Metric/avg_cross_sa_asymmetry |         0.00235 |
|  Metric/self_state_action_to_state_distance |        0.000882 |
| Metric/cross_state_action_to_state_distance |            1.04 |
|                   Metric/h_lambda_diff_self |        0.000918 |
|                  Metric/h_lambda_diff_cross |          0.0032 |
|                                 Eval/Return |             924 |
-----------------------------------------------------------------
-----------------------------------------------------------------
|                                 Train/Steps |        3.08e+06 |
|                            Loss/Loss_critic |           0.443 |
|                             Loss/Loss_actor |           -73.2 |
|                             Loss/Loss_alpha |         0.00889 |
|               Loss/Loss_state_action_metric |         0.00526 |
|                      Loss/Loss_state_metric |         0.00349 |
|             Loss/Loss_state_action_to_state |         3.2e-05 |
|                           Loss/Act_rep_loss |          0.0312 |
|                                   SAC/Alpha |          0.0308 |
|                              SAC/LogPi_mean |            1.82 |
|                                 SAC/Q1_mean |            72.7 |
|                                 SAC/Q2_mean |            72.7 |
|                            Norm/actor_model |             131 |
|                           Norm/critic_model |             223 |
|              Norm/state_action_metric_model |            85.8 |
|                     Norm/state_metric_model |             120 |
|        Norm/state_action_state_metric_model |             153 |
|                  Metric/self_state_distance |        0.000322 |
|                 Metric/cross_state_distance |            1.03 |
|           Metric/self_state_action_distance |        0.000805 |
|          Metric/cross_state_action_distance |            1.04 |
|             Metric/avg_self_state_asymmetry |               0 |
|            Metric/avg_cross_state_asymmetry |         0.00225 |
|                Metric/avg_self_sa_asymmetry |               0 |
|               Metric/avg_cross_sa_asymmetry |         0.00221 |
|  Metric/self_state_action_to_state_distance |         0.00042 |
| Metric/cross_state_action_to_state_distance |            1.04 |
|                   Metric/h_lambda_diff_self |        0.000883 |
|                  Metric/h_lambda_diff_cross |          0.0037 |
|                                 Eval/Return |             940 |
-----------------------------------------------------------------
[32mSaving model …[0m
[32mDone.[0m
[32mSaving model …[0m
[32mDone.[0m
-----------------------------------------------------------------
|                                 Train/Steps |        3.21e+06 |
|                            Loss/Loss_critic |           0.489 |
|                             Loss/Loss_actor |           -72.6 |
|                             Loss/Loss_alpha |        -0.00314 |
|               Loss/Loss_state_action_metric |          0.0047 |
|                      Loss/Loss_state_metric |         0.00307 |
|             Loss/Loss_state_action_to_state |        1.99e-05 |
|                           Loss/Act_rep_loss |          0.0331 |
|                                   SAC/Alpha |          0.0265 |
|                              SAC/LogPi_mean |            2.24 |
|                                 SAC/Q1_mean |            72.1 |
|                                 SAC/Q2_mean |              72 |
|                            Norm/actor_model |             134 |
|                           Norm/critic_model |             225 |
|              Norm/state_action_metric_model |            87.6 |
|                     Norm/state_metric_model |             122 |
|        Norm/state_action_state_metric_model |             158 |
|                  Metric/self_state_distance |        0.000844 |
|                 Metric/cross_state_distance |            1.03 |
|           Metric/self_state_action_distance |        0.000875 |
|          Metric/cross_state_action_distance |            1.04 |
|             Metric/avg_self_state_asymmetry |               0 |
|            Metric/avg_cross_state_asymmetry |         0.00228 |
|                Metric/avg_self_sa_asymmetry |               0 |
|               Metric/avg_cross_sa_asymmetry |         0.00209 |
|  Metric/self_state_action_to_state_distance |        0.000271 |
| Metric/cross_state_action_to_state_distance |            1.04 |
|                   Metric/h_lambda_diff_self |        0.000937 |
|                  Metric/h_lambda_diff_cross |         0.00278 |
|                                 Eval/Return |             897 |
-----------------------------------------------------------------
-----------------------------------------------------------------
|                                 Train/Steps |        3.34e+06 |
|                            Loss/Loss_critic |           0.371 |
|                             Loss/Loss_actor |           -74.5 |
|                             Loss/Loss_alpha |          0.0118 |
|               Loss/Loss_state_action_metric |         0.00488 |
|                      Loss/Loss_state_metric |          0.0036 |
|             Loss/Loss_state_action_to_state |        1.67e-05 |
|                           Loss/Act_rep_loss |          0.0348 |
|                                   SAC/Alpha |          0.0253 |
|                              SAC/LogPi_mean |            1.54 |
|                                 SAC/Q1_mean |            74.1 |
|                                 SAC/Q2_mean |            74.1 |
|                            Norm/actor_model |             137 |
|                           Norm/critic_model |             227 |
|              Norm/state_action_metric_model |            89.5 |
|                     Norm/state_metric_model |             125 |
|        Norm/state_action_state_metric_model |             162 |
|                  Metric/self_state_distance |        0.000493 |
|                 Metric/cross_state_distance |            1.02 |
|           Metric/self_state_action_distance |         0.00077 |
|          Metric/cross_state_action_distance |            1.02 |
|             Metric/avg_self_state_asymmetry |               0 |
|            Metric/avg_cross_state_asymmetry |         0.00233 |
|                Metric/avg_self_sa_asymmetry |               0 |
|               Metric/avg_cross_sa_asymmetry |         0.00188 |
|  Metric/self_state_action_to_state_distance |        0.000214 |
| Metric/cross_state_action_to_state_distance |            1.02 |
|                   Metric/h_lambda_diff_self |        0.000627 |
|                  Metric/h_lambda_diff_cross |         0.00264 |
|                                 Eval/Return |             922 |
-----------------------------------------------------------------
-----------------------------------------------------------------
|                                 Train/Steps |        3.46e+06 |
|                            Loss/Loss_critic |           0.437 |
|                             Loss/Loss_actor |           -74.5 |
|                             Loss/Loss_alpha |         0.00558 |
|               Loss/Loss_state_action_metric |         0.00865 |
|                      Loss/Loss_state_metric |         0.00444 |
|             Loss/Loss_state_action_to_state |        1.56e-05 |
|                           Loss/Act_rep_loss |          0.0319 |
|                                   SAC/Alpha |          0.0268 |
|                              SAC/LogPi_mean |            1.83 |
|                                 SAC/Q1_mean |            74.1 |
|                                 SAC/Q2_mean |              74 |
|                            Norm/actor_model |             139 |
|                           Norm/critic_model |             230 |
|              Norm/state_action_metric_model |            91.6 |
|                     Norm/state_metric_model |             128 |
|        Norm/state_action_state_metric_model |             166 |
|                  Metric/self_state_distance |         0.00248 |
|                 Metric/cross_state_distance |            1.02 |
|           Metric/self_state_action_distance |        0.000649 |
|          Metric/cross_state_action_distance |            1.02 |
|             Metric/avg_self_state_asymmetry |               0 |
|            Metric/avg_cross_state_asymmetry |          0.0022 |
|                Metric/avg_self_sa_asymmetry |               0 |
|               Metric/avg_cross_sa_asymmetry |         0.00192 |
|  Metric/self_state_action_to_state_distance |        0.000147 |
| Metric/cross_state_action_to_state_distance |            1.02 |
|                   Metric/h_lambda_diff_self |        0.000571 |
|                  Metric/h_lambda_diff_cross |         0.00246 |
|                                 Eval/Return |             917 |
-----------------------------------------------------------------
-----------------------------------------------------------------
|                                 Train/Steps |        3.59e+06 |
|                            Loss/Loss_critic |           0.329 |
|                             Loss/Loss_actor |             -75 |
|                             Loss/Loss_alpha |        -0.00552 |
|               Loss/Loss_state_action_metric |         0.00516 |
|                      Loss/Loss_state_metric |         0.00362 |
|             Loss/Loss_state_action_to_state |        3.08e-05 |
|                           Loss/Act_rep_loss |           0.026 |
|                                   SAC/Alpha |          0.0239 |
|                              SAC/LogPi_mean |            2.13 |
|                                 SAC/Q1_mean |            74.6 |
|                                 SAC/Q2_mean |            74.6 |
|                            Norm/actor_model |             142 |
|                           Norm/critic_model |             232 |
|              Norm/state_action_metric_model |            93.1 |
|                     Norm/state_metric_model |             130 |
|        Norm/state_action_state_metric_model |             170 |
|                  Metric/self_state_distance |        0.000499 |
|                 Metric/cross_state_distance |            1.05 |
|           Metric/self_state_action_distance |        0.000726 |
|          Metric/cross_state_action_distance |            1.05 |
|             Metric/avg_self_state_asymmetry |               0 |
|            Metric/avg_cross_state_asymmetry |         0.00263 |
|                Metric/avg_self_sa_asymmetry |               0 |
|               Metric/avg_cross_sa_asymmetry |         0.00209 |
|  Metric/self_state_action_to_state_distance |         0.00017 |
| Metric/cross_state_action_to_state_distance |            1.05 |
|                   Metric/h_lambda_diff_self |        0.000559 |
|                  Metric/h_lambda_diff_cross |         0.00333 |
|                                 Eval/Return |             934 |
-----------------------------------------------------------------
-----------------------------------------------------------------
|                                 Train/Steps |        3.72e+06 |
|                            Loss/Loss_critic |           0.551 |
|                             Loss/Loss_actor |           -77.2 |
|                             Loss/Loss_alpha |         0.00295 |
|               Loss/Loss_state_action_metric |         0.00473 |
|                      Loss/Loss_state_metric |         0.00283 |
|             Loss/Loss_state_action_to_state |        1.68e-05 |
|                           Loss/Act_rep_loss |           0.036 |
|                                   SAC/Alpha |          0.0224 |
|                              SAC/LogPi_mean |            1.92 |
|                                 SAC/Q1_mean |            76.8 |
|                                 SAC/Q2_mean |            76.7 |
|                            Norm/actor_model |             145 |
|                           Norm/critic_model |             234 |
|              Norm/state_action_metric_model |            95.1 |
|                     Norm/state_metric_model |             134 |
|        Norm/state_action_state_metric_model |             173 |
|                  Metric/self_state_distance |        0.000396 |
|                 Metric/cross_state_distance |            1.02 |
|           Metric/self_state_action_distance |        0.000382 |
|          Metric/cross_state_action_distance |            1.03 |
|             Metric/avg_self_state_asymmetry |               0 |
|            Metric/avg_cross_state_asymmetry |          0.0018 |
|                Metric/avg_self_sa_asymmetry |               0 |
|               Metric/avg_cross_sa_asymmetry |         0.00173 |
|  Metric/self_state_action_to_state_distance |          0.0004 |
| Metric/cross_state_action_to_state_distance |            1.03 |
|                   Metric/h_lambda_diff_self |        0.000458 |
|                  Metric/h_lambda_diff_cross |         0.00266 |
|                                 Eval/Return |             919 |
-----------------------------------------------------------------
-----------------------------------------------------------------
|                                 Train/Steps |        3.85e+06 |
|                            Loss/Loss_critic |           0.395 |
|                             Loss/Loss_actor |           -76.4 |
|                             Loss/Loss_alpha |         0.00353 |
|               Loss/Loss_state_action_metric |          0.0048 |
|                      Loss/Loss_state_metric |         0.00341 |
|             Loss/Loss_state_action_to_state |         1.7e-05 |
|                           Loss/Act_rep_loss |          0.0336 |
|                                   SAC/Alpha |          0.0223 |
|                              SAC/LogPi_mean |            1.92 |
|                                 SAC/Q1_mean |              76 |
|                                 SAC/Q2_mean |              76 |
|                            Norm/actor_model |             147 |
|                           Norm/critic_model |             236 |
|              Norm/state_action_metric_model |            96.9 |
|                     Norm/state_metric_model |             137 |
|        Norm/state_action_state_metric_model |             177 |
|                  Metric/self_state_distance |        0.000256 |
|                 Metric/cross_state_distance |            1.03 |
|           Metric/self_state_action_distance |         0.00112 |
|          Metric/cross_state_action_distance |            1.03 |
|             Metric/avg_self_state_asymmetry |               0 |
|            Metric/avg_cross_state_asymmetry |         0.00199 |
|                Metric/avg_self_sa_asymmetry |               0 |
|               Metric/avg_cross_sa_asymmetry |         0.00181 |
|  Metric/self_state_action_to_state_distance |        0.000309 |
| Metric/cross_state_action_to_state_distance |            1.03 |
|                   Metric/h_lambda_diff_self |         0.00135 |
|                  Metric/h_lambda_diff_cross |         0.00256 |
|                                 Eval/Return |             942 |
-----------------------------------------------------------------
-----------------------------------------------------------------
|                                 Train/Steps |        3.98e+06 |
|                            Loss/Loss_critic |           0.349 |
|                             Loss/Loss_actor |           -77.1 |
|                             Loss/Loss_alpha |        -0.00391 |
|               Loss/Loss_state_action_metric |         0.00447 |
|                      Loss/Loss_state_metric |         0.00294 |
|             Loss/Loss_state_action_to_state |        2.41e-05 |
|                           Loss/Act_rep_loss |          0.0337 |
|                                   SAC/Alpha |          0.0215 |
|                              SAC/LogPi_mean |            2.24 |
|                                 SAC/Q1_mean |            76.7 |
|                                 SAC/Q2_mean |            76.7 |
|                            Norm/actor_model |             150 |
|                           Norm/critic_model |             237 |
|              Norm/state_action_metric_model |            98.8 |
|                     Norm/state_metric_model |             139 |
|        Norm/state_action_state_metric_model |             181 |
|                  Metric/self_state_distance |        0.000259 |
|                 Metric/cross_state_distance |            1.03 |
|           Metric/self_state_action_distance |        0.000417 |
|          Metric/cross_state_action_distance |            1.03 |
|             Metric/avg_self_state_asymmetry |               0 |
|            Metric/avg_cross_state_asymmetry |         0.00199 |
|                Metric/avg_self_sa_asymmetry |               0 |
|               Metric/avg_cross_sa_asymmetry |         0.00204 |
|  Metric/self_state_action_to_state_distance |        0.000132 |
| Metric/cross_state_action_to_state_distance |            1.03 |
|                   Metric/h_lambda_diff_self |        0.000322 |
|                  Metric/h_lambda_diff_cross |         0.00301 |
|                                 Eval/Return |             942 |
-----------------------------------------------------------------
-----------------------------------------------------------------
|                                 Train/Steps |         4.1e+06 |
|                            Loss/Loss_critic |           0.363 |
|                             Loss/Loss_actor |           -78.4 |
|                             Loss/Loss_alpha |         0.00401 |
|               Loss/Loss_state_action_metric |         0.00451 |
|                      Loss/Loss_state_metric |         0.00335 |
|             Loss/Loss_state_action_to_state |        1.28e-05 |
|                           Loss/Act_rep_loss |           0.035 |
|                                   SAC/Alpha |          0.0183 |
|                              SAC/LogPi_mean |            1.76 |
|                                 SAC/Q1_mean |            78.1 |
|                                 SAC/Q2_mean |              78 |
|                            Norm/actor_model |             152 |
|                           Norm/critic_model |             239 |
|              Norm/state_action_metric_model |             101 |
|                     Norm/state_metric_model |             142 |
|        Norm/state_action_state_metric_model |             185 |
|                  Metric/self_state_distance |        0.000245 |
|                 Metric/cross_state_distance |            1.02 |
|           Metric/self_state_action_distance |        0.000566 |
|          Metric/cross_state_action_distance |            1.03 |
|             Metric/avg_self_state_asymmetry |               0 |
|            Metric/avg_cross_state_asymmetry |         0.00176 |
|                Metric/avg_self_sa_asymmetry |               0 |
|               Metric/avg_cross_sa_asymmetry |         0.00154 |
|  Metric/self_state_action_to_state_distance |        0.000348 |
| Metric/cross_state_action_to_state_distance |            1.03 |
|                   Metric/h_lambda_diff_self |        0.000715 |
|                  Metric/h_lambda_diff_cross |         0.00234 |
|                                 Eval/Return |             935 |
-----------------------------------------------------------------
[32mSaving model …[0m
[32mDone.[0m
[32mSaving model …[0m
[32mDone.[0m
-----------------------------------------------------------------
|                                 Train/Steps |        4.23e+06 |
|                            Loss/Loss_critic |           0.399 |
|                             Loss/Loss_actor |           -80.4 |
|                             Loss/Loss_alpha |        -0.00386 |
|               Loss/Loss_state_action_metric |         0.00478 |
|                      Loss/Loss_state_metric |         0.00353 |
|             Loss/Loss_state_action_to_state |        1.62e-05 |
|                           Loss/Act_rep_loss |          0.0363 |
|                                   SAC/Alpha |           0.016 |
|                              SAC/LogPi_mean |            2.21 |
|                                 SAC/Q1_mean |              80 |
|                                 SAC/Q2_mean |            80.1 |
|                            Norm/actor_model |             155 |
|                           Norm/critic_model |             241 |
|              Norm/state_action_metric_model |             102 |
|                     Norm/state_metric_model |             144 |
|        Norm/state_action_state_metric_model |             188 |
|                  Metric/self_state_distance |        4.44e-05 |
|                 Metric/cross_state_distance |            1.02 |
|           Metric/self_state_action_distance |        0.000308 |
|          Metric/cross_state_action_distance |            1.02 |
|             Metric/avg_self_state_asymmetry |               0 |
|            Metric/avg_cross_state_asymmetry |         0.00176 |
|                Metric/avg_self_sa_asymmetry |               0 |
|               Metric/avg_cross_sa_asymmetry |         0.00179 |
|  Metric/self_state_action_to_state_distance |         9.8e-05 |
| Metric/cross_state_action_to_state_distance |            1.02 |
|                   Metric/h_lambda_diff_self |        0.000256 |
|                  Metric/h_lambda_diff_cross |         0.00245 |
|                                 Eval/Return |             945 |
-----------------------------------------------------------------
-----------------------------------------------------------------
|                                 Train/Steps |        4.36e+06 |
|                            Loss/Loss_critic |           0.229 |
|                             Loss/Loss_actor |           -80.9 |
|                             Loss/Loss_alpha |        5.48e-05 |
|               Loss/Loss_state_action_metric |         0.00423 |
|                      Loss/Loss_state_metric |         0.00311 |
|             Loss/Loss_state_action_to_state |        2.03e-05 |
|                           Loss/Act_rep_loss |          0.0366 |
|                                   SAC/Alpha |          0.0139 |
|                              SAC/LogPi_mean |            2.15 |
|                                 SAC/Q1_mean |            80.6 |
|                                 SAC/Q2_mean |            80.6 |
|                            Norm/actor_model |             157 |
|                           Norm/critic_model |             243 |
|              Norm/state_action_metric_model |             104 |
|                     Norm/state_metric_model |             147 |
|        Norm/state_action_state_metric_model |             192 |
|                  Metric/self_state_distance |        0.000153 |
|                 Metric/cross_state_distance |            1.01 |
|           Metric/self_state_action_distance |          0.0016 |
|          Metric/cross_state_action_distance |            1.02 |
|             Metric/avg_self_state_asymmetry |               0 |
|            Metric/avg_cross_state_asymmetry |          0.0018 |
|                Metric/avg_self_sa_asymmetry |               0 |
|               Metric/avg_cross_sa_asymmetry |         0.00141 |
|  Metric/self_state_action_to_state_distance |         0.00028 |
| Metric/cross_state_action_to_state_distance |            1.02 |
|                   Metric/h_lambda_diff_self |         0.00165 |
|                  Metric/h_lambda_diff_cross |         0.00262 |
|                                 Eval/Return |             942 |
-----------------------------------------------------------------
-----------------------------------------------------------------
|                                 Train/Steps |        4.49e+06 |
|                            Loss/Loss_critic |           0.378 |
|                             Loss/Loss_actor |           -85.5 |
|                             Loss/Loss_alpha |        0.000322 |
|               Loss/Loss_state_action_metric |         0.00385 |
|                      Loss/Loss_state_metric |         0.00248 |
|             Loss/Loss_state_action_to_state |        8.91e-06 |
|                           Loss/Act_rep_loss |          0.0432 |
|                                   SAC/Alpha |          0.0117 |
|                              SAC/LogPi_mean |            1.95 |
|                                 SAC/Q1_mean |            85.3 |
|                                 SAC/Q2_mean |            85.3 |
|                            Norm/actor_model |             159 |
|                           Norm/critic_model |             245 |
|              Norm/state_action_metric_model |             106 |
|                     Norm/state_metric_model |             150 |
|        Norm/state_action_state_metric_model |             195 |
|                  Metric/self_state_distance |        0.000199 |
|                 Metric/cross_state_distance |               1 |
|           Metric/self_state_action_distance |        0.000706 |
|          Metric/cross_state_action_distance |           0.999 |
|             Metric/avg_self_state_asymmetry |               0 |
|            Metric/avg_cross_state_asymmetry |          0.0015 |
|                Metric/avg_self_sa_asymmetry |               0 |
|               Metric/avg_cross_sa_asymmetry |          0.0014 |
|  Metric/self_state_action_to_state_distance |        6.71e-05 |
| Metric/cross_state_action_to_state_distance |           0.998 |
|                   Metric/h_lambda_diff_self |        0.000715 |
|                  Metric/h_lambda_diff_cross |         0.00198 |
|                                 Eval/Return |             934 |
-----------------------------------------------------------------
-----------------------------------------------------------------
|                                 Train/Steps |        4.62e+06 |
|                            Loss/Loss_critic |           0.231 |
|                             Loss/Loss_actor |           -86.1 |
|                             Loss/Loss_alpha |        0.000531 |
|               Loss/Loss_state_action_metric |         0.00405 |
|                      Loss/Loss_state_metric |         0.00319 |
|             Loss/Loss_state_action_to_state |        1.04e-05 |
|                           Loss/Act_rep_loss |          0.0424 |
|                                   SAC/Alpha |          0.0111 |
|                              SAC/LogPi_mean |            1.94 |
|                                 SAC/Q1_mean |            85.9 |
|                                 SAC/Q2_mean |            85.9 |
|                            Norm/actor_model |             161 |
|                           Norm/critic_model |             246 |
|              Norm/state_action_metric_model |             108 |
|                     Norm/state_metric_model |             153 |
|        Norm/state_action_state_metric_model |             197 |
|                  Metric/self_state_distance |        6.61e-05 |
|                 Metric/cross_state_distance |           0.996 |
|           Metric/self_state_action_distance |        0.000324 |
|          Metric/cross_state_action_distance |           0.994 |
|             Metric/avg_self_state_asymmetry |               0 |
|            Metric/avg_cross_state_asymmetry |         0.00146 |
|                Metric/avg_self_sa_asymmetry |               0 |
|               Metric/avg_cross_sa_asymmetry |         0.00149 |
|  Metric/self_state_action_to_state_distance |        2.33e-05 |
| Metric/cross_state_action_to_state_distance |           0.994 |
|                   Metric/h_lambda_diff_self |        0.000302 |
|                  Metric/h_lambda_diff_cross |         0.00211 |
|                                 Eval/Return |             947 |
-----------------------------------------------------------------
-----------------------------------------------------------------
|                                 Train/Steps |        4.74e+06 |
|                            Loss/Loss_critic |           0.289 |
|                             Loss/Loss_actor |           -86.8 |
|                             Loss/Loss_alpha |         -0.0022 |
|               Loss/Loss_state_action_metric |         0.00472 |
|                      Loss/Loss_state_metric |         0.00349 |
|             Loss/Loss_state_action_to_state |        8.45e-06 |
|                           Loss/Act_rep_loss |          0.0435 |
|                                   SAC/Alpha |         0.00956 |
|                              SAC/LogPi_mean |            2.08 |
|                                 SAC/Q1_mean |            86.7 |
|                                 SAC/Q2_mean |            86.7 |
|                            Norm/actor_model |             163 |
|                           Norm/critic_model |             248 |
|              Norm/state_action_metric_model |             109 |
|                     Norm/state_metric_model |             156 |
|        Norm/state_action_state_metric_model |             200 |
|                  Metric/self_state_distance |        4.67e-05 |
|                 Metric/cross_state_distance |           0.989 |
|           Metric/self_state_action_distance |        0.000406 |
|          Metric/cross_state_action_distance |           0.987 |
|             Metric/avg_self_state_asymmetry |               0 |
|            Metric/avg_cross_state_asymmetry |          0.0012 |
|                Metric/avg_self_sa_asymmetry |               0 |
|               Metric/avg_cross_sa_asymmetry |         0.00162 |
|  Metric/self_state_action_to_state_distance |        2.17e-05 |
| Metric/cross_state_action_to_state_distance |           0.988 |
|                   Metric/h_lambda_diff_self |        0.000401 |
|                  Metric/h_lambda_diff_cross |          0.0021 |
|                                 Eval/Return |             946 |
-----------------------------------------------------------------
-----------------------------------------------------------------
|                                 Train/Steps |        4.87e+06 |
|                            Loss/Loss_critic |           0.157 |
|                             Loss/Loss_actor |           -88.9 |
|                             Loss/Loss_alpha |        0.000991 |
|               Loss/Loss_state_action_metric |         0.00421 |
|                      Loss/Loss_state_metric |         0.00246 |
|             Loss/Loss_state_action_to_state |        7.74e-06 |
|                           Loss/Act_rep_loss |          0.0494 |
|                                   SAC/Alpha |         0.00892 |
|                              SAC/LogPi_mean |            1.78 |
|                                 SAC/Q1_mean |            88.9 |
|                                 SAC/Q2_mean |            88.8 |
|                            Norm/actor_model |             165 |
|                           Norm/critic_model |             249 |
|              Norm/state_action_metric_model |             111 |
|                     Norm/state_metric_model |             158 |
|        Norm/state_action_state_metric_model |             203 |
|                  Metric/self_state_distance |        8.31e-05 |
|                 Metric/cross_state_distance |           0.976 |
|           Metric/self_state_action_distance |        0.000246 |
|          Metric/cross_state_action_distance |           0.971 |
|             Metric/avg_self_state_asymmetry |               0 |
|            Metric/avg_cross_state_asymmetry |         0.00124 |
|                Metric/avg_self_sa_asymmetry |               0 |
|               Metric/avg_cross_sa_asymmetry |         0.00115 |
|  Metric/self_state_action_to_state_distance |        5.65e-05 |
| Metric/cross_state_action_to_state_distance |           0.971 |
|                   Metric/h_lambda_diff_self |        0.000213 |
|                  Metric/h_lambda_diff_cross |         0.00165 |
|                                 Eval/Return |             946 |
-----------------------------------------------------------------
-----------------------------------------------------------------
|                                 Train/Steps |           5e+06 |
|                            Loss/Loss_critic |            0.14 |
|                             Loss/Loss_actor |           -89.4 |
|                             Loss/Loss_alpha |       -2.58e-05 |
|               Loss/Loss_state_action_metric |         0.00389 |
|                      Loss/Loss_state_metric |         0.00205 |
|             Loss/Loss_state_action_to_state |        1.22e-05 |
|                           Loss/Act_rep_loss |          0.0492 |
|                                   SAC/Alpha |         0.00807 |
|                              SAC/LogPi_mean |            2.07 |
|                                 SAC/Q1_mean |            89.2 |
|                                 SAC/Q2_mean |            89.2 |
|                            Norm/actor_model |             167 |
|                           Norm/critic_model |             250 |
|              Norm/state_action_metric_model |             113 |
|                     Norm/state_metric_model |             161 |
|        Norm/state_action_state_metric_model |             206 |
|                  Metric/self_state_distance |        5.95e-05 |
|                 Metric/cross_state_distance |           0.978 |
|           Metric/self_state_action_distance |        0.000506 |
|          Metric/cross_state_action_distance |           0.972 |
|             Metric/avg_self_state_asymmetry |               0 |
|            Metric/avg_cross_state_asymmetry |          0.0011 |
|                Metric/avg_self_sa_asymmetry |               0 |
|               Metric/avg_cross_sa_asymmetry |         0.00117 |
|  Metric/self_state_action_to_state_distance |         3.1e-05 |
| Metric/cross_state_action_to_state_distance |           0.973 |
|                   Metric/h_lambda_diff_self |         0.00048 |
|                  Metric/h_lambda_diff_cross |         0.00232 |
|                                 Eval/Return |             931 |
-----------------------------------------------------------------
[32mSaving model …[0m
[32mDone.[0m
[32mSaving model …[0m
[32mDone.[0m
