E0923 19:03:01.352479 3214455 cuda_executor.cc:1526] Could not get kernel mode driver version: (INVALID_ARGUMENT: Version does not match the format X.Y.Z)
E0923 19:03:01.361328 3214342 cuda_executor.cc:1526] Could not get kernel mode driver version: (INVALID_ARGUMENT: Version does not match the format X.Y.Z)
[32mStart prefilling replay buffer[0m
[32mStart SAC training[0m
[32m{'log_freq': 1000, 'save_freq': 1000000, 'eval_episode_freq': 10, 'hidden_size': 256, 'lr': 0.001, 'max_grad_norm': 0.0, 'gamma': 0.99, 'update_tau': 0.005, 'train_per_step': 8, 'episode_length': 1000, 'warmup_samples': 8192, 'max_replay_size': 4000000, 'batch_size': 512, 'total_env_steps': 5000000, 'init_temperature': 0.1, 'nstep': 3, 'bootstrap_on_truncation': True, 'rep_lr_scale': 1.5, 'vis_feq': 100000, 'n_vis_frames': 4, 'num_envs': 128, 'grad_steps': 50, 'transfer_freq': 10, 'transfer_steps': 8, 'reward_scaling': 1.0, 'num_eval_envs': 128, 'target_entropy': -0.5}[0m
[32m[nstep] nstep=3 bootstrap_on_truncation=True (discount from the buffer already contains gamma^nstep)[0m
-----------------------------------------------------------------
|                                 Train/Steps |        1.36e+05 |
|                            Loss/Loss_critic |         0.00221 |
|                             Loss/Loss_actor |          -0.266 |
|                             Loss/Loss_alpha |         0.00144 |
|               Loss/Loss_state_action_metric |         0.00258 |
|                      Loss/Loss_state_metric |         0.00195 |
|             Loss/Loss_state_action_to_state |        2.14e-05 |
|                           Loss/Act_rep_loss |          0.0598 |
|                                   SAC/Alpha |         0.00173 |
|                              SAC/LogPi_mean |          -0.327 |
|                                 SAC/Q1_mean |           0.274 |
|                                 SAC/Q2_mean |           0.275 |
|                            Norm/actor_model |            29.1 |
|                           Norm/critic_model |            62.2 |
|              Norm/state_action_metric_model |            30.1 |
|                     Norm/state_metric_model |            30.5 |
|        Norm/state_action_state_metric_model |              30 |
|                  Metric/self_state_distance |         0.00392 |
|                 Metric/cross_state_distance |           0.928 |
|           Metric/self_state_action_distance |         0.00605 |
|          Metric/cross_state_action_distance |           0.912 |
|             Metric/avg_self_state_asymmetry |               0 |
|            Metric/avg_cross_state_asymmetry |         0.00198 |
|                Metric/avg_self_sa_asymmetry |               0 |
|               Metric/avg_cross_sa_asymmetry |          0.0039 |
|  Metric/self_state_action_to_state_distance |         0.00388 |
| Metric/cross_state_action_to_state_distance |           0.914 |
|                   Metric/h_lambda_diff_self |         0.00566 |
|                  Metric/h_lambda_diff_cross |         0.00442 |
|                                 Eval/Return |            20.6 |
-----------------------------------------------------------------
-----------------------------------------------------------------
|                                 Train/Steps |        2.64e+05 |
|                            Loss/Loss_critic |           0.109 |
|                             Loss/Loss_actor |           -1.12 |
|                             Loss/Loss_alpha |       -8.49e-05 |
|               Loss/Loss_state_action_metric |         0.00238 |
|                      Loss/Loss_state_metric |         0.00175 |
|             Loss/Loss_state_action_to_state |        1.11e-05 |
|                           Loss/Act_rep_loss |          0.0623 |
|                                   SAC/Alpha |         0.00142 |
|                              SAC/LogPi_mean |           0.579 |
|                                 SAC/Q1_mean |            1.17 |
|                                 SAC/Q2_mean |            1.17 |
|                            Norm/actor_model |            42.3 |
|                           Norm/critic_model |            92.7 |
|              Norm/state_action_metric_model |            33.1 |
|                     Norm/state_metric_model |            33.1 |
|        Norm/state_action_state_metric_model |            31.9 |
|                  Metric/self_state_distance |         0.00047 |
|                 Metric/cross_state_distance |           0.932 |
|           Metric/self_state_action_distance |         0.00162 |
|          Metric/cross_state_action_distance |           0.917 |
|             Metric/avg_self_state_asymmetry |               0 |
|            Metric/avg_cross_state_asymmetry |         0.00219 |
|                Metric/avg_self_sa_asymmetry |               0 |
|               Metric/avg_cross_sa_asymmetry |         0.00293 |
|  Metric/self_state_action_to_state_distance |         0.00166 |
| Metric/cross_state_action_to_state_distance |           0.914 |
|                   Metric/h_lambda_diff_self |         0.00202 |
|                  Metric/h_lambda_diff_cross |         0.00399 |
|                                 Eval/Return |            17.2 |
-----------------------------------------------------------------
-----------------------------------------------------------------
|                                 Train/Steps |        3.92e+05 |
|                            Loss/Loss_critic |          0.0386 |
|                             Loss/Loss_actor |          -0.303 |
|                             Loss/Loss_alpha |       -5.56e-05 |
|               Loss/Loss_state_action_metric |         0.00283 |
|                      Loss/Loss_state_metric |         0.00224 |
|             Loss/Loss_state_action_to_state |         1.7e-05 |
|                           Loss/Act_rep_loss |          0.0673 |
|                                   SAC/Alpha |         0.00203 |
|                              SAC/LogPi_mean |           0.519 |
|                                 SAC/Q1_mean |           0.336 |
|                                 SAC/Q2_mean |           0.336 |
|                            Norm/actor_model |            51.6 |
|                           Norm/critic_model |             115 |
|              Norm/state_action_metric_model |            34.9 |
|                     Norm/state_metric_model |            35.6 |
|        Norm/state_action_state_metric_model |            34.5 |
|                  Metric/self_state_distance |        0.000813 |
|                 Metric/cross_state_distance |           0.925 |
|           Metric/self_state_action_distance |         0.00192 |
|          Metric/cross_state_action_distance |           0.907 |
|             Metric/avg_self_state_asymmetry |               0 |
|            Metric/avg_cross_state_asymmetry |         0.00164 |
|                Metric/avg_self_sa_asymmetry |               0 |
|               Metric/avg_cross_sa_asymmetry |         0.00274 |
|  Metric/self_state_action_to_state_distance |        0.000574 |
| Metric/cross_state_action_to_state_distance |           0.908 |
|                   Metric/h_lambda_diff_self |         0.00185 |
|                  Metric/h_lambda_diff_cross |         0.00343 |
|                                 Eval/Return |            18.5 |
-----------------------------------------------------------------
-----------------------------------------------------------------
|                                 Train/Steps |         5.2e+05 |
|                            Loss/Loss_critic |          0.0793 |
|                             Loss/Loss_actor |          -0.496 |
|                             Loss/Loss_alpha |        -4.4e-05 |
|               Loss/Loss_state_action_metric |          0.0023 |
|                      Loss/Loss_state_metric |         0.00144 |
|             Loss/Loss_state_action_to_state |        9.77e-06 |
|                           Loss/Act_rep_loss |          0.0661 |
|                                   SAC/Alpha |         0.00148 |
|                              SAC/LogPi_mean |           0.567 |
|                                 SAC/Q1_mean |           0.558 |
|                                 SAC/Q2_mean |           0.522 |
|                            Norm/actor_model |            58.6 |
|                           Norm/critic_model |             130 |
|              Norm/state_action_metric_model |              37 |
|                     Norm/state_metric_model |            37.4 |
|        Norm/state_action_state_metric_model |            36.9 |
|                  Metric/self_state_distance |        0.000297 |
|                 Metric/cross_state_distance |           0.929 |
|           Metric/self_state_action_distance |        0.000889 |
|          Metric/cross_state_action_distance |           0.916 |
|             Metric/avg_self_state_asymmetry |               0 |
|            Metric/avg_cross_state_asymmetry |         0.00226 |
|                Metric/avg_self_sa_asymmetry |               0 |
|               Metric/avg_cross_sa_asymmetry |         0.00187 |
|  Metric/self_state_action_to_state_distance |        0.000508 |
| Metric/cross_state_action_to_state_distance |           0.915 |
|                   Metric/h_lambda_diff_self |        0.000937 |
|                  Metric/h_lambda_diff_cross |         0.00271 |
|                                 Eval/Return |            32.8 |
-----------------------------------------------------------------
-----------------------------------------------------------------
|                                 Train/Steps |        6.48e+05 |
|                            Loss/Loss_critic |           0.148 |
|                             Loss/Loss_actor |          -0.927 |
|                             Loss/Loss_alpha |       -0.000191 |
|               Loss/Loss_state_action_metric |         0.00285 |
|                      Loss/Loss_state_metric |         0.00228 |
|             Loss/Loss_state_action_to_state |        2.86e-05 |
|                           Loss/Act_rep_loss |           0.064 |
|                                   SAC/Alpha |         0.00153 |
|                              SAC/LogPi_mean |           0.714 |
|                                 SAC/Q1_mean |           0.984 |
|                                 SAC/Q2_mean |               1 |
|                            Norm/actor_model |            64.6 |
|                           Norm/critic_model |             143 |
|              Norm/state_action_metric_model |            39.4 |
|                     Norm/state_metric_model |            39.4 |
|        Norm/state_action_state_metric_model |            39.1 |
|                  Metric/self_state_distance |        0.000742 |
|                 Metric/cross_state_distance |           0.931 |
|           Metric/self_state_action_distance |         0.00141 |
|          Metric/cross_state_action_distance |           0.913 |
|             Metric/avg_self_state_asymmetry |               0 |
|            Metric/avg_cross_state_asymmetry |         0.00207 |
|                Metric/avg_self_sa_asymmetry |               0 |
|               Metric/avg_cross_sa_asymmetry |          0.0019 |
|  Metric/self_state_action_to_state_distance |        3.25e-05 |
| Metric/cross_state_action_to_state_distance |           0.913 |
|                   Metric/h_lambda_diff_self |         0.00139 |
|                  Metric/h_lambda_diff_cross |         0.00298 |
|                                 Eval/Return |            30.2 |
-----------------------------------------------------------------
-----------------------------------------------------------------
|                                 Train/Steps |        7.76e+05 |
|                            Loss/Loss_critic |          0.0561 |
|                             Loss/Loss_actor |          -0.641 |
|                             Loss/Loss_alpha |        0.000154 |
|               Loss/Loss_state_action_metric |         0.00319 |
|                      Loss/Loss_state_metric |         0.00265 |
|             Loss/Loss_state_action_to_state |        1.16e-05 |
|                           Loss/Act_rep_loss |          0.0656 |
|                                   SAC/Alpha |         0.00163 |
|                              SAC/LogPi_mean |           0.456 |
|                                 SAC/Q1_mean |           0.671 |
|                                 SAC/Q2_mean |           0.702 |
|                            Norm/actor_model |            70.3 |
|                           Norm/critic_model |             154 |
|              Norm/state_action_metric_model |            41.2 |
|                     Norm/state_metric_model |            41.5 |
|        Norm/state_action_state_metric_model |            41.6 |
|                  Metric/self_state_distance |        0.000204 |
|                 Metric/cross_state_distance |           0.924 |
|           Metric/self_state_action_distance |        0.000115 |
|          Metric/cross_state_action_distance |           0.908 |
|             Metric/avg_self_state_asymmetry |               0 |
|            Metric/avg_cross_state_asymmetry |         0.00139 |
|                Metric/avg_self_sa_asymmetry |               0 |
|               Metric/avg_cross_sa_asymmetry |         0.00143 |
|  Metric/self_state_action_to_state_distance |        0.000269 |
| Metric/cross_state_action_to_state_distance |           0.908 |
|                   Metric/h_lambda_diff_self |        0.000311 |
|                  Metric/h_lambda_diff_cross |         0.00202 |
|                                 Eval/Return |            38.1 |
-----------------------------------------------------------------
-----------------------------------------------------------------
|                                 Train/Steps |        9.04e+05 |
|                            Loss/Loss_critic |          0.0693 |
|                             Loss/Loss_actor |          -0.839 |
|                             Loss/Loss_alpha |       -1.23e-05 |
|               Loss/Loss_state_action_metric |         0.00246 |
|                      Loss/Loss_state_metric |         0.00192 |
|             Loss/Loss_state_action_to_state |         1.3e-05 |
|                           Loss/Act_rep_loss |          0.0655 |
|                                   SAC/Alpha |         0.00199 |
|                              SAC/LogPi_mean |           0.484 |
|                                 SAC/Q1_mean |           0.876 |
|                                 SAC/Q2_mean |           0.885 |
|                            Norm/actor_model |            75.7 |
|                           Norm/critic_model |             164 |
|              Norm/state_action_metric_model |            43.1 |
|                     Norm/state_metric_model |            43.7 |
|        Norm/state_action_state_metric_model |            43.9 |
|                  Metric/self_state_distance |        0.000128 |
|                 Metric/cross_state_distance |           0.931 |
|           Metric/self_state_action_distance |        0.000237 |
|          Metric/cross_state_action_distance |           0.917 |
|             Metric/avg_self_state_asymmetry |               0 |
|            Metric/avg_cross_state_asymmetry |         0.00192 |
|                Metric/avg_self_sa_asymmetry |               0 |
|               Metric/avg_cross_sa_asymmetry |         0.00164 |
|  Metric/self_state_action_to_state_distance |        0.000153 |
| Metric/cross_state_action_to_state_distance |           0.916 |
|                   Metric/h_lambda_diff_self |        0.000301 |
|                  Metric/h_lambda_diff_cross |          0.0022 |
|                                 Eval/Return |            31.9 |
-----------------------------------------------------------------
-----------------------------------------------------------------
|                                 Train/Steps |        1.03e+06 |
|                            Loss/Loss_critic |          0.0678 |
|                             Loss/Loss_actor |          -0.906 |
|                             Loss/Loss_alpha |       -0.000179 |
|               Loss/Loss_state_action_metric |         0.00242 |
|                      Loss/Loss_state_metric |         0.00154 |
|             Loss/Loss_state_action_to_state |        5.66e-06 |
|                           Loss/Act_rep_loss |          0.0671 |
|                                   SAC/Alpha |           0.002 |
|                              SAC/LogPi_mean |           0.507 |
|                                 SAC/Q1_mean |           0.962 |
|                                 SAC/Q2_mean |           0.976 |
|                            Norm/actor_model |            80.5 |
|                           Norm/critic_model |             174 |
|              Norm/state_action_metric_model |            45.4 |
|                     Norm/state_metric_model |            45.9 |
|        Norm/state_action_state_metric_model |            46.1 |
|                  Metric/self_state_distance |        2.33e-05 |
|                 Metric/cross_state_distance |           0.928 |
|           Metric/self_state_action_distance |        0.000163 |
|          Metric/cross_state_action_distance |           0.913 |
|             Metric/avg_self_state_asymmetry |               0 |
|            Metric/avg_cross_state_asymmetry |         0.00135 |
|                Metric/avg_self_sa_asymmetry |               0 |
|               Metric/avg_cross_sa_asymmetry |         0.00125 |
|  Metric/self_state_action_to_state_distance |        0.000427 |
| Metric/cross_state_action_to_state_distance |           0.912 |
|                   Metric/h_lambda_diff_self |        0.000526 |
|                  Metric/h_lambda_diff_cross |         0.00171 |
|                                 Eval/Return |            43.2 |
-----------------------------------------------------------------
[32mSaving model …[0m
[32mDone.[0m
[32mSaving model …[0m
[32mDone.[0m
-----------------------------------------------------------------
|                                 Train/Steps |        1.16e+06 |
|                            Loss/Loss_critic |          0.0974 |
|                             Loss/Loss_actor |           -2.03 |
|                             Loss/Loss_alpha |       -0.000221 |
|               Loss/Loss_state_action_metric |         0.00226 |
|                      Loss/Loss_state_metric |         0.00167 |
|             Loss/Loss_state_action_to_state |        1.12e-05 |
|                           Loss/Act_rep_loss |          0.0626 |
|                                   SAC/Alpha |         0.00222 |
|                              SAC/LogPi_mean |           0.566 |
|                                 SAC/Q1_mean |            2.06 |
|                                 SAC/Q2_mean |            2.12 |
|                            Norm/actor_model |            85.4 |
|                           Norm/critic_model |             184 |
|              Norm/state_action_metric_model |            47.8 |
|                     Norm/state_metric_model |            48.3 |
|        Norm/state_action_state_metric_model |              48 |
|                  Metric/self_state_distance |        0.000239 |
|                 Metric/cross_state_distance |           0.937 |
|           Metric/self_state_action_distance |         0.00172 |
|          Metric/cross_state_action_distance |           0.922 |
|             Metric/avg_self_state_asymmetry |               0 |
|            Metric/avg_cross_state_asymmetry |         0.00179 |
|                Metric/avg_self_sa_asymmetry |               0 |
|               Metric/avg_cross_sa_asymmetry |         0.00172 |
|  Metric/self_state_action_to_state_distance |        0.000439 |
| Metric/cross_state_action_to_state_distance |           0.922 |
|                   Metric/h_lambda_diff_self |         0.00169 |
|                  Metric/h_lambda_diff_cross |         0.00196 |
|                                 Eval/Return |            62.9 |
-----------------------------------------------------------------
-----------------------------------------------------------------
|                                 Train/Steps |        1.29e+06 |
|                            Loss/Loss_critic |          0.0941 |
|                             Loss/Loss_actor |           -0.82 |
|                             Loss/Loss_alpha |        0.000111 |
|               Loss/Loss_state_action_metric |          0.0036 |
|                      Loss/Loss_state_metric |         0.00307 |
|             Loss/Loss_state_action_to_state |        2.42e-05 |
|                           Loss/Act_rep_loss |          0.0678 |
|                                   SAC/Alpha |           0.002 |
|                              SAC/LogPi_mean |           0.496 |
|                                 SAC/Q1_mean |           0.906 |
|                                 SAC/Q2_mean |           0.835 |
|                            Norm/actor_model |            89.8 |
|                           Norm/critic_model |             192 |
|              Norm/state_action_metric_model |            49.8 |
|                     Norm/state_metric_model |            51.3 |
|        Norm/state_action_state_metric_model |            50.4 |
|                  Metric/self_state_distance |         0.00031 |
|                 Metric/cross_state_distance |            0.92 |
|           Metric/self_state_action_distance |         0.00011 |
|          Metric/cross_state_action_distance |           0.905 |
|             Metric/avg_self_state_asymmetry |               0 |
|            Metric/avg_cross_state_asymmetry |         0.00147 |
|                Metric/avg_self_sa_asymmetry |               0 |
|               Metric/avg_cross_sa_asymmetry |         0.00137 |
|  Metric/self_state_action_to_state_distance |        9.11e-05 |
| Metric/cross_state_action_to_state_distance |           0.903 |
|                   Metric/h_lambda_diff_self |        0.000169 |
|                  Metric/h_lambda_diff_cross |         0.00287 |
|                                 Eval/Return |            57.8 |
-----------------------------------------------------------------
-----------------------------------------------------------------
|                                 Train/Steps |        1.42e+06 |
|                            Loss/Loss_critic |          0.0763 |
|                             Loss/Loss_actor |           -1.06 |
|                             Loss/Loss_alpha |        0.000185 |
|               Loss/Loss_state_action_metric |         0.00284 |
|                      Loss/Loss_state_metric |          0.0023 |
|             Loss/Loss_state_action_to_state |        6.12e-06 |
|                           Loss/Act_rep_loss |          0.0667 |
|                                   SAC/Alpha |         0.00227 |
|                              SAC/LogPi_mean |            0.41 |
|                                 SAC/Q1_mean |            1.09 |
|                                 SAC/Q2_mean |            1.13 |
|                            Norm/actor_model |            93.9 |
|                           Norm/critic_model |             200 |
|              Norm/state_action_metric_model |            51.7 |
|                     Norm/state_metric_model |            53.4 |
|        Norm/state_action_state_metric_model |            52.8 |
|                  Metric/self_state_distance |        4.71e-05 |
|                 Metric/cross_state_distance |           0.926 |
|           Metric/self_state_action_distance |        4.65e-05 |
|          Metric/cross_state_action_distance |           0.911 |
|             Metric/avg_self_state_asymmetry |               0 |
|            Metric/avg_cross_state_asymmetry |         0.00134 |
|                Metric/avg_self_sa_asymmetry |               0 |
|               Metric/avg_cross_sa_asymmetry |          0.0016 |
|  Metric/self_state_action_to_state_distance |        0.000467 |
| Metric/cross_state_action_to_state_distance |           0.911 |
|                   Metric/h_lambda_diff_self |         0.00049 |
|                  Metric/h_lambda_diff_cross |         0.00184 |
|                                 Eval/Return |              57 |
-----------------------------------------------------------------
-----------------------------------------------------------------
|                                 Train/Steps |        1.54e+06 |
|                            Loss/Loss_critic |          0.0964 |
|                             Loss/Loss_actor |           -1.85 |
|                             Loss/Loss_alpha |        0.000184 |
|               Loss/Loss_state_action_metric |         0.00261 |
|                      Loss/Loss_state_metric |         0.00204 |
|             Loss/Loss_state_action_to_state |        1.43e-05 |
|                           Loss/Act_rep_loss |          0.0644 |
|                                   SAC/Alpha |         0.00255 |
|                              SAC/LogPi_mean |           0.386 |
|                                 SAC/Q1_mean |            1.94 |
|                                 SAC/Q2_mean |            1.91 |
|                            Norm/actor_model |            98.2 |
|                           Norm/critic_model |             207 |
|              Norm/state_action_metric_model |            53.7 |
|                     Norm/state_metric_model |            55.4 |
|        Norm/state_action_state_metric_model |            55.1 |
|                  Metric/self_state_distance |        0.000327 |
|                 Metric/cross_state_distance |           0.935 |
|           Metric/self_state_action_distance |        0.000379 |
|          Metric/cross_state_action_distance |            0.92 |
|             Metric/avg_self_state_asymmetry |               0 |
|            Metric/avg_cross_state_asymmetry |         0.00201 |
|                Metric/avg_self_sa_asymmetry |               0 |
|               Metric/avg_cross_sa_asymmetry |         0.00136 |
|  Metric/self_state_action_to_state_distance |        4.89e-05 |
| Metric/cross_state_action_to_state_distance |           0.919 |
|                   Metric/h_lambda_diff_self |        0.000357 |
|                  Metric/h_lambda_diff_cross |         0.00211 |
|                                 Eval/Return |            86.8 |
-----------------------------------------------------------------
-----------------------------------------------------------------
|                                 Train/Steps |        1.67e+06 |
|                            Loss/Loss_critic |          0.0924 |
|                             Loss/Loss_actor |           -1.88 |
|                             Loss/Loss_alpha |        0.000364 |
|               Loss/Loss_state_action_metric |         0.00219 |
|                      Loss/Loss_state_metric |         0.00161 |
|             Loss/Loss_state_action_to_state |        6.66e-06 |
|                           Loss/Act_rep_loss |          0.0647 |
|                                   SAC/Alpha |         0.00249 |
|                              SAC/LogPi_mean |           0.426 |
|                                 SAC/Q1_mean |            1.93 |
|                                 SAC/Q2_mean |            1.93 |
|                            Norm/actor_model |             103 |
|                           Norm/critic_model |             214 |
|              Norm/state_action_metric_model |              56 |
|                     Norm/state_metric_model |            57.9 |
|        Norm/state_action_state_metric_model |            57.2 |
|                  Metric/self_state_distance |        6.32e-05 |
|                 Metric/cross_state_distance |           0.937 |
|           Metric/self_state_action_distance |        0.000101 |
|          Metric/cross_state_action_distance |           0.922 |
|             Metric/avg_self_state_asymmetry |               0 |
|            Metric/avg_cross_state_asymmetry |         0.00132 |
|                Metric/avg_self_sa_asymmetry |               0 |
|               Metric/avg_cross_sa_asymmetry |         0.00138 |
|  Metric/self_state_action_to_state_distance |        4.22e-05 |
| Metric/cross_state_action_to_state_distance |           0.922 |
|                   Metric/h_lambda_diff_self |        0.000116 |
|                  Metric/h_lambda_diff_cross |          0.0017 |
|                                 Eval/Return |            68.2 |
-----------------------------------------------------------------
-----------------------------------------------------------------
|                                 Train/Steps |         1.8e+06 |
|                            Loss/Loss_critic |           0.114 |
|                             Loss/Loss_actor |            -2.6 |
|                             Loss/Loss_alpha |        0.000241 |
|               Loss/Loss_state_action_metric |         0.00231 |
|                      Loss/Loss_state_metric |         0.00167 |
|             Loss/Loss_state_action_to_state |        6.16e-06 |
|                           Loss/Act_rep_loss |          0.0649 |
|                                   SAC/Alpha |         0.00286 |
|                              SAC/LogPi_mean |           0.418 |
|                                 SAC/Q1_mean |            2.64 |
|                                 SAC/Q2_mean |            2.65 |
|                            Norm/actor_model |             107 |
|                           Norm/critic_model |             222 |
|              Norm/state_action_metric_model |            58.2 |
|                     Norm/state_metric_model |            59.8 |
|        Norm/state_action_state_metric_model |            59.1 |
|                  Metric/self_state_distance |        0.000334 |
|                 Metric/cross_state_distance |           0.937 |
|           Metric/self_state_action_distance |         0.00016 |
|          Metric/cross_state_action_distance |           0.924 |
|             Metric/avg_self_state_asymmetry |               0 |
|            Metric/avg_cross_state_asymmetry |         0.00115 |
|                Metric/avg_self_sa_asymmetry |               0 |
|               Metric/avg_cross_sa_asymmetry |         0.00108 |
|  Metric/self_state_action_to_state_distance |        8.19e-05 |
| Metric/cross_state_action_to_state_distance |           0.924 |
|                   Metric/h_lambda_diff_self |        0.000206 |
|                  Metric/h_lambda_diff_cross |         0.00156 |
|                                 Eval/Return |            71.1 |
-----------------------------------------------------------------
-----------------------------------------------------------------
|                                 Train/Steps |        1.93e+06 |
|                            Loss/Loss_critic |           0.222 |
|                             Loss/Loss_actor |           -3.53 |
|                             Loss/Loss_alpha |       -0.000502 |
|               Loss/Loss_state_action_metric |         0.00301 |
|                      Loss/Loss_state_metric |         0.00241 |
|             Loss/Loss_state_action_to_state |        6.29e-06 |
|                           Loss/Act_rep_loss |          0.0626 |
|                                   SAC/Alpha |         0.00326 |
|                              SAC/LogPi_mean |            0.67 |
|                                 SAC/Q1_mean |            3.65 |
|                                 SAC/Q2_mean |            3.57 |
|                            Norm/actor_model |             111 |
|                           Norm/critic_model |             229 |
|              Norm/state_action_metric_model |            60.5 |
|                     Norm/state_metric_model |            61.7 |
|        Norm/state_action_state_metric_model |            61.4 |
|                  Metric/self_state_distance |        7.21e-05 |
|                 Metric/cross_state_distance |           0.936 |
|           Metric/self_state_action_distance |        0.000221 |
|          Metric/cross_state_action_distance |           0.925 |
|             Metric/avg_self_state_asymmetry |               0 |
|            Metric/avg_cross_state_asymmetry |         0.00131 |
|                Metric/avg_self_sa_asymmetry |               0 |
|               Metric/avg_cross_sa_asymmetry |         0.00125 |
|  Metric/self_state_action_to_state_distance |        8.68e-05 |
| Metric/cross_state_action_to_state_distance |           0.922 |
|                   Metric/h_lambda_diff_self |        0.000232 |
|                  Metric/h_lambda_diff_cross |         0.00255 |
|                                 Eval/Return |            87.7 |
-----------------------------------------------------------------
-----------------------------------------------------------------
|                                 Train/Steps |        2.06e+06 |
|                            Loss/Loss_critic |           0.137 |
|                             Loss/Loss_actor |           -3.62 |
|                             Loss/Loss_alpha |       -0.000322 |
|               Loss/Loss_state_action_metric |         0.00304 |
|                      Loss/Loss_state_metric |         0.00246 |
|             Loss/Loss_state_action_to_state |        8.58e-06 |
|                           Loss/Act_rep_loss |          0.0622 |
|                                   SAC/Alpha |         0.00361 |
|                              SAC/LogPi_mean |           0.655 |
|                                 SAC/Q1_mean |            3.69 |
|                                 SAC/Q2_mean |            3.78 |
|                            Norm/actor_model |             115 |
|                           Norm/critic_model |             235 |
|              Norm/state_action_metric_model |            61.7 |
|                     Norm/state_metric_model |            63.7 |
|        Norm/state_action_state_metric_model |            63.5 |
|                  Metric/self_state_distance |        0.000156 |
|                 Metric/cross_state_distance |           0.938 |
|           Metric/self_state_action_distance |         0.00117 |
|          Metric/cross_state_action_distance |           0.925 |
|             Metric/avg_self_state_asymmetry |               0 |
|            Metric/avg_cross_state_asymmetry |         0.00149 |
|                Metric/avg_self_sa_asymmetry |               0 |
|               Metric/avg_cross_sa_asymmetry |         0.00127 |
|  Metric/self_state_action_to_state_distance |        0.000211 |
| Metric/cross_state_action_to_state_distance |           0.925 |
|                   Metric/h_lambda_diff_self |         0.00115 |
|                  Metric/h_lambda_diff_cross |         0.00166 |
|                                 Eval/Return |             117 |
-----------------------------------------------------------------
[32mSaving model …[0m
[32mDone.[0m
[32mSaving model …[0m
[32mDone.[0m
-----------------------------------------------------------------
|                                 Train/Steps |        2.18e+06 |
|                            Loss/Loss_critic |           0.128 |
|                             Loss/Loss_actor |           -4.34 |
|                             Loss/Loss_alpha |        3.06e-05 |
|               Loss/Loss_state_action_metric |         0.00284 |
|                      Loss/Loss_state_metric |          0.0022 |
|             Loss/Loss_state_action_to_state |        1.08e-05 |
|                           Loss/Act_rep_loss |          0.0587 |
|                                   SAC/Alpha |         0.00375 |
|                              SAC/LogPi_mean |           0.536 |
|                                 SAC/Q1_mean |            4.42 |
|                                 SAC/Q2_mean |            4.42 |
|                            Norm/actor_model |             118 |
|                           Norm/critic_model |             241 |
|              Norm/state_action_metric_model |            63.6 |
|                     Norm/state_metric_model |            65.9 |
|        Norm/state_action_state_metric_model |            65.3 |
|                  Metric/self_state_distance |        6.12e-05 |
|                 Metric/cross_state_distance |           0.949 |
|           Metric/self_state_action_distance |        0.000622 |
|          Metric/cross_state_action_distance |           0.937 |
|             Metric/avg_self_state_asymmetry |               0 |
|            Metric/avg_cross_state_asymmetry |         0.00177 |
|                Metric/avg_self_sa_asymmetry |               0 |
|               Metric/avg_cross_sa_asymmetry |         0.00125 |
|  Metric/self_state_action_to_state_distance |        0.000131 |
| Metric/cross_state_action_to_state_distance |           0.937 |
|                   Metric/h_lambda_diff_self |        0.000589 |
|                  Metric/h_lambda_diff_cross |         0.00163 |
|                                 Eval/Return |             121 |
-----------------------------------------------------------------
-----------------------------------------------------------------
|                                 Train/Steps |        2.31e+06 |
|                            Loss/Loss_critic |            0.13 |
|                             Loss/Loss_actor |           -3.87 |
|                             Loss/Loss_alpha |        0.000345 |
|               Loss/Loss_state_action_metric |         0.00302 |
|                      Loss/Loss_state_metric |         0.00244 |
|             Loss/Loss_state_action_to_state |        9.76e-06 |
|                           Loss/Act_rep_loss |          0.0608 |
|                                   SAC/Alpha |          0.0035 |
|                              SAC/LogPi_mean |           0.407 |
|                                 SAC/Q1_mean |            3.92 |
|                                 SAC/Q2_mean |            3.96 |
|                            Norm/actor_model |             122 |
|                           Norm/critic_model |             247 |
|              Norm/state_action_metric_model |            64.9 |
|                     Norm/state_metric_model |            67.3 |
|        Norm/state_action_state_metric_model |            67.1 |
|                  Metric/self_state_distance |        7.99e-05 |
|                 Metric/cross_state_distance |           0.939 |
|           Metric/self_state_action_distance |        0.000312 |
|          Metric/cross_state_action_distance |           0.928 |
|             Metric/avg_self_state_asymmetry |               0 |
|            Metric/avg_cross_state_asymmetry |         0.00176 |
|                Metric/avg_self_sa_asymmetry |               0 |
|               Metric/avg_cross_sa_asymmetry |         0.00134 |
|  Metric/self_state_action_to_state_distance |        0.000326 |
| Metric/cross_state_action_to_state_distance |           0.926 |
|                   Metric/h_lambda_diff_self |         0.00055 |
|                  Metric/h_lambda_diff_cross |         0.00238 |
|                                 Eval/Return |            98.3 |
-----------------------------------------------------------------
-----------------------------------------------------------------
|                                 Train/Steps |        2.44e+06 |
|                            Loss/Loss_critic |           0.098 |
|                             Loss/Loss_actor |           -4.87 |
|                             Loss/Loss_alpha |        0.000858 |
|               Loss/Loss_state_action_metric |         0.00273 |
|                      Loss/Loss_state_metric |         0.00213 |
|             Loss/Loss_state_action_to_state |        7.18e-06 |
|                           Loss/Act_rep_loss |          0.0599 |
|                                   SAC/Alpha |         0.00426 |
|                              SAC/LogPi_mean |           0.278 |
|                                 SAC/Q1_mean |            4.94 |
|                                 SAC/Q2_mean |            4.93 |
|                            Norm/actor_model |             125 |
|                           Norm/critic_model |             253 |
|              Norm/state_action_metric_model |            66.6 |
|                     Norm/state_metric_model |            69.5 |
|        Norm/state_action_state_metric_model |            69.2 |
|                  Metric/self_state_distance |        0.000148 |
|                 Metric/cross_state_distance |           0.946 |
|           Metric/self_state_action_distance |         0.00034 |
|          Metric/cross_state_action_distance |           0.934 |
|             Metric/avg_self_state_asymmetry |               0 |
|            Metric/avg_cross_state_asymmetry |         0.00165 |
|                Metric/avg_self_sa_asymmetry |               0 |
|               Metric/avg_cross_sa_asymmetry |         0.00131 |
|  Metric/self_state_action_to_state_distance |        8.02e-05 |
| Metric/cross_state_action_to_state_distance |           0.934 |
|                   Metric/h_lambda_diff_self |        0.000337 |
|                  Metric/h_lambda_diff_cross |         0.00215 |
|                                 Eval/Return |            92.8 |
-----------------------------------------------------------------
-----------------------------------------------------------------
|                                 Train/Steps |        2.57e+06 |
|                            Loss/Loss_critic |            0.15 |
|                             Loss/Loss_actor |           -4.77 |
|                             Loss/Loss_alpha |       -0.000322 |
|               Loss/Loss_state_action_metric |         0.00353 |
|                      Loss/Loss_state_metric |         0.00257 |
|             Loss/Loss_state_action_to_state |        6.96e-06 |
|                           Loss/Act_rep_loss |          0.0607 |
|                                   SAC/Alpha |         0.00384 |
|                              SAC/LogPi_mean |           0.555 |
|                                 SAC/Q1_mean |            4.83 |
|                                 SAC/Q2_mean |            4.81 |
|                            Norm/actor_model |             129 |
|                           Norm/critic_model |             258 |
|              Norm/state_action_metric_model |            68.3 |
|                     Norm/state_metric_model |            71.3 |
|        Norm/state_action_state_metric_model |            70.9 |
|                  Metric/self_state_distance |        0.000779 |
|                 Metric/cross_state_distance |           0.944 |
|           Metric/self_state_action_distance |        0.000241 |
|          Metric/cross_state_action_distance |           0.932 |
|             Metric/avg_self_state_asymmetry |               0 |
|            Metric/avg_cross_state_asymmetry |         0.00135 |
|                Metric/avg_self_sa_asymmetry |               0 |
|               Metric/avg_cross_sa_asymmetry |         0.00124 |
|  Metric/self_state_action_to_state_distance |        9.56e-05 |
| Metric/cross_state_action_to_state_distance |           0.931 |
|                   Metric/h_lambda_diff_self |        0.000225 |
|                  Metric/h_lambda_diff_cross |         0.00166 |
|                                 Eval/Return |             105 |
-----------------------------------------------------------------
-----------------------------------------------------------------
|                                 Train/Steps |         2.7e+06 |
|                            Loss/Loss_critic |          0.0947 |
|                             Loss/Loss_actor |           -5.73 |
|                             Loss/Loss_alpha |       -0.000464 |
|               Loss/Loss_state_action_metric |         0.00228 |
|                      Loss/Loss_state_metric |         0.00169 |
|             Loss/Loss_state_action_to_state |        1.68e-05 |
|                           Loss/Act_rep_loss |          0.0585 |
|                                   SAC/Alpha |         0.00383 |
|                              SAC/LogPi_mean |           0.583 |
|                                 SAC/Q1_mean |            5.81 |
|                                 SAC/Q2_mean |            5.79 |
|                            Norm/actor_model |             133 |
|                           Norm/critic_model |             263 |
|              Norm/state_action_metric_model |            69.6 |
|                     Norm/state_metric_model |            72.8 |
|        Norm/state_action_state_metric_model |            72.8 |
|                  Metric/self_state_distance |        0.000178 |
|                 Metric/cross_state_distance |           0.949 |
|           Metric/self_state_action_distance |         0.00027 |
|          Metric/cross_state_action_distance |           0.937 |
|             Metric/avg_self_state_asymmetry |               0 |
|            Metric/avg_cross_state_asymmetry |         0.00224 |
|                Metric/avg_self_sa_asymmetry |               0 |
|               Metric/avg_cross_sa_asymmetry |         0.00139 |
|  Metric/self_state_action_to_state_distance |        7.36e-05 |
| Metric/cross_state_action_to_state_distance |           0.937 |
|                   Metric/h_lambda_diff_self |        0.000265 |
|                  Metric/h_lambda_diff_cross |         0.00213 |
|                                 Eval/Return |             151 |
-----------------------------------------------------------------
-----------------------------------------------------------------
|                                 Train/Steps |        2.82e+06 |
|                            Loss/Loss_critic |           0.144 |
|                             Loss/Loss_actor |            -4.4 |
|                             Loss/Loss_alpha |        0.000452 |
|               Loss/Loss_state_action_metric |         0.00242 |
|                      Loss/Loss_state_metric |         0.00179 |
|             Loss/Loss_state_action_to_state |        5.35e-06 |
|                           Loss/Act_rep_loss |          0.0608 |
|                                   SAC/Alpha |         0.00383 |
|                              SAC/LogPi_mean |           0.477 |
|                                 SAC/Q1_mean |             4.5 |
|                                 SAC/Q2_mean |            4.46 |
|                            Norm/actor_model |             136 |
|                           Norm/critic_model |             268 |
|              Norm/state_action_metric_model |            71.2 |
|                     Norm/state_metric_model |            74.4 |
|        Norm/state_action_state_metric_model |            74.5 |
|                  Metric/self_state_distance |        0.000138 |
|                 Metric/cross_state_distance |           0.948 |
|           Metric/self_state_action_distance |        0.000216 |
|          Metric/cross_state_action_distance |           0.936 |
|             Metric/avg_self_state_asymmetry |               0 |
|            Metric/avg_cross_state_asymmetry |         0.00125 |
|                Metric/avg_self_sa_asymmetry |               0 |
|               Metric/avg_cross_sa_asymmetry |         0.00112 |
|  Metric/self_state_action_to_state_distance |        1.78e-05 |
| Metric/cross_state_action_to_state_distance |           0.936 |
|                   Metric/h_lambda_diff_self |        0.000222 |
|                  Metric/h_lambda_diff_cross |         0.00126 |
|                                 Eval/Return |            91.9 |
-----------------------------------------------------------------
-----------------------------------------------------------------
|                                 Train/Steps |        2.95e+06 |
|                            Loss/Loss_critic |            0.11 |
|                             Loss/Loss_actor |           -6.01 |
|                             Loss/Loss_alpha |       -0.000207 |
|               Loss/Loss_state_action_metric |         0.00248 |
|                      Loss/Loss_state_metric |         0.00183 |
|             Loss/Loss_state_action_to_state |        6.89e-06 |
|                           Loss/Act_rep_loss |           0.059 |
|                                   SAC/Alpha |         0.00357 |
|                              SAC/LogPi_mean |           0.547 |
|                                 SAC/Q1_mean |             6.1 |
|                                 SAC/Q2_mean |            6.11 |
|                            Norm/actor_model |             139 |
|                           Norm/critic_model |             272 |
|              Norm/state_action_metric_model |            72.5 |
|                     Norm/state_metric_model |            76.1 |
|        Norm/state_action_state_metric_model |            76.5 |
|                  Metric/self_state_distance |        0.000132 |
|                 Metric/cross_state_distance |           0.951 |
|           Metric/self_state_action_distance |         0.00161 |
|          Metric/cross_state_action_distance |           0.941 |
|             Metric/avg_self_state_asymmetry |               0 |
|            Metric/avg_cross_state_asymmetry |         0.00144 |
|                Metric/avg_self_sa_asymmetry |               0 |
|               Metric/avg_cross_sa_asymmetry |         0.00161 |
|  Metric/self_state_action_to_state_distance |        3.61e-06 |
| Metric/cross_state_action_to_state_distance |            0.94 |
|                   Metric/h_lambda_diff_self |         0.00161 |
|                  Metric/h_lambda_diff_cross |         0.00227 |
|                                 Eval/Return |             127 |
-----------------------------------------------------------------
-----------------------------------------------------------------
|                                 Train/Steps |        3.08e+06 |
|                            Loss/Loss_critic |           0.256 |
|                             Loss/Loss_actor |           -6.63 |
|                             Loss/Loss_alpha |       -9.99e-05 |
|               Loss/Loss_state_action_metric |         0.00291 |
|                      Loss/Loss_state_metric |         0.00227 |
|             Loss/Loss_state_action_to_state |         5.2e-06 |
|                           Loss/Act_rep_loss |          0.0576 |
|                                   SAC/Alpha |         0.00368 |
|                              SAC/LogPi_mean |           0.508 |
|                                 SAC/Q1_mean |             6.7 |
|                                 SAC/Q2_mean |            6.77 |
|                            Norm/actor_model |             142 |
|                           Norm/critic_model |             277 |
|              Norm/state_action_metric_model |            73.9 |
|                     Norm/state_metric_model |            77.7 |
|        Norm/state_action_state_metric_model |            78.4 |
|                  Metric/self_state_distance |        6.65e-06 |
|                 Metric/cross_state_distance |           0.954 |
|           Metric/self_state_action_distance |        0.000446 |
|          Metric/cross_state_action_distance |           0.944 |
|             Metric/avg_self_state_asymmetry |               0 |
|            Metric/avg_cross_state_asymmetry |         0.00119 |
|                Metric/avg_self_sa_asymmetry |               0 |
|               Metric/avg_cross_sa_asymmetry |         0.00103 |
|  Metric/self_state_action_to_state_distance |        2.24e-05 |
| Metric/cross_state_action_to_state_distance |           0.944 |
|                   Metric/h_lambda_diff_self |        0.000443 |
|                  Metric/h_lambda_diff_cross |         0.00161 |
|                                 Eval/Return |             107 |
-----------------------------------------------------------------
[32mSaving model …[0m
[32mDone.[0m
[32mSaving model …[0m
[32mDone.[0m
-----------------------------------------------------------------
|                                 Train/Steps |        3.21e+06 |
|                            Loss/Loss_critic |           0.109 |
|                             Loss/Loss_actor |           -5.35 |
|                             Loss/Loss_alpha |         0.00042 |
|               Loss/Loss_state_action_metric |         0.00236 |
|                      Loss/Loss_state_metric |         0.00176 |
|             Loss/Loss_state_action_to_state |        4.85e-06 |
|                           Loss/Act_rep_loss |          0.0602 |
|                                   SAC/Alpha |         0.00409 |
|                              SAC/LogPi_mean |           0.465 |
|                                 SAC/Q1_mean |            5.42 |
|                                 SAC/Q2_mean |            5.43 |
|                            Norm/actor_model |             146 |
|                           Norm/critic_model |             281 |
|              Norm/state_action_metric_model |            75.3 |
|                     Norm/state_metric_model |            79.4 |
|        Norm/state_action_state_metric_model |              80 |
|                  Metric/self_state_distance |         4.8e-06 |
|                 Metric/cross_state_distance |           0.948 |
|           Metric/self_state_action_distance |         0.00022 |
|          Metric/cross_state_action_distance |           0.936 |
|             Metric/avg_self_state_asymmetry |               0 |
|            Metric/avg_cross_state_asymmetry |         0.00133 |
|                Metric/avg_self_sa_asymmetry |               0 |
|               Metric/avg_cross_sa_asymmetry |         0.00131 |
|  Metric/self_state_action_to_state_distance |        9.75e-06 |
| Metric/cross_state_action_to_state_distance |           0.936 |
|                   Metric/h_lambda_diff_self |        0.000214 |
|                  Metric/h_lambda_diff_cross |         0.00141 |
|                                 Eval/Return |             132 |
-----------------------------------------------------------------
-----------------------------------------------------------------
|                                 Train/Steps |        3.34e+06 |
|                            Loss/Loss_critic |          0.0873 |
|                             Loss/Loss_actor |           -5.84 |
|                             Loss/Loss_alpha |       -0.000136 |
|               Loss/Loss_state_action_metric |         0.00345 |
|                      Loss/Loss_state_metric |         0.00275 |
|             Loss/Loss_state_action_to_state |        5.58e-06 |
|                           Loss/Act_rep_loss |          0.0595 |
|                                   SAC/Alpha |         0.00353 |
|                              SAC/LogPi_mean |           0.486 |
|                                 SAC/Q1_mean |            5.88 |
|                                 SAC/Q2_mean |            5.91 |
|                            Norm/actor_model |             148 |
|                           Norm/critic_model |             286 |
|              Norm/state_action_metric_model |            76.8 |
|                     Norm/state_metric_model |            81.1 |
|        Norm/state_action_state_metric_model |            81.8 |
|                  Metric/self_state_distance |        1.23e-05 |
|                 Metric/cross_state_distance |            0.95 |
|           Metric/self_state_action_distance |        8.05e-05 |
|          Metric/cross_state_action_distance |           0.939 |
|             Metric/avg_self_state_asymmetry |               0 |
|            Metric/avg_cross_state_asymmetry |         0.00119 |
|                Metric/avg_self_sa_asymmetry |               0 |
|               Metric/avg_cross_sa_asymmetry |         0.00114 |
|  Metric/self_state_action_to_state_distance |        2.08e-05 |
| Metric/cross_state_action_to_state_distance |           0.938 |
|                   Metric/h_lambda_diff_self |        9.21e-05 |
|                  Metric/h_lambda_diff_cross |         0.00151 |
|                                 Eval/Return |             126 |
-----------------------------------------------------------------
-----------------------------------------------------------------
|                                 Train/Steps |        3.46e+06 |
|                            Loss/Loss_critic |          0.0905 |
|                             Loss/Loss_actor |           -6.11 |
|                             Loss/Loss_alpha |        -2.2e-05 |
|               Loss/Loss_state_action_metric |         0.00404 |
|                      Loss/Loss_state_metric |          0.0034 |
|             Loss/Loss_state_action_to_state |        1.45e-05 |
|                           Loss/Act_rep_loss |           0.057 |
|                                   SAC/Alpha |         0.00381 |
|                              SAC/LogPi_mean |           0.538 |
|                                 SAC/Q1_mean |            6.18 |
|                                 SAC/Q2_mean |            6.19 |
|                            Norm/actor_model |             151 |
|                           Norm/critic_model |             290 |
|              Norm/state_action_metric_model |            78.2 |
|                     Norm/state_metric_model |              83 |
|        Norm/state_action_state_metric_model |            83.5 |
|                  Metric/self_state_distance |        0.000299 |
|                 Metric/cross_state_distance |           0.947 |
|           Metric/self_state_action_distance |        0.000139 |
|          Metric/cross_state_action_distance |           0.937 |
|             Metric/avg_self_state_asymmetry |               0 |
|            Metric/avg_cross_state_asymmetry |         0.00148 |
|                Metric/avg_self_sa_asymmetry |               0 |
|               Metric/avg_cross_sa_asymmetry |         0.00121 |
|  Metric/self_state_action_to_state_distance |        8.95e-05 |
| Metric/cross_state_action_to_state_distance |           0.936 |
|                   Metric/h_lambda_diff_self |        0.000196 |
|                  Metric/h_lambda_diff_cross |         0.00226 |
|                                 Eval/Return |             144 |
-----------------------------------------------------------------
-----------------------------------------------------------------
|                                 Train/Steps |        3.59e+06 |
|                            Loss/Loss_critic |           0.173 |
|                             Loss/Loss_actor |           -6.45 |
|                             Loss/Loss_alpha |        -0.00107 |
|               Loss/Loss_state_action_metric |         0.00354 |
|                      Loss/Loss_state_metric |         0.00229 |
|             Loss/Loss_state_action_to_state |        1.16e-05 |
|                           Loss/Act_rep_loss |          0.0573 |
|                                   SAC/Alpha |         0.00382 |
|                              SAC/LogPi_mean |           0.747 |
|                                 SAC/Q1_mean |            6.52 |
|                                 SAC/Q2_mean |            6.52 |
|                            Norm/actor_model |             155 |
|                           Norm/critic_model |             294 |
|              Norm/state_action_metric_model |            79.6 |
|                     Norm/state_metric_model |            84.6 |
|        Norm/state_action_state_metric_model |            85.3 |
|                  Metric/self_state_distance |         0.00394 |
|                 Metric/cross_state_distance |           0.954 |
|           Metric/self_state_action_distance |        0.000521 |
|          Metric/cross_state_action_distance |           0.942 |
|             Metric/avg_self_state_asymmetry |               0 |
|            Metric/avg_cross_state_asymmetry |         0.00263 |
|                Metric/avg_self_sa_asymmetry |               0 |
|               Metric/avg_cross_sa_asymmetry |         0.00132 |
|  Metric/self_state_action_to_state_distance |        0.000102 |
| Metric/cross_state_action_to_state_distance |            0.94 |
|                   Metric/h_lambda_diff_self |        0.000594 |
|                  Metric/h_lambda_diff_cross |         0.00217 |
|                                 Eval/Return |             138 |
-----------------------------------------------------------------
-----------------------------------------------------------------
|                                 Train/Steps |        3.72e+06 |
|                            Loss/Loss_critic |          0.0951 |
|                             Loss/Loss_actor |           -5.83 |
|                             Loss/Loss_alpha |        0.000668 |
|               Loss/Loss_state_action_metric |         0.00263 |
|                      Loss/Loss_state_metric |         0.00191 |
|             Loss/Loss_state_action_to_state |        7.06e-06 |
|                           Loss/Act_rep_loss |          0.0593 |
|                                   SAC/Alpha |         0.00366 |
|                              SAC/LogPi_mean |           0.267 |
|                                 SAC/Q1_mean |            5.87 |
|                                 SAC/Q2_mean |            5.94 |
|                            Norm/actor_model |             157 |
|                           Norm/critic_model |             298 |
|              Norm/state_action_metric_model |              81 |
|                     Norm/state_metric_model |            86.3 |
|        Norm/state_action_state_metric_model |            87.1 |
|                  Metric/self_state_distance |        8.04e-05 |
|                 Metric/cross_state_distance |           0.953 |
|           Metric/self_state_action_distance |         0.00158 |
|          Metric/cross_state_action_distance |           0.943 |
|             Metric/avg_self_state_asymmetry |               0 |
|            Metric/avg_cross_state_asymmetry |          0.0011 |
|                Metric/avg_self_sa_asymmetry |               0 |
|               Metric/avg_cross_sa_asymmetry |         0.00126 |
|  Metric/self_state_action_to_state_distance |        1.36e-05 |
| Metric/cross_state_action_to_state_distance |           0.943 |
|                   Metric/h_lambda_diff_self |         0.00158 |
|                  Metric/h_lambda_diff_cross |         0.00174 |
|                                 Eval/Return |             139 |
-----------------------------------------------------------------
-----------------------------------------------------------------
|                                 Train/Steps |        3.85e+06 |
|                            Loss/Loss_critic |           0.106 |
|                             Loss/Loss_actor |           -8.56 |
|                             Loss/Loss_alpha |        6.99e-05 |
|               Loss/Loss_state_action_metric |         0.00311 |
|                      Loss/Loss_state_metric |          0.0024 |
|             Loss/Loss_state_action_to_state |        1.43e-05 |
|                           Loss/Act_rep_loss |          0.0537 |
|                                   SAC/Alpha |         0.00336 |
|                              SAC/LogPi_mean |           0.468 |
|                                 SAC/Q1_mean |            8.65 |
|                                 SAC/Q2_mean |             8.6 |
|                            Norm/actor_model |             161 |
|                           Norm/critic_model |             302 |
|              Norm/state_action_metric_model |            82.2 |
|                     Norm/state_metric_model |            87.8 |
|        Norm/state_action_state_metric_model |            88.8 |
|                  Metric/self_state_distance |        5.27e-05 |
|                 Metric/cross_state_distance |           0.964 |
|           Metric/self_state_action_distance |        0.000143 |
|          Metric/cross_state_action_distance |           0.957 |
|             Metric/avg_self_state_asymmetry |               0 |
|            Metric/avg_cross_state_asymmetry |         0.00152 |
|                Metric/avg_self_sa_asymmetry |               0 |
|               Metric/avg_cross_sa_asymmetry |         0.00134 |
|  Metric/self_state_action_to_state_distance |         1.9e-05 |
| Metric/cross_state_action_to_state_distance |           0.955 |
|                   Metric/h_lambda_diff_self |        0.000136 |
|                  Metric/h_lambda_diff_cross |         0.00292 |
|                                 Eval/Return |             130 |
-----------------------------------------------------------------
-----------------------------------------------------------------
|                                 Train/Steps |        3.98e+06 |
|                            Loss/Loss_critic |          0.0727 |
|                             Loss/Loss_actor |           -6.34 |
|                             Loss/Loss_alpha |         0.00038 |
|               Loss/Loss_state_action_metric |         0.00292 |
|                      Loss/Loss_state_metric |         0.00185 |
|             Loss/Loss_state_action_to_state |        3.81e-06 |
|                           Loss/Act_rep_loss |          0.0583 |
|                                   SAC/Alpha |          0.0039 |
|                              SAC/LogPi_mean |            0.43 |
|                                 SAC/Q1_mean |            6.38 |
|                                 SAC/Q2_mean |            6.41 |
|                            Norm/actor_model |             164 |
|                           Norm/critic_model |             306 |
|              Norm/state_action_metric_model |            83.6 |
|                     Norm/state_metric_model |            89.6 |
|        Norm/state_action_state_metric_model |            90.5 |
|                  Metric/self_state_distance |        4.85e-05 |
|                 Metric/cross_state_distance |           0.953 |
|           Metric/self_state_action_distance |        0.000211 |
|          Metric/cross_state_action_distance |           0.943 |
|             Metric/avg_self_state_asymmetry |               0 |
|            Metric/avg_cross_state_asymmetry |         0.00103 |
|                Metric/avg_self_sa_asymmetry |               0 |
|               Metric/avg_cross_sa_asymmetry |         0.00102 |
|  Metric/self_state_action_to_state_distance |        3.08e-05 |
| Metric/cross_state_action_to_state_distance |           0.942 |
|                   Metric/h_lambda_diff_self |        0.000223 |
|                  Metric/h_lambda_diff_cross |         0.00141 |
|                                 Eval/Return |             127 |
-----------------------------------------------------------------
-----------------------------------------------------------------
|                                 Train/Steps |         4.1e+06 |
|                            Loss/Loss_critic |           0.126 |
|                             Loss/Loss_actor |           -7.09 |
|                             Loss/Loss_alpha |        0.000285 |
|               Loss/Loss_state_action_metric |         0.00292 |
|                      Loss/Loss_state_metric |         0.00225 |
|             Loss/Loss_state_action_to_state |        3.99e-06 |
|                           Loss/Act_rep_loss |          0.0578 |
|                                   SAC/Alpha |         0.00356 |
|                              SAC/LogPi_mean |            0.43 |
|                                 SAC/Q1_mean |             7.2 |
|                                 SAC/Q2_mean |            7.13 |
|                            Norm/actor_model |             166 |
|                           Norm/critic_model |             310 |
|              Norm/state_action_metric_model |            85.1 |
|                     Norm/state_metric_model |            91.2 |
|        Norm/state_action_state_metric_model |            92.1 |
|                  Metric/self_state_distance |        0.000116 |
|                 Metric/cross_state_distance |           0.954 |
|           Metric/self_state_action_distance |        0.000831 |
|          Metric/cross_state_action_distance |           0.944 |
|             Metric/avg_self_state_asymmetry |               0 |
|            Metric/avg_cross_state_asymmetry |         0.00109 |
|                Metric/avg_self_sa_asymmetry |               0 |
|               Metric/avg_cross_sa_asymmetry |         0.00133 |
|  Metric/self_state_action_to_state_distance |         0.00015 |
| Metric/cross_state_action_to_state_distance |           0.943 |
|                   Metric/h_lambda_diff_self |        0.000943 |
|                  Metric/h_lambda_diff_cross |         0.00152 |
|                                 Eval/Return |             123 |
-----------------------------------------------------------------
[32mSaving model …[0m
[32mDone.[0m
[32mSaving model …[0m
[32mDone.[0m
-----------------------------------------------------------------
|                                 Train/Steps |        4.23e+06 |
|                            Loss/Loss_critic |          0.0696 |
|                             Loss/Loss_actor |           -7.69 |
|                             Loss/Loss_alpha |        7.73e-05 |
|               Loss/Loss_state_action_metric |         0.00361 |
|                      Loss/Loss_state_metric |         0.00267 |
|             Loss/Loss_state_action_to_state |        7.08e-06 |
|                           Loss/Act_rep_loss |          0.0562 |
|                                   SAC/Alpha |         0.00326 |
|                              SAC/LogPi_mean |           0.527 |
|                                 SAC/Q1_mean |            7.77 |
|                                 SAC/Q2_mean |            7.75 |
|                            Norm/actor_model |             169 |
|                           Norm/critic_model |             314 |
|              Norm/state_action_metric_model |            86.5 |
|                     Norm/state_metric_model |              93 |
|        Norm/state_action_state_metric_model |            93.8 |
|                  Metric/self_state_distance |        1.22e-05 |
|                 Metric/cross_state_distance |           0.954 |
|           Metric/self_state_action_distance |        0.000335 |
|          Metric/cross_state_action_distance |           0.943 |
|             Metric/avg_self_state_asymmetry |               0 |
|            Metric/avg_cross_state_asymmetry |         0.00107 |
|                Metric/avg_self_sa_asymmetry |               0 |
|               Metric/avg_cross_sa_asymmetry |         0.00127 |
|  Metric/self_state_action_to_state_distance |        1.99e-05 |
| Metric/cross_state_action_to_state_distance |           0.944 |
|                   Metric/h_lambda_diff_self |        0.000322 |
|                  Metric/h_lambda_diff_cross |         0.00208 |
|                                 Eval/Return |             180 |
-----------------------------------------------------------------
-----------------------------------------------------------------
|                                 Train/Steps |        4.36e+06 |
|                            Loss/Loss_critic |          0.0684 |
|                             Loss/Loss_actor |           -8.16 |
|                             Loss/Loss_alpha |        0.000526 |
|               Loss/Loss_state_action_metric |         0.00316 |
|                      Loss/Loss_state_metric |         0.00246 |
|             Loss/Loss_state_action_to_state |        3.94e-06 |
|                           Loss/Act_rep_loss |          0.0563 |
|                                   SAC/Alpha |         0.00353 |
|                              SAC/LogPi_mean |           0.338 |
|                                 SAC/Q1_mean |            8.26 |
|                                 SAC/Q2_mean |             8.2 |
|                            Norm/actor_model |             172 |
|                           Norm/critic_model |             318 |
|              Norm/state_action_metric_model |              88 |
|                     Norm/state_metric_model |            94.9 |
|        Norm/state_action_state_metric_model |            95.7 |
|                  Metric/self_state_distance |           6e-06 |
|                 Metric/cross_state_distance |           0.961 |
|           Metric/self_state_action_distance |        0.000171 |
|          Metric/cross_state_action_distance |           0.952 |
|             Metric/avg_self_state_asymmetry |               0 |
|            Metric/avg_cross_state_asymmetry |         0.00123 |
|                Metric/avg_self_sa_asymmetry |               0 |
|               Metric/avg_cross_sa_asymmetry |         0.00121 |
|  Metric/self_state_action_to_state_distance |        3.39e-07 |
| Metric/cross_state_action_to_state_distance |           0.952 |
|                   Metric/h_lambda_diff_self |        0.000171 |
|                  Metric/h_lambda_diff_cross |         0.00161 |
|                                 Eval/Return |             137 |
-----------------------------------------------------------------
-----------------------------------------------------------------
|                                 Train/Steps |        4.49e+06 |
|                            Loss/Loss_critic |          0.0846 |
|                             Loss/Loss_actor |           -9.09 |
|                             Loss/Loss_alpha |        4.61e-05 |
|               Loss/Loss_state_action_metric |         0.00259 |
|                      Loss/Loss_state_metric |         0.00189 |
|             Loss/Loss_state_action_to_state |        1.04e-05 |
|                           Loss/Act_rep_loss |          0.0566 |
|                                   SAC/Alpha |         0.00342 |
|                              SAC/LogPi_mean |           0.481 |
|                                 SAC/Q1_mean |            9.15 |
|                                 SAC/Q2_mean |            9.16 |
|                            Norm/actor_model |             175 |
|                           Norm/critic_model |             321 |
|              Norm/state_action_metric_model |            89.3 |
|                     Norm/state_metric_model |            96.5 |
|        Norm/state_action_state_metric_model |            97.7 |
|                  Metric/self_state_distance |         8.7e-05 |
|                 Metric/cross_state_distance |           0.957 |
|           Metric/self_state_action_distance |        0.000247 |
|          Metric/cross_state_action_distance |           0.949 |
|             Metric/avg_self_state_asymmetry |               0 |
|            Metric/avg_cross_state_asymmetry |         0.00119 |
|                Metric/avg_self_sa_asymmetry |               0 |
|               Metric/avg_cross_sa_asymmetry |         0.00122 |
|  Metric/self_state_action_to_state_distance |        2.17e-05 |
| Metric/cross_state_action_to_state_distance |           0.948 |
|                   Metric/h_lambda_diff_self |        0.000257 |
|                  Metric/h_lambda_diff_cross |          0.0019 |
|                                 Eval/Return |             209 |
-----------------------------------------------------------------
-----------------------------------------------------------------
|                                 Train/Steps |        4.62e+06 |
|                            Loss/Loss_critic |          0.0819 |
|                             Loss/Loss_actor |           -10.4 |
|                             Loss/Loss_alpha |       -0.000115 |
|               Loss/Loss_state_action_metric |         0.00339 |
|                      Loss/Loss_state_metric |         0.00271 |
|             Loss/Loss_state_action_to_state |         4.3e-06 |
|                           Loss/Act_rep_loss |          0.0544 |
|                                   SAC/Alpha |         0.00363 |
|                              SAC/LogPi_mean |           0.566 |
|                                 SAC/Q1_mean |            10.6 |
|                                 SAC/Q2_mean |            10.5 |
|                            Norm/actor_model |             178 |
|                           Norm/critic_model |             325 |
|              Norm/state_action_metric_model |            90.6 |
|                     Norm/state_metric_model |              98 |
|        Norm/state_action_state_metric_model |            99.3 |
|                  Metric/self_state_distance |        0.000229 |
|                 Metric/cross_state_distance |           0.959 |
|           Metric/self_state_action_distance |        0.000876 |
|          Metric/cross_state_action_distance |           0.951 |
|             Metric/avg_self_state_asymmetry |               0 |
|            Metric/avg_cross_state_asymmetry |         0.00126 |
|                Metric/avg_self_sa_asymmetry |               0 |
|               Metric/avg_cross_sa_asymmetry |         0.00135 |
|  Metric/self_state_action_to_state_distance |        3.41e-05 |
| Metric/cross_state_action_to_state_distance |           0.951 |
|                   Metric/h_lambda_diff_self |         0.00088 |
|                  Metric/h_lambda_diff_cross |         0.00149 |
|                                 Eval/Return |             133 |
-----------------------------------------------------------------
-----------------------------------------------------------------
|                                 Train/Steps |        4.74e+06 |
|                            Loss/Loss_critic |          0.0833 |
|                             Loss/Loss_actor |           -10.2 |
|                             Loss/Loss_alpha |       -8.27e-05 |
|               Loss/Loss_state_action_metric |         0.00397 |
|                      Loss/Loss_state_metric |         0.00326 |
|             Loss/Loss_state_action_to_state |        5.33e-06 |
|                           Loss/Act_rep_loss |          0.0527 |
|                                   SAC/Alpha |         0.00355 |
|                              SAC/LogPi_mean |           0.489 |
|                                 SAC/Q1_mean |            10.3 |
|                                 SAC/Q2_mean |            10.3 |
|                            Norm/actor_model |             180 |
|                           Norm/critic_model |             328 |
|              Norm/state_action_metric_model |            91.9 |
|                     Norm/state_metric_model |            99.5 |
|        Norm/state_action_state_metric_model |             101 |
|                  Metric/self_state_distance |        0.000321 |
|                 Metric/cross_state_distance |           0.964 |
|           Metric/self_state_action_distance |        0.000576 |
|          Metric/cross_state_action_distance |           0.957 |
|             Metric/avg_self_state_asymmetry |               0 |
|            Metric/avg_cross_state_asymmetry |          0.0012 |
|                Metric/avg_self_sa_asymmetry |               0 |
|               Metric/avg_cross_sa_asymmetry |         0.00125 |
|  Metric/self_state_action_to_state_distance |         5.7e-06 |
| Metric/cross_state_action_to_state_distance |           0.956 |
|                   Metric/h_lambda_diff_self |         0.00057 |
|                  Metric/h_lambda_diff_cross |         0.00157 |
|                                 Eval/Return |             189 |
-----------------------------------------------------------------
-----------------------------------------------------------------
|                                 Train/Steps |        4.87e+06 |
|                            Loss/Loss_critic |           0.107 |
|                             Loss/Loss_actor |           -10.5 |
|                             Loss/Loss_alpha |        0.000146 |
|               Loss/Loss_state_action_metric |         0.00312 |
|                      Loss/Loss_state_metric |         0.00243 |
|             Loss/Loss_state_action_to_state |         6.2e-06 |
|                           Loss/Act_rep_loss |          0.0532 |
|                                   SAC/Alpha |         0.00416 |
|                              SAC/LogPi_mean |           0.533 |
|                                 SAC/Q1_mean |            10.6 |
|                                 SAC/Q2_mean |            10.6 |
|                            Norm/actor_model |             183 |
|                           Norm/critic_model |             332 |
|              Norm/state_action_metric_model |            93.2 |
|                     Norm/state_metric_model |             101 |
|        Norm/state_action_state_metric_model |             103 |
|                  Metric/self_state_distance |        5.11e-07 |
|                 Metric/cross_state_distance |           0.967 |
|           Metric/self_state_action_distance |        0.000198 |
|          Metric/cross_state_action_distance |           0.959 |
|             Metric/avg_self_state_asymmetry |               0 |
|            Metric/avg_cross_state_asymmetry |          0.0014 |
|                Metric/avg_self_sa_asymmetry |               0 |
|               Metric/avg_cross_sa_asymmetry |        0.000999 |
|  Metric/self_state_action_to_state_distance |        3.18e-06 |
| Metric/cross_state_action_to_state_distance |           0.959 |
|                   Metric/h_lambda_diff_self |        0.000197 |
|                  Metric/h_lambda_diff_cross |         0.00148 |
|                                 Eval/Return |             129 |
-----------------------------------------------------------------
-----------------------------------------------------------------
|                                 Train/Steps |           5e+06 |
|                            Loss/Loss_critic |           0.121 |
|                             Loss/Loss_actor |           -11.5 |
|                             Loss/Loss_alpha |        0.000126 |
|               Loss/Loss_state_action_metric |         0.00283 |
|                      Loss/Loss_state_metric |         0.00211 |
|             Loss/Loss_state_action_to_state |        5.99e-06 |
|                           Loss/Act_rep_loss |          0.0538 |
|                                   SAC/Alpha |         0.00384 |
|                              SAC/LogPi_mean |           0.504 |
|                                 SAC/Q1_mean |            11.5 |
|                                 SAC/Q2_mean |            11.6 |
|                            Norm/actor_model |             186 |
|                           Norm/critic_model |             335 |
|              Norm/state_action_metric_model |            94.6 |
|                     Norm/state_metric_model |             102 |
|        Norm/state_action_state_metric_model |             104 |
|                  Metric/self_state_distance |        0.000163 |
|                 Metric/cross_state_distance |           0.968 |
|           Metric/self_state_action_distance |        0.000417 |
|          Metric/cross_state_action_distance |           0.961 |
|             Metric/avg_self_state_asymmetry |               0 |
|            Metric/avg_cross_state_asymmetry |         0.00112 |
|                Metric/avg_self_sa_asymmetry |               0 |
|               Metric/avg_cross_sa_asymmetry |         0.00108 |
|  Metric/self_state_action_to_state_distance |        7.21e-05 |
| Metric/cross_state_action_to_state_distance |           0.961 |
|                   Metric/h_lambda_diff_self |        0.000441 |
|                  Metric/h_lambda_diff_cross |         0.00158 |
|                                 Eval/Return |             148 |
-----------------------------------------------------------------
[32mSaving model …[0m
[32mDone.[0m
[32mSaving model …[0m
[32mDone.[0m
