E0928 16:35:40.156688 3930368 cuda_executor.cc:1526] Could not get kernel mode driver version: (INVALID_ARGUMENT: Version does not match the format X.Y.Z)
E0928 16:35:40.165521 3930254 cuda_executor.cc:1526] Could not get kernel mode driver version: (INVALID_ARGUMENT: Version does not match the format X.Y.Z)
[32mStart prefilling replay buffer[0m
[32mStart SAC training[0m
[32m{'log_freq': 1000, 'save_freq': 1000000, 'eval_episode_freq': 10, 'hidden_size': 256, 'lr': 0.001, 'max_grad_norm': 0.0, 'gamma': 0.99, 'update_tau': 0.005, 'train_per_step': 8, 'episode_length': 1000, 'warmup_samples': 8192, 'max_replay_size': 4000000, 'batch_size': 512, 'total_env_steps': 5000000, 'init_temperature': 0.1, 'nstep': 3, 'bootstrap_on_truncation': True, 'rep_lr_scale': 1.5, 'rep_temperature': 1.0, 'vis_feq': 100000, 'n_vis_frames': 4, 'num_envs': 128, 'grad_steps': 50, 'transfer_freq': 10, 'transfer_steps': 8, 'reward_scaling': 1.0, 'num_eval_envs': 128, 'target_entropy': -1.0}[0m
[32m[nstep] nstep=3 bootstrap_on_truncation=True (discount from the buffer already contains gamma^nstep)[0m
-----------------------------------------------------------------
|                                 Train/Steps |        1.36e+05 |
|                            Loss/Loss_critic |            1.75 |
|                             Loss/Loss_actor |            -9.4 |
|                             Loss/Loss_alpha |        0.000704 |
|               Loss/Loss_state_action_metric |         0.00447 |
|                      Loss/Loss_state_metric |         0.00174 |
|             Loss/Loss_state_action_to_state |        0.000218 |
|                           Loss/Act_rep_loss |         0.00962 |
|                                   SAC/Alpha |         0.00802 |
|                              SAC/LogPi_mean |           0.845 |
|                                 SAC/Q1_mean |            9.34 |
|                                 SAC/Q2_mean |            9.36 |
|                            Norm/actor_model |              52 |
|                           Norm/critic_model |            78.7 |
|              Norm/state_action_metric_model |            30.6 |
|                     Norm/state_metric_model |            30.6 |
|        Norm/state_action_state_metric_model |            31.5 |
|                  Metric/self_state_distance |         0.00213 |
|                 Metric/cross_state_distance |           0.976 |
|           Metric/self_state_action_distance |          0.0019 |
|          Metric/cross_state_action_distance |           0.976 |
|             Metric/avg_self_state_asymmetry |               0 |
|            Metric/avg_cross_state_asymmetry |         0.00492 |
|                Metric/avg_self_sa_asymmetry |               0 |
|               Metric/avg_cross_sa_asymmetry |         0.00524 |
|  Metric/self_state_action_to_state_distance |         0.00144 |
| Metric/cross_state_action_to_state_distance |           0.975 |
|                   Metric/h_lambda_diff_self |         0.00164 |
|                  Metric/h_lambda_diff_cross |         0.00876 |
|                                 Eval/Return |            61.5 |
-----------------------------------------------------------------
-----------------------------------------------------------------
|                                 Train/Steps |        2.64e+05 |
|                            Loss/Loss_critic |           0.825 |
|                             Loss/Loss_actor |           -10.7 |
|                             Loss/Loss_alpha |         0.00338 |
|               Loss/Loss_state_action_metric |         0.00282 |
|                      Loss/Loss_state_metric |         0.00184 |
|             Loss/Loss_state_action_to_state |        4.65e-05 |
|                           Loss/Act_rep_loss |         0.00617 |
|                                   SAC/Alpha |          0.0146 |
|                              SAC/LogPi_mean |           0.753 |
|                                 SAC/Q1_mean |            10.6 |
|                                 SAC/Q2_mean |            10.7 |
|                            Norm/actor_model |              67 |
|                           Norm/critic_model |             104 |
|              Norm/state_action_metric_model |            30.9 |
|                     Norm/state_metric_model |            30.8 |
|        Norm/state_action_state_metric_model |            32.3 |
|                  Metric/self_state_distance |         0.00112 |
|                 Metric/cross_state_distance |           0.965 |
|           Metric/self_state_action_distance |         0.00327 |
|          Metric/cross_state_action_distance |           0.956 |
|             Metric/avg_self_state_asymmetry |               0 |
|            Metric/avg_cross_state_asymmetry |         0.00289 |
|                Metric/avg_self_sa_asymmetry |               0 |
|               Metric/avg_cross_sa_asymmetry |         0.00386 |
|  Metric/self_state_action_to_state_distance |         0.00058 |
| Metric/cross_state_action_to_state_distance |           0.957 |
|                   Metric/h_lambda_diff_self |         0.00294 |
|                  Metric/h_lambda_diff_cross |         0.00529 |
|                                 Eval/Return |            84.4 |
-----------------------------------------------------------------
-----------------------------------------------------------------
|                                 Train/Steps |        3.92e+05 |
|                            Loss/Loss_critic |            2.59 |
|                             Loss/Loss_actor |           -15.2 |
|                             Loss/Loss_alpha |       -0.000876 |
|               Loss/Loss_state_action_metric |         0.00343 |
|                      Loss/Loss_state_metric |          0.0023 |
|             Loss/Loss_state_action_to_state |        5.46e-05 |
|                           Loss/Act_rep_loss |         0.00836 |
|                                   SAC/Alpha |          0.0218 |
|                              SAC/LogPi_mean |           0.928 |
|                                 SAC/Q1_mean |            15.1 |
|                                 SAC/Q2_mean |            15.1 |
|                            Norm/actor_model |            77.3 |
|                           Norm/critic_model |             120 |
|              Norm/state_action_metric_model |            32.8 |
|                     Norm/state_metric_model |            31.5 |
|        Norm/state_action_state_metric_model |            33.3 |
|                  Metric/self_state_distance |        0.000276 |
|                 Metric/cross_state_distance |           0.981 |
|           Metric/self_state_action_distance |        0.000466 |
|          Metric/cross_state_action_distance |           0.977 |
|             Metric/avg_self_state_asymmetry |               0 |
|            Metric/avg_cross_state_asymmetry |         0.00366 |
|                Metric/avg_self_sa_asymmetry |               0 |
|               Metric/avg_cross_sa_asymmetry |         0.00457 |
|  Metric/self_state_action_to_state_distance |          0.0019 |
| Metric/cross_state_action_to_state_distance |           0.976 |
|                   Metric/h_lambda_diff_self |         0.00182 |
|                  Metric/h_lambda_diff_cross |         0.00565 |
|                                 Eval/Return |             232 |
-----------------------------------------------------------------
-----------------------------------------------------------------
|                                 Train/Steps |         5.2e+05 |
|                            Loss/Loss_critic |           0.937 |
|                             Loss/Loss_actor |           -20.4 |
|                             Loss/Loss_alpha |         0.00147 |
|               Loss/Loss_state_action_metric |         0.00492 |
|                      Loss/Loss_state_metric |         0.00264 |
|             Loss/Loss_state_action_to_state |        3.49e-05 |
|                           Loss/Act_rep_loss |          0.0124 |
|                                   SAC/Alpha |          0.0275 |
|                              SAC/LogPi_mean |            1.07 |
|                                 SAC/Q1_mean |            20.4 |
|                                 SAC/Q2_mean |            20.4 |
|                            Norm/actor_model |            85.8 |
|                           Norm/critic_model |             136 |
|              Norm/state_action_metric_model |            35.9 |
|                     Norm/state_metric_model |            33.4 |
|        Norm/state_action_state_metric_model |            34.9 |
|                  Metric/self_state_distance |         0.00104 |
|                 Metric/cross_state_distance |           0.999 |
|           Metric/self_state_action_distance |        0.000865 |
|          Metric/cross_state_action_distance |               1 |
|             Metric/avg_self_state_asymmetry |               0 |
|            Metric/avg_cross_state_asymmetry |         0.00243 |
|                Metric/avg_self_sa_asymmetry |               0 |
|               Metric/avg_cross_sa_asymmetry |         0.00399 |
|  Metric/self_state_action_to_state_distance |         0.00134 |
| Metric/cross_state_action_to_state_distance |           0.998 |
|                   Metric/h_lambda_diff_self |          0.0017 |
|                  Metric/h_lambda_diff_cross |         0.00531 |
|                                 Eval/Return |             224 |
-----------------------------------------------------------------
-----------------------------------------------------------------
|                                 Train/Steps |        6.48e+05 |
|                            Loss/Loss_critic |            2.07 |
|                             Loss/Loss_actor |           -27.8 |
|                             Loss/Loss_alpha |          0.0035 |
|               Loss/Loss_state_action_metric |         0.00502 |
|                      Loss/Loss_state_metric |           0.003 |
|             Loss/Loss_state_action_to_state |        4.73e-05 |
|                           Loss/Act_rep_loss |          0.0139 |
|                                   SAC/Alpha |          0.0294 |
|                              SAC/LogPi_mean |           0.873 |
|                                 SAC/Q1_mean |            27.8 |
|                                 SAC/Q2_mean |            27.9 |
|                            Norm/actor_model |            93.4 |
|                           Norm/critic_model |             155 |
|              Norm/state_action_metric_model |            38.3 |
|                     Norm/state_metric_model |            35.7 |
|        Norm/state_action_state_metric_model |            36.4 |
|                  Metric/self_state_distance |        0.000889 |
|                 Metric/cross_state_distance |            1.02 |
|           Metric/self_state_action_distance |         0.00164 |
|          Metric/cross_state_action_distance |            1.02 |
|             Metric/avg_self_state_asymmetry |               0 |
|            Metric/avg_cross_state_asymmetry |         0.00404 |
|                Metric/avg_self_sa_asymmetry |               0 |
|               Metric/avg_cross_sa_asymmetry |         0.00368 |
|  Metric/self_state_action_to_state_distance |        0.000283 |
| Metric/cross_state_action_to_state_distance |            1.02 |
|                   Metric/h_lambda_diff_self |         0.00144 |
|                  Metric/h_lambda_diff_cross |         0.00442 |
|                                 Eval/Return |             353 |
-----------------------------------------------------------------
-----------------------------------------------------------------
|                                 Train/Steps |        7.76e+05 |
|                            Loss/Loss_critic |            1.94 |
|                             Loss/Loss_actor |           -32.4 |
|                             Loss/Loss_alpha |        0.000308 |
|               Loss/Loss_state_action_metric |         0.00497 |
|                      Loss/Loss_state_metric |         0.00329 |
|             Loss/Loss_state_action_to_state |        5.27e-05 |
|                           Loss/Act_rep_loss |          0.0165 |
|                                   SAC/Alpha |          0.0307 |
|                              SAC/LogPi_mean |            1.01 |
|                                 SAC/Q1_mean |            32.2 |
|                                 SAC/Q2_mean |            32.2 |
|                            Norm/actor_model |             100 |
|                           Norm/critic_model |             176 |
|              Norm/state_action_metric_model |            40.6 |
|                     Norm/state_metric_model |            37.7 |
|        Norm/state_action_state_metric_model |            38.2 |
|                  Metric/self_state_distance |        0.000346 |
|                 Metric/cross_state_distance |            1.03 |
|           Metric/self_state_action_distance |          0.0025 |
|          Metric/cross_state_action_distance |            1.03 |
|             Metric/avg_self_state_asymmetry |               0 |
|            Metric/avg_cross_state_asymmetry |         0.00243 |
|                Metric/avg_self_sa_asymmetry |               0 |
|               Metric/avg_cross_sa_asymmetry |         0.00486 |
|  Metric/self_state_action_to_state_distance |        0.000411 |
| Metric/cross_state_action_to_state_distance |            1.03 |
|                   Metric/h_lambda_diff_self |         0.00223 |
|                  Metric/h_lambda_diff_cross |         0.00603 |
|                                 Eval/Return |             383 |
-----------------------------------------------------------------
-----------------------------------------------------------------
|                                 Train/Steps |        9.04e+05 |
|                            Loss/Loss_critic |           0.882 |
|                             Loss/Loss_actor |           -31.2 |
|                             Loss/Loss_alpha |        -0.00138 |
|               Loss/Loss_state_action_metric |         0.00475 |
|                      Loss/Loss_state_metric |         0.00349 |
|             Loss/Loss_state_action_to_state |        0.000567 |
|                           Loss/Act_rep_loss |          0.0181 |
|                                   SAC/Alpha |          0.0313 |
|                              SAC/LogPi_mean |            1.08 |
|                                 SAC/Q1_mean |            31.1 |
|                                 SAC/Q2_mean |            31.1 |
|                            Norm/actor_model |             107 |
|                           Norm/critic_model |             194 |
|              Norm/state_action_metric_model |            42.6 |
|                     Norm/state_metric_model |              40 |
|        Norm/state_action_state_metric_model |            40.4 |
|                  Metric/self_state_distance |          0.0017 |
|                 Metric/cross_state_distance |            1.01 |
|           Metric/self_state_action_distance |         0.00195 |
|          Metric/cross_state_action_distance |            1.02 |
|             Metric/avg_self_state_asymmetry |               0 |
|            Metric/avg_cross_state_asymmetry |         0.00209 |
|                Metric/avg_self_sa_asymmetry |               0 |
|               Metric/avg_cross_sa_asymmetry |         0.00462 |
|  Metric/self_state_action_to_state_distance |         0.00104 |
| Metric/cross_state_action_to_state_distance |            1.02 |
|                   Metric/h_lambda_diff_self |         0.00176 |
|                  Metric/h_lambda_diff_cross |         0.00941 |
|                                 Eval/Return |             469 |
-----------------------------------------------------------------
-----------------------------------------------------------------
|                                 Train/Steps |        1.03e+06 |
|                            Loss/Loss_critic |           0.484 |
|                             Loss/Loss_actor |             -37 |
|                             Loss/Loss_alpha |        -0.00311 |
|               Loss/Loss_state_action_metric |         0.00532 |
|                      Loss/Loss_state_metric |         0.00337 |
|             Loss/Loss_state_action_to_state |        3.49e-05 |
|                           Loss/Act_rep_loss |          0.0172 |
|                                   SAC/Alpha |          0.0325 |
|                              SAC/LogPi_mean |            1.03 |
|                                 SAC/Q1_mean |            36.9 |
|                                 SAC/Q2_mean |            36.9 |
|                            Norm/actor_model |             113 |
|                           Norm/critic_model |             207 |
|              Norm/state_action_metric_model |              45 |
|                     Norm/state_metric_model |            41.8 |
|        Norm/state_action_state_metric_model |            42.8 |
|                  Metric/self_state_distance |        0.000829 |
|                 Metric/cross_state_distance |            1.03 |
|           Metric/self_state_action_distance |         0.00104 |
|          Metric/cross_state_action_distance |            1.04 |
|             Metric/avg_self_state_asymmetry |               0 |
|            Metric/avg_cross_state_asymmetry |         0.00247 |
|                Metric/avg_self_sa_asymmetry |               0 |
|               Metric/avg_cross_sa_asymmetry |         0.00366 |
|  Metric/self_state_action_to_state_distance |        0.000744 |
| Metric/cross_state_action_to_state_distance |            1.04 |
|                   Metric/h_lambda_diff_self |        0.000805 |
|                  Metric/h_lambda_diff_cross |         0.00462 |
|                                 Eval/Return |             532 |
-----------------------------------------------------------------
[32mSaving model …[0m
[32mDone.[0m
[32mSaving model …[0m
[32mDone.[0m
-----------------------------------------------------------------
|                                 Train/Steps |        1.16e+06 |
|                            Loss/Loss_critic |           0.791 |
|                             Loss/Loss_actor |           -40.7 |
|                             Loss/Loss_alpha |        -0.00123 |
|               Loss/Loss_state_action_metric |         0.00484 |
|                      Loss/Loss_state_metric |         0.00346 |
|             Loss/Loss_state_action_to_state |        3.17e-05 |
|                           Loss/Act_rep_loss |          0.0166 |
|                                   SAC/Alpha |          0.0305 |
|                              SAC/LogPi_mean |            1.01 |
|                                 SAC/Q1_mean |            40.6 |
|                                 SAC/Q2_mean |            40.6 |
|                            Norm/actor_model |             119 |
|                           Norm/critic_model |             220 |
|              Norm/state_action_metric_model |            46.9 |
|                     Norm/state_metric_model |            43.1 |
|        Norm/state_action_state_metric_model |            44.6 |
|                  Metric/self_state_distance |        0.000359 |
|                 Metric/cross_state_distance |            1.03 |
|           Metric/self_state_action_distance |         0.00234 |
|          Metric/cross_state_action_distance |            1.04 |
|             Metric/avg_self_state_asymmetry |               0 |
|            Metric/avg_cross_state_asymmetry |         0.00216 |
|                Metric/avg_self_sa_asymmetry |               0 |
|               Metric/avg_cross_sa_asymmetry |         0.00337 |
|  Metric/self_state_action_to_state_distance |         0.00106 |
| Metric/cross_state_action_to_state_distance |            1.04 |
|                   Metric/h_lambda_diff_self |         0.00174 |
|                  Metric/h_lambda_diff_cross |         0.00467 |
|                                 Eval/Return |             470 |
-----------------------------------------------------------------
-----------------------------------------------------------------
|                                 Train/Steps |        1.29e+06 |
|                            Loss/Loss_critic |            2.03 |
|                             Loss/Loss_actor |           -40.7 |
|                             Loss/Loss_alpha |         0.00256 |
|               Loss/Loss_state_action_metric |         0.00521 |
|                      Loss/Loss_state_metric |         0.00353 |
|             Loss/Loss_state_action_to_state |        2.57e-05 |
|                           Loss/Act_rep_loss |          0.0134 |
|                                   SAC/Alpha |          0.0339 |
|                              SAC/LogPi_mean |            1.01 |
|                                 SAC/Q1_mean |            40.8 |
|                                 SAC/Q2_mean |            40.7 |
|                            Norm/actor_model |             125 |
|                           Norm/critic_model |             232 |
|              Norm/state_action_metric_model |            49.2 |
|                     Norm/state_metric_model |            44.8 |
|        Norm/state_action_state_metric_model |              47 |
|                  Metric/self_state_distance |        0.000685 |
|                 Metric/cross_state_distance |            1.04 |
|           Metric/self_state_action_distance |         0.00188 |
|          Metric/cross_state_action_distance |            1.04 |
|             Metric/avg_self_state_asymmetry |               0 |
|            Metric/avg_cross_state_asymmetry |          0.0026 |
|                Metric/avg_self_sa_asymmetry |               0 |
|               Metric/avg_cross_sa_asymmetry |          0.0027 |
|  Metric/self_state_action_to_state_distance |         0.00076 |
| Metric/cross_state_action_to_state_distance |            1.04 |
|                   Metric/h_lambda_diff_self |         0.00155 |
|                  Metric/h_lambda_diff_cross |         0.00361 |
|                                 Eval/Return |             585 |
-----------------------------------------------------------------
-----------------------------------------------------------------
|                                 Train/Steps |        1.42e+06 |
|                            Loss/Loss_critic |            1.14 |
|                             Loss/Loss_actor |           -46.5 |
|                             Loss/Loss_alpha |         0.00196 |
|               Loss/Loss_state_action_metric |          0.0054 |
|                      Loss/Loss_state_metric |         0.00344 |
|             Loss/Loss_state_action_to_state |        3.95e-05 |
|                           Loss/Act_rep_loss |          0.0141 |
|                                   SAC/Alpha |          0.0325 |
|                              SAC/LogPi_mean |           0.963 |
|                                 SAC/Q1_mean |            46.5 |
|                                 SAC/Q2_mean |            46.3 |
|                            Norm/actor_model |             130 |
|                           Norm/critic_model |             242 |
|              Norm/state_action_metric_model |            51.3 |
|                     Norm/state_metric_model |            46.8 |
|        Norm/state_action_state_metric_model |              49 |
|                  Metric/self_state_distance |         0.00115 |
|                 Metric/cross_state_distance |            1.04 |
|           Metric/self_state_action_distance |        0.000736 |
|          Metric/cross_state_action_distance |            1.04 |
|             Metric/avg_self_state_asymmetry |               0 |
|            Metric/avg_cross_state_asymmetry |         0.00263 |
|                Metric/avg_self_sa_asymmetry |               0 |
|               Metric/avg_cross_sa_asymmetry |          0.0027 |
|  Metric/self_state_action_to_state_distance |        0.000785 |
| Metric/cross_state_action_to_state_distance |            1.04 |
|                   Metric/h_lambda_diff_self |        0.000632 |
|                  Metric/h_lambda_diff_cross |         0.00435 |
|                                 Eval/Return |             554 |
-----------------------------------------------------------------
-----------------------------------------------------------------
|                                 Train/Steps |        1.54e+06 |
|                            Loss/Loss_critic |            0.79 |
|                             Loss/Loss_actor |           -47.9 |
|                             Loss/Loss_alpha |        -0.00317 |
|               Loss/Loss_state_action_metric |         0.00618 |
|                      Loss/Loss_state_metric |         0.00341 |
|             Loss/Loss_state_action_to_state |        3.21e-05 |
|                           Loss/Act_rep_loss |          0.0151 |
|                                   SAC/Alpha |          0.0334 |
|                              SAC/LogPi_mean |            1.06 |
|                                 SAC/Q1_mean |            47.8 |
|                                 SAC/Q2_mean |            47.9 |
|                            Norm/actor_model |             136 |
|                           Norm/critic_model |             250 |
|              Norm/state_action_metric_model |            53.6 |
|                     Norm/state_metric_model |            48.5 |
|        Norm/state_action_state_metric_model |            50.9 |
|                  Metric/self_state_distance |         0.00113 |
|                 Metric/cross_state_distance |            1.04 |
|           Metric/self_state_action_distance |        0.000956 |
|          Metric/cross_state_action_distance |            1.04 |
|             Metric/avg_self_state_asymmetry |               0 |
|            Metric/avg_cross_state_asymmetry |         0.00257 |
|                Metric/avg_self_sa_asymmetry |               0 |
|               Metric/avg_cross_sa_asymmetry |          0.0031 |
|  Metric/self_state_action_to_state_distance |        0.000407 |
| Metric/cross_state_action_to_state_distance |            1.04 |
|                   Metric/h_lambda_diff_self |        0.000693 |
|                  Metric/h_lambda_diff_cross |         0.00397 |
|                                 Eval/Return |             561 |
-----------------------------------------------------------------
-----------------------------------------------------------------
|                                 Train/Steps |        1.67e+06 |
|                            Loss/Loss_critic |            1.43 |
|                             Loss/Loss_actor |           -55.2 |
|                             Loss/Loss_alpha |         0.00298 |
|               Loss/Loss_state_action_metric |         0.00547 |
|                      Loss/Loss_state_metric |         0.00354 |
|             Loss/Loss_state_action_to_state |        5.98e-05 |
|                           Loss/Act_rep_loss |          0.0175 |
|                                   SAC/Alpha |          0.0308 |
|                              SAC/LogPi_mean |           0.882 |
|                                 SAC/Q1_mean |            55.2 |
|                                 SAC/Q2_mean |            55.1 |
|                            Norm/actor_model |             141 |
|                           Norm/critic_model |             256 |
|              Norm/state_action_metric_model |            55.7 |
|                     Norm/state_metric_model |            50.5 |
|        Norm/state_action_state_metric_model |            53.6 |
|                  Metric/self_state_distance |        0.000735 |
|                 Metric/cross_state_distance |            1.04 |
|           Metric/self_state_action_distance |        0.000956 |
|          Metric/cross_state_action_distance |            1.05 |
|             Metric/avg_self_state_asymmetry |               0 |
|            Metric/avg_cross_state_asymmetry |         0.00284 |
|                Metric/avg_self_sa_asymmetry |               0 |
|               Metric/avg_cross_sa_asymmetry |         0.00299 |
|  Metric/self_state_action_to_state_distance |         0.00082 |
| Metric/cross_state_action_to_state_distance |            1.05 |
|                   Metric/h_lambda_diff_self |        0.000667 |
|                  Metric/h_lambda_diff_cross |         0.00562 |
|                                 Eval/Return |             570 |
-----------------------------------------------------------------
-----------------------------------------------------------------
|                                 Train/Steps |         1.8e+06 |
|                            Loss/Loss_critic |           0.769 |
|                             Loss/Loss_actor |           -49.4 |
|                             Loss/Loss_alpha |         0.00705 |
|               Loss/Loss_state_action_metric |         0.00547 |
|                      Loss/Loss_state_metric |         0.00348 |
|             Loss/Loss_state_action_to_state |        3.16e-05 |
|                           Loss/Act_rep_loss |          0.0164 |
|                                   SAC/Alpha |           0.032 |
|                              SAC/LogPi_mean |           0.773 |
|                                 SAC/Q1_mean |            49.3 |
|                                 SAC/Q2_mean |            49.3 |
|                            Norm/actor_model |             146 |
|                           Norm/critic_model |             263 |
|              Norm/state_action_metric_model |            57.8 |
|                     Norm/state_metric_model |            52.1 |
|        Norm/state_action_state_metric_model |            56.3 |
|                  Metric/self_state_distance |        0.000804 |
|                 Metric/cross_state_distance |            1.04 |
|           Metric/self_state_action_distance |        0.000358 |
|          Metric/cross_state_action_distance |            1.04 |
|             Metric/avg_self_state_asymmetry |               0 |
|            Metric/avg_cross_state_asymmetry |         0.00375 |
|                Metric/avg_self_sa_asymmetry |               0 |
|               Metric/avg_cross_sa_asymmetry |         0.00289 |
|  Metric/self_state_action_to_state_distance |         0.00138 |
| Metric/cross_state_action_to_state_distance |            1.04 |
|                   Metric/h_lambda_diff_self |         0.00119 |
|                  Metric/h_lambda_diff_cross |         0.00541 |
|                                 Eval/Return |             602 |
-----------------------------------------------------------------
-----------------------------------------------------------------
|                                 Train/Steps |        1.93e+06 |
|                            Loss/Loss_critic |           0.724 |
|                             Loss/Loss_actor |           -57.2 |
|                             Loss/Loss_alpha |           0.001 |
|               Loss/Loss_state_action_metric |         0.00545 |
|                      Loss/Loss_state_metric |         0.00364 |
|             Loss/Loss_state_action_to_state |        4.09e-05 |
|                           Loss/Act_rep_loss |          0.0175 |
|                                   SAC/Alpha |          0.0321 |
|                              SAC/LogPi_mean |           0.936 |
|                                 SAC/Q1_mean |            57.2 |
|                                 SAC/Q2_mean |            57.1 |
|                            Norm/actor_model |             151 |
|                           Norm/critic_model |             272 |
|              Norm/state_action_metric_model |            60.1 |
|                     Norm/state_metric_model |            54.6 |
|        Norm/state_action_state_metric_model |            58.8 |
|                  Metric/self_state_distance |        0.000551 |
|                 Metric/cross_state_distance |            1.05 |
|           Metric/self_state_action_distance |         0.00117 |
|          Metric/cross_state_action_distance |            1.06 |
|             Metric/avg_self_state_asymmetry |               0 |
|            Metric/avg_cross_state_asymmetry |          0.0029 |
|                Metric/avg_self_sa_asymmetry |               0 |
|               Metric/avg_cross_sa_asymmetry |         0.00307 |
|  Metric/self_state_action_to_state_distance |        0.000189 |
| Metric/cross_state_action_to_state_distance |            1.06 |
|                   Metric/h_lambda_diff_self |        0.000982 |
|                  Metric/h_lambda_diff_cross |         0.00444 |
|                                 Eval/Return |             665 |
-----------------------------------------------------------------
-----------------------------------------------------------------
|                                 Train/Steps |        2.06e+06 |
|                            Loss/Loss_critic |           0.672 |
|                             Loss/Loss_actor |           -54.4 |
|                             Loss/Loss_alpha |        -0.00256 |
|               Loss/Loss_state_action_metric |         0.00512 |
|                      Loss/Loss_state_metric |         0.00348 |
|             Loss/Loss_state_action_to_state |        3.43e-05 |
|                           Loss/Act_rep_loss |          0.0173 |
|                                   SAC/Alpha |          0.0307 |
|                              SAC/LogPi_mean |           0.995 |
|                                 SAC/Q1_mean |            54.3 |
|                                 SAC/Q2_mean |            54.2 |
|                            Norm/actor_model |             155 |
|                           Norm/critic_model |             283 |
|              Norm/state_action_metric_model |            62.2 |
|                     Norm/state_metric_model |            56.6 |
|        Norm/state_action_state_metric_model |            60.8 |
|                  Metric/self_state_distance |        0.000675 |
|                 Metric/cross_state_distance |            1.04 |
|           Metric/self_state_action_distance |        0.000873 |
|          Metric/cross_state_action_distance |            1.05 |
|             Metric/avg_self_state_asymmetry |               0 |
|            Metric/avg_cross_state_asymmetry |         0.00329 |
|                Metric/avg_self_sa_asymmetry |               0 |
|               Metric/avg_cross_sa_asymmetry |         0.00372 |
|  Metric/self_state_action_to_state_distance |        0.000196 |
| Metric/cross_state_action_to_state_distance |            1.05 |
|                   Metric/h_lambda_diff_self |        0.000679 |
|                  Metric/h_lambda_diff_cross |         0.00453 |
|                                 Eval/Return |             620 |
-----------------------------------------------------------------
[32mSaving model …[0m
[32mDone.[0m
[32mSaving model …[0m
[32mDone.[0m
-----------------------------------------------------------------
|                                 Train/Steps |        2.18e+06 |
|                            Loss/Loss_critic |            1.12 |
|                             Loss/Loss_actor |           -59.3 |
|                             Loss/Loss_alpha |        -0.00636 |
|               Loss/Loss_state_action_metric |         0.00594 |
|                      Loss/Loss_state_metric |         0.00366 |
|             Loss/Loss_state_action_to_state |        4.76e-05 |
|                           Loss/Act_rep_loss |          0.0173 |
|                                   SAC/Alpha |          0.0315 |
|                              SAC/LogPi_mean |            1.02 |
|                                 SAC/Q1_mean |            59.3 |
|                                 SAC/Q2_mean |            59.1 |
|                            Norm/actor_model |             160 |
|                           Norm/critic_model |             294 |
|              Norm/state_action_metric_model |            64.1 |
|                     Norm/state_metric_model |            58.9 |
|        Norm/state_action_state_metric_model |            62.8 |
|                  Metric/self_state_distance |        0.000564 |
|                 Metric/cross_state_distance |            1.04 |
|           Metric/self_state_action_distance |         0.00486 |
|          Metric/cross_state_action_distance |            1.06 |
|             Metric/avg_self_state_asymmetry |               0 |
|            Metric/avg_cross_state_asymmetry |         0.00331 |
|                Metric/avg_self_sa_asymmetry |               0 |
|               Metric/avg_cross_sa_asymmetry |         0.00465 |
|  Metric/self_state_action_to_state_distance |        0.000258 |
| Metric/cross_state_action_to_state_distance |            1.06 |
|                   Metric/h_lambda_diff_self |         0.00465 |
|                  Metric/h_lambda_diff_cross |         0.00515 |
|                                 Eval/Return |             588 |
-----------------------------------------------------------------
-----------------------------------------------------------------
|                                 Train/Steps |        2.31e+06 |
|                            Loss/Loss_critic |           0.402 |
|                             Loss/Loss_actor |           -60.1 |
|                             Loss/Loss_alpha |        -0.00239 |
|               Loss/Loss_state_action_metric |         0.00534 |
|                      Loss/Loss_state_metric |         0.00363 |
|             Loss/Loss_state_action_to_state |        4.97e-05 |
|                           Loss/Act_rep_loss |          0.0178 |
|                                   SAC/Alpha |          0.0298 |
|                              SAC/LogPi_mean |            1.02 |
|                                 SAC/Q1_mean |            59.9 |
|                                 SAC/Q2_mean |            60.2 |
|                            Norm/actor_model |             165 |
|                           Norm/critic_model |             305 |
|              Norm/state_action_metric_model |            66.3 |
|                     Norm/state_metric_model |            60.6 |
|        Norm/state_action_state_metric_model |            64.7 |
|                  Metric/self_state_distance |        0.000826 |
|                 Metric/cross_state_distance |            1.04 |
|           Metric/self_state_action_distance |         0.00174 |
|          Metric/cross_state_action_distance |            1.05 |
|             Metric/avg_self_state_asymmetry |               0 |
|            Metric/avg_cross_state_asymmetry |         0.00208 |
|                Metric/avg_self_sa_asymmetry |               0 |
|               Metric/avg_cross_sa_asymmetry |         0.00252 |
|  Metric/self_state_action_to_state_distance |        0.000775 |
| Metric/cross_state_action_to_state_distance |            1.05 |
|                   Metric/h_lambda_diff_self |         0.00141 |
|                  Metric/h_lambda_diff_cross |          0.0045 |
|                                 Eval/Return |             590 |
-----------------------------------------------------------------
-----------------------------------------------------------------
|                                 Train/Steps |        2.44e+06 |
|                            Loss/Loss_critic |             0.8 |
|                             Loss/Loss_actor |           -57.8 |
|                             Loss/Loss_alpha |       -4.98e-05 |
|               Loss/Loss_state_action_metric |          0.0062 |
|                      Loss/Loss_state_metric |         0.00363 |
|             Loss/Loss_state_action_to_state |        2.39e-05 |
|                           Loss/Act_rep_loss |          0.0153 |
|                                   SAC/Alpha |          0.0311 |
|                              SAC/LogPi_mean |           0.879 |
|                                 SAC/Q1_mean |            57.9 |
|                                 SAC/Q2_mean |            57.6 |
|                            Norm/actor_model |             169 |
|                           Norm/critic_model |             313 |
|              Norm/state_action_metric_model |            68.4 |
|                     Norm/state_metric_model |            62.5 |
|        Norm/state_action_state_metric_model |            67.3 |
|                  Metric/self_state_distance |        0.000691 |
|                 Metric/cross_state_distance |            1.05 |
|           Metric/self_state_action_distance |         0.00071 |
|          Metric/cross_state_action_distance |            1.05 |
|             Metric/avg_self_state_asymmetry |               0 |
|            Metric/avg_cross_state_asymmetry |         0.00308 |
|                Metric/avg_self_sa_asymmetry |               0 |
|               Metric/avg_cross_sa_asymmetry |         0.00246 |
|  Metric/self_state_action_to_state_distance |        0.000575 |
| Metric/cross_state_action_to_state_distance |            1.05 |
|                   Metric/h_lambda_diff_self |        0.000619 |
|                  Metric/h_lambda_diff_cross |         0.00432 |
|                                 Eval/Return |             680 |
-----------------------------------------------------------------
-----------------------------------------------------------------
|                                 Train/Steps |        2.57e+06 |
|                            Loss/Loss_critic |           0.543 |
|                             Loss/Loss_actor |           -63.8 |
|                             Loss/Loss_alpha |          -0.004 |
|               Loss/Loss_state_action_metric |         0.00506 |
|                      Loss/Loss_state_metric |         0.00351 |
|             Loss/Loss_state_action_to_state |        4.16e-05 |
|                           Loss/Act_rep_loss |          0.0162 |
|                                   SAC/Alpha |          0.0278 |
|                              SAC/LogPi_mean |            1.07 |
|                                 SAC/Q1_mean |            63.7 |
|                                 SAC/Q2_mean |            63.6 |
|                            Norm/actor_model |             174 |
|                           Norm/critic_model |             321 |
|              Norm/state_action_metric_model |            70.1 |
|                     Norm/state_metric_model |            63.9 |
|        Norm/state_action_state_metric_model |            69.2 |
|                  Metric/self_state_distance |        0.000466 |
|                 Metric/cross_state_distance |            1.04 |
|           Metric/self_state_action_distance |         0.00105 |
|          Metric/cross_state_action_distance |            1.05 |
|             Metric/avg_self_state_asymmetry |               0 |
|            Metric/avg_cross_state_asymmetry |         0.00331 |
|                Metric/avg_self_sa_asymmetry |               0 |
|               Metric/avg_cross_sa_asymmetry |         0.00354 |
|  Metric/self_state_action_to_state_distance |        0.000289 |
| Metric/cross_state_action_to_state_distance |            1.05 |
|                   Metric/h_lambda_diff_self |        0.000922 |
|                  Metric/h_lambda_diff_cross |          0.0044 |
|                                 Eval/Return |             690 |
-----------------------------------------------------------------
-----------------------------------------------------------------
|                                 Train/Steps |         2.7e+06 |
|                            Loss/Loss_critic |            1.25 |
|                             Loss/Loss_actor |           -61.1 |
|                             Loss/Loss_alpha |         0.00127 |
|               Loss/Loss_state_action_metric |         0.00564 |
|                      Loss/Loss_state_metric |          0.0037 |
|             Loss/Loss_state_action_to_state |        2.53e-05 |
|                           Loss/Act_rep_loss |          0.0192 |
|                                   SAC/Alpha |          0.0279 |
|                              SAC/LogPi_mean |           0.784 |
|                                 SAC/Q1_mean |            61.1 |
|                                 SAC/Q2_mean |            61.1 |
|                            Norm/actor_model |             178 |
|                           Norm/critic_model |             329 |
|              Norm/state_action_metric_model |            72.2 |
|                     Norm/state_metric_model |            65.5 |
|        Norm/state_action_state_metric_model |            71.3 |
|                  Metric/self_state_distance |         0.00123 |
|                 Metric/cross_state_distance |            1.05 |
|           Metric/self_state_action_distance |         0.00072 |
|          Metric/cross_state_action_distance |            1.06 |
|             Metric/avg_self_state_asymmetry |               0 |
|            Metric/avg_cross_state_asymmetry |         0.00185 |
|                Metric/avg_self_sa_asymmetry |               0 |
|               Metric/avg_cross_sa_asymmetry |         0.00262 |
|  Metric/self_state_action_to_state_distance |        0.000257 |
| Metric/cross_state_action_to_state_distance |            1.06 |
|                   Metric/h_lambda_diff_self |        0.000557 |
|                  Metric/h_lambda_diff_cross |         0.00489 |
|                                 Eval/Return |             665 |
-----------------------------------------------------------------
-----------------------------------------------------------------
|                                 Train/Steps |        2.82e+06 |
|                            Loss/Loss_critic |           0.588 |
|                             Loss/Loss_actor |           -63.7 |
|                             Loss/Loss_alpha |          -0.003 |
|               Loss/Loss_state_action_metric |         0.00649 |
|                      Loss/Loss_state_metric |         0.00391 |
|             Loss/Loss_state_action_to_state |        0.000116 |
|                           Loss/Act_rep_loss |          0.0173 |
|                                   SAC/Alpha |          0.0264 |
|                              SAC/LogPi_mean |           0.931 |
|                                 SAC/Q1_mean |            63.6 |
|                                 SAC/Q2_mean |            63.6 |
|                            Norm/actor_model |             183 |
|                           Norm/critic_model |             337 |
|              Norm/state_action_metric_model |            74.2 |
|                     Norm/state_metric_model |            67.2 |
|        Norm/state_action_state_metric_model |            73.5 |
|                  Metric/self_state_distance |        0.000455 |
|                 Metric/cross_state_distance |            1.05 |
|           Metric/self_state_action_distance |          0.0014 |
|          Metric/cross_state_action_distance |            1.06 |
|             Metric/avg_self_state_asymmetry |               0 |
|            Metric/avg_cross_state_asymmetry |         0.00263 |
|                Metric/avg_self_sa_asymmetry |               0 |
|               Metric/avg_cross_sa_asymmetry |         0.00292 |
|  Metric/self_state_action_to_state_distance |        0.000646 |
| Metric/cross_state_action_to_state_distance |            1.06 |
|                   Metric/h_lambda_diff_self |         0.00106 |
|                  Metric/h_lambda_diff_cross |         0.00352 |
|                                 Eval/Return |             562 |
-----------------------------------------------------------------
-----------------------------------------------------------------
|                                 Train/Steps |        2.95e+06 |
|                            Loss/Loss_critic |             1.1 |
|                             Loss/Loss_actor |           -64.3 |
|                             Loss/Loss_alpha |       -0.000556 |
|               Loss/Loss_state_action_metric |         0.00613 |
|                      Loss/Loss_state_metric |         0.00371 |
|             Loss/Loss_state_action_to_state |        4.55e-05 |
|                           Loss/Act_rep_loss |          0.0161 |
|                                   SAC/Alpha |          0.0254 |
|                              SAC/LogPi_mean |           0.989 |
|                                 SAC/Q1_mean |            64.4 |
|                                 SAC/Q2_mean |            64.2 |
|                            Norm/actor_model |             187 |
|                           Norm/critic_model |             344 |
|              Norm/state_action_metric_model |            76.1 |
|                     Norm/state_metric_model |            68.5 |
|        Norm/state_action_state_metric_model |              75 |
|                  Metric/self_state_distance |        0.000233 |
|                 Metric/cross_state_distance |            1.05 |
|           Metric/self_state_action_distance |        0.000516 |
|          Metric/cross_state_action_distance |            1.05 |
|             Metric/avg_self_state_asymmetry |               0 |
|            Metric/avg_cross_state_asymmetry |         0.00246 |
|                Metric/avg_self_sa_asymmetry |               0 |
|               Metric/avg_cross_sa_asymmetry |         0.00297 |
|  Metric/self_state_action_to_state_distance |         0.00105 |
| Metric/cross_state_action_to_state_distance |            1.05 |
|                   Metric/h_lambda_diff_self |         0.00109 |
|                  Metric/h_lambda_diff_cross |         0.00486 |
|                                 Eval/Return |             741 |
-----------------------------------------------------------------
-----------------------------------------------------------------
|                                 Train/Steps |        3.08e+06 |
|                            Loss/Loss_critic |           0.817 |
|                             Loss/Loss_actor |           -68.6 |
|                             Loss/Loss_alpha |         0.00258 |
|               Loss/Loss_state_action_metric |         0.00774 |
|                      Loss/Loss_state_metric |         0.00362 |
|             Loss/Loss_state_action_to_state |        0.000128 |
|                           Loss/Act_rep_loss |          0.0146 |
|                                   SAC/Alpha |          0.0254 |
|                              SAC/LogPi_mean |           0.773 |
|                                 SAC/Q1_mean |            68.6 |
|                                 SAC/Q2_mean |            68.5 |
|                            Norm/actor_model |             191 |
|                           Norm/critic_model |             351 |
|              Norm/state_action_metric_model |              78 |
|                     Norm/state_metric_model |              70 |
|        Norm/state_action_state_metric_model |              77 |
|                  Metric/self_state_distance |        0.000633 |
|                 Metric/cross_state_distance |            1.04 |
|           Metric/self_state_action_distance |        0.000399 |
|          Metric/cross_state_action_distance |            1.05 |
|             Metric/avg_self_state_asymmetry |               0 |
|            Metric/avg_cross_state_asymmetry |         0.00162 |
|                Metric/avg_self_sa_asymmetry |               0 |
|               Metric/avg_cross_sa_asymmetry |         0.00256 |
|  Metric/self_state_action_to_state_distance |        3.41e-05 |
| Metric/cross_state_action_to_state_distance |            1.05 |
|                   Metric/h_lambda_diff_self |        0.000411 |
|                  Metric/h_lambda_diff_cross |         0.00807 |
|                                 Eval/Return |             721 |
-----------------------------------------------------------------
[32mSaving model …[0m
[32mDone.[0m
[32mSaving model …[0m
[32mDone.[0m
-----------------------------------------------------------------
|                                 Train/Steps |        3.21e+06 |
|                            Loss/Loss_critic |           0.749 |
|                             Loss/Loss_actor |           -65.9 |
|                             Loss/Loss_alpha |        -0.00136 |
|               Loss/Loss_state_action_metric |         0.00576 |
|                      Loss/Loss_state_metric |         0.00381 |
|             Loss/Loss_state_action_to_state |        4.62e-05 |
|                           Loss/Act_rep_loss |          0.0186 |
|                                   SAC/Alpha |          0.0235 |
|                              SAC/LogPi_mean |           0.972 |
|                                 SAC/Q1_mean |            65.9 |
|                                 SAC/Q2_mean |            65.8 |
|                            Norm/actor_model |             196 |
|                           Norm/critic_model |             357 |
|              Norm/state_action_metric_model |            79.8 |
|                     Norm/state_metric_model |            71.6 |
|        Norm/state_action_state_metric_model |              79 |
|                  Metric/self_state_distance |        0.000293 |
|                 Metric/cross_state_distance |            1.05 |
|           Metric/self_state_action_distance |        0.000524 |
|          Metric/cross_state_action_distance |            1.06 |
|             Metric/avg_self_state_asymmetry |               0 |
|            Metric/avg_cross_state_asymmetry |         0.00196 |
|                Metric/avg_self_sa_asymmetry |               0 |
|               Metric/avg_cross_sa_asymmetry |         0.00222 |
|  Metric/self_state_action_to_state_distance |        2.46e-05 |
| Metric/cross_state_action_to_state_distance |            1.06 |
|                   Metric/h_lambda_diff_self |          0.0005 |
|                  Metric/h_lambda_diff_cross |           0.004 |
|                                 Eval/Return |             796 |
-----------------------------------------------------------------
-----------------------------------------------------------------
|                                 Train/Steps |        3.34e+06 |
|                            Loss/Loss_critic |           0.678 |
|                             Loss/Loss_actor |           -64.4 |
|                             Loss/Loss_alpha |       -0.000979 |
|               Loss/Loss_state_action_metric |         0.00561 |
|                      Loss/Loss_state_metric |         0.00361 |
|             Loss/Loss_state_action_to_state |        6.63e-05 |
|                           Loss/Act_rep_loss |          0.0179 |
|                                   SAC/Alpha |          0.0232 |
|                              SAC/LogPi_mean |           0.968 |
|                                 SAC/Q1_mean |            64.3 |
|                                 SAC/Q2_mean |            64.4 |
|                            Norm/actor_model |             199 |
|                           Norm/critic_model |             364 |
|              Norm/state_action_metric_model |            81.1 |
|                     Norm/state_metric_model |            73.5 |
|        Norm/state_action_state_metric_model |            81.4 |
|                  Metric/self_state_distance |        0.000337 |
|                 Metric/cross_state_distance |            1.04 |
|           Metric/self_state_action_distance |         0.00261 |
|          Metric/cross_state_action_distance |            1.05 |
|             Metric/avg_self_state_asymmetry |               0 |
|            Metric/avg_cross_state_asymmetry |         0.00209 |
|                Metric/avg_self_sa_asymmetry |               0 |
|               Metric/avg_cross_sa_asymmetry |         0.00259 |
|  Metric/self_state_action_to_state_distance |         0.00023 |
| Metric/cross_state_action_to_state_distance |            1.05 |
|                   Metric/h_lambda_diff_self |          0.0024 |
|                  Metric/h_lambda_diff_cross |         0.00403 |
|                                 Eval/Return |             735 |
-----------------------------------------------------------------
-----------------------------------------------------------------
|                                 Train/Steps |        3.46e+06 |
|                            Loss/Loss_critic |           0.567 |
|                             Loss/Loss_actor |           -68.1 |
|                             Loss/Loss_alpha |        -0.00167 |
|               Loss/Loss_state_action_metric |         0.00557 |
|                      Loss/Loss_state_metric |          0.0037 |
|             Loss/Loss_state_action_to_state |        5.69e-05 |
|                           Loss/Act_rep_loss |          0.0179 |
|                                   SAC/Alpha |          0.0224 |
|                              SAC/LogPi_mean |            1.04 |
|                                 SAC/Q1_mean |              68 |
|                                 SAC/Q2_mean |            67.9 |
|                            Norm/actor_model |             203 |
|                           Norm/critic_model |             369 |
|              Norm/state_action_metric_model |            82.5 |
|                     Norm/state_metric_model |            74.6 |
|        Norm/state_action_state_metric_model |            83.1 |
|                  Metric/self_state_distance |        0.000705 |
|                 Metric/cross_state_distance |            1.04 |
|           Metric/self_state_action_distance |          0.0015 |
|          Metric/cross_state_action_distance |            1.05 |
|             Metric/avg_self_state_asymmetry |               0 |
|            Metric/avg_cross_state_asymmetry |         0.00233 |
|                Metric/avg_self_sa_asymmetry |               0 |
|               Metric/avg_cross_sa_asymmetry |         0.00234 |
|  Metric/self_state_action_to_state_distance |        0.000614 |
| Metric/cross_state_action_to_state_distance |            1.05 |
|                   Metric/h_lambda_diff_self |         0.00128 |
|                  Metric/h_lambda_diff_cross |         0.00512 |
|                                 Eval/Return |             745 |
-----------------------------------------------------------------
-----------------------------------------------------------------
|                                 Train/Steps |        3.59e+06 |
|                            Loss/Loss_critic |           0.596 |
|                             Loss/Loss_actor |           -70.4 |
|                             Loss/Loss_alpha |         0.00195 |
|               Loss/Loss_state_action_metric |         0.00555 |
|                      Loss/Loss_state_metric |         0.00349 |
|             Loss/Loss_state_action_to_state |           2e-05 |
|                           Loss/Act_rep_loss |          0.0136 |
|                                   SAC/Alpha |          0.0234 |
|                              SAC/LogPi_mean |           0.908 |
|                                 SAC/Q1_mean |            70.5 |
|                                 SAC/Q2_mean |            70.3 |
|                            Norm/actor_model |             207 |
|                           Norm/critic_model |             375 |
|              Norm/state_action_metric_model |            84.3 |
|                     Norm/state_metric_model |            75.9 |
|        Norm/state_action_state_metric_model |              85 |
|                  Metric/self_state_distance |        0.000496 |
|                 Metric/cross_state_distance |            1.03 |
|           Metric/self_state_action_distance |        0.000982 |
|          Metric/cross_state_action_distance |            1.04 |
|             Metric/avg_self_state_asymmetry |               0 |
|            Metric/avg_cross_state_asymmetry |         0.00263 |
|                Metric/avg_self_sa_asymmetry |               0 |
|               Metric/avg_cross_sa_asymmetry |         0.00225 |
|  Metric/self_state_action_to_state_distance |        0.000886 |
| Metric/cross_state_action_to_state_distance |            1.04 |
|                   Metric/h_lambda_diff_self |         0.00117 |
|                  Metric/h_lambda_diff_cross |         0.00319 |
|                                 Eval/Return |             770 |
-----------------------------------------------------------------
-----------------------------------------------------------------
|                                 Train/Steps |        3.72e+06 |
|                            Loss/Loss_critic |           0.575 |
|                             Loss/Loss_actor |           -67.2 |
|                             Loss/Loss_alpha |         0.00328 |
|               Loss/Loss_state_action_metric |         0.00513 |
|                      Loss/Loss_state_metric |         0.00364 |
|             Loss/Loss_state_action_to_state |        1.97e-05 |
|                           Loss/Act_rep_loss |          0.0142 |
|                                   SAC/Alpha |          0.0216 |
|                              SAC/LogPi_mean |           0.912 |
|                                 SAC/Q1_mean |            67.2 |
|                                 SAC/Q2_mean |            67.2 |
|                            Norm/actor_model |             211 |
|                           Norm/critic_model |             380 |
|              Norm/state_action_metric_model |            86.2 |
|                     Norm/state_metric_model |            77.2 |
|        Norm/state_action_state_metric_model |            86.8 |
|                  Metric/self_state_distance |        0.000228 |
|                 Metric/cross_state_distance |            1.04 |
|           Metric/self_state_action_distance |        0.000672 |
|          Metric/cross_state_action_distance |            1.05 |
|             Metric/avg_self_state_asymmetry |               0 |
|            Metric/avg_cross_state_asymmetry |         0.00166 |
|                Metric/avg_self_sa_asymmetry |               0 |
|               Metric/avg_cross_sa_asymmetry |         0.00271 |
|  Metric/self_state_action_to_state_distance |        0.000228 |
| Metric/cross_state_action_to_state_distance |            1.05 |
|                   Metric/h_lambda_diff_self |        0.000665 |
|                  Metric/h_lambda_diff_cross |          0.0031 |
|                                 Eval/Return |             705 |
-----------------------------------------------------------------
-----------------------------------------------------------------
|                                 Train/Steps |        3.85e+06 |
|                            Loss/Loss_critic |           0.686 |
|                             Loss/Loss_actor |           -67.6 |
|                             Loss/Loss_alpha |        -0.00067 |
|               Loss/Loss_state_action_metric |         0.00522 |
|                      Loss/Loss_state_metric |         0.00351 |
|             Loss/Loss_state_action_to_state |        2.55e-05 |
|                           Loss/Act_rep_loss |          0.0137 |
|                                   SAC/Alpha |          0.0225 |
|                              SAC/LogPi_mean |            1.14 |
|                                 SAC/Q1_mean |            67.7 |
|                                 SAC/Q2_mean |            67.5 |
|                            Norm/actor_model |             214 |
|                           Norm/critic_model |             385 |
|              Norm/state_action_metric_model |            87.9 |
|                     Norm/state_metric_model |            78.9 |
|        Norm/state_action_state_metric_model |            88.9 |
|                  Metric/self_state_distance |        8.49e-05 |
|                 Metric/cross_state_distance |            1.04 |
|           Metric/self_state_action_distance |         0.00101 |
|          Metric/cross_state_action_distance |            1.04 |
|             Metric/avg_self_state_asymmetry |               0 |
|            Metric/avg_cross_state_asymmetry |         0.00233 |
|                Metric/avg_self_sa_asymmetry |               0 |
|               Metric/avg_cross_sa_asymmetry |         0.00279 |
|  Metric/self_state_action_to_state_distance |        1.61e-05 |
| Metric/cross_state_action_to_state_distance |            1.05 |
|                   Metric/h_lambda_diff_self |         0.00102 |
|                  Metric/h_lambda_diff_cross |         0.00371 |
|                                 Eval/Return |             691 |
-----------------------------------------------------------------
-----------------------------------------------------------------
|                                 Train/Steps |        3.98e+06 |
|                            Loss/Loss_critic |           0.322 |
|                             Loss/Loss_actor |           -69.7 |
|                             Loss/Loss_alpha |       -0.000316 |
|               Loss/Loss_state_action_metric |         0.00674 |
|                      Loss/Loss_state_metric |         0.00357 |
|             Loss/Loss_state_action_to_state |        3.63e-05 |
|                           Loss/Act_rep_loss |          0.0151 |
|                                   SAC/Alpha |          0.0207 |
|                              SAC/LogPi_mean |            1.04 |
|                                 SAC/Q1_mean |            69.6 |
|                                 SAC/Q2_mean |            69.7 |
|                            Norm/actor_model |             218 |
|                           Norm/critic_model |             390 |
|              Norm/state_action_metric_model |            89.3 |
|                     Norm/state_metric_model |            80.1 |
|        Norm/state_action_state_metric_model |            90.4 |
|                  Metric/self_state_distance |        0.000294 |
|                 Metric/cross_state_distance |            1.04 |
|           Metric/self_state_action_distance |        0.000636 |
|          Metric/cross_state_action_distance |            1.04 |
|             Metric/avg_self_state_asymmetry |               0 |
|            Metric/avg_cross_state_asymmetry |         0.00153 |
|                Metric/avg_self_sa_asymmetry |               0 |
|               Metric/avg_cross_sa_asymmetry |         0.00211 |
|  Metric/self_state_action_to_state_distance |        0.000286 |
| Metric/cross_state_action_to_state_distance |            1.04 |
|                   Metric/h_lambda_diff_self |        0.000552 |
|                  Metric/h_lambda_diff_cross |         0.00326 |
|                                 Eval/Return |             757 |
-----------------------------------------------------------------
-----------------------------------------------------------------
|                                 Train/Steps |         4.1e+06 |
|                            Loss/Loss_critic |           0.424 |
|                             Loss/Loss_actor |           -71.7 |
|                             Loss/Loss_alpha |        -0.00152 |
|               Loss/Loss_state_action_metric |         0.00525 |
|                      Loss/Loss_state_metric |         0.00343 |
|             Loss/Loss_state_action_to_state |        1.23e-05 |
|                           Loss/Act_rep_loss |          0.0153 |
|                                   SAC/Alpha |          0.0209 |
|                              SAC/LogPi_mean |           0.976 |
|                                 SAC/Q1_mean |            71.7 |
|                                 SAC/Q2_mean |            71.6 |
|                            Norm/actor_model |             221 |
|                           Norm/critic_model |             395 |
|              Norm/state_action_metric_model |            90.9 |
|                     Norm/state_metric_model |            81.9 |
|        Norm/state_action_state_metric_model |            92.7 |
|                  Metric/self_state_distance |        1.25e-05 |
|                 Metric/cross_state_distance |            1.03 |
|           Metric/self_state_action_distance |         0.00124 |
|          Metric/cross_state_action_distance |            1.04 |
|             Metric/avg_self_state_asymmetry |               0 |
|            Metric/avg_cross_state_asymmetry |         0.00261 |
|                Metric/avg_self_sa_asymmetry |               0 |
|               Metric/avg_cross_sa_asymmetry |         0.00225 |
|  Metric/self_state_action_to_state_distance |        0.000131 |
| Metric/cross_state_action_to_state_distance |            1.04 |
|                   Metric/h_lambda_diff_self |         0.00114 |
|                  Metric/h_lambda_diff_cross |         0.00317 |
|                                 Eval/Return |             748 |
-----------------------------------------------------------------
[32mSaving model …[0m
[32mDone.[0m
[32mSaving model …[0m
[32mDone.[0m
-----------------------------------------------------------------
|                                 Train/Steps |        4.23e+06 |
|                            Loss/Loss_critic |           0.751 |
|                             Loss/Loss_actor |           -71.7 |
|                             Loss/Loss_alpha |        -0.00777 |
|               Loss/Loss_state_action_metric |         0.00693 |
|                      Loss/Loss_state_metric |         0.00343 |
|             Loss/Loss_state_action_to_state |        3.47e-05 |
|                           Loss/Act_rep_loss |          0.0133 |
|                                   SAC/Alpha |          0.0186 |
|                              SAC/LogPi_mean |             1.3 |
|                                 SAC/Q1_mean |            71.7 |
|                                 SAC/Q2_mean |            71.6 |
|                            Norm/actor_model |             225 |
|                           Norm/critic_model |             400 |
|              Norm/state_action_metric_model |            92.2 |
|                     Norm/state_metric_model |            83.2 |
|        Norm/state_action_state_metric_model |            94.2 |
|                  Metric/self_state_distance |        0.000308 |
|                 Metric/cross_state_distance |            1.03 |
|           Metric/self_state_action_distance |         0.00294 |
|          Metric/cross_state_action_distance |            1.04 |
|             Metric/avg_self_state_asymmetry |               0 |
|            Metric/avg_cross_state_asymmetry |         0.00172 |
|                Metric/avg_self_sa_asymmetry |               0 |
|               Metric/avg_cross_sa_asymmetry |         0.00232 |
|  Metric/self_state_action_to_state_distance |         0.00105 |
| Metric/cross_state_action_to_state_distance |            1.04 |
|                   Metric/h_lambda_diff_self |         0.00288 |
|                  Metric/h_lambda_diff_cross |         0.00319 |
|                                 Eval/Return |             761 |
-----------------------------------------------------------------
-----------------------------------------------------------------
|                                 Train/Steps |        4.36e+06 |
|                            Loss/Loss_critic |           0.666 |
|                             Loss/Loss_actor |             -75 |
|                             Loss/Loss_alpha |        0.000837 |
|               Loss/Loss_state_action_metric |         0.00539 |
|                      Loss/Loss_state_metric |         0.00333 |
|             Loss/Loss_state_action_to_state |        1.96e-05 |
|                           Loss/Act_rep_loss |          0.0139 |
|                                   SAC/Alpha |          0.0169 |
|                              SAC/LogPi_mean |           0.846 |
|                                 SAC/Q1_mean |            75.1 |
|                                 SAC/Q2_mean |              75 |
|                            Norm/actor_model |             228 |
|                           Norm/critic_model |             404 |
|              Norm/state_action_metric_model |            93.6 |
|                     Norm/state_metric_model |            84.5 |
|        Norm/state_action_state_metric_model |            96.4 |
|                  Metric/self_state_distance |        0.000411 |
|                 Metric/cross_state_distance |            1.03 |
|           Metric/self_state_action_distance |        8.88e-05 |
|          Metric/cross_state_action_distance |            1.03 |
|             Metric/avg_self_state_asymmetry |               0 |
|            Metric/avg_cross_state_asymmetry |          0.0018 |
|                Metric/avg_self_sa_asymmetry |               0 |
|               Metric/avg_cross_sa_asymmetry |         0.00291 |
|  Metric/self_state_action_to_state_distance |        0.000313 |
| Metric/cross_state_action_to_state_distance |            1.03 |
|                   Metric/h_lambda_diff_self |        0.000287 |
|                  Metric/h_lambda_diff_cross |          0.0034 |
|                                 Eval/Return |             803 |
-----------------------------------------------------------------
-----------------------------------------------------------------
|                                 Train/Steps |        4.49e+06 |
|                            Loss/Loss_critic |             0.2 |
|                             Loss/Loss_actor |           -76.5 |
|                             Loss/Loss_alpha |        -0.00194 |
|               Loss/Loss_state_action_metric |          0.0052 |
|                      Loss/Loss_state_metric |         0.00312 |
|             Loss/Loss_state_action_to_state |        1.46e-05 |
|                           Loss/Act_rep_loss |           0.013 |
|                                   SAC/Alpha |          0.0158 |
|                              SAC/LogPi_mean |            1.01 |
|                                 SAC/Q1_mean |            76.5 |
|                                 SAC/Q2_mean |            76.5 |
|                            Norm/actor_model |             231 |
|                           Norm/critic_model |             409 |
|              Norm/state_action_metric_model |            95.2 |
|                     Norm/state_metric_model |            85.9 |
|        Norm/state_action_state_metric_model |            98.1 |
|                  Metric/self_state_distance |        0.000393 |
|                 Metric/cross_state_distance |            1.02 |
|           Metric/self_state_action_distance |        0.000782 |
|          Metric/cross_state_action_distance |            1.02 |
|             Metric/avg_self_state_asymmetry |               0 |
|            Metric/avg_cross_state_asymmetry |         0.00146 |
|                Metric/avg_self_sa_asymmetry |               0 |
|               Metric/avg_cross_sa_asymmetry |         0.00215 |
|  Metric/self_state_action_to_state_distance |        0.000324 |
| Metric/cross_state_action_to_state_distance |            1.02 |
|                   Metric/h_lambda_diff_self |        0.000551 |
|                  Metric/h_lambda_diff_cross |         0.00265 |
|                                 Eval/Return |             782 |
-----------------------------------------------------------------
-----------------------------------------------------------------
|                                 Train/Steps |        4.62e+06 |
|                            Loss/Loss_critic |           0.414 |
|                             Loss/Loss_actor |           -75.4 |
|                             Loss/Loss_alpha |       -0.000678 |
|               Loss/Loss_state_action_metric |         0.00541 |
|                      Loss/Loss_state_metric |         0.00335 |
|             Loss/Loss_state_action_to_state |        2.64e-05 |
|                           Loss/Act_rep_loss |          0.0128 |
|                                   SAC/Alpha |          0.0143 |
|                              SAC/LogPi_mean |            1.13 |
|                                 SAC/Q1_mean |            75.5 |
|                                 SAC/Q2_mean |            75.4 |
|                            Norm/actor_model |             234 |
|                           Norm/critic_model |             413 |
|              Norm/state_action_metric_model |            96.6 |
|                     Norm/state_metric_model |            86.9 |
|        Norm/state_action_state_metric_model |            99.9 |
|                  Metric/self_state_distance |         0.00101 |
|                 Metric/cross_state_distance |            1.03 |
|           Metric/self_state_action_distance |        0.000769 |
|          Metric/cross_state_action_distance |            1.03 |
|             Metric/avg_self_state_asymmetry |               0 |
|            Metric/avg_cross_state_asymmetry |           0.003 |
|                Metric/avg_self_sa_asymmetry |               0 |
|               Metric/avg_cross_sa_asymmetry |          0.0022 |
|  Metric/self_state_action_to_state_distance |        0.000147 |
| Metric/cross_state_action_to_state_distance |            1.03 |
|                   Metric/h_lambda_diff_self |        0.000647 |
|                  Metric/h_lambda_diff_cross |         0.00281 |
|                                 Eval/Return |             776 |
-----------------------------------------------------------------
-----------------------------------------------------------------
|                                 Train/Steps |        4.74e+06 |
|                            Loss/Loss_critic |           0.231 |
|                             Loss/Loss_actor |           -78.2 |
|                             Loss/Loss_alpha |         0.00122 |
|               Loss/Loss_state_action_metric |         0.00458 |
|                      Loss/Loss_state_metric |         0.00326 |
|             Loss/Loss_state_action_to_state |        2.75e-05 |
|                           Loss/Act_rep_loss |          0.0111 |
|                                   SAC/Alpha |          0.0148 |
|                              SAC/LogPi_mean |           0.836 |
|                                 SAC/Q1_mean |            78.2 |
|                                 SAC/Q2_mean |            78.2 |
|                            Norm/actor_model |             236 |
|                           Norm/critic_model |             415 |
|              Norm/state_action_metric_model |            97.9 |
|                     Norm/state_metric_model |            87.9 |
|        Norm/state_action_state_metric_model |             102 |
|                  Metric/self_state_distance |        5.21e-05 |
|                 Metric/cross_state_distance |            1.02 |
|           Metric/self_state_action_distance |        0.000641 |
|          Metric/cross_state_action_distance |            1.02 |
|             Metric/avg_self_state_asymmetry |               0 |
|            Metric/avg_cross_state_asymmetry |         0.00202 |
|                Metric/avg_self_sa_asymmetry |               0 |
|               Metric/avg_cross_sa_asymmetry |         0.00191 |
|  Metric/self_state_action_to_state_distance |        0.000148 |
| Metric/cross_state_action_to_state_distance |            1.02 |
|                   Metric/h_lambda_diff_self |        0.000556 |
|                  Metric/h_lambda_diff_cross |         0.00292 |
|                                 Eval/Return |             731 |
-----------------------------------------------------------------
-----------------------------------------------------------------
|                                 Train/Steps |        4.87e+06 |
|                            Loss/Loss_critic |           0.412 |
|                             Loss/Loss_actor |           -77.7 |
|                             Loss/Loss_alpha |        0.000453 |
|               Loss/Loss_state_action_metric |         0.00451 |
|                      Loss/Loss_state_metric |         0.00329 |
|             Loss/Loss_state_action_to_state |        3.28e-05 |
|                           Loss/Act_rep_loss |          0.0121 |
|                                   SAC/Alpha |          0.0138 |
|                              SAC/LogPi_mean |            1.04 |
|                                 SAC/Q1_mean |            77.9 |
|                                 SAC/Q2_mean |            77.7 |
|                            Norm/actor_model |             239 |
|                           Norm/critic_model |             418 |
|              Norm/state_action_metric_model |            99.1 |
|                     Norm/state_metric_model |            89.5 |
|        Norm/state_action_state_metric_model |             104 |
|                  Metric/self_state_distance |          0.0018 |
|                 Metric/cross_state_distance |            1.02 |
|           Metric/self_state_action_distance |         0.00123 |
|          Metric/cross_state_action_distance |            1.02 |
|             Metric/avg_self_state_asymmetry |               0 |
|            Metric/avg_cross_state_asymmetry |         0.00211 |
|                Metric/avg_self_sa_asymmetry |               0 |
|               Metric/avg_cross_sa_asymmetry |         0.00207 |
|  Metric/self_state_action_to_state_distance |        0.000803 |
| Metric/cross_state_action_to_state_distance |            1.02 |
|                   Metric/h_lambda_diff_self |         0.00135 |
|                  Metric/h_lambda_diff_cross |         0.00297 |
|                                 Eval/Return |             839 |
-----------------------------------------------------------------
-----------------------------------------------------------------
|                                 Train/Steps |           5e+06 |
|                            Loss/Loss_critic |           0.318 |
|                             Loss/Loss_actor |           -82.1 |
|                             Loss/Loss_alpha |        0.000554 |
|               Loss/Loss_state_action_metric |         0.00537 |
|                      Loss/Loss_state_metric |         0.00273 |
|             Loss/Loss_state_action_to_state |        3.18e-05 |
|                           Loss/Act_rep_loss |         0.00958 |
|                                   SAC/Alpha |          0.0122 |
|                              SAC/LogPi_mean |               1 |
|                                 SAC/Q1_mean |            82.2 |
|                                 SAC/Q2_mean |            82.1 |
|                            Norm/actor_model |             242 |
|                           Norm/critic_model |             421 |
|              Norm/state_action_metric_model |             100 |
|                     Norm/state_metric_model |            90.4 |
|        Norm/state_action_state_metric_model |             105 |
|                  Metric/self_state_distance |        0.000663 |
|                 Metric/cross_state_distance |           0.999 |
|           Metric/self_state_action_distance |        0.000298 |
|          Metric/cross_state_action_distance |           0.997 |
|             Metric/avg_self_state_asymmetry |               0 |
|            Metric/avg_cross_state_asymmetry |         0.00179 |
|                Metric/avg_self_sa_asymmetry |               0 |
|               Metric/avg_cross_sa_asymmetry |         0.00217 |
|  Metric/self_state_action_to_state_distance |        0.000219 |
| Metric/cross_state_action_to_state_distance |           0.996 |
|                   Metric/h_lambda_diff_self |        0.000244 |
|                  Metric/h_lambda_diff_cross |         0.00346 |
|                                 Eval/Return |             761 |
-----------------------------------------------------------------
[32mSaving model …[0m
[32mDone.[0m
[32mSaving model …[0m
[32mDone.[0m
