E0912 17:46:22.227926 1595039 cuda_executor.cc:1526] Could not get kernel mode driver version: (INVALID_ARGUMENT: Version does not match the format X.Y.Z)
E0912 17:46:22.236637 1594929 cuda_executor.cc:1526] Could not get kernel mode driver version: (INVALID_ARGUMENT: Version does not match the format X.Y.Z)
[32mStart prefilling replay buffer[0m
[32mStart SAC training[0m
[32m{'log_freq': 1000, 'save_freq': 1000000, 'eval_episode_freq': 10, 'hidden_size': 256, 'lr': 0.001, 'max_grad_norm': 0.0, 'gamma': 0.99, 'update_tau': 0.005, 'train_per_step': 8, 'episode_length': 1000, 'warmup_samples': 8192, 'max_replay_size': 4000000, 'batch_size': 512, 'total_env_steps': 5000000, 'init_temperature': 0.1, 'nstep': 3, 'bootstrap_on_truncation': True, 'rep_lr_scale': 1.5, 'vis_feq': 100000, 'n_vis_frames': 4, 'num_envs': 128, 'grad_steps': 50, 'transfer_freq': 10, 'transfer_steps': 8, 'reward_scaling': 1.0, 'num_eval_envs': 128, 'target_entropy': -0.5}[0m
[32m[nstep] nstep=3 bootstrap_on_truncation=True (discount from the buffer already contains gamma^nstep)[0m
-----------------------------------------------------------------
|                                 Train/Steps |        1.36e+05 |
|                            Loss/Loss_critic |         2.5e-06 |
|                             Loss/Loss_actor |          -0.142 |
|                             Loss/Loss_alpha |         0.00182 |
|               Loss/Loss_state_action_metric |         0.00422 |
|                      Loss/Loss_state_metric |         0.00197 |
|             Loss/Loss_state_action_to_state |        0.000709 |
|                           Loss/Act_rep_loss |          0.0509 |
|                                   SAC/Alpha |         0.00154 |
|                              SAC/LogPi_mean |          -0.667 |
|                                 SAC/Q1_mean |           0.141 |
|                                 SAC/Q2_mean |           0.142 |
|                            Norm/actor_model |            20.7 |
|                           Norm/critic_model |            42.7 |
|              Norm/state_action_metric_model |            31.1 |
|                     Norm/state_metric_model |            31.9 |
|        Norm/state_action_state_metric_model |            31.8 |
|                  Metric/self_state_distance |         0.00646 |
|                 Metric/cross_state_distance |           0.941 |
|           Metric/self_state_action_distance |          0.0108 |
|          Metric/cross_state_action_distance |           0.923 |
|             Metric/avg_self_state_asymmetry |               0 |
|            Metric/avg_cross_state_asymmetry |         0.00583 |
|                Metric/avg_self_sa_asymmetry |               0 |
|               Metric/avg_cross_sa_asymmetry |          0.0242 |
|  Metric/self_state_action_to_state_distance |         0.00441 |
| Metric/cross_state_action_to_state_distance |           0.915 |
|                   Metric/h_lambda_diff_self |         0.00937 |
|                  Metric/h_lambda_diff_cross |          0.0226 |
|                                 Eval/Return |           0.391 |
-----------------------------------------------------------------
-----------------------------------------------------------------
|                                 Train/Steps |        2.64e+05 |
|                            Loss/Loss_critic |          0.0304 |
|                             Loss/Loss_actor |          -0.116 |
|                             Loss/Loss_alpha |        5.17e-05 |
|               Loss/Loss_state_action_metric |           0.032 |
|                      Loss/Loss_state_metric |         0.00749 |
|             Loss/Loss_state_action_to_state |         0.00329 |
|                           Loss/Act_rep_loss |          0.0613 |
|                                   SAC/Alpha |        6.01e-05 |
|                              SAC/LogPi_mean |          -0.341 |
|                                 SAC/Q1_mean |           0.122 |
|                                 SAC/Q2_mean |           0.116 |
|                            Norm/actor_model |            27.4 |
|                           Norm/critic_model |            52.9 |
|              Norm/state_action_metric_model |            32.8 |
|                     Norm/state_metric_model |            33.6 |
|        Norm/state_action_state_metric_model |            33.2 |
|                  Metric/self_state_distance |         0.00212 |
|                 Metric/cross_state_distance |           0.948 |
|           Metric/self_state_action_distance |         0.00381 |
|          Metric/cross_state_action_distance |           0.939 |
|             Metric/avg_self_state_asymmetry |               0 |
|            Metric/avg_cross_state_asymmetry |          0.0124 |
|                Metric/avg_self_sa_asymmetry |               0 |
|               Metric/avg_cross_sa_asymmetry |         0.00992 |
|  Metric/self_state_action_to_state_distance |         0.00295 |
| Metric/cross_state_action_to_state_distance |           0.926 |
|                   Metric/h_lambda_diff_self |         0.00315 |
|                  Metric/h_lambda_diff_cross |          0.0177 |
|                                 Eval/Return |           0.109 |
-----------------------------------------------------------------
-----------------------------------------------------------------
|                                 Train/Steps |        3.92e+05 |
|                            Loss/Loss_critic |        3.59e-07 |
|                             Loss/Loss_actor |         -0.0143 |
|                             Loss/Loss_alpha |        1.26e-06 |
|               Loss/Loss_state_action_metric |         0.00297 |
|                      Loss/Loss_state_metric |         0.00212 |
|             Loss/Loss_state_action_to_state |        7.75e-05 |
|                           Loss/Act_rep_loss |          0.0594 |
|                                   SAC/Alpha |        7.79e-06 |
|                              SAC/LogPi_mean |           0.294 |
|                                 SAC/Q1_mean |           0.014 |
|                                 SAC/Q2_mean |          0.0138 |
|                            Norm/actor_model |            31.6 |
|                           Norm/critic_model |            59.3 |
|              Norm/state_action_metric_model |            35.2 |
|                     Norm/state_metric_model |            35.8 |
|        Norm/state_action_state_metric_model |            34.8 |
|                  Metric/self_state_distance |        0.000976 |
|                 Metric/cross_state_distance |           0.933 |
|           Metric/self_state_action_distance |          0.0107 |
|          Metric/cross_state_action_distance |           0.915 |
|             Metric/avg_self_state_asymmetry |               0 |
|            Metric/avg_cross_state_asymmetry |          0.0052 |
|                Metric/avg_self_sa_asymmetry |               0 |
|               Metric/avg_cross_sa_asymmetry |         0.00625 |
|  Metric/self_state_action_to_state_distance |         0.00293 |
| Metric/cross_state_action_to_state_distance |           0.915 |
|                   Metric/h_lambda_diff_self |          0.0118 |
|                  Metric/h_lambda_diff_cross |         0.00796 |
|                                 Eval/Return |           0.359 |
-----------------------------------------------------------------
-----------------------------------------------------------------
|                                 Train/Steps |         5.2e+05 |
|                            Loss/Loss_critic |          0.0004 |
|                             Loss/Loss_actor |         -0.0242 |
|                             Loss/Loss_alpha |        3.12e-06 |
|               Loss/Loss_state_action_metric |          0.0279 |
|                      Loss/Loss_state_metric |         0.00738 |
|             Loss/Loss_state_action_to_state |          0.0114 |
|                           Loss/Act_rep_loss |          0.0542 |
|                                   SAC/Alpha |        9.65e-06 |
|                              SAC/LogPi_mean |          0.0952 |
|                                 SAC/Q1_mean |          0.0252 |
|                                 SAC/Q2_mean |          0.0237 |
|                            Norm/actor_model |            33.8 |
|                           Norm/critic_model |            61.9 |
|              Norm/state_action_metric_model |            37.5 |
|                     Norm/state_metric_model |            37.9 |
|        Norm/state_action_state_metric_model |            36.5 |
|                  Metric/self_state_distance |         0.00131 |
|                 Metric/cross_state_distance |            0.95 |
|           Metric/self_state_action_distance |         0.00354 |
|          Metric/cross_state_action_distance |            0.93 |
|             Metric/avg_self_state_asymmetry |               0 |
|            Metric/avg_cross_state_asymmetry |         0.00518 |
|                Metric/avg_self_sa_asymmetry |               0 |
|               Metric/avg_cross_sa_asymmetry |         0.00714 |
|  Metric/self_state_action_to_state_distance |         0.00177 |
| Metric/cross_state_action_to_state_distance |           0.922 |
|                   Metric/h_lambda_diff_self |         0.00232 |
|                  Metric/h_lambda_diff_cross |          0.0166 |
|                                 Eval/Return |               0 |
-----------------------------------------------------------------
-----------------------------------------------------------------
|                                 Train/Steps |        6.48e+05 |
|                            Loss/Loss_critic |        1.29e-06 |
|                             Loss/Loss_actor |        0.000758 |
|                             Loss/Loss_alpha |        7.88e-06 |
|               Loss/Loss_state_action_metric |         0.00285 |
|                      Loss/Loss_state_metric |         0.00242 |
|             Loss/Loss_state_action_to_state |        0.000134 |
|                           Loss/Act_rep_loss |          0.0583 |
|                                   SAC/Alpha |        1.75e-05 |
|                              SAC/LogPi_mean |           0.121 |
|                                 SAC/Q1_mean |       -0.000756 |
|                                 SAC/Q2_mean |         0.00242 |
|                            Norm/actor_model |            36.4 |
|                           Norm/critic_model |            64.8 |
|              Norm/state_action_metric_model |            39.7 |
|                     Norm/state_metric_model |              40 |
|        Norm/state_action_state_metric_model |            38.2 |
|                  Metric/self_state_distance |        0.000667 |
|                 Metric/cross_state_distance |           0.934 |
|           Metric/self_state_action_distance |         0.00886 |
|          Metric/cross_state_action_distance |           0.914 |
|             Metric/avg_self_state_asymmetry |               0 |
|            Metric/avg_cross_state_asymmetry |         0.00502 |
|                Metric/avg_self_sa_asymmetry |               0 |
|               Metric/avg_cross_sa_asymmetry |         0.00697 |
|  Metric/self_state_action_to_state_distance |         0.00793 |
| Metric/cross_state_action_to_state_distance |           0.914 |
|                   Metric/h_lambda_diff_self |         0.00802 |
|                  Metric/h_lambda_diff_cross |         0.00993 |
|                                 Eval/Return |            1.23 |
-----------------------------------------------------------------
-----------------------------------------------------------------
|                                 Train/Steps |        7.76e+05 |
|                            Loss/Loss_critic |        1.75e-07 |
|                             Loss/Loss_actor |        -0.00088 |
|                             Loss/Loss_alpha |        1.39e-05 |
|               Loss/Loss_state_action_metric |         0.00331 |
|                      Loss/Loss_state_metric |         0.00239 |
|             Loss/Loss_state_action_to_state |        0.000102 |
|                           Loss/Act_rep_loss |          0.0628 |
|                                   SAC/Alpha |        2.71e-05 |
|                              SAC/LogPi_mean |          -0.031 |
|                                 SAC/Q1_mean |        0.000879 |
|                                 SAC/Q2_mean |         0.00154 |
|                            Norm/actor_model |            39.8 |
|                           Norm/critic_model |            66.4 |
|              Norm/state_action_metric_model |            41.1 |
|                     Norm/state_metric_model |            42.3 |
|        Norm/state_action_state_metric_model |            39.4 |
|                  Metric/self_state_distance |         0.00191 |
|                 Metric/cross_state_distance |           0.926 |
|           Metric/self_state_action_distance |         0.00313 |
|          Metric/cross_state_action_distance |           0.918 |
|             Metric/avg_self_state_asymmetry |               0 |
|            Metric/avg_cross_state_asymmetry |         0.00265 |
|                Metric/avg_self_sa_asymmetry |               0 |
|               Metric/avg_cross_sa_asymmetry |         0.00791 |
|  Metric/self_state_action_to_state_distance |         0.00174 |
| Metric/cross_state_action_to_state_distance |           0.911 |
|                   Metric/h_lambda_diff_self |           0.003 |
|                  Metric/h_lambda_diff_cross |         0.00926 |
|                                 Eval/Return |               0 |
-----------------------------------------------------------------
-----------------------------------------------------------------
|                                 Train/Steps |        9.04e+05 |
|                            Loss/Loss_critic |        0.000646 |
|                             Loss/Loss_actor |        0.000921 |
|                             Loss/Loss_alpha |        -5.6e-06 |
|               Loss/Loss_state_action_metric |         0.00276 |
|                      Loss/Loss_state_metric |         0.00178 |
|             Loss/Loss_state_action_to_state |         0.00014 |
|                           Loss/Act_rep_loss |          0.0597 |
|                                   SAC/Alpha |        2.02e-05 |
|                              SAC/LogPi_mean |           0.839 |
|                                 SAC/Q1_mean |        0.000639 |
|                                 SAC/Q2_mean |         0.00179 |
|                            Norm/actor_model |            43.8 |
|                           Norm/critic_model |            68.1 |
|              Norm/state_action_metric_model |            43.2 |
|                     Norm/state_metric_model |            44.1 |
|        Norm/state_action_state_metric_model |              41 |
|                  Metric/self_state_distance |         0.00188 |
|                 Metric/cross_state_distance |           0.934 |
|           Metric/self_state_action_distance |         0.00918 |
|          Metric/cross_state_action_distance |           0.921 |
|             Metric/avg_self_state_asymmetry |               0 |
|            Metric/avg_cross_state_asymmetry |         0.00289 |
|                Metric/avg_self_sa_asymmetry |               0 |
|               Metric/avg_cross_sa_asymmetry |         0.00682 |
|  Metric/self_state_action_to_state_distance |        0.000953 |
| Metric/cross_state_action_to_state_distance |           0.913 |
|                   Metric/h_lambda_diff_self |         0.00835 |
|                  Metric/h_lambda_diff_cross |         0.00997 |
|                                 Eval/Return |           0.656 |
-----------------------------------------------------------------
-----------------------------------------------------------------
|                                 Train/Steps |        1.03e+06 |
|                            Loss/Loss_critic |         0.00012 |
|                             Loss/Loss_actor |         -0.0302 |
|                             Loss/Loss_alpha |       -6.33e-06 |
|               Loss/Loss_state_action_metric |          0.0232 |
|                      Loss/Loss_state_metric |          0.0107 |
|             Loss/Loss_state_action_to_state |        0.000961 |
|                           Loss/Act_rep_loss |          0.0539 |
|                                   SAC/Alpha |        5.89e-06 |
|                              SAC/LogPi_mean |            1.74 |
|                                 SAC/Q1_mean |           0.023 |
|                                 SAC/Q2_mean |          0.0208 |
|                            Norm/actor_model |            45.6 |
|                           Norm/critic_model |            70.1 |
|              Norm/state_action_metric_model |            44.9 |
|                     Norm/state_metric_model |            46.4 |
|        Norm/state_action_state_metric_model |            42.1 |
|                  Metric/self_state_distance |         0.00193 |
|                 Metric/cross_state_distance |           0.954 |
|           Metric/self_state_action_distance |          0.0011 |
|          Metric/cross_state_action_distance |           0.935 |
|             Metric/avg_self_state_asymmetry |               0 |
|            Metric/avg_cross_state_asymmetry |         0.00244 |
|                Metric/avg_self_sa_asymmetry |               0 |
|               Metric/avg_cross_sa_asymmetry |         0.00574 |
|  Metric/self_state_action_to_state_distance |         0.00078 |
| Metric/cross_state_action_to_state_distance |           0.938 |
|                   Metric/h_lambda_diff_self |         0.00106 |
|                  Metric/h_lambda_diff_cross |         0.00606 |
|                                 Eval/Return |           0.523 |
-----------------------------------------------------------------
[32mSaving model …[0m
[32mDone.[0m
[32mSaving model …[0m
[32mDone.[0m
-----------------------------------------------------------------
|                                 Train/Steps |        1.16e+06 |
|                            Loss/Loss_critic |          0.0129 |
|                             Loss/Loss_actor |         -0.0227 |
|                             Loss/Loss_alpha |       -9.12e-07 |
|               Loss/Loss_state_action_metric |          0.0473 |
|                      Loss/Loss_state_metric |          0.0149 |
|             Loss/Loss_state_action_to_state |         0.00221 |
|                           Loss/Act_rep_loss |          0.0606 |
|                                   SAC/Alpha |        1.42e-05 |
|                              SAC/LogPi_mean |           0.534 |
|                                 SAC/Q1_mean |          0.0156 |
|                                 SAC/Q2_mean |          0.0201 |
|                            Norm/actor_model |            48.8 |
|                           Norm/critic_model |            71.7 |
|              Norm/state_action_metric_model |            46.7 |
|                     Norm/state_metric_model |            48.2 |
|        Norm/state_action_state_metric_model |            43.7 |
|                  Metric/self_state_distance |         0.00067 |
|                 Metric/cross_state_distance |           0.954 |
|           Metric/self_state_action_distance |           0.004 |
|          Metric/cross_state_action_distance |           0.953 |
|             Metric/avg_self_state_asymmetry |               0 |
|            Metric/avg_cross_state_asymmetry |         0.00687 |
|                Metric/avg_self_sa_asymmetry |               0 |
|               Metric/avg_cross_sa_asymmetry |          0.0111 |
|  Metric/self_state_action_to_state_distance |         0.00102 |
| Metric/cross_state_action_to_state_distance |            0.95 |
|                   Metric/h_lambda_diff_self |         0.00378 |
|                  Metric/h_lambda_diff_cross |          0.0118 |
|                                 Eval/Return |            1.28 |
-----------------------------------------------------------------
-----------------------------------------------------------------
|                                 Train/Steps |        1.29e+06 |
|                            Loss/Loss_critic |        3.12e-09 |
|                             Loss/Loss_actor |        -0.00057 |
|                             Loss/Loss_alpha |        1.07e-05 |
|               Loss/Loss_state_action_metric |         0.00436 |
|                      Loss/Loss_state_metric |         0.00275 |
|             Loss/Loss_state_action_to_state |         8.3e-05 |
|                           Loss/Act_rep_loss |          0.0603 |
|                                   SAC/Alpha |        1.92e-05 |
|                              SAC/LogPi_mean |         -0.0506 |
|                                 SAC/Q1_mean |        0.000635 |
|                                 SAC/Q2_mean |        0.000569 |
|                            Norm/actor_model |            51.1 |
|                           Norm/critic_model |            73.5 |
|              Norm/state_action_metric_model |            48.2 |
|                     Norm/state_metric_model |            50.2 |
|        Norm/state_action_state_metric_model |              45 |
|                  Metric/self_state_distance |         0.00112 |
|                 Metric/cross_state_distance |           0.927 |
|           Metric/self_state_action_distance |         0.00105 |
|          Metric/cross_state_action_distance |           0.916 |
|             Metric/avg_self_state_asymmetry |               0 |
|            Metric/avg_cross_state_asymmetry |         0.00188 |
|                Metric/avg_self_sa_asymmetry |               0 |
|               Metric/avg_cross_sa_asymmetry |         0.00643 |
|  Metric/self_state_action_to_state_distance |         0.00252 |
| Metric/cross_state_action_to_state_distance |           0.912 |
|                   Metric/h_lambda_diff_self |         0.00271 |
|                  Metric/h_lambda_diff_cross |         0.00604 |
|                                 Eval/Return |             2.6 |
-----------------------------------------------------------------
-----------------------------------------------------------------
|                                 Train/Steps |        1.42e+06 |
|                            Loss/Loss_critic |         0.00102 |
|                             Loss/Loss_actor |         -0.0402 |
|                             Loss/Loss_alpha |        4.89e-06 |
|               Loss/Loss_state_action_metric |          0.0288 |
|                      Loss/Loss_state_metric |          0.0112 |
|             Loss/Loss_state_action_to_state |         0.00112 |
|                           Loss/Act_rep_loss |          0.0616 |
|                                   SAC/Alpha |        1.38e-05 |
|                              SAC/LogPi_mean |           0.185 |
|                                 SAC/Q1_mean |          0.0427 |
|                                 SAC/Q2_mean |          0.0399 |
|                            Norm/actor_model |            53.6 |
|                           Norm/critic_model |            74.7 |
|              Norm/state_action_metric_model |            49.6 |
|                     Norm/state_metric_model |            52.1 |
|        Norm/state_action_state_metric_model |            46.4 |
|                  Metric/self_state_distance |        0.000332 |
|                 Metric/cross_state_distance |           0.941 |
|           Metric/self_state_action_distance |         0.00307 |
|          Metric/cross_state_action_distance |           0.933 |
|             Metric/avg_self_state_asymmetry |               0 |
|            Metric/avg_cross_state_asymmetry |         0.00432 |
|                Metric/avg_self_sa_asymmetry |               0 |
|               Metric/avg_cross_sa_asymmetry |         0.00687 |
|  Metric/self_state_action_to_state_distance |        0.000865 |
| Metric/cross_state_action_to_state_distance |           0.935 |
|                   Metric/h_lambda_diff_self |         0.00281 |
|                  Metric/h_lambda_diff_cross |         0.00656 |
|                                 Eval/Return |           0.719 |
-----------------------------------------------------------------
-----------------------------------------------------------------
|                                 Train/Steps |        1.54e+06 |
|                            Loss/Loss_critic |         4.6e-07 |
|                             Loss/Loss_actor |        0.000222 |
|                             Loss/Loss_alpha |        1.37e-06 |
|               Loss/Loss_state_action_metric |         0.00203 |
|                      Loss/Loss_state_metric |         0.00166 |
|             Loss/Loss_state_action_to_state |        3.68e-05 |
|                           Loss/Act_rep_loss |          0.0515 |
|                                   SAC/Alpha |        3.11e-05 |
|                              SAC/LogPi_mean |           0.516 |
|                                 SAC/Q1_mean |       -0.000206 |
|                                 SAC/Q2_mean |         0.00123 |
|                            Norm/actor_model |            57.2 |
|                           Norm/critic_model |              76 |
|              Norm/state_action_metric_model |            51.3 |
|                     Norm/state_metric_model |            53.9 |
|        Norm/state_action_state_metric_model |            47.8 |
|                  Metric/self_state_distance |         0.00327 |
|                 Metric/cross_state_distance |           0.942 |
|           Metric/self_state_action_distance |         0.00228 |
|          Metric/cross_state_action_distance |           0.914 |
|             Metric/avg_self_state_asymmetry |               0 |
|            Metric/avg_cross_state_asymmetry |         0.00249 |
|                Metric/avg_self_sa_asymmetry |               0 |
|               Metric/avg_cross_sa_asymmetry |         0.00387 |
|  Metric/self_state_action_to_state_distance |        0.000808 |
| Metric/cross_state_action_to_state_distance |           0.912 |
|                   Metric/h_lambda_diff_self |         0.00223 |
|                  Metric/h_lambda_diff_cross |         0.00442 |
|                                 Eval/Return |            2.18 |
-----------------------------------------------------------------
-----------------------------------------------------------------
|                                 Train/Steps |        1.67e+06 |
|                            Loss/Loss_critic |        0.000736 |
|                             Loss/Loss_actor |         -0.0225 |
|                             Loss/Loss_alpha |        1.15e-05 |
|               Loss/Loss_state_action_metric |          0.0332 |
|                      Loss/Loss_state_metric |         0.00932 |
|             Loss/Loss_state_action_to_state |         0.00115 |
|                           Loss/Act_rep_loss |          0.0548 |
|                                   SAC/Alpha |        2.58e-05 |
|                              SAC/LogPi_mean |          0.0468 |
|                                 SAC/Q1_mean |          0.0225 |
|                                 SAC/Q2_mean |          0.0232 |
|                            Norm/actor_model |            59.7 |
|                           Norm/critic_model |            77.3 |
|              Norm/state_action_metric_model |              53 |
|                     Norm/state_metric_model |            55.8 |
|        Norm/state_action_state_metric_model |            49.2 |
|                  Metric/self_state_distance |         0.00132 |
|                 Metric/cross_state_distance |           0.954 |
|           Metric/self_state_action_distance |         0.00338 |
|          Metric/cross_state_action_distance |           0.941 |
|             Metric/avg_self_state_asymmetry |               0 |
|            Metric/avg_cross_state_asymmetry |         0.00328 |
|                Metric/avg_self_sa_asymmetry |               0 |
|               Metric/avg_cross_sa_asymmetry |         0.00678 |
|  Metric/self_state_action_to_state_distance |        0.000917 |
| Metric/cross_state_action_to_state_distance |           0.939 |
|                   Metric/h_lambda_diff_self |         0.00316 |
|                  Metric/h_lambda_diff_cross |         0.00582 |
|                                 Eval/Return |           0.172 |
-----------------------------------------------------------------
-----------------------------------------------------------------
|                                 Train/Steps |         1.8e+06 |
|                            Loss/Loss_critic |          0.0233 |
|                             Loss/Loss_actor |         -0.0465 |
|                             Loss/Loss_alpha |        2.83e-07 |
|               Loss/Loss_state_action_metric |          0.0217 |
|                      Loss/Loss_state_metric |         0.00767 |
|             Loss/Loss_state_action_to_state |         0.00146 |
|                           Loss/Act_rep_loss |          0.0587 |
|                                   SAC/Alpha |        3.73e-05 |
|                              SAC/LogPi_mean |           0.474 |
|                                 SAC/Q1_mean |          0.0467 |
|                                 SAC/Q2_mean |          0.0479 |
|                            Norm/actor_model |            63.3 |
|                           Norm/critic_model |            78.9 |
|              Norm/state_action_metric_model |            54.7 |
|                     Norm/state_metric_model |            57.7 |
|        Norm/state_action_state_metric_model |            50.7 |
|                  Metric/self_state_distance |         0.00064 |
|                 Metric/cross_state_distance |           0.945 |
|           Metric/self_state_action_distance |         0.00302 |
|          Metric/cross_state_action_distance |           0.935 |
|             Metric/avg_self_state_asymmetry |               0 |
|            Metric/avg_cross_state_asymmetry |         0.00322 |
|                Metric/avg_self_sa_asymmetry |               0 |
|               Metric/avg_cross_sa_asymmetry |          0.0041 |
|  Metric/self_state_action_to_state_distance |         0.00108 |
| Metric/cross_state_action_to_state_distance |           0.938 |
|                   Metric/h_lambda_diff_self |         0.00255 |
|                  Metric/h_lambda_diff_cross |         0.00747 |
|                                 Eval/Return |            0.43 |
-----------------------------------------------------------------
-----------------------------------------------------------------
|                                 Train/Steps |        1.93e+06 |
|                            Loss/Loss_critic |         0.00243 |
|                             Loss/Loss_actor |         -0.0364 |
|                             Loss/Loss_alpha |        3.32e-05 |
|               Loss/Loss_state_action_metric |          0.0352 |
|                      Loss/Loss_state_metric |          0.0176 |
|             Loss/Loss_state_action_to_state |        0.000738 |
|                           Loss/Act_rep_loss |          0.0567 |
|                                   SAC/Alpha |        3.97e-05 |
|                              SAC/LogPi_mean |          -0.376 |
|                                 SAC/Q1_mean |          0.0363 |
|                                 SAC/Q2_mean |          0.0383 |
|                            Norm/actor_model |            66.3 |
|                           Norm/critic_model |            80.5 |
|              Norm/state_action_metric_model |              56 |
|                     Norm/state_metric_model |            59.5 |
|        Norm/state_action_state_metric_model |            52.1 |
|                  Metric/self_state_distance |        0.000557 |
|                 Metric/cross_state_distance |            0.95 |
|           Metric/self_state_action_distance |         0.00203 |
|          Metric/cross_state_action_distance |           0.939 |
|             Metric/avg_self_state_asymmetry |               0 |
|            Metric/avg_cross_state_asymmetry |          0.0031 |
|                Metric/avg_self_sa_asymmetry |               0 |
|               Metric/avg_cross_sa_asymmetry |         0.00481 |
|  Metric/self_state_action_to_state_distance |        0.000229 |
| Metric/cross_state_action_to_state_distance |           0.938 |
|                   Metric/h_lambda_diff_self |         0.00181 |
|                  Metric/h_lambda_diff_cross |         0.00666 |
|                                 Eval/Return |               0 |
-----------------------------------------------------------------
-----------------------------------------------------------------
|                                 Train/Steps |        2.06e+06 |
|                            Loss/Loss_critic |        5.34e-07 |
|                             Loss/Loss_actor |        -0.00158 |
|                             Loss/Loss_alpha |        7.95e-06 |
|               Loss/Loss_state_action_metric |         0.00292 |
|                      Loss/Loss_state_metric |         0.00194 |
|             Loss/Loss_state_action_to_state |         7.3e-05 |
|                           Loss/Act_rep_loss |           0.059 |
|                                   SAC/Alpha |         1.5e-05 |
|                              SAC/LogPi_mean |         -0.0157 |
|                                 SAC/Q1_mean |         0.00158 |
|                                 SAC/Q2_mean |         0.00205 |
|                            Norm/actor_model |            68.5 |
|                           Norm/critic_model |            81.6 |
|              Norm/state_action_metric_model |            57.8 |
|                     Norm/state_metric_model |            61.2 |
|        Norm/state_action_state_metric_model |            53.6 |
|                  Metric/self_state_distance |         0.00223 |
|                 Metric/cross_state_distance |           0.933 |
|           Metric/self_state_action_distance |        0.000402 |
|          Metric/cross_state_action_distance |           0.921 |
|             Metric/avg_self_state_asymmetry |               0 |
|            Metric/avg_cross_state_asymmetry |         0.00216 |
|                Metric/avg_self_sa_asymmetry |               0 |
|               Metric/avg_cross_sa_asymmetry |         0.00498 |
|  Metric/self_state_action_to_state_distance |        0.000497 |
| Metric/cross_state_action_to_state_distance |           0.919 |
|                   Metric/h_lambda_diff_self |        0.000578 |
|                  Metric/h_lambda_diff_cross |         0.00434 |
|                                 Eval/Return |            0.75 |
-----------------------------------------------------------------
[32mSaving model …[0m
[32mDone.[0m
[32mSaving model …[0m
[32mDone.[0m
-----------------------------------------------------------------
|                                 Train/Steps |        2.18e+06 |
|                            Loss/Loss_critic |         0.00172 |
|                             Loss/Loss_actor |         -0.0522 |
|                             Loss/Loss_alpha |        2.14e-05 |
|               Loss/Loss_state_action_metric |          0.0591 |
|                      Loss/Loss_state_metric |          0.0199 |
|             Loss/Loss_state_action_to_state |         0.00234 |
|                           Loss/Act_rep_loss |          0.0556 |
|                                   SAC/Alpha |        2.97e-05 |
|                              SAC/LogPi_mean |          -0.241 |
|                                 SAC/Q1_mean |          0.0518 |
|                                 SAC/Q2_mean |          0.0579 |
|                            Norm/actor_model |            71.9 |
|                           Norm/critic_model |            82.9 |
|              Norm/state_action_metric_model |            58.9 |
|                     Norm/state_metric_model |              63 |
|        Norm/state_action_state_metric_model |              55 |
|                  Metric/self_state_distance |          0.0011 |
|                 Metric/cross_state_distance |            0.96 |
|           Metric/self_state_action_distance |         0.00173 |
|          Metric/cross_state_action_distance |           0.961 |
|             Metric/avg_self_state_asymmetry |               0 |
|            Metric/avg_cross_state_asymmetry |         0.00339 |
|                Metric/avg_self_sa_asymmetry |               0 |
|               Metric/avg_cross_sa_asymmetry |          0.0059 |
|  Metric/self_state_action_to_state_distance |         0.00143 |
| Metric/cross_state_action_to_state_distance |           0.954 |
|                   Metric/h_lambda_diff_self |          0.0022 |
|                  Metric/h_lambda_diff_cross |          0.0104 |
|                                 Eval/Return |            1.15 |
-----------------------------------------------------------------
-----------------------------------------------------------------
|                                 Train/Steps |        2.31e+06 |
|                            Loss/Loss_critic |        3.17e-07 |
|                             Loss/Loss_actor |       -0.000721 |
|                             Loss/Loss_alpha |       -3.22e-05 |
|               Loss/Loss_state_action_metric |         0.00234 |
|                      Loss/Loss_state_metric |         0.00189 |
|             Loss/Loss_state_action_to_state |           2e-05 |
|                           Loss/Act_rep_loss |          0.0548 |
|                                   SAC/Alpha |        3.65e-05 |
|                              SAC/LogPi_mean |            1.35 |
|                                 SAC/Q1_mean |         0.00077 |
|                                 SAC/Q2_mean |         0.00209 |
|                            Norm/actor_model |            74.4 |
|                           Norm/critic_model |              84 |
|              Norm/state_action_metric_model |            60.9 |
|                     Norm/state_metric_model |            64.6 |
|        Norm/state_action_state_metric_model |            56.3 |
|                  Metric/self_state_distance |         0.00149 |
|                 Metric/cross_state_distance |           0.936 |
|           Metric/self_state_action_distance |          0.0025 |
|          Metric/cross_state_action_distance |           0.917 |
|             Metric/avg_self_state_asymmetry |               0 |
|            Metric/avg_cross_state_asymmetry |         0.00261 |
|                Metric/avg_self_sa_asymmetry |               0 |
|               Metric/avg_cross_sa_asymmetry |         0.00332 |
|  Metric/self_state_action_to_state_distance |         0.00078 |
| Metric/cross_state_action_to_state_distance |           0.917 |
|                   Metric/h_lambda_diff_self |         0.00257 |
|                  Metric/h_lambda_diff_cross |         0.00287 |
|                                 Eval/Return |           0.508 |
-----------------------------------------------------------------
-----------------------------------------------------------------
|                                 Train/Steps |        2.44e+06 |
|                            Loss/Loss_critic |        7.58e-07 |
|                             Loss/Loss_actor |        -0.00055 |
|                             Loss/Loss_alpha |        4.51e-06 |
|               Loss/Loss_state_action_metric |         0.00244 |
|                      Loss/Loss_state_metric |          0.0019 |
|             Loss/Loss_state_action_to_state |        0.000577 |
|                           Loss/Act_rep_loss |          0.0536 |
|                                   SAC/Alpha |        2.28e-05 |
|                              SAC/LogPi_mean |           0.275 |
|                                 SAC/Q1_mean |         0.00283 |
|                                 SAC/Q2_mean |        0.000556 |
|                            Norm/actor_model |            76.4 |
|                           Norm/critic_model |            84.9 |
|              Norm/state_action_metric_model |            62.3 |
|                     Norm/state_metric_model |            65.9 |
|        Norm/state_action_state_metric_model |            57.8 |
|                  Metric/self_state_distance |        0.000762 |
|                 Metric/cross_state_distance |           0.936 |
|           Metric/self_state_action_distance |         0.00161 |
|          Metric/cross_state_action_distance |           0.916 |
|             Metric/avg_self_state_asymmetry |               0 |
|            Metric/avg_cross_state_asymmetry |         0.00253 |
|                Metric/avg_self_sa_asymmetry |               0 |
|               Metric/avg_cross_sa_asymmetry |         0.00451 |
|  Metric/self_state_action_to_state_distance |        0.000495 |
| Metric/cross_state_action_to_state_distance |           0.916 |
|                   Metric/h_lambda_diff_self |         0.00164 |
|                  Metric/h_lambda_diff_cross |         0.00574 |
|                                 Eval/Return |           0.664 |
-----------------------------------------------------------------
-----------------------------------------------------------------
|                                 Train/Steps |        2.57e+06 |
|                            Loss/Loss_critic |        1.74e-06 |
|                             Loss/Loss_actor |        -0.00456 |
|                             Loss/Loss_alpha |       -3.67e-05 |
|               Loss/Loss_state_action_metric |          0.0669 |
|                      Loss/Loss_state_metric |         0.00239 |
|             Loss/Loss_state_action_to_state |        0.000372 |
|                           Loss/Act_rep_loss |          0.0532 |
|                                   SAC/Alpha |        1.97e-05 |
|                              SAC/LogPi_mean |            2.18 |
|                                 SAC/Q1_mean |         0.00572 |
|                                 SAC/Q2_mean |          0.0046 |
|                            Norm/actor_model |            78.3 |
|                           Norm/critic_model |            85.7 |
|              Norm/state_action_metric_model |              64 |
|                     Norm/state_metric_model |            67.9 |
|        Norm/state_action_state_metric_model |            59.6 |
|                  Metric/self_state_distance |         0.00107 |
|                 Metric/cross_state_distance |           0.939 |
|           Metric/self_state_action_distance |          0.0017 |
|          Metric/cross_state_action_distance |            0.92 |
|             Metric/avg_self_state_asymmetry |               0 |
|            Metric/avg_cross_state_asymmetry |         0.00244 |
|                Metric/avg_self_sa_asymmetry |               0 |
|               Metric/avg_cross_sa_asymmetry |         0.00434 |
|  Metric/self_state_action_to_state_distance |        0.000755 |
| Metric/cross_state_action_to_state_distance |           0.916 |
|                   Metric/h_lambda_diff_self |         0.00206 |
|                  Metric/h_lambda_diff_cross |         0.00617 |
|                                 Eval/Return |            1.85 |
-----------------------------------------------------------------
-----------------------------------------------------------------
|                                 Train/Steps |         2.7e+06 |
|                            Loss/Loss_critic |         0.00571 |
|                             Loss/Loss_actor |         -0.0268 |
|                             Loss/Loss_alpha |        2.72e-06 |
|               Loss/Loss_state_action_metric |         0.00157 |
|                      Loss/Loss_state_metric |         0.00118 |
|             Loss/Loss_state_action_to_state |        4.62e-05 |
|                           Loss/Act_rep_loss |          0.0498 |
|                                   SAC/Alpha |        9.89e-06 |
|                              SAC/LogPi_mean |           0.287 |
|                                 SAC/Q1_mean |          0.0288 |
|                                 SAC/Q2_mean |          0.0277 |
|                            Norm/actor_model |            80.6 |
|                           Norm/critic_model |            86.5 |
|              Norm/state_action_metric_model |            65.7 |
|                     Norm/state_metric_model |            69.4 |
|        Norm/state_action_state_metric_model |            61.1 |
|                  Metric/self_state_distance |         0.00544 |
|                 Metric/cross_state_distance |           0.945 |
|           Metric/self_state_action_distance |         0.00377 |
|          Metric/cross_state_action_distance |           0.922 |
|             Metric/avg_self_state_asymmetry |               0 |
|            Metric/avg_cross_state_asymmetry |         0.00302 |
|                Metric/avg_self_sa_asymmetry |               0 |
|               Metric/avg_cross_sa_asymmetry |         0.00487 |
|  Metric/self_state_action_to_state_distance |          0.0002 |
| Metric/cross_state_action_to_state_distance |           0.923 |
|                   Metric/h_lambda_diff_self |         0.00363 |
|                  Metric/h_lambda_diff_cross |         0.00355 |
|                                 Eval/Return |            2.14 |
-----------------------------------------------------------------
-----------------------------------------------------------------
|                                 Train/Steps |        2.82e+06 |
|                            Loss/Loss_critic |        8.47e-07 |
|                             Loss/Loss_actor |        -0.00552 |
|                             Loss/Loss_alpha |        6.23e-06 |
|               Loss/Loss_state_action_metric |         0.00199 |
|                      Loss/Loss_state_metric |         0.00116 |
|             Loss/Loss_state_action_to_state |        3.68e-05 |
|                           Loss/Act_rep_loss |          0.0508 |
|                                   SAC/Alpha |        1.56e-05 |
|                              SAC/LogPi_mean |           0.147 |
|                                 SAC/Q1_mean |         0.00552 |
|                                 SAC/Q2_mean |         0.00642 |
|                            Norm/actor_model |            82.7 |
|                           Norm/critic_model |            87.5 |
|              Norm/state_action_metric_model |            67.3 |
|                     Norm/state_metric_model |            71.1 |
|        Norm/state_action_state_metric_model |            63.2 |
|                  Metric/self_state_distance |        0.000508 |
|                 Metric/cross_state_distance |           0.946 |
|           Metric/self_state_action_distance |         0.00191 |
|          Metric/cross_state_action_distance |           0.921 |
|             Metric/avg_self_state_asymmetry |               0 |
|            Metric/avg_cross_state_asymmetry |         0.00283 |
|                Metric/avg_self_sa_asymmetry |               0 |
|               Metric/avg_cross_sa_asymmetry |         0.00464 |
|  Metric/self_state_action_to_state_distance |         0.00113 |
| Metric/cross_state_action_to_state_distance |           0.919 |
|                   Metric/h_lambda_diff_self |         0.00207 |
|                  Metric/h_lambda_diff_cross |         0.00383 |
|                                 Eval/Return |            2.48 |
-----------------------------------------------------------------
-----------------------------------------------------------------
|                                 Train/Steps |        2.95e+06 |
|                            Loss/Loss_critic |        4.48e-08 |
|                             Loss/Loss_actor |        -0.00341 |
|                             Loss/Loss_alpha |       -1.52e-07 |
|               Loss/Loss_state_action_metric |         0.00238 |
|                      Loss/Loss_state_metric |          0.0012 |
|             Loss/Loss_state_action_to_state |         0.00318 |
|                           Loss/Act_rep_loss |          0.0555 |
|                                   SAC/Alpha |         1.1e-05 |
|                              SAC/LogPi_mean |           0.539 |
|                                 SAC/Q1_mean |         0.00401 |
|                                 SAC/Q2_mean |         0.00342 |
|                            Norm/actor_model |            84.6 |
|                           Norm/critic_model |            88.5 |
|              Norm/state_action_metric_model |            68.7 |
|                     Norm/state_metric_model |            72.5 |
|        Norm/state_action_state_metric_model |            64.6 |
|                  Metric/self_state_distance |         0.00406 |
|                 Metric/cross_state_distance |           0.941 |
|           Metric/self_state_action_distance |          0.0019 |
|          Metric/cross_state_action_distance |           0.921 |
|             Metric/avg_self_state_asymmetry |               0 |
|            Metric/avg_cross_state_asymmetry |         0.00306 |
|                Metric/avg_self_sa_asymmetry |               0 |
|               Metric/avg_cross_sa_asymmetry |         0.00436 |
|  Metric/self_state_action_to_state_distance |          0.0158 |
| Metric/cross_state_action_to_state_distance |           0.921 |
|                   Metric/h_lambda_diff_self |          0.0166 |
|                  Metric/h_lambda_diff_cross |         0.00428 |
|                                 Eval/Return |           0.836 |
-----------------------------------------------------------------
-----------------------------------------------------------------
|                                 Train/Steps |        3.08e+06 |
|                            Loss/Loss_critic |        0.000339 |
|                             Loss/Loss_actor |         -0.0108 |
|                             Loss/Loss_alpha |        4.48e-06 |
|               Loss/Loss_state_action_metric |         0.00409 |
|                      Loss/Loss_state_metric |         0.00323 |
|             Loss/Loss_state_action_to_state |        0.000247 |
|                           Loss/Act_rep_loss |          0.0569 |
|                                   SAC/Alpha |        1.16e-05 |
|                              SAC/LogPi_mean |           0.123 |
|                                 SAC/Q1_mean |          0.0106 |
|                                 SAC/Q2_mean |          0.0102 |
|                            Norm/actor_model |            86.6 |
|                           Norm/critic_model |            89.5 |
|              Norm/state_action_metric_model |            70.3 |
|                     Norm/state_metric_model |            74.4 |
|        Norm/state_action_state_metric_model |            66.2 |
|                  Metric/self_state_distance |        0.000717 |
|                 Metric/cross_state_distance |           0.942 |
|           Metric/self_state_action_distance |         0.00276 |
|          Metric/cross_state_action_distance |           0.931 |
|             Metric/avg_self_state_asymmetry |               0 |
|            Metric/avg_cross_state_asymmetry |         0.00242 |
|                Metric/avg_self_sa_asymmetry |               0 |
|               Metric/avg_cross_sa_asymmetry |         0.00534 |
|  Metric/self_state_action_to_state_distance |         0.00137 |
| Metric/cross_state_action_to_state_distance |           0.924 |
|                   Metric/h_lambda_diff_self |         0.00211 |
|                  Metric/h_lambda_diff_cross |         0.00801 |
|                                 Eval/Return |          0.0703 |
-----------------------------------------------------------------
[32mSaving model …[0m
[32mDone.[0m
[32mSaving model …[0m
[32mDone.[0m
-----------------------------------------------------------------
|                                 Train/Steps |        3.21e+06 |
|                            Loss/Loss_critic |        1.43e-06 |
|                             Loss/Loss_actor |        -0.00353 |
|                             Loss/Loss_alpha |         1.4e-05 |
|               Loss/Loss_state_action_metric |         0.00147 |
|                      Loss/Loss_state_metric |         0.00112 |
|             Loss/Loss_state_action_to_state |        2.24e-05 |
|                           Loss/Act_rep_loss |          0.0502 |
|                                   SAC/Alpha |        2.79e-05 |
|                              SAC/LogPi_mean |         -0.0411 |
|                                 SAC/Q1_mean |         0.00353 |
|                                 SAC/Q2_mean |         0.00553 |
|                            Norm/actor_model |            89.1 |
|                           Norm/critic_model |            90.4 |
|              Norm/state_action_metric_model |            71.8 |
|                     Norm/state_metric_model |            76.2 |
|        Norm/state_action_state_metric_model |            68.2 |
|                  Metric/self_state_distance |        0.000699 |
|                 Metric/cross_state_distance |           0.945 |
|           Metric/self_state_action_distance |        0.000868 |
|          Metric/cross_state_action_distance |            0.92 |
|             Metric/avg_self_state_asymmetry |               0 |
|            Metric/avg_cross_state_asymmetry |         0.00243 |
|                Metric/avg_self_sa_asymmetry |               0 |
|               Metric/avg_cross_sa_asymmetry |         0.00362 |
|  Metric/self_state_action_to_state_distance |        0.000602 |
| Metric/cross_state_action_to_state_distance |           0.924 |
|                   Metric/h_lambda_diff_self |         0.00115 |
|                  Metric/h_lambda_diff_cross |         0.00498 |
|                                 Eval/Return |           0.562 |
-----------------------------------------------------------------
-----------------------------------------------------------------
|                                 Train/Steps |        3.34e+06 |
|                            Loss/Loss_critic |        0.000143 |
|                             Loss/Loss_actor |         -0.0243 |
|                             Loss/Loss_alpha |        1.15e-06 |
|               Loss/Loss_state_action_metric |          0.0268 |
|                      Loss/Loss_state_metric |          0.0125 |
|             Loss/Loss_state_action_to_state |        0.000822 |
|                           Loss/Act_rep_loss |          0.0548 |
|                                   SAC/Alpha |        1.33e-05 |
|                              SAC/LogPi_mean |           0.391 |
|                                 SAC/Q1_mean |          0.0211 |
|                                 SAC/Q2_mean |          0.0214 |
|                            Norm/actor_model |              91 |
|                           Norm/critic_model |            91.8 |
|              Norm/state_action_metric_model |            73.3 |
|                     Norm/state_metric_model |            77.9 |
|        Norm/state_action_state_metric_model |            70.2 |
|                  Metric/self_state_distance |         0.00115 |
|                 Metric/cross_state_distance |           0.949 |
|           Metric/self_state_action_distance |         0.00198 |
|          Metric/cross_state_action_distance |           0.934 |
|             Metric/avg_self_state_asymmetry |               0 |
|            Metric/avg_cross_state_asymmetry |         0.00317 |
|                Metric/avg_self_sa_asymmetry |               0 |
|               Metric/avg_cross_sa_asymmetry |         0.00565 |
|  Metric/self_state_action_to_state_distance |        0.000984 |
| Metric/cross_state_action_to_state_distance |           0.936 |
|                   Metric/h_lambda_diff_self |         0.00219 |
|                  Metric/h_lambda_diff_cross |         0.00796 |
|                                 Eval/Return |             3.2 |
-----------------------------------------------------------------
-----------------------------------------------------------------
|                                 Train/Steps |        3.46e+06 |
|                            Loss/Loss_critic |        0.000824 |
|                             Loss/Loss_actor |         -0.0119 |
|                             Loss/Loss_alpha |        6.48e-06 |
|               Loss/Loss_state_action_metric |          0.0031 |
|                      Loss/Loss_state_metric |         0.00267 |
|             Loss/Loss_state_action_to_state |        2.92e-05 |
|                           Loss/Act_rep_loss |          0.0484 |
|                                   SAC/Alpha |        1.89e-05 |
|                              SAC/LogPi_mean |          0.0853 |
|                                 SAC/Q1_mean |          0.0123 |
|                                 SAC/Q2_mean |           0.017 |
|                            Norm/actor_model |            93.8 |
|                           Norm/critic_model |            93.5 |
|              Norm/state_action_metric_model |            75.6 |
|                     Norm/state_metric_model |            79.5 |
|        Norm/state_action_state_metric_model |            71.9 |
|                  Metric/self_state_distance |         0.00128 |
|                 Metric/cross_state_distance |           0.941 |
|           Metric/self_state_action_distance |         0.00254 |
|          Metric/cross_state_action_distance |           0.921 |
|             Metric/avg_self_state_asymmetry |               0 |
|            Metric/avg_cross_state_asymmetry |         0.00215 |
|                Metric/avg_self_sa_asymmetry |               0 |
|               Metric/avg_cross_sa_asymmetry |         0.00454 |
|  Metric/self_state_action_to_state_distance |        0.000918 |
| Metric/cross_state_action_to_state_distance |           0.915 |
|                   Metric/h_lambda_diff_self |         0.00223 |
|                  Metric/h_lambda_diff_cross |         0.00708 |
|                                 Eval/Return |               0 |
-----------------------------------------------------------------
-----------------------------------------------------------------
|                                 Train/Steps |        3.59e+06 |
|                            Loss/Loss_critic |        3.55e-05 |
|                             Loss/Loss_actor |        -0.00351 |
|                             Loss/Loss_alpha |         6.5e-06 |
|               Loss/Loss_state_action_metric |           0.116 |
|                      Loss/Loss_state_metric |         0.00149 |
|             Loss/Loss_state_action_to_state |        0.000126 |
|                           Loss/Act_rep_loss |          0.0525 |
|                                   SAC/Alpha |        4.24e-05 |
|                              SAC/LogPi_mean |           0.366 |
|                                 SAC/Q1_mean |         0.00357 |
|                                 SAC/Q2_mean |         0.00441 |
|                            Norm/actor_model |            97.2 |
|                           Norm/critic_model |            94.9 |
|              Norm/state_action_metric_model |            76.9 |
|                     Norm/state_metric_model |              81 |
|        Norm/state_action_state_metric_model |            73.8 |
|                  Metric/self_state_distance |         0.00132 |
|                 Metric/cross_state_distance |           0.942 |
|           Metric/self_state_action_distance |          0.0034 |
|          Metric/cross_state_action_distance |           0.924 |
|             Metric/avg_self_state_asymmetry |               0 |
|            Metric/avg_cross_state_asymmetry |         0.00235 |
|                Metric/avg_self_sa_asymmetry |               0 |
|               Metric/avg_cross_sa_asymmetry |         0.00494 |
|  Metric/self_state_action_to_state_distance |         0.00102 |
| Metric/cross_state_action_to_state_distance |           0.923 |
|                   Metric/h_lambda_diff_self |         0.00274 |
|                  Metric/h_lambda_diff_cross |          0.0043 |
|                                 Eval/Return |           0.406 |
-----------------------------------------------------------------
-----------------------------------------------------------------
|                                 Train/Steps |        3.72e+06 |
|                            Loss/Loss_critic |        2.92e-06 |
|                             Loss/Loss_actor |       -0.000122 |
|                             Loss/Loss_alpha |        2.54e-06 |
|               Loss/Loss_state_action_metric |         0.00147 |
|                      Loss/Loss_state_metric |         0.00107 |
|             Loss/Loss_state_action_to_state |        4.66e-05 |
|                           Loss/Act_rep_loss |          0.0488 |
|                                   SAC/Alpha |        3.32e-05 |
|                              SAC/LogPi_mean |           0.422 |
|                                 SAC/Q1_mean |         0.00472 |
|                                 SAC/Q2_mean |        0.000136 |
|                            Norm/actor_model |             100 |
|                           Norm/critic_model |            96.2 |
|              Norm/state_action_metric_model |            78.4 |
|                     Norm/state_metric_model |            82.7 |
|        Norm/state_action_state_metric_model |            75.3 |
|                  Metric/self_state_distance |         0.00164 |
|                 Metric/cross_state_distance |           0.947 |
|           Metric/self_state_action_distance |         0.00273 |
|          Metric/cross_state_action_distance |           0.926 |
|             Metric/avg_self_state_asymmetry |               0 |
|            Metric/avg_cross_state_asymmetry |          0.0027 |
|                Metric/avg_self_sa_asymmetry |               0 |
|               Metric/avg_cross_sa_asymmetry |         0.00385 |
|  Metric/self_state_action_to_state_distance |        0.000947 |
| Metric/cross_state_action_to_state_distance |           0.928 |
|                   Metric/h_lambda_diff_self |         0.00246 |
|                  Metric/h_lambda_diff_cross |          0.0042 |
|                                 Eval/Return |           0.742 |
-----------------------------------------------------------------
-----------------------------------------------------------------
|                                 Train/Steps |        3.85e+06 |
|                            Loss/Loss_critic |          0.0308 |
|                             Loss/Loss_actor |         -0.0881 |
|                             Loss/Loss_alpha |        2.16e-06 |
|               Loss/Loss_state_action_metric |          0.0336 |
|                      Loss/Loss_state_metric |          0.0151 |
|             Loss/Loss_state_action_to_state |        0.000315 |
|                           Loss/Act_rep_loss |          0.0493 |
|                                   SAC/Alpha |         3.3e-05 |
|                              SAC/LogPi_mean |           0.363 |
|                                 SAC/Q1_mean |           0.107 |
|                                 SAC/Q2_mean |          0.0871 |
|                            Norm/actor_model |             102 |
|                           Norm/critic_model |            97.2 |
|              Norm/state_action_metric_model |              80 |
|                     Norm/state_metric_model |            84.3 |
|        Norm/state_action_state_metric_model |            77.3 |
|                  Metric/self_state_distance |        0.000356 |
|                 Metric/cross_state_distance |           0.961 |
|           Metric/self_state_action_distance |         0.00237 |
|          Metric/cross_state_action_distance |           0.952 |
|             Metric/avg_self_state_asymmetry |               0 |
|            Metric/avg_cross_state_asymmetry |         0.00523 |
|                Metric/avg_self_sa_asymmetry |               0 |
|               Metric/avg_cross_sa_asymmetry |         0.00684 |
|  Metric/self_state_action_to_state_distance |        0.000843 |
| Metric/cross_state_action_to_state_distance |            0.95 |
|                   Metric/h_lambda_diff_self |         0.00208 |
|                  Metric/h_lambda_diff_cross |          0.0051 |
|                                 Eval/Return |            1.27 |
-----------------------------------------------------------------
-----------------------------------------------------------------
|                                 Train/Steps |        3.98e+06 |
|                            Loss/Loss_critic |          0.0166 |
|                             Loss/Loss_actor |         -0.0643 |
|                             Loss/Loss_alpha |        3.98e-06 |
|               Loss/Loss_state_action_metric |           0.192 |
|                      Loss/Loss_state_metric |           0.034 |
|             Loss/Loss_state_action_to_state |        0.000965 |
|                           Loss/Act_rep_loss |          0.0547 |
|                                   SAC/Alpha |        1.18e-05 |
|                              SAC/LogPi_mean |           0.249 |
|                                 SAC/Q1_mean |          0.0807 |
|                                 SAC/Q2_mean |          0.0836 |
|                            Norm/actor_model |             104 |
|                           Norm/critic_model |            98.4 |
|              Norm/state_action_metric_model |            81.4 |
|                     Norm/state_metric_model |            85.8 |
|        Norm/state_action_state_metric_model |            79.2 |
|                  Metric/self_state_distance |        0.000737 |
|                 Metric/cross_state_distance |           0.983 |
|           Metric/self_state_action_distance |         0.00121 |
|          Metric/cross_state_action_distance |           0.998 |
|             Metric/avg_self_state_asymmetry |               0 |
|            Metric/avg_cross_state_asymmetry |         0.00399 |
|                Metric/avg_self_sa_asymmetry |               0 |
|               Metric/avg_cross_sa_asymmetry |         0.00784 |
|  Metric/self_state_action_to_state_distance |        0.000573 |
| Metric/cross_state_action_to_state_distance |               1 |
|                   Metric/h_lambda_diff_self |         0.00105 |
|                  Metric/h_lambda_diff_cross |         0.00839 |
|                                 Eval/Return |            3.88 |
-----------------------------------------------------------------
-----------------------------------------------------------------
|                                 Train/Steps |         4.1e+06 |
|                            Loss/Loss_critic |         0.00925 |
|                             Loss/Loss_actor |         -0.0386 |
|                             Loss/Loss_alpha |        3.12e-05 |
|               Loss/Loss_state_action_metric |         0.00185 |
|                      Loss/Loss_state_metric |          0.0014 |
|             Loss/Loss_state_action_to_state |        6.56e-05 |
|                           Loss/Act_rep_loss |          0.0531 |
|                                   SAC/Alpha |        5.64e-05 |
|                              SAC/LogPi_mean |          0.0546 |
|                                 SAC/Q1_mean |           0.035 |
|                                 SAC/Q2_mean |          0.0346 |
|                            Norm/actor_model |             107 |
|                           Norm/critic_model |            99.5 |
|              Norm/state_action_metric_model |            82.8 |
|                     Norm/state_metric_model |            87.2 |
|        Norm/state_action_state_metric_model |            80.5 |
|                  Metric/self_state_distance |        0.000924 |
|                 Metric/cross_state_distance |            0.94 |
|           Metric/self_state_action_distance |         0.00248 |
|          Metric/cross_state_action_distance |           0.919 |
|             Metric/avg_self_state_asymmetry |               0 |
|            Metric/avg_cross_state_asymmetry |         0.00301 |
|                Metric/avg_self_sa_asymmetry |               0 |
|               Metric/avg_cross_sa_asymmetry |         0.00456 |
|  Metric/self_state_action_to_state_distance |         0.00174 |
| Metric/cross_state_action_to_state_distance |           0.921 |
|                   Metric/h_lambda_diff_self |         0.00271 |
|                  Metric/h_lambda_diff_cross |         0.00378 |
|                                 Eval/Return |            2.66 |
-----------------------------------------------------------------
[32mSaving model …[0m
[32mDone.[0m
[32mSaving model …[0m
[32mDone.[0m
-----------------------------------------------------------------
|                                 Train/Steps |        4.23e+06 |
|                            Loss/Loss_critic |         0.00128 |
|                             Loss/Loss_actor |        -0.00115 |
|                             Loss/Loss_alpha |       -1.89e-06 |
|               Loss/Loss_state_action_metric |         0.00209 |
|                      Loss/Loss_state_metric |         0.00174 |
|             Loss/Loss_state_action_to_state |         1.9e-05 |
|                           Loss/Act_rep_loss |          0.0517 |
|                                   SAC/Alpha |        2.28e-05 |
|                              SAC/LogPi_mean |           0.796 |
|                                 SAC/Q1_mean |         0.00499 |
|                                 SAC/Q2_mean |         0.00226 |
|                            Norm/actor_model |             109 |
|                           Norm/critic_model |             101 |
|              Norm/state_action_metric_model |              84 |
|                     Norm/state_metric_model |            88.7 |
|        Norm/state_action_state_metric_model |            81.8 |
|                  Metric/self_state_distance |        0.000498 |
|                 Metric/cross_state_distance |            0.94 |
|           Metric/self_state_action_distance |         0.00168 |
|          Metric/cross_state_action_distance |           0.921 |
|             Metric/avg_self_state_asymmetry |               0 |
|            Metric/avg_cross_state_asymmetry |         0.00216 |
|                Metric/avg_self_sa_asymmetry |               0 |
|               Metric/avg_cross_sa_asymmetry |         0.00388 |
|  Metric/self_state_action_to_state_distance |          0.0013 |
| Metric/cross_state_action_to_state_distance |           0.922 |
|                   Metric/h_lambda_diff_self |         0.00179 |
|                  Metric/h_lambda_diff_cross |         0.00303 |
|                                 Eval/Return |             1.4 |
-----------------------------------------------------------------
-----------------------------------------------------------------
|                                 Train/Steps |        4.36e+06 |
|                            Loss/Loss_critic |        1.45e-06 |
|                             Loss/Loss_actor |        -0.00229 |
|                             Loss/Loss_alpha |        8.19e-06 |
|               Loss/Loss_state_action_metric |         0.00167 |
|                      Loss/Loss_state_metric |         0.00186 |
|             Loss/Loss_state_action_to_state |        3.18e-05 |
|                           Loss/Act_rep_loss |          0.0354 |
|                                   SAC/Alpha |        2.31e-05 |
|                              SAC/LogPi_mean |          0.0333 |
|                                 SAC/Q1_mean |         0.00552 |
|                                 SAC/Q2_mean |         0.00229 |
|                            Norm/actor_model |             111 |
|                           Norm/critic_model |             102 |
|              Norm/state_action_metric_model |            85.4 |
|                     Norm/state_metric_model |            90.1 |
|        Norm/state_action_state_metric_model |            83.8 |
|                  Metric/self_state_distance |         0.00153 |
|                 Metric/cross_state_distance |            0.96 |
|           Metric/self_state_action_distance |        0.000723 |
|          Metric/cross_state_action_distance |           0.923 |
|             Metric/avg_self_state_asymmetry |               0 |
|            Metric/avg_cross_state_asymmetry |         0.00281 |
|                Metric/avg_self_sa_asymmetry |               0 |
|               Metric/avg_cross_sa_asymmetry |         0.00376 |
|  Metric/self_state_action_to_state_distance |         0.00143 |
| Metric/cross_state_action_to_state_distance |           0.924 |
|                   Metric/h_lambda_diff_self |         0.00149 |
|                  Metric/h_lambda_diff_cross |         0.00294 |
|                                 Eval/Return |            2.52 |
-----------------------------------------------------------------
-----------------------------------------------------------------
|                                 Train/Steps |        4.49e+06 |
|                            Loss/Loss_critic |        3.76e-07 |
|                             Loss/Loss_actor |         -0.0032 |
|                             Loss/Loss_alpha |       -4.08e-05 |
|               Loss/Loss_state_action_metric |         0.00141 |
|                      Loss/Loss_state_metric |        0.000981 |
|             Loss/Loss_state_action_to_state |        3.15e-05 |
|                           Loss/Act_rep_loss |          0.0464 |
|                                   SAC/Alpha |        1.73e-05 |
|                              SAC/LogPi_mean |            2.76 |
|                                 SAC/Q1_mean |         0.00492 |
|                                 SAC/Q2_mean |         0.00325 |
|                            Norm/actor_model |             113 |
|                           Norm/critic_model |             103 |
|              Norm/state_action_metric_model |            86.8 |
|                     Norm/state_metric_model |            91.9 |
|        Norm/state_action_state_metric_model |            85.6 |
|                  Metric/self_state_distance |         0.00118 |
|                 Metric/cross_state_distance |            0.95 |
|           Metric/self_state_action_distance |         0.00472 |
|          Metric/cross_state_action_distance |           0.931 |
|             Metric/avg_self_state_asymmetry |               0 |
|            Metric/avg_cross_state_asymmetry |         0.00189 |
|                Metric/avg_self_sa_asymmetry |               0 |
|               Metric/avg_cross_sa_asymmetry |         0.00505 |
|  Metric/self_state_action_to_state_distance |          0.0013 |
| Metric/cross_state_action_to_state_distance |           0.928 |
|                   Metric/h_lambda_diff_self |         0.00468 |
|                  Metric/h_lambda_diff_cross |         0.00422 |
|                                 Eval/Return |            3.14 |
-----------------------------------------------------------------
-----------------------------------------------------------------
|                                 Train/Steps |        4.62e+06 |
|                            Loss/Loss_critic |         0.00662 |
|                             Loss/Loss_actor |         -0.0306 |
|                             Loss/Loss_alpha |        6.01e-07 |
|               Loss/Loss_state_action_metric |          0.0382 |
|                      Loss/Loss_state_metric |          0.0127 |
|             Loss/Loss_state_action_to_state |        0.000396 |
|                           Loss/Act_rep_loss |          0.0441 |
|                                   SAC/Alpha |        1.03e-05 |
|                              SAC/LogPi_mean |           0.374 |
|                                 SAC/Q1_mean |          0.0319 |
|                                 SAC/Q2_mean |          0.0325 |
|                            Norm/actor_model |             115 |
|                           Norm/critic_model |             104 |
|              Norm/state_action_metric_model |            88.2 |
|                     Norm/state_metric_model |            93.2 |
|        Norm/state_action_state_metric_model |            87.5 |
|                  Metric/self_state_distance |        0.000733 |
|                 Metric/cross_state_distance |           0.963 |
|           Metric/self_state_action_distance |         0.00231 |
|          Metric/cross_state_action_distance |           0.943 |
|             Metric/avg_self_state_asymmetry |               0 |
|            Metric/avg_cross_state_asymmetry |         0.00242 |
|                Metric/avg_self_sa_asymmetry |               0 |
|               Metric/avg_cross_sa_asymmetry |         0.00624 |
|  Metric/self_state_action_to_state_distance |        0.000582 |
| Metric/cross_state_action_to_state_distance |           0.945 |
|                   Metric/h_lambda_diff_self |         0.00184 |
|                  Metric/h_lambda_diff_cross |         0.00685 |
|                                 Eval/Return |            2.15 |
-----------------------------------------------------------------
-----------------------------------------------------------------
|                                 Train/Steps |        4.74e+06 |
|                            Loss/Loss_critic |        0.000308 |
|                             Loss/Loss_actor |         -0.0126 |
|                             Loss/Loss_alpha |        1.54e-06 |
|               Loss/Loss_state_action_metric |         0.00255 |
|                      Loss/Loss_state_metric |         0.00207 |
|             Loss/Loss_state_action_to_state |        7.16e-05 |
|                           Loss/Act_rep_loss |          0.0469 |
|                                   SAC/Alpha |        1.29e-05 |
|                              SAC/LogPi_mean |           0.409 |
|                                 SAC/Q1_mean |          0.0125 |
|                                 SAC/Q2_mean |          0.0132 |
|                            Norm/actor_model |             117 |
|                           Norm/critic_model |             105 |
|              Norm/state_action_metric_model |            89.8 |
|                     Norm/state_metric_model |            94.8 |
|        Norm/state_action_state_metric_model |            88.8 |
|                  Metric/self_state_distance |         0.00146 |
|                 Metric/cross_state_distance |           0.944 |
|           Metric/self_state_action_distance |         0.00215 |
|          Metric/cross_state_action_distance |           0.928 |
|             Metric/avg_self_state_asymmetry |               0 |
|            Metric/avg_cross_state_asymmetry |         0.00204 |
|                Metric/avg_self_sa_asymmetry |               0 |
|               Metric/avg_cross_sa_asymmetry |         0.00393 |
|  Metric/self_state_action_to_state_distance |         0.00132 |
| Metric/cross_state_action_to_state_distance |           0.925 |
|                   Metric/h_lambda_diff_self |         0.00221 |
|                  Metric/h_lambda_diff_cross |         0.00435 |
|                                 Eval/Return |            2.41 |
-----------------------------------------------------------------
-----------------------------------------------------------------
|                                 Train/Steps |        4.87e+06 |
|                            Loss/Loss_critic |         0.00519 |
|                             Loss/Loss_actor |          -0.025 |
|                             Loss/Loss_alpha |       -4.51e-06 |
|               Loss/Loss_state_action_metric |          0.0149 |
|                      Loss/Loss_state_metric |         0.00661 |
|             Loss/Loss_state_action_to_state |        0.000281 |
|                           Loss/Act_rep_loss |          0.0501 |
|                                   SAC/Alpha |        1.54e-05 |
|                              SAC/LogPi_mean |           0.945 |
|                                 SAC/Q1_mean |          0.0269 |
|                                 SAC/Q2_mean |          0.0249 |
|                            Norm/actor_model |             118 |
|                           Norm/critic_model |             106 |
|              Norm/state_action_metric_model |            91.4 |
|                     Norm/state_metric_model |            96.4 |
|        Norm/state_action_state_metric_model |            90.3 |
|                  Metric/self_state_distance |         0.00286 |
|                 Metric/cross_state_distance |           0.952 |
|           Metric/self_state_action_distance |         0.00508 |
|          Metric/cross_state_action_distance |           0.947 |
|             Metric/avg_self_state_asymmetry |               0 |
|            Metric/avg_cross_state_asymmetry |         0.00259 |
|                Metric/avg_self_sa_asymmetry |               0 |
|               Metric/avg_cross_sa_asymmetry |         0.00642 |
|  Metric/self_state_action_to_state_distance |        0.000727 |
| Metric/cross_state_action_to_state_distance |           0.947 |
|                   Metric/h_lambda_diff_self |         0.00501 |
|                  Metric/h_lambda_diff_cross |           0.004 |
|                                 Eval/Return |            1.13 |
-----------------------------------------------------------------
-----------------------------------------------------------------
|                                 Train/Steps |           5e+06 |
|                            Loss/Loss_critic |         0.00235 |
|                             Loss/Loss_actor |          -0.103 |
|                             Loss/Loss_alpha |       -5.76e-06 |
|               Loss/Loss_state_action_metric |          0.0319 |
|                      Loss/Loss_state_metric |          0.0172 |
|             Loss/Loss_state_action_to_state |        0.000131 |
|                           Loss/Act_rep_loss |          0.0488 |
|                                   SAC/Alpha |        7.79e-06 |
|                              SAC/LogPi_mean |            1.17 |
|                                 SAC/Q1_mean |           0.103 |
|                                 SAC/Q2_mean |           0.108 |
|                            Norm/actor_model |             120 |
|                           Norm/critic_model |             107 |
|              Norm/state_action_metric_model |            92.9 |
|                     Norm/state_metric_model |            97.8 |
|        Norm/state_action_state_metric_model |            92.1 |
|                  Metric/self_state_distance |        0.000538 |
|                 Metric/cross_state_distance |           0.963 |
|           Metric/self_state_action_distance |         0.00145 |
|          Metric/cross_state_action_distance |           0.957 |
|             Metric/avg_self_state_asymmetry |               0 |
|            Metric/avg_cross_state_asymmetry |         0.00298 |
|                Metric/avg_self_sa_asymmetry |               0 |
|               Metric/avg_cross_sa_asymmetry |         0.00512 |
|  Metric/self_state_action_to_state_distance |        0.000769 |
| Metric/cross_state_action_to_state_distance |           0.955 |
|                   Metric/h_lambda_diff_self |         0.00125 |
|                  Metric/h_lambda_diff_cross |          0.0052 |
|                                 Eval/Return |            2.15 |
-----------------------------------------------------------------
[32mSaving model …[0m
[32mDone.[0m
[32mSaving model …[0m
[32mDone.[0m
