E0908 03:14:28.854967 1135241 cuda_executor.cc:1526] Could not get kernel mode driver version: (INVALID_ARGUMENT: Version does not match the format X.Y.Z)
E0908 03:14:28.863671 1135130 cuda_executor.cc:1526] Could not get kernel mode driver version: (INVALID_ARGUMENT: Version does not match the format X.Y.Z)
[32mStart prefilling replay buffer[0m
[32mStart SAC training[0m
[32m{'log_freq': 1000, 'save_freq': 1000000, 'eval_episode_freq': 10, 'hidden_size': 256, 'lr': 0.001, 'max_grad_norm': 0.0, 'gamma': 0.99, 'update_tau': 0.005, 'train_per_step': 8, 'episode_length': 1000, 'warmup_samples': 8192, 'max_replay_size': 4000000, 'batch_size': 512, 'total_env_steps': 5000000, 'init_temperature': 0.1, 'nstep': 1, 'bootstrap_on_truncation': True, 'rep_lr_scale': 1.5, 'vis_feq': 100000, 'n_vis_frames': 4, 'num_envs': 128, 'grad_steps': 50, 'transfer_freq': 10, 'transfer_steps': 8, 'reward_scaling': 1.0, 'num_eval_envs': 128, 'target_entropy': -10.5}[0m
[32m[nstep] nstep=1 bootstrap_on_truncation=True (discount from the buffer already contains gamma^nstep)[0m
-----------------------------------------------------------------
|                                 Train/Steps |        1.36e+05 |
|                            Loss/Loss_critic |          0.0285 |
|                             Loss/Loss_actor |           -8.37 |
|                             Loss/Loss_alpha |         0.00608 |
|               Loss/Loss_state_action_metric |          0.0814 |
|                      Loss/Loss_state_metric |          0.0473 |
|             Loss/Loss_state_action_to_state |        0.000663 |
|                           Loss/Act_rep_loss |          0.0183 |
|                                   SAC/Alpha |         0.00215 |
|                              SAC/LogPi_mean |            7.46 |
|                                 SAC/Q1_mean |            8.21 |
|                                 SAC/Q2_mean |            8.23 |
|                            Norm/actor_model |            31.5 |
|                           Norm/critic_model |            55.9 |
|              Norm/state_action_metric_model |            34.9 |
|                     Norm/state_metric_model |            34.3 |
|        Norm/state_action_state_metric_model |            34.2 |
|                  Metric/self_state_distance |         0.00162 |
|                 Metric/cross_state_distance |            1.13 |
|           Metric/self_state_action_distance |         0.00306 |
|          Metric/cross_state_action_distance |            1.16 |
|             Metric/avg_self_state_asymmetry |               0 |
|            Metric/avg_cross_state_asymmetry |         0.00799 |
|                Metric/avg_self_sa_asymmetry |               0 |
|               Metric/avg_cross_sa_asymmetry |          0.0174 |
|  Metric/self_state_action_to_state_distance |        0.000861 |
| Metric/cross_state_action_to_state_distance |            1.16 |
|                   Metric/h_lambda_diff_self |         0.00287 |
|                  Metric/h_lambda_diff_cross |          0.0244 |
|                                 Eval/Return |              11 |
-----------------------------------------------------------------
-----------------------------------------------------------------
|                                 Train/Steps |        2.64e+05 |
|                            Loss/Loss_critic |          0.0517 |
|                             Loss/Loss_actor |           -13.1 |
|                             Loss/Loss_alpha |         0.00154 |
|               Loss/Loss_state_action_metric |          0.0604 |
|                      Loss/Loss_state_metric |          0.0376 |
|             Loss/Loss_state_action_to_state |        0.000535 |
|                           Loss/Act_rep_loss |           0.036 |
|                                   SAC/Alpha |         0.00291 |
|                              SAC/LogPi_mean |            9.86 |
|                                 SAC/Q1_mean |            12.9 |
|                                 SAC/Q2_mean |            12.9 |
|                            Norm/actor_model |            42.8 |
|                           Norm/critic_model |            69.9 |
|              Norm/state_action_metric_model |            41.5 |
|                     Norm/state_metric_model |            39.1 |
|        Norm/state_action_state_metric_model |            39.5 |
|                  Metric/self_state_distance |         0.00323 |
|                 Metric/cross_state_distance |            1.06 |
|           Metric/self_state_action_distance |         0.00331 |
|          Metric/cross_state_action_distance |            1.09 |
|             Metric/avg_self_state_asymmetry |               0 |
|            Metric/avg_cross_state_asymmetry |         0.00662 |
|                Metric/avg_self_sa_asymmetry |               0 |
|               Metric/avg_cross_sa_asymmetry |          0.0111 |
|  Metric/self_state_action_to_state_distance |        0.000637 |
| Metric/cross_state_action_to_state_distance |            1.09 |
|                   Metric/h_lambda_diff_self |         0.00292 |
|                  Metric/h_lambda_diff_cross |          0.0104 |
|                                 Eval/Return |            32.3 |
-----------------------------------------------------------------
-----------------------------------------------------------------
|                                 Train/Steps |        3.92e+05 |
|                            Loss/Loss_critic |           0.148 |
|                             Loss/Loss_actor |             -18 |
|                             Loss/Loss_alpha |        -0.00397 |
|               Loss/Loss_state_action_metric |          0.0499 |
|                      Loss/Loss_state_metric |          0.0328 |
|             Loss/Loss_state_action_to_state |        0.000473 |
|                           Loss/Act_rep_loss |          0.0153 |
|                                   SAC/Alpha |         0.00462 |
|                              SAC/LogPi_mean |            11.5 |
|                                 SAC/Q1_mean |            17.8 |
|                                 SAC/Q2_mean |            17.8 |
|                            Norm/actor_model |            49.3 |
|                           Norm/critic_model |            82.2 |
|              Norm/state_action_metric_model |            47.8 |
|                     Norm/state_metric_model |            44.6 |
|        Norm/state_action_state_metric_model |            44.7 |
|                  Metric/self_state_distance |        0.000362 |
|                 Metric/cross_state_distance |            1.08 |
|           Metric/self_state_action_distance |         0.00118 |
|          Metric/cross_state_action_distance |            1.09 |
|             Metric/avg_self_state_asymmetry |               0 |
|            Metric/avg_cross_state_asymmetry |          0.0096 |
|                Metric/avg_self_sa_asymmetry |               0 |
|               Metric/avg_cross_sa_asymmetry |          0.0145 |
|  Metric/self_state_action_to_state_distance |        0.000854 |
| Metric/cross_state_action_to_state_distance |            1.09 |
|                   Metric/h_lambda_diff_self |         0.00131 |
|                  Metric/h_lambda_diff_cross |           0.012 |
|                                 Eval/Return |            36.2 |
-----------------------------------------------------------------
-----------------------------------------------------------------
|                                 Train/Steps |         5.2e+05 |
|                            Loss/Loss_critic |           0.154 |
|                             Loss/Loss_actor |           -19.5 |
|                             Loss/Loss_alpha |       -0.000172 |
|               Loss/Loss_state_action_metric |          0.0491 |
|                      Loss/Loss_state_metric |          0.0322 |
|             Loss/Loss_state_action_to_state |        0.000375 |
|                           Loss/Act_rep_loss |          0.0169 |
|                                   SAC/Alpha |         0.00561 |
|                              SAC/LogPi_mean |            10.7 |
|                                 SAC/Q1_mean |            19.3 |
|                                 SAC/Q2_mean |            19.2 |
|                            Norm/actor_model |            54.4 |
|                           Norm/critic_model |            92.5 |
|              Norm/state_action_metric_model |            53.2 |
|                     Norm/state_metric_model |              49 |
|        Norm/state_action_state_metric_model |            49.2 |
|                  Metric/self_state_distance |        0.000864 |
|                 Metric/cross_state_distance |            1.07 |
|           Metric/self_state_action_distance |        0.000835 |
|          Metric/cross_state_action_distance |             1.1 |
|             Metric/avg_self_state_asymmetry |               0 |
|            Metric/avg_cross_state_asymmetry |          0.0072 |
|                Metric/avg_self_sa_asymmetry |               0 |
|               Metric/avg_cross_sa_asymmetry |          0.0125 |
|  Metric/self_state_action_to_state_distance |        0.000432 |
| Metric/cross_state_action_to_state_distance |            1.08 |
|                   Metric/h_lambda_diff_self |        0.000758 |
|                  Metric/h_lambda_diff_cross |          0.0162 |
|                                 Eval/Return |            26.7 |
-----------------------------------------------------------------
-----------------------------------------------------------------
|                                 Train/Steps |        6.48e+05 |
|                            Loss/Loss_critic |           0.218 |
|                             Loss/Loss_actor |           -21.5 |
|                             Loss/Loss_alpha |        -0.00878 |
|               Loss/Loss_state_action_metric |           0.113 |
|                      Loss/Loss_state_metric |          0.0769 |
|             Loss/Loss_state_action_to_state |        0.000504 |
|                           Loss/Act_rep_loss |          0.0156 |
|                                   SAC/Alpha |         0.00506 |
|                              SAC/LogPi_mean |            12.7 |
|                                 SAC/Q1_mean |            21.2 |
|                                 SAC/Q2_mean |            21.2 |
|                            Norm/actor_model |            58.4 |
|                           Norm/critic_model |             102 |
|              Norm/state_action_metric_model |            57.7 |
|                     Norm/state_metric_model |            53.2 |
|        Norm/state_action_state_metric_model |            53.3 |
|                  Metric/self_state_distance |         0.00134 |
|                 Metric/cross_state_distance |            1.18 |
|           Metric/self_state_action_distance |        0.000656 |
|          Metric/cross_state_action_distance |            1.23 |
|             Metric/avg_self_state_asymmetry |               0 |
|            Metric/avg_cross_state_asymmetry |         0.00874 |
|                Metric/avg_self_sa_asymmetry |               0 |
|               Metric/avg_cross_sa_asymmetry |          0.0151 |
|  Metric/self_state_action_to_state_distance |        0.000411 |
| Metric/cross_state_action_to_state_distance |            1.22 |
|                   Metric/h_lambda_diff_self |        0.000617 |
|                  Metric/h_lambda_diff_cross |          0.0162 |
|                                 Eval/Return |            55.1 |
-----------------------------------------------------------------
-----------------------------------------------------------------
|                                 Train/Steps |        7.76e+05 |
|                            Loss/Loss_critic |           0.219 |
|                             Loss/Loss_actor |           -22.8 |
|                             Loss/Loss_alpha |         -0.0049 |
|               Loss/Loss_state_action_metric |           0.188 |
|                      Loss/Loss_state_metric |           0.115 |
|             Loss/Loss_state_action_to_state |         0.00053 |
|                           Loss/Act_rep_loss |         0.00583 |
|                                   SAC/Alpha |         0.00561 |
|                              SAC/LogPi_mean |            11.1 |
|                                 SAC/Q1_mean |            22.7 |
|                                 SAC/Q2_mean |            22.7 |
|                            Norm/actor_model |            62.4 |
|                           Norm/critic_model |             109 |
|              Norm/state_action_metric_model |            61.6 |
|                     Norm/state_metric_model |            56.2 |
|        Norm/state_action_state_metric_model |            56.7 |
|                  Metric/self_state_distance |         0.00101 |
|                 Metric/cross_state_distance |            1.29 |
|           Metric/self_state_action_distance |        0.000967 |
|          Metric/cross_state_action_distance |            1.38 |
|             Metric/avg_self_state_asymmetry |               0 |
|            Metric/avg_cross_state_asymmetry |         0.00908 |
|                Metric/avg_self_sa_asymmetry |               0 |
|               Metric/avg_cross_sa_asymmetry |          0.0145 |
|  Metric/self_state_action_to_state_distance |        0.000402 |
| Metric/cross_state_action_to_state_distance |            1.37 |
|                   Metric/h_lambda_diff_self |        0.000926 |
|                  Metric/h_lambda_diff_cross |          0.0157 |
|                                 Eval/Return |             351 |
-----------------------------------------------------------------
-----------------------------------------------------------------
|                                 Train/Steps |        9.04e+05 |
|                            Loss/Loss_critic |           0.208 |
|                             Loss/Loss_actor |           -25.1 |
|                             Loss/Loss_alpha |        -0.00501 |
|               Loss/Loss_state_action_metric |           0.359 |
|                      Loss/Loss_state_metric |           0.241 |
|             Loss/Loss_state_action_to_state |         0.00049 |
|                           Loss/Act_rep_loss |          0.0117 |
|                                   SAC/Alpha |         0.00538 |
|                              SAC/LogPi_mean |            11.1 |
|                                 SAC/Q1_mean |            24.9 |
|                                 SAC/Q2_mean |            24.9 |
|                            Norm/actor_model |            65.7 |
|                           Norm/critic_model |             115 |
|              Norm/state_action_metric_model |            64.8 |
|                     Norm/state_metric_model |            58.7 |
|        Norm/state_action_state_metric_model |            59.5 |
|                  Metric/self_state_distance |         0.00101 |
|                 Metric/cross_state_distance |            1.56 |
|           Metric/self_state_action_distance |         0.00169 |
|          Metric/cross_state_action_distance |            1.73 |
|             Metric/avg_self_state_asymmetry |               0 |
|            Metric/avg_cross_state_asymmetry |          0.0107 |
|                Metric/avg_self_sa_asymmetry |               0 |
|               Metric/avg_cross_sa_asymmetry |          0.0175 |
|  Metric/self_state_action_to_state_distance |        0.000298 |
| Metric/cross_state_action_to_state_distance |            1.73 |
|                   Metric/h_lambda_diff_self |         0.00145 |
|                  Metric/h_lambda_diff_cross |          0.0191 |
|                                 Eval/Return |             456 |
-----------------------------------------------------------------
-----------------------------------------------------------------
|                                 Train/Steps |        1.03e+06 |
|                            Loss/Loss_critic |           0.261 |
|                             Loss/Loss_actor |           -27.4 |
|                             Loss/Loss_alpha |        7.71e-05 |
|               Loss/Loss_state_action_metric |           0.435 |
|                      Loss/Loss_state_metric |           0.296 |
|             Loss/Loss_state_action_to_state |         0.00068 |
|                           Loss/Act_rep_loss |         0.00647 |
|                                   SAC/Alpha |         0.00661 |
|                              SAC/LogPi_mean |            10.4 |
|                                 SAC/Q1_mean |            27.2 |
|                                 SAC/Q2_mean |            27.3 |
|                            Norm/actor_model |            69.3 |
|                           Norm/critic_model |             122 |
|              Norm/state_action_metric_model |              68 |
|                     Norm/state_metric_model |            61.7 |
|        Norm/state_action_state_metric_model |            62.4 |
|                  Metric/self_state_distance |         0.00108 |
|                 Metric/cross_state_distance |            1.68 |
|           Metric/self_state_action_distance |         0.00277 |
|          Metric/cross_state_action_distance |            1.87 |
|             Metric/avg_self_state_asymmetry |               0 |
|            Metric/avg_cross_state_asymmetry |          0.0117 |
|                Metric/avg_self_sa_asymmetry |               0 |
|               Metric/avg_cross_sa_asymmetry |          0.0173 |
|  Metric/self_state_action_to_state_distance |        0.000359 |
| Metric/cross_state_action_to_state_distance |            1.86 |
|                   Metric/h_lambda_diff_self |         0.00249 |
|                  Metric/h_lambda_diff_cross |          0.0217 |
|                                 Eval/Return |             483 |
-----------------------------------------------------------------
[32mSaving model …[0m
[32mDone.[0m
[32mSaving model …[0m
[32mDone.[0m
-----------------------------------------------------------------
|                                 Train/Steps |        1.16e+06 |
|                            Loss/Loss_critic |           0.331 |
|                             Loss/Loss_actor |           -31.4 |
|                             Loss/Loss_alpha |        -0.00418 |
|               Loss/Loss_state_action_metric |           0.495 |
|                      Loss/Loss_state_metric |           0.334 |
|             Loss/Loss_state_action_to_state |        0.000468 |
|                           Loss/Act_rep_loss |         0.00547 |
|                                   SAC/Alpha |          0.0072 |
|                              SAC/LogPi_mean |            10.9 |
|                                 SAC/Q1_mean |            31.1 |
|                                 SAC/Q2_mean |            31.1 |
|                            Norm/actor_model |            72.7 |
|                           Norm/critic_model |             129 |
|              Norm/state_action_metric_model |            71.2 |
|                     Norm/state_metric_model |            64.9 |
|        Norm/state_action_state_metric_model |            65.4 |
|                  Metric/self_state_distance |         0.00142 |
|                 Metric/cross_state_distance |            1.75 |
|           Metric/self_state_action_distance |         0.00116 |
|          Metric/cross_state_action_distance |            1.99 |
|             Metric/avg_self_state_asymmetry |               0 |
|            Metric/avg_cross_state_asymmetry |          0.0116 |
|                Metric/avg_self_sa_asymmetry |               0 |
|               Metric/avg_cross_sa_asymmetry |          0.0182 |
|  Metric/self_state_action_to_state_distance |        0.000298 |
| Metric/cross_state_action_to_state_distance |            1.99 |
|                   Metric/h_lambda_diff_self |        0.000915 |
|                  Metric/h_lambda_diff_cross |           0.017 |
|                                 Eval/Return |             686 |
-----------------------------------------------------------------
-----------------------------------------------------------------
|                                 Train/Steps |        1.29e+06 |
|                            Loss/Loss_critic |           0.319 |
|                             Loss/Loss_actor |           -35.6 |
|                             Loss/Loss_alpha |        0.000397 |
|               Loss/Loss_state_action_metric |           0.557 |
|                      Loss/Loss_state_metric |           0.382 |
|             Loss/Loss_state_action_to_state |        0.000379 |
|                           Loss/Act_rep_loss |         0.00293 |
|                                   SAC/Alpha |         0.00789 |
|                              SAC/LogPi_mean |            10.3 |
|                                 SAC/Q1_mean |            35.5 |
|                                 SAC/Q2_mean |            35.4 |
|                            Norm/actor_model |            76.1 |
|                           Norm/critic_model |             135 |
|              Norm/state_action_metric_model |            74.4 |
|                     Norm/state_metric_model |            68.2 |
|        Norm/state_action_state_metric_model |            68.4 |
|                  Metric/self_state_distance |        0.000617 |
|                 Metric/cross_state_distance |            1.84 |
|           Metric/self_state_action_distance |         0.00152 |
|          Metric/cross_state_action_distance |            2.08 |
|             Metric/avg_self_state_asymmetry |               0 |
|            Metric/avg_cross_state_asymmetry |          0.0101 |
|                Metric/avg_self_sa_asymmetry |               0 |
|               Metric/avg_cross_sa_asymmetry |          0.0151 |
|  Metric/self_state_action_to_state_distance |        0.000442 |
| Metric/cross_state_action_to_state_distance |            2.08 |
|                   Metric/h_lambda_diff_self |         0.00142 |
|                  Metric/h_lambda_diff_cross |          0.0162 |
|                                 Eval/Return |             917 |
-----------------------------------------------------------------
-----------------------------------------------------------------
|                                 Train/Steps |        1.42e+06 |
|                            Loss/Loss_critic |           0.369 |
|                             Loss/Loss_actor |           -40.1 |
|                             Loss/Loss_alpha |        -0.00936 |
|               Loss/Loss_state_action_metric |           0.605 |
|                      Loss/Loss_state_metric |           0.413 |
|             Loss/Loss_state_action_to_state |        0.000399 |
|                           Loss/Act_rep_loss |         0.00276 |
|                                   SAC/Alpha |         0.00833 |
|                              SAC/LogPi_mean |            11.6 |
|                                 SAC/Q1_mean |            39.8 |
|                                 SAC/Q2_mean |            39.9 |
|                            Norm/actor_model |              79 |
|                           Norm/critic_model |             140 |
|              Norm/state_action_metric_model |            77.7 |
|                     Norm/state_metric_model |            71.9 |
|        Norm/state_action_state_metric_model |            71.4 |
|                  Metric/self_state_distance |         0.00246 |
|                 Metric/cross_state_distance |            1.88 |
|           Metric/self_state_action_distance |         0.00188 |
|          Metric/cross_state_action_distance |            2.15 |
|             Metric/avg_self_state_asymmetry |               0 |
|            Metric/avg_cross_state_asymmetry |         0.00925 |
|                Metric/avg_self_sa_asymmetry |               0 |
|               Metric/avg_cross_sa_asymmetry |           0.015 |
|  Metric/self_state_action_to_state_distance |        0.000256 |
| Metric/cross_state_action_to_state_distance |            2.15 |
|                   Metric/h_lambda_diff_self |         0.00167 |
|                  Metric/h_lambda_diff_cross |          0.0165 |
|                                 Eval/Return |             800 |
-----------------------------------------------------------------
-----------------------------------------------------------------
|                                 Train/Steps |        1.54e+06 |
|                            Loss/Loss_critic |           0.325 |
|                             Loss/Loss_actor |           -45.9 |
|                             Loss/Loss_alpha |        0.000995 |
|               Loss/Loss_state_action_metric |           0.719 |
|                      Loss/Loss_state_metric |           0.496 |
|             Loss/Loss_state_action_to_state |        0.000337 |
|                           Loss/Act_rep_loss |         0.00411 |
|                                   SAC/Alpha |          0.0093 |
|                              SAC/LogPi_mean |            9.95 |
|                                 SAC/Q1_mean |            45.7 |
|                                 SAC/Q2_mean |            45.7 |
|                            Norm/actor_model |            81.5 |
|                           Norm/critic_model |             146 |
|              Norm/state_action_metric_model |              81 |
|                     Norm/state_metric_model |            75.5 |
|        Norm/state_action_state_metric_model |            74.4 |
|                  Metric/self_state_distance |         0.00185 |
|                 Metric/cross_state_distance |            2.03 |
|           Metric/self_state_action_distance |         0.00165 |
|          Metric/cross_state_action_distance |            2.32 |
|             Metric/avg_self_state_asymmetry |               0 |
|            Metric/avg_cross_state_asymmetry |         0.00856 |
|                Metric/avg_self_sa_asymmetry |               0 |
|               Metric/avg_cross_sa_asymmetry |          0.0131 |
|  Metric/self_state_action_to_state_distance |        0.000617 |
| Metric/cross_state_action_to_state_distance |            2.32 |
|                   Metric/h_lambda_diff_self |         0.00132 |
|                  Metric/h_lambda_diff_cross |          0.0178 |
|                                 Eval/Return |             897 |
-----------------------------------------------------------------
-----------------------------------------------------------------
|                                 Train/Steps |        1.67e+06 |
|                            Loss/Loss_critic |           0.415 |
|                             Loss/Loss_actor |           -52.7 |
|                             Loss/Loss_alpha |         0.00714 |
|               Loss/Loss_state_action_metric |           0.726 |
|                      Loss/Loss_state_metric |             0.5 |
|             Loss/Loss_state_action_to_state |        0.000652 |
|                           Loss/Act_rep_loss |         0.00128 |
|                                   SAC/Alpha |         0.00963 |
|                              SAC/LogPi_mean |            10.2 |
|                                 SAC/Q1_mean |            52.5 |
|                                 SAC/Q2_mean |            52.4 |
|                            Norm/actor_model |            83.8 |
|                           Norm/critic_model |             152 |
|              Norm/state_action_metric_model |            84.3 |
|                     Norm/state_metric_model |            79.3 |
|        Norm/state_action_state_metric_model |            77.3 |
|                  Metric/self_state_distance |        0.000417 |
|                 Metric/cross_state_distance |            2.06 |
|           Metric/self_state_action_distance |         0.00101 |
|          Metric/cross_state_action_distance |            2.37 |
|             Metric/avg_self_state_asymmetry |               0 |
|            Metric/avg_cross_state_asymmetry |           0.011 |
|                Metric/avg_self_sa_asymmetry |               0 |
|               Metric/avg_cross_sa_asymmetry |          0.0164 |
|  Metric/self_state_action_to_state_distance |        0.000153 |
| Metric/cross_state_action_to_state_distance |            2.37 |
|                   Metric/h_lambda_diff_self |         0.00086 |
|                  Metric/h_lambda_diff_cross |           0.019 |
|                                 Eval/Return |             965 |
-----------------------------------------------------------------
-----------------------------------------------------------------
|                                 Train/Steps |         1.8e+06 |
|                            Loss/Loss_critic |           0.375 |
|                             Loss/Loss_actor |           -61.5 |
|                             Loss/Loss_alpha |         0.00136 |
|               Loss/Loss_state_action_metric |           0.762 |
|                      Loss/Loss_state_metric |           0.527 |
|             Loss/Loss_state_action_to_state |        0.000307 |
|                           Loss/Act_rep_loss |         0.00237 |
|                                   SAC/Alpha |         0.00979 |
|                              SAC/LogPi_mean |            10.2 |
|                                 SAC/Q1_mean |            61.1 |
|                                 SAC/Q2_mean |            61.2 |
|                            Norm/actor_model |            86.4 |
|                           Norm/critic_model |             157 |
|              Norm/state_action_metric_model |            87.7 |
|                     Norm/state_metric_model |            83.1 |
|        Norm/state_action_state_metric_model |            80.4 |
|                  Metric/self_state_distance |         0.00153 |
|                 Metric/cross_state_distance |            2.07 |
|           Metric/self_state_action_distance |         0.00113 |
|          Metric/cross_state_action_distance |            2.38 |
|             Metric/avg_self_state_asymmetry |               0 |
|            Metric/avg_cross_state_asymmetry |         0.00851 |
|                Metric/avg_self_sa_asymmetry |               0 |
|               Metric/avg_cross_sa_asymmetry |          0.0134 |
|  Metric/self_state_action_to_state_distance |        0.000427 |
| Metric/cross_state_action_to_state_distance |            2.37 |
|                   Metric/h_lambda_diff_self |        0.000886 |
|                  Metric/h_lambda_diff_cross |          0.0153 |
|                                 Eval/Return |             969 |
-----------------------------------------------------------------
-----------------------------------------------------------------
|                                 Train/Steps |        1.93e+06 |
|                            Loss/Loss_critic |           0.326 |
|                             Loss/Loss_actor |           -64.8 |
|                             Loss/Loss_alpha |         0.00527 |
|               Loss/Loss_state_action_metric |           0.783 |
|                      Loss/Loss_state_metric |           0.523 |
|             Loss/Loss_state_action_to_state |        0.000285 |
|                           Loss/Act_rep_loss |         0.00288 |
|                                   SAC/Alpha |         0.00907 |
|                              SAC/LogPi_mean |            9.99 |
|                                 SAC/Q1_mean |            64.5 |
|                                 SAC/Q2_mean |            64.5 |
|                            Norm/actor_model |            88.7 |
|                           Norm/critic_model |             162 |
|              Norm/state_action_metric_model |            90.7 |
|                     Norm/state_metric_model |            86.6 |
|        Norm/state_action_state_metric_model |            83.1 |
|                  Metric/self_state_distance |         0.00114 |
|                 Metric/cross_state_distance |            2.03 |
|           Metric/self_state_action_distance |         0.00194 |
|          Metric/cross_state_action_distance |            2.33 |
|             Metric/avg_self_state_asymmetry |               0 |
|            Metric/avg_cross_state_asymmetry |         0.00833 |
|                Metric/avg_self_sa_asymmetry |               0 |
|               Metric/avg_cross_sa_asymmetry |          0.0107 |
|  Metric/self_state_action_to_state_distance |        0.000928 |
| Metric/cross_state_action_to_state_distance |            2.33 |
|                   Metric/h_lambda_diff_self |         0.00157 |
|                  Metric/h_lambda_diff_cross |          0.0162 |
|                                 Eval/Return |             924 |
-----------------------------------------------------------------
-----------------------------------------------------------------
|                                 Train/Steps |        2.06e+06 |
|                            Loss/Loss_critic |           0.365 |
|                             Loss/Loss_actor |             -70 |
|                             Loss/Loss_alpha |       -0.000176 |
|               Loss/Loss_state_action_metric |           0.691 |
|                      Loss/Loss_state_metric |           0.473 |
|             Loss/Loss_state_action_to_state |        0.000231 |
|                           Loss/Act_rep_loss |         0.00204 |
|                                   SAC/Alpha |         0.00841 |
|                              SAC/LogPi_mean |            10.7 |
|                                 SAC/Q1_mean |            69.8 |
|                                 SAC/Q2_mean |            69.7 |
|                            Norm/actor_model |            90.8 |
|                           Norm/critic_model |             167 |
|              Norm/state_action_metric_model |            93.9 |
|                     Norm/state_metric_model |            90.6 |
|        Norm/state_action_state_metric_model |              86 |
|                  Metric/self_state_distance |        0.000477 |
|                 Metric/cross_state_distance |            1.94 |
|           Metric/self_state_action_distance |         0.00103 |
|          Metric/cross_state_action_distance |            2.24 |
|             Metric/avg_self_state_asymmetry |               0 |
|            Metric/avg_cross_state_asymmetry |         0.00761 |
|                Metric/avg_self_sa_asymmetry |               0 |
|               Metric/avg_cross_sa_asymmetry |          0.0106 |
|  Metric/self_state_action_to_state_distance |        0.000269 |
| Metric/cross_state_action_to_state_distance |            2.24 |
|                   Metric/h_lambda_diff_self |        0.000784 |
|                  Metric/h_lambda_diff_cross |          0.0139 |
|                                 Eval/Return |             973 |
-----------------------------------------------------------------
[32mSaving model …[0m
[32mDone.[0m
[32mSaving model …[0m
[32mDone.[0m
-----------------------------------------------------------------
|                                 Train/Steps |        2.18e+06 |
|                            Loss/Loss_critic |           0.303 |
|                             Loss/Loss_actor |           -73.5 |
|                             Loss/Loss_alpha |        0.000558 |
|               Loss/Loss_state_action_metric |           0.785 |
|                      Loss/Loss_state_metric |           0.544 |
|             Loss/Loss_state_action_to_state |        0.000255 |
|                           Loss/Act_rep_loss |         0.00165 |
|                                   SAC/Alpha |         0.00816 |
|                              SAC/LogPi_mean |            10.3 |
|                                 SAC/Q1_mean |            73.3 |
|                                 SAC/Q2_mean |            73.2 |
|                            Norm/actor_model |            92.9 |
|                           Norm/critic_model |             171 |
|              Norm/state_action_metric_model |            97.1 |
|                     Norm/state_metric_model |            94.3 |
|        Norm/state_action_state_metric_model |              89 |
|                  Metric/self_state_distance |        0.000509 |
|                 Metric/cross_state_distance |             2.1 |
|           Metric/self_state_action_distance |         0.00153 |
|          Metric/cross_state_action_distance |            2.39 |
|             Metric/avg_self_state_asymmetry |               0 |
|            Metric/avg_cross_state_asymmetry |         0.00786 |
|                Metric/avg_self_sa_asymmetry |               0 |
|               Metric/avg_cross_sa_asymmetry |          0.0111 |
|  Metric/self_state_action_to_state_distance |        6.04e-05 |
| Metric/cross_state_action_to_state_distance |             2.4 |
|                   Metric/h_lambda_diff_self |         0.00147 |
|                  Metric/h_lambda_diff_cross |           0.014 |
|                                 Eval/Return |             965 |
-----------------------------------------------------------------
-----------------------------------------------------------------
|                                 Train/Steps |        2.31e+06 |
|                            Loss/Loss_critic |           0.285 |
|                             Loss/Loss_actor |           -76.4 |
|                             Loss/Loss_alpha |         0.00099 |
|               Loss/Loss_state_action_metric |           0.753 |
|                      Loss/Loss_state_metric |            0.52 |
|             Loss/Loss_state_action_to_state |         0.00027 |
|                           Loss/Act_rep_loss |        0.000686 |
|                                   SAC/Alpha |         0.00752 |
|                              SAC/LogPi_mean |              10 |
|                                 SAC/Q1_mean |            76.2 |
|                                 SAC/Q2_mean |            76.2 |
|                            Norm/actor_model |            94.8 |
|                           Norm/critic_model |             176 |
|              Norm/state_action_metric_model |             100 |
|                     Norm/state_metric_model |            97.8 |
|        Norm/state_action_state_metric_model |            91.8 |
|                  Metric/self_state_distance |        0.000465 |
|                 Metric/cross_state_distance |            2.04 |
|           Metric/self_state_action_distance |        0.000731 |
|          Metric/cross_state_action_distance |            2.34 |
|             Metric/avg_self_state_asymmetry |               0 |
|            Metric/avg_cross_state_asymmetry |         0.00714 |
|                Metric/avg_self_sa_asymmetry |               0 |
|               Metric/avg_cross_sa_asymmetry |          0.0109 |
|  Metric/self_state_action_to_state_distance |        4.02e-05 |
| Metric/cross_state_action_to_state_distance |            2.34 |
|                   Metric/h_lambda_diff_self |        0.000699 |
|                  Metric/h_lambda_diff_cross |          0.0132 |
|                                 Eval/Return |             730 |
-----------------------------------------------------------------
-----------------------------------------------------------------
|                                 Train/Steps |        2.44e+06 |
|                            Loss/Loss_critic |           0.284 |
|                             Loss/Loss_actor |           -77.1 |
|                             Loss/Loss_alpha |         0.00257 |
|               Loss/Loss_state_action_metric |           0.728 |
|                      Loss/Loss_state_metric |           0.503 |
|             Loss/Loss_state_action_to_state |        0.000252 |
|                           Loss/Act_rep_loss |         0.00116 |
|                                   SAC/Alpha |         0.00698 |
|                              SAC/LogPi_mean |            10.1 |
|                                 SAC/Q1_mean |            76.8 |
|                                 SAC/Q2_mean |            76.9 |
|                            Norm/actor_model |            96.7 |
|                           Norm/critic_model |             180 |
|              Norm/state_action_metric_model |             103 |
|                     Norm/state_metric_model |             101 |
|        Norm/state_action_state_metric_model |            94.3 |
|                  Metric/self_state_distance |         0.00053 |
|                 Metric/cross_state_distance |               2 |
|           Metric/self_state_action_distance |         0.00212 |
|          Metric/cross_state_action_distance |             2.3 |
|             Metric/avg_self_state_asymmetry |               0 |
|            Metric/avg_cross_state_asymmetry |         0.00738 |
|                Metric/avg_self_sa_asymmetry |               0 |
|               Metric/avg_cross_sa_asymmetry |          0.0118 |
|  Metric/self_state_action_to_state_distance |         8.3e-05 |
| Metric/cross_state_action_to_state_distance |             2.3 |
|                   Metric/h_lambda_diff_self |         0.00205 |
|                  Metric/h_lambda_diff_cross |          0.0136 |
|                                 Eval/Return |             975 |
-----------------------------------------------------------------
-----------------------------------------------------------------
|                                 Train/Steps |        2.57e+06 |
|                            Loss/Loss_critic |           0.238 |
|                             Loss/Loss_actor |           -79.3 |
|                             Loss/Loss_alpha |         0.00131 |
|               Loss/Loss_state_action_metric |           0.763 |
|                      Loss/Loss_state_metric |           0.528 |
|             Loss/Loss_state_action_to_state |        0.000273 |
|                           Loss/Act_rep_loss |         0.00259 |
|                                   SAC/Alpha |          0.0068 |
|                              SAC/LogPi_mean |            10.2 |
|                                 SAC/Q1_mean |            79.1 |
|                                 SAC/Q2_mean |            79.2 |
|                            Norm/actor_model |            98.3 |
|                           Norm/critic_model |             185 |
|              Norm/state_action_metric_model |             106 |
|                     Norm/state_metric_model |             105 |
|        Norm/state_action_state_metric_model |              97 |
|                  Metric/self_state_distance |         0.00114 |
|                 Metric/cross_state_distance |            2.03 |
|           Metric/self_state_action_distance |         0.00166 |
|          Metric/cross_state_action_distance |            2.34 |
|             Metric/avg_self_state_asymmetry |               0 |
|            Metric/avg_cross_state_asymmetry |         0.00672 |
|                Metric/avg_self_sa_asymmetry |               0 |
|               Metric/avg_cross_sa_asymmetry |          0.0106 |
|  Metric/self_state_action_to_state_distance |        0.000231 |
| Metric/cross_state_action_to_state_distance |            2.33 |
|                   Metric/h_lambda_diff_self |         0.00145 |
|                  Metric/h_lambda_diff_cross |          0.0143 |
|                                 Eval/Return |             971 |
-----------------------------------------------------------------
-----------------------------------------------------------------
|                                 Train/Steps |         2.7e+06 |
|                            Loss/Loss_critic |           0.308 |
|                             Loss/Loss_actor |             -81 |
|                             Loss/Loss_alpha |         0.00472 |
|               Loss/Loss_state_action_metric |           0.718 |
|                      Loss/Loss_state_metric |           0.498 |
|             Loss/Loss_state_action_to_state |        0.000304 |
|                           Loss/Act_rep_loss |        0.000754 |
|                                   SAC/Alpha |         0.00637 |
|                              SAC/LogPi_mean |            9.57 |
|                                 SAC/Q1_mean |            80.8 |
|                                 SAC/Q2_mean |            80.8 |
|                            Norm/actor_model |            99.9 |
|                           Norm/critic_model |             189 |
|              Norm/state_action_metric_model |             109 |
|                     Norm/state_metric_model |             108 |
|        Norm/state_action_state_metric_model |            99.5 |
|                  Metric/self_state_distance |        0.000697 |
|                 Metric/cross_state_distance |            1.98 |
|           Metric/self_state_action_distance |         0.00103 |
|          Metric/cross_state_action_distance |            2.26 |
|             Metric/avg_self_state_asymmetry |               0 |
|            Metric/avg_cross_state_asymmetry |         0.00673 |
|                Metric/avg_self_sa_asymmetry |               0 |
|               Metric/avg_cross_sa_asymmetry |          0.0106 |
|  Metric/self_state_action_to_state_distance |        0.000543 |
| Metric/cross_state_action_to_state_distance |            2.26 |
|                   Metric/h_lambda_diff_self |        0.000935 |
|                  Metric/h_lambda_diff_cross |          0.0139 |
|                                 Eval/Return |             977 |
-----------------------------------------------------------------
-----------------------------------------------------------------
|                                 Train/Steps |        2.82e+06 |
|                            Loss/Loss_critic |           0.274 |
|                             Loss/Loss_actor |           -80.5 |
|                             Loss/Loss_alpha |         -0.0059 |
|               Loss/Loss_state_action_metric |           0.754 |
|                      Loss/Loss_state_metric |           0.523 |
|             Loss/Loss_state_action_to_state |        0.000212 |
|                           Loss/Act_rep_loss |         0.00153 |
|                                   SAC/Alpha |         0.00586 |
|                              SAC/LogPi_mean |            11.4 |
|                                 SAC/Q1_mean |            80.3 |
|                                 SAC/Q2_mean |            80.2 |
|                            Norm/actor_model |             101 |
|                           Norm/critic_model |             193 |
|              Norm/state_action_metric_model |             112 |
|                     Norm/state_metric_model |             111 |
|        Norm/state_action_state_metric_model |             102 |
|                  Metric/self_state_distance |        0.000135 |
|                 Metric/cross_state_distance |            2.03 |
|           Metric/self_state_action_distance |         0.00102 |
|          Metric/cross_state_action_distance |            2.32 |
|             Metric/avg_self_state_asymmetry |               0 |
|            Metric/avg_cross_state_asymmetry |         0.00583 |
|                Metric/avg_self_sa_asymmetry |               0 |
|               Metric/avg_cross_sa_asymmetry |         0.00879 |
|  Metric/self_state_action_to_state_distance |        0.000445 |
| Metric/cross_state_action_to_state_distance |            2.32 |
|                   Metric/h_lambda_diff_self |        0.000865 |
|                  Metric/h_lambda_diff_cross |          0.0126 |
|                                 Eval/Return |             976 |
-----------------------------------------------------------------
-----------------------------------------------------------------
|                                 Train/Steps |        2.95e+06 |
|                            Loss/Loss_critic |           0.185 |
|                             Loss/Loss_actor |           -82.4 |
|                             Loss/Loss_alpha |         0.00251 |
|               Loss/Loss_state_action_metric |           0.796 |
|                      Loss/Loss_state_metric |           0.555 |
|             Loss/Loss_state_action_to_state |        0.000252 |
|                           Loss/Act_rep_loss |        0.000584 |
|                                   SAC/Alpha |         0.00565 |
|                              SAC/LogPi_mean |            10.5 |
|                                 SAC/Q1_mean |            82.3 |
|                                 SAC/Q2_mean |            82.2 |
|                            Norm/actor_model |             103 |
|                           Norm/critic_model |             197 |
|              Norm/state_action_metric_model |             115 |
|                     Norm/state_metric_model |             114 |
|        Norm/state_action_state_metric_model |             105 |
|                  Metric/self_state_distance |         0.00028 |
|                 Metric/cross_state_distance |            2.09 |
|           Metric/self_state_action_distance |        0.000546 |
|          Metric/cross_state_action_distance |            2.39 |
|             Metric/avg_self_state_asymmetry |               0 |
|            Metric/avg_cross_state_asymmetry |         0.00664 |
|                Metric/avg_self_sa_asymmetry |               0 |
|               Metric/avg_cross_sa_asymmetry |          0.0101 |
|  Metric/self_state_action_to_state_distance |         0.00031 |
| Metric/cross_state_action_to_state_distance |            2.39 |
|                   Metric/h_lambda_diff_self |        0.000472 |
|                  Metric/h_lambda_diff_cross |          0.0115 |
|                                 Eval/Return |             961 |
-----------------------------------------------------------------
-----------------------------------------------------------------
|                                 Train/Steps |        3.08e+06 |
|                            Loss/Loss_critic |           0.154 |
|                             Loss/Loss_actor |             -83 |
|                             Loss/Loss_alpha |        -0.00113 |
|               Loss/Loss_state_action_metric |           0.735 |
|                      Loss/Loss_state_metric |            0.51 |
|             Loss/Loss_state_action_to_state |        0.000264 |
|                           Loss/Act_rep_loss |        0.000746 |
|                                   SAC/Alpha |         0.00534 |
|                              SAC/LogPi_mean |            10.5 |
|                                 SAC/Q1_mean |            82.8 |
|                                 SAC/Q2_mean |            82.8 |
|                            Norm/actor_model |             104 |
|                           Norm/critic_model |             201 |
|              Norm/state_action_metric_model |             118 |
|                     Norm/state_metric_model |             117 |
|        Norm/state_action_state_metric_model |             107 |
|                  Metric/self_state_distance |        0.000886 |
|                 Metric/cross_state_distance |            1.98 |
|           Metric/self_state_action_distance |         0.00103 |
|          Metric/cross_state_action_distance |            2.27 |
|             Metric/avg_self_state_asymmetry |               0 |
|            Metric/avg_cross_state_asymmetry |         0.00561 |
|                Metric/avg_self_sa_asymmetry |               0 |
|               Metric/avg_cross_sa_asymmetry |         0.00887 |
|  Metric/self_state_action_to_state_distance |        2.13e-05 |
| Metric/cross_state_action_to_state_distance |            2.27 |
|                   Metric/h_lambda_diff_self |         0.00101 |
|                  Metric/h_lambda_diff_cross |          0.0111 |
|                                 Eval/Return |             971 |
-----------------------------------------------------------------
[32mSaving model …[0m
[32mDone.[0m
[32mSaving model …[0m
[32mDone.[0m
-----------------------------------------------------------------
|                                 Train/Steps |        3.21e+06 |
|                            Loss/Loss_critic |           0.196 |
|                             Loss/Loss_actor |           -84.8 |
|                             Loss/Loss_alpha |       -0.000153 |
|               Loss/Loss_state_action_metric |           0.666 |
|                      Loss/Loss_state_metric |           0.458 |
|             Loss/Loss_state_action_to_state |        0.000223 |
|                           Loss/Act_rep_loss |        0.000566 |
|                                   SAC/Alpha |          0.0051 |
|                              SAC/LogPi_mean |            10.6 |
|                                 SAC/Q1_mean |            84.6 |
|                                 SAC/Q2_mean |            84.6 |
|                            Norm/actor_model |             105 |
|                           Norm/critic_model |             205 |
|              Norm/state_action_metric_model |             121 |
|                     Norm/state_metric_model |             120 |
|        Norm/state_action_state_metric_model |             110 |
|                  Metric/self_state_distance |        0.000773 |
|                 Metric/cross_state_distance |             1.9 |
|           Metric/self_state_action_distance |          0.0017 |
|          Metric/cross_state_action_distance |            2.16 |
|             Metric/avg_self_state_asymmetry |               0 |
|            Metric/avg_cross_state_asymmetry |         0.00553 |
|                Metric/avg_self_sa_asymmetry |               0 |
|               Metric/avg_cross_sa_asymmetry |          0.0108 |
|  Metric/self_state_action_to_state_distance |        8.17e-05 |
| Metric/cross_state_action_to_state_distance |            2.16 |
|                   Metric/h_lambda_diff_self |         0.00162 |
|                  Metric/h_lambda_diff_cross |          0.0121 |
|                                 Eval/Return |             968 |
-----------------------------------------------------------------
-----------------------------------------------------------------
|                                 Train/Steps |        3.34e+06 |
|                            Loss/Loss_critic |           0.208 |
|                             Loss/Loss_actor |           -84.8 |
|                             Loss/Loss_alpha |         0.00399 |
|               Loss/Loss_state_action_metric |           0.693 |
|                      Loss/Loss_state_metric |           0.482 |
|             Loss/Loss_state_action_to_state |         0.00025 |
|                           Loss/Act_rep_loss |        0.000652 |
|                                   SAC/Alpha |         0.00493 |
|                              SAC/LogPi_mean |            9.65 |
|                                 SAC/Q1_mean |            84.7 |
|                                 SAC/Q2_mean |            84.6 |
|                            Norm/actor_model |             107 |
|                           Norm/critic_model |             209 |
|              Norm/state_action_metric_model |             123 |
|                     Norm/state_metric_model |             122 |
|        Norm/state_action_state_metric_model |             112 |
|                  Metric/self_state_distance |        0.000805 |
|                 Metric/cross_state_distance |            1.95 |
|           Metric/self_state_action_distance |         0.00146 |
|          Metric/cross_state_action_distance |            2.22 |
|             Metric/avg_self_state_asymmetry |               0 |
|            Metric/avg_cross_state_asymmetry |          0.0055 |
|                Metric/avg_self_sa_asymmetry |               0 |
|               Metric/avg_cross_sa_asymmetry |          0.0116 |
|  Metric/self_state_action_to_state_distance |        1.42e-05 |
| Metric/cross_state_action_to_state_distance |            2.21 |
|                   Metric/h_lambda_diff_self |         0.00144 |
|                  Metric/h_lambda_diff_cross |          0.0148 |
|                                 Eval/Return |             972 |
-----------------------------------------------------------------
-----------------------------------------------------------------
|                                 Train/Steps |        3.46e+06 |
|                            Loss/Loss_critic |            0.18 |
|                             Loss/Loss_actor |           -84.4 |
|                             Loss/Loss_alpha |        -0.00243 |
|               Loss/Loss_state_action_metric |           0.707 |
|                      Loss/Loss_state_metric |           0.489 |
|             Loss/Loss_state_action_to_state |        0.000203 |
|                           Loss/Act_rep_loss |         0.00047 |
|                                   SAC/Alpha |         0.00467 |
|                              SAC/LogPi_mean |            11.1 |
|                                 SAC/Q1_mean |            84.3 |
|                                 SAC/Q2_mean |            84.2 |
|                            Norm/actor_model |             108 |
|                           Norm/critic_model |             213 |
|              Norm/state_action_metric_model |             126 |
|                     Norm/state_metric_model |             125 |
|        Norm/state_action_state_metric_model |             115 |
|                  Metric/self_state_distance |        0.000535 |
|                 Metric/cross_state_distance |            1.97 |
|           Metric/self_state_action_distance |         0.00108 |
|          Metric/cross_state_action_distance |            2.23 |
|             Metric/avg_self_state_asymmetry |               0 |
|            Metric/avg_cross_state_asymmetry |         0.00579 |
|                Metric/avg_self_sa_asymmetry |               0 |
|               Metric/avg_cross_sa_asymmetry |          0.0101 |
|  Metric/self_state_action_to_state_distance |        0.000253 |
| Metric/cross_state_action_to_state_distance |            2.24 |
|                   Metric/h_lambda_diff_self |         0.00087 |
|                  Metric/h_lambda_diff_cross |          0.0122 |
|                                 Eval/Return |             979 |
-----------------------------------------------------------------
-----------------------------------------------------------------
|                                 Train/Steps |        3.59e+06 |
|                            Loss/Loss_critic |           0.172 |
|                             Loss/Loss_actor |           -86.4 |
|                             Loss/Loss_alpha |        0.000814 |
|               Loss/Loss_state_action_metric |           0.615 |
|                      Loss/Loss_state_metric |           0.425 |
|             Loss/Loss_state_action_to_state |        0.000471 |
|                           Loss/Act_rep_loss |        0.000459 |
|                                   SAC/Alpha |         0.00456 |
|                              SAC/LogPi_mean |            10.4 |
|                                 SAC/Q1_mean |            86.2 |
|                                 SAC/Q2_mean |            86.2 |
|                            Norm/actor_model |             109 |
|                           Norm/critic_model |             217 |
|              Norm/state_action_metric_model |             129 |
|                     Norm/state_metric_model |             128 |
|        Norm/state_action_state_metric_model |             117 |
|                  Metric/self_state_distance |        0.000717 |
|                 Metric/cross_state_distance |            1.83 |
|           Metric/self_state_action_distance |         0.00159 |
|          Metric/cross_state_action_distance |            2.07 |
|             Metric/avg_self_state_asymmetry |               0 |
|            Metric/avg_cross_state_asymmetry |         0.00504 |
|                Metric/avg_self_sa_asymmetry |               0 |
|               Metric/avg_cross_sa_asymmetry |         0.00914 |
|  Metric/self_state_action_to_state_distance |        0.000434 |
| Metric/cross_state_action_to_state_distance |            2.08 |
|                   Metric/h_lambda_diff_self |         0.00128 |
|                  Metric/h_lambda_diff_cross |          0.0131 |
|                                 Eval/Return |             975 |
-----------------------------------------------------------------
-----------------------------------------------------------------
|                                 Train/Steps |        3.72e+06 |
|                            Loss/Loss_critic |           0.175 |
|                             Loss/Loss_actor |           -85.1 |
|                             Loss/Loss_alpha |        -0.00252 |
|               Loss/Loss_state_action_metric |           0.717 |
|                      Loss/Loss_state_metric |           0.478 |
|             Loss/Loss_state_action_to_state |        0.000232 |
|                           Loss/Act_rep_loss |        0.000122 |
|                                   SAC/Alpha |         0.00437 |
|                              SAC/LogPi_mean |            11.1 |
|                                 SAC/Q1_mean |            84.9 |
|                                 SAC/Q2_mean |            84.9 |
|                            Norm/actor_model |             110 |
|                           Norm/critic_model |             221 |
|              Norm/state_action_metric_model |             132 |
|                     Norm/state_metric_model |             130 |
|        Norm/state_action_state_metric_model |             119 |
|                  Metric/self_state_distance |         0.00066 |
|                 Metric/cross_state_distance |            1.92 |
|           Metric/self_state_action_distance |        0.000778 |
|          Metric/cross_state_action_distance |            2.19 |
|             Metric/avg_self_state_asymmetry |               0 |
|            Metric/avg_cross_state_asymmetry |         0.00562 |
|                Metric/avg_self_sa_asymmetry |               0 |
|               Metric/avg_cross_sa_asymmetry |          0.0102 |
|  Metric/self_state_action_to_state_distance |         9.4e-05 |
| Metric/cross_state_action_to_state_distance |            2.19 |
|                   Metric/h_lambda_diff_self |         0.00072 |
|                  Metric/h_lambda_diff_cross |           0.013 |
|                                 Eval/Return |             971 |
-----------------------------------------------------------------
-----------------------------------------------------------------
|                                 Train/Steps |        3.85e+06 |
|                            Loss/Loss_critic |           0.131 |
|                             Loss/Loss_actor |             -87 |
|                             Loss/Loss_alpha |         0.00227 |
|               Loss/Loss_state_action_metric |           0.582 |
|                      Loss/Loss_state_metric |           0.404 |
|             Loss/Loss_state_action_to_state |        0.000238 |
|                           Loss/Act_rep_loss |        0.000333 |
|                                   SAC/Alpha |         0.00406 |
|                              SAC/LogPi_mean |            10.1 |
|                                 SAC/Q1_mean |            86.9 |
|                                 SAC/Q2_mean |            86.8 |
|                            Norm/actor_model |             111 |
|                           Norm/critic_model |             224 |
|              Norm/state_action_metric_model |             135 |
|                     Norm/state_metric_model |             133 |
|        Norm/state_action_state_metric_model |             122 |
|                  Metric/self_state_distance |         0.00086 |
|                 Metric/cross_state_distance |            1.79 |
|           Metric/self_state_action_distance |         0.00165 |
|          Metric/cross_state_action_distance |            2.02 |
|             Metric/avg_self_state_asymmetry |               0 |
|            Metric/avg_cross_state_asymmetry |         0.00493 |
|                Metric/avg_self_sa_asymmetry |               0 |
|               Metric/avg_cross_sa_asymmetry |         0.00849 |
|  Metric/self_state_action_to_state_distance |        2.75e-05 |
| Metric/cross_state_action_to_state_distance |            2.02 |
|                   Metric/h_lambda_diff_self |         0.00162 |
|                  Metric/h_lambda_diff_cross |          0.0104 |
|                                 Eval/Return |             936 |
-----------------------------------------------------------------
-----------------------------------------------------------------
|                                 Train/Steps |        3.98e+06 |
|                            Loss/Loss_critic |            0.18 |
|                             Loss/Loss_actor |           -86.5 |
|                             Loss/Loss_alpha |        -0.00356 |
|               Loss/Loss_state_action_metric |           0.699 |
|                      Loss/Loss_state_metric |            0.48 |
|             Loss/Loss_state_action_to_state |        0.000205 |
|                           Loss/Act_rep_loss |        8.26e-05 |
|                                   SAC/Alpha |          0.0039 |
|                              SAC/LogPi_mean |            11.4 |
|                                 SAC/Q1_mean |            86.3 |
|                                 SAC/Q2_mean |            86.3 |
|                            Norm/actor_model |             112 |
|                           Norm/critic_model |             228 |
|              Norm/state_action_metric_model |             137 |
|                     Norm/state_metric_model |             135 |
|        Norm/state_action_state_metric_model |             124 |
|                  Metric/self_state_distance |        0.000962 |
|                 Metric/cross_state_distance |            1.93 |
|           Metric/self_state_action_distance |        0.000998 |
|          Metric/cross_state_action_distance |            2.19 |
|             Metric/avg_self_state_asymmetry |               0 |
|            Metric/avg_cross_state_asymmetry |         0.00514 |
|                Metric/avg_self_sa_asymmetry |               0 |
|               Metric/avg_cross_sa_asymmetry |         0.00762 |
|  Metric/self_state_action_to_state_distance |        0.000224 |
| Metric/cross_state_action_to_state_distance |            2.19 |
|                   Metric/h_lambda_diff_self |        0.000844 |
|                  Metric/h_lambda_diff_cross |          0.0105 |
|                                 Eval/Return |             980 |
-----------------------------------------------------------------
-----------------------------------------------------------------
|                                 Train/Steps |         4.1e+06 |
|                            Loss/Loss_critic |           0.108 |
|                             Loss/Loss_actor |           -88.6 |
|                             Loss/Loss_alpha |        0.000366 |
|               Loss/Loss_state_action_metric |           0.459 |
|                      Loss/Loss_state_metric |           0.314 |
|             Loss/Loss_state_action_to_state |        0.000241 |
|                           Loss/Act_rep_loss |        0.000202 |
|                                   SAC/Alpha |         0.00366 |
|                              SAC/LogPi_mean |            10.2 |
|                                 SAC/Q1_mean |            88.4 |
|                                 SAC/Q2_mean |            88.4 |
|                            Norm/actor_model |             113 |
|                           Norm/critic_model |             232 |
|              Norm/state_action_metric_model |             139 |
|                     Norm/state_metric_model |             138 |
|        Norm/state_action_state_metric_model |             127 |
|                  Metric/self_state_distance |        0.000859 |
|                 Metric/cross_state_distance |            1.63 |
|           Metric/self_state_action_distance |          0.0011 |
|          Metric/cross_state_action_distance |            1.83 |
|             Metric/avg_self_state_asymmetry |               0 |
|            Metric/avg_cross_state_asymmetry |         0.00549 |
|                Metric/avg_self_sa_asymmetry |               0 |
|               Metric/avg_cross_sa_asymmetry |         0.00865 |
|  Metric/self_state_action_to_state_distance |        0.000257 |
| Metric/cross_state_action_to_state_distance |            1.83 |
|                   Metric/h_lambda_diff_self |        0.000975 |
|                  Metric/h_lambda_diff_cross |          0.0113 |
|                                 Eval/Return |             967 |
-----------------------------------------------------------------
[32mSaving model …[0m
[32mDone.[0m
[32mSaving model …[0m
[32mDone.[0m
-----------------------------------------------------------------
|                                 Train/Steps |        4.23e+06 |
|                            Loss/Loss_critic |           0.119 |
|                             Loss/Loss_actor |           -88.7 |
|                             Loss/Loss_alpha |        -0.00135 |
|               Loss/Loss_state_action_metric |           0.536 |
|                      Loss/Loss_state_metric |           0.372 |
|             Loss/Loss_state_action_to_state |        0.000188 |
|                           Loss/Act_rep_loss |        0.000268 |
|                                   SAC/Alpha |         0.00339 |
|                              SAC/LogPi_mean |            10.7 |
|                                 SAC/Q1_mean |            88.6 |
|                                 SAC/Q2_mean |            88.6 |
|                            Norm/actor_model |             115 |
|                           Norm/critic_model |             235 |
|              Norm/state_action_metric_model |             142 |
|                     Norm/state_metric_model |             140 |
|        Norm/state_action_state_metric_model |             129 |
|                  Metric/self_state_distance |        0.000421 |
|                 Metric/cross_state_distance |            1.73 |
|           Metric/self_state_action_distance |        0.000866 |
|          Metric/cross_state_action_distance |            1.93 |
|             Metric/avg_self_state_asymmetry |               0 |
|            Metric/avg_cross_state_asymmetry |         0.00462 |
|                Metric/avg_self_sa_asymmetry |               0 |
|               Metric/avg_cross_sa_asymmetry |         0.00794 |
|  Metric/self_state_action_to_state_distance |         0.00012 |
| Metric/cross_state_action_to_state_distance |            1.95 |
|                   Metric/h_lambda_diff_self |        0.000793 |
|                  Metric/h_lambda_diff_cross |          0.0212 |
|                                 Eval/Return |             972 |
-----------------------------------------------------------------
-----------------------------------------------------------------
|                                 Train/Steps |        4.36e+06 |
|                            Loss/Loss_critic |           0.135 |
|                             Loss/Loss_actor |           -90.3 |
|                             Loss/Loss_alpha |        0.000268 |
|               Loss/Loss_state_action_metric |           0.411 |
|                      Loss/Loss_state_metric |           0.287 |
|             Loss/Loss_state_action_to_state |        0.000247 |
|                           Loss/Act_rep_loss |         0.00015 |
|                                   SAC/Alpha |         0.00297 |
|                              SAC/LogPi_mean |            10.2 |
|                                 SAC/Q1_mean |            90.3 |
|                                 SAC/Q2_mean |            90.3 |
|                            Norm/actor_model |             116 |
|                           Norm/critic_model |             239 |
|              Norm/state_action_metric_model |             144 |
|                     Norm/state_metric_model |             141 |
|        Norm/state_action_state_metric_model |             130 |
|                  Metric/self_state_distance |        0.000733 |
|                 Metric/cross_state_distance |            1.58 |
|           Metric/self_state_action_distance |         0.00101 |
|          Metric/cross_state_action_distance |            1.74 |
|             Metric/avg_self_state_asymmetry |               0 |
|            Metric/avg_cross_state_asymmetry |         0.00429 |
|                Metric/avg_self_sa_asymmetry |               0 |
|               Metric/avg_cross_sa_asymmetry |         0.00798 |
|  Metric/self_state_action_to_state_distance |        0.000403 |
| Metric/cross_state_action_to_state_distance |            1.75 |
|                   Metric/h_lambda_diff_self |        0.000882 |
|                  Metric/h_lambda_diff_cross |           0.012 |
|                                 Eval/Return |             980 |
-----------------------------------------------------------------
-----------------------------------------------------------------
|                                 Train/Steps |        4.49e+06 |
|                            Loss/Loss_critic |             0.1 |
|                             Loss/Loss_actor |           -91.2 |
|                             Loss/Loss_alpha |        -0.00153 |
|               Loss/Loss_state_action_metric |           0.449 |
|                      Loss/Loss_state_metric |           0.311 |
|             Loss/Loss_state_action_to_state |        0.000163 |
|                           Loss/Act_rep_loss |        2.32e-05 |
|                                   SAC/Alpha |         0.00273 |
|                              SAC/LogPi_mean |            11.6 |
|                                 SAC/Q1_mean |            91.2 |
|                                 SAC/Q2_mean |            91.2 |
|                            Norm/actor_model |             117 |
|                           Norm/critic_model |             242 |
|              Norm/state_action_metric_model |             146 |
|                     Norm/state_metric_model |             143 |
|        Norm/state_action_state_metric_model |             132 |
|                  Metric/self_state_distance |        0.000561 |
|                 Metric/cross_state_distance |            1.61 |
|           Metric/self_state_action_distance |         0.00128 |
|          Metric/cross_state_action_distance |            1.78 |
|             Metric/avg_self_state_asymmetry |               0 |
|            Metric/avg_cross_state_asymmetry |         0.00367 |
|                Metric/avg_self_sa_asymmetry |               0 |
|               Metric/avg_cross_sa_asymmetry |         0.00611 |
|  Metric/self_state_action_to_state_distance |        0.000164 |
| Metric/cross_state_action_to_state_distance |            1.78 |
|                   Metric/h_lambda_diff_self |         0.00116 |
|                  Metric/h_lambda_diff_cross |          0.0109 |
|                                 Eval/Return |             967 |
-----------------------------------------------------------------
-----------------------------------------------------------------
|                                 Train/Steps |        4.62e+06 |
|                            Loss/Loss_critic |          0.0894 |
|                             Loss/Loss_actor |           -92.8 |
|                             Loss/Loss_alpha |         -0.0013 |
|               Loss/Loss_state_action_metric |           0.228 |
|                      Loss/Loss_state_metric |           0.157 |
|             Loss/Loss_state_action_to_state |        0.000195 |
|                           Loss/Act_rep_loss |        0.000635 |
|                                   SAC/Alpha |         0.00229 |
|                              SAC/LogPi_mean |            10.7 |
|                                 SAC/Q1_mean |            92.7 |
|                                 SAC/Q2_mean |            92.7 |
|                            Norm/actor_model |             118 |
|                           Norm/critic_model |             245 |
|              Norm/state_action_metric_model |             148 |
|                     Norm/state_metric_model |             145 |
|        Norm/state_action_state_metric_model |             134 |
|                  Metric/self_state_distance |        0.000164 |
|                 Metric/cross_state_distance |            1.35 |
|           Metric/self_state_action_distance |          0.0015 |
|          Metric/cross_state_action_distance |            1.44 |
|             Metric/avg_self_state_asymmetry |               0 |
|            Metric/avg_cross_state_asymmetry |         0.00362 |
|                Metric/avg_self_sa_asymmetry |               0 |
|               Metric/avg_cross_sa_asymmetry |         0.00608 |
|  Metric/self_state_action_to_state_distance |           9e-05 |
| Metric/cross_state_action_to_state_distance |            1.44 |
|                   Metric/h_lambda_diff_self |         0.00143 |
|                  Metric/h_lambda_diff_cross |          0.0128 |
|                                 Eval/Return |             975 |
-----------------------------------------------------------------
-----------------------------------------------------------------
|                                 Train/Steps |        4.74e+06 |
|                            Loss/Loss_critic |          0.0677 |
|                             Loss/Loss_actor |           -93.3 |
|                             Loss/Loss_alpha |        -0.00206 |
|               Loss/Loss_state_action_metric |            0.24 |
|                      Loss/Loss_state_metric |           0.167 |
|             Loss/Loss_state_action_to_state |        0.000154 |
|                           Loss/Act_rep_loss |        0.000632 |
|                                   SAC/Alpha |         0.00177 |
|                              SAC/LogPi_mean |            11.6 |
|                                 SAC/Q1_mean |            93.2 |
|                                 SAC/Q2_mean |            93.2 |
|                            Norm/actor_model |             119 |
|                           Norm/critic_model |             248 |
|              Norm/state_action_metric_model |             150 |
|                     Norm/state_metric_model |             146 |
|        Norm/state_action_state_metric_model |             136 |
|                  Metric/self_state_distance |        0.000474 |
|                 Metric/cross_state_distance |            1.36 |
|           Metric/self_state_action_distance |         0.00121 |
|          Metric/cross_state_action_distance |            1.46 |
|             Metric/avg_self_state_asymmetry |               0 |
|            Metric/avg_cross_state_asymmetry |         0.00379 |
|                Metric/avg_self_sa_asymmetry |               0 |
|               Metric/avg_cross_sa_asymmetry |         0.00532 |
|  Metric/self_state_action_to_state_distance |        0.000294 |
| Metric/cross_state_action_to_state_distance |            1.47 |
|                   Metric/h_lambda_diff_self |         0.00101 |
|                  Metric/h_lambda_diff_cross |          0.0124 |
|                                 Eval/Return |             962 |
-----------------------------------------------------------------
-----------------------------------------------------------------
|                                 Train/Steps |        4.87e+06 |
|                            Loss/Loss_critic |          0.0449 |
|                             Loss/Loss_actor |           -94.1 |
|                             Loss/Loss_alpha |        6.95e-05 |
|               Loss/Loss_state_action_metric |           0.158 |
|                      Loss/Loss_state_metric |            0.11 |
|             Loss/Loss_state_action_to_state |         0.00141 |
|                           Loss/Act_rep_loss |               0 |
|                                   SAC/Alpha |         0.00156 |
|                              SAC/LogPi_mean |            10.3 |
|                                 SAC/Q1_mean |            94.1 |
|                                 SAC/Q2_mean |            94.1 |
|                            Norm/actor_model |             120 |
|                           Norm/critic_model |             251 |
|              Norm/state_action_metric_model |             152 |
|                     Norm/state_metric_model |             148 |
|        Norm/state_action_state_metric_model |             137 |
|                  Metric/self_state_distance |        0.000626 |
|                 Metric/cross_state_distance |            1.24 |
|           Metric/self_state_action_distance |         0.00111 |
|          Metric/cross_state_action_distance |            1.32 |
|             Metric/avg_self_state_asymmetry |               0 |
|            Metric/avg_cross_state_asymmetry |         0.00319 |
|                Metric/avg_self_sa_asymmetry |               0 |
|               Metric/avg_cross_sa_asymmetry |          0.0048 |
|  Metric/self_state_action_to_state_distance |        3.39e-08 |
| Metric/cross_state_action_to_state_distance |            1.31 |
|                   Metric/h_lambda_diff_self |         0.00111 |
|                  Metric/h_lambda_diff_cross |          0.0109 |
|                                 Eval/Return |             969 |
-----------------------------------------------------------------
-----------------------------------------------------------------
|                                 Train/Steps |           5e+06 |
|                            Loss/Loss_critic |          0.0476 |
|                             Loss/Loss_actor |           -94.4 |
|                             Loss/Loss_alpha |         -0.0023 |
|               Loss/Loss_state_action_metric |           0.129 |
|                      Loss/Loss_state_metric |          0.0892 |
|             Loss/Loss_state_action_to_state |        0.000171 |
|                           Loss/Act_rep_loss |        0.000236 |
|                                   SAC/Alpha |         0.00124 |
|                              SAC/LogPi_mean |            12.2 |
|                                 SAC/Q1_mean |            94.4 |
|                                 SAC/Q2_mean |            94.4 |
|                            Norm/actor_model |             121 |
|                           Norm/critic_model |             254 |
|              Norm/state_action_metric_model |             154 |
|                     Norm/state_metric_model |             150 |
|        Norm/state_action_state_metric_model |             139 |
|                  Metric/self_state_distance |        0.000626 |
|                 Metric/cross_state_distance |            1.21 |
|           Metric/self_state_action_distance |         0.00165 |
|          Metric/cross_state_action_distance |            1.28 |
|             Metric/avg_self_state_asymmetry |               0 |
|            Metric/avg_cross_state_asymmetry |         0.00322 |
|                Metric/avg_self_sa_asymmetry |               0 |
|               Metric/avg_cross_sa_asymmetry |          0.0051 |
|  Metric/self_state_action_to_state_distance |        0.000103 |
| Metric/cross_state_action_to_state_distance |            1.28 |
|                   Metric/h_lambda_diff_self |         0.00156 |
|                  Metric/h_lambda_diff_cross |          0.0109 |
|                                 Eval/Return |             973 |
-----------------------------------------------------------------
[32mSaving model …[0m
[32mDone.[0m
[32mSaving model …[0m
[32mDone.[0m
