E0928 13:07:21.561518 3879688 cuda_executor.cc:1526] Could not get kernel mode driver version: (INVALID_ARGUMENT: Version does not match the format X.Y.Z)
E0928 13:07:21.570051 3879579 cuda_executor.cc:1526] Could not get kernel mode driver version: (INVALID_ARGUMENT: Version does not match the format X.Y.Z)
[32mStart prefilling replay buffer[0m
[32mStart SAC training[0m
[32m{'log_freq': 1000, 'save_freq': 1000000, 'eval_episode_freq': 10, 'hidden_size': 256, 'lr': 0.001, 'max_grad_norm': 0.0, 'gamma': 0.99, 'update_tau': 0.005, 'train_per_step': 8, 'episode_length': 1000, 'warmup_samples': 8192, 'max_replay_size': 4000000, 'batch_size': 512, 'total_env_steps': 5000000, 'init_temperature': 0.1, 'nstep': 3, 'bootstrap_on_truncation': True, 'rep_lr_scale': 1.5, 'rep_temperature': 1.0, 'vis_feq': 100000, 'n_vis_frames': 4, 'num_envs': 128, 'grad_steps': 50, 'transfer_freq': 10, 'transfer_steps': 8, 'reward_scaling': 1.0, 'num_eval_envs': 128, 'target_entropy': -0.5}[0m
[32m[nstep] nstep=3 bootstrap_on_truncation=True (discount from the buffer already contains gamma^nstep)[0m
-----------------------------------------------------------------
|                                 Train/Steps |        1.36e+05 |
|                            Loss/Loss_critic |        0.000138 |
|                             Loss/Loss_actor |          -0.137 |
|                             Loss/Loss_alpha |         0.00181 |
|               Loss/Loss_state_action_metric |         0.00184 |
|                      Loss/Loss_state_metric |         0.00128 |
|             Loss/Loss_state_action_to_state |        2.19e-05 |
|                           Loss/Act_rep_loss |               0 |
|                                   SAC/Alpha |         0.00153 |
|                              SAC/LogPi_mean |          -0.649 |
|                                 SAC/Q1_mean |           0.136 |
|                                 SAC/Q2_mean |           0.136 |
|                            Norm/actor_model |            20.3 |
|                           Norm/critic_model |            44.9 |
|              Norm/state_action_metric_model |            30.3 |
|                     Norm/state_metric_model |            30.4 |
|        Norm/state_action_state_metric_model |            29.9 |
|                  Metric/self_state_distance |         0.00211 |
|                 Metric/cross_state_distance |           0.929 |
|           Metric/self_state_action_distance |          0.0017 |
|          Metric/cross_state_action_distance |           0.912 |
|             Metric/avg_self_state_asymmetry |               0 |
|            Metric/avg_cross_state_asymmetry |         0.00169 |
|                Metric/avg_self_sa_asymmetry |               0 |
|               Metric/avg_cross_sa_asymmetry |         0.00279 |
|  Metric/self_state_action_to_state_distance |         0.00389 |
| Metric/cross_state_action_to_state_distance |           0.906 |
|                   Metric/h_lambda_diff_self |         0.00426 |
|                  Metric/h_lambda_diff_cross |         0.00649 |
|                                 Eval/Return |           0.852 |
-----------------------------------------------------------------
-----------------------------------------------------------------
|                                 Train/Steps |        2.64e+05 |
|                            Loss/Loss_critic |           0.013 |
|                             Loss/Loss_actor |          -0.125 |
|                             Loss/Loss_alpha |        6.24e-05 |
|               Loss/Loss_state_action_metric |         0.00224 |
|                      Loss/Loss_state_metric |         0.00161 |
|             Loss/Loss_state_action_to_state |        0.000139 |
|                           Loss/Act_rep_loss |               0 |
|                                   SAC/Alpha |        5.69e-05 |
|                              SAC/LogPi_mean |            -0.6 |
|                                 SAC/Q1_mean |           0.126 |
|                                 SAC/Q2_mean |           0.131 |
|                            Norm/actor_model |            28.3 |
|                           Norm/critic_model |            53.3 |
|              Norm/state_action_metric_model |            33.1 |
|                     Norm/state_metric_model |            31.7 |
|        Norm/state_action_state_metric_model |            31.5 |
|                  Metric/self_state_distance |         0.00174 |
|                 Metric/cross_state_distance |           0.919 |
|           Metric/self_state_action_distance |        0.000811 |
|          Metric/cross_state_action_distance |           0.901 |
|             Metric/avg_self_state_asymmetry |               0 |
|            Metric/avg_cross_state_asymmetry |          0.0012 |
|                Metric/avg_self_sa_asymmetry |               0 |
|               Metric/avg_cross_sa_asymmetry |         0.00151 |
|  Metric/self_state_action_to_state_distance |         0.00219 |
| Metric/cross_state_action_to_state_distance |           0.905 |
|                   Metric/h_lambda_diff_self |         0.00245 |
|                  Metric/h_lambda_diff_cross |          0.0034 |
|                                 Eval/Return |          0.0859 |
-----------------------------------------------------------------
-----------------------------------------------------------------
|                                 Train/Steps |        3.92e+05 |
|                            Loss/Loss_critic |        5.05e-07 |
|                             Loss/Loss_actor |         -0.0136 |
|                             Loss/Loss_alpha |         2.3e-06 |
|               Loss/Loss_state_action_metric |         0.00216 |
|                      Loss/Loss_state_metric |         0.00165 |
|             Loss/Loss_state_action_to_state |        1.64e-06 |
|                           Loss/Act_rep_loss |               0 |
|                                   SAC/Alpha |        3.92e-06 |
|                              SAC/LogPi_mean |         0.00904 |
|                                 SAC/Q1_mean |          0.0146 |
|                                 SAC/Q2_mean |          0.0136 |
|                            Norm/actor_model |            33.7 |
|                           Norm/critic_model |            58.3 |
|              Norm/state_action_metric_model |            34.4 |
|                     Norm/state_metric_model |            32.5 |
|        Norm/state_action_state_metric_model |            33.1 |
|                  Metric/self_state_distance |        0.000655 |
|                 Metric/cross_state_distance |           0.921 |
|           Metric/self_state_action_distance |        0.000425 |
|          Metric/cross_state_action_distance |           0.901 |
|             Metric/avg_self_state_asymmetry |               0 |
|            Metric/avg_cross_state_asymmetry |        0.000833 |
|                Metric/avg_self_sa_asymmetry |               0 |
|               Metric/avg_cross_sa_asymmetry |        0.000928 |
|  Metric/self_state_action_to_state_distance |        0.000114 |
| Metric/cross_state_action_to_state_distance |             0.9 |
|                   Metric/h_lambda_diff_self |        0.000426 |
|                  Metric/h_lambda_diff_cross |         0.00135 |
|                                 Eval/Return |               0 |
-----------------------------------------------------------------
-----------------------------------------------------------------
|                                 Train/Steps |         5.2e+05 |
|                            Loss/Loss_critic |        0.000329 |
|                             Loss/Loss_actor |         -0.0515 |
|                             Loss/Loss_alpha |        2.14e-06 |
|               Loss/Loss_state_action_metric |         0.00222 |
|                      Loss/Loss_state_metric |         0.00164 |
|             Loss/Loss_state_action_to_state |        6.61e-07 |
|                           Loss/Act_rep_loss |               0 |
|                                   SAC/Alpha |        8.07e-06 |
|                              SAC/LogPi_mean |           0.277 |
|                                 SAC/Q1_mean |          0.0535 |
|                                 SAC/Q2_mean |          0.0504 |
|                            Norm/actor_model |            37.9 |
|                           Norm/critic_model |            61.1 |
|              Norm/state_action_metric_model |            36.3 |
|                     Norm/state_metric_model |            35.4 |
|        Norm/state_action_state_metric_model |            35.6 |
|                  Metric/self_state_distance |        0.000419 |
|                 Metric/cross_state_distance |           0.919 |
|           Metric/self_state_action_distance |        0.000315 |
|          Metric/cross_state_action_distance |           0.901 |
|             Metric/avg_self_state_asymmetry |               0 |
|            Metric/avg_cross_state_asymmetry |         0.00342 |
|                Metric/avg_self_sa_asymmetry |               0 |
|               Metric/avg_cross_sa_asymmetry |        0.000606 |
|  Metric/self_state_action_to_state_distance |        0.000121 |
| Metric/cross_state_action_to_state_distance |           0.901 |
|                   Metric/h_lambda_diff_self |        0.000315 |
|                  Metric/h_lambda_diff_cross |        0.000614 |
|                                 Eval/Return |            1.24 |
-----------------------------------------------------------------
-----------------------------------------------------------------
|                                 Train/Steps |        6.48e+05 |
|                            Loss/Loss_critic |        7.47e-07 |
|                             Loss/Loss_actor |        -0.00114 |
|                             Loss/Loss_alpha |       -1.37e-06 |
|               Loss/Loss_state_action_metric |          0.0022 |
|                      Loss/Loss_state_metric |         0.00165 |
|             Loss/Loss_state_action_to_state |        6.04e-07 |
|                           Loss/Act_rep_loss |               0 |
|                                   SAC/Alpha |        9.25e-06 |
|                              SAC/LogPi_mean |           0.469 |
|                                 SAC/Q1_mean |         0.00114 |
|                                 SAC/Q2_mean |         0.00252 |
|                            Norm/actor_model |            41.5 |
|                           Norm/critic_model |            63.7 |
|              Norm/state_action_metric_model |            38.7 |
|                     Norm/state_metric_model |            38.4 |
|        Norm/state_action_state_metric_model |            38.2 |
|                  Metric/self_state_distance |        0.000231 |
|                 Metric/cross_state_distance |           0.918 |
|           Metric/self_state_action_distance |        0.000215 |
|          Metric/cross_state_action_distance |             0.9 |
|             Metric/avg_self_state_asymmetry |               0 |
|            Metric/avg_cross_state_asymmetry |        0.000593 |
|                Metric/avg_self_sa_asymmetry |               0 |
|               Metric/avg_cross_sa_asymmetry |        0.000482 |
|  Metric/self_state_action_to_state_distance |        0.000192 |
| Metric/cross_state_action_to_state_distance |           0.901 |
|                   Metric/h_lambda_diff_self |         0.00033 |
|                  Metric/h_lambda_diff_cross |         0.00115 |
|                                 Eval/Return |            1.12 |
-----------------------------------------------------------------
-----------------------------------------------------------------
|                                 Train/Steps |        7.76e+05 |
|                            Loss/Loss_critic |         2.5e-07 |
|                             Loss/Loss_actor |       -0.000607 |
|                             Loss/Loss_alpha |        1.75e-06 |
|               Loss/Loss_state_action_metric |         0.00222 |
|                      Loss/Loss_state_metric |         0.00169 |
|             Loss/Loss_state_action_to_state |        9.33e-06 |
|                           Loss/Act_rep_loss |               0 |
|                                   SAC/Alpha |        3.94e-06 |
|                              SAC/LogPi_mean |           0.117 |
|                                 SAC/Q1_mean |          0.0019 |
|                                 SAC/Q2_mean |        0.000608 |
|                            Norm/actor_model |              45 |
|                           Norm/critic_model |            66.7 |
|              Norm/state_action_metric_model |            41.3 |
|                     Norm/state_metric_model |            42.4 |
|        Norm/state_action_state_metric_model |            41.2 |
|                  Metric/self_state_distance |        0.000611 |
|                 Metric/cross_state_distance |           0.921 |
|           Metric/self_state_action_distance |        4.17e-05 |
|          Metric/cross_state_action_distance |           0.899 |
|             Metric/avg_self_state_asymmetry |               0 |
|            Metric/avg_cross_state_asymmetry |         0.00208 |
|                Metric/avg_self_sa_asymmetry |               0 |
|               Metric/avg_cross_sa_asymmetry |        0.000454 |
|  Metric/self_state_action_to_state_distance |        0.000514 |
| Metric/cross_state_action_to_state_distance |             0.9 |
|                   Metric/h_lambda_diff_self |        0.000526 |
|                  Metric/h_lambda_diff_cross |         0.00128 |
|                                 Eval/Return |           0.758 |
-----------------------------------------------------------------
-----------------------------------------------------------------
|                                 Train/Steps |        9.04e+05 |
|                            Loss/Loss_critic |         0.00014 |
|                             Loss/Loss_actor |        -0.00137 |
|                             Loss/Loss_alpha |        2.07e-06 |
|               Loss/Loss_state_action_metric |         0.00222 |
|                      Loss/Loss_state_metric |         0.00168 |
|             Loss/Loss_state_action_to_state |        2.89e-06 |
|                           Loss/Act_rep_loss |               0 |
|                                   SAC/Alpha |        6.54e-06 |
|                              SAC/LogPi_mean |           0.213 |
|                                 SAC/Q1_mean |          0.0027 |
|                                 SAC/Q2_mean |         0.00104 |
|                            Norm/actor_model |            48.2 |
|                           Norm/critic_model |              69 |
|              Norm/state_action_metric_model |              44 |
|                     Norm/state_metric_model |            45.2 |
|        Norm/state_action_state_metric_model |            44.5 |
|                  Metric/self_state_distance |         0.00187 |
|                 Metric/cross_state_distance |           0.916 |
|           Metric/self_state_action_distance |        0.000977 |
|          Metric/cross_state_action_distance |           0.901 |
|             Metric/avg_self_state_asymmetry |               0 |
|            Metric/avg_cross_state_asymmetry |         0.00118 |
|                Metric/avg_self_sa_asymmetry |               0 |
|               Metric/avg_cross_sa_asymmetry |        0.000499 |
|  Metric/self_state_action_to_state_distance |        0.000193 |
| Metric/cross_state_action_to_state_distance |             0.9 |
|                   Metric/h_lambda_diff_self |         0.00103 |
|                  Metric/h_lambda_diff_cross |        0.000745 |
|                                 Eval/Return |           0.453 |
-----------------------------------------------------------------
-----------------------------------------------------------------
|                                 Train/Steps |        1.03e+06 |
|                            Loss/Loss_critic |         0.00269 |
|                             Loss/Loss_actor |         -0.0469 |
|                             Loss/Loss_alpha |        7.74e-07 |
|               Loss/Loss_state_action_metric |         0.00229 |
|                      Loss/Loss_state_metric |         0.00168 |
|             Loss/Loss_state_action_to_state |        5.87e-06 |
|                           Loss/Act_rep_loss |               0 |
|                                   SAC/Alpha |         3.6e-06 |
|                              SAC/LogPi_mean |           0.346 |
|                                 SAC/Q1_mean |          0.0322 |
|                                 SAC/Q2_mean |          0.0321 |
|                            Norm/actor_model |            50.8 |
|                           Norm/critic_model |            70.8 |
|              Norm/state_action_metric_model |            46.3 |
|                     Norm/state_metric_model |            47.6 |
|        Norm/state_action_state_metric_model |              48 |
|                  Metric/self_state_distance |        9.59e-05 |
|                 Metric/cross_state_distance |           0.917 |
|           Metric/self_state_action_distance |        0.000383 |
|          Metric/cross_state_action_distance |             0.9 |
|             Metric/avg_self_state_asymmetry |               0 |
|            Metric/avg_cross_state_asymmetry |        0.000635 |
|                Metric/avg_self_sa_asymmetry |               0 |
|               Metric/avg_cross_sa_asymmetry |        0.000647 |
|  Metric/self_state_action_to_state_distance |        0.000243 |
| Metric/cross_state_action_to_state_distance |             0.9 |
|                   Metric/h_lambda_diff_self |        0.000433 |
|                  Metric/h_lambda_diff_cross |        0.000715 |
|                                 Eval/Return |           0.758 |
-----------------------------------------------------------------
[32mSaving model …[0m
[32mDone.[0m
[32mSaving model …[0m
[32mDone.[0m
-----------------------------------------------------------------
|                                 Train/Steps |        1.16e+06 |
|                            Loss/Loss_critic |          0.0118 |
|                             Loss/Loss_actor |         -0.0387 |
|                             Loss/Loss_alpha |        3.64e-08 |
|               Loss/Loss_state_action_metric |         0.00231 |
|                      Loss/Loss_state_metric |         0.00167 |
|             Loss/Loss_state_action_to_state |        6.45e-07 |
|                           Loss/Act_rep_loss |               0 |
|                                   SAC/Alpha |        3.47e-06 |
|                              SAC/LogPi_mean |           0.605 |
|                                 SAC/Q1_mean |          0.0381 |
|                                 SAC/Q2_mean |          0.0287 |
|                            Norm/actor_model |            53.7 |
|                           Norm/critic_model |            72.1 |
|              Norm/state_action_metric_model |            48.9 |
|                     Norm/state_metric_model |            50.3 |
|        Norm/state_action_state_metric_model |            50.9 |
|                  Metric/self_state_distance |        9.79e-05 |
|                 Metric/cross_state_distance |           0.917 |
|           Metric/self_state_action_distance |        4.32e-05 |
|          Metric/cross_state_action_distance |             0.9 |
|             Metric/avg_self_state_asymmetry |               0 |
|            Metric/avg_cross_state_asymmetry |        0.000726 |
|                Metric/avg_self_sa_asymmetry |               0 |
|               Metric/avg_cross_sa_asymmetry |        0.000412 |
|  Metric/self_state_action_to_state_distance |        8.69e-05 |
| Metric/cross_state_action_to_state_distance |             0.9 |
|                   Metric/h_lambda_diff_self |         0.00011 |
|                  Metric/h_lambda_diff_cross |        0.000661 |
|                                 Eval/Return |            1.68 |
-----------------------------------------------------------------
-----------------------------------------------------------------
|                                 Train/Steps |        1.29e+06 |
|                            Loss/Loss_critic |        0.000661 |
|                             Loss/Loss_actor |        -0.00253 |
|                             Loss/Loss_alpha |        6.77e-07 |
|               Loss/Loss_state_action_metric |         0.00222 |
|                      Loss/Loss_state_metric |         0.00168 |
|             Loss/Loss_state_action_to_state |        7.97e-06 |
|                           Loss/Act_rep_loss |               0 |
|                                   SAC/Alpha |        1.61e-06 |
|                              SAC/LogPi_mean |        -0.00818 |
|                                 SAC/Q1_mean |         0.00372 |
|                                 SAC/Q2_mean |         0.00208 |
|                            Norm/actor_model |            56.6 |
|                           Norm/critic_model |            73.6 |
|              Norm/state_action_metric_model |              52 |
|                     Norm/state_metric_model |            53.3 |
|        Norm/state_action_state_metric_model |            54.6 |
|                  Metric/self_state_distance |        0.000746 |
|                 Metric/cross_state_distance |           0.918 |
|           Metric/self_state_action_distance |        0.000152 |
|          Metric/cross_state_action_distance |             0.9 |
|             Metric/avg_self_state_asymmetry |               0 |
|            Metric/avg_cross_state_asymmetry |        0.000789 |
|                Metric/avg_self_sa_asymmetry |               0 |
|               Metric/avg_cross_sa_asymmetry |        0.000461 |
|  Metric/self_state_action_to_state_distance |         0.00353 |
| Metric/cross_state_action_to_state_distance |             0.9 |
|                   Metric/h_lambda_diff_self |         0.00362 |
|                  Metric/h_lambda_diff_cross |        0.000402 |
|                                 Eval/Return |            2.77 |
-----------------------------------------------------------------
-----------------------------------------------------------------
|                                 Train/Steps |        1.42e+06 |
|                            Loss/Loss_critic |        0.000266 |
|                             Loss/Loss_actor |         -0.0432 |
|                             Loss/Loss_alpha |         8.1e-07 |
|               Loss/Loss_state_action_metric |         0.00226 |
|                      Loss/Loss_state_metric |         0.00167 |
|             Loss/Loss_state_action_to_state |        3.32e-07 |
|                           Loss/Act_rep_loss |               0 |
|                                   SAC/Alpha |        2.32e-06 |
|                              SAC/LogPi_mean |           0.103 |
|                                 SAC/Q1_mean |          0.0439 |
|                                 SAC/Q2_mean |          0.0436 |
|                            Norm/actor_model |            59.6 |
|                           Norm/critic_model |            75.2 |
|              Norm/state_action_metric_model |            53.9 |
|                     Norm/state_metric_model |            55.5 |
|        Norm/state_action_state_metric_model |            57.5 |
|                  Metric/self_state_distance |        6.45e-05 |
|                 Metric/cross_state_distance |           0.916 |
|           Metric/self_state_action_distance |        0.000208 |
|          Metric/cross_state_action_distance |             0.9 |
|             Metric/avg_self_state_asymmetry |               0 |
|            Metric/avg_cross_state_asymmetry |        0.000276 |
|                Metric/avg_self_sa_asymmetry |               0 |
|               Metric/avg_cross_sa_asymmetry |        0.000363 |
|  Metric/self_state_action_to_state_distance |        5.46e-05 |
| Metric/cross_state_action_to_state_distance |             0.9 |
|                   Metric/h_lambda_diff_self |         0.00023 |
|                  Metric/h_lambda_diff_cross |        0.000377 |
|                                 Eval/Return |           0.289 |
-----------------------------------------------------------------
-----------------------------------------------------------------
|                                 Train/Steps |        1.54e+06 |
|                            Loss/Loss_critic |         4.9e-08 |
|                             Loss/Loss_actor |        -0.00194 |
|                             Loss/Loss_alpha |       -1.68e-07 |
|               Loss/Loss_state_action_metric |         0.00223 |
|                      Loss/Loss_state_metric |         0.00168 |
|             Loss/Loss_state_action_to_state |        3.35e-07 |
|                           Loss/Act_rep_loss |               0 |
|                                   SAC/Alpha |        6.17e-06 |
|                              SAC/LogPi_mean |           0.604 |
|                                 SAC/Q1_mean |           0.002 |
|                                 SAC/Q2_mean |         0.00194 |
|                            Norm/actor_model |            62.9 |
|                           Norm/critic_model |            76.6 |
|              Norm/state_action_metric_model |            56.5 |
|                     Norm/state_metric_model |            58.6 |
|        Norm/state_action_state_metric_model |            60.2 |
|                  Metric/self_state_distance |        0.000129 |
|                 Metric/cross_state_distance |           0.917 |
|           Metric/self_state_action_distance |        0.000267 |
|          Metric/cross_state_action_distance |             0.9 |
|             Metric/avg_self_state_asymmetry |               0 |
|            Metric/avg_cross_state_asymmetry |         0.00116 |
|                Metric/avg_self_sa_asymmetry |               0 |
|               Metric/avg_cross_sa_asymmetry |        0.000373 |
|  Metric/self_state_action_to_state_distance |        4.39e-05 |
| Metric/cross_state_action_to_state_distance |             0.9 |
|                   Metric/h_lambda_diff_self |        0.000292 |
|                  Metric/h_lambda_diff_cross |         0.00037 |
|                                 Eval/Return |            0.18 |
-----------------------------------------------------------------
-----------------------------------------------------------------
|                                 Train/Steps |        1.67e+06 |
|                            Loss/Loss_critic |           0.001 |
|                             Loss/Loss_actor |         -0.0186 |
|                             Loss/Loss_alpha |        3.49e-07 |
|               Loss/Loss_state_action_metric |         0.00226 |
|                      Loss/Loss_state_metric |         0.00168 |
|             Loss/Loss_state_action_to_state |        4.07e-07 |
|                           Loss/Act_rep_loss |               0 |
|                                   SAC/Alpha |        2.95e-06 |
|                              SAC/LogPi_mean |            0.35 |
|                                 SAC/Q1_mean |          0.0195 |
|                                 SAC/Q2_mean |          0.0191 |
|                            Norm/actor_model |            65.4 |
|                           Norm/critic_model |            77.9 |
|              Norm/state_action_metric_model |            58.8 |
|                     Norm/state_metric_model |              62 |
|        Norm/state_action_state_metric_model |              63 |
|                  Metric/self_state_distance |        5.75e-05 |
|                 Metric/cross_state_distance |           0.917 |
|           Metric/self_state_action_distance |        0.000136 |
|          Metric/cross_state_action_distance |             0.9 |
|             Metric/avg_self_state_asymmetry |               0 |
|            Metric/avg_cross_state_asymmetry |        0.000262 |
|                Metric/avg_self_sa_asymmetry |               0 |
|               Metric/avg_cross_sa_asymmetry |        0.000368 |
|  Metric/self_state_action_to_state_distance |        3.37e-05 |
| Metric/cross_state_action_to_state_distance |             0.9 |
|                   Metric/h_lambda_diff_self |        0.000137 |
|                  Metric/h_lambda_diff_cross |        0.000555 |
|                                 Eval/Return |            0.32 |
-----------------------------------------------------------------
-----------------------------------------------------------------
|                                 Train/Steps |         1.8e+06 |
|                            Loss/Loss_critic |         0.00594 |
|                             Loss/Loss_actor |         -0.0373 |
|                             Loss/Loss_alpha |        4.32e-07 |
|               Loss/Loss_state_action_metric |         0.00226 |
|                      Loss/Loss_state_metric |         0.00166 |
|             Loss/Loss_state_action_to_state |        5.42e-07 |
|                           Loss/Act_rep_loss |        1.95e-06 |
|                                   SAC/Alpha |        2.67e-06 |
|                              SAC/LogPi_mean |           0.322 |
|                                 SAC/Q1_mean |          0.0373 |
|                                 SAC/Q2_mean |          0.0454 |
|                            Norm/actor_model |              67 |
|                           Norm/critic_model |            79.5 |
|              Norm/state_action_metric_model |            61.3 |
|                     Norm/state_metric_model |            64.1 |
|        Norm/state_action_state_metric_model |            64.9 |
|                  Metric/self_state_distance |        0.000118 |
|                 Metric/cross_state_distance |           0.917 |
|           Metric/self_state_action_distance |         0.00041 |
|          Metric/cross_state_action_distance |           0.901 |
|             Metric/avg_self_state_asymmetry |               0 |
|            Metric/avg_cross_state_asymmetry |        0.000401 |
|                Metric/avg_self_sa_asymmetry |               0 |
|               Metric/avg_cross_sa_asymmetry |        0.000398 |
|  Metric/self_state_action_to_state_distance |        3.57e-06 |
| Metric/cross_state_action_to_state_distance |             0.9 |
|                   Metric/h_lambda_diff_self |        0.000408 |
|                  Metric/h_lambda_diff_cross |         0.00055 |
|                                 Eval/Return |           0.102 |
-----------------------------------------------------------------
-----------------------------------------------------------------
|                                 Train/Steps |        1.93e+06 |
|                            Loss/Loss_critic |         0.00108 |
|                             Loss/Loss_actor |          -0.036 |
|                             Loss/Loss_alpha |       -1.63e-07 |
|               Loss/Loss_state_action_metric |         0.00225 |
|                      Loss/Loss_state_metric |         0.00167 |
|             Loss/Loss_state_action_to_state |        4.99e-07 |
|                           Loss/Act_rep_loss |        1.81e-06 |
|                                   SAC/Alpha |        1.99e-06 |
|                              SAC/LogPi_mean |            0.46 |
|                                 SAC/Q1_mean |          0.0387 |
|                                 SAC/Q2_mean |          0.0358 |
|                            Norm/actor_model |            68.7 |
|                           Norm/critic_model |            80.7 |
|              Norm/state_action_metric_model |              64 |
|                     Norm/state_metric_model |            65.6 |
|        Norm/state_action_state_metric_model |            67.7 |
|                  Metric/self_state_distance |         7.8e-05 |
|                 Metric/cross_state_distance |           0.917 |
|           Metric/self_state_action_distance |        0.000453 |
|          Metric/cross_state_action_distance |             0.9 |
|             Metric/avg_self_state_asymmetry |               0 |
|            Metric/avg_cross_state_asymmetry |        0.000267 |
|                Metric/avg_self_sa_asymmetry |               0 |
|               Metric/avg_cross_sa_asymmetry |        0.000452 |
|  Metric/self_state_action_to_state_distance |        4.88e-06 |
| Metric/cross_state_action_to_state_distance |             0.9 |
|                   Metric/h_lambda_diff_self |        0.000453 |
|                  Metric/h_lambda_diff_cross |        0.000521 |
|                                 Eval/Return |            5.21 |
-----------------------------------------------------------------
-----------------------------------------------------------------
|                                 Train/Steps |        2.06e+06 |
|                            Loss/Loss_critic |        1.81e-07 |
|                             Loss/Loss_actor |        -0.00168 |
|                             Loss/Loss_alpha |       -2.09e-07 |
|               Loss/Loss_state_action_metric |         0.00222 |
|                      Loss/Loss_state_metric |         0.00167 |
|             Loss/Loss_state_action_to_state |        2.23e-07 |
|                           Loss/Act_rep_loss |               0 |
|                                   SAC/Alpha |        2.24e-06 |
|                              SAC/LogPi_mean |            0.53 |
|                                 SAC/Q1_mean |         0.00168 |
|                                 SAC/Q2_mean |         0.00187 |
|                            Norm/actor_model |            70.3 |
|                           Norm/critic_model |              82 |
|              Norm/state_action_metric_model |            66.2 |
|                     Norm/state_metric_model |              68 |
|        Norm/state_action_state_metric_model |            69.9 |
|                  Metric/self_state_distance |        7.09e-05 |
|                 Metric/cross_state_distance |           0.917 |
|           Metric/self_state_action_distance |        8.77e-05 |
|          Metric/cross_state_action_distance |             0.9 |
|             Metric/avg_self_state_asymmetry |               0 |
|            Metric/avg_cross_state_asymmetry |        0.000248 |
|                Metric/avg_self_sa_asymmetry |               0 |
|               Metric/avg_cross_sa_asymmetry |        0.000366 |
|  Metric/self_state_action_to_state_distance |        3.96e-05 |
| Metric/cross_state_action_to_state_distance |             0.9 |
|                   Metric/h_lambda_diff_self |        0.000109 |
|                  Metric/h_lambda_diff_cross |        0.000551 |
|                                 Eval/Return |            1.14 |
-----------------------------------------------------------------
[32mSaving model …[0m
[32mDone.[0m
[32mSaving model …[0m
[32mDone.[0m
-----------------------------------------------------------------
|                                 Train/Steps |        2.18e+06 |
|                            Loss/Loss_critic |         0.00977 |
|                             Loss/Loss_actor |         -0.0718 |
|                             Loss/Loss_alpha |       -2.88e-07 |
|               Loss/Loss_state_action_metric |         0.00228 |
|                      Loss/Loss_state_metric |         0.00168 |
|             Loss/Loss_state_action_to_state |        1.36e-06 |
|                           Loss/Act_rep_loss |           2e-05 |
|                                   SAC/Alpha |        4.46e-06 |
|                              SAC/LogPi_mean |           0.732 |
|                                 SAC/Q1_mean |          0.0728 |
|                                 SAC/Q2_mean |          0.0797 |
|                            Norm/actor_model |            72.2 |
|                           Norm/critic_model |            83.2 |
|              Norm/state_action_metric_model |            68.2 |
|                     Norm/state_metric_model |            70.4 |
|        Norm/state_action_state_metric_model |            71.9 |
|                  Metric/self_state_distance |          0.0011 |
|                 Metric/cross_state_distance |           0.915 |
|           Metric/self_state_action_distance |        7.99e-05 |
|          Metric/cross_state_action_distance |             0.9 |
|             Metric/avg_self_state_asymmetry |               0 |
|            Metric/avg_cross_state_asymmetry |        0.000791 |
|                Metric/avg_self_sa_asymmetry |               0 |
|               Metric/avg_cross_sa_asymmetry |        0.000626 |
|  Metric/self_state_action_to_state_distance |        3.03e-06 |
| Metric/cross_state_action_to_state_distance |             0.9 |
|                   Metric/h_lambda_diff_self |        7.95e-05 |
|                  Metric/h_lambda_diff_cross |        0.000691 |
|                                 Eval/Return |            1.52 |
-----------------------------------------------------------------
-----------------------------------------------------------------
|                                 Train/Steps |        2.31e+06 |
|                            Loss/Loss_critic |          0.0024 |
|                             Loss/Loss_actor |         -0.0579 |
|                             Loss/Loss_alpha |        -1.7e-07 |
|               Loss/Loss_state_action_metric |         0.00222 |
|                      Loss/Loss_state_metric |         0.00167 |
|             Loss/Loss_state_action_to_state |        4.68e-07 |
|                           Loss/Act_rep_loss |        5.69e-06 |
|                                   SAC/Alpha |         4.9e-06 |
|                              SAC/LogPi_mean |            0.41 |
|                                 SAC/Q1_mean |          0.0595 |
|                                 SAC/Q2_mean |          0.0593 |
|                            Norm/actor_model |            74.5 |
|                           Norm/critic_model |            85.2 |
|              Norm/state_action_metric_model |            70.1 |
|                     Norm/state_metric_model |            71.9 |
|        Norm/state_action_state_metric_model |            73.8 |
|                  Metric/self_state_distance |        0.000213 |
|                 Metric/cross_state_distance |           0.917 |
|           Metric/self_state_action_distance |        0.000133 |
|          Metric/cross_state_action_distance |             0.9 |
|             Metric/avg_self_state_asymmetry |               0 |
|            Metric/avg_cross_state_asymmetry |        0.000362 |
|                Metric/avg_self_sa_asymmetry |               0 |
|               Metric/avg_cross_sa_asymmetry |        0.000477 |
|  Metric/self_state_action_to_state_distance |          0.0001 |
| Metric/cross_state_action_to_state_distance |             0.9 |
|                   Metric/h_lambda_diff_self |        0.000191 |
|                  Metric/h_lambda_diff_cross |        0.000411 |
|                                 Eval/Return |               0 |
-----------------------------------------------------------------
-----------------------------------------------------------------
|                                 Train/Steps |        2.44e+06 |
|                            Loss/Loss_critic |        3.48e-06 |
|                             Loss/Loss_actor |         -0.0013 |
|                             Loss/Loss_alpha |        1.22e-06 |
|               Loss/Loss_state_action_metric |          0.0024 |
|                      Loss/Loss_state_metric |         0.00171 |
|             Loss/Loss_state_action_to_state |        0.000132 |
|                           Loss/Act_rep_loss |               0 |
|                                   SAC/Alpha |        5.29e-06 |
|                              SAC/LogPi_mean |            0.23 |
|                                 SAC/Q1_mean |         0.00205 |
|                                 SAC/Q2_mean |          0.0013 |
|                            Norm/actor_model |            77.2 |
|                           Norm/critic_model |            87.7 |
|              Norm/state_action_metric_model |            71.9 |
|                     Norm/state_metric_model |            72.8 |
|        Norm/state_action_state_metric_model |            74.9 |
|                  Metric/self_state_distance |        9.08e-05 |
|                 Metric/cross_state_distance |           0.918 |
|           Metric/self_state_action_distance |        0.000101 |
|          Metric/cross_state_action_distance |             0.9 |
|             Metric/avg_self_state_asymmetry |               0 |
|            Metric/avg_cross_state_asymmetry |        0.000485 |
|                Metric/avg_self_sa_asymmetry |               0 |
|               Metric/avg_cross_sa_asymmetry |        0.000561 |
|  Metric/self_state_action_to_state_distance |        2.04e-05 |
| Metric/cross_state_action_to_state_distance |           0.899 |
|                   Metric/h_lambda_diff_self |        0.000116 |
|                  Metric/h_lambda_diff_cross |        0.000975 |
|                                 Eval/Return |            2.79 |
-----------------------------------------------------------------
-----------------------------------------------------------------
|                                 Train/Steps |        2.57e+06 |
|                            Loss/Loss_critic |         0.00164 |
|                             Loss/Loss_actor |          -0.032 |
|                             Loss/Loss_alpha |        1.09e-06 |
|               Loss/Loss_state_action_metric |         0.00226 |
|                      Loss/Loss_state_metric |         0.00167 |
|             Loss/Loss_state_action_to_state |         5.1e-07 |
|                           Loss/Act_rep_loss |               0 |
|                                   SAC/Alpha |        7.19e-06 |
|                              SAC/LogPi_mean |           0.372 |
|                                 SAC/Q1_mean |          0.0348 |
|                                 SAC/Q2_mean |          0.0326 |
|                            Norm/actor_model |            79.1 |
|                           Norm/critic_model |            89.6 |
|              Norm/state_action_metric_model |            73.7 |
|                     Norm/state_metric_model |            74.1 |
|        Norm/state_action_state_metric_model |            76.9 |
|                  Metric/self_state_distance |        1.47e-05 |
|                 Metric/cross_state_distance |           0.917 |
|           Metric/self_state_action_distance |        0.000157 |
|          Metric/cross_state_action_distance |           0.901 |
|             Metric/avg_self_state_asymmetry |               0 |
|            Metric/avg_cross_state_asymmetry |        0.000321 |
|                Metric/avg_self_sa_asymmetry |               0 |
|               Metric/avg_cross_sa_asymmetry |        0.000443 |
|  Metric/self_state_action_to_state_distance |        4.32e-05 |
| Metric/cross_state_action_to_state_distance |             0.9 |
|                   Metric/h_lambda_diff_self |        0.000191 |
|                  Metric/h_lambda_diff_cross |         0.00127 |
|                                 Eval/Return |          0.0391 |
-----------------------------------------------------------------
-----------------------------------------------------------------
|                                 Train/Steps |         2.7e+06 |
|                            Loss/Loss_critic |         0.00229 |
|                             Loss/Loss_actor |        -0.00339 |
|                             Loss/Loss_alpha |        3.91e-06 |
|               Loss/Loss_state_action_metric |         0.00222 |
|                      Loss/Loss_state_metric |         0.00167 |
|             Loss/Loss_state_action_to_state |        3.67e-07 |
|                           Loss/Act_rep_loss |               0 |
|                                   SAC/Alpha |        1.34e-05 |
|                              SAC/LogPi_mean |           0.179 |
|                                 SAC/Q1_mean |           0.004 |
|                                 SAC/Q2_mean |         0.00692 |
|                            Norm/actor_model |            81.5 |
|                           Norm/critic_model |            91.7 |
|              Norm/state_action_metric_model |              76 |
|                     Norm/state_metric_model |            75.9 |
|        Norm/state_action_state_metric_model |            78.2 |
|                  Metric/self_state_distance |        6.07e-05 |
|                 Metric/cross_state_distance |           0.917 |
|           Metric/self_state_action_distance |         0.00012 |
|          Metric/cross_state_action_distance |             0.9 |
|             Metric/avg_self_state_asymmetry |               0 |
|            Metric/avg_cross_state_asymmetry |        0.000493 |
|                Metric/avg_self_sa_asymmetry |               0 |
|               Metric/avg_cross_sa_asymmetry |        0.000494 |
|  Metric/self_state_action_to_state_distance |        5.73e-05 |
| Metric/cross_state_action_to_state_distance |             0.9 |
|                   Metric/h_lambda_diff_self |        0.000152 |
|                  Metric/h_lambda_diff_cross |        0.000546 |
|                                 Eval/Return |            0.82 |
-----------------------------------------------------------------
-----------------------------------------------------------------
|                                 Train/Steps |        2.82e+06 |
|                            Loss/Loss_critic |        0.000557 |
|                             Loss/Loss_actor |        -0.00746 |
|                             Loss/Loss_alpha |       -1.86e-06 |
|               Loss/Loss_state_action_metric |         0.00223 |
|                      Loss/Loss_state_metric |         0.00167 |
|             Loss/Loss_state_action_to_state |        4.09e-07 |
|                           Loss/Act_rep_loss |         1.8e-06 |
|                                   SAC/Alpha |        7.27e-06 |
|                              SAC/LogPi_mean |           0.631 |
|                                 SAC/Q1_mean |         0.00725 |
|                                 SAC/Q2_mean |         0.00673 |
|                            Norm/actor_model |            83.6 |
|                           Norm/critic_model |            93.4 |
|              Norm/state_action_metric_model |            78.1 |
|                     Norm/state_metric_model |            76.9 |
|        Norm/state_action_state_metric_model |            79.2 |
|                  Metric/self_state_distance |        1.65e-05 |
|                 Metric/cross_state_distance |           0.917 |
|           Metric/self_state_action_distance |        0.000128 |
|          Metric/cross_state_action_distance |             0.9 |
|             Metric/avg_self_state_asymmetry |               0 |
|            Metric/avg_cross_state_asymmetry |        0.000511 |
|                Metric/avg_self_sa_asymmetry |               0 |
|               Metric/avg_cross_sa_asymmetry |        0.000466 |
|  Metric/self_state_action_to_state_distance |        3.89e-06 |
| Metric/cross_state_action_to_state_distance |             0.9 |
|                   Metric/h_lambda_diff_self |        0.000127 |
|                  Metric/h_lambda_diff_cross |        0.000489 |
|                                 Eval/Return |           0.875 |
-----------------------------------------------------------------
-----------------------------------------------------------------
|                                 Train/Steps |        2.95e+06 |
|                            Loss/Loss_critic |         0.00255 |
|                             Loss/Loss_actor |         -0.0515 |
|                             Loss/Loss_alpha |       -9.26e-07 |
|               Loss/Loss_state_action_metric |         0.00224 |
|                      Loss/Loss_state_metric |          0.0017 |
|             Loss/Loss_state_action_to_state |        2.83e-06 |
|                           Loss/Act_rep_loss |        3.84e-05 |
|                                   SAC/Alpha |        4.77e-06 |
|                              SAC/LogPi_mean |           0.546 |
|                                 SAC/Q1_mean |          0.0561 |
|                                 SAC/Q2_mean |          0.0541 |
|                            Norm/actor_model |            85.6 |
|                           Norm/critic_model |            94.9 |
|              Norm/state_action_metric_model |            79.6 |
|                     Norm/state_metric_model |            77.5 |
|        Norm/state_action_state_metric_model |            80.3 |
|                  Metric/self_state_distance |        0.000144 |
|                 Metric/cross_state_distance |           0.913 |
|           Metric/self_state_action_distance |        0.000129 |
|          Metric/cross_state_action_distance |           0.901 |
|             Metric/avg_self_state_asymmetry |               0 |
|            Metric/avg_cross_state_asymmetry |        0.000608 |
|                Metric/avg_self_sa_asymmetry |               0 |
|               Metric/avg_cross_sa_asymmetry |        0.000678 |
|  Metric/self_state_action_to_state_distance |        8.74e-05 |
| Metric/cross_state_action_to_state_distance |             0.9 |
|                   Metric/h_lambda_diff_self |        0.000195 |
|                  Metric/h_lambda_diff_cross |          0.0013 |
|                                 Eval/Return |           0.789 |
-----------------------------------------------------------------
-----------------------------------------------------------------
|                                 Train/Steps |        3.08e+06 |
|                            Loss/Loss_critic |          0.0042 |
|                             Loss/Loss_actor |         -0.0177 |
|                             Loss/Loss_alpha |       -3.87e-06 |
|               Loss/Loss_state_action_metric |         0.00226 |
|                      Loss/Loss_state_metric |         0.00165 |
|             Loss/Loss_state_action_to_state |        4.14e-06 |
|                           Loss/Act_rep_loss |        8.15e-06 |
|                                   SAC/Alpha |        1.36e-05 |
|                              SAC/LogPi_mean |           0.996 |
|                                 SAC/Q1_mean |           0.022 |
|                                 SAC/Q2_mean |          0.0232 |
|                            Norm/actor_model |            87.1 |
|                           Norm/critic_model |            96.1 |
|              Norm/state_action_metric_model |              81 |
|                     Norm/state_metric_model |            78.8 |
|        Norm/state_action_state_metric_model |            81.7 |
|                  Metric/self_state_distance |        0.000328 |
|                 Metric/cross_state_distance |           0.917 |
|           Metric/self_state_action_distance |        0.000295 |
|          Metric/cross_state_action_distance |           0.901 |
|             Metric/avg_self_state_asymmetry |               0 |
|            Metric/avg_cross_state_asymmetry |        0.000487 |
|                Metric/avg_self_sa_asymmetry |               0 |
|               Metric/avg_cross_sa_asymmetry |        0.000499 |
|  Metric/self_state_action_to_state_distance |        1.05e-06 |
| Metric/cross_state_action_to_state_distance |           0.901 |
|                   Metric/h_lambda_diff_self |        0.000294 |
|                  Metric/h_lambda_diff_cross |         0.00062 |
|                                 Eval/Return |           0.125 |
-----------------------------------------------------------------
[32mSaving model …[0m
[32mDone.[0m
[32mSaving model …[0m
[32mDone.[0m
-----------------------------------------------------------------
|                                 Train/Steps |        3.21e+06 |
|                            Loss/Loss_critic |        7.79e-07 |
|                             Loss/Loss_actor |        -0.00276 |
|                             Loss/Loss_alpha |        1.08e-06 |
|               Loss/Loss_state_action_metric |         0.00222 |
|                      Loss/Loss_state_metric |         0.00167 |
|             Loss/Loss_state_action_to_state |        1.33e-06 |
|                           Loss/Act_rep_loss |               0 |
|                                   SAC/Alpha |        1.06e-05 |
|                              SAC/LogPi_mean |           0.365 |
|                                 SAC/Q1_mean |         0.00353 |
|                                 SAC/Q2_mean |         0.00276 |
|                            Norm/actor_model |            89.2 |
|                           Norm/critic_model |            96.9 |
|              Norm/state_action_metric_model |              83 |
|                     Norm/state_metric_model |              80 |
|        Norm/state_action_state_metric_model |            82.5 |
|                  Metric/self_state_distance |        5.42e-05 |
|                 Metric/cross_state_distance |           0.918 |
|           Metric/self_state_action_distance |        6.11e-05 |
|          Metric/cross_state_action_distance |           0.901 |
|             Metric/avg_self_state_asymmetry |               0 |
|            Metric/avg_cross_state_asymmetry |        0.000422 |
|                Metric/avg_self_sa_asymmetry |               0 |
|               Metric/avg_cross_sa_asymmetry |        0.000491 |
|  Metric/self_state_action_to_state_distance |        2.57e-05 |
| Metric/cross_state_action_to_state_distance |             0.9 |
|                   Metric/h_lambda_diff_self |        7.13e-05 |
|                  Metric/h_lambda_diff_cross |         0.00108 |
|                                 Eval/Return |            1.26 |
-----------------------------------------------------------------
-----------------------------------------------------------------
|                                 Train/Steps |        3.34e+06 |
|                            Loss/Loss_critic |        0.000807 |
|                             Loss/Loss_actor |         -0.0366 |
|                             Loss/Loss_alpha |       -2.34e-06 |
|               Loss/Loss_state_action_metric |         0.00223 |
|                      Loss/Loss_state_metric |         0.00166 |
|             Loss/Loss_state_action_to_state |        3.04e-06 |
|                           Loss/Act_rep_loss |        2.66e-05 |
|                                   SAC/Alpha |        4.16e-06 |
|                              SAC/LogPi_mean |            1.26 |
|                                 SAC/Q1_mean |          0.0385 |
|                                 SAC/Q2_mean |          0.0381 |
|                            Norm/actor_model |            90.5 |
|                           Norm/critic_model |            97.8 |
|              Norm/state_action_metric_model |            84.5 |
|                     Norm/state_metric_model |            81.7 |
|        Norm/state_action_state_metric_model |            84.1 |
|                  Metric/self_state_distance |        5.67e-05 |
|                 Metric/cross_state_distance |           0.917 |
|           Metric/self_state_action_distance |        0.000171 |
|          Metric/cross_state_action_distance |           0.901 |
|             Metric/avg_self_state_asymmetry |               0 |
|            Metric/avg_cross_state_asymmetry |        0.000384 |
|                Metric/avg_self_sa_asymmetry |               0 |
|               Metric/avg_cross_sa_asymmetry |         0.00058 |
|  Metric/self_state_action_to_state_distance |        3.65e-05 |
| Metric/cross_state_action_to_state_distance |             0.9 |
|                   Metric/h_lambda_diff_self |        0.000196 |
|                  Metric/h_lambda_diff_cross |        0.000548 |
|                                 Eval/Return |            2.24 |
-----------------------------------------------------------------
-----------------------------------------------------------------
|                                 Train/Steps |        3.46e+06 |
|                            Loss/Loss_critic |         0.00144 |
|                             Loss/Loss_actor |         -0.0207 |
|                             Loss/Loss_alpha |           6e-07 |
|               Loss/Loss_state_action_metric |         0.00221 |
|                      Loss/Loss_state_metric |         0.00167 |
|             Loss/Loss_state_action_to_state |        2.85e-06 |
|                           Loss/Act_rep_loss |               0 |
|                                   SAC/Alpha |        4.03e-06 |
|                              SAC/LogPi_mean |           0.494 |
|                                 SAC/Q1_mean |           0.021 |
|                                 SAC/Q2_mean |          0.0194 |
|                            Norm/actor_model |            92.4 |
|                           Norm/critic_model |            99.3 |
|              Norm/state_action_metric_model |            86.1 |
|                     Norm/state_metric_model |            82.3 |
|        Norm/state_action_state_metric_model |            85.2 |
|                  Metric/self_state_distance |        1.94e-05 |
|                 Metric/cross_state_distance |           0.918 |
|           Metric/self_state_action_distance |        7.41e-05 |
|          Metric/cross_state_action_distance |             0.9 |
|             Metric/avg_self_state_asymmetry |               0 |
|            Metric/avg_cross_state_asymmetry |        0.000683 |
|                Metric/avg_self_sa_asymmetry |               0 |
|               Metric/avg_cross_sa_asymmetry |        0.000545 |
|  Metric/self_state_action_to_state_distance |        6.55e-05 |
| Metric/cross_state_action_to_state_distance |             0.9 |
|                   Metric/h_lambda_diff_self |        0.000134 |
|                  Metric/h_lambda_diff_cross |        0.000709 |
|                                 Eval/Return |           0.773 |
-----------------------------------------------------------------
-----------------------------------------------------------------
|                                 Train/Steps |        3.59e+06 |
|                            Loss/Loss_critic |        3.02e-05 |
|                             Loss/Loss_actor |         -0.0338 |
|                             Loss/Loss_alpha |        3.91e-07 |
|               Loss/Loss_state_action_metric |         0.00222 |
|                      Loss/Loss_state_metric |         0.00166 |
|             Loss/Loss_state_action_to_state |        2.85e-06 |
|                           Loss/Act_rep_loss |        6.79e-05 |
|                                   SAC/Alpha |        4.55e-06 |
|                              SAC/LogPi_mean |           0.408 |
|                                 SAC/Q1_mean |           0.034 |
|                                 SAC/Q2_mean |          0.0329 |
|                            Norm/actor_model |            93.7 |
|                           Norm/critic_model |             101 |
|              Norm/state_action_metric_model |            87.2 |
|                     Norm/state_metric_model |            83.4 |
|        Norm/state_action_state_metric_model |            86.6 |
|                  Metric/self_state_distance |        1.19e-06 |
|                 Metric/cross_state_distance |           0.918 |
|           Metric/self_state_action_distance |        0.000201 |
|          Metric/cross_state_action_distance |           0.902 |
|             Metric/avg_self_state_asymmetry |               0 |
|            Metric/avg_cross_state_asymmetry |        0.000428 |
|                Metric/avg_self_sa_asymmetry |               0 |
|               Metric/avg_cross_sa_asymmetry |         0.00074 |
|  Metric/self_state_action_to_state_distance |         1.5e-05 |
| Metric/cross_state_action_to_state_distance |           0.901 |
|                   Metric/h_lambda_diff_self |        0.000197 |
|                  Metric/h_lambda_diff_cross |         0.00117 |
|                                 Eval/Return |           0.922 |
-----------------------------------------------------------------
-----------------------------------------------------------------
|                                 Train/Steps |        3.72e+06 |
|                            Loss/Loss_critic |         0.00749 |
|                             Loss/Loss_actor |        -0.00563 |
|                             Loss/Loss_alpha |        9.01e-07 |
|               Loss/Loss_state_action_metric |         0.00222 |
|                      Loss/Loss_state_metric |         0.00166 |
|             Loss/Loss_state_action_to_state |        2.36e-06 |
|                           Loss/Act_rep_loss |               0 |
|                                   SAC/Alpha |         4.9e-06 |
|                              SAC/LogPi_mean |           0.233 |
|                                 SAC/Q1_mean |         0.00959 |
|                                 SAC/Q2_mean |         0.00507 |
|                            Norm/actor_model |            94.8 |
|                           Norm/critic_model |             102 |
|              Norm/state_action_metric_model |            88.6 |
|                     Norm/state_metric_model |            84.4 |
|        Norm/state_action_state_metric_model |              88 |
|                  Metric/self_state_distance |        3.43e-05 |
|                 Metric/cross_state_distance |           0.917 |
|           Metric/self_state_action_distance |        0.000121 |
|          Metric/cross_state_action_distance |             0.9 |
|             Metric/avg_self_state_asymmetry |               0 |
|            Metric/avg_cross_state_asymmetry |        0.000386 |
|                Metric/avg_self_sa_asymmetry |               0 |
|               Metric/avg_cross_sa_asymmetry |         0.00071 |
|  Metric/self_state_action_to_state_distance |        7.33e-05 |
| Metric/cross_state_action_to_state_distance |             0.9 |
|                   Metric/h_lambda_diff_self |        0.000181 |
|                  Metric/h_lambda_diff_cross |        0.000592 |
|                                 Eval/Return |           0.672 |
-----------------------------------------------------------------
-----------------------------------------------------------------
|                                 Train/Steps |        3.85e+06 |
|                            Loss/Loss_critic |        0.000308 |
|                             Loss/Loss_actor |         -0.0559 |
|                             Loss/Loss_alpha |        2.22e-07 |
|               Loss/Loss_state_action_metric |          0.0022 |
|                      Loss/Loss_state_metric |         0.00164 |
|             Loss/Loss_state_action_to_state |        1.49e-06 |
|                           Loss/Act_rep_loss |        0.000235 |
|                                   SAC/Alpha |        4.03e-06 |
|                              SAC/LogPi_mean |           0.404 |
|                                 SAC/Q1_mean |          0.0565 |
|                                 SAC/Q2_mean |          0.0559 |
|                            Norm/actor_model |              96 |
|                           Norm/critic_model |             104 |
|              Norm/state_action_metric_model |            90.3 |
|                     Norm/state_metric_model |            85.4 |
|        Norm/state_action_state_metric_model |            90.1 |
|                  Metric/self_state_distance |        4.26e-05 |
|                 Metric/cross_state_distance |           0.919 |
|           Metric/self_state_action_distance |        0.000606 |
|          Metric/cross_state_action_distance |           0.901 |
|             Metric/avg_self_state_asymmetry |               0 |
|            Metric/avg_cross_state_asymmetry |          0.0006 |
|                Metric/avg_self_sa_asymmetry |               0 |
|               Metric/avg_cross_sa_asymmetry |        0.000636 |
|  Metric/self_state_action_to_state_distance |        0.000134 |
| Metric/cross_state_action_to_state_distance |           0.901 |
|                   Metric/h_lambda_diff_self |        0.000533 |
|                  Metric/h_lambda_diff_cross |        0.000845 |
|                                 Eval/Return |           0.789 |
-----------------------------------------------------------------
-----------------------------------------------------------------
|                                 Train/Steps |        3.98e+06 |
|                            Loss/Loss_critic |         0.00408 |
|                             Loss/Loss_actor |         -0.0527 |
|                             Loss/Loss_alpha |       -6.76e-08 |
|               Loss/Loss_state_action_metric |         0.00231 |
|                      Loss/Loss_state_metric |         0.00163 |
|             Loss/Loss_state_action_to_state |        4.95e-06 |
|                           Loss/Act_rep_loss |        7.75e-05 |
|                                   SAC/Alpha |        2.02e-06 |
|                              SAC/LogPi_mean |            0.54 |
|                                 SAC/Q1_mean |          0.0544 |
|                                 SAC/Q2_mean |          0.0541 |
|                            Norm/actor_model |            96.9 |
|                           Norm/critic_model |             106 |
|              Norm/state_action_metric_model |            91.7 |
|                     Norm/state_metric_model |              87 |
|        Norm/state_action_state_metric_model |            91.2 |
|                  Metric/self_state_distance |        8.98e-06 |
|                 Metric/cross_state_distance |           0.919 |
|           Metric/self_state_action_distance |        0.000189 |
|          Metric/cross_state_action_distance |           0.902 |
|             Metric/avg_self_state_asymmetry |               0 |
|            Metric/avg_cross_state_asymmetry |        0.000739 |
|                Metric/avg_self_sa_asymmetry |               0 |
|               Metric/avg_cross_sa_asymmetry |        0.000652 |
|  Metric/self_state_action_to_state_distance |        6.93e-06 |
| Metric/cross_state_action_to_state_distance |           0.902 |
|                   Metric/h_lambda_diff_self |        0.000184 |
|                  Metric/h_lambda_diff_cross |        0.000751 |
|                                 Eval/Return |            2.66 |
-----------------------------------------------------------------
-----------------------------------------------------------------
|                                 Train/Steps |         4.1e+06 |
|                            Loss/Loss_critic |        1.94e-07 |
|                             Loss/Loss_actor |        -0.00146 |
|                             Loss/Loss_alpha |        4.93e-07 |
|               Loss/Loss_state_action_metric |         0.00219 |
|                      Loss/Loss_state_metric |         0.00165 |
|             Loss/Loss_state_action_to_state |        1.31e-06 |
|                           Loss/Act_rep_loss |               0 |
|                                   SAC/Alpha |        5.16e-06 |
|                              SAC/LogPi_mean |           0.446 |
|                                 SAC/Q1_mean |          0.0026 |
|                                 SAC/Q2_mean |         0.00146 |
|                            Norm/actor_model |            97.9 |
|                           Norm/critic_model |             107 |
|              Norm/state_action_metric_model |            92.6 |
|                     Norm/state_metric_model |            87.7 |
|        Norm/state_action_state_metric_model |            92.4 |
|                  Metric/self_state_distance |        3.88e-06 |
|                 Metric/cross_state_distance |           0.918 |
|           Metric/self_state_action_distance |        0.000175 |
|          Metric/cross_state_action_distance |             0.9 |
|             Metric/avg_self_state_asymmetry |               0 |
|            Metric/avg_cross_state_asymmetry |        0.000543 |
|                Metric/avg_self_sa_asymmetry |               0 |
|               Metric/avg_cross_sa_asymmetry |        0.000536 |
|  Metric/self_state_action_to_state_distance |        9.69e-06 |
| Metric/cross_state_action_to_state_distance |           0.901 |
|                   Metric/h_lambda_diff_self |        0.000179 |
|                  Metric/h_lambda_diff_cross |        0.000611 |
|                                 Eval/Return |           0.281 |
-----------------------------------------------------------------
[32mSaving model …[0m
[32mDone.[0m
[32mSaving model …[0m
[32mDone.[0m
-----------------------------------------------------------------
|                                 Train/Steps |        4.23e+06 |
|                            Loss/Loss_critic |         0.00649 |
|                             Loss/Loss_actor |        -0.00427 |
|                             Loss/Loss_alpha |        -1.9e-08 |
|               Loss/Loss_state_action_metric |         0.00219 |
|                      Loss/Loss_state_metric |         0.00165 |
|             Loss/Loss_state_action_to_state |         1.9e-06 |
|                           Loss/Act_rep_loss |               0 |
|                                   SAC/Alpha |        3.36e-06 |
|                              SAC/LogPi_mean |           0.551 |
|                                 SAC/Q1_mean |          0.0115 |
|                                 SAC/Q2_mean |         0.00293 |
|                            Norm/actor_model |            99.5 |
|                           Norm/critic_model |             108 |
|              Norm/state_action_metric_model |            93.9 |
|                     Norm/state_metric_model |            88.7 |
|        Norm/state_action_state_metric_model |              94 |
|                  Metric/self_state_distance |        2.43e-05 |
|                 Metric/cross_state_distance |           0.917 |
|           Metric/self_state_action_distance |        0.000398 |
|          Metric/cross_state_action_distance |           0.901 |
|             Metric/avg_self_state_asymmetry |               0 |
|            Metric/avg_cross_state_asymmetry |        0.000484 |
|                Metric/avg_self_sa_asymmetry |               0 |
|               Metric/avg_cross_sa_asymmetry |        0.000589 |
|  Metric/self_state_action_to_state_distance |        3.48e-05 |
| Metric/cross_state_action_to_state_distance |           0.901 |
|                   Metric/h_lambda_diff_self |        0.000383 |
|                  Metric/h_lambda_diff_cross |        0.000793 |
|                                 Eval/Return |           0.344 |
-----------------------------------------------------------------
-----------------------------------------------------------------
|                                 Train/Steps |        4.36e+06 |
|                            Loss/Loss_critic |         0.00073 |
|                             Loss/Loss_actor |        -0.00798 |
|                             Loss/Loss_alpha |        2.58e-07 |
|               Loss/Loss_state_action_metric |         0.00222 |
|                      Loss/Loss_state_metric |         0.00166 |
|             Loss/Loss_state_action_to_state |        6.67e-07 |
|                           Loss/Act_rep_loss |        1.94e-05 |
|                                   SAC/Alpha |        6.17e-06 |
|                              SAC/LogPi_mean |           0.403 |
|                                 SAC/Q1_mean |         0.00854 |
|                                 SAC/Q2_mean |         0.00995 |
|                            Norm/actor_model |             101 |
|                           Norm/critic_model |             109 |
|              Norm/state_action_metric_model |            94.8 |
|                     Norm/state_metric_model |            89.7 |
|        Norm/state_action_state_metric_model |            94.6 |
|                  Metric/self_state_distance |        6.23e-05 |
|                 Metric/cross_state_distance |           0.917 |
|           Metric/self_state_action_distance |         0.00015 |
|          Metric/cross_state_action_distance |             0.9 |
|             Metric/avg_self_state_asymmetry |               0 |
|            Metric/avg_cross_state_asymmetry |         0.00049 |
|                Metric/avg_self_sa_asymmetry |               0 |
|               Metric/avg_cross_sa_asymmetry |        0.000509 |
|  Metric/self_state_action_to_state_distance |        2.31e-05 |
| Metric/cross_state_action_to_state_distance |             0.9 |
|                   Metric/h_lambda_diff_self |         0.00016 |
|                  Metric/h_lambda_diff_cross |         0.00058 |
|                                 Eval/Return |            2.73 |
-----------------------------------------------------------------
-----------------------------------------------------------------
|                                 Train/Steps |        4.49e+06 |
|                            Loss/Loss_critic |           0.004 |
|                             Loss/Loss_actor |         -0.0451 |
|                             Loss/Loss_alpha |       -2.59e-07 |
|               Loss/Loss_state_action_metric |         0.00222 |
|                      Loss/Loss_state_metric |         0.00164 |
|             Loss/Loss_state_action_to_state |        4.85e-06 |
|                           Loss/Act_rep_loss |               0 |
|                                   SAC/Alpha |        8.02e-06 |
|                              SAC/LogPi_mean |            0.54 |
|                                 SAC/Q1_mean |          0.0415 |
|                                 SAC/Q2_mean |          0.0493 |
|                            Norm/actor_model |             103 |
|                           Norm/critic_model |             111 |
|              Norm/state_action_metric_model |            95.8 |
|                     Norm/state_metric_model |            90.7 |
|        Norm/state_action_state_metric_model |            95.3 |
|                  Metric/self_state_distance |        0.000169 |
|                 Metric/cross_state_distance |           0.918 |
|           Metric/self_state_action_distance |        0.000358 |
|          Metric/cross_state_action_distance |           0.902 |
|             Metric/avg_self_state_asymmetry |               0 |
|            Metric/avg_cross_state_asymmetry |        0.000601 |
|                Metric/avg_self_sa_asymmetry |               0 |
|               Metric/avg_cross_sa_asymmetry |        0.000506 |
|  Metric/self_state_action_to_state_distance |        8.88e-05 |
| Metric/cross_state_action_to_state_distance |           0.902 |
|                   Metric/h_lambda_diff_self |        0.000413 |
|                  Metric/h_lambda_diff_cross |        0.000679 |
|                                 Eval/Return |            1.22 |
-----------------------------------------------------------------
-----------------------------------------------------------------
|                                 Train/Steps |        4.62e+06 |
|                            Loss/Loss_critic |        1.14e-06 |
|                             Loss/Loss_actor |       -0.000746 |
|                             Loss/Loss_alpha |        2.07e-07 |
|               Loss/Loss_state_action_metric |          0.0022 |
|                      Loss/Loss_state_metric |         0.00165 |
|             Loss/Loss_state_action_to_state |        3.66e-06 |
|                           Loss/Act_rep_loss |               0 |
|                                   SAC/Alpha |        3.15e-06 |
|                              SAC/LogPi_mean |            0.58 |
|                                 SAC/Q1_mean |        0.000747 |
|                                 SAC/Q2_mean |         0.00328 |
|                            Norm/actor_model |             104 |
|                           Norm/critic_model |             112 |
|              Norm/state_action_metric_model |            96.8 |
|                     Norm/state_metric_model |            91.5 |
|        Norm/state_action_state_metric_model |            96.3 |
|                  Metric/self_state_distance |        9.05e-06 |
|                 Metric/cross_state_distance |           0.918 |
|           Metric/self_state_action_distance |        7.43e-05 |
|          Metric/cross_state_action_distance |             0.9 |
|             Metric/avg_self_state_asymmetry |               0 |
|            Metric/avg_cross_state_asymmetry |        0.000492 |
|                Metric/avg_self_sa_asymmetry |               0 |
|               Metric/avg_cross_sa_asymmetry |        0.000489 |
|  Metric/self_state_action_to_state_distance |        4.61e-05 |
| Metric/cross_state_action_to_state_distance |           0.901 |
|                   Metric/h_lambda_diff_self |        8.08e-05 |
|                  Metric/h_lambda_diff_cross |        0.000959 |
|                                 Eval/Return |             1.8 |
-----------------------------------------------------------------
-----------------------------------------------------------------
|                                 Train/Steps |        4.74e+06 |
|                            Loss/Loss_critic |         0.00247 |
|                             Loss/Loss_actor |          -0.147 |
|                             Loss/Loss_alpha |        2.86e-06 |
|               Loss/Loss_state_action_metric |         0.00222 |
|                      Loss/Loss_state_metric |         0.00164 |
|             Loss/Loss_state_action_to_state |        2.31e-06 |
|                           Loss/Act_rep_loss |        8.18e-05 |
|                                   SAC/Alpha |        9.09e-06 |
|                              SAC/LogPi_mean |           0.131 |
|                                 SAC/Q1_mean |           0.145 |
|                                 SAC/Q2_mean |           0.154 |
|                            Norm/actor_model |             106 |
|                           Norm/critic_model |             113 |
|              Norm/state_action_metric_model |            97.4 |
|                     Norm/state_metric_model |            92.2 |
|        Norm/state_action_state_metric_model |            97.4 |
|                  Metric/self_state_distance |        2.05e-05 |
|                 Metric/cross_state_distance |           0.918 |
|           Metric/self_state_action_distance |        0.000153 |
|          Metric/cross_state_action_distance |           0.901 |
|             Metric/avg_self_state_asymmetry |               0 |
|            Metric/avg_cross_state_asymmetry |        0.000444 |
|                Metric/avg_self_sa_asymmetry |               0 |
|               Metric/avg_cross_sa_asymmetry |        0.000635 |
|  Metric/self_state_action_to_state_distance |        6.55e-06 |
| Metric/cross_state_action_to_state_distance |           0.901 |
|                   Metric/h_lambda_diff_self |        0.000147 |
|                  Metric/h_lambda_diff_cross |        0.000642 |
|                                 Eval/Return |            1.57 |
-----------------------------------------------------------------
-----------------------------------------------------------------
|                                 Train/Steps |        4.87e+06 |
|                            Loss/Loss_critic |         0.00348 |
|                             Loss/Loss_actor |         -0.0459 |
|                             Loss/Loss_alpha |       -1.35e-07 |
|               Loss/Loss_state_action_metric |         0.00219 |
|                      Loss/Loss_state_metric |         0.00166 |
|             Loss/Loss_state_action_to_state |        1.78e-06 |
|                           Loss/Act_rep_loss |        2.17e-05 |
|                                   SAC/Alpha |        5.11e-06 |
|                              SAC/LogPi_mean |            0.51 |
|                                 SAC/Q1_mean |          0.0471 |
|                                 SAC/Q2_mean |          0.0533 |
|                            Norm/actor_model |             107 |
|                           Norm/critic_model |             114 |
|              Norm/state_action_metric_model |            98.4 |
|                     Norm/state_metric_model |            92.9 |
|        Norm/state_action_state_metric_model |            98.3 |
|                  Metric/self_state_distance |        0.000209 |
|                 Metric/cross_state_distance |           0.923 |
|           Metric/self_state_action_distance |        0.000199 |
|          Metric/cross_state_action_distance |           0.901 |
|             Metric/avg_self_state_asymmetry |               0 |
|            Metric/avg_cross_state_asymmetry |        0.000571 |
|                Metric/avg_self_sa_asymmetry |               0 |
|               Metric/avg_cross_sa_asymmetry |        0.000533 |
|  Metric/self_state_action_to_state_distance |         5.7e-05 |
| Metric/cross_state_action_to_state_distance |           0.901 |
|                   Metric/h_lambda_diff_self |        0.000197 |
|                  Metric/h_lambda_diff_cross |        0.000678 |
|                                 Eval/Return |            1.53 |
-----------------------------------------------------------------
-----------------------------------------------------------------
|                                 Train/Steps |           5e+06 |
|                            Loss/Loss_critic |         0.00135 |
|                             Loss/Loss_actor |         -0.0529 |
|                             Loss/Loss_alpha |       -2.47e-07 |
|               Loss/Loss_state_action_metric |         0.00224 |
|                      Loss/Loss_state_metric |         0.00164 |
|             Loss/Loss_state_action_to_state |         4.3e-06 |
|                           Loss/Act_rep_loss |        0.000316 |
|                                   SAC/Alpha |         2.9e-06 |
|                              SAC/LogPi_mean |           0.678 |
|                                 SAC/Q1_mean |          0.0555 |
|                                 SAC/Q2_mean |           0.061 |
|                            Norm/actor_model |             108 |
|                           Norm/critic_model |             115 |
|              Norm/state_action_metric_model |             100 |
|                     Norm/state_metric_model |            93.9 |
|        Norm/state_action_state_metric_model |            99.3 |
|                  Metric/self_state_distance |        2.68e-05 |
|                 Metric/cross_state_distance |           0.918 |
|           Metric/self_state_action_distance |        0.000185 |
|          Metric/cross_state_action_distance |           0.903 |
|             Metric/avg_self_state_asymmetry |               0 |
|            Metric/avg_cross_state_asymmetry |        0.000563 |
|                Metric/avg_self_sa_asymmetry |               0 |
|               Metric/avg_cross_sa_asymmetry |        0.000642 |
|  Metric/self_state_action_to_state_distance |        2.14e-05 |
| Metric/cross_state_action_to_state_distance |           0.902 |
|                   Metric/h_lambda_diff_self |         0.00019 |
|                  Metric/h_lambda_diff_cross |         0.00118 |
|                                 Eval/Return |            1.02 |
-----------------------------------------------------------------
[32mSaving model …[0m
[32mDone.[0m
[32mSaving model …[0m
[32mDone.[0m
