E0923 01:36:59.500230 3025480 cuda_executor.cc:1526] Could not get kernel mode driver version: (INVALID_ARGUMENT: Version does not match the format X.Y.Z)
E0923 01:36:59.508783 3025370 cuda_executor.cc:1526] Could not get kernel mode driver version: (INVALID_ARGUMENT: Version does not match the format X.Y.Z)
[32mStart prefilling replay buffer[0m
[32mStart SAC training[0m
[32m{'log_freq': 1000, 'save_freq': 1000000, 'eval_episode_freq': 10, 'hidden_size': 256, 'lr': 0.001, 'max_grad_norm': 0.0, 'gamma': 0.99, 'update_tau': 0.005, 'train_per_step': 8, 'episode_length': 1000, 'warmup_samples': 8192, 'max_replay_size': 4000000, 'batch_size': 512, 'total_env_steps': 5000000, 'init_temperature': 0.1, 'nstep': 3, 'bootstrap_on_truncation': True, 'rep_lr_scale': 1.5, 'vis_feq': 100000, 'n_vis_frames': 4, 'num_envs': 128, 'grad_steps': 50, 'transfer_freq': 10, 'transfer_steps': 8, 'reward_scaling': 1.0, 'num_eval_envs': 128, 'target_entropy': -1.0}[0m
[32m[nstep] nstep=3 bootstrap_on_truncation=True (discount from the buffer already contains gamma^nstep)[0m
--------------------------------------------------------
|                        Train/Steps |        1.36e+05 |
|                   Loss/Loss_critic |            1.39 |
|                    Loss/Loss_actor |           -52.5 |
|                    Loss/Loss_alpha |       -0.000656 |
|      Loss/Loss_state_action_metric |           0.007 |
|             Loss/Loss_state_metric |         0.00391 |
|                  Loss/Act_rep_loss |           0.138 |
|                          SAC/Alpha |          0.0723 |
|                     SAC/LogPi_mean |            1.03 |
|                        SAC/Q1_mean |            52.2 |
|                        SAC/Q2_mean |              52 |
|                   Norm/actor_model |            59.2 |
|                  Norm/critic_model |            88.2 |
|     Norm/state_action_metric_model |            29.9 |
|            Norm/state_metric_model |              31 |
|         Metric/self_state_distance |         0.00277 |
|        Metric/cross_state_distance |            1.04 |
|  Metric/self_state_action_distance |         0.00194 |
| Metric/cross_state_action_distance |            1.04 |
|    Metric/avg_self_state_asymmetry |               0 |
|   Metric/avg_cross_state_asymmetry |         0.00777 |
|       Metric/avg_self_sa_asymmetry |               0 |
|      Metric/avg_cross_sa_asymmetry |         0.00707 |
|                        Eval/Return |             897 |
--------------------------------------------------------
--------------------------------------------------------
|                        Train/Steps |        2.64e+05 |
|                   Loss/Loss_critic |            1.57 |
|                    Loss/Loss_actor |             -82 |
|                    Loss/Loss_alpha |         0.00518 |
|      Loss/Loss_state_action_metric |         0.00636 |
|             Loss/Loss_state_metric |         0.00282 |
|                  Loss/Act_rep_loss |           0.131 |
|                          SAC/Alpha |          0.0422 |
|                     SAC/LogPi_mean |           0.851 |
|                        SAC/Q1_mean |            81.8 |
|                        SAC/Q2_mean |            81.8 |
|                   Norm/actor_model |            73.8 |
|                  Norm/critic_model |             103 |
|     Norm/state_action_metric_model |            30.3 |
|            Norm/state_metric_model |            32.7 |
|         Metric/self_state_distance |         0.00052 |
|        Metric/cross_state_distance |           0.993 |
|  Metric/self_state_action_distance |         0.00202 |
| Metric/cross_state_action_distance |           0.989 |
|    Metric/avg_self_state_asymmetry |               0 |
|   Metric/avg_cross_state_asymmetry |         0.00527 |
|       Metric/avg_self_sa_asymmetry |               0 |
|      Metric/avg_cross_sa_asymmetry |         0.00476 |
|                        Eval/Return |             965 |
--------------------------------------------------------
--------------------------------------------------------
|                        Train/Steps |        3.92e+05 |
|                   Loss/Loss_critic |           0.612 |
|                    Loss/Loss_actor |           -90.4 |
|                    Loss/Loss_alpha |        -0.00289 |
|      Loss/Loss_state_action_metric |         0.00413 |
|             Loss/Loss_state_metric |         0.00272 |
|                  Loss/Act_rep_loss |          0.0909 |
|                          SAC/Alpha |          0.0274 |
|                     SAC/LogPi_mean |            1.16 |
|                        SAC/Q1_mean |            90.4 |
|                        SAC/Q2_mean |            90.1 |
|                   Norm/actor_model |            84.7 |
|                  Norm/critic_model |             110 |
|     Norm/state_action_metric_model |            31.7 |
|            Norm/state_metric_model |            34.3 |
|         Metric/self_state_distance |         0.00105 |
|        Metric/cross_state_distance |           0.986 |
|  Metric/self_state_action_distance |        0.000587 |
| Metric/cross_state_action_distance |            0.98 |
|    Metric/avg_self_state_asymmetry |               0 |
|   Metric/avg_cross_state_asymmetry |         0.00615 |
|       Metric/avg_self_sa_asymmetry |               0 |
|      Metric/avg_cross_sa_asymmetry |         0.00406 |
|                        Eval/Return |             966 |
--------------------------------------------------------
--------------------------------------------------------
|                        Train/Steps |         5.2e+05 |
|                   Loss/Loss_critic |            0.26 |
|                    Loss/Loss_actor |           -94.3 |
|                    Loss/Loss_alpha |         0.00195 |
|      Loss/Loss_state_action_metric |         0.00435 |
|             Loss/Loss_state_metric |          0.0021 |
|                  Loss/Act_rep_loss |          0.0708 |
|                          SAC/Alpha |          0.0203 |
|                     SAC/LogPi_mean |           0.893 |
|                        SAC/Q1_mean |            94.3 |
|                        SAC/Q2_mean |            94.1 |
|                   Norm/actor_model |            93.7 |
|                  Norm/critic_model |             116 |
|     Norm/state_action_metric_model |            34.7 |
|            Norm/state_metric_model |            36.7 |
|         Metric/self_state_distance |        0.000288 |
|        Metric/cross_state_distance |           0.965 |
|  Metric/self_state_action_distance |        0.000519 |
| Metric/cross_state_action_distance |           0.959 |
|    Metric/avg_self_state_asymmetry |               0 |
|   Metric/avg_cross_state_asymmetry |         0.00296 |
|       Metric/avg_self_sa_asymmetry |               0 |
|      Metric/avg_cross_sa_asymmetry |         0.00293 |
|                        Eval/Return |             924 |
--------------------------------------------------------
--------------------------------------------------------
|                        Train/Steps |        6.48e+05 |
|                   Loss/Loss_critic |           0.282 |
|                    Loss/Loss_actor |           -95.1 |
|                    Loss/Loss_alpha |         0.00188 |
|      Loss/Loss_state_action_metric |         0.00445 |
|             Loss/Loss_state_metric |         0.00316 |
|                  Loss/Act_rep_loss |          0.0617 |
|                          SAC/Alpha |          0.0176 |
|                     SAC/LogPi_mean |               1 |
|                        SAC/Q1_mean |            95.2 |
|                        SAC/Q2_mean |              95 |
|                   Norm/actor_model |             102 |
|                  Norm/critic_model |             120 |
|     Norm/state_action_metric_model |            37.8 |
|            Norm/state_metric_model |              39 |
|         Metric/self_state_distance |          0.0102 |
|        Metric/cross_state_distance |           0.962 |
|  Metric/self_state_action_distance |        0.000338 |
| Metric/cross_state_action_distance |           0.952 |
|    Metric/avg_self_state_asymmetry |               0 |
|   Metric/avg_cross_state_asymmetry |         0.00365 |
|       Metric/avg_self_sa_asymmetry |               0 |
|      Metric/avg_cross_sa_asymmetry |         0.00259 |
|                        Eval/Return |             961 |
--------------------------------------------------------
--------------------------------------------------------
|                        Train/Steps |        7.76e+05 |
|                   Loss/Loss_critic |           0.304 |
|                    Loss/Loss_actor |           -96.9 |
|                    Loss/Loss_alpha |         0.00109 |
|      Loss/Loss_state_action_metric |         0.00362 |
|             Loss/Loss_state_metric |         0.00233 |
|                  Loss/Act_rep_loss |          0.0437 |
|                          SAC/Alpha |          0.0133 |
|                     SAC/LogPi_mean |            1.03 |
|                        SAC/Q1_mean |            96.8 |
|                        SAC/Q2_mean |            96.9 |
|                   Norm/actor_model |             109 |
|                  Norm/critic_model |             124 |
|     Norm/state_action_metric_model |            41.1 |
|            Norm/state_metric_model |            42.3 |
|         Metric/self_state_distance |         0.00102 |
|        Metric/cross_state_distance |           0.951 |
|  Metric/self_state_action_distance |        0.000192 |
| Metric/cross_state_action_distance |           0.939 |
|    Metric/avg_self_state_asymmetry |               0 |
|   Metric/avg_cross_state_asymmetry |         0.00224 |
|       Metric/avg_self_sa_asymmetry |               0 |
|      Metric/avg_cross_sa_asymmetry |         0.00223 |
|                        Eval/Return |             962 |
--------------------------------------------------------
--------------------------------------------------------
|                        Train/Steps |        9.04e+05 |
|                   Loss/Loss_critic |            0.19 |
|                    Loss/Loss_actor |           -97.3 |
|                    Loss/Loss_alpha |        0.000991 |
|      Loss/Loss_state_action_metric |         0.00425 |
|             Loss/Loss_state_metric |         0.00226 |
|                  Loss/Act_rep_loss |          0.0447 |
|                          SAC/Alpha |          0.0116 |
|                     SAC/LogPi_mean |           0.877 |
|                        SAC/Q1_mean |            97.3 |
|                        SAC/Q2_mean |            97.3 |
|                   Norm/actor_model |             116 |
|                  Norm/critic_model |             129 |
|     Norm/state_action_metric_model |            44.6 |
|            Norm/state_metric_model |            45.6 |
|         Metric/self_state_distance |        0.000737 |
|        Metric/cross_state_distance |           0.951 |
|  Metric/self_state_action_distance |        0.000407 |
| Metric/cross_state_action_distance |           0.938 |
|    Metric/avg_self_state_asymmetry |               0 |
|   Metric/avg_cross_state_asymmetry |         0.00174 |
|       Metric/avg_self_sa_asymmetry |               0 |
|      Metric/avg_cross_sa_asymmetry |         0.00204 |
|                        Eval/Return |             940 |
--------------------------------------------------------
--------------------------------------------------------
|                        Train/Steps |        1.03e+06 |
|                   Loss/Loss_critic |           0.173 |
|                    Loss/Loss_actor |           -98.1 |
|                    Loss/Loss_alpha |        3.32e-05 |
|      Loss/Loss_state_action_metric |         0.00435 |
|             Loss/Loss_state_metric |         0.00256 |
|                  Loss/Act_rep_loss |          0.0315 |
|                          SAC/Alpha |          0.0104 |
|                     SAC/LogPi_mean |           0.993 |
|                        SAC/Q1_mean |            98.1 |
|                        SAC/Q2_mean |            98.1 |
|                   Norm/actor_model |             122 |
|                  Norm/critic_model |             133 |
|     Norm/state_action_metric_model |            47.6 |
|            Norm/state_metric_model |            49.2 |
|         Metric/self_state_distance |        0.000179 |
|        Metric/cross_state_distance |           0.944 |
|  Metric/self_state_action_distance |         0.00226 |
| Metric/cross_state_action_distance |           0.932 |
|    Metric/avg_self_state_asymmetry |               0 |
|   Metric/avg_cross_state_asymmetry |         0.00167 |
|       Metric/avg_self_sa_asymmetry |               0 |
|      Metric/avg_cross_sa_asymmetry |         0.00239 |
|                        Eval/Return |             952 |
--------------------------------------------------------
[32mSaving model …[0m
[32mDone.[0m
[32mSaving model …[0m
[32mDone.[0m
[32mSaving model …[0m
[32mDone.[0m
[32mSaving model …[0m
[32mDone.[0m
--------------------------------------------------------
|                        Train/Steps |        1.16e+06 |
|                   Loss/Loss_critic |           0.371 |
|                    Loss/Loss_actor |           -98.4 |
|                    Loss/Loss_alpha |           0.002 |
|      Loss/Loss_state_action_metric |         0.00302 |
|             Loss/Loss_state_metric |         0.00172 |
|                  Loss/Act_rep_loss |           0.052 |
|                          SAC/Alpha |          0.0104 |
|                     SAC/LogPi_mean |           0.769 |
|                        SAC/Q1_mean |            98.4 |
|                        SAC/Q2_mean |            98.4 |
|                   Norm/actor_model |             128 |
|                  Norm/critic_model |             137 |
|     Norm/state_action_metric_model |            50.1 |
|            Norm/state_metric_model |            53.3 |
|         Metric/self_state_distance |        0.000674 |
|        Metric/cross_state_distance |           0.939 |
|  Metric/self_state_action_distance |           0.001 |
| Metric/cross_state_action_distance |           0.931 |
|    Metric/avg_self_state_asymmetry |               0 |
|   Metric/avg_cross_state_asymmetry |         0.00232 |
|       Metric/avg_self_sa_asymmetry |               0 |
|      Metric/avg_cross_sa_asymmetry |         0.00168 |
|                        Eval/Return |             973 |
--------------------------------------------------------
--------------------------------------------------------
|                        Train/Steps |        1.29e+06 |
|                   Loss/Loss_critic |            0.24 |
|                    Loss/Loss_actor |           -98.6 |
|                    Loss/Loss_alpha |         0.00172 |
|      Loss/Loss_state_action_metric |         0.00276 |
|             Loss/Loss_state_metric |         0.00203 |
|                  Loss/Act_rep_loss |          0.0328 |
|                          SAC/Alpha |         0.00925 |
|                     SAC/LogPi_mean |           0.861 |
|                        SAC/Q1_mean |            98.6 |
|                        SAC/Q2_mean |            98.7 |
|                   Norm/actor_model |             133 |
|                  Norm/critic_model |             141 |
|     Norm/state_action_metric_model |              53 |
|            Norm/state_metric_model |            57.3 |
|         Metric/self_state_distance |         0.00103 |
|        Metric/cross_state_distance |           0.939 |
|  Metric/self_state_action_distance |        0.000719 |
| Metric/cross_state_action_distance |           0.923 |
|    Metric/avg_self_state_asymmetry |               0 |
|   Metric/avg_cross_state_asymmetry |         0.00175 |
|       Metric/avg_self_sa_asymmetry |               0 |
|      Metric/avg_cross_sa_asymmetry |         0.00199 |
|                        Eval/Return |             950 |
--------------------------------------------------------
--------------------------------------------------------
|                        Train/Steps |        1.42e+06 |
|                   Loss/Loss_critic |           0.188 |
|                    Loss/Loss_actor |             -97 |
|                    Loss/Loss_alpha |       -0.000398 |
|      Loss/Loss_state_action_metric |          0.0027 |
|             Loss/Loss_state_metric |          0.0018 |
|                  Loss/Act_rep_loss |          0.0378 |
|                          SAC/Alpha |          0.0085 |
|                     SAC/LogPi_mean |            1.01 |
|                        SAC/Q1_mean |            96.9 |
|                        SAC/Q2_mean |            97.1 |
|                   Norm/actor_model |             138 |
|                  Norm/critic_model |             145 |
|     Norm/state_action_metric_model |            55.6 |
|            Norm/state_metric_model |            60.7 |
|         Metric/self_state_distance |        0.000417 |
|        Metric/cross_state_distance |           0.945 |
|  Metric/self_state_action_distance |        0.000123 |
| Metric/cross_state_action_distance |           0.936 |
|    Metric/avg_self_state_asymmetry |               0 |
|   Metric/avg_cross_state_asymmetry |         0.00188 |
|       Metric/avg_self_sa_asymmetry |               0 |
|      Metric/avg_cross_sa_asymmetry |         0.00213 |
|                        Eval/Return |             965 |
--------------------------------------------------------
--------------------------------------------------------
|                        Train/Steps |        1.54e+06 |
|                   Loss/Loss_critic |          0.0747 |
|                    Loss/Loss_actor |           -98.3 |
|                    Loss/Loss_alpha |        0.000213 |
|      Loss/Loss_state_action_metric |         0.00451 |
|             Loss/Loss_state_metric |         0.00173 |
|                  Loss/Act_rep_loss |          0.0251 |
|                          SAC/Alpha |         0.00791 |
|                     SAC/LogPi_mean |           0.984 |
|                        SAC/Q1_mean |            98.3 |
|                        SAC/Q2_mean |            98.2 |
|                   Norm/actor_model |             143 |
|                  Norm/critic_model |             148 |
|     Norm/state_action_metric_model |            58.1 |
|            Norm/state_metric_model |              64 |
|         Metric/self_state_distance |        0.000183 |
|        Metric/cross_state_distance |           0.942 |
|  Metric/self_state_action_distance |        0.000402 |
| Metric/cross_state_action_distance |            0.93 |
|    Metric/avg_self_state_asymmetry |               0 |
|   Metric/avg_cross_state_asymmetry |         0.00162 |
|       Metric/avg_self_sa_asymmetry |               0 |
|      Metric/avg_cross_sa_asymmetry |         0.00182 |
|                        Eval/Return |             978 |
--------------------------------------------------------
--------------------------------------------------------
|                        Train/Steps |        1.67e+06 |
|                   Loss/Loss_critic |           0.122 |
|                    Loss/Loss_actor |           -98.3 |
|                    Loss/Loss_alpha |        0.000288 |
|      Loss/Loss_state_action_metric |         0.00403 |
|             Loss/Loss_state_metric |         0.00246 |
|                  Loss/Act_rep_loss |          0.0265 |
|                          SAC/Alpha |           0.008 |
|                     SAC/LogPi_mean |            1.12 |
|                        SAC/Q1_mean |            98.3 |
|                        SAC/Q2_mean |            98.3 |
|                   Norm/actor_model |             148 |
|                  Norm/critic_model |             152 |
|     Norm/state_action_metric_model |              61 |
|            Norm/state_metric_model |            67.3 |
|         Metric/self_state_distance |        4.35e-05 |
|        Metric/cross_state_distance |           0.937 |
|  Metric/self_state_action_distance |        0.000396 |
| Metric/cross_state_action_distance |           0.926 |
|    Metric/avg_self_state_asymmetry |               0 |
|   Metric/avg_cross_state_asymmetry |         0.00153 |
|       Metric/avg_self_sa_asymmetry |               0 |
|      Metric/avg_cross_sa_asymmetry |         0.00183 |
|                        Eval/Return |             960 |
--------------------------------------------------------
--------------------------------------------------------
|                        Train/Steps |         1.8e+06 |
|                   Loss/Loss_critic |            0.14 |
|                    Loss/Loss_actor |           -98.5 |
|                    Loss/Loss_alpha |       -0.000565 |
|      Loss/Loss_state_action_metric |         0.00288 |
|             Loss/Loss_state_metric |         0.00172 |
|                  Loss/Act_rep_loss |            0.03 |
|                          SAC/Alpha |         0.00658 |
|                     SAC/LogPi_mean |            1.14 |
|                        SAC/Q1_mean |            98.4 |
|                        SAC/Q2_mean |            98.5 |
|                   Norm/actor_model |             152 |
|                  Norm/critic_model |             156 |
|     Norm/state_action_metric_model |            63.4 |
|            Norm/state_metric_model |            71.3 |
|         Metric/self_state_distance |        0.000312 |
|        Metric/cross_state_distance |           0.945 |
|  Metric/self_state_action_distance |         0.00142 |
| Metric/cross_state_action_distance |           0.933 |
|    Metric/avg_self_state_asymmetry |               0 |
|   Metric/avg_cross_state_asymmetry |         0.00169 |
|       Metric/avg_self_sa_asymmetry |               0 |
|      Metric/avg_cross_sa_asymmetry |         0.00213 |
|                        Eval/Return |             956 |
--------------------------------------------------------
--------------------------------------------------------
|                        Train/Steps |        1.93e+06 |
|                   Loss/Loss_critic |          0.0917 |
|                    Loss/Loss_actor |           -98.7 |
|                    Loss/Loss_alpha |        -0.00142 |
|      Loss/Loss_state_action_metric |         0.00319 |
|             Loss/Loss_state_metric |         0.00207 |
|                  Loss/Act_rep_loss |           0.028 |
|                          SAC/Alpha |         0.00725 |
|                     SAC/LogPi_mean |            1.21 |
|                        SAC/Q1_mean |            98.7 |
|                        SAC/Q2_mean |            98.7 |
|                   Norm/actor_model |             157 |
|                  Norm/critic_model |             159 |
|     Norm/state_action_metric_model |            66.1 |
|            Norm/state_metric_model |            73.6 |
|         Metric/self_state_distance |        0.000349 |
|        Metric/cross_state_distance |           0.938 |
|  Metric/self_state_action_distance |        0.000349 |
| Metric/cross_state_action_distance |           0.922 |
|    Metric/avg_self_state_asymmetry |               0 |
|   Metric/avg_cross_state_asymmetry |         0.00134 |
|       Metric/avg_self_sa_asymmetry |               0 |
|      Metric/avg_cross_sa_asymmetry |         0.00215 |
|                        Eval/Return |             971 |
--------------------------------------------------------
--------------------------------------------------------
|                        Train/Steps |        2.06e+06 |
|                   Loss/Loss_critic |          0.0651 |
|                    Loss/Loss_actor |             -99 |
|                    Loss/Loss_alpha |       -0.000237 |
|      Loss/Loss_state_action_metric |         0.00312 |
|             Loss/Loss_state_metric |         0.00159 |
|                  Loss/Act_rep_loss |          0.0251 |
|                          SAC/Alpha |         0.00702 |
|                     SAC/LogPi_mean |           0.981 |
|                        SAC/Q1_mean |              99 |
|                        SAC/Q2_mean |            99.1 |
|                   Norm/actor_model |             161 |
|                  Norm/critic_model |             162 |
|     Norm/state_action_metric_model |            68.6 |
|            Norm/state_metric_model |            76.1 |
|         Metric/self_state_distance |        0.000154 |
|        Metric/cross_state_distance |           0.934 |
|  Metric/self_state_action_distance |        1.89e-05 |
| Metric/cross_state_action_distance |            0.92 |
|    Metric/avg_self_state_asymmetry |               0 |
|   Metric/avg_cross_state_asymmetry |         0.00146 |
|       Metric/avg_self_sa_asymmetry |               0 |
|      Metric/avg_cross_sa_asymmetry |          0.0019 |
|                        Eval/Return |             964 |
--------------------------------------------------------
[32mSaving model …[0m
[32mDone.[0m
[32mSaving model …[0m
[32mDone.[0m
[32mSaving model …[0m
[32mDone.[0m
[32mSaving model …[0m
[32mDone.[0m
--------------------------------------------------------
|                        Train/Steps |        2.18e+06 |
|                   Loss/Loss_critic |           0.125 |
|                    Loss/Loss_actor |           -98.5 |
|                    Loss/Loss_alpha |        -0.00111 |
|      Loss/Loss_state_action_metric |          0.0031 |
|             Loss/Loss_state_metric |         0.00207 |
|                  Loss/Act_rep_loss |           0.025 |
|                          SAC/Alpha |         0.00648 |
|                     SAC/LogPi_mean |            1.04 |
|                        SAC/Q1_mean |            98.5 |
|                        SAC/Q2_mean |            98.4 |
|                   Norm/actor_model |             164 |
|                  Norm/critic_model |             166 |
|     Norm/state_action_metric_model |            71.9 |
|            Norm/state_metric_model |            78.9 |
|         Metric/self_state_distance |        0.000118 |
|        Metric/cross_state_distance |           0.937 |
|  Metric/self_state_action_distance |         0.00202 |
| Metric/cross_state_action_distance |           0.923 |
|    Metric/avg_self_state_asymmetry |               0 |
|   Metric/avg_cross_state_asymmetry |         0.00137 |
|       Metric/avg_self_sa_asymmetry |               0 |
|      Metric/avg_cross_sa_asymmetry |         0.00172 |
|                        Eval/Return |             980 |
--------------------------------------------------------
--------------------------------------------------------
|                        Train/Steps |        2.31e+06 |
|                   Loss/Loss_critic |          0.0711 |
|                    Loss/Loss_actor |             -99 |
|                    Loss/Loss_alpha |         0.00187 |
|      Loss/Loss_state_action_metric |         0.00329 |
|             Loss/Loss_state_metric |         0.00233 |
|                  Loss/Act_rep_loss |          0.0318 |
|                          SAC/Alpha |         0.00563 |
|                     SAC/LogPi_mean |           0.607 |
|                        SAC/Q1_mean |              99 |
|                        SAC/Q2_mean |              99 |
|                   Norm/actor_model |             168 |
|                  Norm/critic_model |             169 |
|     Norm/state_action_metric_model |            74.5 |
|            Norm/state_metric_model |            81.5 |
|         Metric/self_state_distance |        7.72e-05 |
|        Metric/cross_state_distance |           0.928 |
|  Metric/self_state_action_distance |         0.00101 |
| Metric/cross_state_action_distance |           0.912 |
|    Metric/avg_self_state_asymmetry |               0 |
|   Metric/avg_cross_state_asymmetry |         0.00117 |
|       Metric/avg_self_sa_asymmetry |               0 |
|      Metric/avg_cross_sa_asymmetry |         0.00148 |
|                        Eval/Return |             973 |
--------------------------------------------------------
--------------------------------------------------------
|                        Train/Steps |        2.44e+06 |
|                   Loss/Loss_critic |          0.0781 |
|                    Loss/Loss_actor |           -99.3 |
|                    Loss/Loss_alpha |        -0.00143 |
|      Loss/Loss_state_action_metric |          0.0029 |
|             Loss/Loss_state_metric |         0.00155 |
|                  Loss/Act_rep_loss |          0.0292 |
|                          SAC/Alpha |         0.00623 |
|                     SAC/LogPi_mean |            1.22 |
|                        SAC/Q1_mean |            99.3 |
|                        SAC/Q2_mean |            99.3 |
|                   Norm/actor_model |             171 |
|                  Norm/critic_model |             172 |
|     Norm/state_action_metric_model |            76.7 |
|            Norm/state_metric_model |            84.2 |
|         Metric/self_state_distance |        4.29e-05 |
|        Metric/cross_state_distance |           0.936 |
|  Metric/self_state_action_distance |        0.000826 |
| Metric/cross_state_action_distance |            0.92 |
|    Metric/avg_self_state_asymmetry |               0 |
|   Metric/avg_cross_state_asymmetry |         0.00158 |
|       Metric/avg_self_sa_asymmetry |               0 |
|      Metric/avg_cross_sa_asymmetry |         0.00165 |
|                        Eval/Return |             971 |
--------------------------------------------------------
--------------------------------------------------------
|                        Train/Steps |        2.57e+06 |
|                   Loss/Loss_critic |          0.0748 |
|                    Loss/Loss_actor |           -99.1 |
|                    Loss/Loss_alpha |       -0.000493 |
|      Loss/Loss_state_action_metric |         0.00302 |
|             Loss/Loss_state_metric |          0.0024 |
|                  Loss/Act_rep_loss |          0.0215 |
|                          SAC/Alpha |         0.00561 |
|                     SAC/LogPi_mean |           0.899 |
|                        SAC/Q1_mean |            99.1 |
|                        SAC/Q2_mean |            99.1 |
|                   Norm/actor_model |             175 |
|                  Norm/critic_model |             176 |
|     Norm/state_action_metric_model |            78.8 |
|            Norm/state_metric_model |            85.9 |
|         Metric/self_state_distance |        7.12e-05 |
|        Metric/cross_state_distance |           0.931 |
|  Metric/self_state_action_distance |        0.000369 |
| Metric/cross_state_action_distance |           0.916 |
|    Metric/avg_self_state_asymmetry |               0 |
|   Metric/avg_cross_state_asymmetry |         0.00129 |
|       Metric/avg_self_sa_asymmetry |               0 |
|      Metric/avg_cross_sa_asymmetry |         0.00167 |
|                        Eval/Return |             958 |
--------------------------------------------------------
--------------------------------------------------------
|                        Train/Steps |         2.7e+06 |
|                   Loss/Loss_critic |          0.0443 |
|                    Loss/Loss_actor |           -98.9 |
|                    Loss/Loss_alpha |        0.000121 |
|      Loss/Loss_state_action_metric |         0.00249 |
|             Loss/Loss_state_metric |          0.0016 |
|                  Loss/Act_rep_loss |           0.026 |
|                          SAC/Alpha |         0.00582 |
|                     SAC/LogPi_mean |            0.94 |
|                        SAC/Q1_mean |            98.9 |
|                        SAC/Q2_mean |              99 |
|                   Norm/actor_model |             178 |
|                  Norm/critic_model |             179 |
|     Norm/state_action_metric_model |            80.9 |
|            Norm/state_metric_model |            88.3 |
|         Metric/self_state_distance |        6.34e-05 |
|        Metric/cross_state_distance |           0.934 |
|  Metric/self_state_action_distance |        0.000196 |
| Metric/cross_state_action_distance |           0.917 |
|    Metric/avg_self_state_asymmetry |               0 |
|   Metric/avg_cross_state_asymmetry |         0.00116 |
|       Metric/avg_self_sa_asymmetry |               0 |
|      Metric/avg_cross_sa_asymmetry |         0.00156 |
|                        Eval/Return |             969 |
--------------------------------------------------------
--------------------------------------------------------
|                        Train/Steps |        2.82e+06 |
|                   Loss/Loss_critic |           0.124 |
|                    Loss/Loss_actor |           -98.9 |
|                    Loss/Loss_alpha |        -0.00113 |
|      Loss/Loss_state_action_metric |         0.00269 |
|             Loss/Loss_state_metric |         0.00205 |
|                  Loss/Act_rep_loss |          0.0222 |
|                          SAC/Alpha |         0.00558 |
|                     SAC/LogPi_mean |             1.3 |
|                        SAC/Q1_mean |            98.8 |
|                        SAC/Q2_mean |              99 |
|                   Norm/actor_model |             181 |
|                  Norm/critic_model |             182 |
|     Norm/state_action_metric_model |            83.6 |
|            Norm/state_metric_model |            91.9 |
|         Metric/self_state_distance |        0.000171 |
|        Metric/cross_state_distance |           0.937 |
|  Metric/self_state_action_distance |        0.000943 |
| Metric/cross_state_action_distance |           0.923 |
|    Metric/avg_self_state_asymmetry |               0 |
|   Metric/avg_cross_state_asymmetry |         0.00134 |
|       Metric/avg_self_sa_asymmetry |               0 |
|      Metric/avg_cross_sa_asymmetry |         0.00189 |
|                        Eval/Return |             978 |
--------------------------------------------------------
--------------------------------------------------------
|                        Train/Steps |        2.95e+06 |
|                   Loss/Loss_critic |          0.0542 |
|                    Loss/Loss_actor |           -99.3 |
|                    Loss/Loss_alpha |       -0.000335 |
|      Loss/Loss_state_action_metric |         0.00279 |
|             Loss/Loss_state_metric |         0.00161 |
|                  Loss/Act_rep_loss |          0.0184 |
|                          SAC/Alpha |          0.0051 |
|                     SAC/LogPi_mean |            1.12 |
|                        SAC/Q1_mean |            99.3 |
|                        SAC/Q2_mean |            99.3 |
|                   Norm/actor_model |             184 |
|                  Norm/critic_model |             185 |
|     Norm/state_action_metric_model |            85.8 |
|            Norm/state_metric_model |            94.1 |
|         Metric/self_state_distance |        0.000125 |
|        Metric/cross_state_distance |           0.936 |
|  Metric/self_state_action_distance |        0.000478 |
| Metric/cross_state_action_distance |           0.919 |
|    Metric/avg_self_state_asymmetry |               0 |
|   Metric/avg_cross_state_asymmetry |        0.000968 |
|       Metric/avg_self_sa_asymmetry |               0 |
|      Metric/avg_cross_sa_asymmetry |         0.00133 |
|                        Eval/Return |             969 |
--------------------------------------------------------
--------------------------------------------------------
|                        Train/Steps |        3.08e+06 |
|                   Loss/Loss_critic |           0.139 |
|                    Loss/Loss_actor |           -99.2 |
|                    Loss/Loss_alpha |          0.0012 |
|      Loss/Loss_state_action_metric |         0.00422 |
|             Loss/Loss_state_metric |         0.00197 |
|                  Loss/Act_rep_loss |          0.0208 |
|                          SAC/Alpha |         0.00467 |
|                     SAC/LogPi_mean |           0.731 |
|                        SAC/Q1_mean |            99.1 |
|                        SAC/Q2_mean |            99.2 |
|                   Norm/actor_model |             187 |
|                  Norm/critic_model |             187 |
|     Norm/state_action_metric_model |            87.9 |
|            Norm/state_metric_model |            96.7 |
|         Metric/self_state_distance |         0.00033 |
|        Metric/cross_state_distance |           0.932 |
|  Metric/self_state_action_distance |        0.000404 |
| Metric/cross_state_action_distance |           0.917 |
|    Metric/avg_self_state_asymmetry |               0 |
|   Metric/avg_cross_state_asymmetry |         0.00116 |
|       Metric/avg_self_sa_asymmetry |               0 |
|      Metric/avg_cross_sa_asymmetry |         0.00168 |
|                        Eval/Return |             958 |
--------------------------------------------------------
[32mSaving model …[0m
[32mDone.[0m
[32mSaving model …[0m
[32mDone.[0m
[32mSaving model …[0m
[32mDone.[0m
[32mSaving model …[0m
[32mDone.[0m
--------------------------------------------------------
|                        Train/Steps |        3.21e+06 |
|                   Loss/Loss_critic |           0.127 |
|                    Loss/Loss_actor |             -99 |
|                    Loss/Loss_alpha |       -0.000289 |
|      Loss/Loss_state_action_metric |          0.0026 |
|             Loss/Loss_state_metric |         0.00161 |
|                  Loss/Act_rep_loss |          0.0238 |
|                          SAC/Alpha |         0.00467 |
|                     SAC/LogPi_mean |            1.01 |
|                        SAC/Q1_mean |            98.9 |
|                        SAC/Q2_mean |            99.1 |
|                   Norm/actor_model |             190 |
|                  Norm/critic_model |             190 |
|     Norm/state_action_metric_model |            90.2 |
|            Norm/state_metric_model |            98.7 |
|         Metric/self_state_distance |        6.19e-05 |
|        Metric/cross_state_distance |           0.936 |
|  Metric/self_state_action_distance |        0.000238 |
| Metric/cross_state_action_distance |           0.922 |
|    Metric/avg_self_state_asymmetry |               0 |
|   Metric/avg_cross_state_asymmetry |         0.00126 |
|       Metric/avg_self_sa_asymmetry |               0 |
|      Metric/avg_cross_sa_asymmetry |          0.0019 |
|                        Eval/Return |             968 |
--------------------------------------------------------
--------------------------------------------------------
|                        Train/Steps |        3.34e+06 |
|                   Loss/Loss_critic |          0.0686 |
|                    Loss/Loss_actor |           -99.4 |
|                    Loss/Loss_alpha |        0.000436 |
|      Loss/Loss_state_action_metric |         0.00375 |
|             Loss/Loss_state_metric |         0.00234 |
|                  Loss/Act_rep_loss |           0.017 |
|                          SAC/Alpha |         0.00426 |
|                     SAC/LogPi_mean |           0.868 |
|                        SAC/Q1_mean |            99.3 |
|                        SAC/Q2_mean |            99.5 |
|                   Norm/actor_model |             193 |
|                  Norm/critic_model |             193 |
|     Norm/state_action_metric_model |            92.6 |
|            Norm/state_metric_model |             101 |
|         Metric/self_state_distance |        0.000256 |
|        Metric/cross_state_distance |            0.93 |
|  Metric/self_state_action_distance |         0.00092 |
| Metric/cross_state_action_distance |           0.917 |
|    Metric/avg_self_state_asymmetry |               0 |
|   Metric/avg_cross_state_asymmetry |         0.00121 |
|       Metric/avg_self_sa_asymmetry |               0 |
|      Metric/avg_cross_sa_asymmetry |          0.0015 |
|                        Eval/Return |             973 |
--------------------------------------------------------
--------------------------------------------------------
|                        Train/Steps |        3.46e+06 |
|                   Loss/Loss_critic |          0.0445 |
|                    Loss/Loss_actor |           -99.3 |
|                    Loss/Loss_alpha |        0.000867 |
|      Loss/Loss_state_action_metric |         0.00267 |
|             Loss/Loss_state_metric |         0.00158 |
|                  Loss/Act_rep_loss |          0.0229 |
|                          SAC/Alpha |         0.00457 |
|                     SAC/LogPi_mean |           0.868 |
|                        SAC/Q1_mean |            99.3 |
|                        SAC/Q2_mean |            99.3 |
|                   Norm/actor_model |             196 |
|                  Norm/critic_model |             196 |
|     Norm/state_action_metric_model |            94.3 |
|            Norm/state_metric_model |             103 |
|         Metric/self_state_distance |        6.07e-05 |
|        Metric/cross_state_distance |            0.93 |
|  Metric/self_state_action_distance |        0.000607 |
| Metric/cross_state_action_distance |           0.915 |
|    Metric/avg_self_state_asymmetry |               0 |
|   Metric/avg_cross_state_asymmetry |         0.00111 |
|       Metric/avg_self_sa_asymmetry |               0 |
|      Metric/avg_cross_sa_asymmetry |          0.0016 |
|                        Eval/Return |             971 |
--------------------------------------------------------
--------------------------------------------------------
|                        Train/Steps |        3.59e+06 |
|                   Loss/Loss_critic |          0.0596 |
|                    Loss/Loss_actor |             -99 |
|                    Loss/Loss_alpha |       -0.000202 |
|      Loss/Loss_state_action_metric |         0.00302 |
|             Loss/Loss_state_metric |         0.00201 |
|                  Loss/Act_rep_loss |          0.0223 |
|                          SAC/Alpha |         0.00403 |
|                     SAC/LogPi_mean |            1.17 |
|                        SAC/Q1_mean |            99.1 |
|                        SAC/Q2_mean |              99 |
|                   Norm/actor_model |             198 |
|                  Norm/critic_model |             198 |
|     Norm/state_action_metric_model |            95.9 |
|            Norm/state_metric_model |             106 |
|         Metric/self_state_distance |        0.000149 |
|        Metric/cross_state_distance |           0.933 |
|  Metric/self_state_action_distance |        0.000232 |
| Metric/cross_state_action_distance |           0.918 |
|    Metric/avg_self_state_asymmetry |               0 |
|   Metric/avg_cross_state_asymmetry |         0.00109 |
|       Metric/avg_self_sa_asymmetry |               0 |
|      Metric/avg_cross_sa_asymmetry |         0.00128 |
|                        Eval/Return |             972 |
--------------------------------------------------------
--------------------------------------------------------
|                        Train/Steps |        3.72e+06 |
|                   Loss/Loss_critic |          0.0817 |
|                    Loss/Loss_actor |           -99.4 |
|                    Loss/Loss_alpha |        0.000786 |
|      Loss/Loss_state_action_metric |         0.00217 |
|             Loss/Loss_state_metric |         0.00156 |
|                  Loss/Act_rep_loss |          0.0185 |
|                          SAC/Alpha |         0.00429 |
|                     SAC/LogPi_mean |           0.843 |
|                        SAC/Q1_mean |            99.4 |
|                        SAC/Q2_mean |            99.4 |
|                   Norm/actor_model |             201 |
|                  Norm/critic_model |             201 |
|     Norm/state_action_metric_model |            98.6 |
|            Norm/state_metric_model |             107 |
|         Metric/self_state_distance |        0.000175 |
|        Metric/cross_state_distance |           0.931 |
|  Metric/self_state_action_distance |        0.000439 |
| Metric/cross_state_action_distance |           0.915 |
|    Metric/avg_self_state_asymmetry |               0 |
|   Metric/avg_cross_state_asymmetry |         0.00113 |
|       Metric/avg_self_sa_asymmetry |               0 |
|      Metric/avg_cross_sa_asymmetry |         0.00141 |
|                        Eval/Return |             979 |
--------------------------------------------------------
--------------------------------------------------------
|                        Train/Steps |        3.85e+06 |
|                   Loss/Loss_critic |           0.157 |
|                    Loss/Loss_actor |           -98.8 |
|                    Loss/Loss_alpha |        0.000464 |
|      Loss/Loss_state_action_metric |          0.0035 |
|             Loss/Loss_state_metric |         0.00238 |
|                  Loss/Act_rep_loss |          0.0202 |
|                          SAC/Alpha |         0.00462 |
|                     SAC/LogPi_mean |           0.874 |
|                        SAC/Q1_mean |            98.8 |
|                        SAC/Q2_mean |            98.9 |
|                   Norm/actor_model |             204 |
|                  Norm/critic_model |             203 |
|     Norm/state_action_metric_model |             100 |
|            Norm/state_metric_model |             110 |
|         Metric/self_state_distance |        0.000312 |
|        Metric/cross_state_distance |           0.931 |
|  Metric/self_state_action_distance |        0.000362 |
| Metric/cross_state_action_distance |           0.918 |
|    Metric/avg_self_state_asymmetry |               0 |
|   Metric/avg_cross_state_asymmetry |         0.00119 |
|       Metric/avg_self_sa_asymmetry |               0 |
|      Metric/avg_cross_sa_asymmetry |         0.00134 |
|                        Eval/Return |             971 |
--------------------------------------------------------
--------------------------------------------------------
|                        Train/Steps |        3.98e+06 |
|                   Loss/Loss_critic |          0.0368 |
|                    Loss/Loss_actor |           -99.2 |
|                    Loss/Loss_alpha |        -0.00146 |
|      Loss/Loss_state_action_metric |         0.00348 |
|             Loss/Loss_state_metric |         0.00197 |
|                  Loss/Act_rep_loss |          0.0171 |
|                          SAC/Alpha |         0.00407 |
|                     SAC/LogPi_mean |            1.28 |
|                        SAC/Q1_mean |            99.2 |
|                        SAC/Q2_mean |            99.3 |
|                   Norm/actor_model |             206 |
|                  Norm/critic_model |             206 |
|     Norm/state_action_metric_model |             102 |
|            Norm/state_metric_model |             112 |
|         Metric/self_state_distance |        0.000288 |
|        Metric/cross_state_distance |            0.93 |
|  Metric/self_state_action_distance |          0.0003 |
| Metric/cross_state_action_distance |           0.916 |
|    Metric/avg_self_state_asymmetry |               0 |
|   Metric/avg_cross_state_asymmetry |        0.000809 |
|       Metric/avg_self_sa_asymmetry |               0 |
|      Metric/avg_cross_sa_asymmetry |         0.00102 |
|                        Eval/Return |             982 |
--------------------------------------------------------
--------------------------------------------------------
|                        Train/Steps |         4.1e+06 |
|                   Loss/Loss_critic |          0.0389 |
|                    Loss/Loss_actor |           -99.5 |
|                    Loss/Loss_alpha |        0.000175 |
|      Loss/Loss_state_action_metric |         0.00356 |
|             Loss/Loss_state_metric |         0.00265 |
|                  Loss/Act_rep_loss |          0.0191 |
|                          SAC/Alpha |         0.00289 |
|                     SAC/LogPi_mean |           0.934 |
|                        SAC/Q1_mean |            99.5 |
|                        SAC/Q2_mean |            99.6 |
|                   Norm/actor_model |             208 |
|                  Norm/critic_model |             208 |
|     Norm/state_action_metric_model |             104 |
|            Norm/state_metric_model |             114 |
|         Metric/self_state_distance |        0.000214 |
|        Metric/cross_state_distance |            0.92 |
|  Metric/self_state_action_distance |        0.000522 |
| Metric/cross_state_action_distance |           0.904 |
|    Metric/avg_self_state_asymmetry |               0 |
|   Metric/avg_cross_state_asymmetry |         0.00106 |
|       Metric/avg_self_sa_asymmetry |               0 |
|      Metric/avg_cross_sa_asymmetry |         0.00112 |
|                        Eval/Return |             970 |
--------------------------------------------------------
[32mSaving model …[0m
[32mDone.[0m
[32mSaving model …[0m
[32mDone.[0m
[32mSaving model …[0m
[32mDone.[0m
[32mSaving model …[0m
[32mDone.[0m
--------------------------------------------------------
|                        Train/Steps |        4.23e+06 |
|                   Loss/Loss_critic |          0.0438 |
|                    Loss/Loss_actor |           -99.4 |
|                    Loss/Loss_alpha |       -7.48e-05 |
|      Loss/Loss_state_action_metric |          0.0031 |
|             Loss/Loss_state_metric |         0.00157 |
|                  Loss/Act_rep_loss |          0.0169 |
|                          SAC/Alpha |         0.00252 |
|                     SAC/LogPi_mean |            1.06 |
|                        SAC/Q1_mean |            99.5 |
|                        SAC/Q2_mean |            99.5 |
|                   Norm/actor_model |             210 |
|                  Norm/critic_model |             210 |
|     Norm/state_action_metric_model |             106 |
|            Norm/state_metric_model |             115 |
|         Metric/self_state_distance |        0.000127 |
|        Metric/cross_state_distance |           0.928 |
|  Metric/self_state_action_distance |        0.000497 |
| Metric/cross_state_action_distance |           0.916 |
|    Metric/avg_self_state_asymmetry |               0 |
|   Metric/avg_cross_state_asymmetry |        0.000965 |
|       Metric/avg_self_sa_asymmetry |               0 |
|      Metric/avg_cross_sa_asymmetry |          0.0011 |
|                        Eval/Return |             961 |
--------------------------------------------------------
--------------------------------------------------------
|                        Train/Steps |        4.36e+06 |
|                   Loss/Loss_critic |           0.029 |
|                    Loss/Loss_actor |           -99.6 |
|                    Loss/Loss_alpha |       -0.000228 |
|      Loss/Loss_state_action_metric |         0.00288 |
|             Loss/Loss_state_metric |         0.00191 |
|                  Loss/Act_rep_loss |          0.0178 |
|                          SAC/Alpha |         0.00215 |
|                     SAC/LogPi_mean |            1.03 |
|                        SAC/Q1_mean |            99.6 |
|                        SAC/Q2_mean |            99.6 |
|                   Norm/actor_model |             213 |
|                  Norm/critic_model |             212 |
|     Norm/state_action_metric_model |             107 |
|            Norm/state_metric_model |             117 |
|         Metric/self_state_distance |        0.000344 |
|        Metric/cross_state_distance |           0.926 |
|  Metric/self_state_action_distance |        0.000647 |
| Metric/cross_state_action_distance |           0.912 |
|    Metric/avg_self_state_asymmetry |               0 |
|   Metric/avg_cross_state_asymmetry |          0.0012 |
|       Metric/avg_self_sa_asymmetry |               0 |
|      Metric/avg_cross_sa_asymmetry |         0.00196 |
|                        Eval/Return |             971 |
--------------------------------------------------------
--------------------------------------------------------
|                        Train/Steps |        4.49e+06 |
|                   Loss/Loss_critic |          0.0697 |
|                    Loss/Loss_actor |           -99.5 |
|                    Loss/Loss_alpha |        6.15e-05 |
|      Loss/Loss_state_action_metric |         0.00282 |
|             Loss/Loss_state_metric |         0.00195 |
|                  Loss/Act_rep_loss |          0.0159 |
|                          SAC/Alpha |          0.0023 |
|                     SAC/LogPi_mean |           0.966 |
|                        SAC/Q1_mean |            99.5 |
|                        SAC/Q2_mean |            99.5 |
|                   Norm/actor_model |             214 |
|                  Norm/critic_model |             214 |
|     Norm/state_action_metric_model |             108 |
|            Norm/state_metric_model |             119 |
|         Metric/self_state_distance |        0.000113 |
|        Metric/cross_state_distance |           0.925 |
|  Metric/self_state_action_distance |        0.000244 |
| Metric/cross_state_action_distance |            0.91 |
|    Metric/avg_self_state_asymmetry |               0 |
|   Metric/avg_cross_state_asymmetry |         0.00126 |
|       Metric/avg_self_sa_asymmetry |               0 |
|      Metric/avg_cross_sa_asymmetry |         0.00113 |
|                        Eval/Return |             965 |
--------------------------------------------------------
--------------------------------------------------------
|                        Train/Steps |        4.62e+06 |
|                   Loss/Loss_critic |          0.0105 |
|                    Loss/Loss_actor |           -99.8 |
|                    Loss/Loss_alpha |        0.000323 |
|      Loss/Loss_state_action_metric |         0.00351 |
|             Loss/Loss_state_metric |         0.00267 |
|                  Loss/Act_rep_loss |          0.0178 |
|                          SAC/Alpha |         0.00222 |
|                     SAC/LogPi_mean |           0.817 |
|                        SAC/Q1_mean |            99.8 |
|                        SAC/Q2_mean |            99.8 |
|                   Norm/actor_model |             216 |
|                  Norm/critic_model |             216 |
|     Norm/state_action_metric_model |             110 |
|            Norm/state_metric_model |             120 |
|         Metric/self_state_distance |        0.000129 |
|        Metric/cross_state_distance |           0.919 |
|  Metric/self_state_action_distance |         0.00059 |
| Metric/cross_state_action_distance |           0.904 |
|    Metric/avg_self_state_asymmetry |               0 |
|   Metric/avg_cross_state_asymmetry |        0.000846 |
|       Metric/avg_self_sa_asymmetry |               0 |
|      Metric/avg_cross_sa_asymmetry |         0.00125 |
|                        Eval/Return |             969 |
--------------------------------------------------------
--------------------------------------------------------
|                        Train/Steps |        4.74e+06 |
|                   Loss/Loss_critic |         0.00954 |
|                    Loss/Loss_actor |           -99.6 |
|                    Loss/Loss_alpha |       -0.000379 |
|      Loss/Loss_state_action_metric |         0.00289 |
|             Loss/Loss_state_metric |         0.00233 |
|                  Loss/Act_rep_loss |          0.0155 |
|                          SAC/Alpha |         0.00208 |
|                     SAC/LogPi_mean |            1.08 |
|                        SAC/Q1_mean |            99.6 |
|                        SAC/Q2_mean |            99.7 |
|                   Norm/actor_model |             218 |
|                  Norm/critic_model |             218 |
|     Norm/state_action_metric_model |             112 |
|            Norm/state_metric_model |             123 |
|         Metric/self_state_distance |         0.00127 |
|        Metric/cross_state_distance |           0.925 |
|  Metric/self_state_action_distance |        0.000624 |
| Metric/cross_state_action_distance |           0.909 |
|    Metric/avg_self_state_asymmetry |               0 |
|   Metric/avg_cross_state_asymmetry |        0.000938 |
|       Metric/avg_self_sa_asymmetry |               0 |
|      Metric/avg_cross_sa_asymmetry |         0.00104 |
|                        Eval/Return |             964 |
--------------------------------------------------------
--------------------------------------------------------
|                        Train/Steps |        4.87e+06 |
|                   Loss/Loss_critic |          0.0825 |
|                    Loss/Loss_actor |           -99.6 |
|                    Loss/Loss_alpha |        0.000187 |
|      Loss/Loss_state_action_metric |         0.00214 |
|             Loss/Loss_state_metric |         0.00154 |
|                  Loss/Act_rep_loss |          0.0152 |
|                          SAC/Alpha |         0.00206 |
|                     SAC/LogPi_mean |           0.902 |
|                        SAC/Q1_mean |            99.7 |
|                        SAC/Q2_mean |            99.6 |
|                   Norm/actor_model |             220 |
|                  Norm/critic_model |             220 |
|     Norm/state_action_metric_model |             113 |
|            Norm/state_metric_model |             124 |
|         Metric/self_state_distance |        0.000109 |
|        Metric/cross_state_distance |           0.929 |
|  Metric/self_state_action_distance |        0.000789 |
| Metric/cross_state_action_distance |           0.911 |
|    Metric/avg_self_state_asymmetry |               0 |
|   Metric/avg_cross_state_asymmetry |        0.000835 |
|       Metric/avg_self_sa_asymmetry |               0 |
|      Metric/avg_cross_sa_asymmetry |         0.00114 |
|                        Eval/Return |             963 |
--------------------------------------------------------
--------------------------------------------------------
|                        Train/Steps |           5e+06 |
|                   Loss/Loss_critic |          0.0295 |
|                    Loss/Loss_actor |           -99.8 |
|                    Loss/Loss_alpha |       -4.76e-05 |
|      Loss/Loss_state_action_metric |         0.00287 |
|             Loss/Loss_state_metric |         0.00152 |
|                  Loss/Act_rep_loss |          0.0183 |
|                          SAC/Alpha |         0.00259 |
|                     SAC/LogPi_mean |           0.989 |
|                        SAC/Q1_mean |            99.8 |
|                        SAC/Q2_mean |            99.8 |
|                   Norm/actor_model |             222 |
|                  Norm/critic_model |             222 |
|     Norm/state_action_metric_model |             114 |
|            Norm/state_metric_model |             125 |
|         Metric/self_state_distance |        5.57e-05 |
|        Metric/cross_state_distance |           0.925 |
|  Metric/self_state_action_distance |          0.0002 |
| Metric/cross_state_action_distance |           0.909 |
|    Metric/avg_self_state_asymmetry |               0 |
|   Metric/avg_cross_state_asymmetry |          0.0014 |
|       Metric/avg_self_sa_asymmetry |               0 |
|      Metric/avg_cross_sa_asymmetry |         0.00112 |
|                        Eval/Return |             977 |
--------------------------------------------------------
[32mSaving model …[0m
[32mDone.[0m
[32mSaving model …[0m
[32mDone.[0m
