E0912 19:19:30.069500 1617999 cuda_executor.cc:1526] Could not get kernel mode driver version: (INVALID_ARGUMENT: Version does not match the format X.Y.Z)
E0912 19:19:30.078096 1617890 cuda_executor.cc:1526] Could not get kernel mode driver version: (INVALID_ARGUMENT: Version does not match the format X.Y.Z)
[32mStart prefilling replay buffer[0m
[32mStart SAC training[0m
[32m{'log_freq': 1000, 'save_freq': 1000000, 'eval_episode_freq': 10, 'hidden_size': 256, 'lr': 0.001, 'max_grad_norm': 0.0, 'gamma': 0.99, 'update_tau': 0.005, 'train_per_step': 8, 'episode_length': 1000, 'warmup_samples': 8192, 'max_replay_size': 4000000, 'batch_size': 512, 'total_env_steps': 5000000, 'init_temperature': 0.1, 'nstep': 3, 'bootstrap_on_truncation': True, 'rep_lr_scale': 1.5, 'vis_feq': 100000, 'n_vis_frames': 4, 'num_envs': 128, 'grad_steps': 50, 'transfer_freq': 10, 'transfer_steps': 8, 'reward_scaling': 1.0, 'num_eval_envs': 128, 'target_entropy': -0.5}[0m
[32m[nstep] nstep=3 bootstrap_on_truncation=True (discount from the buffer already contains gamma^nstep)[0m
-----------------------------------------------------------------
|                                 Train/Steps |        1.36e+05 |
|                            Loss/Loss_critic |        9.85e-07 |
|                             Loss/Loss_actor |          -0.156 |
|                             Loss/Loss_alpha |         0.00165 |
|               Loss/Loss_state_action_metric |         0.00275 |
|                      Loss/Loss_state_metric |         0.00217 |
|             Loss/Loss_state_action_to_state |        1.79e-05 |
|                           Loss/Act_rep_loss |          0.0666 |
|                                   SAC/Alpha |         0.00155 |
|                              SAC/LogPi_mean |          -0.617 |
|                                 SAC/Q1_mean |           0.155 |
|                                 SAC/Q2_mean |           0.156 |
|                            Norm/actor_model |            17.8 |
|                           Norm/critic_model |            23.3 |
|              Norm/state_action_metric_model |            30.4 |
|                     Norm/state_metric_model |              31 |
|        Norm/state_action_state_metric_model |            30.1 |
|                  Metric/self_state_distance |         0.00421 |
|                 Metric/cross_state_distance |           0.922 |
|           Metric/self_state_action_distance |         0.00488 |
|          Metric/cross_state_action_distance |           0.912 |
|             Metric/avg_self_state_asymmetry |               0 |
|            Metric/avg_cross_state_asymmetry |         0.00194 |
|                Metric/avg_self_sa_asymmetry |               0 |
|               Metric/avg_cross_sa_asymmetry |         0.00305 |
|  Metric/self_state_action_to_state_distance |         0.00248 |
| Metric/cross_state_action_to_state_distance |           0.906 |
|                   Metric/h_lambda_diff_self |         0.00245 |
|                  Metric/h_lambda_diff_cross |         0.00575 |
|                                 Eval/Return |               0 |
-----------------------------------------------------------------
-----------------------------------------------------------------
|                                 Train/Steps |        2.64e+05 |
|                            Loss/Loss_critic |        1.85e-08 |
|                             Loss/Loss_actor |         -0.0513 |
|                             Loss/Loss_alpha |        4.02e-05 |
|               Loss/Loss_state_action_metric |         0.00258 |
|                      Loss/Loss_state_metric |         0.00199 |
|             Loss/Loss_state_action_to_state |        2.56e-05 |
|                           Loss/Act_rep_loss |          0.0721 |
|                                   SAC/Alpha |        7.24e-05 |
|                              SAC/LogPi_mean |          -0.058 |
|                                 SAC/Q1_mean |          0.0512 |
|                                 SAC/Q2_mean |          0.0513 |
|                            Norm/actor_model |            24.1 |
|                           Norm/critic_model |            23.3 |
|              Norm/state_action_metric_model |            32.1 |
|                     Norm/state_metric_model |              32 |
|        Norm/state_action_state_metric_model |            32.1 |
|                  Metric/self_state_distance |         0.00264 |
|                 Metric/cross_state_distance |           0.919 |
|           Metric/self_state_action_distance |         0.00294 |
|          Metric/cross_state_action_distance |             0.9 |
|             Metric/avg_self_state_asymmetry |               0 |
|            Metric/avg_cross_state_asymmetry |          0.0044 |
|                Metric/avg_self_sa_asymmetry |               0 |
|               Metric/avg_cross_sa_asymmetry |         0.00334 |
|  Metric/self_state_action_to_state_distance |         0.00311 |
| Metric/cross_state_action_to_state_distance |             0.9 |
|                   Metric/h_lambda_diff_self |         0.00314 |
|                  Metric/h_lambda_diff_cross |         0.00441 |
|                                 Eval/Return |               0 |
-----------------------------------------------------------------
-----------------------------------------------------------------
|                                 Train/Steps |        3.92e+05 |
|                            Loss/Loss_critic |         9.8e-10 |
|                             Loss/Loss_actor |         -0.0154 |
|                             Loss/Loss_alpha |        3.33e-06 |
|               Loss/Loss_state_action_metric |         0.00301 |
|                      Loss/Loss_state_metric |         0.00243 |
|             Loss/Loss_state_action_to_state |        0.000964 |
|                           Loss/Act_rep_loss |          0.0738 |
|                                   SAC/Alpha |        1.25e-05 |
|                              SAC/LogPi_mean |           0.206 |
|                                 SAC/Q1_mean |          0.0154 |
|                                 SAC/Q2_mean |          0.0154 |
|                            Norm/actor_model |            28.1 |
|                           Norm/critic_model |            23.3 |
|              Norm/state_action_metric_model |            32.8 |
|                     Norm/state_metric_model |            32.5 |
|        Norm/state_action_state_metric_model |            35.1 |
|                  Metric/self_state_distance |         0.00284 |
|                 Metric/cross_state_distance |           0.914 |
|           Metric/self_state_action_distance |          0.0008 |
|          Metric/cross_state_action_distance |           0.898 |
|             Metric/avg_self_state_asymmetry |               0 |
|            Metric/avg_cross_state_asymmetry |         0.00109 |
|                Metric/avg_self_sa_asymmetry |               0 |
|               Metric/avg_cross_sa_asymmetry |         0.00102 |
|  Metric/self_state_action_to_state_distance |         0.00541 |
| Metric/cross_state_action_to_state_distance |           0.893 |
|                   Metric/h_lambda_diff_self |         0.00486 |
|                  Metric/h_lambda_diff_cross |         0.00879 |
|                                 Eval/Return |               0 |
-----------------------------------------------------------------
-----------------------------------------------------------------
|                                 Train/Steps |         5.2e+05 |
|                            Loss/Loss_critic |        7.75e-06 |
|                             Loss/Loss_actor |        -0.00425 |
|                             Loss/Loss_alpha |       -4.85e-06 |
|               Loss/Loss_state_action_metric |          0.0023 |
|                      Loss/Loss_state_metric |         0.00147 |
|             Loss/Loss_state_action_to_state |        1.46e-05 |
|                           Loss/Act_rep_loss |          0.0708 |
|                                   SAC/Alpha |        2.44e-05 |
|                              SAC/LogPi_mean |           0.679 |
|                                 SAC/Q1_mean |         0.00459 |
|                                 SAC/Q2_mean |         0.00427 |
|                            Norm/actor_model |            32.3 |
|                           Norm/critic_model |            26.6 |
|              Norm/state_action_metric_model |            34.3 |
|                     Norm/state_metric_model |            33.3 |
|        Norm/state_action_state_metric_model |            38.2 |
|                  Metric/self_state_distance |         0.00207 |
|                 Metric/cross_state_distance |           0.923 |
|           Metric/self_state_action_distance |          0.0225 |
|          Metric/cross_state_action_distance |           0.907 |
|             Metric/avg_self_state_asymmetry |               0 |
|            Metric/avg_cross_state_asymmetry |         0.00124 |
|                Metric/avg_self_sa_asymmetry |               0 |
|               Metric/avg_cross_sa_asymmetry |         0.00285 |
|  Metric/self_state_action_to_state_distance |         0.00119 |
| Metric/cross_state_action_to_state_distance |           0.905 |
|                   Metric/h_lambda_diff_self |          0.0216 |
|                  Metric/h_lambda_diff_cross |         0.00348 |
|                                 Eval/Return |          0.0703 |
-----------------------------------------------------------------
-----------------------------------------------------------------
|                                 Train/Steps |        6.48e+05 |
|                            Loss/Loss_critic |        0.000474 |
|                             Loss/Loss_actor |        -0.00653 |
|                             Loss/Loss_alpha |       -2.02e-05 |
|               Loss/Loss_state_action_metric |         0.00368 |
|                      Loss/Loss_state_metric |          0.0023 |
|             Loss/Loss_state_action_to_state |         0.00048 |
|                           Loss/Act_rep_loss |           0.068 |
|                                   SAC/Alpha |        1.55e-05 |
|                              SAC/LogPi_mean |            1.82 |
|                                 SAC/Q1_mean |         0.00707 |
|                                 SAC/Q2_mean |         0.00661 |
|                            Norm/actor_model |            36.2 |
|                           Norm/critic_model |            30.4 |
|              Norm/state_action_metric_model |            37.1 |
|                     Norm/state_metric_model |            35.9 |
|        Norm/state_action_state_metric_model |            41.5 |
|                  Metric/self_state_distance |        0.000875 |
|                 Metric/cross_state_distance |           0.921 |
|           Metric/self_state_action_distance |          0.0147 |
|          Metric/cross_state_action_distance |           0.904 |
|             Metric/avg_self_state_asymmetry |               0 |
|            Metric/avg_cross_state_asymmetry |          0.0019 |
|                Metric/avg_self_sa_asymmetry |               0 |
|               Metric/avg_cross_sa_asymmetry |         0.00204 |
|  Metric/self_state_action_to_state_distance |         0.00204 |
| Metric/cross_state_action_to_state_distance |           0.903 |
|                   Metric/h_lambda_diff_self |          0.0143 |
|                  Metric/h_lambda_diff_cross |         0.00424 |
|                                 Eval/Return |               0 |
-----------------------------------------------------------------
-----------------------------------------------------------------
|                                 Train/Steps |        7.76e+05 |
|                            Loss/Loss_critic |         0.00388 |
|                             Loss/Loss_actor |         -0.0529 |
|                             Loss/Loss_alpha |        1.01e-05 |
|               Loss/Loss_state_action_metric |          0.0176 |
|                      Loss/Loss_state_metric |         0.00435 |
|             Loss/Loss_state_action_to_state |        0.000742 |
|                           Loss/Act_rep_loss |          0.0379 |
|                                   SAC/Alpha |        0.000124 |
|                              SAC/LogPi_mean |            0.34 |
|                                 SAC/Q1_mean |          0.0539 |
|                                 SAC/Q2_mean |          0.0558 |
|                            Norm/actor_model |            42.4 |
|                           Norm/critic_model |            36.9 |
|              Norm/state_action_metric_model |            42.4 |
|                     Norm/state_metric_model |            40.2 |
|        Norm/state_action_state_metric_model |            44.9 |
|                  Metric/self_state_distance |         0.00755 |
|                 Metric/cross_state_distance |           0.962 |
|           Metric/self_state_action_distance |          0.0276 |
|          Metric/cross_state_action_distance |           0.936 |
|             Metric/avg_self_state_asymmetry |               0 |
|            Metric/avg_cross_state_asymmetry |          0.0155 |
|                Metric/avg_self_sa_asymmetry |               0 |
|               Metric/avg_cross_sa_asymmetry |          0.0113 |
|  Metric/self_state_action_to_state_distance |         0.00793 |
| Metric/cross_state_action_to_state_distance |            0.93 |
|                   Metric/h_lambda_diff_self |          0.0216 |
|                  Metric/h_lambda_diff_cross |          0.0187 |
|                                 Eval/Return |               0 |
-----------------------------------------------------------------
-----------------------------------------------------------------
|                                 Train/Steps |        9.04e+05 |
|                            Loss/Loss_critic |          0.0435 |
|                             Loss/Loss_actor |           -1.02 |
|                             Loss/Loss_alpha |        1.92e-05 |
|               Loss/Loss_state_action_metric |           0.074 |
|                      Loss/Loss_state_metric |          0.0195 |
|             Loss/Loss_state_action_to_state |         0.00101 |
|                           Loss/Act_rep_loss |         0.00586 |
|                                   SAC/Alpha |        0.000711 |
|                              SAC/LogPi_mean |           0.479 |
|                                 SAC/Q1_mean |               1 |
|                                 SAC/Q2_mean |            1.03 |
|                            Norm/actor_model |            53.2 |
|                           Norm/critic_model |            49.1 |
|              Norm/state_action_metric_model |            48.7 |
|                     Norm/state_metric_model |            44.1 |
|        Norm/state_action_state_metric_model |            49.8 |
|                  Metric/self_state_distance |         0.00996 |
|                 Metric/cross_state_distance |            1.03 |
|           Metric/self_state_action_distance |          0.0145 |
|          Metric/cross_state_action_distance |            1.04 |
|             Metric/avg_self_state_asymmetry |               0 |
|            Metric/avg_cross_state_asymmetry |         0.00964 |
|                Metric/avg_self_sa_asymmetry |               0 |
|               Metric/avg_cross_sa_asymmetry |          0.0205 |
|  Metric/self_state_action_to_state_distance |          0.0116 |
| Metric/cross_state_action_to_state_distance |            1.04 |
|                   Metric/h_lambda_diff_self |         0.00731 |
|                  Metric/h_lambda_diff_cross |          0.0215 |
|                                 Eval/Return |             231 |
-----------------------------------------------------------------
-----------------------------------------------------------------
|                                 Train/Steps |        1.03e+06 |
|                            Loss/Loss_critic |             0.1 |
|                             Loss/Loss_actor |           -4.01 |
|                             Loss/Loss_alpha |       -0.000217 |
|               Loss/Loss_state_action_metric |           0.633 |
|                      Loss/Loss_state_metric |           0.165 |
|             Loss/Loss_state_action_to_state |          0.0016 |
|                           Loss/Act_rep_loss |          0.0035 |
|                                   SAC/Alpha |         0.00122 |
|                              SAC/LogPi_mean |           0.635 |
|                                 SAC/Q1_mean |            3.99 |
|                                 SAC/Q2_mean |            4.01 |
|                            Norm/actor_model |            64.2 |
|                           Norm/critic_model |            64.3 |
|              Norm/state_action_metric_model |            53.7 |
|                     Norm/state_metric_model |            46.7 |
|        Norm/state_action_state_metric_model |            52.4 |
|                  Metric/self_state_distance |         0.00853 |
|                 Metric/cross_state_distance |            1.19 |
|           Metric/self_state_action_distance |          0.0145 |
|          Metric/cross_state_action_distance |            1.32 |
|             Metric/avg_self_state_asymmetry |               0 |
|            Metric/avg_cross_state_asymmetry |          0.0143 |
|                Metric/avg_self_sa_asymmetry |               0 |
|               Metric/avg_cross_sa_asymmetry |          0.0303 |
|  Metric/self_state_action_to_state_distance |         0.00615 |
| Metric/cross_state_action_to_state_distance |            1.34 |
|                   Metric/h_lambda_diff_self |          0.0108 |
|                  Metric/h_lambda_diff_cross |          0.0347 |
|                                 Eval/Return |             271 |
-----------------------------------------------------------------
[32mSaving model …[0m
[32mDone.[0m
[32mSaving model …[0m
[32mDone.[0m
-----------------------------------------------------------------
|                                 Train/Steps |        1.16e+06 |
|                            Loss/Loss_critic |           0.125 |
|                             Loss/Loss_actor |           -4.36 |
|                             Loss/Loss_alpha |         0.00067 |
|               Loss/Loss_state_action_metric |           0.458 |
|                      Loss/Loss_state_metric |           0.176 |
|             Loss/Loss_state_action_to_state |          0.0028 |
|                           Loss/Act_rep_loss |         0.00245 |
|                                   SAC/Alpha |         0.00328 |
|                              SAC/LogPi_mean |           0.304 |
|                                 SAC/Q1_mean |            4.36 |
|                                 SAC/Q2_mean |            4.37 |
|                            Norm/actor_model |            72.8 |
|                           Norm/critic_model |            76.8 |
|              Norm/state_action_metric_model |            58.3 |
|                     Norm/state_metric_model |            49.8 |
|        Norm/state_action_state_metric_model |            55.2 |
|                  Metric/self_state_distance |          0.0024 |
|                 Metric/cross_state_distance |            1.22 |
|           Metric/self_state_action_distance |          0.0176 |
|          Metric/cross_state_action_distance |            1.35 |
|             Metric/avg_self_state_asymmetry |               0 |
|            Metric/avg_cross_state_asymmetry |          0.0135 |
|                Metric/avg_self_sa_asymmetry |               0 |
|               Metric/avg_cross_sa_asymmetry |          0.0352 |
|  Metric/self_state_action_to_state_distance |         0.00863 |
| Metric/cross_state_action_to_state_distance |            1.34 |
|                   Metric/h_lambda_diff_self |          0.0119 |
|                  Metric/h_lambda_diff_cross |          0.0296 |
|                                 Eval/Return |             716 |
-----------------------------------------------------------------
-----------------------------------------------------------------
|                                 Train/Steps |        1.29e+06 |
|                            Loss/Loss_critic |           0.263 |
|                             Loss/Loss_actor |           -7.67 |
|                             Loss/Loss_alpha |       -0.000161 |
|               Loss/Loss_state_action_metric |           0.575 |
|                      Loss/Loss_state_metric |           0.204 |
|             Loss/Loss_state_action_to_state |         0.00117 |
|                           Loss/Act_rep_loss |         0.00597 |
|                                   SAC/Alpha |         0.00578 |
|                              SAC/LogPi_mean |           0.618 |
|                                 SAC/Q1_mean |            7.63 |
|                                 SAC/Q2_mean |            7.63 |
|                            Norm/actor_model |            80.3 |
|                           Norm/critic_model |            87.2 |
|              Norm/state_action_metric_model |            63.3 |
|                     Norm/state_metric_model |            53.6 |
|        Norm/state_action_state_metric_model |            58.8 |
|                  Metric/self_state_distance |          0.0124 |
|                 Metric/cross_state_distance |            1.23 |
|           Metric/self_state_action_distance |          0.0292 |
|          Metric/cross_state_action_distance |            1.43 |
|             Metric/avg_self_state_asymmetry |               0 |
|            Metric/avg_cross_state_asymmetry |          0.0144 |
|                Metric/avg_self_sa_asymmetry |               0 |
|               Metric/avg_cross_sa_asymmetry |          0.0329 |
|  Metric/self_state_action_to_state_distance |         0.00686 |
| Metric/cross_state_action_to_state_distance |            1.45 |
|                   Metric/h_lambda_diff_self |          0.0238 |
|                  Metric/h_lambda_diff_cross |          0.0346 |
|                                 Eval/Return |             681 |
-----------------------------------------------------------------
-----------------------------------------------------------------
|                                 Train/Steps |        1.42e+06 |
|                            Loss/Loss_critic |           0.463 |
|                             Loss/Loss_actor |             -16 |
|                             Loss/Loss_alpha |         0.00136 |
|               Loss/Loss_state_action_metric |            1.21 |
|                      Loss/Loss_state_metric |           0.515 |
|             Loss/Loss_state_action_to_state |         0.00178 |
|                           Loss/Act_rep_loss |         0.00836 |
|                                   SAC/Alpha |          0.0146 |
|                              SAC/LogPi_mean |           0.378 |
|                                 SAC/Q1_mean |            16.1 |
|                                 SAC/Q2_mean |              16 |
|                            Norm/actor_model |            87.1 |
|                           Norm/critic_model |            94.6 |
|              Norm/state_action_metric_model |            66.7 |
|                     Norm/state_metric_model |            57.2 |
|        Norm/state_action_state_metric_model |            61.6 |
|                  Metric/self_state_distance |         0.00529 |
|                 Metric/cross_state_distance |            1.56 |
|           Metric/self_state_action_distance |           0.019 |
|          Metric/cross_state_action_distance |            2.02 |
|             Metric/avg_self_state_asymmetry |               0 |
|            Metric/avg_cross_state_asymmetry |          0.0168 |
|                Metric/avg_self_sa_asymmetry |               0 |
|               Metric/avg_cross_sa_asymmetry |          0.0366 |
|  Metric/self_state_action_to_state_distance |         0.00393 |
| Metric/cross_state_action_to_state_distance |            2.02 |
|                   Metric/h_lambda_diff_self |          0.0153 |
|                  Metric/h_lambda_diff_cross |           0.031 |
|                                 Eval/Return |             639 |
-----------------------------------------------------------------
-----------------------------------------------------------------
|                                 Train/Steps |        1.54e+06 |
|                            Loss/Loss_critic |           0.279 |
|                             Loss/Loss_actor |           -20.1 |
|                             Loss/Loss_alpha |         0.00591 |
|               Loss/Loss_state_action_metric |             1.5 |
|                      Loss/Loss_state_metric |           0.561 |
|             Loss/Loss_state_action_to_state |         0.00188 |
|                           Loss/Act_rep_loss |          0.0074 |
|                                   SAC/Alpha |          0.0256 |
|                              SAC/LogPi_mean |            0.28 |
|                                 SAC/Q1_mean |            20.2 |
|                                 SAC/Q2_mean |            20.2 |
|                            Norm/actor_model |            93.2 |
|                           Norm/critic_model |             100 |
|              Norm/state_action_metric_model |            70.1 |
|                     Norm/state_metric_model |            60.8 |
|        Norm/state_action_state_metric_model |            64.1 |
|                  Metric/self_state_distance |          0.0157 |
|                 Metric/cross_state_distance |            1.71 |
|           Metric/self_state_action_distance |          0.0162 |
|          Metric/cross_state_action_distance |            2.27 |
|             Metric/avg_self_state_asymmetry |               0 |
|            Metric/avg_cross_state_asymmetry |          0.0211 |
|                Metric/avg_self_sa_asymmetry |               0 |
|               Metric/avg_cross_sa_asymmetry |          0.0284 |
|  Metric/self_state_action_to_state_distance |         0.00971 |
| Metric/cross_state_action_to_state_distance |            2.26 |
|                   Metric/h_lambda_diff_self |          0.0151 |
|                  Metric/h_lambda_diff_cross |          0.0333 |
|                                 Eval/Return |             787 |
-----------------------------------------------------------------
-----------------------------------------------------------------
|                                 Train/Steps |        1.67e+06 |
|                            Loss/Loss_critic |           0.271 |
|                             Loss/Loss_actor |           -27.3 |
|                             Loss/Loss_alpha |        0.000644 |
|               Loss/Loss_state_action_metric |            2.18 |
|                      Loss/Loss_state_metric |           0.892 |
|             Loss/Loss_state_action_to_state |         0.00133 |
|                           Loss/Act_rep_loss |         0.00746 |
|                                   SAC/Alpha |          0.0353 |
|                              SAC/LogPi_mean |           0.488 |
|                                 SAC/Q1_mean |            27.2 |
|                                 SAC/Q2_mean |            27.3 |
|                            Norm/actor_model |            98.5 |
|                           Norm/critic_model |             104 |
|              Norm/state_action_metric_model |            73.4 |
|                     Norm/state_metric_model |            64.3 |
|        Norm/state_action_state_metric_model |            66.8 |
|                  Metric/self_state_distance |          0.0142 |
|                 Metric/cross_state_distance |            1.96 |
|           Metric/self_state_action_distance |          0.0201 |
|          Metric/cross_state_action_distance |            2.81 |
|             Metric/avg_self_state_asymmetry |               0 |
|            Metric/avg_cross_state_asymmetry |          0.0177 |
|                Metric/avg_self_sa_asymmetry |               0 |
|               Metric/avg_cross_sa_asymmetry |          0.0279 |
|  Metric/self_state_action_to_state_distance |         0.00585 |
| Metric/cross_state_action_to_state_distance |            2.82 |
|                   Metric/h_lambda_diff_self |          0.0149 |
|                  Metric/h_lambda_diff_cross |          0.0374 |
|                                 Eval/Return |             769 |
-----------------------------------------------------------------
-----------------------------------------------------------------
|                                 Train/Steps |         1.8e+06 |
|                            Loss/Loss_critic |           0.245 |
|                             Loss/Loss_actor |           -30.7 |
|                             Loss/Loss_alpha |        -0.00124 |
|               Loss/Loss_state_action_metric |            2.15 |
|                      Loss/Loss_state_metric |           0.803 |
|             Loss/Loss_state_action_to_state |         0.00318 |
|                           Loss/Act_rep_loss |          0.0152 |
|                                   SAC/Alpha |          0.0319 |
|                              SAC/LogPi_mean |           0.555 |
|                                 SAC/Q1_mean |            30.7 |
|                                 SAC/Q2_mean |            30.8 |
|                            Norm/actor_model |             103 |
|                           Norm/critic_model |             107 |
|              Norm/state_action_metric_model |            76.7 |
|                     Norm/state_metric_model |            67.6 |
|        Norm/state_action_state_metric_model |            69.3 |
|                  Metric/self_state_distance |          0.0105 |
|                 Metric/cross_state_distance |            1.92 |
|           Metric/self_state_action_distance |          0.0211 |
|          Metric/cross_state_action_distance |            2.79 |
|             Metric/avg_self_state_asymmetry |               0 |
|            Metric/avg_cross_state_asymmetry |          0.0177 |
|                Metric/avg_self_sa_asymmetry |               0 |
|               Metric/avg_cross_sa_asymmetry |          0.0248 |
|  Metric/self_state_action_to_state_distance |            0.01 |
| Metric/cross_state_action_to_state_distance |            2.76 |
|                   Metric/h_lambda_diff_self |          0.0157 |
|                  Metric/h_lambda_diff_cross |          0.0477 |
|                                 Eval/Return |             711 |
-----------------------------------------------------------------
-----------------------------------------------------------------
|                                 Train/Steps |        1.93e+06 |
|                            Loss/Loss_critic |           0.295 |
|                             Loss/Loss_actor |           -32.7 |
|                             Loss/Loss_alpha |        -0.00164 |
|               Loss/Loss_state_action_metric |            2.69 |
|                      Loss/Loss_state_metric |            1.04 |
|             Loss/Loss_state_action_to_state |         0.00172 |
|                           Loss/Act_rep_loss |         0.00551 |
|                                   SAC/Alpha |          0.0297 |
|                              SAC/LogPi_mean |           0.619 |
|                                 SAC/Q1_mean |            32.7 |
|                                 SAC/Q2_mean |            32.7 |
|                            Norm/actor_model |             108 |
|                           Norm/critic_model |             109 |
|              Norm/state_action_metric_model |            80.1 |
|                     Norm/state_metric_model |            69.9 |
|        Norm/state_action_state_metric_model |            71.8 |
|                  Metric/self_state_distance |           0.018 |
|                 Metric/cross_state_distance |            2.23 |
|           Metric/self_state_action_distance |         0.00846 |
|          Metric/cross_state_action_distance |            3.16 |
|             Metric/avg_self_state_asymmetry |               0 |
|            Metric/avg_cross_state_asymmetry |          0.0174 |
|                Metric/avg_self_sa_asymmetry |               0 |
|               Metric/avg_cross_sa_asymmetry |          0.0269 |
|  Metric/self_state_action_to_state_distance |         0.00448 |
| Metric/cross_state_action_to_state_distance |            3.14 |
|                   Metric/h_lambda_diff_self |         0.00591 |
|                  Metric/h_lambda_diff_cross |          0.0479 |
|                                 Eval/Return |             771 |
-----------------------------------------------------------------
-----------------------------------------------------------------
|                                 Train/Steps |        2.06e+06 |
|                            Loss/Loss_critic |             0.2 |
|                             Loss/Loss_actor |           -34.9 |
|                             Loss/Loss_alpha |         0.00108 |
|               Loss/Loss_state_action_metric |            2.56 |
|                      Loss/Loss_state_metric |            1.13 |
|             Loss/Loss_state_action_to_state |         0.00141 |
|                           Loss/Act_rep_loss |         0.00547 |
|                                   SAC/Alpha |          0.0319 |
|                              SAC/LogPi_mean |           0.476 |
|                                 SAC/Q1_mean |              35 |
|                                 SAC/Q2_mean |            34.9 |
|                            Norm/actor_model |             113 |
|                           Norm/critic_model |             111 |
|              Norm/state_action_metric_model |            83.6 |
|                     Norm/state_metric_model |            73.6 |
|        Norm/state_action_state_metric_model |            74.4 |
|                  Metric/self_state_distance |          0.0195 |
|                 Metric/cross_state_distance |            2.16 |
|           Metric/self_state_action_distance |         0.00965 |
|          Metric/cross_state_action_distance |            2.99 |
|             Metric/avg_self_state_asymmetry |               0 |
|            Metric/avg_cross_state_asymmetry |           0.018 |
|                Metric/avg_self_sa_asymmetry |               0 |
|               Metric/avg_cross_sa_asymmetry |          0.0248 |
|  Metric/self_state_action_to_state_distance |         0.00714 |
| Metric/cross_state_action_to_state_distance |               3 |
|                   Metric/h_lambda_diff_self |          0.0109 |
|                  Metric/h_lambda_diff_cross |          0.0291 |
|                                 Eval/Return |             790 |
-----------------------------------------------------------------
[32mSaving model …[0m
[32mDone.[0m
[32mSaving model …[0m
[32mDone.[0m
-----------------------------------------------------------------
|                                 Train/Steps |        2.18e+06 |
|                            Loss/Loss_critic |           0.196 |
|                             Loss/Loss_actor |           -39.3 |
|                             Loss/Loss_alpha |       -0.000267 |
|               Loss/Loss_state_action_metric |            3.01 |
|                      Loss/Loss_state_metric |            1.23 |
|             Loss/Loss_state_action_to_state |         0.00149 |
|                           Loss/Act_rep_loss |         0.00649 |
|                                   SAC/Alpha |          0.0308 |
|                              SAC/LogPi_mean |           0.486 |
|                                 SAC/Q1_mean |            39.2 |
|                                 SAC/Q2_mean |            39.3 |
|                            Norm/actor_model |             117 |
|                           Norm/critic_model |             113 |
|              Norm/state_action_metric_model |            86.9 |
|                     Norm/state_metric_model |              76 |
|        Norm/state_action_state_metric_model |            76.9 |
|                  Metric/self_state_distance |         0.00518 |
|                 Metric/cross_state_distance |            2.38 |
|           Metric/self_state_action_distance |          0.0177 |
|          Metric/cross_state_action_distance |            3.27 |
|             Metric/avg_self_state_asymmetry |               0 |
|            Metric/avg_cross_state_asymmetry |          0.0189 |
|                Metric/avg_self_sa_asymmetry |               0 |
|               Metric/avg_cross_sa_asymmetry |          0.0284 |
|  Metric/self_state_action_to_state_distance |         0.00414 |
| Metric/cross_state_action_to_state_distance |            3.26 |
|                   Metric/h_lambda_diff_self |          0.0153 |
|                  Metric/h_lambda_diff_cross |          0.0322 |
|                                 Eval/Return |             788 |
-----------------------------------------------------------------
-----------------------------------------------------------------
|                                 Train/Steps |        2.31e+06 |
|                            Loss/Loss_critic |            0.18 |
|                             Loss/Loss_actor |           -40.9 |
|                             Loss/Loss_alpha |        0.000643 |
|               Loss/Loss_state_action_metric |            3.19 |
|                      Loss/Loss_state_metric |            1.32 |
|             Loss/Loss_state_action_to_state |        0.000981 |
|                           Loss/Act_rep_loss |         0.00348 |
|                                   SAC/Alpha |          0.0322 |
|                              SAC/LogPi_mean |           0.525 |
|                                 SAC/Q1_mean |            40.8 |
|                                 SAC/Q2_mean |            40.9 |
|                            Norm/actor_model |             122 |
|                           Norm/critic_model |             115 |
|              Norm/state_action_metric_model |            90.1 |
|                     Norm/state_metric_model |              79 |
|        Norm/state_action_state_metric_model |            79.3 |
|                  Metric/self_state_distance |          0.0119 |
|                 Metric/cross_state_distance |            2.52 |
|           Metric/self_state_action_distance |          0.0319 |
|          Metric/cross_state_action_distance |            3.46 |
|             Metric/avg_self_state_asymmetry |               0 |
|            Metric/avg_cross_state_asymmetry |          0.0176 |
|                Metric/avg_self_sa_asymmetry |               0 |
|               Metric/avg_cross_sa_asymmetry |          0.0254 |
|  Metric/self_state_action_to_state_distance |         0.00537 |
| Metric/cross_state_action_to_state_distance |            3.46 |
|                   Metric/h_lambda_diff_self |          0.0268 |
|                  Metric/h_lambda_diff_cross |          0.0306 |
|                                 Eval/Return |             783 |
-----------------------------------------------------------------
-----------------------------------------------------------------
|                                 Train/Steps |        2.44e+06 |
|                            Loss/Loss_critic |           0.172 |
|                             Loss/Loss_actor |           -47.1 |
|                             Loss/Loss_alpha |         0.00186 |
|               Loss/Loss_state_action_metric |             3.2 |
|                      Loss/Loss_state_metric |            1.59 |
|             Loss/Loss_state_action_to_state |         0.00299 |
|                           Loss/Act_rep_loss |         0.00838 |
|                                   SAC/Alpha |          0.0288 |
|                              SAC/LogPi_mean |           0.423 |
|                                 SAC/Q1_mean |            47.2 |
|                                 SAC/Q2_mean |            47.1 |
|                            Norm/actor_model |             126 |
|                           Norm/critic_model |             118 |
|              Norm/state_action_metric_model |            92.6 |
|                     Norm/state_metric_model |            81.1 |
|        Norm/state_action_state_metric_model |            81.7 |
|                  Metric/self_state_distance |          0.0977 |
|                 Metric/cross_state_distance |            2.66 |
|           Metric/self_state_action_distance |         0.00351 |
|          Metric/cross_state_action_distance |            3.64 |
|             Metric/avg_self_state_asymmetry |               0 |
|            Metric/avg_cross_state_asymmetry |          0.0267 |
|                Metric/avg_self_sa_asymmetry |               0 |
|               Metric/avg_cross_sa_asymmetry |          0.0292 |
|  Metric/self_state_action_to_state_distance |         0.00528 |
| Metric/cross_state_action_to_state_distance |             3.7 |
|                   Metric/h_lambda_diff_self |          0.0048 |
|                  Metric/h_lambda_diff_cross |          0.0703 |
|                                 Eval/Return |             748 |
-----------------------------------------------------------------
-----------------------------------------------------------------
|                                 Train/Steps |        2.57e+06 |
|                            Loss/Loss_critic |           0.177 |
|                             Loss/Loss_actor |           -52.9 |
|                             Loss/Loss_alpha |        0.000699 |
|               Loss/Loss_state_action_metric |            3.28 |
|                      Loss/Loss_state_metric |            1.32 |
|             Loss/Loss_state_action_to_state |         0.00231 |
|                           Loss/Act_rep_loss |         0.00563 |
|                                   SAC/Alpha |          0.0276 |
|                              SAC/LogPi_mean |            0.49 |
|                                 SAC/Q1_mean |            52.8 |
|                                 SAC/Q2_mean |            52.9 |
|                            Norm/actor_model |             131 |
|                           Norm/critic_model |             120 |
|              Norm/state_action_metric_model |            95.5 |
|                     Norm/state_metric_model |            83.6 |
|        Norm/state_action_state_metric_model |            84.1 |
|                  Metric/self_state_distance |           0.013 |
|                 Metric/cross_state_distance |            2.58 |
|           Metric/self_state_action_distance |          0.0146 |
|          Metric/cross_state_action_distance |            3.62 |
|             Metric/avg_self_state_asymmetry |               0 |
|            Metric/avg_cross_state_asymmetry |          0.0454 |
|                Metric/avg_self_sa_asymmetry |               0 |
|               Metric/avg_cross_sa_asymmetry |          0.0435 |
|  Metric/self_state_action_to_state_distance |         0.00383 |
| Metric/cross_state_action_to_state_distance |            3.62 |
|                   Metric/h_lambda_diff_self |           0.012 |
|                  Metric/h_lambda_diff_cross |          0.0579 |
|                                 Eval/Return |             787 |
-----------------------------------------------------------------
-----------------------------------------------------------------
|                                 Train/Steps |         2.7e+06 |
|                            Loss/Loss_critic |           0.211 |
|                             Loss/Loss_actor |           -50.4 |
|                             Loss/Loss_alpha |         0.00249 |
|               Loss/Loss_state_action_metric |            3.37 |
|                      Loss/Loss_state_metric |             1.5 |
|             Loss/Loss_state_action_to_state |         0.00171 |
|                           Loss/Act_rep_loss |         0.00322 |
|                                   SAC/Alpha |          0.0282 |
|                              SAC/LogPi_mean |           0.429 |
|                                 SAC/Q1_mean |            50.4 |
|                                 SAC/Q2_mean |            50.5 |
|                            Norm/actor_model |             135 |
|                           Norm/critic_model |             123 |
|              Norm/state_action_metric_model |            98.7 |
|                     Norm/state_metric_model |            86.3 |
|        Norm/state_action_state_metric_model |            86.5 |
|                  Metric/self_state_distance |          0.0027 |
|                 Metric/cross_state_distance |            2.59 |
|           Metric/self_state_action_distance |          0.0156 |
|          Metric/cross_state_action_distance |            3.65 |
|             Metric/avg_self_state_asymmetry |               0 |
|            Metric/avg_cross_state_asymmetry |          0.0159 |
|                Metric/avg_self_sa_asymmetry |               0 |
|               Metric/avg_cross_sa_asymmetry |          0.0265 |
|  Metric/self_state_action_to_state_distance |         0.00943 |
| Metric/cross_state_action_to_state_distance |            3.64 |
|                   Metric/h_lambda_diff_self |          0.0103 |
|                  Metric/h_lambda_diff_cross |          0.0489 |
|                                 Eval/Return |             787 |
-----------------------------------------------------------------
-----------------------------------------------------------------
|                                 Train/Steps |        2.82e+06 |
|                            Loss/Loss_critic |           0.131 |
|                             Loss/Loss_actor |           -51.2 |
|                             Loss/Loss_alpha |        9.53e-05 |
|               Loss/Loss_state_action_metric |            3.36 |
|                      Loss/Loss_state_metric |            1.45 |
|             Loss/Loss_state_action_to_state |         0.00242 |
|                           Loss/Act_rep_loss |         0.00388 |
|                                   SAC/Alpha |          0.0289 |
|                              SAC/LogPi_mean |           0.467 |
|                                 SAC/Q1_mean |            51.2 |
|                                 SAC/Q2_mean |            51.3 |
|                            Norm/actor_model |             138 |
|                           Norm/critic_model |             125 |
|              Norm/state_action_metric_model |             101 |
|                     Norm/state_metric_model |            89.4 |
|        Norm/state_action_state_metric_model |            88.7 |
|                  Metric/self_state_distance |         0.00873 |
|                 Metric/cross_state_distance |            2.57 |
|           Metric/self_state_action_distance |         0.00503 |
|          Metric/cross_state_action_distance |            3.75 |
|             Metric/avg_self_state_asymmetry |               0 |
|            Metric/avg_cross_state_asymmetry |          0.0161 |
|                Metric/avg_self_sa_asymmetry |               0 |
|               Metric/avg_cross_sa_asymmetry |           0.031 |
|  Metric/self_state_action_to_state_distance |         0.00255 |
| Metric/cross_state_action_to_state_distance |             3.7 |
|                   Metric/h_lambda_diff_self |         0.00486 |
|                  Metric/h_lambda_diff_cross |          0.0757 |
|                                 Eval/Return |             795 |
-----------------------------------------------------------------
-----------------------------------------------------------------
|                                 Train/Steps |        2.95e+06 |
|                            Loss/Loss_critic |           0.139 |
|                             Loss/Loss_actor |           -52.9 |
|                             Loss/Loss_alpha |        -0.00049 |
|               Loss/Loss_state_action_metric |            3.57 |
|                      Loss/Loss_state_metric |            1.73 |
|             Loss/Loss_state_action_to_state |         0.00208 |
|                           Loss/Act_rep_loss |         0.00303 |
|                                   SAC/Alpha |          0.0269 |
|                              SAC/LogPi_mean |            0.52 |
|                                 SAC/Q1_mean |            52.9 |
|                                 SAC/Q2_mean |            52.9 |
|                            Norm/actor_model |             142 |
|                           Norm/critic_model |             127 |
|              Norm/state_action_metric_model |             104 |
|                     Norm/state_metric_model |            92.1 |
|        Norm/state_action_state_metric_model |            91.2 |
|                  Metric/self_state_distance |         0.00659 |
|                 Metric/cross_state_distance |            2.78 |
|           Metric/self_state_action_distance |          0.0173 |
|          Metric/cross_state_action_distance |            3.77 |
|             Metric/avg_self_state_asymmetry |               0 |
|            Metric/avg_cross_state_asymmetry |          0.0174 |
|                Metric/avg_self_sa_asymmetry |               0 |
|               Metric/avg_cross_sa_asymmetry |          0.0333 |
|  Metric/self_state_action_to_state_distance |          0.0039 |
| Metric/cross_state_action_to_state_distance |            3.77 |
|                   Metric/h_lambda_diff_self |          0.0138 |
|                  Metric/h_lambda_diff_cross |          0.0356 |
|                                 Eval/Return |             100 |
-----------------------------------------------------------------
-----------------------------------------------------------------
|                                 Train/Steps |        3.08e+06 |
|                            Loss/Loss_critic |           0.147 |
|                             Loss/Loss_actor |           -56.1 |
|                             Loss/Loss_alpha |        0.000138 |
|               Loss/Loss_state_action_metric |            3.42 |
|                      Loss/Loss_state_metric |            1.35 |
|             Loss/Loss_state_action_to_state |         0.00169 |
|                           Loss/Act_rep_loss |         0.00491 |
|                                   SAC/Alpha |          0.0261 |
|                              SAC/LogPi_mean |           0.468 |
|                                 SAC/Q1_mean |            56.2 |
|                                 SAC/Q2_mean |            56.1 |
|                            Norm/actor_model |             145 |
|                           Norm/critic_model |             129 |
|              Norm/state_action_metric_model |             107 |
|                     Norm/state_metric_model |            95.3 |
|        Norm/state_action_state_metric_model |            93.5 |
|                  Metric/self_state_distance |         0.00837 |
|                 Metric/cross_state_distance |             2.5 |
|           Metric/self_state_action_distance |          0.0177 |
|          Metric/cross_state_action_distance |            3.65 |
|             Metric/avg_self_state_asymmetry |               0 |
|            Metric/avg_cross_state_asymmetry |          0.0154 |
|                Metric/avg_self_sa_asymmetry |               0 |
|               Metric/avg_cross_sa_asymmetry |          0.0321 |
|  Metric/self_state_action_to_state_distance |            0.01 |
| Metric/cross_state_action_to_state_distance |            3.66 |
|                   Metric/h_lambda_diff_self |            0.01 |
|                  Metric/h_lambda_diff_cross |           0.049 |
|                                 Eval/Return |             793 |
-----------------------------------------------------------------
[32mSaving model …[0m
[32mDone.[0m
[32mSaving model …[0m
[32mDone.[0m
-----------------------------------------------------------------
|                                 Train/Steps |        3.21e+06 |
|                            Loss/Loss_critic |           0.127 |
|                             Loss/Loss_actor |           -52.2 |
|                             Loss/Loss_alpha |       -0.000587 |
|               Loss/Loss_state_action_metric |            3.08 |
|                      Loss/Loss_state_metric |            1.33 |
|             Loss/Loss_state_action_to_state |         0.00166 |
|                           Loss/Act_rep_loss |         0.00334 |
|                                   SAC/Alpha |          0.0258 |
|                              SAC/LogPi_mean |            0.53 |
|                                 SAC/Q1_mean |            52.2 |
|                                 SAC/Q2_mean |            52.2 |
|                            Norm/actor_model |             148 |
|                           Norm/critic_model |             131 |
|              Norm/state_action_metric_model |             110 |
|                     Norm/state_metric_model |            97.9 |
|        Norm/state_action_state_metric_model |            95.9 |
|                  Metric/self_state_distance |          0.0076 |
|                 Metric/cross_state_distance |            2.51 |
|           Metric/self_state_action_distance |          0.0145 |
|          Metric/cross_state_action_distance |            3.47 |
|             Metric/avg_self_state_asymmetry |               0 |
|            Metric/avg_cross_state_asymmetry |          0.0147 |
|                Metric/avg_self_sa_asymmetry |               0 |
|               Metric/avg_cross_sa_asymmetry |          0.0307 |
|  Metric/self_state_action_to_state_distance |         0.00522 |
| Metric/cross_state_action_to_state_distance |            3.44 |
|                   Metric/h_lambda_diff_self |          0.0115 |
|                  Metric/h_lambda_diff_cross |          0.0552 |
|                                 Eval/Return |             792 |
-----------------------------------------------------------------
-----------------------------------------------------------------
|                                 Train/Steps |        3.34e+06 |
|                            Loss/Loss_critic |           0.148 |
|                             Loss/Loss_actor |           -57.8 |
|                             Loss/Loss_alpha |         0.00238 |
|               Loss/Loss_state_action_metric |            3.26 |
|                      Loss/Loss_state_metric |            1.47 |
|             Loss/Loss_state_action_to_state |         0.00206 |
|                           Loss/Act_rep_loss |         0.00369 |
|                                   SAC/Alpha |          0.0241 |
|                              SAC/LogPi_mean |           0.417 |
|                                 SAC/Q1_mean |            57.8 |
|                                 SAC/Q2_mean |            57.8 |
|                            Norm/actor_model |             152 |
|                           Norm/critic_model |             133 |
|              Norm/state_action_metric_model |             113 |
|                     Norm/state_metric_model |             100 |
|        Norm/state_action_state_metric_model |            98.5 |
|                  Metric/self_state_distance |         0.00474 |
|                 Metric/cross_state_distance |            2.56 |
|           Metric/self_state_action_distance |          0.0183 |
|          Metric/cross_state_action_distance |            3.54 |
|             Metric/avg_self_state_asymmetry |               0 |
|            Metric/avg_cross_state_asymmetry |          0.0164 |
|                Metric/avg_self_sa_asymmetry |               0 |
|               Metric/avg_cross_sa_asymmetry |            0.03 |
|  Metric/self_state_action_to_state_distance |          0.0145 |
| Metric/cross_state_action_to_state_distance |            3.55 |
|                   Metric/h_lambda_diff_self |          0.0143 |
|                  Metric/h_lambda_diff_cross |          0.0398 |
|                                 Eval/Return |             790 |
-----------------------------------------------------------------
-----------------------------------------------------------------
|                                 Train/Steps |        3.46e+06 |
|                            Loss/Loss_critic |           0.132 |
|                             Loss/Loss_actor |           -57.5 |
|                             Loss/Loss_alpha |        0.000532 |
|               Loss/Loss_state_action_metric |            3.19 |
|                      Loss/Loss_state_metric |            1.55 |
|             Loss/Loss_state_action_to_state |         0.00115 |
|                           Loss/Act_rep_loss |         0.00236 |
|                                   SAC/Alpha |          0.0228 |
|                              SAC/LogPi_mean |           0.488 |
|                                 SAC/Q1_mean |            57.6 |
|                                 SAC/Q2_mean |            57.5 |
|                            Norm/actor_model |             155 |
|                           Norm/critic_model |             134 |
|              Norm/state_action_metric_model |             116 |
|                     Norm/state_metric_model |             103 |
|        Norm/state_action_state_metric_model |             101 |
|                  Metric/self_state_distance |          0.0103 |
|                 Metric/cross_state_distance |            2.57 |
|           Metric/self_state_action_distance |           0.019 |
|          Metric/cross_state_action_distance |            3.59 |
|             Metric/avg_self_state_asymmetry |               0 |
|            Metric/avg_cross_state_asymmetry |          0.0141 |
|                Metric/avg_self_sa_asymmetry |               0 |
|               Metric/avg_cross_sa_asymmetry |          0.0246 |
|  Metric/self_state_action_to_state_distance |         0.00407 |
| Metric/cross_state_action_to_state_distance |            3.58 |
|                   Metric/h_lambda_diff_self |          0.0151 |
|                  Metric/h_lambda_diff_cross |          0.0333 |
|                                 Eval/Return |             787 |
-----------------------------------------------------------------
-----------------------------------------------------------------
|                                 Train/Steps |        3.59e+06 |
|                            Loss/Loss_critic |           0.139 |
|                             Loss/Loss_actor |           -56.8 |
|                             Loss/Loss_alpha |        -0.00284 |
|               Loss/Loss_state_action_metric |            3.97 |
|                      Loss/Loss_state_metric |            1.59 |
|             Loss/Loss_state_action_to_state |         0.00416 |
|                           Loss/Act_rep_loss |         0.00347 |
|                                   SAC/Alpha |          0.0225 |
|                              SAC/LogPi_mean |           0.598 |
|                                 SAC/Q1_mean |            56.8 |
|                                 SAC/Q2_mean |            56.8 |
|                            Norm/actor_model |             158 |
|                           Norm/critic_model |             135 |
|              Norm/state_action_metric_model |             119 |
|                     Norm/state_metric_model |             106 |
|        Norm/state_action_state_metric_model |             104 |
|                  Metric/self_state_distance |         0.00941 |
|                 Metric/cross_state_distance |            2.74 |
|           Metric/self_state_action_distance |          0.0144 |
|          Metric/cross_state_action_distance |            4.02 |
|             Metric/avg_self_state_asymmetry |               0 |
|            Metric/avg_cross_state_asymmetry |          0.0147 |
|                Metric/avg_self_sa_asymmetry |               0 |
|               Metric/avg_cross_sa_asymmetry |          0.0284 |
|  Metric/self_state_action_to_state_distance |         0.00369 |
| Metric/cross_state_action_to_state_distance |            4.06 |
|                   Metric/h_lambda_diff_self |          0.0108 |
|                  Metric/h_lambda_diff_cross |          0.0617 |
|                                 Eval/Return |             772 |
-----------------------------------------------------------------
-----------------------------------------------------------------
|                                 Train/Steps |        3.72e+06 |
|                            Loss/Loss_critic |          0.0803 |
|                             Loss/Loss_actor |             -62 |
|                             Loss/Loss_alpha |       -0.000254 |
|               Loss/Loss_state_action_metric |             3.8 |
|                      Loss/Loss_state_metric |             1.7 |
|             Loss/Loss_state_action_to_state |         0.00189 |
|                           Loss/Act_rep_loss |          0.0035 |
|                                   SAC/Alpha |          0.0209 |
|                              SAC/LogPi_mean |           0.523 |
|                                 SAC/Q1_mean |              62 |
|                                 SAC/Q2_mean |              62 |
|                            Norm/actor_model |             161 |
|                           Norm/critic_model |             136 |
|              Norm/state_action_metric_model |             122 |
|                     Norm/state_metric_model |             109 |
|        Norm/state_action_state_metric_model |             106 |
|                  Metric/self_state_distance |         0.00851 |
|                 Metric/cross_state_distance |            2.72 |
|           Metric/self_state_action_distance |          0.0132 |
|          Metric/cross_state_action_distance |            3.72 |
|             Metric/avg_self_state_asymmetry |               0 |
|            Metric/avg_cross_state_asymmetry |          0.0166 |
|                Metric/avg_self_sa_asymmetry |               0 |
|               Metric/avg_cross_sa_asymmetry |          0.0298 |
|  Metric/self_state_action_to_state_distance |         0.00805 |
| Metric/cross_state_action_to_state_distance |            3.68 |
|                   Metric/h_lambda_diff_self |         0.00923 |
|                  Metric/h_lambda_diff_cross |          0.0523 |
|                                 Eval/Return |             794 |
-----------------------------------------------------------------
-----------------------------------------------------------------
|                                 Train/Steps |        3.85e+06 |
|                            Loss/Loss_critic |           0.125 |
|                             Loss/Loss_actor |           -63.7 |
|                             Loss/Loss_alpha |         0.00221 |
|               Loss/Loss_state_action_metric |            3.59 |
|                      Loss/Loss_state_metric |             1.4 |
|             Loss/Loss_state_action_to_state |        0.000996 |
|                           Loss/Act_rep_loss |         0.00389 |
|                                   SAC/Alpha |          0.0222 |
|                              SAC/LogPi_mean |           0.347 |
|                                 SAC/Q1_mean |            63.7 |
|                                 SAC/Q2_mean |            63.8 |
|                            Norm/actor_model |             164 |
|                           Norm/critic_model |             138 |
|              Norm/state_action_metric_model |             125 |
|                     Norm/state_metric_model |             112 |
|        Norm/state_action_state_metric_model |             109 |
|                  Metric/self_state_distance |          0.0104 |
|                 Metric/cross_state_distance |            2.57 |
|           Metric/self_state_action_distance |            0.02 |
|          Metric/cross_state_action_distance |            3.74 |
|             Metric/avg_self_state_asymmetry |               0 |
|            Metric/avg_cross_state_asymmetry |          0.0134 |
|                Metric/avg_self_sa_asymmetry |               0 |
|               Metric/avg_cross_sa_asymmetry |           0.024 |
|  Metric/self_state_action_to_state_distance |         0.00351 |
| Metric/cross_state_action_to_state_distance |            3.75 |
|                   Metric/h_lambda_diff_self |          0.0166 |
|                  Metric/h_lambda_diff_cross |          0.0293 |
|                                 Eval/Return |             783 |
-----------------------------------------------------------------
-----------------------------------------------------------------
|                                 Train/Steps |        3.98e+06 |
|                            Loss/Loss_critic |           0.137 |
|                             Loss/Loss_actor |           -59.9 |
|                             Loss/Loss_alpha |        -0.00258 |
|               Loss/Loss_state_action_metric |            3.85 |
|                      Loss/Loss_state_metric |            1.54 |
|             Loss/Loss_state_action_to_state |         0.00116 |
|                           Loss/Act_rep_loss |         0.00326 |
|                                   SAC/Alpha |          0.0207 |
|                              SAC/LogPi_mean |             0.6 |
|                                 SAC/Q1_mean |            59.9 |
|                                 SAC/Q2_mean |            59.9 |
|                            Norm/actor_model |             167 |
|                           Norm/critic_model |             139 |
|              Norm/state_action_metric_model |             128 |
|                     Norm/state_metric_model |             114 |
|        Norm/state_action_state_metric_model |             112 |
|                  Metric/self_state_distance |         0.00472 |
|                 Metric/cross_state_distance |            2.63 |
|           Metric/self_state_action_distance |          0.0122 |
|          Metric/cross_state_action_distance |            3.83 |
|             Metric/avg_self_state_asymmetry |               0 |
|            Metric/avg_cross_state_asymmetry |          0.0126 |
|                Metric/avg_self_sa_asymmetry |               0 |
|               Metric/avg_cross_sa_asymmetry |          0.0267 |
|  Metric/self_state_action_to_state_distance |         0.00234 |
| Metric/cross_state_action_to_state_distance |            3.82 |
|                   Metric/h_lambda_diff_self |         0.00995 |
|                  Metric/h_lambda_diff_cross |          0.0307 |
|                                 Eval/Return |             788 |
-----------------------------------------------------------------
-----------------------------------------------------------------
|                                 Train/Steps |         4.1e+06 |
|                            Loss/Loss_critic |           0.122 |
|                             Loss/Loss_actor |           -63.2 |
|                             Loss/Loss_alpha |         0.00165 |
|               Loss/Loss_state_action_metric |            3.11 |
|                      Loss/Loss_state_metric |            1.16 |
|             Loss/Loss_state_action_to_state |         0.00197 |
|                           Loss/Act_rep_loss |          0.0149 |
|                                   SAC/Alpha |          0.0201 |
|                              SAC/LogPi_mean |           0.445 |
|                                 SAC/Q1_mean |            63.3 |
|                                 SAC/Q2_mean |            63.2 |
|                            Norm/actor_model |             170 |
|                           Norm/critic_model |             140 |
|              Norm/state_action_metric_model |             130 |
|                     Norm/state_metric_model |             117 |
|        Norm/state_action_state_metric_model |             114 |
|                  Metric/self_state_distance |          0.0587 |
|                 Metric/cross_state_distance |            2.23 |
|           Metric/self_state_action_distance |         0.00394 |
|          Metric/cross_state_action_distance |            3.49 |
|             Metric/avg_self_state_asymmetry |               0 |
|            Metric/avg_cross_state_asymmetry |          0.0518 |
|                Metric/avg_self_sa_asymmetry |               0 |
|               Metric/avg_cross_sa_asymmetry |          0.0333 |
|  Metric/self_state_action_to_state_distance |         0.00726 |
| Metric/cross_state_action_to_state_distance |            3.72 |
|                   Metric/h_lambda_diff_self |         0.00453 |
|                  Metric/h_lambda_diff_cross |           0.237 |
|                                 Eval/Return |             790 |
-----------------------------------------------------------------
[32mSaving model …[0m
[32mDone.[0m
[32mSaving model …[0m
[32mDone.[0m
-----------------------------------------------------------------
|                                 Train/Steps |        4.23e+06 |
|                            Loss/Loss_critic |          0.0837 |
|                             Loss/Loss_actor |           -66.1 |
|                             Loss/Loss_alpha |        -0.00294 |
|               Loss/Loss_state_action_metric |            3.61 |
|                      Loss/Loss_state_metric |            1.75 |
|             Loss/Loss_state_action_to_state |         0.00205 |
|                           Loss/Act_rep_loss |          0.0027 |
|                                   SAC/Alpha |          0.0175 |
|                              SAC/LogPi_mean |           0.583 |
|                                 SAC/Q1_mean |            66.1 |
|                                 SAC/Q2_mean |            66.1 |
|                            Norm/actor_model |             173 |
|                           Norm/critic_model |             141 |
|              Norm/state_action_metric_model |             133 |
|                     Norm/state_metric_model |             120 |
|        Norm/state_action_state_metric_model |             117 |
|                  Metric/self_state_distance |          0.0109 |
|                 Metric/cross_state_distance |            2.74 |
|           Metric/self_state_action_distance |          0.0131 |
|          Metric/cross_state_action_distance |            3.83 |
|             Metric/avg_self_state_asymmetry |               0 |
|            Metric/avg_cross_state_asymmetry |          0.0163 |
|                Metric/avg_self_sa_asymmetry |               0 |
|               Metric/avg_cross_sa_asymmetry |          0.0249 |
|  Metric/self_state_action_to_state_distance |          0.0147 |
| Metric/cross_state_action_to_state_distance |            3.85 |
|                   Metric/h_lambda_diff_self |          0.0109 |
|                  Metric/h_lambda_diff_cross |          0.0347 |
|                                 Eval/Return |             793 |
-----------------------------------------------------------------
-----------------------------------------------------------------
|                                 Train/Steps |        4.36e+06 |
|                            Loss/Loss_critic |           0.127 |
|                             Loss/Loss_actor |           -68.7 |
|                             Loss/Loss_alpha |         -0.0015 |
|               Loss/Loss_state_action_metric |            3.64 |
|                      Loss/Loss_state_metric |            1.66 |
|             Loss/Loss_state_action_to_state |         0.00145 |
|                           Loss/Act_rep_loss |          0.0497 |
|                                   SAC/Alpha |           0.014 |
|                              SAC/LogPi_mean |           0.578 |
|                                 SAC/Q1_mean |            68.7 |
|                                 SAC/Q2_mean |            68.6 |
|                            Norm/actor_model |             176 |
|                           Norm/critic_model |             142 |
|              Norm/state_action_metric_model |             136 |
|                     Norm/state_metric_model |             123 |
|        Norm/state_action_state_metric_model |             119 |
|                  Metric/self_state_distance |         0.00363 |
|                 Metric/cross_state_distance |            2.62 |
|           Metric/self_state_action_distance |          0.0101 |
|          Metric/cross_state_action_distance |            3.84 |
|             Metric/avg_self_state_asymmetry |               0 |
|            Metric/avg_cross_state_asymmetry |          0.0632 |
|                Metric/avg_self_sa_asymmetry |               0 |
|               Metric/avg_cross_sa_asymmetry |          0.0337 |
|  Metric/self_state_action_to_state_distance |         0.00107 |
| Metric/cross_state_action_to_state_distance |            3.88 |
|                   Metric/h_lambda_diff_self |         0.00901 |
|                  Metric/h_lambda_diff_cross |          0.0645 |
|                                 Eval/Return |             787 |
-----------------------------------------------------------------
-----------------------------------------------------------------
|                                 Train/Steps |        4.49e+06 |
|                            Loss/Loss_critic |           0.121 |
|                             Loss/Loss_actor |           -73.3 |
|                             Loss/Loss_alpha |        0.000431 |
|               Loss/Loss_state_action_metric |            3.44 |
|                      Loss/Loss_state_metric |            1.56 |
|             Loss/Loss_state_action_to_state |         0.00176 |
|                           Loss/Act_rep_loss |          0.0246 |
|                                   SAC/Alpha |          0.0131 |
|                              SAC/LogPi_mean |           0.472 |
|                                 SAC/Q1_mean |            73.4 |
|                                 SAC/Q2_mean |            73.4 |
|                            Norm/actor_model |             179 |
|                           Norm/critic_model |             144 |
|              Norm/state_action_metric_model |             139 |
|                     Norm/state_metric_model |             125 |
|        Norm/state_action_state_metric_model |             122 |
|                  Metric/self_state_distance |          0.0323 |
|                 Metric/cross_state_distance |            2.51 |
|           Metric/self_state_action_distance |         0.00681 |
|          Metric/cross_state_action_distance |            3.58 |
|             Metric/avg_self_state_asymmetry |               0 |
|            Metric/avg_cross_state_asymmetry |           0.039 |
|                Metric/avg_self_sa_asymmetry |               0 |
|               Metric/avg_cross_sa_asymmetry |          0.0371 |
|  Metric/self_state_action_to_state_distance |         0.00216 |
| Metric/cross_state_action_to_state_distance |            3.63 |
|                   Metric/h_lambda_diff_self |         0.00508 |
|                  Metric/h_lambda_diff_cross |          0.0705 |
|                                 Eval/Return |             795 |
-----------------------------------------------------------------
-----------------------------------------------------------------
|                                 Train/Steps |        4.62e+06 |
|                            Loss/Loss_critic |          0.0805 |
|                             Loss/Loss_actor |           -75.2 |
|                             Loss/Loss_alpha |         0.00137 |
|               Loss/Loss_state_action_metric |            3.05 |
|                      Loss/Loss_state_metric |            1.44 |
|             Loss/Loss_state_action_to_state |         0.00222 |
|                           Loss/Act_rep_loss |         0.00595 |
|                                   SAC/Alpha |          0.0127 |
|                              SAC/LogPi_mean |            0.36 |
|                                 SAC/Q1_mean |            75.2 |
|                                 SAC/Q2_mean |            75.3 |
|                            Norm/actor_model |             181 |
|                           Norm/critic_model |             145 |
|              Norm/state_action_metric_model |             141 |
|                     Norm/state_metric_model |             128 |
|        Norm/state_action_state_metric_model |             124 |
|                  Metric/self_state_distance |         0.00341 |
|                 Metric/cross_state_distance |            2.49 |
|           Metric/self_state_action_distance |          0.0126 |
|          Metric/cross_state_action_distance |            3.47 |
|             Metric/avg_self_state_asymmetry |               0 |
|            Metric/avg_cross_state_asymmetry |          0.0175 |
|                Metric/avg_self_sa_asymmetry |               0 |
|               Metric/avg_cross_sa_asymmetry |          0.0341 |
|  Metric/self_state_action_to_state_distance |          0.0108 |
| Metric/cross_state_action_to_state_distance |            3.47 |
|                   Metric/h_lambda_diff_self |         0.00759 |
|                  Metric/h_lambda_diff_cross |          0.0409 |
|                                 Eval/Return |             781 |
-----------------------------------------------------------------
-----------------------------------------------------------------
|                                 Train/Steps |        4.74e+06 |
|                            Loss/Loss_critic |           0.178 |
|                             Loss/Loss_actor |           -75.7 |
|                             Loss/Loss_alpha |       -0.000245 |
|               Loss/Loss_state_action_metric |            3.06 |
|                      Loss/Loss_state_metric |            1.31 |
|             Loss/Loss_state_action_to_state |         0.00316 |
|                           Loss/Act_rep_loss |          0.0284 |
|                                   SAC/Alpha |          0.0126 |
|                              SAC/LogPi_mean |           0.552 |
|                                 SAC/Q1_mean |            75.9 |
|                                 SAC/Q2_mean |            75.8 |
|                            Norm/actor_model |             184 |
|                           Norm/critic_model |             146 |
|              Norm/state_action_metric_model |             145 |
|                     Norm/state_metric_model |             131 |
|        Norm/state_action_state_metric_model |             127 |
|                  Metric/self_state_distance |        0.000876 |
|                 Metric/cross_state_distance |            2.34 |
|           Metric/self_state_action_distance |          0.0111 |
|          Metric/cross_state_action_distance |            3.41 |
|             Metric/avg_self_state_asymmetry |               0 |
|            Metric/avg_cross_state_asymmetry |          0.0582 |
|                Metric/avg_self_sa_asymmetry |               0 |
|               Metric/avg_cross_sa_asymmetry |          0.0431 |
|  Metric/self_state_action_to_state_distance |           0.011 |
| Metric/cross_state_action_to_state_distance |            3.37 |
|                   Metric/h_lambda_diff_self |         0.00852 |
|                  Metric/h_lambda_diff_cross |          0.0692 |
|                                 Eval/Return |             770 |
-----------------------------------------------------------------
-----------------------------------------------------------------
|                                 Train/Steps |        4.87e+06 |
|                            Loss/Loss_critic |          0.0454 |
|                             Loss/Loss_actor |           -81.1 |
|                             Loss/Loss_alpha |         0.00026 |
|               Loss/Loss_state_action_metric |            2.74 |
|                      Loss/Loss_state_metric |            1.22 |
|             Loss/Loss_state_action_to_state |         0.00303 |
|                           Loss/Act_rep_loss |         0.00753 |
|                                   SAC/Alpha |         0.00725 |
|                              SAC/LogPi_mean |           0.485 |
|                                 SAC/Q1_mean |            81.2 |
|                                 SAC/Q2_mean |            81.2 |
|                            Norm/actor_model |             186 |
|                           Norm/critic_model |             148 |
|              Norm/state_action_metric_model |             147 |
|                     Norm/state_metric_model |             135 |
|        Norm/state_action_state_metric_model |             130 |
|                  Metric/self_state_distance |          0.0174 |
|                 Metric/cross_state_distance |            2.26 |
|           Metric/self_state_action_distance |         0.00633 |
|          Metric/cross_state_action_distance |            3.09 |
|             Metric/avg_self_state_asymmetry |               0 |
|            Metric/avg_cross_state_asymmetry |          0.0284 |
|                Metric/avg_self_sa_asymmetry |               0 |
|               Metric/avg_cross_sa_asymmetry |          0.0244 |
|  Metric/self_state_action_to_state_distance |          0.0347 |
| Metric/cross_state_action_to_state_distance |            3.09 |
|                   Metric/h_lambda_diff_self |          0.0284 |
|                  Metric/h_lambda_diff_cross |           0.046 |
|                                 Eval/Return |             794 |
-----------------------------------------------------------------
-----------------------------------------------------------------
|                                 Train/Steps |           5e+06 |
|                            Loss/Loss_critic |          0.0535 |
|                             Loss/Loss_actor |           -80.9 |
|                             Loss/Loss_alpha |       -8.73e-05 |
|               Loss/Loss_state_action_metric |            3.32 |
|                      Loss/Loss_state_metric |            1.38 |
|             Loss/Loss_state_action_to_state |         0.00232 |
|                           Loss/Act_rep_loss |          0.0322 |
|                                   SAC/Alpha |         0.00819 |
|                              SAC/LogPi_mean |           0.482 |
|                                 SAC/Q1_mean |              81 |
|                                 SAC/Q2_mean |              81 |
|                            Norm/actor_model |             188 |
|                           Norm/critic_model |             149 |
|              Norm/state_action_metric_model |             150 |
|                     Norm/state_metric_model |             136 |
|        Norm/state_action_state_metric_model |             133 |
|                  Metric/self_state_distance |           0.125 |
|                 Metric/cross_state_distance |            2.34 |
|           Metric/self_state_action_distance |          0.0085 |
|          Metric/cross_state_action_distance |            3.28 |
|             Metric/avg_self_state_asymmetry |               0 |
|            Metric/avg_cross_state_asymmetry |          0.0648 |
|                Metric/avg_self_sa_asymmetry |               0 |
|               Metric/avg_cross_sa_asymmetry |          0.0275 |
|  Metric/self_state_action_to_state_distance |          0.0157 |
| Metric/cross_state_action_to_state_distance |             3.3 |
|                   Metric/h_lambda_diff_self |           0.011 |
|                  Metric/h_lambda_diff_cross |          0.0478 |
|                                 Eval/Return |             786 |
-----------------------------------------------------------------
[32mSaving model …[0m
[32mDone.[0m
[32mSaving model …[0m
[32mDone.[0m
