E0927 04:15:59.515415 3667074 cuda_executor.cc:1526] Could not get kernel mode driver version: (INVALID_ARGUMENT: Version does not match the format X.Y.Z)
E0927 04:15:59.524006 3666964 cuda_executor.cc:1526] Could not get kernel mode driver version: (INVALID_ARGUMENT: Version does not match the format X.Y.Z)
[32mStart prefilling replay buffer[0m
[32mStart SAC training[0m
[32m{'log_freq': 1000, 'save_freq': 1000000, 'eval_episode_freq': 10, 'hidden_size': 256, 'lr': 0.001, 'max_grad_norm': 0.0, 'gamma': 0.99, 'update_tau': 0.005, 'train_per_step': 8, 'episode_length': 1000, 'warmup_samples': 8192, 'max_replay_size': 4000000, 'batch_size': 512, 'total_env_steps': 5000000, 'init_temperature': 0.1, 'nstep': 3, 'bootstrap_on_truncation': True, 'rep_lr_scale': 1.5, 'pair_tau': 0.1, 'vis_feq': 100000, 'n_vis_frames': 4, 'num_envs': 128, 'grad_steps': 50, 'transfer_freq': 10, 'transfer_steps': 8, 'reward_scaling': 1.0, 'num_eval_envs': 128, 'target_entropy': -3.0}[0m
[32m[nstep] nstep=3 bootstrap_on_truncation=True (discount from the buffer already contains gamma^nstep)[0m
-----------------------------------------------------------------
|                                 Train/Steps |        1.36e+05 |
|                            Loss/Loss_critic |           0.112 |
|                             Loss/Loss_actor |           -14.3 |
|                             Loss/Loss_alpha |         -0.0196 |
|               Loss/Loss_state_action_metric |         0.00161 |
|                      Loss/Loss_state_metric |         0.00127 |
|             Loss/Loss_state_action_to_state |        0.000923 |
|                           Loss/Act_rep_loss |          0.0191 |
|                                   SAC/Alpha |          0.0161 |
|                              SAC/LogPi_mean |            4.01 |
|                                 SAC/Q1_mean |            14.1 |
|                                 SAC/Q2_mean |            14.2 |
|                            Norm/actor_model |            45.5 |
|                           Norm/critic_model |            51.8 |
|              Norm/state_action_metric_model |            32.1 |
|                     Norm/state_metric_model |            32.5 |
|        Norm/state_action_state_metric_model |            32.4 |
|                  Metric/self_state_distance |         0.00555 |
|                 Metric/cross_state_distance |            0.97 |
|           Metric/self_state_action_distance |         0.00643 |
|          Metric/cross_state_action_distance |           0.966 |
|             Metric/avg_self_state_asymmetry |               0 |
|            Metric/avg_cross_state_asymmetry |         0.00191 |
|                Metric/avg_self_sa_asymmetry |               0 |
|               Metric/avg_cross_sa_asymmetry |         0.00293 |
|  Metric/self_state_action_to_state_distance |          0.0049 |
| Metric/cross_state_action_to_state_distance |           0.966 |
|                   Metric/h_lambda_diff_self |         0.00664 |
|                  Metric/h_lambda_diff_cross |         0.00538 |
|                                 Eval/Return |             544 |
-----------------------------------------------------------------
-----------------------------------------------------------------
|                                 Train/Steps |        2.64e+05 |
|                            Loss/Loss_critic |           0.195 |
|                             Loss/Loss_actor |           -33.3 |
|                             Loss/Loss_alpha |        -0.00562 |
|               Loss/Loss_state_action_metric |         0.00174 |
|                      Loss/Loss_state_metric |        0.000966 |
|             Loss/Loss_state_action_to_state |        4.55e-05 |
|                           Loss/Act_rep_loss |        0.000652 |
|                                   SAC/Alpha |          0.0251 |
|                              SAC/LogPi_mean |             3.1 |
|                                 SAC/Q1_mean |            33.2 |
|                                 SAC/Q2_mean |            33.3 |
|                            Norm/actor_model |            61.4 |
|                           Norm/critic_model |            72.2 |
|              Norm/state_action_metric_model |            34.9 |
|                     Norm/state_metric_model |            34.7 |
|        Norm/state_action_state_metric_model |            34.4 |
|                  Metric/self_state_distance |         0.00319 |
|                 Metric/cross_state_distance |           0.999 |
|           Metric/self_state_action_distance |          0.0029 |
|          Metric/cross_state_action_distance |           0.998 |
|             Metric/avg_self_state_asymmetry |               0 |
|            Metric/avg_cross_state_asymmetry |         0.00211 |
|                Metric/avg_self_sa_asymmetry |               0 |
|               Metric/avg_cross_sa_asymmetry |         0.00145 |
|  Metric/self_state_action_to_state_distance |         0.00197 |
| Metric/cross_state_action_to_state_distance |           0.995 |
|                   Metric/h_lambda_diff_self |         0.00304 |
|                  Metric/h_lambda_diff_cross |         0.00354 |
|                                 Eval/Return |             711 |
-----------------------------------------------------------------
-----------------------------------------------------------------
|                                 Train/Steps |        3.92e+05 |
|                            Loss/Loss_critic |           0.184 |
|                             Loss/Loss_actor |           -47.9 |
|                             Loss/Loss_alpha |        -0.00572 |
|               Loss/Loss_state_action_metric |         0.00227 |
|                      Loss/Loss_state_metric |        0.000238 |
|             Loss/Loss_state_action_to_state |        8.94e-05 |
|                           Loss/Act_rep_loss |        0.000192 |
|                                   SAC/Alpha |          0.0273 |
|                              SAC/LogPi_mean |            3.12 |
|                                 SAC/Q1_mean |            47.8 |
|                                 SAC/Q2_mean |            47.8 |
|                            Norm/actor_model |            70.7 |
|                           Norm/critic_model |            84.9 |
|              Norm/state_action_metric_model |            37.6 |
|                     Norm/state_metric_model |            37.3 |
|        Norm/state_action_state_metric_model |            37.5 |
|                  Metric/self_state_distance |        0.000777 |
|                 Metric/cross_state_distance |            1.01 |
|           Metric/self_state_action_distance |         0.00644 |
|          Metric/cross_state_action_distance |            1.01 |
|             Metric/avg_self_state_asymmetry |               0 |
|            Metric/avg_cross_state_asymmetry |         0.00159 |
|                Metric/avg_self_sa_asymmetry |               0 |
|               Metric/avg_cross_sa_asymmetry |         0.00274 |
|  Metric/self_state_action_to_state_distance |        0.000398 |
| Metric/cross_state_action_to_state_distance |            1.01 |
|                   Metric/h_lambda_diff_self |         0.00631 |
|                  Metric/h_lambda_diff_cross |         0.00318 |
|                                 Eval/Return |             788 |
-----------------------------------------------------------------
-----------------------------------------------------------------
|                                 Train/Steps |         5.2e+05 |
|                            Loss/Loss_critic |           0.154 |
|                             Loss/Loss_actor |           -58.3 |
|                             Loss/Loss_alpha |       -0.000998 |
|               Loss/Loss_state_action_metric |         0.00121 |
|                      Loss/Loss_state_metric |        0.000471 |
|             Loss/Loss_state_action_to_state |         0.00053 |
|                           Loss/Act_rep_loss |         0.00543 |
|                                   SAC/Alpha |          0.0248 |
|                              SAC/LogPi_mean |            2.93 |
|                                 SAC/Q1_mean |            58.2 |
|                                 SAC/Q2_mean |            58.3 |
|                            Norm/actor_model |            77.4 |
|                           Norm/critic_model |            93.7 |
|              Norm/state_action_metric_model |              40 |
|                     Norm/state_metric_model |            41.1 |
|        Norm/state_action_state_metric_model |            41.1 |
|                  Metric/self_state_distance |         0.00202 |
|                 Metric/cross_state_distance |               1 |
|           Metric/self_state_action_distance |         0.00388 |
|          Metric/cross_state_action_distance |               1 |
|             Metric/avg_self_state_asymmetry |               0 |
|            Metric/avg_cross_state_asymmetry |          0.0019 |
|                Metric/avg_self_sa_asymmetry |               0 |
|               Metric/avg_cross_sa_asymmetry |         0.00381 |
|  Metric/self_state_action_to_state_distance |         0.00401 |
| Metric/cross_state_action_to_state_distance |               1 |
|                   Metric/h_lambda_diff_self |          0.0068 |
|                  Metric/h_lambda_diff_cross |         0.00482 |
|                                 Eval/Return |             829 |
-----------------------------------------------------------------
-----------------------------------------------------------------
|                                 Train/Steps |        6.48e+05 |
|                            Loss/Loss_critic |           0.131 |
|                             Loss/Loss_actor |             -63 |
|                             Loss/Loss_alpha |         0.00624 |
|               Loss/Loss_state_action_metric |         0.00211 |
|                      Loss/Loss_state_metric |         0.00128 |
|             Loss/Loss_state_action_to_state |        0.000623 |
|                           Loss/Act_rep_loss |          0.0122 |
|                                   SAC/Alpha |          0.0232 |
|                              SAC/LogPi_mean |            2.77 |
|                                 SAC/Q1_mean |            62.9 |
|                                 SAC/Q2_mean |            63.1 |
|                            Norm/actor_model |              83 |
|                           Norm/critic_model |             101 |
|              Norm/state_action_metric_model |            42.2 |
|                     Norm/state_metric_model |              45 |
|        Norm/state_action_state_metric_model |            44.6 |
|                  Metric/self_state_distance |         0.00453 |
|                 Metric/cross_state_distance |           0.991 |
|           Metric/self_state_action_distance |         0.00101 |
|          Metric/cross_state_action_distance |            0.99 |
|             Metric/avg_self_state_asymmetry |               0 |
|            Metric/avg_cross_state_asymmetry |         0.00234 |
|                Metric/avg_self_sa_asymmetry |               0 |
|               Metric/avg_cross_sa_asymmetry |         0.00185 |
|  Metric/self_state_action_to_state_distance |         0.00211 |
| Metric/cross_state_action_to_state_distance |           0.991 |
|                   Metric/h_lambda_diff_self |         0.00285 |
|                  Metric/h_lambda_diff_cross |         0.00475 |
|                                 Eval/Return |             838 |
-----------------------------------------------------------------
-----------------------------------------------------------------
|                                 Train/Steps |        7.76e+05 |
|                            Loss/Loss_critic |           0.113 |
|                             Loss/Loss_actor |           -67.5 |
|                             Loss/Loss_alpha |          0.0018 |
|               Loss/Loss_state_action_metric |         0.00217 |
|                      Loss/Loss_state_metric |         0.00105 |
|             Loss/Loss_state_action_to_state |        7.68e-05 |
|                           Loss/Act_rep_loss |          0.0148 |
|                                   SAC/Alpha |          0.0216 |
|                              SAC/LogPi_mean |            3.08 |
|                                 SAC/Q1_mean |            67.5 |
|                                 SAC/Q2_mean |            67.6 |
|                            Norm/actor_model |            87.8 |
|                           Norm/critic_model |             106 |
|              Norm/state_action_metric_model |            44.7 |
|                     Norm/state_metric_model |            47.9 |
|        Norm/state_action_state_metric_model |            47.8 |
|                  Metric/self_state_distance |         0.00113 |
|                 Metric/cross_state_distance |           0.989 |
|           Metric/self_state_action_distance |          0.0019 |
|          Metric/cross_state_action_distance |           0.986 |
|             Metric/avg_self_state_asymmetry |               0 |
|            Metric/avg_cross_state_asymmetry |         0.00216 |
|                Metric/avg_self_sa_asymmetry |               0 |
|               Metric/avg_cross_sa_asymmetry |         0.00205 |
|  Metric/self_state_action_to_state_distance |         0.00208 |
| Metric/cross_state_action_to_state_distance |           0.988 |
|                   Metric/h_lambda_diff_self |         0.00346 |
|                  Metric/h_lambda_diff_cross |         0.00333 |
|                                 Eval/Return |             868 |
-----------------------------------------------------------------
-----------------------------------------------------------------
|                                 Train/Steps |        9.04e+05 |
|                            Loss/Loss_critic |           0.101 |
|                             Loss/Loss_actor |             -71 |
|                             Loss/Loss_alpha |        -0.00188 |
|               Loss/Loss_state_action_metric |         0.00155 |
|                      Loss/Loss_state_metric |        0.000939 |
|             Loss/Loss_state_action_to_state |         0.00068 |
|                           Loss/Act_rep_loss |          0.0197 |
|                                   SAC/Alpha |          0.0207 |
|                              SAC/LogPi_mean |            3.07 |
|                                 SAC/Q1_mean |              71 |
|                                 SAC/Q2_mean |              71 |
|                            Norm/actor_model |            92.1 |
|                           Norm/critic_model |             111 |
|              Norm/state_action_metric_model |            47.5 |
|                     Norm/state_metric_model |            50.8 |
|        Norm/state_action_state_metric_model |            51.5 |
|                  Metric/self_state_distance |        0.000863 |
|                 Metric/cross_state_distance |           0.989 |
|           Metric/self_state_action_distance |         0.00383 |
|          Metric/cross_state_action_distance |           0.987 |
|             Metric/avg_self_state_asymmetry |               0 |
|            Metric/avg_cross_state_asymmetry |          0.0038 |
|                Metric/avg_self_sa_asymmetry |               0 |
|               Metric/avg_cross_sa_asymmetry |         0.00264 |
|  Metric/self_state_action_to_state_distance |          0.0257 |
| Metric/cross_state_action_to_state_distance |           0.987 |
|                   Metric/h_lambda_diff_self |           0.029 |
|                  Metric/h_lambda_diff_cross |         0.00354 |
|                                 Eval/Return |             869 |
-----------------------------------------------------------------
-----------------------------------------------------------------
|                                 Train/Steps |        1.03e+06 |
|                            Loss/Loss_critic |           0.135 |
|                             Loss/Loss_actor |             -74 |
|                             Loss/Loss_alpha |         0.00561 |
|               Loss/Loss_state_action_metric |         0.00128 |
|                      Loss/Loss_state_metric |        0.000313 |
|             Loss/Loss_state_action_to_state |        1.05e-05 |
|                           Loss/Act_rep_loss |          0.0221 |
|                                   SAC/Alpha |            0.02 |
|                              SAC/LogPi_mean |            2.93 |
|                                 SAC/Q1_mean |            73.9 |
|                                 SAC/Q2_mean |              74 |
|                            Norm/actor_model |              96 |
|                           Norm/critic_model |             116 |
|              Norm/state_action_metric_model |            50.1 |
|                     Norm/state_metric_model |            54.4 |
|        Norm/state_action_state_metric_model |            54.6 |
|                  Metric/self_state_distance |        0.000991 |
|                 Metric/cross_state_distance |           0.985 |
|           Metric/self_state_action_distance |         0.00103 |
|          Metric/cross_state_action_distance |           0.982 |
|             Metric/avg_self_state_asymmetry |               0 |
|            Metric/avg_cross_state_asymmetry |         0.00141 |
|                Metric/avg_self_sa_asymmetry |               0 |
|               Metric/avg_cross_sa_asymmetry |         0.00149 |
|  Metric/self_state_action_to_state_distance |        6.19e-05 |
| Metric/cross_state_action_to_state_distance |           0.981 |
|                   Metric/h_lambda_diff_self |           0.001 |
|                  Metric/h_lambda_diff_cross |         0.00241 |
|                                 Eval/Return |             885 |
-----------------------------------------------------------------
[32mSaving model …[0m
[32mDone.[0m
[32mSaving model …[0m
[32mDone.[0m
-----------------------------------------------------------------
|                                 Train/Steps |        1.16e+06 |
|                            Loss/Loss_critic |          0.0848 |
|                             Loss/Loss_actor |           -75.8 |
|                             Loss/Loss_alpha |        -0.00359 |
|               Loss/Loss_state_action_metric |         0.00219 |
|                      Loss/Loss_state_metric |        0.000343 |
|             Loss/Loss_state_action_to_state |        4.54e-05 |
|                           Loss/Act_rep_loss |          0.0232 |
|                                   SAC/Alpha |          0.0204 |
|                              SAC/LogPi_mean |            3.06 |
|                                 SAC/Q1_mean |            75.8 |
|                                 SAC/Q2_mean |            75.8 |
|                            Norm/actor_model |            99.8 |
|                           Norm/critic_model |             121 |
|              Norm/state_action_metric_model |            52.7 |
|                     Norm/state_metric_model |            57.1 |
|        Norm/state_action_state_metric_model |            57.5 |
|                  Metric/self_state_distance |        0.000133 |
|                 Metric/cross_state_distance |           0.984 |
|           Metric/self_state_action_distance |         0.00195 |
|          Metric/cross_state_action_distance |            0.98 |
|             Metric/avg_self_state_asymmetry |               0 |
|            Metric/avg_cross_state_asymmetry |         0.00185 |
|                Metric/avg_self_sa_asymmetry |               0 |
|               Metric/avg_cross_sa_asymmetry |         0.00173 |
|  Metric/self_state_action_to_state_distance |        0.000878 |
| Metric/cross_state_action_to_state_distance |           0.981 |
|                   Metric/h_lambda_diff_self |          0.0027 |
|                  Metric/h_lambda_diff_cross |         0.00386 |
|                                 Eval/Return |             901 |
-----------------------------------------------------------------
-----------------------------------------------------------------
|                                 Train/Steps |        1.29e+06 |
|                            Loss/Loss_critic |           0.127 |
|                             Loss/Loss_actor |           -77.1 |
|                             Loss/Loss_alpha |         -0.0113 |
|               Loss/Loss_state_action_metric |         0.00164 |
|                      Loss/Loss_state_metric |        0.000381 |
|             Loss/Loss_state_action_to_state |        1.34e-05 |
|                           Loss/Act_rep_loss |          0.0221 |
|                                   SAC/Alpha |          0.0202 |
|                              SAC/LogPi_mean |            3.52 |
|                                 SAC/Q1_mean |            77.1 |
|                                 SAC/Q2_mean |            77.2 |
|                            Norm/actor_model |             103 |
|                           Norm/critic_model |             125 |
|              Norm/state_action_metric_model |            55.8 |
|                     Norm/state_metric_model |            60.5 |
|        Norm/state_action_state_metric_model |            60.4 |
|                  Metric/self_state_distance |         0.00118 |
|                 Metric/cross_state_distance |           0.988 |
|           Metric/self_state_action_distance |         0.00331 |
|          Metric/cross_state_action_distance |           0.983 |
|             Metric/avg_self_state_asymmetry |               0 |
|            Metric/avg_cross_state_asymmetry |          0.0013 |
|                Metric/avg_self_sa_asymmetry |               0 |
|               Metric/avg_cross_sa_asymmetry |         0.00155 |
|  Metric/self_state_action_to_state_distance |         0.00027 |
| Metric/cross_state_action_to_state_distance |           0.983 |
|                   Metric/h_lambda_diff_self |         0.00309 |
|                  Metric/h_lambda_diff_cross |         0.00219 |
|                                 Eval/Return |             905 |
-----------------------------------------------------------------
-----------------------------------------------------------------
|                                 Train/Steps |        1.42e+06 |
|                            Loss/Loss_critic |          0.0958 |
|                             Loss/Loss_actor |           -78.6 |
|                             Loss/Loss_alpha |        -0.00356 |
|               Loss/Loss_state_action_metric |         0.00132 |
|                      Loss/Loss_state_metric |         0.00036 |
|             Loss/Loss_state_action_to_state |        7.74e-06 |
|                           Loss/Act_rep_loss |          0.0254 |
|                                   SAC/Alpha |          0.0192 |
|                              SAC/LogPi_mean |            3.37 |
|                                 SAC/Q1_mean |            78.5 |
|                                 SAC/Q2_mean |            78.6 |
|                            Norm/actor_model |             107 |
|                           Norm/critic_model |             129 |
|              Norm/state_action_metric_model |            58.5 |
|                     Norm/state_metric_model |            62.7 |
|        Norm/state_action_state_metric_model |            63.1 |
|                  Metric/self_state_distance |        0.000117 |
|                 Metric/cross_state_distance |           0.983 |
|           Metric/self_state_action_distance |        0.000201 |
|          Metric/cross_state_action_distance |            0.98 |
|             Metric/avg_self_state_asymmetry |               0 |
|            Metric/avg_cross_state_asymmetry |        0.000982 |
|                Metric/avg_self_sa_asymmetry |               0 |
|               Metric/avg_cross_sa_asymmetry |         0.00121 |
|  Metric/self_state_action_to_state_distance |         2.7e-05 |
| Metric/cross_state_action_to_state_distance |           0.979 |
|                   Metric/h_lambda_diff_self |        0.000189 |
|                  Metric/h_lambda_diff_cross |         0.00235 |
|                                 Eval/Return |             902 |
-----------------------------------------------------------------
-----------------------------------------------------------------
|                                 Train/Steps |        1.54e+06 |
|                            Loss/Loss_critic |           0.134 |
|                             Loss/Loss_actor |           -78.8 |
|                             Loss/Loss_alpha |        -0.00303 |
|               Loss/Loss_state_action_metric |         0.00125 |
|                      Loss/Loss_state_metric |        0.000388 |
|             Loss/Loss_state_action_to_state |        8.89e-06 |
|                           Loss/Act_rep_loss |          0.0249 |
|                                   SAC/Alpha |          0.0192 |
|                              SAC/LogPi_mean |            3.11 |
|                                 SAC/Q1_mean |            78.9 |
|                                 SAC/Q2_mean |            78.8 |
|                            Norm/actor_model |             110 |
|                           Norm/critic_model |             133 |
|              Norm/state_action_metric_model |            60.9 |
|                     Norm/state_metric_model |            64.8 |
|        Norm/state_action_state_metric_model |            66.3 |
|                  Metric/self_state_distance |        5.61e-05 |
|                 Metric/cross_state_distance |           0.984 |
|           Metric/self_state_action_distance |        0.000844 |
|          Metric/cross_state_action_distance |            0.98 |
|             Metric/avg_self_state_asymmetry |               0 |
|            Metric/avg_cross_state_asymmetry |         0.00162 |
|                Metric/avg_self_sa_asymmetry |               0 |
|               Metric/avg_cross_sa_asymmetry |         0.00164 |
|  Metric/self_state_action_to_state_distance |        0.000147 |
| Metric/cross_state_action_to_state_distance |           0.979 |
|                   Metric/h_lambda_diff_self |        0.000914 |
|                  Metric/h_lambda_diff_cross |         0.00242 |
|                                 Eval/Return |             854 |
-----------------------------------------------------------------
-----------------------------------------------------------------
|                                 Train/Steps |        1.67e+06 |
|                            Loss/Loss_critic |          0.0893 |
|                             Loss/Loss_actor |           -80.7 |
|                             Loss/Loss_alpha |        -0.00163 |
|               Loss/Loss_state_action_metric |         0.00141 |
|                      Loss/Loss_state_metric |        0.000469 |
|             Loss/Loss_state_action_to_state |        1.58e-05 |
|                           Loss/Act_rep_loss |          0.0246 |
|                                   SAC/Alpha |          0.0193 |
|                              SAC/LogPi_mean |             3.1 |
|                                 SAC/Q1_mean |            80.7 |
|                                 SAC/Q2_mean |            80.8 |
|                            Norm/actor_model |             113 |
|                           Norm/critic_model |             136 |
|              Norm/state_action_metric_model |              64 |
|                     Norm/state_metric_model |            66.9 |
|        Norm/state_action_state_metric_model |            68.8 |
|                  Metric/self_state_distance |        0.000383 |
|                 Metric/cross_state_distance |           0.981 |
|           Metric/self_state_action_distance |        0.000511 |
|          Metric/cross_state_action_distance |           0.978 |
|             Metric/avg_self_state_asymmetry |               0 |
|            Metric/avg_cross_state_asymmetry |         0.00159 |
|                Metric/avg_self_sa_asymmetry |               0 |
|               Metric/avg_cross_sa_asymmetry |          0.0012 |
|  Metric/self_state_action_to_state_distance |          0.0037 |
| Metric/cross_state_action_to_state_distance |           0.978 |
|                   Metric/h_lambda_diff_self |         0.00403 |
|                  Metric/h_lambda_diff_cross |         0.00262 |
|                                 Eval/Return |             906 |
-----------------------------------------------------------------
-----------------------------------------------------------------
|                                 Train/Steps |         1.8e+06 |
|                            Loss/Loss_critic |           0.105 |
|                             Loss/Loss_actor |           -82.9 |
|                             Loss/Loss_alpha |        0.000665 |
|               Loss/Loss_state_action_metric |         0.00147 |
|                      Loss/Loss_state_metric |        0.000547 |
|             Loss/Loss_state_action_to_state |        2.04e-05 |
|                           Loss/Act_rep_loss |          0.0278 |
|                                   SAC/Alpha |          0.0185 |
|                              SAC/LogPi_mean |            3.11 |
|                                 SAC/Q1_mean |            82.9 |
|                                 SAC/Q2_mean |              83 |
|                            Norm/actor_model |             116 |
|                           Norm/critic_model |             140 |
|              Norm/state_action_metric_model |            66.8 |
|                     Norm/state_metric_model |            69.6 |
|        Norm/state_action_state_metric_model |              71 |
|                  Metric/self_state_distance |         0.00015 |
|                 Metric/cross_state_distance |           0.982 |
|           Metric/self_state_action_distance |        0.000687 |
|          Metric/cross_state_action_distance |           0.979 |
|             Metric/avg_self_state_asymmetry |               0 |
|            Metric/avg_cross_state_asymmetry |         0.00124 |
|                Metric/avg_self_sa_asymmetry |               0 |
|               Metric/avg_cross_sa_asymmetry |         0.00117 |
|  Metric/self_state_action_to_state_distance |        0.000369 |
| Metric/cross_state_action_to_state_distance |           0.976 |
|                   Metric/h_lambda_diff_self |        0.000835 |
|                  Metric/h_lambda_diff_cross |          0.0031 |
|                                 Eval/Return |             908 |
-----------------------------------------------------------------
-----------------------------------------------------------------
|                                 Train/Steps |        1.93e+06 |
|                            Loss/Loss_critic |            0.27 |
|                             Loss/Loss_actor |             -82 |
|                             Loss/Loss_alpha |        -0.00284 |
|               Loss/Loss_state_action_metric |         0.00149 |
|                      Loss/Loss_state_metric |        0.000389 |
|             Loss/Loss_state_action_to_state |        1.99e-05 |
|                           Loss/Act_rep_loss |           0.025 |
|                                   SAC/Alpha |          0.0184 |
|                              SAC/LogPi_mean |            3.29 |
|                                 SAC/Q1_mean |            82.1 |
|                                 SAC/Q2_mean |            82.1 |
|                            Norm/actor_model |             119 |
|                           Norm/critic_model |             143 |
|              Norm/state_action_metric_model |            69.2 |
|                     Norm/state_metric_model |            71.8 |
|        Norm/state_action_state_metric_model |            73.1 |
|                  Metric/self_state_distance |        0.000488 |
|                 Metric/cross_state_distance |            0.98 |
|           Metric/self_state_action_distance |        0.000635 |
|          Metric/cross_state_action_distance |           0.976 |
|             Metric/avg_self_state_asymmetry |               0 |
|            Metric/avg_cross_state_asymmetry |         0.00121 |
|                Metric/avg_self_sa_asymmetry |               0 |
|               Metric/avg_cross_sa_asymmetry |         0.00106 |
|  Metric/self_state_action_to_state_distance |         0.00137 |
| Metric/cross_state_action_to_state_distance |           0.975 |
|                   Metric/h_lambda_diff_self |         0.00142 |
|                  Metric/h_lambda_diff_cross |         0.00199 |
|                                 Eval/Return |             911 |
-----------------------------------------------------------------
-----------------------------------------------------------------
|                                 Train/Steps |        2.06e+06 |
|                            Loss/Loss_critic |           0.104 |
|                             Loss/Loss_actor |           -85.6 |
|                             Loss/Loss_alpha |          0.0057 |
|               Loss/Loss_state_action_metric |         0.00124 |
|                      Loss/Loss_state_metric |        0.000392 |
|             Loss/Loss_state_action_to_state |        1.43e-05 |
|                           Loss/Act_rep_loss |          0.0306 |
|                                   SAC/Alpha |          0.0172 |
|                              SAC/LogPi_mean |            2.86 |
|                                 SAC/Q1_mean |            85.6 |
|                                 SAC/Q2_mean |            85.7 |
|                            Norm/actor_model |             122 |
|                           Norm/critic_model |             147 |
|              Norm/state_action_metric_model |              72 |
|                     Norm/state_metric_model |            73.9 |
|        Norm/state_action_state_metric_model |            75.1 |
|                  Metric/self_state_distance |        0.000554 |
|                 Metric/cross_state_distance |           0.972 |
|           Metric/self_state_action_distance |        0.000543 |
|          Metric/cross_state_action_distance |           0.967 |
|             Metric/avg_self_state_asymmetry |               0 |
|            Metric/avg_cross_state_asymmetry |        0.000792 |
|                Metric/avg_self_sa_asymmetry |               0 |
|               Metric/avg_cross_sa_asymmetry |        0.000966 |
|  Metric/self_state_action_to_state_distance |        0.000409 |
| Metric/cross_state_action_to_state_distance |           0.967 |
|                   Metric/h_lambda_diff_self |        0.000417 |
|                  Metric/h_lambda_diff_cross |         0.00177 |
|                                 Eval/Return |             900 |
-----------------------------------------------------------------
[32mSaving model …[0m
[32mDone.[0m
[32mSaving model …[0m
[32mDone.[0m
-----------------------------------------------------------------
|                                 Train/Steps |        2.18e+06 |
|                            Loss/Loss_critic |          0.0922 |
|                             Loss/Loss_actor |           -84.1 |
|                             Loss/Loss_alpha |        0.000422 |
|               Loss/Loss_state_action_metric |         0.00144 |
|                      Loss/Loss_state_metric |        0.000418 |
|             Loss/Loss_state_action_to_state |        4.95e-06 |
|                           Loss/Act_rep_loss |          0.0292 |
|                                   SAC/Alpha |          0.0174 |
|                              SAC/LogPi_mean |            2.86 |
|                                 SAC/Q1_mean |            84.1 |
|                                 SAC/Q2_mean |              84 |
|                            Norm/actor_model |             124 |
|                           Norm/critic_model |             150 |
|              Norm/state_action_metric_model |            74.3 |
|                     Norm/state_metric_model |            76.4 |
|        Norm/state_action_state_metric_model |            77.2 |
|                  Metric/self_state_distance |        3.52e-05 |
|                 Metric/cross_state_distance |           0.977 |
|           Metric/self_state_action_distance |        0.000304 |
|          Metric/cross_state_action_distance |           0.973 |
|             Metric/avg_self_state_asymmetry |               0 |
|            Metric/avg_cross_state_asymmetry |        0.000722 |
|                Metric/avg_self_sa_asymmetry |               0 |
|               Metric/avg_cross_sa_asymmetry |         0.00102 |
|  Metric/self_state_action_to_state_distance |        5.34e-05 |
| Metric/cross_state_action_to_state_distance |           0.972 |
|                   Metric/h_lambda_diff_self |        0.000259 |
|                  Metric/h_lambda_diff_cross |         0.00191 |
|                                 Eval/Return |             913 |
-----------------------------------------------------------------
-----------------------------------------------------------------
|                                 Train/Steps |        2.31e+06 |
|                            Loss/Loss_critic |          0.0846 |
|                             Loss/Loss_actor |           -86.9 |
|                             Loss/Loss_alpha |        -0.00211 |
|               Loss/Loss_state_action_metric |         0.00146 |
|                      Loss/Loss_state_metric |        0.000461 |
|             Loss/Loss_state_action_to_state |        4.32e-05 |
|                           Loss/Act_rep_loss |          0.0304 |
|                                   SAC/Alpha |          0.0158 |
|                              SAC/LogPi_mean |            2.83 |
|                                 SAC/Q1_mean |            86.9 |
|                                 SAC/Q2_mean |            86.9 |
|                            Norm/actor_model |             127 |
|                           Norm/critic_model |             153 |
|              Norm/state_action_metric_model |            76.9 |
|                     Norm/state_metric_model |            78.3 |
|        Norm/state_action_state_metric_model |            79.2 |
|                  Metric/self_state_distance |        0.000966 |
|                 Metric/cross_state_distance |           0.972 |
|           Metric/self_state_action_distance |         0.00123 |
|          Metric/cross_state_action_distance |           0.964 |
|             Metric/avg_self_state_asymmetry |               0 |
|            Metric/avg_cross_state_asymmetry |        0.000727 |
|                Metric/avg_self_sa_asymmetry |               0 |
|               Metric/avg_cross_sa_asymmetry |        0.000985 |
|  Metric/self_state_action_to_state_distance |         0.00082 |
| Metric/cross_state_action_to_state_distance |           0.966 |
|                   Metric/h_lambda_diff_self |        0.000868 |
|                  Metric/h_lambda_diff_cross |         0.00304 |
|                                 Eval/Return |             911 |
-----------------------------------------------------------------
-----------------------------------------------------------------
|                                 Train/Steps |        2.44e+06 |
|                            Loss/Loss_critic |            0.11 |
|                             Loss/Loss_actor |             -86 |
|                             Loss/Loss_alpha |       -0.000664 |
|               Loss/Loss_state_action_metric |         0.00121 |
|                      Loss/Loss_state_metric |        0.000444 |
|             Loss/Loss_state_action_to_state |        8.67e-06 |
|                           Loss/Act_rep_loss |          0.0314 |
|                                   SAC/Alpha |          0.0154 |
|                              SAC/LogPi_mean |            2.93 |
|                                 SAC/Q1_mean |            85.9 |
|                                 SAC/Q2_mean |            86.1 |
|                            Norm/actor_model |             130 |
|                           Norm/critic_model |             156 |
|              Norm/state_action_metric_model |            79.9 |
|                     Norm/state_metric_model |            80.2 |
|        Norm/state_action_state_metric_model |              81 |
|                  Metric/self_state_distance |        3.34e-05 |
|                 Metric/cross_state_distance |           0.974 |
|           Metric/self_state_action_distance |         0.00141 |
|          Metric/cross_state_action_distance |           0.969 |
|             Metric/avg_self_state_asymmetry |               0 |
|            Metric/avg_cross_state_asymmetry |        0.000701 |
|                Metric/avg_self_sa_asymmetry |               0 |
|               Metric/avg_cross_sa_asymmetry |        0.000956 |
|  Metric/self_state_action_to_state_distance |        1.52e-05 |
| Metric/cross_state_action_to_state_distance |           0.968 |
|                   Metric/h_lambda_diff_self |         0.00141 |
|                  Metric/h_lambda_diff_cross |          0.0017 |
|                                 Eval/Return |             915 |
-----------------------------------------------------------------
-----------------------------------------------------------------
|                                 Train/Steps |        2.57e+06 |
|                            Loss/Loss_critic |          0.0866 |
|                             Loss/Loss_actor |             -87 |
|                             Loss/Loss_alpha |         0.00589 |
|               Loss/Loss_state_action_metric |         0.00136 |
|                      Loss/Loss_state_metric |        0.000445 |
|             Loss/Loss_state_action_to_state |        0.000518 |
|                           Loss/Act_rep_loss |          0.0311 |
|                                   SAC/Alpha |          0.0149 |
|                              SAC/LogPi_mean |            2.42 |
|                                 SAC/Q1_mean |              87 |
|                                 SAC/Q2_mean |              87 |
|                            Norm/actor_model |             133 |
|                           Norm/critic_model |             159 |
|              Norm/state_action_metric_model |            82.4 |
|                     Norm/state_metric_model |            81.9 |
|        Norm/state_action_state_metric_model |            83.2 |
|                  Metric/self_state_distance |        0.000159 |
|                 Metric/cross_state_distance |            0.97 |
|           Metric/self_state_action_distance |         0.00244 |
|          Metric/cross_state_action_distance |           0.964 |
|             Metric/avg_self_state_asymmetry |               0 |
|            Metric/avg_cross_state_asymmetry |         0.00214 |
|                Metric/avg_self_sa_asymmetry |               0 |
|               Metric/avg_cross_sa_asymmetry |        0.000945 |
|  Metric/self_state_action_to_state_distance |          0.0044 |
| Metric/cross_state_action_to_state_distance |           0.965 |
|                   Metric/h_lambda_diff_self |         0.00407 |
|                  Metric/h_lambda_diff_cross |         0.00197 |
|                                 Eval/Return |             912 |
-----------------------------------------------------------------
-----------------------------------------------------------------
|                                 Train/Steps |         2.7e+06 |
|                            Loss/Loss_critic |          0.0609 |
|                             Loss/Loss_actor |             -87 |
|                             Loss/Loss_alpha |        0.000868 |
|               Loss/Loss_state_action_metric |         0.00159 |
|                      Loss/Loss_state_metric |         0.00105 |
|             Loss/Loss_state_action_to_state |         0.00286 |
|                           Loss/Act_rep_loss |          0.0302 |
|                                   SAC/Alpha |          0.0148 |
|                              SAC/LogPi_mean |            3.01 |
|                                 SAC/Q1_mean |              87 |
|                                 SAC/Q2_mean |              87 |
|                            Norm/actor_model |             136 |
|                           Norm/critic_model |             162 |
|              Norm/state_action_metric_model |            84.5 |
|                     Norm/state_metric_model |            83.7 |
|        Norm/state_action_state_metric_model |            84.8 |
|                  Metric/self_state_distance |          0.0011 |
|                 Metric/cross_state_distance |           0.975 |
|           Metric/self_state_action_distance |         0.00117 |
|          Metric/cross_state_action_distance |            0.97 |
|             Metric/avg_self_state_asymmetry |               0 |
|            Metric/avg_cross_state_asymmetry |         0.00148 |
|                Metric/avg_self_sa_asymmetry |               0 |
|               Metric/avg_cross_sa_asymmetry |         0.00152 |
|  Metric/self_state_action_to_state_distance |        0.000674 |
| Metric/cross_state_action_to_state_distance |            0.97 |
|                   Metric/h_lambda_diff_self |        0.000926 |
|                  Metric/h_lambda_diff_cross |         0.00378 |
|                                 Eval/Return |             913 |
-----------------------------------------------------------------
-----------------------------------------------------------------
|                                 Train/Steps |        2.82e+06 |
|                            Loss/Loss_critic |          0.0772 |
|                             Loss/Loss_actor |           -87.1 |
|                             Loss/Loss_alpha |        0.000112 |
|               Loss/Loss_state_action_metric |         0.00131 |
|                      Loss/Loss_state_metric |        0.000494 |
|             Loss/Loss_state_action_to_state |        0.000211 |
|                           Loss/Act_rep_loss |          0.0323 |
|                                   SAC/Alpha |          0.0139 |
|                              SAC/LogPi_mean |            3.01 |
|                                 SAC/Q1_mean |              87 |
|                                 SAC/Q2_mean |            87.1 |
|                            Norm/actor_model |             138 |
|                           Norm/critic_model |             165 |
|              Norm/state_action_metric_model |            86.7 |
|                     Norm/state_metric_model |            85.6 |
|        Norm/state_action_state_metric_model |            86.5 |
|                  Metric/self_state_distance |        0.000409 |
|                 Metric/cross_state_distance |           0.974 |
|           Metric/self_state_action_distance |        0.000115 |
|          Metric/cross_state_action_distance |           0.969 |
|             Metric/avg_self_state_asymmetry |               0 |
|            Metric/avg_cross_state_asymmetry |        0.000648 |
|                Metric/avg_self_sa_asymmetry |               0 |
|               Metric/avg_cross_sa_asymmetry |        0.000978 |
|  Metric/self_state_action_to_state_distance |          0.0033 |
| Metric/cross_state_action_to_state_distance |           0.966 |
|                   Metric/h_lambda_diff_self |         0.00322 |
|                  Metric/h_lambda_diff_cross |         0.00296 |
|                                 Eval/Return |             915 |
-----------------------------------------------------------------
-----------------------------------------------------------------
|                                 Train/Steps |        2.95e+06 |
|                            Loss/Loss_critic |          0.0508 |
|                             Loss/Loss_actor |           -88.2 |
|                             Loss/Loss_alpha |        -0.00287 |
|               Loss/Loss_state_action_metric |         0.00146 |
|                      Loss/Loss_state_metric |        0.000486 |
|             Loss/Loss_state_action_to_state |        1.54e-05 |
|                           Loss/Act_rep_loss |          0.0334 |
|                                   SAC/Alpha |          0.0138 |
|                              SAC/LogPi_mean |            3.05 |
|                                 SAC/Q1_mean |            88.2 |
|                                 SAC/Q2_mean |            88.3 |
|                            Norm/actor_model |             141 |
|                           Norm/critic_model |             168 |
|              Norm/state_action_metric_model |            89.4 |
|                     Norm/state_metric_model |            87.5 |
|        Norm/state_action_state_metric_model |              88 |
|                  Metric/self_state_distance |        0.000209 |
|                 Metric/cross_state_distance |           0.971 |
|           Metric/self_state_action_distance |         0.00031 |
|          Metric/cross_state_action_distance |           0.965 |
|             Metric/avg_self_state_asymmetry |               0 |
|            Metric/avg_cross_state_asymmetry |        0.000688 |
|                Metric/avg_self_sa_asymmetry |               0 |
|               Metric/avg_cross_sa_asymmetry |         0.00104 |
|  Metric/self_state_action_to_state_distance |        0.000647 |
| Metric/cross_state_action_to_state_distance |           0.965 |
|                   Metric/h_lambda_diff_self |         0.00074 |
|                  Metric/h_lambda_diff_cross |         0.00215 |
|                                 Eval/Return |             914 |
-----------------------------------------------------------------
-----------------------------------------------------------------
|                                 Train/Steps |        3.08e+06 |
|                            Loss/Loss_critic |          0.0592 |
|                             Loss/Loss_actor |           -88.8 |
|                             Loss/Loss_alpha |         -0.0017 |
|               Loss/Loss_state_action_metric |         0.00184 |
|                      Loss/Loss_state_metric |         0.00048 |
|             Loss/Loss_state_action_to_state |        8.58e-06 |
|                           Loss/Act_rep_loss |          0.0344 |
|                                   SAC/Alpha |          0.0133 |
|                              SAC/LogPi_mean |            3.15 |
|                                 SAC/Q1_mean |            88.8 |
|                                 SAC/Q2_mean |            88.8 |
|                            Norm/actor_model |             143 |
|                           Norm/critic_model |             171 |
|              Norm/state_action_metric_model |            91.7 |
|                     Norm/state_metric_model |            89.6 |
|        Norm/state_action_state_metric_model |            89.6 |
|                  Metric/self_state_distance |        3.59e-05 |
|                 Metric/cross_state_distance |            0.97 |
|           Metric/self_state_action_distance |        0.000845 |
|          Metric/cross_state_action_distance |           0.963 |
|             Metric/avg_self_state_asymmetry |               0 |
|            Metric/avg_cross_state_asymmetry |        0.000642 |
|                Metric/avg_self_sa_asymmetry |               0 |
|               Metric/avg_cross_sa_asymmetry |         0.00121 |
|  Metric/self_state_action_to_state_distance |        0.000408 |
| Metric/cross_state_action_to_state_distance |           0.964 |
|                   Metric/h_lambda_diff_self |         0.00121 |
|                  Metric/h_lambda_diff_cross |         0.00177 |
|                                 Eval/Return |             917 |
-----------------------------------------------------------------
[32mSaving model …[0m
[32mDone.[0m
[32mSaving model …[0m
[32mDone.[0m
-----------------------------------------------------------------
|                                 Train/Steps |        3.21e+06 |
|                            Loss/Loss_critic |          0.0527 |
|                             Loss/Loss_actor |           -89.3 |
|                             Loss/Loss_alpha |         0.00331 |
|               Loss/Loss_state_action_metric |          0.0014 |
|                      Loss/Loss_state_metric |         0.00051 |
|             Loss/Loss_state_action_to_state |           4e-05 |
|                           Loss/Act_rep_loss |          0.0345 |
|                                   SAC/Alpha |          0.0128 |
|                              SAC/LogPi_mean |            2.92 |
|                                 SAC/Q1_mean |            89.3 |
|                                 SAC/Q2_mean |            89.2 |
|                            Norm/actor_model |             146 |
|                           Norm/critic_model |             174 |
|              Norm/state_action_metric_model |            93.4 |
|                     Norm/state_metric_model |            91.3 |
|        Norm/state_action_state_metric_model |            91.2 |
|                  Metric/self_state_distance |        0.000109 |
|                 Metric/cross_state_distance |           0.969 |
|           Metric/self_state_action_distance |        0.000209 |
|          Metric/cross_state_action_distance |           0.962 |
|             Metric/avg_self_state_asymmetry |               0 |
|            Metric/avg_cross_state_asymmetry |        0.000637 |
|                Metric/avg_self_sa_asymmetry |               0 |
|               Metric/avg_cross_sa_asymmetry |          0.0013 |
|  Metric/self_state_action_to_state_distance |        0.000194 |
| Metric/cross_state_action_to_state_distance |           0.963 |
|                   Metric/h_lambda_diff_self |        0.000341 |
|                  Metric/h_lambda_diff_cross |          0.0022 |
|                                 Eval/Return |             913 |
-----------------------------------------------------------------
-----------------------------------------------------------------
|                                 Train/Steps |        3.34e+06 |
|                            Loss/Loss_critic |           0.168 |
|                             Loss/Loss_actor |           -89.8 |
|                             Loss/Loss_alpha |         0.00454 |
|               Loss/Loss_state_action_metric |         0.00139 |
|                      Loss/Loss_state_metric |        0.000492 |
|             Loss/Loss_state_action_to_state |        3.74e-06 |
|                           Loss/Act_rep_loss |          0.0348 |
|                                   SAC/Alpha |          0.0122 |
|                              SAC/LogPi_mean |            2.84 |
|                                 SAC/Q1_mean |            89.8 |
|                                 SAC/Q2_mean |            89.8 |
|                            Norm/actor_model |             148 |
|                           Norm/critic_model |             176 |
|              Norm/state_action_metric_model |            96.2 |
|                     Norm/state_metric_model |              93 |
|        Norm/state_action_state_metric_model |            93.1 |
|                  Metric/self_state_distance |         4.6e-05 |
|                 Metric/cross_state_distance |           0.967 |
|           Metric/self_state_action_distance |         0.00182 |
|          Metric/cross_state_action_distance |           0.959 |
|             Metric/avg_self_state_asymmetry |               0 |
|            Metric/avg_cross_state_asymmetry |          0.0006 |
|                Metric/avg_self_sa_asymmetry |               0 |
|               Metric/avg_cross_sa_asymmetry |         0.00128 |
|  Metric/self_state_action_to_state_distance |        2.63e-05 |
| Metric/cross_state_action_to_state_distance |           0.959 |
|                   Metric/h_lambda_diff_self |         0.00183 |
|                  Metric/h_lambda_diff_cross |         0.00161 |
|                                 Eval/Return |             917 |
-----------------------------------------------------------------
-----------------------------------------------------------------
|                                 Train/Steps |        3.46e+06 |
|                            Loss/Loss_critic |          0.0721 |
|                             Loss/Loss_actor |           -88.2 |
|                             Loss/Loss_alpha |        -0.00584 |
|               Loss/Loss_state_action_metric |         0.00153 |
|                      Loss/Loss_state_metric |        0.000529 |
|             Loss/Loss_state_action_to_state |        5.08e-06 |
|                           Loss/Act_rep_loss |          0.0341 |
|                                   SAC/Alpha |          0.0125 |
|                              SAC/LogPi_mean |            3.54 |
|                                 SAC/Q1_mean |            88.2 |
|                                 SAC/Q2_mean |            88.2 |
|                            Norm/actor_model |             151 |
|                           Norm/critic_model |             179 |
|              Norm/state_action_metric_model |            98.8 |
|                     Norm/state_metric_model |            94.9 |
|        Norm/state_action_state_metric_model |            94.7 |
|                  Metric/self_state_distance |        0.000124 |
|                 Metric/cross_state_distance |           0.971 |
|           Metric/self_state_action_distance |        0.000102 |
|          Metric/cross_state_action_distance |           0.965 |
|             Metric/avg_self_state_asymmetry |               0 |
|            Metric/avg_cross_state_asymmetry |        0.000633 |
|                Metric/avg_self_sa_asymmetry |               0 |
|               Metric/avg_cross_sa_asymmetry |        0.000946 |
|  Metric/self_state_action_to_state_distance |        1.73e-05 |
| Metric/cross_state_action_to_state_distance |           0.965 |
|                   Metric/h_lambda_diff_self |        0.000108 |
|                  Metric/h_lambda_diff_cross |         0.00176 |
|                                 Eval/Return |             914 |
-----------------------------------------------------------------
-----------------------------------------------------------------
|                                 Train/Steps |        3.59e+06 |
|                            Loss/Loss_critic |          0.0681 |
|                             Loss/Loss_actor |           -89.7 |
|                             Loss/Loss_alpha |        0.000558 |
|               Loss/Loss_state_action_metric |         0.00173 |
|                      Loss/Loss_state_metric |        0.000532 |
|             Loss/Loss_state_action_to_state |        3.48e-06 |
|                           Loss/Act_rep_loss |          0.0356 |
|                                   SAC/Alpha |          0.0115 |
|                              SAC/LogPi_mean |            2.75 |
|                                 SAC/Q1_mean |            89.8 |
|                                 SAC/Q2_mean |            89.7 |
|                            Norm/actor_model |             153 |
|                           Norm/critic_model |             182 |
|              Norm/state_action_metric_model |             100 |
|                     Norm/state_metric_model |            96.4 |
|        Norm/state_action_state_metric_model |            96.2 |
|                  Metric/self_state_distance |        4.83e-05 |
|                 Metric/cross_state_distance |           0.969 |
|           Metric/self_state_action_distance |        0.000342 |
|          Metric/cross_state_action_distance |           0.962 |
|             Metric/avg_self_state_asymmetry |               0 |
|            Metric/avg_cross_state_asymmetry |        0.000634 |
|                Metric/avg_self_sa_asymmetry |               0 |
|               Metric/avg_cross_sa_asymmetry |        0.000943 |
|  Metric/self_state_action_to_state_distance |        3.47e-05 |
| Metric/cross_state_action_to_state_distance |           0.962 |
|                   Metric/h_lambda_diff_self |        0.000359 |
|                  Metric/h_lambda_diff_cross |         0.00128 |
|                                 Eval/Return |             917 |
-----------------------------------------------------------------
-----------------------------------------------------------------
|                                 Train/Steps |        3.72e+06 |
|                            Loss/Loss_critic |          0.0502 |
|                             Loss/Loss_actor |           -89.9 |
|                             Loss/Loss_alpha |        0.000914 |
|               Loss/Loss_state_action_metric |         0.00139 |
|                      Loss/Loss_state_metric |        0.000529 |
|             Loss/Loss_state_action_to_state |        3.36e-06 |
|                           Loss/Act_rep_loss |          0.0367 |
|                                   SAC/Alpha |           0.012 |
|                              SAC/LogPi_mean |            2.92 |
|                                 SAC/Q1_mean |            89.9 |
|                                 SAC/Q2_mean |            89.9 |
|                            Norm/actor_model |             155 |
|                           Norm/critic_model |             184 |
|              Norm/state_action_metric_model |             103 |
|                     Norm/state_metric_model |            98.4 |
|        Norm/state_action_state_metric_model |            97.8 |
|                  Metric/self_state_distance |        4.78e-05 |
|                 Metric/cross_state_distance |           0.967 |
|           Metric/self_state_action_distance |        0.000112 |
|          Metric/cross_state_action_distance |           0.961 |
|             Metric/avg_self_state_asymmetry |               0 |
|            Metric/avg_cross_state_asymmetry |        0.000747 |
|                Metric/avg_self_sa_asymmetry |               0 |
|               Metric/avg_cross_sa_asymmetry |        0.000965 |
|  Metric/self_state_action_to_state_distance |        1.66e-05 |
| Metric/cross_state_action_to_state_distance |            0.96 |
|                   Metric/h_lambda_diff_self |        0.000114 |
|                  Metric/h_lambda_diff_cross |         0.00186 |
|                                 Eval/Return |             916 |
-----------------------------------------------------------------
-----------------------------------------------------------------
|                                 Train/Steps |        3.85e+06 |
|                            Loss/Loss_critic |          0.0738 |
|                             Loss/Loss_actor |           -90.3 |
|                             Loss/Loss_alpha |       -0.000479 |
|               Loss/Loss_state_action_metric |         0.00144 |
|                      Loss/Loss_state_metric |        0.000549 |
|             Loss/Loss_state_action_to_state |        3.86e-06 |
|                           Loss/Act_rep_loss |          0.0357 |
|                                   SAC/Alpha |          0.0115 |
|                              SAC/LogPi_mean |            3.08 |
|                                 SAC/Q1_mean |            90.4 |
|                                 SAC/Q2_mean |            90.3 |
|                            Norm/actor_model |             158 |
|                           Norm/critic_model |             187 |
|              Norm/state_action_metric_model |             105 |
|                     Norm/state_metric_model |             100 |
|        Norm/state_action_state_metric_model |              99 |
|                  Metric/self_state_distance |        0.000324 |
|                 Metric/cross_state_distance |           0.968 |
|           Metric/self_state_action_distance |        0.000394 |
|          Metric/cross_state_action_distance |            0.96 |
|             Metric/avg_self_state_asymmetry |               0 |
|            Metric/avg_cross_state_asymmetry |        0.000752 |
|                Metric/avg_self_sa_asymmetry |               0 |
|               Metric/avg_cross_sa_asymmetry |        0.000915 |
|  Metric/self_state_action_to_state_distance |        0.000105 |
| Metric/cross_state_action_to_state_distance |           0.961 |
|                   Metric/h_lambda_diff_self |        0.000291 |
|                  Metric/h_lambda_diff_cross |          0.0017 |
|                                 Eval/Return |             917 |
-----------------------------------------------------------------
-----------------------------------------------------------------
|                                 Train/Steps |        3.98e+06 |
|                            Loss/Loss_critic |          0.0768 |
|                             Loss/Loss_actor |           -89.7 |
|                             Loss/Loss_alpha |        -0.00226 |
|               Loss/Loss_state_action_metric |         0.00133 |
|                      Loss/Loss_state_metric |        0.000518 |
|             Loss/Loss_state_action_to_state |        5.16e-06 |
|                           Loss/Act_rep_loss |          0.0355 |
|                                   SAC/Alpha |           0.011 |
|                              SAC/LogPi_mean |            3.23 |
|                                 SAC/Q1_mean |            89.7 |
|                                 SAC/Q2_mean |            89.7 |
|                            Norm/actor_model |             160 |
|                           Norm/critic_model |             190 |
|              Norm/state_action_metric_model |             108 |
|                     Norm/state_metric_model |             101 |
|        Norm/state_action_state_metric_model |             100 |
|                  Metric/self_state_distance |        0.000411 |
|                 Metric/cross_state_distance |           0.968 |
|           Metric/self_state_action_distance |        0.000189 |
|          Metric/cross_state_action_distance |           0.958 |
|             Metric/avg_self_state_asymmetry |               0 |
|            Metric/avg_cross_state_asymmetry |         0.00103 |
|                Metric/avg_self_sa_asymmetry |               0 |
|               Metric/avg_cross_sa_asymmetry |        0.000866 |
|  Metric/self_state_action_to_state_distance |        7.54e-05 |
| Metric/cross_state_action_to_state_distance |           0.959 |
|                   Metric/h_lambda_diff_self |        0.000155 |
|                  Metric/h_lambda_diff_cross |         0.00193 |
|                                 Eval/Return |             913 |
-----------------------------------------------------------------
-----------------------------------------------------------------
|                                 Train/Steps |         4.1e+06 |
|                            Loss/Loss_critic |          0.0308 |
|                             Loss/Loss_actor |           -91.9 |
|                             Loss/Loss_alpha |          0.0013 |
|               Loss/Loss_state_action_metric |         0.00214 |
|                      Loss/Loss_state_metric |         0.00135 |
|             Loss/Loss_state_action_to_state |           3e-06 |
|                           Loss/Act_rep_loss |          0.0395 |
|                                   SAC/Alpha |         0.00977 |
|                              SAC/LogPi_mean |            2.87 |
|                                 SAC/Q1_mean |            91.9 |
|                                 SAC/Q2_mean |              92 |
|                            Norm/actor_model |             162 |
|                           Norm/critic_model |             192 |
|              Norm/state_action_metric_model |             110 |
|                     Norm/state_metric_model |             103 |
|        Norm/state_action_state_metric_model |             102 |
|                  Metric/self_state_distance |        1.73e-05 |
|                 Metric/cross_state_distance |           0.958 |
|           Metric/self_state_action_distance |        0.000237 |
|          Metric/cross_state_action_distance |            0.95 |
|             Metric/avg_self_state_asymmetry |               0 |
|            Metric/avg_cross_state_asymmetry |        0.000552 |
|                Metric/avg_self_sa_asymmetry |               0 |
|               Metric/avg_cross_sa_asymmetry |        0.000779 |
|  Metric/self_state_action_to_state_distance |        1.44e-05 |
| Metric/cross_state_action_to_state_distance |            0.95 |
|                   Metric/h_lambda_diff_self |        0.000228 |
|                  Metric/h_lambda_diff_cross |         0.00135 |
|                                 Eval/Return |             920 |
-----------------------------------------------------------------
[32mSaving model …[0m
[32mDone.[0m
[32mSaving model …[0m
[32mDone.[0m
-----------------------------------------------------------------
|                                 Train/Steps |        4.23e+06 |
|                            Loss/Loss_critic |          0.0431 |
|                             Loss/Loss_actor |           -92.9 |
|                             Loss/Loss_alpha |         0.00188 |
|               Loss/Loss_state_action_metric |         0.00126 |
|                      Loss/Loss_state_metric |        0.000641 |
|             Loss/Loss_state_action_to_state |         1.9e-06 |
|                           Loss/Act_rep_loss |          0.0435 |
|                                   SAC/Alpha |         0.00912 |
|                              SAC/LogPi_mean |             2.8 |
|                                 SAC/Q1_mean |            92.9 |
|                                 SAC/Q2_mean |            92.9 |
|                            Norm/actor_model |             164 |
|                           Norm/critic_model |             194 |
|              Norm/state_action_metric_model |             112 |
|                     Norm/state_metric_model |             105 |
|        Norm/state_action_state_metric_model |             103 |
|                  Metric/self_state_distance |        6.62e-06 |
|                 Metric/cross_state_distance |           0.957 |
|           Metric/self_state_action_distance |        4.33e-05 |
|          Metric/cross_state_action_distance |           0.949 |
|             Metric/avg_self_state_asymmetry |               0 |
|            Metric/avg_cross_state_asymmetry |         0.00052 |
|                Metric/avg_self_sa_asymmetry |               0 |
|               Metric/avg_cross_sa_asymmetry |        0.000695 |
|  Metric/self_state_action_to_state_distance |        1.66e-06 |
| Metric/cross_state_action_to_state_distance |           0.948 |
|                   Metric/h_lambda_diff_self |         4.3e-05 |
|                  Metric/h_lambda_diff_cross |         0.00145 |
|                                 Eval/Return |             919 |
-----------------------------------------------------------------
-----------------------------------------------------------------
|                                 Train/Steps |        4.36e+06 |
|                            Loss/Loss_critic |          0.0424 |
|                             Loss/Loss_actor |           -93.2 |
|                             Loss/Loss_alpha |        -0.00305 |
|               Loss/Loss_state_action_metric |         0.00139 |
|                      Loss/Loss_state_metric |         0.00064 |
|             Loss/Loss_state_action_to_state |        5.06e-06 |
|                           Loss/Act_rep_loss |           0.042 |
|                                   SAC/Alpha |         0.00826 |
|                              SAC/LogPi_mean |            2.96 |
|                                 SAC/Q1_mean |            93.3 |
|                                 SAC/Q2_mean |            93.2 |
|                            Norm/actor_model |             166 |
|                           Norm/critic_model |             195 |
|              Norm/state_action_metric_model |             114 |
|                     Norm/state_metric_model |             106 |
|        Norm/state_action_state_metric_model |             105 |
|                  Metric/self_state_distance |        4.19e-05 |
|                 Metric/cross_state_distance |           0.958 |
|           Metric/self_state_action_distance |        2.97e-05 |
|          Metric/cross_state_action_distance |           0.947 |
|             Metric/avg_self_state_asymmetry |               0 |
|            Metric/avg_cross_state_asymmetry |        0.000578 |
|                Metric/avg_self_sa_asymmetry |               0 |
|               Metric/avg_cross_sa_asymmetry |        0.000795 |
|  Metric/self_state_action_to_state_distance |        7.24e-05 |
| Metric/cross_state_action_to_state_distance |           0.948 |
|                   Metric/h_lambda_diff_self |        9.54e-05 |
|                  Metric/h_lambda_diff_cross |         0.00214 |
|                                 Eval/Return |             919 |
-----------------------------------------------------------------
-----------------------------------------------------------------
|                                 Train/Steps |        4.49e+06 |
|                            Loss/Loss_critic |          0.0199 |
|                             Loss/Loss_actor |           -93.6 |
|                             Loss/Loss_alpha |        -0.00133 |
|               Loss/Loss_state_action_metric |         0.00133 |
|                      Loss/Loss_state_metric |        0.000659 |
|             Loss/Loss_state_action_to_state |         3.3e-06 |
|                           Loss/Act_rep_loss |          0.0434 |
|                                   SAC/Alpha |         0.00788 |
|                              SAC/LogPi_mean |            3.24 |
|                                 SAC/Q1_mean |            93.6 |
|                                 SAC/Q2_mean |            93.6 |
|                            Norm/actor_model |             168 |
|                           Norm/critic_model |             197 |
|              Norm/state_action_metric_model |             116 |
|                     Norm/state_metric_model |             107 |
|        Norm/state_action_state_metric_model |             106 |
|                  Metric/self_state_distance |        1.86e-05 |
|                 Metric/cross_state_distance |           0.956 |
|           Metric/self_state_action_distance |        0.000148 |
|          Metric/cross_state_action_distance |           0.948 |
|             Metric/avg_self_state_asymmetry |               0 |
|            Metric/avg_cross_state_asymmetry |        0.000655 |
|                Metric/avg_self_sa_asymmetry |               0 |
|               Metric/avg_cross_sa_asymmetry |        0.000829 |
|  Metric/self_state_action_to_state_distance |        1.52e-05 |
| Metric/cross_state_action_to_state_distance |           0.947 |
|                   Metric/h_lambda_diff_self |         0.00016 |
|                  Metric/h_lambda_diff_cross |         0.00189 |
|                                 Eval/Return |             916 |
-----------------------------------------------------------------
-----------------------------------------------------------------
|                                 Train/Steps |        4.62e+06 |
|                            Loss/Loss_critic |          0.0373 |
|                             Loss/Loss_actor |             -94 |
|                             Loss/Loss_alpha |        -0.00011 |
|               Loss/Loss_state_action_metric |         0.00166 |
|                      Loss/Loss_state_metric |        0.000734 |
|             Loss/Loss_state_action_to_state |        1.53e-05 |
|                           Loss/Act_rep_loss |          0.0466 |
|                                   SAC/Alpha |         0.00705 |
|                              SAC/LogPi_mean |            2.91 |
|                                 SAC/Q1_mean |            94.1 |
|                                 SAC/Q2_mean |            94.1 |
|                            Norm/actor_model |             169 |
|                           Norm/critic_model |             198 |
|              Norm/state_action_metric_model |             118 |
|                     Norm/state_metric_model |             109 |
|        Norm/state_action_state_metric_model |             107 |
|                  Metric/self_state_distance |         8.5e-05 |
|                 Metric/cross_state_distance |           0.953 |
|           Metric/self_state_action_distance |        0.000218 |
|          Metric/cross_state_action_distance |           0.943 |
|             Metric/avg_self_state_asymmetry |               0 |
|            Metric/avg_cross_state_asymmetry |        0.000502 |
|                Metric/avg_self_sa_asymmetry |               0 |
|               Metric/avg_cross_sa_asymmetry |        0.000783 |
|  Metric/self_state_action_to_state_distance |         0.00034 |
| Metric/cross_state_action_to_state_distance |           0.943 |
|                   Metric/h_lambda_diff_self |        0.000285 |
|                  Metric/h_lambda_diff_cross |         0.00117 |
|                                 Eval/Return |             901 |
-----------------------------------------------------------------
-----------------------------------------------------------------
|                                 Train/Steps |        4.74e+06 |
|                            Loss/Loss_critic |           0.039 |
|                             Loss/Loss_actor |           -93.9 |
|                             Loss/Loss_alpha |        -0.00196 |
|               Loss/Loss_state_action_metric |         0.00276 |
|                      Loss/Loss_state_metric |          0.0015 |
|             Loss/Loss_state_action_to_state |        2.97e-06 |
|                           Loss/Act_rep_loss |          0.0441 |
|                                   SAC/Alpha |         0.00649 |
|                              SAC/LogPi_mean |            3.23 |
|                                 SAC/Q1_mean |            93.9 |
|                                 SAC/Q2_mean |              94 |
|                            Norm/actor_model |             171 |
|                           Norm/critic_model |             200 |
|              Norm/state_action_metric_model |             120 |
|                     Norm/state_metric_model |             111 |
|        Norm/state_action_state_metric_model |             109 |
|                  Metric/self_state_distance |        1.39e-05 |
|                 Metric/cross_state_distance |           0.954 |
|           Metric/self_state_action_distance |        8.29e-05 |
|          Metric/cross_state_action_distance |           0.945 |
|             Metric/avg_self_state_asymmetry |               0 |
|            Metric/avg_cross_state_asymmetry |        0.000601 |
|                Metric/avg_self_sa_asymmetry |               0 |
|               Metric/avg_cross_sa_asymmetry |        0.000874 |
|  Metric/self_state_action_to_state_distance |        2.05e-06 |
| Metric/cross_state_action_to_state_distance |           0.944 |
|                   Metric/h_lambda_diff_self |        8.19e-05 |
|                  Metric/h_lambda_diff_cross |         0.00185 |
|                                 Eval/Return |             918 |
-----------------------------------------------------------------
-----------------------------------------------------------------
|                                 Train/Steps |        4.87e+06 |
|                            Loss/Loss_critic |          0.0473 |
|                             Loss/Loss_actor |           -95.5 |
|                             Loss/Loss_alpha |         0.00137 |
|               Loss/Loss_state_action_metric |         0.00158 |
|                      Loss/Loss_state_metric |        0.000795 |
|             Loss/Loss_state_action_to_state |        4.37e-06 |
|                           Loss/Act_rep_loss |          0.0494 |
|                                   SAC/Alpha |          0.0063 |
|                              SAC/LogPi_mean |            2.64 |
|                                 SAC/Q1_mean |            95.5 |
|                                 SAC/Q2_mean |            95.5 |
|                            Norm/actor_model |             173 |
|                           Norm/critic_model |             202 |
|              Norm/state_action_metric_model |             122 |
|                     Norm/state_metric_model |             113 |
|        Norm/state_action_state_metric_model |             110 |
|                  Metric/self_state_distance |        8.87e-05 |
|                 Metric/cross_state_distance |            0.95 |
|           Metric/self_state_action_distance |        0.000874 |
|          Metric/cross_state_action_distance |            0.94 |
|             Metric/avg_self_state_asymmetry |               0 |
|            Metric/avg_cross_state_asymmetry |        0.000537 |
|                Metric/avg_self_sa_asymmetry |               0 |
|               Metric/avg_cross_sa_asymmetry |         0.00071 |
|  Metric/self_state_action_to_state_distance |         0.00012 |
| Metric/cross_state_action_to_state_distance |           0.941 |
|                   Metric/h_lambda_diff_self |         0.00076 |
|                  Metric/h_lambda_diff_cross |         0.00135 |
|                                 Eval/Return |             911 |
-----------------------------------------------------------------
-----------------------------------------------------------------
|                                 Train/Steps |           5e+06 |
|                            Loss/Loss_critic |          0.0185 |
|                             Loss/Loss_actor |           -94.8 |
|                             Loss/Loss_alpha |         0.00185 |
|               Loss/Loss_state_action_metric |          0.0017 |
|                      Loss/Loss_state_metric |         0.00078 |
|             Loss/Loss_state_action_to_state |        3.15e-06 |
|                           Loss/Act_rep_loss |          0.0477 |
|                                   SAC/Alpha |         0.00563 |
|                              SAC/LogPi_mean |            2.65 |
|                                 SAC/Q1_mean |            94.8 |
|                                 SAC/Q2_mean |            94.8 |
|                            Norm/actor_model |             175 |
|                           Norm/critic_model |             204 |
|              Norm/state_action_metric_model |             124 |
|                     Norm/state_metric_model |             114 |
|        Norm/state_action_state_metric_model |             111 |
|                  Metric/self_state_distance |        1.14e-05 |
|                 Metric/cross_state_distance |           0.952 |
|           Metric/self_state_action_distance |        0.000117 |
|          Metric/cross_state_action_distance |           0.943 |
|             Metric/avg_self_state_asymmetry |               0 |
|            Metric/avg_cross_state_asymmetry |        0.000675 |
|                Metric/avg_self_sa_asymmetry |               0 |
|               Metric/avg_cross_sa_asymmetry |         0.00078 |
|  Metric/self_state_action_to_state_distance |        0.000147 |
| Metric/cross_state_action_to_state_distance |           0.941 |
|                   Metric/h_lambda_diff_self |         0.00019 |
|                  Metric/h_lambda_diff_cross |         0.00202 |
|                                 Eval/Return |             907 |
-----------------------------------------------------------------
[32mSaving model …[0m
[32mDone.[0m
[32mSaving model …[0m
[32mDone.[0m
