E0927 02:58:12.275490 3657194 cuda_executor.cc:1526] Could not get kernel mode driver version: (INVALID_ARGUMENT: Version does not match the format X.Y.Z)
E0927 02:58:12.284284 3657079 cuda_executor.cc:1526] Could not get kernel mode driver version: (INVALID_ARGUMENT: Version does not match the format X.Y.Z)
[32mStart prefilling replay buffer[0m
[32mStart SAC training[0m
[32m{'log_freq': 1000, 'save_freq': 1000000, 'eval_episode_freq': 10, 'hidden_size': 256, 'lr': 0.001, 'max_grad_norm': 0.0, 'gamma': 0.99, 'update_tau': 0.005, 'train_per_step': 8, 'episode_length': 1000, 'warmup_samples': 8192, 'max_replay_size': 4000000, 'batch_size': 512, 'total_env_steps': 5000000, 'init_temperature': 0.1, 'nstep': 3, 'bootstrap_on_truncation': True, 'rep_lr_scale': 1.5, 'pair_tau': 0.1, 'vis_feq': 100000, 'n_vis_frames': 4, 'num_envs': 128, 'grad_steps': 50, 'transfer_freq': 10, 'transfer_steps': 8, 'reward_scaling': 1.0, 'num_eval_envs': 128, 'target_entropy': -0.5}[0m
[32m[nstep] nstep=3 bootstrap_on_truncation=True (discount from the buffer already contains gamma^nstep)[0m
-----------------------------------------------------------------
|                                 Train/Steps |        1.36e+05 |
|                            Loss/Loss_critic |        1.09e-06 |
|                             Loss/Loss_actor |          -0.185 |
|                             Loss/Loss_alpha |         0.00181 |
|               Loss/Loss_state_action_metric |         0.00283 |
|                      Loss/Loss_state_metric |         0.00227 |
|             Loss/Loss_state_action_to_state |        0.000805 |
|                           Loss/Act_rep_loss |          0.0669 |
|                                   SAC/Alpha |         0.00156 |
|                              SAC/LogPi_mean |          -0.647 |
|                                 SAC/Q1_mean |           0.184 |
|                                 SAC/Q2_mean |           0.184 |
|                            Norm/actor_model |            18.8 |
|                           Norm/critic_model |            23.5 |
|              Norm/state_action_metric_model |            31.9 |
|                     Norm/state_metric_model |            31.1 |
|        Norm/state_action_state_metric_model |            30.6 |
|                  Metric/self_state_distance |          0.0106 |
|                 Metric/cross_state_distance |            0.92 |
|           Metric/self_state_action_distance |          0.0174 |
|          Metric/cross_state_action_distance |           0.903 |
|             Metric/avg_self_state_asymmetry |               0 |
|            Metric/avg_cross_state_asymmetry |         0.00436 |
|                Metric/avg_self_sa_asymmetry |               0 |
|               Metric/avg_cross_sa_asymmetry |         0.00511 |
|  Metric/self_state_action_to_state_distance |          0.0256 |
| Metric/cross_state_action_to_state_distance |           0.902 |
|                   Metric/h_lambda_diff_self |          0.0188 |
|                  Metric/h_lambda_diff_cross |          0.0112 |
|                                 Eval/Return |               0 |
-----------------------------------------------------------------
-----------------------------------------------------------------
|                                 Train/Steps |        2.64e+05 |
|                            Loss/Loss_critic |        3.28e-08 |
|                             Loss/Loss_actor |         -0.0574 |
|                             Loss/Loss_alpha |        5.66e-05 |
|               Loss/Loss_state_action_metric |         0.00292 |
|                      Loss/Loss_state_metric |         0.00199 |
|             Loss/Loss_state_action_to_state |        5.22e-05 |
|                           Loss/Act_rep_loss |          0.0627 |
|                                   SAC/Alpha |        7.26e-05 |
|                              SAC/LogPi_mean |          -0.216 |
|                                 SAC/Q1_mean |          0.0574 |
|                                 SAC/Q2_mean |          0.0573 |
|                            Norm/actor_model |            22.8 |
|                           Norm/critic_model |            23.5 |
|              Norm/state_action_metric_model |            33.6 |
|                     Norm/state_metric_model |              31 |
|        Norm/state_action_state_metric_model |            32.8 |
|                  Metric/self_state_distance |         0.00322 |
|                 Metric/cross_state_distance |           0.927 |
|           Metric/self_state_action_distance |         0.00417 |
|          Metric/cross_state_action_distance |           0.907 |
|             Metric/avg_self_state_asymmetry |               0 |
|            Metric/avg_cross_state_asymmetry |         0.00257 |
|                Metric/avg_self_sa_asymmetry |               0 |
|               Metric/avg_cross_sa_asymmetry |         0.00296 |
|  Metric/self_state_action_to_state_distance |         0.00734 |
| Metric/cross_state_action_to_state_distance |           0.909 |
|                   Metric/h_lambda_diff_self |         0.00342 |
|                  Metric/h_lambda_diff_cross |         0.00419 |
|                                 Eval/Return |               0 |
-----------------------------------------------------------------
-----------------------------------------------------------------
|                                 Train/Steps |        3.92e+05 |
|                            Loss/Loss_critic |        1.17e-09 |
|                             Loss/Loss_actor |         -0.0171 |
|                             Loss/Loss_alpha |       -5.84e-06 |
|               Loss/Loss_state_action_metric |         0.00237 |
|                      Loss/Loss_state_metric |         0.00125 |
|             Loss/Loss_state_action_to_state |        0.000178 |
|                           Loss/Act_rep_loss |          0.0365 |
|                                   SAC/Alpha |        6.58e-06 |
|                              SAC/LogPi_mean |            1.29 |
|                                 SAC/Q1_mean |          0.0172 |
|                                 SAC/Q2_mean |          0.0171 |
|                            Norm/actor_model |            24.6 |
|                           Norm/critic_model |            23.4 |
|              Norm/state_action_metric_model |            35.1 |
|                     Norm/state_metric_model |            32.8 |
|        Norm/state_action_state_metric_model |            38.5 |
|                  Metric/self_state_distance |          0.0142 |
|                 Metric/cross_state_distance |           0.952 |
|           Metric/self_state_action_distance |         0.00485 |
|          Metric/cross_state_action_distance |           0.931 |
|             Metric/avg_self_state_asymmetry |               0 |
|            Metric/avg_cross_state_asymmetry |         0.00774 |
|                Metric/avg_self_sa_asymmetry |               0 |
|               Metric/avg_cross_sa_asymmetry |         0.00459 |
|  Metric/self_state_action_to_state_distance |          0.0104 |
| Metric/cross_state_action_to_state_distance |           0.933 |
|                   Metric/h_lambda_diff_self |         0.00618 |
|                  Metric/h_lambda_diff_cross |         0.00622 |
|                                 Eval/Return |               0 |
-----------------------------------------------------------------
-----------------------------------------------------------------
|                                 Train/Steps |         5.2e+05 |
|                            Loss/Loss_critic |        4.06e-08 |
|                             Loss/Loss_actor |        -0.00559 |
|                             Loss/Loss_alpha |         8.3e-06 |
|               Loss/Loss_state_action_metric |        0.000884 |
|                      Loss/Loss_state_metric |        0.000925 |
|             Loss/Loss_state_action_to_state |        0.000455 |
|                           Loss/Act_rep_loss |          0.0367 |
|                                   SAC/Alpha |         9.5e-06 |
|                              SAC/LogPi_mean |          -0.394 |
|                                 SAC/Q1_mean |         0.00579 |
|                                 SAC/Q2_mean |         0.00558 |
|                            Norm/actor_model |            27.1 |
|                           Norm/critic_model |            24.9 |
|              Norm/state_action_metric_model |            37.9 |
|                     Norm/state_metric_model |            35.8 |
|        Norm/state_action_state_metric_model |            44.7 |
|                  Metric/self_state_distance |         0.00287 |
|                 Metric/cross_state_distance |           0.958 |
|           Metric/self_state_action_distance |         0.00198 |
|          Metric/cross_state_action_distance |           0.942 |
|             Metric/avg_self_state_asymmetry |               0 |
|            Metric/avg_cross_state_asymmetry |         0.00183 |
|                Metric/avg_self_sa_asymmetry |               0 |
|               Metric/avg_cross_sa_asymmetry |         0.00303 |
|  Metric/self_state_action_to_state_distance |           0.105 |
| Metric/cross_state_action_to_state_distance |           0.946 |
|                   Metric/h_lambda_diff_self |           0.103 |
|                  Metric/h_lambda_diff_cross |         0.00572 |
|                                 Eval/Return |               0 |
-----------------------------------------------------------------
-----------------------------------------------------------------
|                                 Train/Steps |        6.48e+05 |
|                            Loss/Loss_critic |        1.07e-05 |
|                             Loss/Loss_actor |          0.0043 |
|                             Loss/Loss_alpha |       -5.92e-06 |
|               Loss/Loss_state_action_metric |         0.00136 |
|                      Loss/Loss_state_metric |         0.00125 |
|             Loss/Loss_state_action_to_state |        2.27e-05 |
|                           Loss/Act_rep_loss |          0.0395 |
|                                   SAC/Alpha |        2.41e-05 |
|                              SAC/LogPi_mean |            0.63 |
|                                 SAC/Q1_mean |        0.000766 |
|                                 SAC/Q2_mean |        -0.00413 |
|                            Norm/actor_model |            31.8 |
|                           Norm/critic_model |              29 |
|              Norm/state_action_metric_model |            40.4 |
|                     Norm/state_metric_model |            40.1 |
|        Norm/state_action_state_metric_model |            49.4 |
|                  Metric/self_state_distance |           0.003 |
|                 Metric/cross_state_distance |           0.955 |
|           Metric/self_state_action_distance |         0.00671 |
|          Metric/cross_state_action_distance |            0.95 |
|             Metric/avg_self_state_asymmetry |               0 |
|            Metric/avg_cross_state_asymmetry |         0.00289 |
|                Metric/avg_self_sa_asymmetry |               0 |
|               Metric/avg_cross_sa_asymmetry |         0.00567 |
|  Metric/self_state_action_to_state_distance |         0.00629 |
| Metric/cross_state_action_to_state_distance |           0.951 |
|                   Metric/h_lambda_diff_self |         0.00631 |
|                  Metric/h_lambda_diff_cross |         0.00269 |
|                                 Eval/Return |               0 |
-----------------------------------------------------------------
-----------------------------------------------------------------
|                                 Train/Steps |        7.76e+05 |
|                            Loss/Loss_critic |        0.000119 |
|                             Loss/Loss_actor |        -0.00558 |
|                             Loss/Loss_alpha |       -1.62e-05 |
|               Loss/Loss_state_action_metric |         0.00257 |
|                      Loss/Loss_state_metric |         0.00215 |
|             Loss/Loss_state_action_to_state |          0.0023 |
|                           Loss/Act_rep_loss |          0.0527 |
|                                   SAC/Alpha |        8.64e-05 |
|                              SAC/LogPi_mean |           0.652 |
|                                 SAC/Q1_mean |         0.00624 |
|                                 SAC/Q2_mean |         0.00981 |
|                            Norm/actor_model |              38 |
|                           Norm/critic_model |            33.4 |
|              Norm/state_action_metric_model |            41.4 |
|                     Norm/state_metric_model |            42.4 |
|        Norm/state_action_state_metric_model |            51.9 |
|                  Metric/self_state_distance |         0.00333 |
|                 Metric/cross_state_distance |           0.936 |
|           Metric/self_state_action_distance |         0.00105 |
|          Metric/cross_state_action_distance |            0.92 |
|             Metric/avg_self_state_asymmetry |               0 |
|            Metric/avg_cross_state_asymmetry |          0.0016 |
|                Metric/avg_self_sa_asymmetry |               0 |
|               Metric/avg_cross_sa_asymmetry |         0.00173 |
|  Metric/self_state_action_to_state_distance |         0.00591 |
| Metric/cross_state_action_to_state_distance |           0.919 |
|                   Metric/h_lambda_diff_self |         0.00535 |
|                  Metric/h_lambda_diff_cross |         0.00667 |
|                                 Eval/Return |               0 |
-----------------------------------------------------------------
-----------------------------------------------------------------
|                                 Train/Steps |        9.04e+05 |
|                            Loss/Loss_critic |        0.000356 |
|                             Loss/Loss_actor |         0.00851 |
|                             Loss/Loss_alpha |       -7.62e-05 |
|               Loss/Loss_state_action_metric |         0.00171 |
|                      Loss/Loss_state_metric |         0.00124 |
|             Loss/Loss_state_action_to_state |        6.32e-05 |
|                           Loss/Act_rep_loss |          0.0641 |
|                                   SAC/Alpha |        0.000252 |
|                              SAC/LogPi_mean |           0.799 |
|                                 SAC/Q1_mean |        -0.00908 |
|                                 SAC/Q2_mean |        -0.00767 |
|                            Norm/actor_model |            45.9 |
|                           Norm/critic_model |            36.4 |
|              Norm/state_action_metric_model |            42.9 |
|                     Norm/state_metric_model |            44.9 |
|        Norm/state_action_state_metric_model |            53.9 |
|                  Metric/self_state_distance |         0.00434 |
|                 Metric/cross_state_distance |           0.931 |
|           Metric/self_state_action_distance |         0.00549 |
|          Metric/cross_state_action_distance |           0.913 |
|             Metric/avg_self_state_asymmetry |               0 |
|            Metric/avg_cross_state_asymmetry |         0.00305 |
|                Metric/avg_self_sa_asymmetry |               0 |
|               Metric/avg_cross_sa_asymmetry |         0.00172 |
|  Metric/self_state_action_to_state_distance |         0.00199 |
| Metric/cross_state_action_to_state_distance |           0.916 |
|                   Metric/h_lambda_diff_self |         0.00469 |
|                  Metric/h_lambda_diff_cross |         0.00393 |
|                                 Eval/Return |               0 |
-----------------------------------------------------------------
-----------------------------------------------------------------
|                                 Train/Steps |        1.03e+06 |
|                            Loss/Loss_critic |          0.0237 |
|                             Loss/Loss_actor |          -0.389 |
|                             Loss/Loss_alpha |       -4.59e-05 |
|               Loss/Loss_state_action_metric |         0.00308 |
|                      Loss/Loss_state_metric |         0.00123 |
|             Loss/Loss_state_action_to_state |        0.000145 |
|                           Loss/Act_rep_loss |          0.0642 |
|                                   SAC/Alpha |        0.000674 |
|                              SAC/LogPi_mean |           0.555 |
|                                 SAC/Q1_mean |           0.399 |
|                                 SAC/Q2_mean |           0.409 |
|                            Norm/actor_model |            55.6 |
|                           Norm/critic_model |            45.4 |
|              Norm/state_action_metric_model |            43.9 |
|                     Norm/state_metric_model |            47.3 |
|        Norm/state_action_state_metric_model |            56.8 |
|                  Metric/self_state_distance |         0.00714 |
|                 Metric/cross_state_distance |            0.93 |
|           Metric/self_state_action_distance |         0.00997 |
|          Metric/cross_state_action_distance |           0.917 |
|             Metric/avg_self_state_asymmetry |               0 |
|            Metric/avg_cross_state_asymmetry |         0.00116 |
|                Metric/avg_self_sa_asymmetry |               0 |
|               Metric/avg_cross_sa_asymmetry |         0.00214 |
|  Metric/self_state_action_to_state_distance |         0.00545 |
| Metric/cross_state_action_to_state_distance |           0.916 |
|                   Metric/h_lambda_diff_self |          0.0123 |
|                  Metric/h_lambda_diff_cross |         0.00183 |
|                                 Eval/Return |               0 |
-----------------------------------------------------------------
[32mSaving model …[0m
[32mDone.[0m
[32mSaving model …[0m
[32mDone.[0m
-----------------------------------------------------------------
|                                 Train/Steps |        1.16e+06 |
|                            Loss/Loss_critic |          0.0752 |
|                             Loss/Loss_actor |           -2.08 |
|                             Loss/Loss_alpha |       -5.04e-05 |
|               Loss/Loss_state_action_metric |         0.00289 |
|                      Loss/Loss_state_metric |         0.00125 |
|             Loss/Loss_state_action_to_state |        0.000102 |
|                           Loss/Act_rep_loss |          0.0613 |
|                                   SAC/Alpha |         0.00396 |
|                              SAC/LogPi_mean |           0.497 |
|                                 SAC/Q1_mean |            2.09 |
|                                 SAC/Q2_mean |            2.12 |
|                            Norm/actor_model |            65.7 |
|                           Norm/critic_model |            56.4 |
|              Norm/state_action_metric_model |            45.1 |
|                     Norm/state_metric_model |            48.7 |
|        Norm/state_action_state_metric_model |            58.9 |
|                  Metric/self_state_distance |         0.00358 |
|                 Metric/cross_state_distance |           0.933 |
|           Metric/self_state_action_distance |         0.00373 |
|          Metric/cross_state_action_distance |           0.918 |
|             Metric/avg_self_state_asymmetry |               0 |
|            Metric/avg_cross_state_asymmetry |         0.00172 |
|                Metric/avg_self_sa_asymmetry |               0 |
|               Metric/avg_cross_sa_asymmetry |         0.00279 |
|  Metric/self_state_action_to_state_distance |           0.003 |
| Metric/cross_state_action_to_state_distance |           0.918 |
|                   Metric/h_lambda_diff_self |         0.00513 |
|                  Metric/h_lambda_diff_cross |         0.00247 |
|                                 Eval/Return |             160 |
-----------------------------------------------------------------
-----------------------------------------------------------------
|                                 Train/Steps |        1.29e+06 |
|                            Loss/Loss_critic |           0.141 |
|                             Loss/Loss_actor |           -4.16 |
|                             Loss/Loss_alpha |        0.000673 |
|               Loss/Loss_state_action_metric |         0.00329 |
|                      Loss/Loss_state_metric |         0.00121 |
|             Loss/Loss_state_action_to_state |        4.67e-05 |
|                           Loss/Act_rep_loss |          0.0554 |
|                                   SAC/Alpha |          0.0109 |
|                              SAC/LogPi_mean |           0.457 |
|                                 SAC/Q1_mean |            4.17 |
|                                 SAC/Q2_mean |            4.18 |
|                            Norm/actor_model |            74.1 |
|                           Norm/critic_model |            67.8 |
|              Norm/state_action_metric_model |            46.2 |
|                     Norm/state_metric_model |            49.1 |
|        Norm/state_action_state_metric_model |            60.9 |
|                  Metric/self_state_distance |         0.00752 |
|                 Metric/cross_state_distance |           0.938 |
|           Metric/self_state_action_distance |          0.0213 |
|          Metric/cross_state_action_distance |           0.925 |
|             Metric/avg_self_state_asymmetry |               0 |
|            Metric/avg_cross_state_asymmetry |         0.00152 |
|                Metric/avg_self_sa_asymmetry |               0 |
|               Metric/avg_cross_sa_asymmetry |         0.00255 |
|  Metric/self_state_action_to_state_distance |         0.00214 |
| Metric/cross_state_action_to_state_distance |           0.925 |
|                   Metric/h_lambda_diff_self |          0.0217 |
|                  Metric/h_lambda_diff_cross |         0.00306 |
|                                 Eval/Return |             181 |
-----------------------------------------------------------------
-----------------------------------------------------------------
|                                 Train/Steps |        1.42e+06 |
|                            Loss/Loss_critic |           0.175 |
|                             Loss/Loss_actor |           -6.49 |
|                             Loss/Loss_alpha |        -0.00133 |
|               Loss/Loss_state_action_metric |         0.00267 |
|                      Loss/Loss_state_metric |        0.000898 |
|             Loss/Loss_state_action_to_state |        0.000531 |
|                           Loss/Act_rep_loss |          0.0454 |
|                                   SAC/Alpha |          0.0125 |
|                              SAC/LogPi_mean |           0.611 |
|                                 SAC/Q1_mean |            6.49 |
|                                 SAC/Q2_mean |            6.52 |
|                            Norm/actor_model |            81.3 |
|                           Norm/critic_model |            73.7 |
|              Norm/state_action_metric_model |            46.9 |
|                     Norm/state_metric_model |            51.3 |
|        Norm/state_action_state_metric_model |            62.7 |
|                  Metric/self_state_distance |         0.00214 |
|                 Metric/cross_state_distance |            0.95 |
|           Metric/self_state_action_distance |          0.0055 |
|          Metric/cross_state_action_distance |           0.934 |
|             Metric/avg_self_state_asymmetry |               0 |
|            Metric/avg_cross_state_asymmetry |         0.00318 |
|                Metric/avg_self_sa_asymmetry |               0 |
|               Metric/avg_cross_sa_asymmetry |         0.00446 |
|  Metric/self_state_action_to_state_distance |         0.00242 |
| Metric/cross_state_action_to_state_distance |           0.936 |
|                   Metric/h_lambda_diff_self |          0.0062 |
|                  Metric/h_lambda_diff_cross |         0.00652 |
|                                 Eval/Return |             191 |
-----------------------------------------------------------------
-----------------------------------------------------------------
|                                 Train/Steps |        1.54e+06 |
|                            Loss/Loss_critic |           0.167 |
|                             Loss/Loss_actor |           -10.5 |
|                             Loss/Loss_alpha |          0.0025 |
|               Loss/Loss_state_action_metric |         0.00262 |
|                      Loss/Loss_state_metric |         0.00144 |
|             Loss/Loss_state_action_to_state |         0.00122 |
|                           Loss/Act_rep_loss |           0.046 |
|                                   SAC/Alpha |          0.0148 |
|                              SAC/LogPi_mean |           0.369 |
|                                 SAC/Q1_mean |            10.6 |
|                                 SAC/Q2_mean |            10.5 |
|                            Norm/actor_model |            87.6 |
|                           Norm/critic_model |            77.1 |
|              Norm/state_action_metric_model |            47.6 |
|                     Norm/state_metric_model |            52.2 |
|        Norm/state_action_state_metric_model |            63.3 |
|                  Metric/self_state_distance |         0.00139 |
|                 Metric/cross_state_distance |            0.95 |
|           Metric/self_state_action_distance |         0.00706 |
|          Metric/cross_state_action_distance |           0.943 |
|             Metric/avg_self_state_asymmetry |               0 |
|            Metric/avg_cross_state_asymmetry |          0.0028 |
|                Metric/avg_self_sa_asymmetry |               0 |
|               Metric/avg_cross_sa_asymmetry |         0.00457 |
|  Metric/self_state_action_to_state_distance |         0.00238 |
| Metric/cross_state_action_to_state_distance |           0.942 |
|                   Metric/h_lambda_diff_self |         0.00589 |
|                  Metric/h_lambda_diff_cross |         0.00715 |
|                                 Eval/Return |             457 |
-----------------------------------------------------------------
-----------------------------------------------------------------
|                                 Train/Steps |        1.67e+06 |
|                            Loss/Loss_critic |           0.204 |
|                             Loss/Loss_actor |           -12.9 |
|                             Loss/Loss_alpha |         0.00115 |
|               Loss/Loss_state_action_metric |          0.0026 |
|                      Loss/Loss_state_metric |        0.000704 |
|             Loss/Loss_state_action_to_state |        0.000456 |
|                           Loss/Act_rep_loss |          0.0365 |
|                                   SAC/Alpha |           0.018 |
|                              SAC/LogPi_mean |           0.482 |
|                                 SAC/Q1_mean |            12.9 |
|                                 SAC/Q2_mean |            12.9 |
|                            Norm/actor_model |            92.5 |
|                           Norm/critic_model |            80.2 |
|              Norm/state_action_metric_model |            48.2 |
|                     Norm/state_metric_model |            53.5 |
|        Norm/state_action_state_metric_model |            64.3 |
|                  Metric/self_state_distance |        0.000875 |
|                 Metric/cross_state_distance |           0.964 |
|           Metric/self_state_action_distance |         0.00119 |
|          Metric/cross_state_action_distance |           0.954 |
|             Metric/avg_self_state_asymmetry |               0 |
|            Metric/avg_cross_state_asymmetry |         0.00397 |
|                Metric/avg_self_sa_asymmetry |               0 |
|               Metric/avg_cross_sa_asymmetry |         0.00511 |
|  Metric/self_state_action_to_state_distance |          0.0144 |
| Metric/cross_state_action_to_state_distance |           0.957 |
|                   Metric/h_lambda_diff_self |          0.0152 |
|                  Metric/h_lambda_diff_cross |         0.00544 |
|                                 Eval/Return |             545 |
-----------------------------------------------------------------
-----------------------------------------------------------------
|                                 Train/Steps |         1.8e+06 |
|                            Loss/Loss_critic |           0.235 |
|                             Loss/Loss_actor |           -19.6 |
|                             Loss/Loss_alpha |         0.00251 |
|               Loss/Loss_state_action_metric |         0.00853 |
|                      Loss/Loss_state_metric |         0.00269 |
|             Loss/Loss_state_action_to_state |          0.0022 |
|                           Loss/Act_rep_loss |          0.0329 |
|                                   SAC/Alpha |          0.0173 |
|                              SAC/LogPi_mean |           0.393 |
|                                 SAC/Q1_mean |            19.7 |
|                                 SAC/Q2_mean |            19.6 |
|                            Norm/actor_model |            97.2 |
|                           Norm/critic_model |            82.7 |
|              Norm/state_action_metric_model |            49.1 |
|                     Norm/state_metric_model |            54.6 |
|        Norm/state_action_state_metric_model |            65.2 |
|                  Metric/self_state_distance |          0.0057 |
|                 Metric/cross_state_distance |           0.967 |
|           Metric/self_state_action_distance |          0.0017 |
|          Metric/cross_state_action_distance |           0.965 |
|             Metric/avg_self_state_asymmetry |               0 |
|            Metric/avg_cross_state_asymmetry |         0.00663 |
|                Metric/avg_self_sa_asymmetry |               0 |
|               Metric/avg_cross_sa_asymmetry |         0.00586 |
|  Metric/self_state_action_to_state_distance |         0.00897 |
| Metric/cross_state_action_to_state_distance |           0.962 |
|                   Metric/h_lambda_diff_self |          0.0102 |
|                  Metric/h_lambda_diff_cross |          0.0114 |
|                                 Eval/Return |             566 |
-----------------------------------------------------------------
-----------------------------------------------------------------
|                                 Train/Steps |        1.93e+06 |
|                            Loss/Loss_critic |           0.256 |
|                             Loss/Loss_actor |           -22.7 |
|                             Loss/Loss_alpha |        0.000292 |
|               Loss/Loss_state_action_metric |         0.00406 |
|                      Loss/Loss_state_metric |         0.00249 |
|             Loss/Loss_state_action_to_state |         0.00385 |
|                           Loss/Act_rep_loss |          0.0242 |
|                                   SAC/Alpha |          0.0199 |
|                              SAC/LogPi_mean |           0.547 |
|                                 SAC/Q1_mean |            22.7 |
|                                 SAC/Q2_mean |            22.7 |
|                            Norm/actor_model |             102 |
|                           Norm/critic_model |            85.6 |
|              Norm/state_action_metric_model |            50.1 |
|                     Norm/state_metric_model |            56.1 |
|        Norm/state_action_state_metric_model |            66.2 |
|                  Metric/self_state_distance |          0.0028 |
|                 Metric/cross_state_distance |            0.97 |
|           Metric/self_state_action_distance |         0.00193 |
|          Metric/cross_state_action_distance |           0.983 |
|             Metric/avg_self_state_asymmetry |               0 |
|            Metric/avg_cross_state_asymmetry |         0.00467 |
|                Metric/avg_self_sa_asymmetry |               0 |
|               Metric/avg_cross_sa_asymmetry |         0.00532 |
|  Metric/self_state_action_to_state_distance |          0.0173 |
| Metric/cross_state_action_to_state_distance |           0.976 |
|                   Metric/h_lambda_diff_self |           0.017 |
|                  Metric/h_lambda_diff_cross |          0.0132 |
|                                 Eval/Return |             722 |
-----------------------------------------------------------------
-----------------------------------------------------------------
|                                 Train/Steps |        2.06e+06 |
|                            Loss/Loss_critic |           0.208 |
|                             Loss/Loss_actor |           -25.7 |
|                             Loss/Loss_alpha |        -0.00099 |
|               Loss/Loss_state_action_metric |         0.00364 |
|                      Loss/Loss_state_metric |         0.00045 |
|             Loss/Loss_state_action_to_state |        9.72e-05 |
|                           Loss/Act_rep_loss |          0.0148 |
|                                   SAC/Alpha |          0.0197 |
|                              SAC/LogPi_mean |           0.558 |
|                                 SAC/Q1_mean |            25.6 |
|                                 SAC/Q2_mean |            25.8 |
|                            Norm/actor_model |             106 |
|                           Norm/critic_model |            88.2 |
|              Norm/state_action_metric_model |            51.4 |
|                     Norm/state_metric_model |            57.1 |
|        Norm/state_action_state_metric_model |            68.3 |
|                  Metric/self_state_distance |         0.00995 |
|                 Metric/cross_state_distance |           0.993 |
|           Metric/self_state_action_distance |         0.00245 |
|          Metric/cross_state_action_distance |           0.993 |
|             Metric/avg_self_state_asymmetry |               0 |
|            Metric/avg_cross_state_asymmetry |         0.00489 |
|                Metric/avg_self_sa_asymmetry |               0 |
|               Metric/avg_cross_sa_asymmetry |          0.0066 |
|  Metric/self_state_action_to_state_distance |         0.00302 |
| Metric/cross_state_action_to_state_distance |           0.991 |
|                   Metric/h_lambda_diff_self |         0.00349 |
|                  Metric/h_lambda_diff_cross |         0.00717 |
|                                 Eval/Return |             521 |
-----------------------------------------------------------------
[32mSaving model …[0m
[32mDone.[0m
[32mSaving model …[0m
[32mDone.[0m
-----------------------------------------------------------------
|                                 Train/Steps |        2.18e+06 |
|                            Loss/Loss_critic |           0.171 |
|                             Loss/Loss_actor |           -29.1 |
|                             Loss/Loss_alpha |         0.00244 |
|               Loss/Loss_state_action_metric |         0.00811 |
|                      Loss/Loss_state_metric |          0.0013 |
|             Loss/Loss_state_action_to_state |        0.000941 |
|                           Loss/Act_rep_loss |         0.00804 |
|                                   SAC/Alpha |          0.0185 |
|                              SAC/LogPi_mean |           0.378 |
|                                 SAC/Q1_mean |            29.2 |
|                                 SAC/Q2_mean |            29.2 |
|                            Norm/actor_model |             110 |
|                           Norm/critic_model |              91 |
|              Norm/state_action_metric_model |            52.5 |
|                     Norm/state_metric_model |            58.9 |
|        Norm/state_action_state_metric_model |            70.9 |
|                  Metric/self_state_distance |         0.00566 |
|                 Metric/cross_state_distance |               1 |
|           Metric/self_state_action_distance |         0.00331 |
|          Metric/cross_state_action_distance |               1 |
|             Metric/avg_self_state_asymmetry |               0 |
|            Metric/avg_cross_state_asymmetry |         0.00744 |
|                Metric/avg_self_sa_asymmetry |               0 |
|               Metric/avg_cross_sa_asymmetry |         0.00765 |
|  Metric/self_state_action_to_state_distance |         0.00273 |
| Metric/cross_state_action_to_state_distance |               1 |
|                   Metric/h_lambda_diff_self |         0.00361 |
|                  Metric/h_lambda_diff_cross |         0.00879 |
|                                 Eval/Return |             540 |
-----------------------------------------------------------------
-----------------------------------------------------------------
|                                 Train/Steps |        2.31e+06 |
|                            Loss/Loss_critic |           0.246 |
|                             Loss/Loss_actor |           -33.9 |
|                             Loss/Loss_alpha |        -0.00225 |
|               Loss/Loss_state_action_metric |         0.00657 |
|                      Loss/Loss_state_metric |         0.00139 |
|             Loss/Loss_state_action_to_state |        0.000227 |
|                           Loss/Act_rep_loss |          0.0121 |
|                                   SAC/Alpha |          0.0223 |
|                              SAC/LogPi_mean |           0.558 |
|                                 SAC/Q1_mean |              34 |
|                                 SAC/Q2_mean |            33.9 |
|                            Norm/actor_model |             114 |
|                           Norm/critic_model |            93.6 |
|              Norm/state_action_metric_model |            53.8 |
|                     Norm/state_metric_model |            60.6 |
|        Norm/state_action_state_metric_model |            74.3 |
|                  Metric/self_state_distance |         0.00962 |
|                 Metric/cross_state_distance |           0.997 |
|           Metric/self_state_action_distance |           0.011 |
|          Metric/cross_state_action_distance |            1.01 |
|             Metric/avg_self_state_asymmetry |               0 |
|            Metric/avg_cross_state_asymmetry |           0.012 |
|                Metric/avg_self_sa_asymmetry |               0 |
|               Metric/avg_cross_sa_asymmetry |          0.0089 |
|  Metric/self_state_action_to_state_distance |         0.00361 |
| Metric/cross_state_action_to_state_distance |            1.01 |
|                   Metric/h_lambda_diff_self |          0.0109 |
|                  Metric/h_lambda_diff_cross |         0.00963 |
|                                 Eval/Return |             748 |
-----------------------------------------------------------------
-----------------------------------------------------------------
|                                 Train/Steps |        2.44e+06 |
|                            Loss/Loss_critic |           0.188 |
|                             Loss/Loss_actor |           -31.7 |
|                             Loss/Loss_alpha |        -0.00346 |
|               Loss/Loss_state_action_metric |         0.00371 |
|                      Loss/Loss_state_metric |        0.000257 |
|             Loss/Loss_state_action_to_state |        0.000136 |
|                           Loss/Act_rep_loss |         0.00392 |
|                                   SAC/Alpha |          0.0222 |
|                              SAC/LogPi_mean |           0.649 |
|                                 SAC/Q1_mean |            31.7 |
|                                 SAC/Q2_mean |            31.7 |
|                            Norm/actor_model |             118 |
|                           Norm/critic_model |            96.1 |
|              Norm/state_action_metric_model |            54.6 |
|                     Norm/state_metric_model |            62.8 |
|        Norm/state_action_state_metric_model |            77.6 |
|                  Metric/self_state_distance |         0.00199 |
|                 Metric/cross_state_distance |            1.01 |
|           Metric/self_state_action_distance |        0.000992 |
|          Metric/cross_state_action_distance |            1.01 |
|             Metric/avg_self_state_asymmetry |               0 |
|            Metric/avg_cross_state_asymmetry |         0.00441 |
|                Metric/avg_self_sa_asymmetry |               0 |
|               Metric/avg_cross_sa_asymmetry |         0.00527 |
|  Metric/self_state_action_to_state_distance |         0.00737 |
| Metric/cross_state_action_to_state_distance |            1.01 |
|                   Metric/h_lambda_diff_self |         0.00787 |
|                  Metric/h_lambda_diff_cross |         0.00625 |
|                                 Eval/Return |             756 |
-----------------------------------------------------------------
-----------------------------------------------------------------
|                                 Train/Steps |        2.57e+06 |
|                            Loss/Loss_critic |           0.244 |
|                             Loss/Loss_actor |             -38 |
|                             Loss/Loss_alpha |        -0.00231 |
|               Loss/Loss_state_action_metric |          0.0115 |
|                      Loss/Loss_state_metric |         0.00281 |
|             Loss/Loss_state_action_to_state |          0.0033 |
|                           Loss/Act_rep_loss |          0.0121 |
|                                   SAC/Alpha |          0.0222 |
|                              SAC/LogPi_mean |           0.502 |
|                                 SAC/Q1_mean |              38 |
|                                 SAC/Q2_mean |            38.1 |
|                            Norm/actor_model |             121 |
|                           Norm/critic_model |            98.4 |
|              Norm/state_action_metric_model |            55.7 |
|                     Norm/state_metric_model |            64.9 |
|        Norm/state_action_state_metric_model |            80.3 |
|                  Metric/self_state_distance |          0.0114 |
|                 Metric/cross_state_distance |           0.999 |
|           Metric/self_state_action_distance |         0.00558 |
|          Metric/cross_state_action_distance |            1.01 |
|             Metric/avg_self_state_asymmetry |               0 |
|            Metric/avg_cross_state_asymmetry |          0.0173 |
|                Metric/avg_self_sa_asymmetry |               0 |
|               Metric/avg_cross_sa_asymmetry |          0.0125 |
|  Metric/self_state_action_to_state_distance |          0.0132 |
| Metric/cross_state_action_to_state_distance |            1.01 |
|                   Metric/h_lambda_diff_self |          0.0113 |
|                  Metric/h_lambda_diff_cross |          0.0178 |
|                                 Eval/Return |             737 |
-----------------------------------------------------------------
-----------------------------------------------------------------
|                                 Train/Steps |         2.7e+06 |
|                            Loss/Loss_critic |            0.14 |
|                             Loss/Loss_actor |           -39.7 |
|                             Loss/Loss_alpha |         0.00178 |
|               Loss/Loss_state_action_metric |         0.00565 |
|                      Loss/Loss_state_metric |         0.00186 |
|             Loss/Loss_state_action_to_state |         0.00168 |
|                           Loss/Act_rep_loss |         0.00847 |
|                                   SAC/Alpha |          0.0208 |
|                              SAC/LogPi_mean |           0.456 |
|                                 SAC/Q1_mean |            39.7 |
|                                 SAC/Q2_mean |            39.8 |
|                            Norm/actor_model |             125 |
|                           Norm/critic_model |             100 |
|              Norm/state_action_metric_model |            57.9 |
|                     Norm/state_metric_model |            66.8 |
|        Norm/state_action_state_metric_model |            84.3 |
|                  Metric/self_state_distance |         0.00239 |
|                 Metric/cross_state_distance |            1.01 |
|           Metric/self_state_action_distance |        0.000743 |
|          Metric/cross_state_action_distance |            1.02 |
|             Metric/avg_self_state_asymmetry |               0 |
|            Metric/avg_cross_state_asymmetry |         0.00654 |
|                Metric/avg_self_sa_asymmetry |               0 |
|               Metric/avg_cross_sa_asymmetry |         0.00891 |
|  Metric/self_state_action_to_state_distance |         0.00887 |
| Metric/cross_state_action_to_state_distance |            1.02 |
|                   Metric/h_lambda_diff_self |         0.00848 |
|                  Metric/h_lambda_diff_cross |            0.01 |
|                                 Eval/Return |             731 |
-----------------------------------------------------------------
-----------------------------------------------------------------
|                                 Train/Steps |        2.82e+06 |
|                            Loss/Loss_critic |           0.169 |
|                             Loss/Loss_actor |           -38.4 |
|                             Loss/Loss_alpha |         0.00101 |
|               Loss/Loss_state_action_metric |         0.00596 |
|                      Loss/Loss_state_metric |        0.000817 |
|             Loss/Loss_state_action_to_state |         0.00337 |
|                           Loss/Act_rep_loss |         0.00836 |
|                                   SAC/Alpha |          0.0194 |
|                              SAC/LogPi_mean |           0.487 |
|                                 SAC/Q1_mean |            38.4 |
|                                 SAC/Q2_mean |            38.4 |
|                            Norm/actor_model |             128 |
|                           Norm/critic_model |             102 |
|              Norm/state_action_metric_model |            59.3 |
|                     Norm/state_metric_model |            69.4 |
|        Norm/state_action_state_metric_model |            88.7 |
|                  Metric/self_state_distance |         0.00315 |
|                 Metric/cross_state_distance |            1.01 |
|           Metric/self_state_action_distance |         0.00725 |
|          Metric/cross_state_action_distance |            1.02 |
|             Metric/avg_self_state_asymmetry |               0 |
|            Metric/avg_cross_state_asymmetry |          0.0111 |
|                Metric/avg_self_sa_asymmetry |               0 |
|               Metric/avg_cross_sa_asymmetry |         0.00748 |
|  Metric/self_state_action_to_state_distance |         0.00421 |
| Metric/cross_state_action_to_state_distance |            1.02 |
|                   Metric/h_lambda_diff_self |         0.00688 |
|                  Metric/h_lambda_diff_cross |          0.0237 |
|                                 Eval/Return |             752 |
-----------------------------------------------------------------
-----------------------------------------------------------------
|                                 Train/Steps |        2.95e+06 |
|                            Loss/Loss_critic |           0.155 |
|                             Loss/Loss_actor |           -43.9 |
|                             Loss/Loss_alpha |        -0.00107 |
|               Loss/Loss_state_action_metric |          0.0058 |
|                      Loss/Loss_state_metric |        0.000566 |
|             Loss/Loss_state_action_to_state |        0.000326 |
|                           Loss/Act_rep_loss |        0.000569 |
|                                   SAC/Alpha |          0.0193 |
|                              SAC/LogPi_mean |           0.473 |
|                                 SAC/Q1_mean |            43.9 |
|                                 SAC/Q2_mean |            43.8 |
|                            Norm/actor_model |             132 |
|                           Norm/critic_model |             104 |
|              Norm/state_action_metric_model |            60.6 |
|                     Norm/state_metric_model |            71.6 |
|        Norm/state_action_state_metric_model |            92.4 |
|                  Metric/self_state_distance |         0.00522 |
|                 Metric/cross_state_distance |            1.03 |
|           Metric/self_state_action_distance |         0.00577 |
|          Metric/cross_state_action_distance |            1.04 |
|             Metric/avg_self_state_asymmetry |               0 |
|            Metric/avg_cross_state_asymmetry |         0.00424 |
|                Metric/avg_self_sa_asymmetry |               0 |
|               Metric/avg_cross_sa_asymmetry |         0.00401 |
|  Metric/self_state_action_to_state_distance |          0.0081 |
| Metric/cross_state_action_to_state_distance |            1.03 |
|                   Metric/h_lambda_diff_self |         0.00641 |
|                  Metric/h_lambda_diff_cross |         0.00585 |
|                                 Eval/Return |             758 |
-----------------------------------------------------------------
-----------------------------------------------------------------
|                                 Train/Steps |        3.08e+06 |
|                            Loss/Loss_critic |           0.122 |
|                             Loss/Loss_actor |           -43.5 |
|                             Loss/Loss_alpha |        -0.00107 |
|               Loss/Loss_state_action_metric |         0.00497 |
|                      Loss/Loss_state_metric |         0.00108 |
|             Loss/Loss_state_action_to_state |         0.00261 |
|                           Loss/Act_rep_loss |         0.00611 |
|                                   SAC/Alpha |          0.0228 |
|                              SAC/LogPi_mean |           0.641 |
|                                 SAC/Q1_mean |            43.7 |
|                                 SAC/Q2_mean |            43.5 |
|                            Norm/actor_model |             135 |
|                           Norm/critic_model |             105 |
|              Norm/state_action_metric_model |              63 |
|                     Norm/state_metric_model |            74.6 |
|        Norm/state_action_state_metric_model |            96.4 |
|                  Metric/self_state_distance |         0.00163 |
|                 Metric/cross_state_distance |            1.02 |
|           Metric/self_state_action_distance |         0.00233 |
|          Metric/cross_state_action_distance |            1.03 |
|             Metric/avg_self_state_asymmetry |               0 |
|            Metric/avg_cross_state_asymmetry |         0.00847 |
|                Metric/avg_self_sa_asymmetry |               0 |
|               Metric/avg_cross_sa_asymmetry |          0.0058 |
|  Metric/self_state_action_to_state_distance |          0.0024 |
| Metric/cross_state_action_to_state_distance |            1.03 |
|                   Metric/h_lambda_diff_self |         0.00287 |
|                  Metric/h_lambda_diff_cross |          0.0148 |
|                                 Eval/Return |             749 |
-----------------------------------------------------------------
[32mSaving model …[0m
[32mDone.[0m
[32mSaving model …[0m
[32mDone.[0m
-----------------------------------------------------------------
|                                 Train/Steps |        3.21e+06 |
|                            Loss/Loss_critic |           0.284 |
|                             Loss/Loss_actor |           -48.6 |
|                             Loss/Loss_alpha |         0.00082 |
|               Loss/Loss_state_action_metric |         0.00455 |
|                      Loss/Loss_state_metric |        0.000484 |
|             Loss/Loss_state_action_to_state |        0.000823 |
|                           Loss/Act_rep_loss |         0.00216 |
|                                   SAC/Alpha |          0.0233 |
|                              SAC/LogPi_mean |           0.563 |
|                                 SAC/Q1_mean |            48.7 |
|                                 SAC/Q2_mean |            48.6 |
|                            Norm/actor_model |             139 |
|                           Norm/critic_model |             107 |
|              Norm/state_action_metric_model |            64.5 |
|                     Norm/state_metric_model |            78.8 |
|        Norm/state_action_state_metric_model |             100 |
|                  Metric/self_state_distance |         0.00655 |
|                 Metric/cross_state_distance |            1.03 |
|           Metric/self_state_action_distance |         0.00488 |
|          Metric/cross_state_action_distance |            1.04 |
|             Metric/avg_self_state_asymmetry |               0 |
|            Metric/avg_cross_state_asymmetry |          0.0133 |
|                Metric/avg_self_sa_asymmetry |               0 |
|               Metric/avg_cross_sa_asymmetry |         0.00777 |
|  Metric/self_state_action_to_state_distance |         0.00356 |
| Metric/cross_state_action_to_state_distance |            1.03 |
|                   Metric/h_lambda_diff_self |         0.00305 |
|                  Metric/h_lambda_diff_cross |         0.00918 |
|                                 Eval/Return |             758 |
-----------------------------------------------------------------
-----------------------------------------------------------------
|                                 Train/Steps |        3.34e+06 |
|                            Loss/Loss_critic |           0.134 |
|                             Loss/Loss_actor |           -50.2 |
|                             Loss/Loss_alpha |        0.000539 |
|               Loss/Loss_state_action_metric |          0.0052 |
|                      Loss/Loss_state_metric |         0.00147 |
|             Loss/Loss_state_action_to_state |         0.00439 |
|                           Loss/Act_rep_loss |         0.00526 |
|                                   SAC/Alpha |          0.0226 |
|                              SAC/LogPi_mean |           0.417 |
|                                 SAC/Q1_mean |            50.3 |
|                                 SAC/Q2_mean |            50.3 |
|                            Norm/actor_model |             142 |
|                           Norm/critic_model |             108 |
|              Norm/state_action_metric_model |              67 |
|                     Norm/state_metric_model |            81.9 |
|        Norm/state_action_state_metric_model |             104 |
|                  Metric/self_state_distance |         0.00181 |
|                 Metric/cross_state_distance |            1.02 |
|           Metric/self_state_action_distance |         0.00174 |
|          Metric/cross_state_action_distance |            1.03 |
|             Metric/avg_self_state_asymmetry |               0 |
|            Metric/avg_cross_state_asymmetry |         0.00548 |
|                Metric/avg_self_sa_asymmetry |               0 |
|               Metric/avg_cross_sa_asymmetry |          0.0049 |
|  Metric/self_state_action_to_state_distance |          0.0223 |
| Metric/cross_state_action_to_state_distance |            1.02 |
|                   Metric/h_lambda_diff_self |          0.0218 |
|                  Metric/h_lambda_diff_cross |          0.0187 |
|                                 Eval/Return |             752 |
-----------------------------------------------------------------
-----------------------------------------------------------------
|                                 Train/Steps |        3.46e+06 |
|                            Loss/Loss_critic |           0.179 |
|                             Loss/Loss_actor |           -46.5 |
|                             Loss/Loss_alpha |        -0.00142 |
|               Loss/Loss_state_action_metric |         0.00502 |
|                      Loss/Loss_state_metric |        0.000947 |
|             Loss/Loss_state_action_to_state |         0.00115 |
|                           Loss/Act_rep_loss |         0.00271 |
|                                   SAC/Alpha |          0.0205 |
|                              SAC/LogPi_mean |           0.498 |
|                                 SAC/Q1_mean |            46.6 |
|                                 SAC/Q2_mean |            46.6 |
|                            Norm/actor_model |             145 |
|                           Norm/critic_model |             109 |
|              Norm/state_action_metric_model |            69.5 |
|                     Norm/state_metric_model |            86.9 |
|        Norm/state_action_state_metric_model |             107 |
|                  Metric/self_state_distance |         0.00577 |
|                 Metric/cross_state_distance |            1.02 |
|           Metric/self_state_action_distance |          0.0025 |
|          Metric/cross_state_action_distance |            1.03 |
|             Metric/avg_self_state_asymmetry |               0 |
|            Metric/avg_cross_state_asymmetry |         0.00534 |
|                Metric/avg_self_sa_asymmetry |               0 |
|               Metric/avg_cross_sa_asymmetry |         0.00605 |
|  Metric/self_state_action_to_state_distance |         0.00366 |
| Metric/cross_state_action_to_state_distance |            1.03 |
|                   Metric/h_lambda_diff_self |         0.00292 |
|                  Metric/h_lambda_diff_cross |         0.00663 |
|                                 Eval/Return |             750 |
-----------------------------------------------------------------
-----------------------------------------------------------------
|                                 Train/Steps |        3.59e+06 |
|                            Loss/Loss_critic |           0.141 |
|                             Loss/Loss_actor |           -50.8 |
|                             Loss/Loss_alpha |        -0.00127 |
|               Loss/Loss_state_action_metric |         0.00639 |
|                      Loss/Loss_state_metric |         0.00189 |
|             Loss/Loss_state_action_to_state |         0.00131 |
|                           Loss/Act_rep_loss |         0.00703 |
|                                   SAC/Alpha |          0.0219 |
|                              SAC/LogPi_mean |           0.512 |
|                                 SAC/Q1_mean |            50.8 |
|                                 SAC/Q2_mean |            50.9 |
|                            Norm/actor_model |             148 |
|                           Norm/critic_model |             111 |
|              Norm/state_action_metric_model |            71.4 |
|                     Norm/state_metric_model |            90.7 |
|        Norm/state_action_state_metric_model |             112 |
|                  Metric/self_state_distance |         0.00844 |
|                 Metric/cross_state_distance |            1.03 |
|           Metric/self_state_action_distance |         0.00361 |
|          Metric/cross_state_action_distance |            1.03 |
|             Metric/avg_self_state_asymmetry |               0 |
|            Metric/avg_cross_state_asymmetry |          0.0174 |
|                Metric/avg_self_sa_asymmetry |               0 |
|               Metric/avg_cross_sa_asymmetry |          0.0149 |
|  Metric/self_state_action_to_state_distance |         0.00701 |
| Metric/cross_state_action_to_state_distance |            1.03 |
|                   Metric/h_lambda_diff_self |         0.00841 |
|                  Metric/h_lambda_diff_cross |          0.0186 |
|                                 Eval/Return |             727 |
-----------------------------------------------------------------
-----------------------------------------------------------------
|                                 Train/Steps |        3.72e+06 |
|                            Loss/Loss_critic |           0.119 |
|                             Loss/Loss_actor |             -50 |
|                             Loss/Loss_alpha |       -1.76e-05 |
|               Loss/Loss_state_action_metric |         0.00429 |
|                      Loss/Loss_state_metric |        0.000581 |
|             Loss/Loss_state_action_to_state |        0.000294 |
|                           Loss/Act_rep_loss |        0.000484 |
|                                   SAC/Alpha |          0.0214 |
|                              SAC/LogPi_mean |           0.507 |
|                                 SAC/Q1_mean |              50 |
|                                 SAC/Q2_mean |            50.1 |
|                            Norm/actor_model |             151 |
|                           Norm/critic_model |             112 |
|              Norm/state_action_metric_model |            73.5 |
|                     Norm/state_metric_model |            94.2 |
|        Norm/state_action_state_metric_model |             117 |
|                  Metric/self_state_distance |           0.004 |
|                 Metric/cross_state_distance |            1.03 |
|           Metric/self_state_action_distance |        0.000954 |
|          Metric/cross_state_action_distance |            1.04 |
|             Metric/avg_self_state_asymmetry |               0 |
|            Metric/avg_cross_state_asymmetry |         0.00575 |
|                Metric/avg_self_sa_asymmetry |               0 |
|               Metric/avg_cross_sa_asymmetry |         0.00597 |
|  Metric/self_state_action_to_state_distance |          0.0213 |
| Metric/cross_state_action_to_state_distance |            1.04 |
|                   Metric/h_lambda_diff_self |          0.0209 |
|                  Metric/h_lambda_diff_cross |         0.00338 |
|                                 Eval/Return |             762 |
-----------------------------------------------------------------
-----------------------------------------------------------------
|                                 Train/Steps |        3.85e+06 |
|                            Loss/Loss_critic |           0.118 |
|                             Loss/Loss_actor |           -54.8 |
|                             Loss/Loss_alpha |       -0.000157 |
|               Loss/Loss_state_action_metric |         0.00428 |
|                      Loss/Loss_state_metric |        0.000253 |
|             Loss/Loss_state_action_to_state |        0.000169 |
|                           Loss/Act_rep_loss |        0.000793 |
|                                   SAC/Alpha |          0.0179 |
|                              SAC/LogPi_mean |           0.475 |
|                                 SAC/Q1_mean |            54.8 |
|                                 SAC/Q2_mean |            54.8 |
|                            Norm/actor_model |             154 |
|                           Norm/critic_model |             113 |
|              Norm/state_action_metric_model |            75.4 |
|                     Norm/state_metric_model |            98.7 |
|        Norm/state_action_state_metric_model |             122 |
|                  Metric/self_state_distance |         0.00272 |
|                 Metric/cross_state_distance |            1.03 |
|           Metric/self_state_action_distance |        0.000279 |
|          Metric/cross_state_action_distance |            1.04 |
|             Metric/avg_self_state_asymmetry |               0 |
|            Metric/avg_cross_state_asymmetry |         0.00317 |
|                Metric/avg_self_sa_asymmetry |               0 |
|               Metric/avg_cross_sa_asymmetry |         0.00282 |
|  Metric/self_state_action_to_state_distance |          0.0164 |
| Metric/cross_state_action_to_state_distance |            1.04 |
|                   Metric/h_lambda_diff_self |          0.0161 |
|                  Metric/h_lambda_diff_cross |          0.0048 |
|                                 Eval/Return |             764 |
-----------------------------------------------------------------
-----------------------------------------------------------------
|                                 Train/Steps |        3.98e+06 |
|                            Loss/Loss_critic |           0.158 |
|                             Loss/Loss_actor |           -51.6 |
|                             Loss/Loss_alpha |        -0.00132 |
|               Loss/Loss_state_action_metric |         0.00419 |
|                      Loss/Loss_state_metric |        0.000327 |
|             Loss/Loss_state_action_to_state |        0.000202 |
|                           Loss/Act_rep_loss |        0.000543 |
|                                   SAC/Alpha |          0.0191 |
|                              SAC/LogPi_mean |           0.554 |
|                                 SAC/Q1_mean |            51.7 |
|                                 SAC/Q2_mean |            51.7 |
|                            Norm/actor_model |             156 |
|                           Norm/critic_model |             114 |
|              Norm/state_action_metric_model |            76.5 |
|                     Norm/state_metric_model |             103 |
|        Norm/state_action_state_metric_model |             126 |
|                  Metric/self_state_distance |         0.00321 |
|                 Metric/cross_state_distance |            1.03 |
|           Metric/self_state_action_distance |         0.00145 |
|          Metric/cross_state_action_distance |            1.04 |
|             Metric/avg_self_state_asymmetry |               0 |
|            Metric/avg_cross_state_asymmetry |         0.00423 |
|                Metric/avg_self_sa_asymmetry |               0 |
|               Metric/avg_cross_sa_asymmetry |         0.00362 |
|  Metric/self_state_action_to_state_distance |         0.00131 |
| Metric/cross_state_action_to_state_distance |            1.03 |
|                   Metric/h_lambda_diff_self |         0.00234 |
|                  Metric/h_lambda_diff_cross |         0.00518 |
|                                 Eval/Return |             760 |
-----------------------------------------------------------------
-----------------------------------------------------------------
|                                 Train/Steps |         4.1e+06 |
|                            Loss/Loss_critic |           0.162 |
|                             Loss/Loss_actor |             -56 |
|                             Loss/Loss_alpha |       -0.000153 |
|               Loss/Loss_state_action_metric |         0.00636 |
|                      Loss/Loss_state_metric |         0.00141 |
|             Loss/Loss_state_action_to_state |        0.000386 |
|                           Loss/Act_rep_loss |         0.00413 |
|                                   SAC/Alpha |          0.0185 |
|                              SAC/LogPi_mean |           0.439 |
|                                 SAC/Q1_mean |              56 |
|                                 SAC/Q2_mean |              56 |
|                            Norm/actor_model |             159 |
|                           Norm/critic_model |             114 |
|              Norm/state_action_metric_model |            78.5 |
|                     Norm/state_metric_model |             110 |
|        Norm/state_action_state_metric_model |             133 |
|                  Metric/self_state_distance |         0.00515 |
|                 Metric/cross_state_distance |            1.03 |
|           Metric/self_state_action_distance |         0.00112 |
|          Metric/cross_state_action_distance |            1.04 |
|             Metric/avg_self_state_asymmetry |               0 |
|            Metric/avg_cross_state_asymmetry |         0.00486 |
|                Metric/avg_self_sa_asymmetry |               0 |
|               Metric/avg_cross_sa_asymmetry |         0.00676 |
|  Metric/self_state_action_to_state_distance |         0.00495 |
| Metric/cross_state_action_to_state_distance |            1.04 |
|                   Metric/h_lambda_diff_self |         0.00514 |
|                  Metric/h_lambda_diff_cross |         0.00744 |
|                                 Eval/Return |             761 |
-----------------------------------------------------------------
[32mSaving model …[0m
[32mDone.[0m
[32mSaving model …[0m
[32mDone.[0m
-----------------------------------------------------------------
|                                 Train/Steps |        4.23e+06 |
|                            Loss/Loss_critic |           0.149 |
|                             Loss/Loss_actor |           -59.2 |
|                             Loss/Loss_alpha |       -0.000944 |
|               Loss/Loss_state_action_metric |         0.00605 |
|                      Loss/Loss_state_metric |         0.00128 |
|             Loss/Loss_state_action_to_state |        0.000346 |
|                           Loss/Act_rep_loss |          0.0019 |
|                                   SAC/Alpha |          0.0191 |
|                              SAC/LogPi_mean |           0.554 |
|                                 SAC/Q1_mean |            59.1 |
|                                 SAC/Q2_mean |            59.2 |
|                            Norm/actor_model |             161 |
|                           Norm/critic_model |             115 |
|              Norm/state_action_metric_model |            80.8 |
|                     Norm/state_metric_model |             115 |
|        Norm/state_action_state_metric_model |             137 |
|                  Metric/self_state_distance |          0.0132 |
|                 Metric/cross_state_distance |            1.03 |
|           Metric/self_state_action_distance |         0.00102 |
|          Metric/cross_state_action_distance |            1.04 |
|             Metric/avg_self_state_asymmetry |               0 |
|            Metric/avg_cross_state_asymmetry |         0.00705 |
|                Metric/avg_self_sa_asymmetry |               0 |
|               Metric/avg_cross_sa_asymmetry |          0.0126 |
|  Metric/self_state_action_to_state_distance |         0.00754 |
| Metric/cross_state_action_to_state_distance |            1.04 |
|                   Metric/h_lambda_diff_self |         0.00816 |
|                  Metric/h_lambda_diff_cross |          0.0087 |
|                                 Eval/Return |             763 |
-----------------------------------------------------------------
-----------------------------------------------------------------
|                                 Train/Steps |        4.36e+06 |
|                            Loss/Loss_critic |           0.138 |
|                             Loss/Loss_actor |           -61.9 |
|                             Loss/Loss_alpha |        -0.00149 |
|               Loss/Loss_state_action_metric |          0.0044 |
|                      Loss/Loss_state_metric |         0.00037 |
|             Loss/Loss_state_action_to_state |        9.07e-05 |
|                           Loss/Act_rep_loss |        0.000233 |
|                                   SAC/Alpha |          0.0204 |
|                              SAC/LogPi_mean |           0.585 |
|                                 SAC/Q1_mean |              62 |
|                                 SAC/Q2_mean |            61.9 |
|                            Norm/actor_model |             164 |
|                           Norm/critic_model |             116 |
|              Norm/state_action_metric_model |            81.9 |
|                     Norm/state_metric_model |             117 |
|        Norm/state_action_state_metric_model |             142 |
|                  Metric/self_state_distance |         0.00185 |
|                 Metric/cross_state_distance |            1.03 |
|           Metric/self_state_action_distance |        0.000316 |
|          Metric/cross_state_action_distance |            1.04 |
|             Metric/avg_self_state_asymmetry |               0 |
|            Metric/avg_cross_state_asymmetry |         0.00259 |
|                Metric/avg_self_sa_asymmetry |               0 |
|               Metric/avg_cross_sa_asymmetry |         0.00394 |
|  Metric/self_state_action_to_state_distance |         0.00833 |
| Metric/cross_state_action_to_state_distance |            1.04 |
|                   Metric/h_lambda_diff_self |         0.00832 |
|                  Metric/h_lambda_diff_cross |         0.00467 |
|                                 Eval/Return |             770 |
-----------------------------------------------------------------
-----------------------------------------------------------------
|                                 Train/Steps |        4.49e+06 |
|                            Loss/Loss_critic |           0.199 |
|                             Loss/Loss_actor |             -63 |
|                             Loss/Loss_alpha |        0.000482 |
|               Loss/Loss_state_action_metric |         0.00618 |
|                      Loss/Loss_state_metric |        0.000855 |
|             Loss/Loss_state_action_to_state |        0.000128 |
|                           Loss/Act_rep_loss |         0.00553 |
|                                   SAC/Alpha |          0.0176 |
|                              SAC/LogPi_mean |           0.463 |
|                                 SAC/Q1_mean |              63 |
|                                 SAC/Q2_mean |              63 |
|                            Norm/actor_model |             167 |
|                           Norm/critic_model |             117 |
|              Norm/state_action_metric_model |            83.4 |
|                     Norm/state_metric_model |             124 |
|        Norm/state_action_state_metric_model |             147 |
|                  Metric/self_state_distance |          0.0118 |
|                 Metric/cross_state_distance |            1.02 |
|           Metric/self_state_action_distance |         0.00209 |
|          Metric/cross_state_action_distance |            1.02 |
|             Metric/avg_self_state_asymmetry |               0 |
|            Metric/avg_cross_state_asymmetry |         0.00852 |
|                Metric/avg_self_sa_asymmetry |               0 |
|               Metric/avg_cross_sa_asymmetry |          0.0206 |
|  Metric/self_state_action_to_state_distance |          0.0034 |
| Metric/cross_state_action_to_state_distance |            1.02 |
|                   Metric/h_lambda_diff_self |          0.0035 |
|                  Metric/h_lambda_diff_cross |          0.0125 |
|                                 Eval/Return |             775 |
-----------------------------------------------------------------
-----------------------------------------------------------------
|                                 Train/Steps |        4.62e+06 |
|                            Loss/Loss_critic |           0.168 |
|                             Loss/Loss_actor |           -67.5 |
|                             Loss/Loss_alpha |        0.000488 |
|               Loss/Loss_state_action_metric |         0.00437 |
|                      Loss/Loss_state_metric |         0.00103 |
|             Loss/Loss_state_action_to_state |        0.000199 |
|                           Loss/Act_rep_loss |          0.0149 |
|                                   SAC/Alpha |          0.0167 |
|                              SAC/LogPi_mean |           0.474 |
|                                 SAC/Q1_mean |            67.5 |
|                                 SAC/Q2_mean |            67.6 |
|                            Norm/actor_model |             169 |
|                           Norm/critic_model |             118 |
|              Norm/state_action_metric_model |            86.5 |
|                     Norm/state_metric_model |             127 |
|        Norm/state_action_state_metric_model |             152 |
|                  Metric/self_state_distance |         0.00555 |
|                 Metric/cross_state_distance |            1.02 |
|           Metric/self_state_action_distance |         0.00539 |
|          Metric/cross_state_action_distance |            1.03 |
|             Metric/avg_self_state_asymmetry |               0 |
|            Metric/avg_cross_state_asymmetry |          0.0223 |
|                Metric/avg_self_sa_asymmetry |               0 |
|               Metric/avg_cross_sa_asymmetry |          0.0144 |
|  Metric/self_state_action_to_state_distance |         0.00956 |
| Metric/cross_state_action_to_state_distance |            1.03 |
|                   Metric/h_lambda_diff_self |          0.0096 |
|                  Metric/h_lambda_diff_cross |          0.0117 |
|                                 Eval/Return |             772 |
-----------------------------------------------------------------
-----------------------------------------------------------------
|                                 Train/Steps |        4.74e+06 |
|                            Loss/Loss_critic |           0.151 |
|                             Loss/Loss_actor |           -68.2 |
|                             Loss/Loss_alpha |         -0.0001 |
|               Loss/Loss_state_action_metric |         0.00523 |
|                      Loss/Loss_state_metric |         0.00185 |
|             Loss/Loss_state_action_to_state |        0.000113 |
|                           Loss/Act_rep_loss |         0.00717 |
|                                   SAC/Alpha |          0.0142 |
|                              SAC/LogPi_mean |            0.51 |
|                                 SAC/Q1_mean |            68.2 |
|                                 SAC/Q2_mean |            68.2 |
|                            Norm/actor_model |             172 |
|                           Norm/critic_model |             118 |
|              Norm/state_action_metric_model |            88.3 |
|                     Norm/state_metric_model |             130 |
|        Norm/state_action_state_metric_model |             156 |
|                  Metric/self_state_distance |         0.00314 |
|                 Metric/cross_state_distance |            1.02 |
|           Metric/self_state_action_distance |          0.0041 |
|          Metric/cross_state_action_distance |            1.03 |
|             Metric/avg_self_state_asymmetry |               0 |
|            Metric/avg_cross_state_asymmetry |         0.00503 |
|                Metric/avg_self_sa_asymmetry |               0 |
|               Metric/avg_cross_sa_asymmetry |         0.00384 |
|  Metric/self_state_action_to_state_distance |         0.00298 |
| Metric/cross_state_action_to_state_distance |            1.02 |
|                   Metric/h_lambda_diff_self |         0.00407 |
|                  Metric/h_lambda_diff_cross |         0.00617 |
|                                 Eval/Return |             774 |
-----------------------------------------------------------------
-----------------------------------------------------------------
|                                 Train/Steps |        4.87e+06 |
|                            Loss/Loss_critic |           0.113 |
|                             Loss/Loss_actor |           -74.6 |
|                             Loss/Loss_alpha |         0.00122 |
|               Loss/Loss_state_action_metric |         0.00379 |
|                      Loss/Loss_state_metric |         0.00043 |
|             Loss/Loss_state_action_to_state |        0.000176 |
|                           Loss/Act_rep_loss |           0.014 |
|                                   SAC/Alpha |          0.0141 |
|                              SAC/LogPi_mean |           0.384 |
|                                 SAC/Q1_mean |            74.7 |
|                                 SAC/Q2_mean |            74.6 |
|                            Norm/actor_model |             174 |
|                           Norm/critic_model |             119 |
|              Norm/state_action_metric_model |              90 |
|                     Norm/state_metric_model |             133 |
|        Norm/state_action_state_metric_model |             160 |
|                  Metric/self_state_distance |         0.00198 |
|                 Metric/cross_state_distance |            1.01 |
|           Metric/self_state_action_distance |         0.00152 |
|          Metric/cross_state_action_distance |            1.01 |
|             Metric/avg_self_state_asymmetry |               0 |
|            Metric/avg_cross_state_asymmetry |         0.00311 |
|                Metric/avg_self_sa_asymmetry |               0 |
|               Metric/avg_cross_sa_asymmetry |         0.00401 |
|  Metric/self_state_action_to_state_distance |          0.0166 |
| Metric/cross_state_action_to_state_distance |            1.02 |
|                   Metric/h_lambda_diff_self |          0.0156 |
|                  Metric/h_lambda_diff_cross |         0.00588 |
|                                 Eval/Return |             772 |
-----------------------------------------------------------------
-----------------------------------------------------------------
|                                 Train/Steps |           5e+06 |
|                            Loss/Loss_critic |             0.1 |
|                             Loss/Loss_actor |           -73.4 |
|                             Loss/Loss_alpha |        0.000863 |
|               Loss/Loss_state_action_metric |         0.00487 |
|                      Loss/Loss_state_metric |         0.00564 |
|             Loss/Loss_state_action_to_state |        9.74e-05 |
|                           Loss/Act_rep_loss |          0.0373 |
|                                   SAC/Alpha |          0.0116 |
|                              SAC/LogPi_mean |           0.481 |
|                                 SAC/Q1_mean |            73.3 |
|                                 SAC/Q2_mean |            73.4 |
|                            Norm/actor_model |             176 |
|                           Norm/critic_model |             120 |
|              Norm/state_action_metric_model |            91.4 |
|                     Norm/state_metric_model |             137 |
|        Norm/state_action_state_metric_model |             166 |
|                  Metric/self_state_distance |         0.00136 |
|                 Metric/cross_state_distance |           0.975 |
|           Metric/self_state_action_distance |         0.00393 |
|          Metric/cross_state_action_distance |            1.01 |
|             Metric/avg_self_state_asymmetry |               0 |
|            Metric/avg_cross_state_asymmetry |         0.00944 |
|                Metric/avg_self_sa_asymmetry |               0 |
|               Metric/avg_cross_sa_asymmetry |         0.00552 |
|  Metric/self_state_action_to_state_distance |         0.00234 |
| Metric/cross_state_action_to_state_distance |            1.01 |
|                   Metric/h_lambda_diff_self |         0.00287 |
|                  Metric/h_lambda_diff_cross |         0.00652 |
|                                 Eval/Return |             773 |
-----------------------------------------------------------------
[32mSaving model …[0m
[32mDone.[0m
[32mSaving model …[0m
[32mDone.[0m
