E0912 23:10:23.707364 1663854 cuda_executor.cc:1526] Could not get kernel mode driver version: (INVALID_ARGUMENT: Version does not match the format X.Y.Z)
E0912 23:10:23.716030 1663745 cuda_executor.cc:1526] Could not get kernel mode driver version: (INVALID_ARGUMENT: Version does not match the format X.Y.Z)
[32mStart prefilling replay buffer[0m
[32mStart SAC training[0m
[32m{'log_freq': 1000, 'save_freq': 1000000, 'eval_episode_freq': 10, 'hidden_size': 256, 'lr': 0.001, 'max_grad_norm': 0.0, 'gamma': 0.99, 'update_tau': 0.005, 'train_per_step': 8, 'episode_length': 1000, 'warmup_samples': 8192, 'max_replay_size': 4000000, 'batch_size': 512, 'total_env_steps': 5000000, 'init_temperature': 0.1, 'nstep': 3, 'bootstrap_on_truncation': True, 'rep_lr_scale': 1.5, 'vis_feq': 100000, 'n_vis_frames': 4, 'num_envs': 128, 'grad_steps': 50, 'transfer_freq': 10, 'transfer_steps': 8, 'reward_scaling': 1.0, 'num_eval_envs': 128, 'target_entropy': -2.0}[0m
[32m[nstep] nstep=3 bootstrap_on_truncation=True (discount from the buffer already contains gamma^nstep)[0m
-----------------------------------------------------------------
|                                 Train/Steps |        1.36e+05 |
|                            Loss/Loss_critic |        6.51e-05 |
|                             Loss/Loss_actor |           -0.69 |
|                             Loss/Loss_alpha |         0.00695 |
|               Loss/Loss_state_action_metric |         0.00227 |
|                      Loss/Loss_state_metric |         0.00147 |
|             Loss/Loss_state_action_to_state |        3.92e-05 |
|                           Loss/Act_rep_loss |          0.0734 |
|                                   SAC/Alpha |         0.00156 |
|                              SAC/LogPi_mean |           -2.46 |
|                                 SAC/Q1_mean |           0.688 |
|                                 SAC/Q2_mean |           0.689 |
|                            Norm/actor_model |            19.7 |
|                           Norm/critic_model |            25.2 |
|              Norm/state_action_metric_model |            32.1 |
|                     Norm/state_metric_model |            31.4 |
|        Norm/state_action_state_metric_model |            31.3 |
|                  Metric/self_state_distance |         0.00254 |
|                 Metric/cross_state_distance |           0.928 |
|           Metric/self_state_action_distance |         0.00114 |
|          Metric/cross_state_action_distance |            0.91 |
|             Metric/avg_self_state_asymmetry |               0 |
|            Metric/avg_cross_state_asymmetry |         0.00203 |
|                Metric/avg_self_sa_asymmetry |               0 |
|               Metric/avg_cross_sa_asymmetry |         0.00521 |
|  Metric/self_state_action_to_state_distance |        0.000246 |
| Metric/cross_state_action_to_state_distance |           0.901 |
|                   Metric/h_lambda_diff_self |         0.00131 |
|                  Metric/h_lambda_diff_cross |            0.01 |
|                                 Eval/Return |            0.13 |
-----------------------------------------------------------------
-----------------------------------------------------------------
|                                 Train/Steps |        2.64e+05 |
|                            Loss/Loss_critic |         0.00344 |
|                             Loss/Loss_actor |          -0.502 |
|                             Loss/Loss_alpha |        -0.00021 |
|               Loss/Loss_state_action_metric |          0.0195 |
|                      Loss/Loss_state_metric |         0.00722 |
|             Loss/Loss_state_action_to_state |        0.000358 |
|                           Loss/Act_rep_loss |           0.057 |
|                                   SAC/Alpha |         0.00086 |
|                              SAC/LogPi_mean |             2.5 |
|                                 SAC/Q1_mean |           0.477 |
|                                 SAC/Q2_mean |            0.47 |
|                            Norm/actor_model |            40.8 |
|                           Norm/critic_model |            43.7 |
|              Norm/state_action_metric_model |            34.4 |
|                     Norm/state_metric_model |            33.7 |
|        Norm/state_action_state_metric_model |            32.8 |
|                  Metric/self_state_distance |         0.00195 |
|                 Metric/cross_state_distance |           0.949 |
|           Metric/self_state_action_distance |         0.00351 |
|          Metric/cross_state_action_distance |           0.953 |
|             Metric/avg_self_state_asymmetry |               0 |
|            Metric/avg_cross_state_asymmetry |         0.00521 |
|                Metric/avg_self_sa_asymmetry |               0 |
|               Metric/avg_cross_sa_asymmetry |         0.00764 |
|  Metric/self_state_action_to_state_distance |        0.000973 |
| Metric/cross_state_action_to_state_distance |           0.947 |
|                   Metric/h_lambda_diff_self |         0.00323 |
|                  Metric/h_lambda_diff_cross |          0.0109 |
|                                 Eval/Return |            2.28 |
-----------------------------------------------------------------
-----------------------------------------------------------------
|                                 Train/Steps |        3.92e+05 |
|                            Loss/Loss_critic |           0.003 |
|                             Loss/Loss_actor |          -0.663 |
|                             Loss/Loss_alpha |        0.000247 |
|               Loss/Loss_state_action_metric |          0.0095 |
|                      Loss/Loss_state_metric |         0.00547 |
|             Loss/Loss_state_action_to_state |        0.000328 |
|                           Loss/Act_rep_loss |          0.0437 |
|                                   SAC/Alpha |        0.000731 |
|                              SAC/LogPi_mean |            1.43 |
|                                 SAC/Q1_mean |           0.653 |
|                                 SAC/Q2_mean |            0.64 |
|                            Norm/actor_model |              52 |
|                           Norm/critic_model |            58.8 |
|              Norm/state_action_metric_model |            38.6 |
|                     Norm/state_metric_model |            36.9 |
|        Norm/state_action_state_metric_model |            35.7 |
|                  Metric/self_state_distance |         0.00203 |
|                 Metric/cross_state_distance |           0.971 |
|           Metric/self_state_action_distance |         0.00422 |
|          Metric/cross_state_action_distance |           0.963 |
|             Metric/avg_self_state_asymmetry |               0 |
|            Metric/avg_cross_state_asymmetry |         0.00618 |
|                Metric/avg_self_sa_asymmetry |               0 |
|               Metric/avg_cross_sa_asymmetry |         0.00793 |
|  Metric/self_state_action_to_state_distance |        0.000993 |
| Metric/cross_state_action_to_state_distance |           0.955 |
|                   Metric/h_lambda_diff_self |         0.00394 |
|                  Metric/h_lambda_diff_cross |          0.0126 |
|                                 Eval/Return |              17 |
-----------------------------------------------------------------
-----------------------------------------------------------------
|                                 Train/Steps |         5.2e+05 |
|                            Loss/Loss_critic |         0.00647 |
|                             Loss/Loss_actor |           -1.11 |
|                             Loss/Loss_alpha |        0.000336 |
|               Loss/Loss_state_action_metric |          0.0491 |
|                      Loss/Loss_state_metric |          0.0301 |
|             Loss/Loss_state_action_to_state |         0.00103 |
|                           Loss/Act_rep_loss |          0.0374 |
|                                   SAC/Alpha |         0.00118 |
|                              SAC/LogPi_mean |            1.62 |
|                                 SAC/Q1_mean |             1.1 |
|                                 SAC/Q2_mean |            1.09 |
|                            Norm/actor_model |            59.6 |
|                           Norm/critic_model |            70.1 |
|              Norm/state_action_metric_model |            43.7 |
|                     Norm/state_metric_model |            40.9 |
|        Norm/state_action_state_metric_model |            39.8 |
|                  Metric/self_state_distance |         0.00324 |
|                 Metric/cross_state_distance |            1.03 |
|           Metric/self_state_action_distance |         0.00374 |
|          Metric/cross_state_action_distance |            1.04 |
|             Metric/avg_self_state_asymmetry |               0 |
|            Metric/avg_cross_state_asymmetry |          0.0072 |
|                Metric/avg_self_sa_asymmetry |               0 |
|               Metric/avg_cross_sa_asymmetry |         0.00899 |
|  Metric/self_state_action_to_state_distance |         0.00126 |
| Metric/cross_state_action_to_state_distance |            1.04 |
|                   Metric/h_lambda_diff_self |         0.00383 |
|                  Metric/h_lambda_diff_cross |          0.0147 |
|                                 Eval/Return |            41.4 |
-----------------------------------------------------------------
-----------------------------------------------------------------
|                                 Train/Steps |        6.48e+05 |
|                            Loss/Loss_critic |         0.00603 |
|                             Loss/Loss_actor |           -2.07 |
|                             Loss/Loss_alpha |        0.000321 |
|               Loss/Loss_state_action_metric |          0.0807 |
|                      Loss/Loss_state_metric |          0.0479 |
|             Loss/Loss_state_action_to_state |         0.00251 |
|                           Loss/Act_rep_loss |          0.0289 |
|                                   SAC/Alpha |         0.00172 |
|                              SAC/LogPi_mean |            1.67 |
|                                 SAC/Q1_mean |            2.04 |
|                                 SAC/Q2_mean |            2.04 |
|                            Norm/actor_model |            66.7 |
|                           Norm/critic_model |            80.3 |
|              Norm/state_action_metric_model |            48.2 |
|                     Norm/state_metric_model |            44.9 |
|        Norm/state_action_state_metric_model |            44.5 |
|                  Metric/self_state_distance |         0.00971 |
|                 Metric/cross_state_distance |            1.11 |
|           Metric/self_state_action_distance |         0.00433 |
|          Metric/cross_state_action_distance |            1.15 |
|             Metric/avg_self_state_asymmetry |               0 |
|            Metric/avg_cross_state_asymmetry |          0.0092 |
|                Metric/avg_self_sa_asymmetry |               0 |
|               Metric/avg_cross_sa_asymmetry |          0.0115 |
|  Metric/self_state_action_to_state_distance |         0.00399 |
| Metric/cross_state_action_to_state_distance |            1.14 |
|                   Metric/h_lambda_diff_self |         0.00489 |
|                  Metric/h_lambda_diff_cross |          0.0178 |
|                                 Eval/Return |            50.4 |
-----------------------------------------------------------------
-----------------------------------------------------------------
|                                 Train/Steps |        7.76e+05 |
|                            Loss/Loss_critic |         0.00778 |
|                             Loss/Loss_actor |           -3.13 |
|                             Loss/Loss_alpha |        0.000253 |
|               Loss/Loss_state_action_metric |           0.148 |
|                      Loss/Loss_state_metric |          0.0739 |
|             Loss/Loss_state_action_to_state |        0.000744 |
|                           Loss/Act_rep_loss |          0.0239 |
|                                   SAC/Alpha |         0.00222 |
|                              SAC/LogPi_mean |             1.9 |
|                                 SAC/Q1_mean |            3.11 |
|                                 SAC/Q2_mean |             3.1 |
|                            Norm/actor_model |            72.9 |
|                           Norm/critic_model |            89.3 |
|              Norm/state_action_metric_model |            52.4 |
|                     Norm/state_metric_model |            48.6 |
|        Norm/state_action_state_metric_model |            48.7 |
|                  Metric/self_state_distance |         0.00293 |
|                 Metric/cross_state_distance |            1.21 |
|           Metric/self_state_action_distance |         0.00508 |
|          Metric/cross_state_action_distance |            1.27 |
|             Metric/avg_self_state_asymmetry |               0 |
|            Metric/avg_cross_state_asymmetry |          0.0108 |
|                Metric/avg_self_sa_asymmetry |               0 |
|               Metric/avg_cross_sa_asymmetry |          0.0161 |
|  Metric/self_state_action_to_state_distance |         0.00269 |
| Metric/cross_state_action_to_state_distance |            1.28 |
|                   Metric/h_lambda_diff_self |         0.00436 |
|                  Metric/h_lambda_diff_cross |          0.0194 |
|                                 Eval/Return |            59.9 |
-----------------------------------------------------------------
-----------------------------------------------------------------
|                                 Train/Steps |        9.04e+05 |
|                            Loss/Loss_critic |         0.00825 |
|                             Loss/Loss_actor |            -3.8 |
|                             Loss/Loss_alpha |       -0.000264 |
|               Loss/Loss_state_action_metric |           0.207 |
|                      Loss/Loss_state_metric |           0.118 |
|             Loss/Loss_state_action_to_state |        0.000964 |
|                           Loss/Act_rep_loss |          0.0189 |
|                                   SAC/Alpha |         0.00246 |
|                              SAC/LogPi_mean |            2.12 |
|                                 SAC/Q1_mean |            3.78 |
|                                 SAC/Q2_mean |            3.77 |
|                            Norm/actor_model |            78.3 |
|                           Norm/critic_model |            96.7 |
|              Norm/state_action_metric_model |            56.1 |
|                     Norm/state_metric_model |            52.2 |
|        Norm/state_action_state_metric_model |            52.6 |
|                  Metric/self_state_distance |         0.00263 |
|                 Metric/cross_state_distance |            1.27 |
|           Metric/self_state_action_distance |         0.00485 |
|          Metric/cross_state_action_distance |            1.35 |
|             Metric/avg_self_state_asymmetry |               0 |
|            Metric/avg_cross_state_asymmetry |          0.0104 |
|                Metric/avg_self_sa_asymmetry |               0 |
|               Metric/avg_cross_sa_asymmetry |          0.0148 |
|  Metric/self_state_action_to_state_distance |         0.00333 |
| Metric/cross_state_action_to_state_distance |            1.36 |
|                   Metric/h_lambda_diff_self |         0.00569 |
|                  Metric/h_lambda_diff_cross |          0.0202 |
|                                 Eval/Return |            64.4 |
-----------------------------------------------------------------
-----------------------------------------------------------------
|                                 Train/Steps |        1.03e+06 |
|                            Loss/Loss_critic |         0.00918 |
|                             Loss/Loss_actor |           -4.26 |
|                             Loss/Loss_alpha |       -0.000196 |
|               Loss/Loss_state_action_metric |           0.214 |
|                      Loss/Loss_state_metric |           0.116 |
|             Loss/Loss_state_action_to_state |        0.000794 |
|                           Loss/Act_rep_loss |          0.0207 |
|                                   SAC/Alpha |         0.00279 |
|                              SAC/LogPi_mean |            2.18 |
|                                 SAC/Q1_mean |            4.25 |
|                                 SAC/Q2_mean |            4.21 |
|                            Norm/actor_model |              83 |
|                           Norm/critic_model |             103 |
|              Norm/state_action_metric_model |            59.6 |
|                     Norm/state_metric_model |            55.5 |
|        Norm/state_action_state_metric_model |            56.4 |
|                  Metric/self_state_distance |         0.00236 |
|                 Metric/cross_state_distance |            1.27 |
|           Metric/self_state_action_distance |         0.00571 |
|          Metric/cross_state_action_distance |            1.36 |
|             Metric/avg_self_state_asymmetry |               0 |
|            Metric/avg_cross_state_asymmetry |          0.0106 |
|                Metric/avg_self_sa_asymmetry |               0 |
|               Metric/avg_cross_sa_asymmetry |          0.0152 |
|  Metric/self_state_action_to_state_distance |         0.00168 |
| Metric/cross_state_action_to_state_distance |            1.36 |
|                   Metric/h_lambda_diff_self |         0.00568 |
|                  Metric/h_lambda_diff_cross |          0.0217 |
|                                 Eval/Return |            68.8 |
-----------------------------------------------------------------
[32mSaving model …[0m
[32mDone.[0m
[32mSaving model …[0m
[32mDone.[0m
-----------------------------------------------------------------
|                                 Train/Steps |        1.16e+06 |
|                            Loss/Loss_critic |         0.00784 |
|                             Loss/Loss_actor |           -5.18 |
|                             Loss/Loss_alpha |        -0.00231 |
|               Loss/Loss_state_action_metric |           0.277 |
|                      Loss/Loss_state_metric |           0.177 |
|             Loss/Loss_state_action_to_state |        0.000649 |
|                           Loss/Act_rep_loss |          0.0164 |
|                                   SAC/Alpha |         0.00305 |
|                              SAC/LogPi_mean |            2.83 |
|                                 SAC/Q1_mean |            5.15 |
|                                 SAC/Q2_mean |            5.15 |
|                            Norm/actor_model |            87.4 |
|                           Norm/critic_model |             109 |
|              Norm/state_action_metric_model |            62.9 |
|                     Norm/state_metric_model |            58.8 |
|        Norm/state_action_state_metric_model |              60 |
|                  Metric/self_state_distance |         0.00287 |
|                 Metric/cross_state_distance |            1.43 |
|           Metric/self_state_action_distance |         0.00438 |
|          Metric/cross_state_action_distance |            1.57 |
|             Metric/avg_self_state_asymmetry |               0 |
|            Metric/avg_cross_state_asymmetry |          0.0121 |
|                Metric/avg_self_sa_asymmetry |               0 |
|               Metric/avg_cross_sa_asymmetry |          0.0161 |
|  Metric/self_state_action_to_state_distance |           0.001 |
| Metric/cross_state_action_to_state_distance |            1.56 |
|                   Metric/h_lambda_diff_self |          0.0039 |
|                  Metric/h_lambda_diff_cross |          0.0248 |
|                                 Eval/Return |            67.3 |
-----------------------------------------------------------------
-----------------------------------------------------------------
|                                 Train/Steps |        1.29e+06 |
|                            Loss/Loss_critic |          0.0166 |
|                             Loss/Loss_actor |           -4.75 |
|                             Loss/Loss_alpha |         0.00069 |
|               Loss/Loss_state_action_metric |           0.282 |
|                      Loss/Loss_state_metric |           0.169 |
|             Loss/Loss_state_action_to_state |        0.000826 |
|                           Loss/Act_rep_loss |          0.0192 |
|                                   SAC/Alpha |         0.00332 |
|                              SAC/LogPi_mean |             1.7 |
|                                 SAC/Q1_mean |            4.72 |
|                                 SAC/Q2_mean |            4.72 |
|                            Norm/actor_model |            91.3 |
|                           Norm/critic_model |             114 |
|              Norm/state_action_metric_model |            66.3 |
|                     Norm/state_metric_model |            62.1 |
|        Norm/state_action_state_metric_model |            63.6 |
|                  Metric/self_state_distance |         0.00213 |
|                 Metric/cross_state_distance |            1.39 |
|           Metric/self_state_action_distance |          0.0086 |
|          Metric/cross_state_action_distance |            1.54 |
|             Metric/avg_self_state_asymmetry |               0 |
|            Metric/avg_cross_state_asymmetry |          0.0104 |
|                Metric/avg_self_sa_asymmetry |               0 |
|               Metric/avg_cross_sa_asymmetry |          0.0154 |
|  Metric/self_state_action_to_state_distance |         0.00329 |
| Metric/cross_state_action_to_state_distance |            1.54 |
|                   Metric/h_lambda_diff_self |         0.00675 |
|                  Metric/h_lambda_diff_cross |            0.02 |
|                                 Eval/Return |            81.7 |
-----------------------------------------------------------------
-----------------------------------------------------------------
|                                 Train/Steps |        1.42e+06 |
|                            Loss/Loss_critic |           0.016 |
|                             Loss/Loss_actor |           -5.88 |
|                             Loss/Loss_alpha |       -0.000721 |
|               Loss/Loss_state_action_metric |           0.333 |
|                      Loss/Loss_state_metric |           0.206 |
|             Loss/Loss_state_action_to_state |          0.0011 |
|                           Loss/Act_rep_loss |         0.00994 |
|                                   SAC/Alpha |         0.00379 |
|                              SAC/LogPi_mean |            2.23 |
|                                 SAC/Q1_mean |            5.83 |
|                                 SAC/Q2_mean |            5.83 |
|                            Norm/actor_model |            95.1 |
|                           Norm/critic_model |             119 |
|              Norm/state_action_metric_model |            69.4 |
|                     Norm/state_metric_model |            65.2 |
|        Norm/state_action_state_metric_model |            66.9 |
|                  Metric/self_state_distance |          0.0031 |
|                 Metric/cross_state_distance |            1.46 |
|           Metric/self_state_action_distance |         0.00448 |
|          Metric/cross_state_action_distance |             1.6 |
|             Metric/avg_self_state_asymmetry |               0 |
|            Metric/avg_cross_state_asymmetry |           0.014 |
|                Metric/avg_self_sa_asymmetry |               0 |
|               Metric/avg_cross_sa_asymmetry |          0.0186 |
|  Metric/self_state_action_to_state_distance |         0.00393 |
| Metric/cross_state_action_to_state_distance |            1.61 |
|                   Metric/h_lambda_diff_self |         0.00436 |
|                  Metric/h_lambda_diff_cross |          0.0225 |
|                                 Eval/Return |            80.5 |
-----------------------------------------------------------------
-----------------------------------------------------------------
|                                 Train/Steps |        1.54e+06 |
|                            Loss/Loss_critic |           0.013 |
|                             Loss/Loss_actor |           -6.33 |
|                             Loss/Loss_alpha |        -0.00165 |
|               Loss/Loss_state_action_metric |           0.345 |
|                      Loss/Loss_state_metric |           0.218 |
|             Loss/Loss_state_action_to_state |         0.00261 |
|                           Loss/Act_rep_loss |          0.0164 |
|                                   SAC/Alpha |         0.00409 |
|                              SAC/LogPi_mean |            2.43 |
|                                 SAC/Q1_mean |            6.29 |
|                                 SAC/Q2_mean |             6.3 |
|                            Norm/actor_model |            98.9 |
|                           Norm/critic_model |             124 |
|              Norm/state_action_metric_model |            72.6 |
|                     Norm/state_metric_model |            68.6 |
|        Norm/state_action_state_metric_model |            70.1 |
|                  Metric/self_state_distance |         0.00215 |
|                 Metric/cross_state_distance |            1.46 |
|           Metric/self_state_action_distance |         0.00396 |
|          Metric/cross_state_action_distance |            1.66 |
|             Metric/avg_self_state_asymmetry |               0 |
|            Metric/avg_cross_state_asymmetry |          0.0123 |
|                Metric/avg_self_sa_asymmetry |               0 |
|               Metric/avg_cross_sa_asymmetry |           0.018 |
|  Metric/self_state_action_to_state_distance |        0.000476 |
| Metric/cross_state_action_to_state_distance |            1.65 |
|                   Metric/h_lambda_diff_self |         0.00355 |
|                  Metric/h_lambda_diff_cross |          0.0257 |
|                                 Eval/Return |            87.9 |
-----------------------------------------------------------------
-----------------------------------------------------------------
|                                 Train/Steps |        1.67e+06 |
|                            Loss/Loss_critic |          0.0183 |
|                             Loss/Loss_actor |           -6.56 |
|                             Loss/Loss_alpha |        0.000301 |
|               Loss/Loss_state_action_metric |           0.318 |
|                      Loss/Loss_state_metric |           0.194 |
|             Loss/Loss_state_action_to_state |         0.00102 |
|                           Loss/Act_rep_loss |          0.0111 |
|                                   SAC/Alpha |         0.00475 |
|                              SAC/LogPi_mean |            1.94 |
|                                 SAC/Q1_mean |            6.53 |
|                                 SAC/Q2_mean |            6.54 |
|                            Norm/actor_model |             102 |
|                           Norm/critic_model |             129 |
|              Norm/state_action_metric_model |            75.5 |
|                     Norm/state_metric_model |              72 |
|        Norm/state_action_state_metric_model |            73.1 |
|                  Metric/self_state_distance |          0.0013 |
|                 Metric/cross_state_distance |            1.42 |
|           Metric/self_state_action_distance |         0.00146 |
|          Metric/cross_state_action_distance |            1.56 |
|             Metric/avg_self_state_asymmetry |               0 |
|            Metric/avg_cross_state_asymmetry |          0.0133 |
|                Metric/avg_self_sa_asymmetry |               0 |
|               Metric/avg_cross_sa_asymmetry |          0.0169 |
|  Metric/self_state_action_to_state_distance |        0.000404 |
| Metric/cross_state_action_to_state_distance |            1.56 |
|                   Metric/h_lambda_diff_self |         0.00143 |
|                  Metric/h_lambda_diff_cross |          0.0208 |
|                                 Eval/Return |            86.7 |
-----------------------------------------------------------------
-----------------------------------------------------------------
|                                 Train/Steps |         1.8e+06 |
|                            Loss/Loss_critic |          0.0106 |
|                             Loss/Loss_actor |            -7.1 |
|                             Loss/Loss_alpha |        0.000337 |
|               Loss/Loss_state_action_metric |           0.361 |
|                      Loss/Loss_state_metric |           0.219 |
|             Loss/Loss_state_action_to_state |        0.000967 |
|                           Loss/Act_rep_loss |           0.011 |
|                                   SAC/Alpha |          0.0048 |
|                              SAC/LogPi_mean |            2.01 |
|                                 SAC/Q1_mean |            7.06 |
|                                 SAC/Q2_mean |            7.05 |
|                            Norm/actor_model |             106 |
|                           Norm/critic_model |             133 |
|              Norm/state_action_metric_model |            78.4 |
|                     Norm/state_metric_model |            75.3 |
|        Norm/state_action_state_metric_model |            75.9 |
|                  Metric/self_state_distance |         0.00163 |
|                 Metric/cross_state_distance |            1.49 |
|           Metric/self_state_action_distance |         0.00331 |
|          Metric/cross_state_action_distance |            1.66 |
|             Metric/avg_self_state_asymmetry |               0 |
|            Metric/avg_cross_state_asymmetry |          0.0158 |
|                Metric/avg_self_sa_asymmetry |               0 |
|               Metric/avg_cross_sa_asymmetry |          0.0204 |
|  Metric/self_state_action_to_state_distance |        0.000298 |
| Metric/cross_state_action_to_state_distance |            1.66 |
|                   Metric/h_lambda_diff_self |         0.00322 |
|                  Metric/h_lambda_diff_cross |          0.0223 |
|                                 Eval/Return |            91.5 |
-----------------------------------------------------------------
-----------------------------------------------------------------
|                                 Train/Steps |        1.93e+06 |
|                            Loss/Loss_critic |          0.0214 |
|                             Loss/Loss_actor |           -7.33 |
|                             Loss/Loss_alpha |       -0.000653 |
|               Loss/Loss_state_action_metric |           0.402 |
|                      Loss/Loss_state_metric |           0.238 |
|             Loss/Loss_state_action_to_state |         0.00289 |
|                           Loss/Act_rep_loss |          0.0132 |
|                                   SAC/Alpha |         0.00499 |
|                              SAC/LogPi_mean |            2.12 |
|                                 SAC/Q1_mean |             7.3 |
|                                 SAC/Q2_mean |             7.3 |
|                            Norm/actor_model |             109 |
|                           Norm/critic_model |             137 |
|              Norm/state_action_metric_model |            81.2 |
|                     Norm/state_metric_model |            78.8 |
|        Norm/state_action_state_metric_model |            78.9 |
|                  Metric/self_state_distance |         0.00134 |
|                 Metric/cross_state_distance |            1.49 |
|           Metric/self_state_action_distance |         0.00271 |
|          Metric/cross_state_action_distance |             1.7 |
|             Metric/avg_self_state_asymmetry |               0 |
|            Metric/avg_cross_state_asymmetry |          0.0147 |
|                Metric/avg_self_sa_asymmetry |               0 |
|               Metric/avg_cross_sa_asymmetry |          0.0172 |
|  Metric/self_state_action_to_state_distance |        0.000208 |
| Metric/cross_state_action_to_state_distance |            1.69 |
|                   Metric/h_lambda_diff_self |         0.00261 |
|                  Metric/h_lambda_diff_cross |          0.0273 |
|                                 Eval/Return |            89.8 |
-----------------------------------------------------------------
-----------------------------------------------------------------
|                                 Train/Steps |        2.06e+06 |
|                            Loss/Loss_critic |          0.0156 |
|                             Loss/Loss_actor |           -7.61 |
|                             Loss/Loss_alpha |        1.12e-05 |
|               Loss/Loss_state_action_metric |           0.336 |
|                      Loss/Loss_state_metric |           0.214 |
|             Loss/Loss_state_action_to_state |        0.000665 |
|                           Loss/Act_rep_loss |          0.0128 |
|                                   SAC/Alpha |         0.00514 |
|                              SAC/LogPi_mean |            2.02 |
|                                 SAC/Q1_mean |            7.59 |
|                                 SAC/Q2_mean |            7.59 |
|                            Norm/actor_model |             112 |
|                           Norm/critic_model |             141 |
|              Norm/state_action_metric_model |              84 |
|                     Norm/state_metric_model |            82.2 |
|        Norm/state_action_state_metric_model |            81.7 |
|                  Metric/self_state_distance |         0.00146 |
|                 Metric/cross_state_distance |            1.48 |
|           Metric/self_state_action_distance |         0.00293 |
|          Metric/cross_state_action_distance |            1.65 |
|             Metric/avg_self_state_asymmetry |               0 |
|            Metric/avg_cross_state_asymmetry |          0.0128 |
|                Metric/avg_self_sa_asymmetry |               0 |
|               Metric/avg_cross_sa_asymmetry |          0.0162 |
|  Metric/self_state_action_to_state_distance |         0.00164 |
| Metric/cross_state_action_to_state_distance |            1.66 |
|                   Metric/h_lambda_diff_self |         0.00273 |
|                  Metric/h_lambda_diff_cross |          0.0228 |
|                                 Eval/Return |            90.8 |
-----------------------------------------------------------------
[32mSaving model …[0m
[32mDone.[0m
[32mSaving model …[0m
[32mDone.[0m
-----------------------------------------------------------------
|                                 Train/Steps |        2.18e+06 |
|                            Loss/Loss_critic |          0.0138 |
|                             Loss/Loss_actor |           -8.27 |
|                             Loss/Loss_alpha |       -0.000288 |
|               Loss/Loss_state_action_metric |           0.481 |
|                      Loss/Loss_state_metric |           0.268 |
|             Loss/Loss_state_action_to_state |        0.000918 |
|                           Loss/Act_rep_loss |         0.00975 |
|                                   SAC/Alpha |         0.00529 |
|                              SAC/LogPi_mean |            2.07 |
|                                 SAC/Q1_mean |            8.23 |
|                                 SAC/Q2_mean |            8.23 |
|                            Norm/actor_model |             115 |
|                           Norm/critic_model |             145 |
|              Norm/state_action_metric_model |            86.9 |
|                     Norm/state_metric_model |            85.6 |
|        Norm/state_action_state_metric_model |            84.4 |
|                  Metric/self_state_distance |         0.00154 |
|                 Metric/cross_state_distance |            1.57 |
|           Metric/self_state_action_distance |         0.00166 |
|          Metric/cross_state_action_distance |            1.81 |
|             Metric/avg_self_state_asymmetry |               0 |
|            Metric/avg_cross_state_asymmetry |          0.0154 |
|                Metric/avg_self_sa_asymmetry |               0 |
|               Metric/avg_cross_sa_asymmetry |          0.0194 |
|  Metric/self_state_action_to_state_distance |        0.000973 |
| Metric/cross_state_action_to_state_distance |             1.8 |
|                   Metric/h_lambda_diff_self |         0.00167 |
|                  Metric/h_lambda_diff_cross |          0.0233 |
|                                 Eval/Return |            97.8 |
-----------------------------------------------------------------
-----------------------------------------------------------------
|                                 Train/Steps |        2.31e+06 |
|                            Loss/Loss_critic |           0.049 |
|                             Loss/Loss_actor |            -8.3 |
|                             Loss/Loss_alpha |       -0.000805 |
|               Loss/Loss_state_action_metric |           0.358 |
|                      Loss/Loss_state_metric |           0.216 |
|             Loss/Loss_state_action_to_state |        0.000525 |
|                           Loss/Act_rep_loss |          0.0106 |
|                                   SAC/Alpha |         0.00563 |
|                              SAC/LogPi_mean |            1.94 |
|                                 SAC/Q1_mean |            8.28 |
|                                 SAC/Q2_mean |            8.27 |
|                            Norm/actor_model |             118 |
|                           Norm/critic_model |             149 |
|              Norm/state_action_metric_model |            89.5 |
|                     Norm/state_metric_model |              89 |
|        Norm/state_action_state_metric_model |            87.1 |
|                  Metric/self_state_distance |         0.00143 |
|                 Metric/cross_state_distance |            1.48 |
|           Metric/self_state_action_distance |         0.00128 |
|          Metric/cross_state_action_distance |            1.68 |
|             Metric/avg_self_state_asymmetry |               0 |
|            Metric/avg_cross_state_asymmetry |          0.0126 |
|                Metric/avg_self_sa_asymmetry |               0 |
|               Metric/avg_cross_sa_asymmetry |          0.0161 |
|  Metric/self_state_action_to_state_distance |         0.00242 |
| Metric/cross_state_action_to_state_distance |            1.69 |
|                   Metric/h_lambda_diff_self |         0.00293 |
|                  Metric/h_lambda_diff_cross |           0.022 |
|                                 Eval/Return |             104 |
-----------------------------------------------------------------
-----------------------------------------------------------------
|                                 Train/Steps |        2.44e+06 |
|                            Loss/Loss_critic |          0.0154 |
|                             Loss/Loss_actor |            -9.5 |
|                             Loss/Loss_alpha |        -0.00306 |
|               Loss/Loss_state_action_metric |           0.539 |
|                      Loss/Loss_state_metric |           0.327 |
|             Loss/Loss_state_action_to_state |        0.000945 |
|                           Loss/Act_rep_loss |          0.0113 |
|                                   SAC/Alpha |         0.00581 |
|                              SAC/LogPi_mean |            2.53 |
|                                 SAC/Q1_mean |            9.45 |
|                                 SAC/Q2_mean |            9.46 |
|                            Norm/actor_model |             121 |
|                           Norm/critic_model |             152 |
|              Norm/state_action_metric_model |            92.4 |
|                     Norm/state_metric_model |            92.5 |
|        Norm/state_action_state_metric_model |            89.8 |
|                  Metric/self_state_distance |         0.00319 |
|                 Metric/cross_state_distance |             1.7 |
|           Metric/self_state_action_distance |         0.00362 |
|          Metric/cross_state_action_distance |            1.97 |
|             Metric/avg_self_state_asymmetry |               0 |
|            Metric/avg_cross_state_asymmetry |          0.0142 |
|                Metric/avg_self_sa_asymmetry |               0 |
|               Metric/avg_cross_sa_asymmetry |          0.0186 |
|  Metric/self_state_action_to_state_distance |        0.000474 |
| Metric/cross_state_action_to_state_distance |            1.98 |
|                   Metric/h_lambda_diff_self |         0.00327 |
|                  Metric/h_lambda_diff_cross |          0.0257 |
|                                 Eval/Return |             120 |
-----------------------------------------------------------------
-----------------------------------------------------------------
|                                 Train/Steps |        2.57e+06 |
|                            Loss/Loss_critic |          0.0215 |
|                             Loss/Loss_actor |           -8.81 |
|                             Loss/Loss_alpha |        0.000584 |
|               Loss/Loss_state_action_metric |           0.403 |
|                      Loss/Loss_state_metric |           0.247 |
|             Loss/Loss_state_action_to_state |        0.000709 |
|                           Loss/Act_rep_loss |         0.00977 |
|                                   SAC/Alpha |         0.00612 |
|                              SAC/LogPi_mean |            1.78 |
|                                 SAC/Q1_mean |            8.78 |
|                                 SAC/Q2_mean |            8.79 |
|                            Norm/actor_model |             123 |
|                           Norm/critic_model |             156 |
|              Norm/state_action_metric_model |            94.9 |
|                     Norm/state_metric_model |              96 |
|        Norm/state_action_state_metric_model |            92.4 |
|                  Metric/self_state_distance |         0.00115 |
|                 Metric/cross_state_distance |            1.52 |
|           Metric/self_state_action_distance |         0.00335 |
|          Metric/cross_state_action_distance |            1.74 |
|             Metric/avg_self_state_asymmetry |               0 |
|            Metric/avg_cross_state_asymmetry |          0.0125 |
|                Metric/avg_self_sa_asymmetry |               0 |
|               Metric/avg_cross_sa_asymmetry |          0.0171 |
|  Metric/self_state_action_to_state_distance |         0.00294 |
| Metric/cross_state_action_to_state_distance |            1.74 |
|                   Metric/h_lambda_diff_self |         0.00474 |
|                  Metric/h_lambda_diff_cross |          0.0234 |
|                                 Eval/Return |             139 |
-----------------------------------------------------------------
-----------------------------------------------------------------
|                                 Train/Steps |         2.7e+06 |
|                            Loss/Loss_critic |          0.0181 |
|                             Loss/Loss_actor |            -9.2 |
|                             Loss/Loss_alpha |        0.000688 |
|               Loss/Loss_state_action_metric |           0.485 |
|                      Loss/Loss_state_metric |           0.276 |
|             Loss/Loss_state_action_to_state |         0.00103 |
|                           Loss/Act_rep_loss |          0.0106 |
|                                   SAC/Alpha |         0.00683 |
|                              SAC/LogPi_mean |            1.85 |
|                                 SAC/Q1_mean |            9.15 |
|                                 SAC/Q2_mean |            9.15 |
|                            Norm/actor_model |             125 |
|                           Norm/critic_model |             159 |
|              Norm/state_action_metric_model |            97.5 |
|                     Norm/state_metric_model |            99.6 |
|        Norm/state_action_state_metric_model |            95.1 |
|                  Metric/self_state_distance |         0.00185 |
|                 Metric/cross_state_distance |            1.54 |
|           Metric/self_state_action_distance |         0.00323 |
|          Metric/cross_state_action_distance |             1.8 |
|             Metric/avg_self_state_asymmetry |               0 |
|            Metric/avg_cross_state_asymmetry |          0.0133 |
|                Metric/avg_self_sa_asymmetry |               0 |
|               Metric/avg_cross_sa_asymmetry |          0.0197 |
|  Metric/self_state_action_to_state_distance |         0.00115 |
| Metric/cross_state_action_to_state_distance |             1.8 |
|                   Metric/h_lambda_diff_self |         0.00292 |
|                  Metric/h_lambda_diff_cross |          0.0231 |
|                                 Eval/Return |             109 |
-----------------------------------------------------------------
-----------------------------------------------------------------
|                                 Train/Steps |        2.82e+06 |
|                            Loss/Loss_critic |          0.0142 |
|                             Loss/Loss_actor |           -9.02 |
|                             Loss/Loss_alpha |          0.0019 |
|               Loss/Loss_state_action_metric |           0.535 |
|                      Loss/Loss_state_metric |            0.32 |
|             Loss/Loss_state_action_to_state |         0.00103 |
|                           Loss/Act_rep_loss |          0.0127 |
|                                   SAC/Alpha |         0.00706 |
|                              SAC/LogPi_mean |            1.72 |
|                                 SAC/Q1_mean |            8.99 |
|                                 SAC/Q2_mean |            8.98 |
|                            Norm/actor_model |             128 |
|                           Norm/critic_model |             162 |
|              Norm/state_action_metric_model |             100 |
|                     Norm/state_metric_model |             103 |
|        Norm/state_action_state_metric_model |            97.7 |
|                  Metric/self_state_distance |        0.000651 |
|                 Metric/cross_state_distance |            1.62 |
|           Metric/self_state_action_distance |         0.00148 |
|          Metric/cross_state_action_distance |            1.87 |
|             Metric/avg_self_state_asymmetry |               0 |
|            Metric/avg_cross_state_asymmetry |          0.0127 |
|                Metric/avg_self_sa_asymmetry |               0 |
|               Metric/avg_cross_sa_asymmetry |          0.0182 |
|  Metric/self_state_action_to_state_distance |         0.00072 |
| Metric/cross_state_action_to_state_distance |            1.89 |
|                   Metric/h_lambda_diff_self |         0.00173 |
|                  Metric/h_lambda_diff_cross |          0.0281 |
|                                 Eval/Return |             114 |
-----------------------------------------------------------------
-----------------------------------------------------------------
|                                 Train/Steps |        2.95e+06 |
|                            Loss/Loss_critic |          0.0205 |
|                             Loss/Loss_actor |           -10.1 |
|                             Loss/Loss_alpha |        -0.00141 |
|               Loss/Loss_state_action_metric |           0.496 |
|                      Loss/Loss_state_metric |           0.292 |
|             Loss/Loss_state_action_to_state |          0.0021 |
|                           Loss/Act_rep_loss |         0.00933 |
|                                   SAC/Alpha |         0.00716 |
|                              SAC/LogPi_mean |            2.22 |
|                                 SAC/Q1_mean |            10.1 |
|                                 SAC/Q2_mean |            10.1 |
|                            Norm/actor_model |             131 |
|                           Norm/critic_model |             166 |
|              Norm/state_action_metric_model |             103 |
|                     Norm/state_metric_model |             107 |
|        Norm/state_action_state_metric_model |             100 |
|                  Metric/self_state_distance |        0.000229 |
|                 Metric/cross_state_distance |             1.6 |
|           Metric/self_state_action_distance |         0.00513 |
|          Metric/cross_state_action_distance |            1.84 |
|             Metric/avg_self_state_asymmetry |               0 |
|            Metric/avg_cross_state_asymmetry |           0.014 |
|                Metric/avg_self_sa_asymmetry |               0 |
|               Metric/avg_cross_sa_asymmetry |          0.0206 |
|  Metric/self_state_action_to_state_distance |        0.000365 |
| Metric/cross_state_action_to_state_distance |            1.83 |
|                   Metric/h_lambda_diff_self |         0.00477 |
|                  Metric/h_lambda_diff_cross |          0.0252 |
|                                 Eval/Return |             114 |
-----------------------------------------------------------------
-----------------------------------------------------------------
|                                 Train/Steps |        3.08e+06 |
|                            Loss/Loss_critic |          0.0172 |
|                             Loss/Loss_actor |           -10.1 |
|                             Loss/Loss_alpha |        0.000662 |
|               Loss/Loss_state_action_metric |           0.552 |
|                      Loss/Loss_state_metric |            0.31 |
|             Loss/Loss_state_action_to_state |         0.00103 |
|                           Loss/Act_rep_loss |         0.00781 |
|                                   SAC/Alpha |          0.0074 |
|                              SAC/LogPi_mean |            1.81 |
|                                 SAC/Q1_mean |            10.1 |
|                                 SAC/Q2_mean |            10.1 |
|                            Norm/actor_model |             133 |
|                           Norm/critic_model |             169 |
|              Norm/state_action_metric_model |             106 |
|                     Norm/state_metric_model |             110 |
|        Norm/state_action_state_metric_model |             103 |
|                  Metric/self_state_distance |        0.000641 |
|                 Metric/cross_state_distance |            1.62 |
|           Metric/self_state_action_distance |         0.00407 |
|          Metric/cross_state_action_distance |            1.95 |
|             Metric/avg_self_state_asymmetry |               0 |
|            Metric/avg_cross_state_asymmetry |          0.0139 |
|                Metric/avg_self_sa_asymmetry |               0 |
|               Metric/avg_cross_sa_asymmetry |          0.0181 |
|  Metric/self_state_action_to_state_distance |        0.000281 |
| Metric/cross_state_action_to_state_distance |            1.92 |
|                   Metric/h_lambda_diff_self |         0.00383 |
|                  Metric/h_lambda_diff_cross |          0.0335 |
|                                 Eval/Return |             136 |
-----------------------------------------------------------------
[32mSaving model …[0m
[32mDone.[0m
[32mSaving model …[0m
[32mDone.[0m
-----------------------------------------------------------------
|                                 Train/Steps |        3.21e+06 |
|                            Loss/Loss_critic |          0.0205 |
|                             Loss/Loss_actor |           -10.6 |
|                             Loss/Loss_alpha |         0.00139 |
|               Loss/Loss_state_action_metric |           0.594 |
|                      Loss/Loss_state_metric |           0.325 |
|             Loss/Loss_state_action_to_state |        0.000892 |
|                           Loss/Act_rep_loss |         0.00687 |
|                                   SAC/Alpha |         0.00768 |
|                              SAC/LogPi_mean |            1.84 |
|                                 SAC/Q1_mean |            10.5 |
|                                 SAC/Q2_mean |            10.6 |
|                            Norm/actor_model |             135 |
|                           Norm/critic_model |             172 |
|              Norm/state_action_metric_model |             109 |
|                     Norm/state_metric_model |             114 |
|        Norm/state_action_state_metric_model |             106 |
|                  Metric/self_state_distance |         0.00157 |
|                 Metric/cross_state_distance |            1.64 |
|           Metric/self_state_action_distance |         0.00442 |
|          Metric/cross_state_action_distance |            1.94 |
|             Metric/avg_self_state_asymmetry |               0 |
|            Metric/avg_cross_state_asymmetry |          0.0147 |
|                Metric/avg_self_sa_asymmetry |               0 |
|               Metric/avg_cross_sa_asymmetry |          0.0176 |
|  Metric/self_state_action_to_state_distance |         0.00146 |
| Metric/cross_state_action_to_state_distance |            1.94 |
|                   Metric/h_lambda_diff_self |         0.00442 |
|                  Metric/h_lambda_diff_cross |          0.0251 |
|                                 Eval/Return |             123 |
-----------------------------------------------------------------
-----------------------------------------------------------------
|                                 Train/Steps |        3.34e+06 |
|                            Loss/Loss_critic |          0.0213 |
|                             Loss/Loss_actor |           -10.8 |
|                             Loss/Loss_alpha |        -0.00179 |
|               Loss/Loss_state_action_metric |           0.648 |
|                      Loss/Loss_state_metric |           0.362 |
|             Loss/Loss_state_action_to_state |        0.000968 |
|                           Loss/Act_rep_loss |          0.0105 |
|                                   SAC/Alpha |         0.00753 |
|                              SAC/LogPi_mean |            2.15 |
|                                 SAC/Q1_mean |            10.8 |
|                                 SAC/Q2_mean |            10.8 |
|                            Norm/actor_model |             137 |
|                           Norm/critic_model |             175 |
|              Norm/state_action_metric_model |             112 |
|                     Norm/state_metric_model |             118 |
|        Norm/state_action_state_metric_model |             108 |
|                  Metric/self_state_distance |        0.000972 |
|                 Metric/cross_state_distance |            1.65 |
|           Metric/self_state_action_distance |          0.0017 |
|          Metric/cross_state_action_distance |            2.03 |
|             Metric/avg_self_state_asymmetry |               0 |
|            Metric/avg_cross_state_asymmetry |           0.013 |
|                Metric/avg_self_sa_asymmetry |               0 |
|               Metric/avg_cross_sa_asymmetry |          0.0199 |
|  Metric/self_state_action_to_state_distance |         0.00033 |
| Metric/cross_state_action_to_state_distance |            2.03 |
|                   Metric/h_lambda_diff_self |         0.00176 |
|                  Metric/h_lambda_diff_cross |          0.0265 |
|                                 Eval/Return |             147 |
-----------------------------------------------------------------
-----------------------------------------------------------------
|                                 Train/Steps |        3.46e+06 |
|                            Loss/Loss_critic |          0.0246 |
|                             Loss/Loss_actor |           -11.1 |
|                             Loss/Loss_alpha |        -0.00138 |
|               Loss/Loss_state_action_metric |           0.626 |
|                      Loss/Loss_state_metric |           0.326 |
|             Loss/Loss_state_action_to_state |         0.00174 |
|                           Loss/Act_rep_loss |           0.012 |
|                                   SAC/Alpha |         0.00817 |
|                              SAC/LogPi_mean |            2.28 |
|                                 SAC/Q1_mean |            11.1 |
|                                 SAC/Q2_mean |            11.1 |
|                            Norm/actor_model |             139 |
|                           Norm/critic_model |             178 |
|              Norm/state_action_metric_model |             114 |
|                     Norm/state_metric_model |             121 |
|        Norm/state_action_state_metric_model |             111 |
|                  Metric/self_state_distance |         0.00175 |
|                 Metric/cross_state_distance |            1.62 |
|           Metric/self_state_action_distance |         0.00258 |
|          Metric/cross_state_action_distance |            2.02 |
|             Metric/avg_self_state_asymmetry |               0 |
|            Metric/avg_cross_state_asymmetry |          0.0139 |
|                Metric/avg_self_sa_asymmetry |               0 |
|               Metric/avg_cross_sa_asymmetry |          0.0215 |
|  Metric/self_state_action_to_state_distance |        3.27e-05 |
| Metric/cross_state_action_to_state_distance |            2.02 |
|                   Metric/h_lambda_diff_self |         0.00255 |
|                  Metric/h_lambda_diff_cross |           0.028 |
|                                 Eval/Return |             152 |
-----------------------------------------------------------------
-----------------------------------------------------------------
|                                 Train/Steps |        3.59e+06 |
|                            Loss/Loss_critic |          0.0245 |
|                             Loss/Loss_actor |           -10.8 |
|                             Loss/Loss_alpha |        -0.00021 |
|               Loss/Loss_state_action_metric |           0.692 |
|                      Loss/Loss_state_metric |           0.355 |
|             Loss/Loss_state_action_to_state |         0.00115 |
|                           Loss/Act_rep_loss |          0.0117 |
|                                   SAC/Alpha |         0.00803 |
|                              SAC/LogPi_mean |            1.98 |
|                                 SAC/Q1_mean |            10.8 |
|                                 SAC/Q2_mean |            10.8 |
|                            Norm/actor_model |             141 |
|                           Norm/critic_model |             181 |
|              Norm/state_action_metric_model |             117 |
|                     Norm/state_metric_model |             125 |
|        Norm/state_action_state_metric_model |             113 |
|                  Metric/self_state_distance |        0.000589 |
|                 Metric/cross_state_distance |            1.66 |
|           Metric/self_state_action_distance |         0.00107 |
|          Metric/cross_state_action_distance |               2 |
|             Metric/avg_self_state_asymmetry |               0 |
|            Metric/avg_cross_state_asymmetry |          0.0129 |
|                Metric/avg_self_sa_asymmetry |               0 |
|               Metric/avg_cross_sa_asymmetry |          0.0235 |
|  Metric/self_state_action_to_state_distance |        0.000205 |
| Metric/cross_state_action_to_state_distance |            2.01 |
|                   Metric/h_lambda_diff_self |        0.000974 |
|                  Metric/h_lambda_diff_cross |          0.0231 |
|                                 Eval/Return |             140 |
-----------------------------------------------------------------
-----------------------------------------------------------------
|                                 Train/Steps |        3.72e+06 |
|                            Loss/Loss_critic |          0.0164 |
|                             Loss/Loss_actor |           -11.6 |
|                             Loss/Loss_alpha |        -0.00186 |
|               Loss/Loss_state_action_metric |           0.719 |
|                      Loss/Loss_state_metric |            0.42 |
|             Loss/Loss_state_action_to_state |        0.000757 |
|                           Loss/Act_rep_loss |         0.00282 |
|                                   SAC/Alpha |         0.00962 |
|                              SAC/LogPi_mean |            2.11 |
|                                 SAC/Q1_mean |            11.5 |
|                                 SAC/Q2_mean |            11.5 |
|                            Norm/actor_model |             143 |
|                           Norm/critic_model |             184 |
|              Norm/state_action_metric_model |             120 |
|                     Norm/state_metric_model |             128 |
|        Norm/state_action_state_metric_model |             116 |
|                  Metric/self_state_distance |        0.000566 |
|                 Metric/cross_state_distance |            1.78 |
|           Metric/self_state_action_distance |         0.00573 |
|          Metric/cross_state_action_distance |            2.07 |
|             Metric/avg_self_state_asymmetry |               0 |
|            Metric/avg_cross_state_asymmetry |          0.0151 |
|                Metric/avg_self_sa_asymmetry |               0 |
|               Metric/avg_cross_sa_asymmetry |          0.0203 |
|  Metric/self_state_action_to_state_distance |        0.000907 |
| Metric/cross_state_action_to_state_distance |            2.08 |
|                   Metric/h_lambda_diff_self |         0.00558 |
|                  Metric/h_lambda_diff_cross |           0.024 |
|                                 Eval/Return |             225 |
-----------------------------------------------------------------
-----------------------------------------------------------------
|                                 Train/Steps |        3.85e+06 |
|                            Loss/Loss_critic |          0.0661 |
|                             Loss/Loss_actor |           -11.5 |
|                             Loss/Loss_alpha |        -0.00294 |
|               Loss/Loss_state_action_metric |           0.764 |
|                      Loss/Loss_state_metric |           0.423 |
|             Loss/Loss_state_action_to_state |        0.000685 |
|                           Loss/Act_rep_loss |         0.00507 |
|                                   SAC/Alpha |          0.0184 |
|                              SAC/LogPi_mean |            2.31 |
|                                 SAC/Q1_mean |            11.5 |
|                                 SAC/Q2_mean |            11.5 |
|                            Norm/actor_model |             144 |
|                           Norm/critic_model |             186 |
|              Norm/state_action_metric_model |             123 |
|                     Norm/state_metric_model |             132 |
|        Norm/state_action_state_metric_model |             118 |
|                  Metric/self_state_distance |         0.00048 |
|                 Metric/cross_state_distance |            1.73 |
|           Metric/self_state_action_distance |          0.0031 |
|          Metric/cross_state_action_distance |            2.06 |
|             Metric/avg_self_state_asymmetry |               0 |
|            Metric/avg_cross_state_asymmetry |          0.0128 |
|                Metric/avg_self_sa_asymmetry |               0 |
|               Metric/avg_cross_sa_asymmetry |           0.018 |
|  Metric/self_state_action_to_state_distance |        0.000628 |
| Metric/cross_state_action_to_state_distance |            2.06 |
|                   Metric/h_lambda_diff_self |         0.00336 |
|                  Metric/h_lambda_diff_cross |          0.0218 |
|                                 Eval/Return |             228 |
-----------------------------------------------------------------
-----------------------------------------------------------------
|                                 Train/Steps |        3.98e+06 |
|                            Loss/Loss_critic |          0.0341 |
|                             Loss/Loss_actor |           -13.1 |
|                             Loss/Loss_alpha |       -0.000449 |
|               Loss/Loss_state_action_metric |           0.701 |
|                      Loss/Loss_state_metric |           0.394 |
|             Loss/Loss_state_action_to_state |        0.000766 |
|                           Loss/Act_rep_loss |         0.00703 |
|                                   SAC/Alpha |          0.0204 |
|                              SAC/LogPi_mean |            2.08 |
|                                 SAC/Q1_mean |              13 |
|                                 SAC/Q2_mean |              13 |
|                            Norm/actor_model |             145 |
|                           Norm/critic_model |             189 |
|              Norm/state_action_metric_model |             125 |
|                     Norm/state_metric_model |             135 |
|        Norm/state_action_state_metric_model |             120 |
|                  Metric/self_state_distance |        0.000122 |
|                 Metric/cross_state_distance |             1.7 |
|           Metric/self_state_action_distance |         0.00309 |
|          Metric/cross_state_action_distance |            2.06 |
|             Metric/avg_self_state_asymmetry |               0 |
|            Metric/avg_cross_state_asymmetry |          0.0125 |
|                Metric/avg_self_sa_asymmetry |               0 |
|               Metric/avg_cross_sa_asymmetry |          0.0179 |
|  Metric/self_state_action_to_state_distance |        0.000863 |
| Metric/cross_state_action_to_state_distance |            2.07 |
|                   Metric/h_lambda_diff_self |         0.00335 |
|                  Metric/h_lambda_diff_cross |          0.0235 |
|                                 Eval/Return |             213 |
-----------------------------------------------------------------
-----------------------------------------------------------------
|                                 Train/Steps |         4.1e+06 |
|                            Loss/Loss_critic |          0.0394 |
|                             Loss/Loss_actor |           -13.9 |
|                             Loss/Loss_alpha |         0.00165 |
|               Loss/Loss_state_action_metric |           0.837 |
|                      Loss/Loss_state_metric |           0.449 |
|             Loss/Loss_state_action_to_state |        0.000772 |
|                           Loss/Act_rep_loss |         0.00864 |
|                                   SAC/Alpha |          0.0212 |
|                              SAC/LogPi_mean |            1.77 |
|                                 SAC/Q1_mean |            13.9 |
|                                 SAC/Q2_mean |            13.9 |
|                            Norm/actor_model |             147 |
|                           Norm/critic_model |             191 |
|              Norm/state_action_metric_model |             128 |
|                     Norm/state_metric_model |             139 |
|        Norm/state_action_state_metric_model |             123 |
|                  Metric/self_state_distance |         0.00125 |
|                 Metric/cross_state_distance |            1.77 |
|           Metric/self_state_action_distance |         0.00348 |
|          Metric/cross_state_action_distance |            2.25 |
|             Metric/avg_self_state_asymmetry |               0 |
|            Metric/avg_cross_state_asymmetry |          0.0171 |
|                Metric/avg_self_sa_asymmetry |               0 |
|               Metric/avg_cross_sa_asymmetry |          0.0228 |
|  Metric/self_state_action_to_state_distance |        0.000185 |
| Metric/cross_state_action_to_state_distance |            2.25 |
|                   Metric/h_lambda_diff_self |         0.00332 |
|                  Metric/h_lambda_diff_cross |          0.0258 |
|                                 Eval/Return |             239 |
-----------------------------------------------------------------
[32mSaving model …[0m
[32mDone.[0m
[32mSaving model …[0m
[32mDone.[0m
-----------------------------------------------------------------
|                                 Train/Steps |        4.23e+06 |
|                            Loss/Loss_critic |          0.0325 |
|                             Loss/Loss_actor |           -13.9 |
|                             Loss/Loss_alpha |       -0.000232 |
|               Loss/Loss_state_action_metric |           0.748 |
|                      Loss/Loss_state_metric |           0.435 |
|             Loss/Loss_state_action_to_state |        0.000834 |
|                           Loss/Act_rep_loss |          0.0044 |
|                                   SAC/Alpha |          0.0227 |
|                              SAC/LogPi_mean |            1.66 |
|                                 SAC/Q1_mean |            13.8 |
|                                 SAC/Q2_mean |            13.8 |
|                            Norm/actor_model |             149 |
|                           Norm/critic_model |             193 |
|              Norm/state_action_metric_model |             131 |
|                     Norm/state_metric_model |             142 |
|        Norm/state_action_state_metric_model |             125 |
|                  Metric/self_state_distance |        0.000548 |
|                 Metric/cross_state_distance |            1.76 |
|           Metric/self_state_action_distance |         0.00364 |
|          Metric/cross_state_action_distance |            2.14 |
|             Metric/avg_self_state_asymmetry |               0 |
|            Metric/avg_cross_state_asymmetry |          0.0149 |
|                Metric/avg_self_sa_asymmetry |               0 |
|               Metric/avg_cross_sa_asymmetry |          0.0218 |
|  Metric/self_state_action_to_state_distance |        0.000496 |
| Metric/cross_state_action_to_state_distance |            2.15 |
|                   Metric/h_lambda_diff_self |         0.00342 |
|                  Metric/h_lambda_diff_cross |          0.0263 |
|                                 Eval/Return |             246 |
-----------------------------------------------------------------
-----------------------------------------------------------------
|                                 Train/Steps |        4.36e+06 |
|                            Loss/Loss_critic |          0.0402 |
|                             Loss/Loss_actor |           -15.1 |
|                             Loss/Loss_alpha |         0.00157 |
|               Loss/Loss_state_action_metric |           0.901 |
|                      Loss/Loss_state_metric |           0.494 |
|             Loss/Loss_state_action_to_state |        0.000943 |
|                           Loss/Act_rep_loss |         0.00547 |
|                                   SAC/Alpha |          0.0234 |
|                              SAC/LogPi_mean |            1.94 |
|                                 SAC/Q1_mean |            15.1 |
|                                 SAC/Q2_mean |            15.1 |
|                            Norm/actor_model |             150 |
|                           Norm/critic_model |             195 |
|              Norm/state_action_metric_model |             134 |
|                     Norm/state_metric_model |             145 |
|        Norm/state_action_state_metric_model |             128 |
|                  Metric/self_state_distance |         0.00559 |
|                 Metric/cross_state_distance |            1.86 |
|           Metric/self_state_action_distance |         0.00134 |
|          Metric/cross_state_action_distance |            2.33 |
|             Metric/avg_self_state_asymmetry |               0 |
|            Metric/avg_cross_state_asymmetry |          0.0181 |
|                Metric/avg_self_sa_asymmetry |               0 |
|               Metric/avg_cross_sa_asymmetry |          0.0237 |
|  Metric/self_state_action_to_state_distance |        0.000896 |
| Metric/cross_state_action_to_state_distance |            2.32 |
|                   Metric/h_lambda_diff_self |         0.00195 |
|                  Metric/h_lambda_diff_cross |          0.0322 |
|                                 Eval/Return |             258 |
-----------------------------------------------------------------
-----------------------------------------------------------------
|                                 Train/Steps |        4.49e+06 |
|                            Loss/Loss_critic |          0.0358 |
|                             Loss/Loss_actor |           -16.5 |
|                             Loss/Loss_alpha |        -0.00312 |
|               Loss/Loss_state_action_metric |           0.877 |
|                      Loss/Loss_state_metric |           0.508 |
|             Loss/Loss_state_action_to_state |        0.000758 |
|                           Loss/Act_rep_loss |         0.00375 |
|                                   SAC/Alpha |          0.0235 |
|                              SAC/LogPi_mean |            2.13 |
|                                 SAC/Q1_mean |            16.4 |
|                                 SAC/Q2_mean |            16.4 |
|                            Norm/actor_model |             152 |
|                           Norm/critic_model |             197 |
|              Norm/state_action_metric_model |             137 |
|                     Norm/state_metric_model |             148 |
|        Norm/state_action_state_metric_model |             130 |
|                  Metric/self_state_distance |          0.0015 |
|                 Metric/cross_state_distance |            1.87 |
|           Metric/self_state_action_distance |         0.00241 |
|          Metric/cross_state_action_distance |            2.29 |
|             Metric/avg_self_state_asymmetry |               0 |
|            Metric/avg_cross_state_asymmetry |          0.0167 |
|                Metric/avg_self_sa_asymmetry |               0 |
|               Metric/avg_cross_sa_asymmetry |          0.0213 |
|  Metric/self_state_action_to_state_distance |         0.00124 |
| Metric/cross_state_action_to_state_distance |            2.29 |
|                   Metric/h_lambda_diff_self |         0.00209 |
|                  Metric/h_lambda_diff_cross |           0.024 |
|                                 Eval/Return |             263 |
-----------------------------------------------------------------
-----------------------------------------------------------------
|                                 Train/Steps |        4.62e+06 |
|                            Loss/Loss_critic |          0.0391 |
|                             Loss/Loss_actor |             -17 |
|                             Loss/Loss_alpha |         -0.0012 |
|               Loss/Loss_state_action_metric |            0.81 |
|                      Loss/Loss_state_metric |           0.477 |
|             Loss/Loss_state_action_to_state |         0.00103 |
|                           Loss/Act_rep_loss |         0.00305 |
|                                   SAC/Alpha |          0.0233 |
|                              SAC/LogPi_mean |            2.15 |
|                                 SAC/Q1_mean |            16.9 |
|                                 SAC/Q2_mean |              17 |
|                            Norm/actor_model |             153 |
|                           Norm/critic_model |             199 |
|              Norm/state_action_metric_model |             139 |
|                     Norm/state_metric_model |             151 |
|        Norm/state_action_state_metric_model |             132 |
|                  Metric/self_state_distance |        0.000717 |
|                 Metric/cross_state_distance |            1.82 |
|           Metric/self_state_action_distance |         0.00366 |
|          Metric/cross_state_action_distance |            2.18 |
|             Metric/avg_self_state_asymmetry |               0 |
|            Metric/avg_cross_state_asymmetry |          0.0146 |
|                Metric/avg_self_sa_asymmetry |               0 |
|               Metric/avg_cross_sa_asymmetry |          0.0197 |
|  Metric/self_state_action_to_state_distance |         0.00099 |
| Metric/cross_state_action_to_state_distance |            2.18 |
|                   Metric/h_lambda_diff_self |          0.0033 |
|                  Metric/h_lambda_diff_cross |          0.0238 |
|                                 Eval/Return |             257 |
-----------------------------------------------------------------
-----------------------------------------------------------------
|                                 Train/Steps |        4.74e+06 |
|                            Loss/Loss_critic |          0.0443 |
|                             Loss/Loss_actor |           -17.7 |
|                             Loss/Loss_alpha |        -0.00139 |
|               Loss/Loss_state_action_metric |           0.982 |
|                      Loss/Loss_state_metric |           0.554 |
|             Loss/Loss_state_action_to_state |        0.000959 |
|                           Loss/Act_rep_loss |         0.00354 |
|                                   SAC/Alpha |          0.0225 |
|                              SAC/LogPi_mean |            1.91 |
|                                 SAC/Q1_mean |            17.7 |
|                                 SAC/Q2_mean |            17.6 |
|                            Norm/actor_model |             155 |
|                           Norm/critic_model |             200 |
|              Norm/state_action_metric_model |             142 |
|                     Norm/state_metric_model |             153 |
|        Norm/state_action_state_metric_model |             134 |
|                  Metric/self_state_distance |        0.000491 |
|                 Metric/cross_state_distance |               2 |
|           Metric/self_state_action_distance |          0.0016 |
|          Metric/cross_state_action_distance |            2.47 |
|             Metric/avg_self_state_asymmetry |               0 |
|            Metric/avg_cross_state_asymmetry |          0.0172 |
|                Metric/avg_self_sa_asymmetry |               0 |
|               Metric/avg_cross_sa_asymmetry |          0.0224 |
|  Metric/self_state_action_to_state_distance |         0.00106 |
| Metric/cross_state_action_to_state_distance |            2.48 |
|                   Metric/h_lambda_diff_self |         0.00127 |
|                  Metric/h_lambda_diff_cross |          0.0293 |
|                                 Eval/Return |             260 |
-----------------------------------------------------------------
-----------------------------------------------------------------
|                                 Train/Steps |        4.87e+06 |
|                            Loss/Loss_critic |          0.0352 |
|                             Loss/Loss_actor |           -18.3 |
|                             Loss/Loss_alpha |         0.00178 |
|               Loss/Loss_state_action_metric |           0.963 |
|                      Loss/Loss_state_metric |           0.542 |
|             Loss/Loss_state_action_to_state |        0.000863 |
|                           Loss/Act_rep_loss |         0.00383 |
|                                   SAC/Alpha |          0.0214 |
|                              SAC/LogPi_mean |            1.86 |
|                                 SAC/Q1_mean |            18.2 |
|                                 SAC/Q2_mean |            18.2 |
|                            Norm/actor_model |             157 |
|                           Norm/critic_model |             202 |
|              Norm/state_action_metric_model |             145 |
|                     Norm/state_metric_model |             156 |
|        Norm/state_action_state_metric_model |             137 |
|                  Metric/self_state_distance |         0.00199 |
|                 Metric/cross_state_distance |            1.95 |
|           Metric/self_state_action_distance |         0.00142 |
|          Metric/cross_state_action_distance |            2.42 |
|             Metric/avg_self_state_asymmetry |               0 |
|            Metric/avg_cross_state_asymmetry |          0.0157 |
|                Metric/avg_self_sa_asymmetry |               0 |
|               Metric/avg_cross_sa_asymmetry |          0.0217 |
|  Metric/self_state_action_to_state_distance |         0.00119 |
| Metric/cross_state_action_to_state_distance |            2.42 |
|                   Metric/h_lambda_diff_self |         0.00172 |
|                  Metric/h_lambda_diff_cross |           0.025 |
|                                 Eval/Return |             261 |
-----------------------------------------------------------------
-----------------------------------------------------------------
|                                 Train/Steps |           5e+06 |
|                            Loss/Loss_critic |          0.0423 |
|                             Loss/Loss_actor |           -18.7 |
|                             Loss/Loss_alpha |         0.00153 |
|               Loss/Loss_state_action_metric |           0.962 |
|                      Loss/Loss_state_metric |           0.488 |
|             Loss/Loss_state_action_to_state |         0.00094 |
|                           Loss/Act_rep_loss |         0.00511 |
|                                   SAC/Alpha |          0.0217 |
|                              SAC/LogPi_mean |            1.83 |
|                                 SAC/Q1_mean |            18.6 |
|                                 SAC/Q2_mean |            18.6 |
|                            Norm/actor_model |             159 |
|                           Norm/critic_model |             204 |
|              Norm/state_action_metric_model |             147 |
|                     Norm/state_metric_model |             159 |
|        Norm/state_action_state_metric_model |             139 |
|                  Metric/self_state_distance |         0.00106 |
|                 Metric/cross_state_distance |            1.89 |
|           Metric/self_state_action_distance |         0.00263 |
|          Metric/cross_state_action_distance |            2.35 |
|             Metric/avg_self_state_asymmetry |               0 |
|            Metric/avg_cross_state_asymmetry |          0.0145 |
|                Metric/avg_self_sa_asymmetry |               0 |
|               Metric/avg_cross_sa_asymmetry |           0.022 |
|  Metric/self_state_action_to_state_distance |         0.00158 |
| Metric/cross_state_action_to_state_distance |            2.35 |
|                   Metric/h_lambda_diff_self |         0.00313 |
|                  Metric/h_lambda_diff_cross |          0.0263 |
|                                 Eval/Return |             257 |
-----------------------------------------------------------------
[32mSaving model …[0m
[32mDone.[0m
[32mSaving model …[0m
[32mDone.[0m
