E0923 11:20:25.798894 3141756 cuda_executor.cc:1526] Could not get kernel mode driver version: (INVALID_ARGUMENT: Version does not match the format X.Y.Z)
E0923 11:20:25.807466 3141646 cuda_executor.cc:1526] Could not get kernel mode driver version: (INVALID_ARGUMENT: Version does not match the format X.Y.Z)
[32mStart prefilling replay buffer[0m
[32mStart SAC training[0m
[32m{'log_freq': 1000, 'save_freq': 1000000, 'eval_episode_freq': 10, 'hidden_size': 256, 'lr': 0.001, 'max_grad_norm': 0.0, 'gamma': 0.99, 'update_tau': 0.005, 'train_per_step': 8, 'episode_length': 1000, 'warmup_samples': 8192, 'max_replay_size': 4000000, 'batch_size': 512, 'total_env_steps': 5000000, 'init_temperature': 0.1, 'nstep': 3, 'bootstrap_on_truncation': True, 'rep_lr_scale': 1.5, 'vis_feq': 100000, 'n_vis_frames': 4, 'num_envs': 128, 'grad_steps': 50, 'transfer_freq': 10, 'transfer_steps': 8, 'reward_scaling': 1.0, 'num_eval_envs': 128, 'target_entropy': -2.0}[0m
[32m[nstep] nstep=3 bootstrap_on_truncation=True (discount from the buffer already contains gamma^nstep)[0m
-----------------------------------------------------------------
|                                 Train/Steps |        1.36e+05 |
|                            Loss/Loss_critic |         0.00167 |
|                             Loss/Loss_actor |           -0.59 |
|                             Loss/Loss_alpha |         0.00459 |
|               Loss/Loss_state_action_metric |          0.0312 |
|                      Loss/Loss_state_metric |          0.0119 |
|             Loss/Loss_state_action_to_state |         0.00113 |
|                           Loss/Act_rep_loss |          0.0691 |
|                                   SAC/Alpha |         0.00188 |
|                              SAC/LogPi_mean |          -0.443 |
|                                 SAC/Q1_mean |           0.593 |
|                                 SAC/Q2_mean |           0.592 |
|                            Norm/actor_model |            31.9 |
|                           Norm/critic_model |            39.9 |
|              Norm/state_action_metric_model |            32.6 |
|                     Norm/state_metric_model |            32.1 |
|        Norm/state_action_state_metric_model |            31.9 |
|                  Metric/self_state_distance |         0.00308 |
|                 Metric/cross_state_distance |           0.996 |
|           Metric/self_state_action_distance |          0.0149 |
|          Metric/cross_state_action_distance |           0.976 |
|             Metric/avg_self_state_asymmetry |               0 |
|            Metric/avg_cross_state_asymmetry |          0.0121 |
|                Metric/avg_self_sa_asymmetry |               0 |
|               Metric/avg_cross_sa_asymmetry |          0.0203 |
|  Metric/self_state_action_to_state_distance |         0.00529 |
| Metric/cross_state_action_to_state_distance |           0.986 |
|                   Metric/h_lambda_diff_self |          0.0147 |
|                  Metric/h_lambda_diff_cross |          0.0253 |
|                                 Eval/Return |            14.3 |
-----------------------------------------------------------------
-----------------------------------------------------------------
|                                 Train/Steps |        2.64e+05 |
|                            Loss/Loss_critic |          0.0272 |
|                             Loss/Loss_actor |           -1.17 |
|                             Loss/Loss_alpha |        0.000319 |
|               Loss/Loss_state_action_metric |          0.0488 |
|                      Loss/Loss_state_metric |          0.0189 |
|             Loss/Loss_state_action_to_state |        0.000806 |
|                           Loss/Act_rep_loss |          0.0465 |
|                                   SAC/Alpha |         0.00459 |
|                              SAC/LogPi_mean |             1.7 |
|                                 SAC/Q1_mean |             1.1 |
|                                 SAC/Q2_mean |             1.1 |
|                            Norm/actor_model |            45.4 |
|                           Norm/critic_model |            64.4 |
|              Norm/state_action_metric_model |            37.4 |
|                     Norm/state_metric_model |            35.7 |
|        Norm/state_action_state_metric_model |            35.9 |
|                  Metric/self_state_distance |         0.00352 |
|                 Metric/cross_state_distance |            1.01 |
|           Metric/self_state_action_distance |          0.0156 |
|          Metric/cross_state_action_distance |            1.01 |
|             Metric/avg_self_state_asymmetry |               0 |
|            Metric/avg_cross_state_asymmetry |           0.012 |
|                Metric/avg_self_sa_asymmetry |               0 |
|               Metric/avg_cross_sa_asymmetry |          0.0196 |
|  Metric/self_state_action_to_state_distance |         0.00508 |
| Metric/cross_state_action_to_state_distance |           0.988 |
|                   Metric/h_lambda_diff_self |          0.0116 |
|                  Metric/h_lambda_diff_cross |          0.0266 |
|                                 Eval/Return |            6.01 |
-----------------------------------------------------------------
-----------------------------------------------------------------
|                                 Train/Steps |        3.92e+05 |
|                            Loss/Loss_critic |         0.00252 |
|                             Loss/Loss_actor |          -0.875 |
|                             Loss/Loss_alpha |       -9.65e-05 |
|               Loss/Loss_state_action_metric |           0.027 |
|                      Loss/Loss_state_metric |          0.0116 |
|             Loss/Loss_state_action_to_state |        0.000919 |
|                           Loss/Act_rep_loss |          0.0331 |
|                                   SAC/Alpha |         0.00109 |
|                              SAC/LogPi_mean |            2.06 |
|                                 SAC/Q1_mean |           0.873 |
|                                 SAC/Q2_mean |           0.883 |
|                            Norm/actor_model |            54.6 |
|                           Norm/critic_model |            73.1 |
|              Norm/state_action_metric_model |            41.9 |
|                     Norm/state_metric_model |            39.6 |
|        Norm/state_action_state_metric_model |            40.1 |
|                  Metric/self_state_distance |         0.00237 |
|                 Metric/cross_state_distance |            1.01 |
|           Metric/self_state_action_distance |          0.0106 |
|          Metric/cross_state_action_distance |           0.995 |
|             Metric/avg_self_state_asymmetry |               0 |
|            Metric/avg_cross_state_asymmetry |          0.0104 |
|                Metric/avg_self_sa_asymmetry |               0 |
|               Metric/avg_cross_sa_asymmetry |          0.0136 |
|  Metric/self_state_action_to_state_distance |         0.00345 |
| Metric/cross_state_action_to_state_distance |               1 |
|                   Metric/h_lambda_diff_self |         0.00814 |
|                  Metric/h_lambda_diff_cross |          0.0182 |
|                                 Eval/Return |            5.79 |
-----------------------------------------------------------------
-----------------------------------------------------------------
|                                 Train/Steps |         5.2e+05 |
|                            Loss/Loss_critic |         0.00144 |
|                             Loss/Loss_actor |          -0.316 |
|                             Loss/Loss_alpha |       -8.09e-05 |
|               Loss/Loss_state_action_metric |          0.0483 |
|                      Loss/Loss_state_metric |          0.0254 |
|             Loss/Loss_state_action_to_state |        0.000917 |
|                           Loss/Act_rep_loss |          0.0327 |
|                                   SAC/Alpha |        0.000516 |
|                              SAC/LogPi_mean |            2.11 |
|                                 SAC/Q1_mean |           0.315 |
|                                 SAC/Q2_mean |           0.315 |
|                            Norm/actor_model |            60.4 |
|                           Norm/critic_model |            80.7 |
|              Norm/state_action_metric_model |            46.1 |
|                     Norm/state_metric_model |            43.4 |
|        Norm/state_action_state_metric_model |            44.1 |
|                  Metric/self_state_distance |         0.00245 |
|                 Metric/cross_state_distance |            1.01 |
|           Metric/self_state_action_distance |          0.0077 |
|          Metric/cross_state_action_distance |            1.01 |
|             Metric/avg_self_state_asymmetry |               0 |
|            Metric/avg_cross_state_asymmetry |         0.00986 |
|                Metric/avg_self_sa_asymmetry |               0 |
|               Metric/avg_cross_sa_asymmetry |          0.0155 |
|  Metric/self_state_action_to_state_distance |          0.0082 |
| Metric/cross_state_action_to_state_distance |               1 |
|                   Metric/h_lambda_diff_self |         0.00748 |
|                  Metric/h_lambda_diff_cross |          0.0161 |
|                                 Eval/Return |            3.67 |
-----------------------------------------------------------------
-----------------------------------------------------------------
|                                 Train/Steps |        6.48e+05 |
|                            Loss/Loss_critic |         0.00127 |
|                             Loss/Loss_actor |          -0.123 |
|                             Loss/Loss_alpha |       -0.000314 |
|               Loss/Loss_state_action_metric |           0.128 |
|                      Loss/Loss_state_metric |           0.037 |
|             Loss/Loss_state_action_to_state |          0.0012 |
|                           Loss/Act_rep_loss |          0.0351 |
|                                   SAC/Alpha |        0.000472 |
|                              SAC/LogPi_mean |            2.51 |
|                                 SAC/Q1_mean |           0.123 |
|                                 SAC/Q2_mean |           0.127 |
|                            Norm/actor_model |            65.4 |
|                           Norm/critic_model |            89.6 |
|              Norm/state_action_metric_model |            49.8 |
|                     Norm/state_metric_model |            47.2 |
|        Norm/state_action_state_metric_model |            47.9 |
|                  Metric/self_state_distance |         0.00269 |
|                 Metric/cross_state_distance |            1.03 |
|           Metric/self_state_action_distance |          0.0121 |
|          Metric/cross_state_action_distance |            1.06 |
|             Metric/avg_self_state_asymmetry |               0 |
|            Metric/avg_cross_state_asymmetry |         0.00809 |
|                Metric/avg_self_sa_asymmetry |               0 |
|               Metric/avg_cross_sa_asymmetry |          0.0151 |
|  Metric/self_state_action_to_state_distance |         0.00562 |
| Metric/cross_state_action_to_state_distance |            1.04 |
|                   Metric/h_lambda_diff_self |         0.00871 |
|                  Metric/h_lambda_diff_cross |          0.0185 |
|                                 Eval/Return |            7.57 |
-----------------------------------------------------------------
-----------------------------------------------------------------
|                                 Train/Steps |        7.76e+05 |
|                            Loss/Loss_critic |         0.00375 |
|                             Loss/Loss_actor |          -0.208 |
|                             Loss/Loss_alpha |        0.000302 |
|               Loss/Loss_state_action_metric |           0.186 |
|                      Loss/Loss_state_metric |          0.0541 |
|             Loss/Loss_state_action_to_state |         0.00173 |
|                           Loss/Act_rep_loss |          0.0467 |
|                                   SAC/Alpha |        0.000515 |
|                              SAC/LogPi_mean |            1.45 |
|                                 SAC/Q1_mean |           0.213 |
|                                 SAC/Q2_mean |           0.207 |
|                            Norm/actor_model |            69.8 |
|                           Norm/critic_model |            96.9 |
|              Norm/state_action_metric_model |            53.5 |
|                     Norm/state_metric_model |            50.6 |
|        Norm/state_action_state_metric_model |            51.6 |
|                  Metric/self_state_distance |         0.00245 |
|                 Metric/cross_state_distance |            1.05 |
|           Metric/self_state_action_distance |          0.0194 |
|          Metric/cross_state_action_distance |            1.08 |
|             Metric/avg_self_state_asymmetry |               0 |
|            Metric/avg_cross_state_asymmetry |         0.00992 |
|                Metric/avg_self_sa_asymmetry |               0 |
|               Metric/avg_cross_sa_asymmetry |          0.0121 |
|  Metric/self_state_action_to_state_distance |         0.00481 |
| Metric/cross_state_action_to_state_distance |            1.07 |
|                   Metric/h_lambda_diff_self |          0.0152 |
|                  Metric/h_lambda_diff_cross |          0.0155 |
|                                 Eval/Return |            10.6 |
-----------------------------------------------------------------
-----------------------------------------------------------------
|                                 Train/Steps |        9.04e+05 |
|                            Loss/Loss_critic |          0.0708 |
|                             Loss/Loss_actor |          -0.201 |
|                             Loss/Loss_alpha |       -7.08e-05 |
|               Loss/Loss_state_action_metric |           0.172 |
|                      Loss/Loss_state_metric |          0.0432 |
|             Loss/Loss_state_action_to_state |         0.00198 |
|                           Loss/Act_rep_loss |          0.0357 |
|                                   SAC/Alpha |        0.000706 |
|                              SAC/LogPi_mean |            2.27 |
|                                 SAC/Q1_mean |           0.195 |
|                                 SAC/Q2_mean |           0.186 |
|                            Norm/actor_model |            73.7 |
|                           Norm/critic_model |             103 |
|              Norm/state_action_metric_model |            57.4 |
|                     Norm/state_metric_model |            54.1 |
|        Norm/state_action_state_metric_model |            55.1 |
|                  Metric/self_state_distance |         0.00212 |
|                 Metric/cross_state_distance |            1.05 |
|           Metric/self_state_action_distance |         0.00879 |
|          Metric/cross_state_action_distance |            1.06 |
|             Metric/avg_self_state_asymmetry |               0 |
|            Metric/avg_cross_state_asymmetry |          0.0157 |
|                Metric/avg_self_sa_asymmetry |               0 |
|               Metric/avg_cross_sa_asymmetry |          0.0196 |
|  Metric/self_state_action_to_state_distance |         0.00352 |
| Metric/cross_state_action_to_state_distance |            1.05 |
|                   Metric/h_lambda_diff_self |         0.00586 |
|                  Metric/h_lambda_diff_cross |          0.0247 |
|                                 Eval/Return |             9.2 |
-----------------------------------------------------------------
-----------------------------------------------------------------
|                                 Train/Steps |        1.03e+06 |
|                            Loss/Loss_critic |          0.0689 |
|                             Loss/Loss_actor |          -0.504 |
|                             Loss/Loss_alpha |       -4.27e-05 |
|               Loss/Loss_state_action_metric |            0.16 |
|                      Loss/Loss_state_metric |          0.0614 |
|             Loss/Loss_state_action_to_state |         0.00267 |
|                           Loss/Act_rep_loss |          0.0512 |
|                                   SAC/Alpha |        0.000655 |
|                              SAC/LogPi_mean |            2.04 |
|                                 SAC/Q1_mean |           0.492 |
|                                 SAC/Q2_mean |           0.482 |
|                            Norm/actor_model |            77.7 |
|                           Norm/critic_model |             110 |
|              Norm/state_action_metric_model |              61 |
|                     Norm/state_metric_model |            57.5 |
|        Norm/state_action_state_metric_model |            59.1 |
|                  Metric/self_state_distance |         0.00225 |
|                 Metric/cross_state_distance |            1.07 |
|           Metric/self_state_action_distance |         0.00433 |
|          Metric/cross_state_action_distance |            1.11 |
|             Metric/avg_self_state_asymmetry |               0 |
|            Metric/avg_cross_state_asymmetry |          0.0107 |
|                Metric/avg_self_sa_asymmetry |               0 |
|               Metric/avg_cross_sa_asymmetry |          0.0191 |
|  Metric/self_state_action_to_state_distance |          0.0148 |
| Metric/cross_state_action_to_state_distance |            1.12 |
|                   Metric/h_lambda_diff_self |          0.0133 |
|                  Metric/h_lambda_diff_cross |           0.026 |
|                                 Eval/Return |            9.87 |
-----------------------------------------------------------------
[32mSaving model …[0m
[32mDone.[0m
[32mSaving model …[0m
[32mDone.[0m
-----------------------------------------------------------------
|                                 Train/Steps |        1.16e+06 |
|                            Loss/Loss_critic |          0.0525 |
|                             Loss/Loss_actor |           -0.83 |
|                             Loss/Loss_alpha |       -4.78e-05 |
|               Loss/Loss_state_action_metric |           0.214 |
|                      Loss/Loss_state_metric |          0.0786 |
|             Loss/Loss_state_action_to_state |          0.0031 |
|                           Loss/Act_rep_loss |          0.0429 |
|                                   SAC/Alpha |        0.000864 |
|                              SAC/LogPi_mean |            2.25 |
|                                 SAC/Q1_mean |           0.828 |
|                                 SAC/Q2_mean |           0.827 |
|                            Norm/actor_model |            81.7 |
|                           Norm/critic_model |             117 |
|              Norm/state_action_metric_model |            64.5 |
|                     Norm/state_metric_model |            60.7 |
|        Norm/state_action_state_metric_model |            62.6 |
|                  Metric/self_state_distance |         0.00214 |
|                 Metric/cross_state_distance |             1.1 |
|           Metric/self_state_action_distance |          0.0049 |
|          Metric/cross_state_action_distance |            1.15 |
|             Metric/avg_self_state_asymmetry |               0 |
|            Metric/avg_cross_state_asymmetry |          0.0134 |
|                Metric/avg_self_sa_asymmetry |               0 |
|               Metric/avg_cross_sa_asymmetry |          0.0228 |
|  Metric/self_state_action_to_state_distance |         0.00267 |
| Metric/cross_state_action_to_state_distance |            1.14 |
|                   Metric/h_lambda_diff_self |         0.00405 |
|                  Metric/h_lambda_diff_cross |          0.0247 |
|                                 Eval/Return |            23.3 |
-----------------------------------------------------------------
-----------------------------------------------------------------
|                                 Train/Steps |        1.29e+06 |
|                            Loss/Loss_critic |          0.0921 |
|                             Loss/Loss_actor |           -1.44 |
|                             Loss/Loss_alpha |        -0.00046 |
|               Loss/Loss_state_action_metric |           0.292 |
|                      Loss/Loss_state_metric |           0.122 |
|             Loss/Loss_state_action_to_state |         0.00238 |
|                           Loss/Act_rep_loss |          0.0245 |
|                                   SAC/Alpha |        0.000981 |
|                              SAC/LogPi_mean |            2.45 |
|                                 SAC/Q1_mean |            1.43 |
|                                 SAC/Q2_mean |            1.42 |
|                            Norm/actor_model |            85.3 |
|                           Norm/critic_model |             124 |
|              Norm/state_action_metric_model |            68.1 |
|                     Norm/state_metric_model |            64.3 |
|        Norm/state_action_state_metric_model |            66.3 |
|                  Metric/self_state_distance |         0.00246 |
|                 Metric/cross_state_distance |            1.15 |
|           Metric/self_state_action_distance |          0.0109 |
|          Metric/cross_state_action_distance |            1.24 |
|             Metric/avg_self_state_asymmetry |               0 |
|            Metric/avg_cross_state_asymmetry |          0.0163 |
|                Metric/avg_self_sa_asymmetry |               0 |
|               Metric/avg_cross_sa_asymmetry |          0.0203 |
|  Metric/self_state_action_to_state_distance |         0.00646 |
| Metric/cross_state_action_to_state_distance |            1.21 |
|                   Metric/h_lambda_diff_self |         0.00758 |
|                  Metric/h_lambda_diff_cross |          0.0397 |
|                                 Eval/Return |              29 |
-----------------------------------------------------------------
-----------------------------------------------------------------
|                                 Train/Steps |        1.42e+06 |
|                            Loss/Loss_critic |          0.0885 |
|                             Loss/Loss_actor |           -1.79 |
|                             Loss/Loss_alpha |        0.000308 |
|               Loss/Loss_state_action_metric |           0.304 |
|                      Loss/Loss_state_metric |           0.156 |
|             Loss/Loss_state_action_to_state |        0.000831 |
|                           Loss/Act_rep_loss |          0.0244 |
|                                   SAC/Alpha |         0.00123 |
|                              SAC/LogPi_mean |            1.93 |
|                                 SAC/Q1_mean |            1.84 |
|                                 SAC/Q2_mean |             1.8 |
|                            Norm/actor_model |            88.8 |
|                           Norm/critic_model |             130 |
|              Norm/state_action_metric_model |            71.6 |
|                     Norm/state_metric_model |            67.9 |
|        Norm/state_action_state_metric_model |            69.8 |
|                  Metric/self_state_distance |         0.00225 |
|                 Metric/cross_state_distance |            1.17 |
|           Metric/self_state_action_distance |          0.0056 |
|          Metric/cross_state_action_distance |            1.24 |
|             Metric/avg_self_state_asymmetry |               0 |
|            Metric/avg_cross_state_asymmetry |          0.0111 |
|                Metric/avg_self_sa_asymmetry |               0 |
|               Metric/avg_cross_sa_asymmetry |          0.0166 |
|  Metric/self_state_action_to_state_distance |         0.00258 |
| Metric/cross_state_action_to_state_distance |            1.24 |
|                   Metric/h_lambda_diff_self |         0.00433 |
|                  Metric/h_lambda_diff_cross |          0.0222 |
|                                 Eval/Return |              77 |
-----------------------------------------------------------------
-----------------------------------------------------------------
|                                 Train/Steps |        1.54e+06 |
|                            Loss/Loss_critic |            0.11 |
|                             Loss/Loss_actor |           -1.46 |
|                             Loss/Loss_alpha |          0.0006 |
|               Loss/Loss_state_action_metric |           0.216 |
|                      Loss/Loss_state_metric |           0.104 |
|             Loss/Loss_state_action_to_state |         0.00139 |
|                           Loss/Act_rep_loss |          0.0369 |
|                                   SAC/Alpha |         0.00169 |
|                              SAC/LogPi_mean |            1.63 |
|                                 SAC/Q1_mean |            1.46 |
|                                 SAC/Q2_mean |            1.46 |
|                            Norm/actor_model |            92.4 |
|                           Norm/critic_model |             135 |
|              Norm/state_action_metric_model |            75.4 |
|                     Norm/state_metric_model |            71.7 |
|        Norm/state_action_state_metric_model |            73.9 |
|                  Metric/self_state_distance |         0.00273 |
|                 Metric/cross_state_distance |            1.12 |
|           Metric/self_state_action_distance |         0.00465 |
|          Metric/cross_state_action_distance |             1.2 |
|             Metric/avg_self_state_asymmetry |               0 |
|            Metric/avg_cross_state_asymmetry |          0.0134 |
|                Metric/avg_self_sa_asymmetry |               0 |
|               Metric/avg_cross_sa_asymmetry |          0.0175 |
|  Metric/self_state_action_to_state_distance |         0.00422 |
| Metric/cross_state_action_to_state_distance |            1.19 |
|                   Metric/h_lambda_diff_self |         0.00415 |
|                  Metric/h_lambda_diff_cross |           0.018 |
|                                 Eval/Return |            59.1 |
-----------------------------------------------------------------
-----------------------------------------------------------------
|                                 Train/Steps |        1.67e+06 |
|                            Loss/Loss_critic |          0.0952 |
|                             Loss/Loss_actor |           -2.35 |
|                             Loss/Loss_alpha |        0.000554 |
|               Loss/Loss_state_action_metric |            0.36 |
|                      Loss/Loss_state_metric |           0.137 |
|             Loss/Loss_state_action_to_state |          0.0013 |
|                           Loss/Act_rep_loss |          0.0374 |
|                                   SAC/Alpha |         0.00176 |
|                              SAC/LogPi_mean |            1.89 |
|                                 SAC/Q1_mean |            2.35 |
|                                 SAC/Q2_mean |            2.35 |
|                            Norm/actor_model |              96 |
|                           Norm/critic_model |             141 |
|              Norm/state_action_metric_model |            78.7 |
|                     Norm/state_metric_model |            76.1 |
|        Norm/state_action_state_metric_model |            77.8 |
|                  Metric/self_state_distance |         0.00283 |
|                 Metric/cross_state_distance |            1.14 |
|           Metric/self_state_action_distance |          0.0102 |
|          Metric/cross_state_action_distance |            1.21 |
|             Metric/avg_self_state_asymmetry |               0 |
|            Metric/avg_cross_state_asymmetry |          0.0119 |
|                Metric/avg_self_sa_asymmetry |               0 |
|               Metric/avg_cross_sa_asymmetry |          0.0141 |
|  Metric/self_state_action_to_state_distance |         0.00561 |
| Metric/cross_state_action_to_state_distance |            1.22 |
|                   Metric/h_lambda_diff_self |         0.00736 |
|                  Metric/h_lambda_diff_cross |          0.0223 |
|                                 Eval/Return |            94.5 |
-----------------------------------------------------------------
-----------------------------------------------------------------
|                                 Train/Steps |         1.8e+06 |
|                            Loss/Loss_critic |           0.145 |
|                             Loss/Loss_actor |           -2.96 |
|                             Loss/Loss_alpha |       -0.000363 |
|               Loss/Loss_state_action_metric |           0.408 |
|                      Loss/Loss_state_metric |           0.173 |
|             Loss/Loss_state_action_to_state |         0.00228 |
|                           Loss/Act_rep_loss |           0.048 |
|                                   SAC/Alpha |         0.00208 |
|                              SAC/LogPi_mean |            2.22 |
|                                 SAC/Q1_mean |            2.91 |
|                                 SAC/Q2_mean |            2.94 |
|                            Norm/actor_model |            99.4 |
|                           Norm/critic_model |             146 |
|              Norm/state_action_metric_model |            82.2 |
|                     Norm/state_metric_model |            80.7 |
|        Norm/state_action_state_metric_model |            81.6 |
|                  Metric/self_state_distance |         0.00172 |
|                 Metric/cross_state_distance |            1.22 |
|           Metric/self_state_action_distance |         0.00649 |
|          Metric/cross_state_action_distance |            1.36 |
|             Metric/avg_self_state_asymmetry |               0 |
|            Metric/avg_cross_state_asymmetry |          0.0183 |
|                Metric/avg_self_sa_asymmetry |               0 |
|               Metric/avg_cross_sa_asymmetry |          0.0307 |
|  Metric/self_state_action_to_state_distance |         0.00219 |
| Metric/cross_state_action_to_state_distance |            1.37 |
|                   Metric/h_lambda_diff_self |          0.0058 |
|                  Metric/h_lambda_diff_cross |          0.0329 |
|                                 Eval/Return |             103 |
-----------------------------------------------------------------
-----------------------------------------------------------------
|                                 Train/Steps |        1.93e+06 |
|                            Loss/Loss_critic |           0.055 |
|                             Loss/Loss_actor |           -3.64 |
|                             Loss/Loss_alpha |        0.000905 |
|               Loss/Loss_state_action_metric |           0.481 |
|                      Loss/Loss_state_metric |            0.24 |
|             Loss/Loss_state_action_to_state |         0.00199 |
|                           Loss/Act_rep_loss |          0.0394 |
|                                   SAC/Alpha |         0.00371 |
|                              SAC/LogPi_mean |            1.96 |
|                                 SAC/Q1_mean |            3.64 |
|                                 SAC/Q2_mean |            3.64 |
|                            Norm/actor_model |             103 |
|                           Norm/critic_model |             150 |
|              Norm/state_action_metric_model |            85.5 |
|                     Norm/state_metric_model |            85.4 |
|        Norm/state_action_state_metric_model |            85.3 |
|                  Metric/self_state_distance |         0.00487 |
|                 Metric/cross_state_distance |            1.28 |
|           Metric/self_state_action_distance |         0.00912 |
|          Metric/cross_state_action_distance |            1.45 |
|             Metric/avg_self_state_asymmetry |               0 |
|            Metric/avg_cross_state_asymmetry |          0.0146 |
|                Metric/avg_self_sa_asymmetry |               0 |
|               Metric/avg_cross_sa_asymmetry |          0.0216 |
|  Metric/self_state_action_to_state_distance |         0.00344 |
| Metric/cross_state_action_to_state_distance |            1.45 |
|                   Metric/h_lambda_diff_self |         0.00695 |
|                  Metric/h_lambda_diff_cross |          0.0229 |
|                                 Eval/Return |            43.8 |
-----------------------------------------------------------------
-----------------------------------------------------------------
|                                 Train/Steps |        2.06e+06 |
|                            Loss/Loss_critic |          0.0459 |
|                             Loss/Loss_actor |           -3.79 |
|                             Loss/Loss_alpha |        0.000471 |
|               Loss/Loss_state_action_metric |           0.361 |
|                      Loss/Loss_state_metric |           0.179 |
|             Loss/Loss_state_action_to_state |         0.00219 |
|                           Loss/Act_rep_loss |          0.0407 |
|                                   SAC/Alpha |         0.00381 |
|                              SAC/LogPi_mean |            1.81 |
|                                 SAC/Q1_mean |             3.8 |
|                                 SAC/Q2_mean |            3.78 |
|                            Norm/actor_model |             106 |
|                           Norm/critic_model |             154 |
|              Norm/state_action_metric_model |            88.6 |
|                     Norm/state_metric_model |            90.1 |
|        Norm/state_action_state_metric_model |            88.8 |
|                  Metric/self_state_distance |         0.00219 |
|                 Metric/cross_state_distance |            1.22 |
|           Metric/self_state_action_distance |         0.00461 |
|          Metric/cross_state_action_distance |            1.34 |
|             Metric/avg_self_state_asymmetry |               0 |
|            Metric/avg_cross_state_asymmetry |          0.0144 |
|                Metric/avg_self_sa_asymmetry |               0 |
|               Metric/avg_cross_sa_asymmetry |          0.0208 |
|  Metric/self_state_action_to_state_distance |         0.00149 |
| Metric/cross_state_action_to_state_distance |            1.34 |
|                   Metric/h_lambda_diff_self |         0.00477 |
|                  Metric/h_lambda_diff_cross |          0.0249 |
|                                 Eval/Return |             114 |
-----------------------------------------------------------------
[32mSaving model …[0m
[32mDone.[0m
[32mSaving model …[0m
[32mDone.[0m
-----------------------------------------------------------------
|                                 Train/Steps |        2.18e+06 |
|                            Loss/Loss_critic |          0.0968 |
|                             Loss/Loss_actor |           -5.23 |
|                             Loss/Loss_alpha |        0.000129 |
|               Loss/Loss_state_action_metric |           0.686 |
|                      Loss/Loss_state_metric |           0.315 |
|             Loss/Loss_state_action_to_state |         0.00364 |
|                           Loss/Act_rep_loss |          0.0343 |
|                                   SAC/Alpha |          0.0039 |
|                              SAC/LogPi_mean |            2.15 |
|                                 SAC/Q1_mean |            5.23 |
|                                 SAC/Q2_mean |            5.25 |
|                            Norm/actor_model |             109 |
|                           Norm/critic_model |             158 |
|              Norm/state_action_metric_model |            91.9 |
|                     Norm/state_metric_model |            94.8 |
|        Norm/state_action_state_metric_model |            92.3 |
|                  Metric/self_state_distance |         0.00056 |
|                 Metric/cross_state_distance |            1.38 |
|           Metric/self_state_action_distance |          0.0146 |
|          Metric/cross_state_action_distance |            1.64 |
|             Metric/avg_self_state_asymmetry |               0 |
|            Metric/avg_cross_state_asymmetry |          0.0141 |
|                Metric/avg_self_sa_asymmetry |               0 |
|               Metric/avg_cross_sa_asymmetry |          0.0273 |
|  Metric/self_state_action_to_state_distance |         0.00219 |
| Metric/cross_state_action_to_state_distance |            1.62 |
|                   Metric/h_lambda_diff_self |          0.0125 |
|                  Metric/h_lambda_diff_cross |          0.0416 |
|                                 Eval/Return |            91.6 |
-----------------------------------------------------------------
-----------------------------------------------------------------
|                                 Train/Steps |        2.31e+06 |
|                            Loss/Loss_critic |           0.136 |
|                             Loss/Loss_actor |            -5.6 |
|                             Loss/Loss_alpha |       -0.000823 |
|               Loss/Loss_state_action_metric |            0.69 |
|                      Loss/Loss_state_metric |            0.32 |
|             Loss/Loss_state_action_to_state |          0.0022 |
|                           Loss/Act_rep_loss |          0.0304 |
|                                   SAC/Alpha |         0.00433 |
|                              SAC/LogPi_mean |            2.19 |
|                                 SAC/Q1_mean |             5.6 |
|                                 SAC/Q2_mean |             5.6 |
|                            Norm/actor_model |             112 |
|                           Norm/critic_model |             162 |
|              Norm/state_action_metric_model |            94.8 |
|                     Norm/state_metric_model |            98.9 |
|        Norm/state_action_state_metric_model |            95.8 |
|                  Metric/self_state_distance |         0.00259 |
|                 Metric/cross_state_distance |            1.41 |
|           Metric/self_state_action_distance |          0.0069 |
|          Metric/cross_state_action_distance |            1.61 |
|             Metric/avg_self_state_asymmetry |               0 |
|            Metric/avg_cross_state_asymmetry |          0.0136 |
|                Metric/avg_self_sa_asymmetry |               0 |
|               Metric/avg_cross_sa_asymmetry |          0.0251 |
|  Metric/self_state_action_to_state_distance |          0.0052 |
| Metric/cross_state_action_to_state_distance |            1.61 |
|                   Metric/h_lambda_diff_self |         0.00893 |
|                  Metric/h_lambda_diff_cross |          0.0274 |
|                                 Eval/Return |             105 |
-----------------------------------------------------------------
-----------------------------------------------------------------
|                                 Train/Steps |        2.44e+06 |
|                            Loss/Loss_critic |           0.165 |
|                             Loss/Loss_actor |           -4.84 |
|                             Loss/Loss_alpha |         0.00261 |
|               Loss/Loss_state_action_metric |           0.502 |
|                      Loss/Loss_state_metric |           0.259 |
|             Loss/Loss_state_action_to_state |         0.00173 |
|                           Loss/Act_rep_loss |          0.0334 |
|                                   SAC/Alpha |         0.00477 |
|                              SAC/LogPi_mean |            1.47 |
|                                 SAC/Q1_mean |            4.81 |
|                                 SAC/Q2_mean |             4.8 |
|                            Norm/actor_model |             116 |
|                           Norm/critic_model |             165 |
|              Norm/state_action_metric_model |            97.9 |
|                     Norm/state_metric_model |             103 |
|        Norm/state_action_state_metric_model |            99.1 |
|                  Metric/self_state_distance |         0.00144 |
|                 Metric/cross_state_distance |            1.32 |
|           Metric/self_state_action_distance |         0.00491 |
|          Metric/cross_state_action_distance |            1.51 |
|             Metric/avg_self_state_asymmetry |               0 |
|            Metric/avg_cross_state_asymmetry |          0.0151 |
|                Metric/avg_self_sa_asymmetry |               0 |
|               Metric/avg_cross_sa_asymmetry |           0.025 |
|  Metric/self_state_action_to_state_distance |         0.00067 |
| Metric/cross_state_action_to_state_distance |            1.48 |
|                   Metric/h_lambda_diff_self |         0.00429 |
|                  Metric/h_lambda_diff_cross |          0.0347 |
|                                 Eval/Return |             127 |
-----------------------------------------------------------------
-----------------------------------------------------------------
|                                 Train/Steps |        2.57e+06 |
|                            Loss/Loss_critic |           0.204 |
|                             Loss/Loss_actor |           -6.58 |
|                             Loss/Loss_alpha |        -0.00036 |
|               Loss/Loss_state_action_metric |           0.683 |
|                      Loss/Loss_state_metric |           0.353 |
|             Loss/Loss_state_action_to_state |         0.00228 |
|                           Loss/Act_rep_loss |          0.0362 |
|                                   SAC/Alpha |         0.00543 |
|                              SAC/LogPi_mean |            1.87 |
|                                 SAC/Q1_mean |             6.6 |
|                                 SAC/Q2_mean |            6.56 |
|                            Norm/actor_model |             119 |
|                           Norm/critic_model |             169 |
|              Norm/state_action_metric_model |             101 |
|                     Norm/state_metric_model |             107 |
|        Norm/state_action_state_metric_model |             102 |
|                  Metric/self_state_distance |         0.00184 |
|                 Metric/cross_state_distance |            1.42 |
|           Metric/self_state_action_distance |         0.00886 |
|          Metric/cross_state_action_distance |            1.64 |
|             Metric/avg_self_state_asymmetry |               0 |
|            Metric/avg_cross_state_asymmetry |           0.014 |
|                Metric/avg_self_sa_asymmetry |               0 |
|               Metric/avg_cross_sa_asymmetry |          0.0219 |
|  Metric/self_state_action_to_state_distance |         0.00306 |
| Metric/cross_state_action_to_state_distance |            1.64 |
|                   Metric/h_lambda_diff_self |          0.0075 |
|                  Metric/h_lambda_diff_cross |          0.0254 |
|                                 Eval/Return |            91.9 |
-----------------------------------------------------------------
-----------------------------------------------------------------
|                                 Train/Steps |         2.7e+06 |
|                            Loss/Loss_critic |           0.601 |
|                             Loss/Loss_actor |           -7.16 |
|                             Loss/Loss_alpha |         -0.0037 |
|               Loss/Loss_state_action_metric |           0.675 |
|                      Loss/Loss_state_metric |           0.317 |
|             Loss/Loss_state_action_to_state |          0.0042 |
|                           Loss/Act_rep_loss |          0.0319 |
|                                   SAC/Alpha |         0.00584 |
|                              SAC/LogPi_mean |            2.48 |
|                                 SAC/Q1_mean |            7.15 |
|                                 SAC/Q2_mean |            7.17 |
|                            Norm/actor_model |             122 |
|                           Norm/critic_model |             173 |
|              Norm/state_action_metric_model |             104 |
|                     Norm/state_metric_model |             110 |
|        Norm/state_action_state_metric_model |             106 |
|                  Metric/self_state_distance |         0.00148 |
|                 Metric/cross_state_distance |            1.41 |
|           Metric/self_state_action_distance |         0.00409 |
|          Metric/cross_state_action_distance |            1.69 |
|             Metric/avg_self_state_asymmetry |               0 |
|            Metric/avg_cross_state_asymmetry |          0.0172 |
|                Metric/avg_self_sa_asymmetry |               0 |
|               Metric/avg_cross_sa_asymmetry |          0.0272 |
|  Metric/self_state_action_to_state_distance |         0.00137 |
| Metric/cross_state_action_to_state_distance |             1.7 |
|                   Metric/h_lambda_diff_self |          0.0046 |
|                  Metric/h_lambda_diff_cross |          0.0443 |
|                                 Eval/Return |             107 |
-----------------------------------------------------------------
-----------------------------------------------------------------
|                                 Train/Steps |        2.82e+06 |
|                            Loss/Loss_critic |           0.284 |
|                             Loss/Loss_actor |           -7.37 |
|                             Loss/Loss_alpha |       -0.000702 |
|               Loss/Loss_state_action_metric |           0.848 |
|                      Loss/Loss_state_metric |           0.431 |
|             Loss/Loss_state_action_to_state |         0.00157 |
|                           Loss/Act_rep_loss |          0.0216 |
|                                   SAC/Alpha |         0.00624 |
|                              SAC/LogPi_mean |            2.12 |
|                                 SAC/Q1_mean |             7.4 |
|                                 SAC/Q2_mean |            7.35 |
|                            Norm/actor_model |             124 |
|                           Norm/critic_model |             176 |
|              Norm/state_action_metric_model |             107 |
|                     Norm/state_metric_model |             114 |
|        Norm/state_action_state_metric_model |             109 |
|                  Metric/self_state_distance |         0.00377 |
|                 Metric/cross_state_distance |            1.53 |
|           Metric/self_state_action_distance |         0.00441 |
|          Metric/cross_state_action_distance |            1.85 |
|             Metric/avg_self_state_asymmetry |               0 |
|            Metric/avg_cross_state_asymmetry |          0.0182 |
|                Metric/avg_self_sa_asymmetry |               0 |
|               Metric/avg_cross_sa_asymmetry |          0.0261 |
|  Metric/self_state_action_to_state_distance |          0.0012 |
| Metric/cross_state_action_to_state_distance |            1.86 |
|                   Metric/h_lambda_diff_self |         0.00406 |
|                  Metric/h_lambda_diff_cross |          0.0279 |
|                                 Eval/Return |             101 |
-----------------------------------------------------------------
-----------------------------------------------------------------
|                                 Train/Steps |        2.95e+06 |
|                            Loss/Loss_critic |          0.0871 |
|                             Loss/Loss_actor |            -6.4 |
|                             Loss/Loss_alpha |         0.00253 |
|               Loss/Loss_state_action_metric |            0.68 |
|                      Loss/Loss_state_metric |           0.345 |
|             Loss/Loss_state_action_to_state |         0.00246 |
|                           Loss/Act_rep_loss |          0.0249 |
|                                   SAC/Alpha |         0.00663 |
|                              SAC/LogPi_mean |            1.69 |
|                                 SAC/Q1_mean |            6.39 |
|                                 SAC/Q2_mean |            6.38 |
|                            Norm/actor_model |             127 |
|                           Norm/critic_model |             179 |
|              Norm/state_action_metric_model |             109 |
|                     Norm/state_metric_model |             117 |
|        Norm/state_action_state_metric_model |             112 |
|                  Metric/self_state_distance |         0.00277 |
|                 Metric/cross_state_distance |            1.43 |
|           Metric/self_state_action_distance |         0.00603 |
|          Metric/cross_state_action_distance |            1.68 |
|             Metric/avg_self_state_asymmetry |               0 |
|            Metric/avg_cross_state_asymmetry |          0.0161 |
|                Metric/avg_self_sa_asymmetry |               0 |
|               Metric/avg_cross_sa_asymmetry |          0.0244 |
|  Metric/self_state_action_to_state_distance |        0.000855 |
| Metric/cross_state_action_to_state_distance |            1.67 |
|                   Metric/h_lambda_diff_self |         0.00574 |
|                  Metric/h_lambda_diff_cross |          0.0255 |
|                                 Eval/Return |             127 |
-----------------------------------------------------------------
-----------------------------------------------------------------
|                                 Train/Steps |        3.08e+06 |
|                            Loss/Loss_critic |          0.0889 |
|                             Loss/Loss_actor |           -7.83 |
|                             Loss/Loss_alpha |           0.002 |
|               Loss/Loss_state_action_metric |           0.792 |
|                      Loss/Loss_state_metric |           0.387 |
|             Loss/Loss_state_action_to_state |         0.00249 |
|                           Loss/Act_rep_loss |          0.0279 |
|                                   SAC/Alpha |         0.00709 |
|                              SAC/LogPi_mean |            1.85 |
|                                 SAC/Q1_mean |            7.86 |
|                                 SAC/Q2_mean |            7.83 |
|                            Norm/actor_model |             129 |
|                           Norm/critic_model |             183 |
|              Norm/state_action_metric_model |             112 |
|                     Norm/state_metric_model |             120 |
|        Norm/state_action_state_metric_model |             115 |
|                  Metric/self_state_distance |         0.00156 |
|                 Metric/cross_state_distance |            1.49 |
|           Metric/self_state_action_distance |          0.0119 |
|          Metric/cross_state_action_distance |            1.82 |
|             Metric/avg_self_state_asymmetry |               0 |
|            Metric/avg_cross_state_asymmetry |          0.0167 |
|                Metric/avg_self_sa_asymmetry |               0 |
|               Metric/avg_cross_sa_asymmetry |          0.0263 |
|  Metric/self_state_action_to_state_distance |         0.00503 |
| Metric/cross_state_action_to_state_distance |             1.8 |
|                   Metric/h_lambda_diff_self |         0.00941 |
|                  Metric/h_lambda_diff_cross |          0.0329 |
|                                 Eval/Return |             141 |
-----------------------------------------------------------------
[32mSaving model …[0m
[32mDone.[0m
[32mSaving model …[0m
[32mDone.[0m
-----------------------------------------------------------------
|                                 Train/Steps |        3.21e+06 |
|                            Loss/Loss_critic |          0.0746 |
|                             Loss/Loss_actor |           -8.51 |
|                             Loss/Loss_alpha |       -0.000707 |
|               Loss/Loss_state_action_metric |           0.782 |
|                      Loss/Loss_state_metric |           0.389 |
|             Loss/Loss_state_action_to_state |          0.0021 |
|                           Loss/Act_rep_loss |          0.0315 |
|                                   SAC/Alpha |         0.00716 |
|                              SAC/LogPi_mean |            2.25 |
|                                 SAC/Q1_mean |            8.51 |
|                                 SAC/Q2_mean |            8.54 |
|                            Norm/actor_model |             132 |
|                           Norm/critic_model |             186 |
|              Norm/state_action_metric_model |             115 |
|                     Norm/state_metric_model |             124 |
|        Norm/state_action_state_metric_model |             118 |
|                  Metric/self_state_distance |         0.00121 |
|                 Metric/cross_state_distance |            1.48 |
|           Metric/self_state_action_distance |         0.00408 |
|          Metric/cross_state_action_distance |            1.79 |
|             Metric/avg_self_state_asymmetry |               0 |
|            Metric/avg_cross_state_asymmetry |          0.0195 |
|                Metric/avg_self_sa_asymmetry |               0 |
|               Metric/avg_cross_sa_asymmetry |          0.0276 |
|  Metric/self_state_action_to_state_distance |         0.00294 |
| Metric/cross_state_action_to_state_distance |             1.8 |
|                   Metric/h_lambda_diff_self |         0.00358 |
|                  Metric/h_lambda_diff_cross |          0.0319 |
|                                 Eval/Return |             160 |
-----------------------------------------------------------------
-----------------------------------------------------------------
|                                 Train/Steps |        3.34e+06 |
|                            Loss/Loss_critic |           0.121 |
|                             Loss/Loss_actor |           -8.12 |
|                             Loss/Loss_alpha |         0.00297 |
|               Loss/Loss_state_action_metric |           0.795 |
|                      Loss/Loss_state_metric |           0.356 |
|             Loss/Loss_state_action_to_state |         0.00177 |
|                           Loss/Act_rep_loss |          0.0315 |
|                                   SAC/Alpha |         0.00777 |
|                              SAC/LogPi_mean |            1.74 |
|                                 SAC/Q1_mean |             8.1 |
|                                 SAC/Q2_mean |            8.14 |
|                            Norm/actor_model |             134 |
|                           Norm/critic_model |             189 |
|              Norm/state_action_metric_model |             118 |
|                     Norm/state_metric_model |             127 |
|        Norm/state_action_state_metric_model |             121 |
|                  Metric/self_state_distance |         0.00242 |
|                 Metric/cross_state_distance |            1.44 |
|           Metric/self_state_action_distance |         0.00211 |
|          Metric/cross_state_action_distance |            1.74 |
|             Metric/avg_self_state_asymmetry |               0 |
|            Metric/avg_cross_state_asymmetry |          0.0173 |
|                Metric/avg_self_sa_asymmetry |               0 |
|               Metric/avg_cross_sa_asymmetry |           0.024 |
|  Metric/self_state_action_to_state_distance |         0.00183 |
| Metric/cross_state_action_to_state_distance |            1.72 |
|                   Metric/h_lambda_diff_self |          0.0024 |
|                  Metric/h_lambda_diff_cross |          0.0307 |
|                                 Eval/Return |             156 |
-----------------------------------------------------------------
-----------------------------------------------------------------
|                                 Train/Steps |        3.46e+06 |
|                            Loss/Loss_critic |           0.835 |
|                             Loss/Loss_actor |           -7.63 |
|                             Loss/Loss_alpha |         0.00109 |
|               Loss/Loss_state_action_metric |           0.665 |
|                      Loss/Loss_state_metric |           0.278 |
|             Loss/Loss_state_action_to_state |         0.00286 |
|                           Loss/Act_rep_loss |          0.0315 |
|                                   SAC/Alpha |         0.00831 |
|                              SAC/LogPi_mean |            1.74 |
|                                 SAC/Q1_mean |            7.63 |
|                                 SAC/Q2_mean |             7.6 |
|                            Norm/actor_model |             137 |
|                           Norm/critic_model |             192 |
|              Norm/state_action_metric_model |             120 |
|                     Norm/state_metric_model |             130 |
|        Norm/state_action_state_metric_model |             124 |
|                  Metric/self_state_distance |         0.00206 |
|                 Metric/cross_state_distance |            1.41 |
|           Metric/self_state_action_distance |         0.00195 |
|          Metric/cross_state_action_distance |            1.68 |
|             Metric/avg_self_state_asymmetry |               0 |
|            Metric/avg_cross_state_asymmetry |          0.0172 |
|                Metric/avg_self_sa_asymmetry |               0 |
|               Metric/avg_cross_sa_asymmetry |          0.0246 |
|  Metric/self_state_action_to_state_distance |         0.00546 |
| Metric/cross_state_action_to_state_distance |            1.69 |
|                   Metric/h_lambda_diff_self |         0.00489 |
|                  Metric/h_lambda_diff_cross |          0.0293 |
|                                 Eval/Return |             142 |
-----------------------------------------------------------------
-----------------------------------------------------------------
|                                 Train/Steps |        3.59e+06 |
|                            Loss/Loss_critic |          0.0998 |
|                             Loss/Loss_actor |           -9.98 |
|                             Loss/Loss_alpha |        -0.00146 |
|               Loss/Loss_state_action_metric |            1.11 |
|                      Loss/Loss_state_metric |           0.498 |
|             Loss/Loss_state_action_to_state |         0.00231 |
|                           Loss/Act_rep_loss |          0.0315 |
|                                   SAC/Alpha |         0.00882 |
|                              SAC/LogPi_mean |            1.92 |
|                                 SAC/Q1_mean |            9.96 |
|                                 SAC/Q2_mean |              10 |
|                            Norm/actor_model |             139 |
|                           Norm/critic_model |             194 |
|              Norm/state_action_metric_model |             123 |
|                     Norm/state_metric_model |             133 |
|        Norm/state_action_state_metric_model |             126 |
|                  Metric/self_state_distance |         0.00128 |
|                 Metric/cross_state_distance |            1.61 |
|           Metric/self_state_action_distance |          0.0148 |
|          Metric/cross_state_action_distance |               2 |
|             Metric/avg_self_state_asymmetry |               0 |
|            Metric/avg_cross_state_asymmetry |          0.0173 |
|                Metric/avg_self_sa_asymmetry |               0 |
|               Metric/avg_cross_sa_asymmetry |          0.0302 |
|  Metric/self_state_action_to_state_distance |         0.00206 |
| Metric/cross_state_action_to_state_distance |               2 |
|                   Metric/h_lambda_diff_self |          0.0137 |
|                  Metric/h_lambda_diff_cross |          0.0371 |
|                                 Eval/Return |             170 |
-----------------------------------------------------------------
-----------------------------------------------------------------
|                                 Train/Steps |        3.72e+06 |
|                            Loss/Loss_critic |            0.11 |
|                             Loss/Loss_actor |           -9.02 |
|                             Loss/Loss_alpha |         6.8e-05 |
|               Loss/Loss_state_action_metric |           0.727 |
|                      Loss/Loss_state_metric |           0.352 |
|             Loss/Loss_state_action_to_state |         0.00172 |
|                           Loss/Act_rep_loss |          0.0286 |
|                                   SAC/Alpha |         0.00915 |
|                              SAC/LogPi_mean |            2.01 |
|                                 SAC/Q1_mean |            9.01 |
|                                 SAC/Q2_mean |            9.03 |
|                            Norm/actor_model |             141 |
|                           Norm/critic_model |             197 |
|              Norm/state_action_metric_model |             125 |
|                     Norm/state_metric_model |             136 |
|        Norm/state_action_state_metric_model |             129 |
|                  Metric/self_state_distance |         0.00258 |
|                 Metric/cross_state_distance |            1.42 |
|           Metric/self_state_action_distance |         0.00299 |
|          Metric/cross_state_action_distance |            1.72 |
|             Metric/avg_self_state_asymmetry |               0 |
|            Metric/avg_cross_state_asymmetry |          0.0147 |
|                Metric/avg_self_sa_asymmetry |               0 |
|               Metric/avg_cross_sa_asymmetry |          0.0207 |
|  Metric/self_state_action_to_state_distance |         0.00258 |
| Metric/cross_state_action_to_state_distance |             1.7 |
|                   Metric/h_lambda_diff_self |         0.00271 |
|                  Metric/h_lambda_diff_cross |          0.0317 |
|                                 Eval/Return |             145 |
-----------------------------------------------------------------
-----------------------------------------------------------------
|                                 Train/Steps |        3.85e+06 |
|                            Loss/Loss_critic |           0.228 |
|                             Loss/Loss_actor |           -9.24 |
|                             Loss/Loss_alpha |          0.0016 |
|               Loss/Loss_state_action_metric |           0.777 |
|                      Loss/Loss_state_metric |           0.362 |
|             Loss/Loss_state_action_to_state |         0.00188 |
|                           Loss/Act_rep_loss |          0.0258 |
|                                   SAC/Alpha |         0.00892 |
|                              SAC/LogPi_mean |            1.92 |
|                                 SAC/Q1_mean |            9.27 |
|                                 SAC/Q2_mean |            9.22 |
|                            Norm/actor_model |             144 |
|                           Norm/critic_model |             199 |
|              Norm/state_action_metric_model |             128 |
|                     Norm/state_metric_model |             138 |
|        Norm/state_action_state_metric_model |             132 |
|                  Metric/self_state_distance |        0.000637 |
|                 Metric/cross_state_distance |            1.49 |
|           Metric/self_state_action_distance |         0.00743 |
|          Metric/cross_state_action_distance |            1.79 |
|             Metric/avg_self_state_asymmetry |               0 |
|            Metric/avg_cross_state_asymmetry |          0.0167 |
|                Metric/avg_self_sa_asymmetry |               0 |
|               Metric/avg_cross_sa_asymmetry |          0.0234 |
|  Metric/self_state_action_to_state_distance |        0.000647 |
| Metric/cross_state_action_to_state_distance |            1.81 |
|                   Metric/h_lambda_diff_self |         0.00683 |
|                  Metric/h_lambda_diff_cross |          0.0343 |
|                                 Eval/Return |             148 |
-----------------------------------------------------------------
-----------------------------------------------------------------
|                                 Train/Steps |        3.98e+06 |
|                            Loss/Loss_critic |            1.05 |
|                             Loss/Loss_actor |           -10.5 |
|                             Loss/Loss_alpha |        -0.00054 |
|               Loss/Loss_state_action_metric |           0.925 |
|                      Loss/Loss_state_metric |           0.464 |
|             Loss/Loss_state_action_to_state |         0.00213 |
|                           Loss/Act_rep_loss |           0.026 |
|                                   SAC/Alpha |         0.00933 |
|                              SAC/LogPi_mean |            1.94 |
|                                 SAC/Q1_mean |            10.5 |
|                                 SAC/Q2_mean |            10.5 |
|                            Norm/actor_model |             146 |
|                           Norm/critic_model |             201 |
|              Norm/state_action_metric_model |             130 |
|                     Norm/state_metric_model |             141 |
|        Norm/state_action_state_metric_model |             135 |
|                  Metric/self_state_distance |         0.00233 |
|                 Metric/cross_state_distance |            1.54 |
|           Metric/self_state_action_distance |          0.0158 |
|          Metric/cross_state_action_distance |            1.89 |
|             Metric/avg_self_state_asymmetry |               0 |
|            Metric/avg_cross_state_asymmetry |           0.015 |
|                Metric/avg_self_sa_asymmetry |               0 |
|               Metric/avg_cross_sa_asymmetry |          0.0234 |
|  Metric/self_state_action_to_state_distance |         0.00557 |
| Metric/cross_state_action_to_state_distance |            1.89 |
|                   Metric/h_lambda_diff_self |          0.0131 |
|                  Metric/h_lambda_diff_cross |          0.0239 |
|                                 Eval/Return |             168 |
-----------------------------------------------------------------
-----------------------------------------------------------------
|                                 Train/Steps |         4.1e+06 |
|                            Loss/Loss_critic |           0.145 |
|                             Loss/Loss_actor |           -10.7 |
|                             Loss/Loss_alpha |       -0.000647 |
|               Loss/Loss_state_action_metric |            1.15 |
|                      Loss/Loss_state_metric |           0.592 |
|             Loss/Loss_state_action_to_state |         0.00133 |
|                           Loss/Act_rep_loss |          0.0223 |
|                                   SAC/Alpha |         0.00982 |
|                              SAC/LogPi_mean |            1.97 |
|                                 SAC/Q1_mean |            10.8 |
|                                 SAC/Q2_mean |            10.7 |
|                            Norm/actor_model |             148 |
|                           Norm/critic_model |             204 |
|              Norm/state_action_metric_model |             133 |
|                     Norm/state_metric_model |             144 |
|        Norm/state_action_state_metric_model |             137 |
|                  Metric/self_state_distance |        0.000261 |
|                 Metric/cross_state_distance |            1.69 |
|           Metric/self_state_action_distance |         0.00547 |
|          Metric/cross_state_action_distance |            2.12 |
|             Metric/avg_self_state_asymmetry |               0 |
|            Metric/avg_cross_state_asymmetry |          0.0151 |
|                Metric/avg_self_sa_asymmetry |               0 |
|               Metric/avg_cross_sa_asymmetry |          0.0242 |
|  Metric/self_state_action_to_state_distance |          0.0001 |
| Metric/cross_state_action_to_state_distance |            2.12 |
|                   Metric/h_lambda_diff_self |         0.00544 |
|                  Metric/h_lambda_diff_cross |          0.0264 |
|                                 Eval/Return |             160 |
-----------------------------------------------------------------
[32mSaving model …[0m
[32mDone.[0m
[32mSaving model …[0m
[32mDone.[0m
-----------------------------------------------------------------
|                                 Train/Steps |        4.23e+06 |
|                            Loss/Loss_critic |           0.093 |
|                             Loss/Loss_actor |           -12.7 |
|                             Loss/Loss_alpha |        -0.00195 |
|               Loss/Loss_state_action_metric |            1.31 |
|                      Loss/Loss_state_metric |           0.682 |
|             Loss/Loss_state_action_to_state |         0.00187 |
|                           Loss/Act_rep_loss |          0.0176 |
|                                   SAC/Alpha |          0.0108 |
|                              SAC/LogPi_mean |            2.14 |
|                                 SAC/Q1_mean |            12.7 |
|                                 SAC/Q2_mean |            12.7 |
|                            Norm/actor_model |             151 |
|                           Norm/critic_model |             206 |
|              Norm/state_action_metric_model |             135 |
|                     Norm/state_metric_model |             147 |
|        Norm/state_action_state_metric_model |             140 |
|                  Metric/self_state_distance |         0.00142 |
|                 Metric/cross_state_distance |            1.83 |
|           Metric/self_state_action_distance |         0.00955 |
|          Metric/cross_state_action_distance |            2.32 |
|             Metric/avg_self_state_asymmetry |               0 |
|            Metric/avg_cross_state_asymmetry |          0.0184 |
|                Metric/avg_self_sa_asymmetry |               0 |
|               Metric/avg_cross_sa_asymmetry |          0.0282 |
|  Metric/self_state_action_to_state_distance |         0.00182 |
| Metric/cross_state_action_to_state_distance |            2.31 |
|                   Metric/h_lambda_diff_self |         0.00836 |
|                  Metric/h_lambda_diff_cross |          0.0318 |
|                                 Eval/Return |             183 |
-----------------------------------------------------------------
-----------------------------------------------------------------
|                                 Train/Steps |        4.36e+06 |
|                            Loss/Loss_critic |            0.16 |
|                             Loss/Loss_actor |             -12 |
|                             Loss/Loss_alpha |        -0.00116 |
|               Loss/Loss_state_action_metric |           0.988 |
|                      Loss/Loss_state_metric |           0.501 |
|             Loss/Loss_state_action_to_state |         0.00251 |
|                           Loss/Act_rep_loss |          0.0239 |
|                                   SAC/Alpha |          0.0116 |
|                              SAC/LogPi_mean |            2.05 |
|                                 SAC/Q1_mean |            11.9 |
|                                 SAC/Q2_mean |              12 |
|                            Norm/actor_model |             153 |
|                           Norm/critic_model |             209 |
|              Norm/state_action_metric_model |             138 |
|                     Norm/state_metric_model |             149 |
|        Norm/state_action_state_metric_model |             142 |
|                  Metric/self_state_distance |         0.00253 |
|                 Metric/cross_state_distance |            1.61 |
|           Metric/self_state_action_distance |         0.00611 |
|          Metric/cross_state_action_distance |            2.01 |
|             Metric/avg_self_state_asymmetry |               0 |
|            Metric/avg_cross_state_asymmetry |          0.0155 |
|                Metric/avg_self_sa_asymmetry |               0 |
|               Metric/avg_cross_sa_asymmetry |          0.0198 |
|  Metric/self_state_action_to_state_distance |         0.00101 |
| Metric/cross_state_action_to_state_distance |            1.99 |
|                   Metric/h_lambda_diff_self |         0.00584 |
|                  Metric/h_lambda_diff_cross |          0.0313 |
|                                 Eval/Return |             169 |
-----------------------------------------------------------------
-----------------------------------------------------------------
|                                 Train/Steps |        4.49e+06 |
|                            Loss/Loss_critic |          0.0972 |
|                             Loss/Loss_actor |           -13.2 |
|                             Loss/Loss_alpha |         0.00108 |
|               Loss/Loss_state_action_metric |            1.26 |
|                      Loss/Loss_state_metric |           0.652 |
|             Loss/Loss_state_action_to_state |         0.00198 |
|                           Loss/Act_rep_loss |          0.0266 |
|                                   SAC/Alpha |          0.0125 |
|                              SAC/LogPi_mean |            1.86 |
|                                 SAC/Q1_mean |            13.3 |
|                                 SAC/Q2_mean |            13.2 |
|                            Norm/actor_model |             155 |
|                           Norm/critic_model |             211 |
|              Norm/state_action_metric_model |             140 |
|                     Norm/state_metric_model |             152 |
|        Norm/state_action_state_metric_model |             145 |
|                  Metric/self_state_distance |         0.00132 |
|                 Metric/cross_state_distance |            1.76 |
|           Metric/self_state_action_distance |         0.00403 |
|          Metric/cross_state_action_distance |            2.23 |
|             Metric/avg_self_state_asymmetry |               0 |
|            Metric/avg_cross_state_asymmetry |           0.015 |
|                Metric/avg_self_sa_asymmetry |               0 |
|               Metric/avg_cross_sa_asymmetry |          0.0235 |
|  Metric/self_state_action_to_state_distance |         0.00261 |
| Metric/cross_state_action_to_state_distance |            2.22 |
|                   Metric/h_lambda_diff_self |         0.00419 |
|                  Metric/h_lambda_diff_cross |          0.0291 |
|                                 Eval/Return |             196 |
-----------------------------------------------------------------
-----------------------------------------------------------------
|                                 Train/Steps |        4.62e+06 |
|                            Loss/Loss_critic |           0.129 |
|                             Loss/Loss_actor |           -12.7 |
|                             Loss/Loss_alpha |         0.00496 |
|               Loss/Loss_state_action_metric |            1.11 |
|                      Loss/Loss_state_metric |           0.538 |
|             Loss/Loss_state_action_to_state |         0.00205 |
|                           Loss/Act_rep_loss |          0.0249 |
|                                   SAC/Alpha |          0.0133 |
|                              SAC/LogPi_mean |            1.68 |
|                                 SAC/Q1_mean |            12.8 |
|                                 SAC/Q2_mean |            12.8 |
|                            Norm/actor_model |             157 |
|                           Norm/critic_model |             213 |
|              Norm/state_action_metric_model |             142 |
|                     Norm/state_metric_model |             155 |
|        Norm/state_action_state_metric_model |             148 |
|                  Metric/self_state_distance |        0.000843 |
|                 Metric/cross_state_distance |            1.66 |
|           Metric/self_state_action_distance |         0.00744 |
|          Metric/cross_state_action_distance |            2.08 |
|             Metric/avg_self_state_asymmetry |               0 |
|            Metric/avg_cross_state_asymmetry |          0.0184 |
|                Metric/avg_self_sa_asymmetry |               0 |
|               Metric/avg_cross_sa_asymmetry |          0.0316 |
|  Metric/self_state_action_to_state_distance |         0.00141 |
| Metric/cross_state_action_to_state_distance |            2.07 |
|                   Metric/h_lambda_diff_self |         0.00629 |
|                  Metric/h_lambda_diff_cross |          0.0315 |
|                                 Eval/Return |             167 |
-----------------------------------------------------------------
-----------------------------------------------------------------
|                                 Train/Steps |        4.74e+06 |
|                            Loss/Loss_critic |           0.187 |
|                             Loss/Loss_actor |             -14 |
|                             Loss/Loss_alpha |        -0.00141 |
|               Loss/Loss_state_action_metric |            1.51 |
|                      Loss/Loss_state_metric |           0.781 |
|             Loss/Loss_state_action_to_state |         0.00184 |
|                           Loss/Act_rep_loss |          0.0254 |
|                                   SAC/Alpha |          0.0136 |
|                              SAC/LogPi_mean |            1.88 |
|                                 SAC/Q1_mean |              14 |
|                                 SAC/Q2_mean |              14 |
|                            Norm/actor_model |             159 |
|                           Norm/critic_model |             215 |
|              Norm/state_action_metric_model |             145 |
|                     Norm/state_metric_model |             158 |
|        Norm/state_action_state_metric_model |             150 |
|                  Metric/self_state_distance |         0.00077 |
|                 Metric/cross_state_distance |            1.91 |
|           Metric/self_state_action_distance |         0.00475 |
|          Metric/cross_state_action_distance |            2.46 |
|             Metric/avg_self_state_asymmetry |               0 |
|            Metric/avg_cross_state_asymmetry |          0.0166 |
|                Metric/avg_self_sa_asymmetry |               0 |
|               Metric/avg_cross_sa_asymmetry |          0.0241 |
|  Metric/self_state_action_to_state_distance |         0.00449 |
| Metric/cross_state_action_to_state_distance |            2.48 |
|                   Metric/h_lambda_diff_self |         0.00642 |
|                  Metric/h_lambda_diff_cross |          0.0447 |
|                                 Eval/Return |             187 |
-----------------------------------------------------------------
-----------------------------------------------------------------
|                                 Train/Steps |        4.87e+06 |
|                            Loss/Loss_critic |           0.169 |
|                             Loss/Loss_actor |           -14.6 |
|                             Loss/Loss_alpha |        -0.00158 |
|               Loss/Loss_state_action_metric |             1.3 |
|                      Loss/Loss_state_metric |           0.653 |
|             Loss/Loss_state_action_to_state |         0.00285 |
|                           Loss/Act_rep_loss |          0.0233 |
|                                   SAC/Alpha |          0.0142 |
|                              SAC/LogPi_mean |             2.1 |
|                                 SAC/Q1_mean |            14.6 |
|                                 SAC/Q2_mean |            14.6 |
|                            Norm/actor_model |             161 |
|                           Norm/critic_model |             217 |
|              Norm/state_action_metric_model |             147 |
|                     Norm/state_metric_model |             160 |
|        Norm/state_action_state_metric_model |             152 |
|                  Metric/self_state_distance |         0.00636 |
|                 Metric/cross_state_distance |            1.82 |
|           Metric/self_state_action_distance |         0.00548 |
|          Metric/cross_state_action_distance |            2.32 |
|             Metric/avg_self_state_asymmetry |               0 |
|            Metric/avg_cross_state_asymmetry |          0.0202 |
|                Metric/avg_self_sa_asymmetry |               0 |
|               Metric/avg_cross_sa_asymmetry |          0.0267 |
|  Metric/self_state_action_to_state_distance |         0.00469 |
| Metric/cross_state_action_to_state_distance |            2.31 |
|                   Metric/h_lambda_diff_self |         0.00626 |
|                  Metric/h_lambda_diff_cross |          0.0366 |
|                                 Eval/Return |             171 |
-----------------------------------------------------------------
-----------------------------------------------------------------
|                                 Train/Steps |           5e+06 |
|                            Loss/Loss_critic |           0.154 |
|                             Loss/Loss_actor |           -15.1 |
|                             Loss/Loss_alpha |          0.0031 |
|               Loss/Loss_state_action_metric |            1.48 |
|                      Loss/Loss_state_metric |           0.748 |
|             Loss/Loss_state_action_to_state |         0.00226 |
|                           Loss/Act_rep_loss |          0.0255 |
|                                   SAC/Alpha |          0.0146 |
|                              SAC/LogPi_mean |            1.89 |
|                                 SAC/Q1_mean |            15.1 |
|                                 SAC/Q2_mean |            15.1 |
|                            Norm/actor_model |             163 |
|                           Norm/critic_model |             219 |
|              Norm/state_action_metric_model |             150 |
|                     Norm/state_metric_model |             163 |
|        Norm/state_action_state_metric_model |             155 |
|                  Metric/self_state_distance |         0.00208 |
|                 Metric/cross_state_distance |            1.87 |
|           Metric/self_state_action_distance |          0.0112 |
|          Metric/cross_state_action_distance |            2.46 |
|             Metric/avg_self_state_asymmetry |               0 |
|            Metric/avg_cross_state_asymmetry |          0.0208 |
|                Metric/avg_self_sa_asymmetry |               0 |
|               Metric/avg_cross_sa_asymmetry |           0.027 |
|  Metric/self_state_action_to_state_distance |        0.000693 |
| Metric/cross_state_action_to_state_distance |            2.44 |
|                   Metric/h_lambda_diff_self |          0.0108 |
|                  Metric/h_lambda_diff_cross |          0.0407 |
|                                 Eval/Return |             197 |
-----------------------------------------------------------------
[32mSaving model …[0m
[32mDone.[0m
[32mSaving model …[0m
[32mDone.[0m
