E0924 00:59:36.433429 3290092 cuda_executor.cc:1526] Could not get kernel mode driver version: (INVALID_ARGUMENT: Version does not match the format X.Y.Z)
E0924 00:59:36.441923 3289983 cuda_executor.cc:1526] Could not get kernel mode driver version: (INVALID_ARGUMENT: Version does not match the format X.Y.Z)
[32mStart prefilling replay buffer[0m
[32mStart SAC training[0m
[32m{'log_freq': 1000, 'save_freq': 1000000, 'eval_episode_freq': 10, 'hidden_size': 256, 'lr': 0.001, 'max_grad_norm': 0.0, 'gamma': 0.99, 'update_tau': 0.005, 'train_per_step': 8, 'episode_length': 1000, 'warmup_samples': 8192, 'max_replay_size': 4000000, 'batch_size': 512, 'total_env_steps': 5000000, 'init_temperature': 0.1, 'nstep': 3, 'bootstrap_on_truncation': True, 'rep_lr_scale': 1.5, 'vis_feq': 100000, 'n_vis_frames': 4, 'num_envs': 128, 'grad_steps': 50, 'transfer_freq': 10, 'transfer_steps': 8, 'reward_scaling': 1.0, 'num_eval_envs': 128, 'target_entropy': -2.0}[0m
[32m[nstep] nstep=3 bootstrap_on_truncation=True (discount from the buffer already contains gamma^nstep)[0m
-----------------------------------------------------------------
|                                 Train/Steps |        1.36e+05 |
|                            Loss/Loss_critic |        0.000173 |
|                             Loss/Loss_actor |          -0.696 |
|                             Loss/Loss_alpha |         0.00722 |
|               Loss/Loss_state_action_metric |           0.002 |
|                      Loss/Loss_state_metric |         0.00146 |
|             Loss/Loss_state_action_to_state |         5.4e-06 |
|                           Loss/Act_rep_loss |          0.0694 |
|                                   SAC/Alpha |         0.00155 |
|                              SAC/LogPi_mean |           -2.67 |
|                                 SAC/Q1_mean |           0.694 |
|                                 SAC/Q2_mean |           0.694 |
|                            Norm/actor_model |            19.3 |
|                           Norm/critic_model |            25.2 |
|              Norm/state_action_metric_model |            31.6 |
|                     Norm/state_metric_model |            31.4 |
|        Norm/state_action_state_metric_model |            31.4 |
|                  Metric/self_state_distance |         0.00102 |
|                 Metric/cross_state_distance |           0.922 |
|           Metric/self_state_action_distance |        0.000338 |
|          Metric/cross_state_action_distance |           0.906 |
|             Metric/avg_self_state_asymmetry |               0 |
|            Metric/avg_cross_state_asymmetry |         0.00157 |
|                Metric/avg_self_sa_asymmetry |               0 |
|               Metric/avg_cross_sa_asymmetry |         0.00186 |
|  Metric/self_state_action_to_state_distance |         6.2e-05 |
| Metric/cross_state_action_to_state_distance |           0.906 |
|                   Metric/h_lambda_diff_self |        0.000316 |
|                  Metric/h_lambda_diff_cross |         0.00186 |
|                                 Eval/Return |           0.244 |
-----------------------------------------------------------------
-----------------------------------------------------------------
|                                 Train/Steps |        2.64e+05 |
|                            Loss/Loss_critic |        0.000648 |
|                             Loss/Loss_actor |           -0.24 |
|                             Loss/Loss_alpha |        -0.00018 |
|               Loss/Loss_state_action_metric |         0.00768 |
|                      Loss/Loss_state_metric |         0.00264 |
|             Loss/Loss_state_action_to_state |        3.05e-05 |
|                           Loss/Act_rep_loss |          0.0732 |
|                                   SAC/Alpha |         0.00016 |
|                              SAC/LogPi_mean |             3.1 |
|                                 SAC/Q1_mean |           0.236 |
|                                 SAC/Q2_mean |           0.235 |
|                            Norm/actor_model |            37.5 |
|                           Norm/critic_model |            38.9 |
|              Norm/state_action_metric_model |            33.6 |
|                     Norm/state_metric_model |            33.2 |
|        Norm/state_action_state_metric_model |            34.2 |
|                  Metric/self_state_distance |         0.00109 |
|                 Metric/cross_state_distance |           0.916 |
|           Metric/self_state_action_distance |        0.000403 |
|          Metric/cross_state_action_distance |           0.899 |
|             Metric/avg_self_state_asymmetry |               0 |
|            Metric/avg_cross_state_asymmetry |         0.00137 |
|                Metric/avg_self_sa_asymmetry |               0 |
|               Metric/avg_cross_sa_asymmetry |         0.00318 |
|  Metric/self_state_action_to_state_distance |        9.26e-05 |
| Metric/cross_state_action_to_state_distance |           0.899 |
|                   Metric/h_lambda_diff_self |        0.000355 |
|                  Metric/h_lambda_diff_cross |         0.00345 |
|                                 Eval/Return |            4.48 |
-----------------------------------------------------------------
-----------------------------------------------------------------
|                                 Train/Steps |        3.92e+05 |
|                            Loss/Loss_critic |         0.00282 |
|                             Loss/Loss_actor |          -0.824 |
|                             Loss/Loss_alpha |        0.000302 |
|               Loss/Loss_state_action_metric |         0.00288 |
|                      Loss/Loss_state_metric |         0.00186 |
|             Loss/Loss_state_action_to_state |        1.24e-05 |
|                           Loss/Act_rep_loss |          0.0703 |
|                                   SAC/Alpha |         0.00151 |
|                              SAC/LogPi_mean |            1.68 |
|                                 SAC/Q1_mean |           0.784 |
|                                 SAC/Q2_mean |           0.784 |
|                            Norm/actor_model |            51.6 |
|                           Norm/critic_model |            55.2 |
|              Norm/state_action_metric_model |              36 |
|                     Norm/state_metric_model |            35.5 |
|        Norm/state_action_state_metric_model |            38.3 |
|                  Metric/self_state_distance |         0.00167 |
|                 Metric/cross_state_distance |            0.92 |
|           Metric/self_state_action_distance |         0.00104 |
|          Metric/cross_state_action_distance |           0.904 |
|             Metric/avg_self_state_asymmetry |               0 |
|            Metric/avg_cross_state_asymmetry |         0.00105 |
|                Metric/avg_self_sa_asymmetry |               0 |
|               Metric/avg_cross_sa_asymmetry |         0.00171 |
|  Metric/self_state_action_to_state_distance |         0.00183 |
| Metric/cross_state_action_to_state_distance |           0.904 |
|                   Metric/h_lambda_diff_self |         0.00142 |
|                  Metric/h_lambda_diff_cross |         0.00233 |
|                                 Eval/Return |            29.1 |
-----------------------------------------------------------------
-----------------------------------------------------------------
|                                 Train/Steps |         5.2e+05 |
|                            Loss/Loss_critic |         0.00483 |
|                             Loss/Loss_actor |           -1.61 |
|                             Loss/Loss_alpha |        0.000354 |
|               Loss/Loss_state_action_metric |         0.00303 |
|                      Loss/Loss_state_metric |         0.00255 |
|             Loss/Loss_state_action_to_state |        9.78e-06 |
|                           Loss/Act_rep_loss |          0.0613 |
|                                   SAC/Alpha |         0.00175 |
|                              SAC/LogPi_mean |            1.76 |
|                                 SAC/Q1_mean |            1.59 |
|                                 SAC/Q2_mean |            1.59 |
|                            Norm/actor_model |            59.6 |
|                           Norm/critic_model |            66.2 |
|              Norm/state_action_metric_model |            39.2 |
|                     Norm/state_metric_model |            38.8 |
|        Norm/state_action_state_metric_model |              42 |
|                  Metric/self_state_distance |         0.00174 |
|                 Metric/cross_state_distance |           0.926 |
|           Metric/self_state_action_distance |          0.0013 |
|          Metric/cross_state_action_distance |           0.906 |
|             Metric/avg_self_state_asymmetry |               0 |
|            Metric/avg_cross_state_asymmetry |         0.00206 |
|                Metric/avg_self_sa_asymmetry |               0 |
|               Metric/avg_cross_sa_asymmetry |         0.00163 |
|  Metric/self_state_action_to_state_distance |        0.000349 |
| Metric/cross_state_action_to_state_distance |           0.907 |
|                   Metric/h_lambda_diff_self |         0.00115 |
|                  Metric/h_lambda_diff_cross |         0.00279 |
|                                 Eval/Return |            42.6 |
-----------------------------------------------------------------
-----------------------------------------------------------------
|                                 Train/Steps |        6.48e+05 |
|                            Loss/Loss_critic |           0.006 |
|                             Loss/Loss_actor |           -2.28 |
|                             Loss/Loss_alpha |        0.000635 |
|               Loss/Loss_state_action_metric |          0.0018 |
|                      Loss/Loss_state_metric |         0.00129 |
|             Loss/Loss_state_action_to_state |        2.85e-05 |
|                           Loss/Act_rep_loss |          0.0637 |
|                                   SAC/Alpha |         0.00215 |
|                              SAC/LogPi_mean |            1.64 |
|                                 SAC/Q1_mean |            2.25 |
|                                 SAC/Q2_mean |            2.25 |
|                            Norm/actor_model |            66.3 |
|                           Norm/critic_model |            75.3 |
|              Norm/state_action_metric_model |            42.1 |
|                     Norm/state_metric_model |            42.4 |
|        Norm/state_action_state_metric_model |            45.4 |
|                  Metric/self_state_distance |          0.0017 |
|                 Metric/cross_state_distance |           0.929 |
|           Metric/self_state_action_distance |         0.00228 |
|          Metric/cross_state_action_distance |           0.914 |
|             Metric/avg_self_state_asymmetry |               0 |
|            Metric/avg_cross_state_asymmetry |         0.00195 |
|                Metric/avg_self_sa_asymmetry |               0 |
|               Metric/avg_cross_sa_asymmetry |         0.00207 |
|  Metric/self_state_action_to_state_distance |        0.000264 |
| Metric/cross_state_action_to_state_distance |           0.915 |
|                   Metric/h_lambda_diff_self |         0.00213 |
|                  Metric/h_lambda_diff_cross |         0.00315 |
|                                 Eval/Return |            49.4 |
-----------------------------------------------------------------
-----------------------------------------------------------------
|                                 Train/Steps |        7.76e+05 |
|                            Loss/Loss_critic |         0.00825 |
|                             Loss/Loss_actor |           -3.19 |
|                             Loss/Loss_alpha |        0.000294 |
|               Loss/Loss_state_action_metric |         0.00212 |
|                      Loss/Loss_state_metric |         0.00152 |
|             Loss/Loss_state_action_to_state |        3.28e-05 |
|                           Loss/Act_rep_loss |          0.0587 |
|                                   SAC/Alpha |         0.00274 |
|                              SAC/LogPi_mean |            1.92 |
|                                 SAC/Q1_mean |            3.16 |
|                                 SAC/Q2_mean |            3.15 |
|                            Norm/actor_model |            72.1 |
|                           Norm/critic_model |            83.2 |
|              Norm/state_action_metric_model |              45 |
|                     Norm/state_metric_model |              46 |
|        Norm/state_action_state_metric_model |            48.7 |
|                  Metric/self_state_distance |        0.000802 |
|                 Metric/cross_state_distance |           0.938 |
|           Metric/self_state_action_distance |           0.002 |
|          Metric/cross_state_action_distance |           0.919 |
|             Metric/avg_self_state_asymmetry |               0 |
|            Metric/avg_cross_state_asymmetry |         0.00333 |
|                Metric/avg_self_sa_asymmetry |               0 |
|               Metric/avg_cross_sa_asymmetry |         0.00205 |
|  Metric/self_state_action_to_state_distance |         0.00106 |
| Metric/cross_state_action_to_state_distance |           0.919 |
|                   Metric/h_lambda_diff_self |         0.00254 |
|                  Metric/h_lambda_diff_cross |         0.00302 |
|                                 Eval/Return |            57.6 |
-----------------------------------------------------------------
-----------------------------------------------------------------
|                                 Train/Steps |        9.04e+05 |
|                            Loss/Loss_critic |           0.015 |
|                             Loss/Loss_actor |           -3.88 |
|                             Loss/Loss_alpha |        0.000567 |
|               Loss/Loss_state_action_metric |         0.00453 |
|                      Loss/Loss_state_metric |         0.00157 |
|             Loss/Loss_state_action_to_state |        1.57e-05 |
|                           Loss/Act_rep_loss |          0.0591 |
|                                   SAC/Alpha |         0.00316 |
|                              SAC/LogPi_mean |            1.84 |
|                                 SAC/Q1_mean |            3.86 |
|                                 SAC/Q2_mean |            3.86 |
|                            Norm/actor_model |            77.3 |
|                           Norm/critic_model |            89.8 |
|              Norm/state_action_metric_model |            47.2 |
|                     Norm/state_metric_model |              49 |
|        Norm/state_action_state_metric_model |            51.3 |
|                  Metric/self_state_distance |        0.000316 |
|                 Metric/cross_state_distance |           0.933 |
|           Metric/self_state_action_distance |         0.00102 |
|          Metric/cross_state_action_distance |           0.917 |
|             Metric/avg_self_state_asymmetry |               0 |
|            Metric/avg_cross_state_asymmetry |         0.00214 |
|                Metric/avg_self_sa_asymmetry |               0 |
|               Metric/avg_cross_sa_asymmetry |         0.00203 |
|  Metric/self_state_action_to_state_distance |        0.000636 |
| Metric/cross_state_action_to_state_distance |           0.918 |
|                   Metric/h_lambda_diff_self |         0.00115 |
|                  Metric/h_lambda_diff_cross |         0.00264 |
|                                 Eval/Return |            68.7 |
-----------------------------------------------------------------
-----------------------------------------------------------------
|                                 Train/Steps |        1.03e+06 |
|                            Loss/Loss_critic |          0.0104 |
|                             Loss/Loss_actor |            -4.6 |
|                             Loss/Loss_alpha |       -0.000565 |
|               Loss/Loss_state_action_metric |         0.00172 |
|                      Loss/Loss_state_metric |         0.00112 |
|             Loss/Loss_state_action_to_state |        2.77e-05 |
|                           Loss/Act_rep_loss |          0.0574 |
|                                   SAC/Alpha |         0.00338 |
|                              SAC/LogPi_mean |            2.09 |
|                                 SAC/Q1_mean |            4.57 |
|                                 SAC/Q2_mean |            4.57 |
|                            Norm/actor_model |              82 |
|                           Norm/critic_model |            95.5 |
|              Norm/state_action_metric_model |            49.5 |
|                     Norm/state_metric_model |            52.7 |
|        Norm/state_action_state_metric_model |            54.1 |
|                  Metric/self_state_distance |        0.000686 |
|                 Metric/cross_state_distance |           0.937 |
|           Metric/self_state_action_distance |        0.000948 |
|          Metric/cross_state_action_distance |           0.923 |
|             Metric/avg_self_state_asymmetry |               0 |
|            Metric/avg_cross_state_asymmetry |         0.00175 |
|                Metric/avg_self_sa_asymmetry |               0 |
|               Metric/avg_cross_sa_asymmetry |         0.00205 |
|  Metric/self_state_action_to_state_distance |        0.000306 |
| Metric/cross_state_action_to_state_distance |           0.923 |
|                   Metric/h_lambda_diff_self |         0.00093 |
|                  Metric/h_lambda_diff_cross |         0.00272 |
|                                 Eval/Return |              73 |
-----------------------------------------------------------------
[32mSaving model …[0m
[32mDone.[0m
[32mSaving model …[0m
[32mDone.[0m
-----------------------------------------------------------------
|                                 Train/Steps |        1.16e+06 |
|                            Loss/Loss_critic |         0.00866 |
|                             Loss/Loss_actor |           -5.27 |
|                             Loss/Loss_alpha |       -0.000762 |
|               Loss/Loss_state_action_metric |         0.00441 |
|                      Loss/Loss_state_metric |         0.00142 |
|             Loss/Loss_state_action_to_state |        6.95e-05 |
|                           Loss/Act_rep_loss |          0.0542 |
|                                   SAC/Alpha |         0.00357 |
|                              SAC/LogPi_mean |            2.33 |
|                                 SAC/Q1_mean |            5.24 |
|                                 SAC/Q2_mean |            5.24 |
|                            Norm/actor_model |            86.3 |
|                           Norm/critic_model |             101 |
|              Norm/state_action_metric_model |            51.5 |
|                     Norm/state_metric_model |            55.6 |
|        Norm/state_action_state_metric_model |            56.5 |
|                  Metric/self_state_distance |         0.00016 |
|                 Metric/cross_state_distance |           0.938 |
|           Metric/self_state_action_distance |        0.000408 |
|          Metric/cross_state_action_distance |           0.926 |
|             Metric/avg_self_state_asymmetry |               0 |
|            Metric/avg_cross_state_asymmetry |         0.00192 |
|                Metric/avg_self_sa_asymmetry |               0 |
|               Metric/avg_cross_sa_asymmetry |         0.00421 |
|  Metric/self_state_action_to_state_distance |        0.000424 |
| Metric/cross_state_action_to_state_distance |           0.925 |
|                   Metric/h_lambda_diff_self |        0.000634 |
|                  Metric/h_lambda_diff_cross |         0.00338 |
|                                 Eval/Return |            68.9 |
-----------------------------------------------------------------
-----------------------------------------------------------------
|                                 Train/Steps |        1.29e+06 |
|                            Loss/Loss_critic |          0.0164 |
|                             Loss/Loss_actor |           -5.04 |
|                             Loss/Loss_alpha |         0.00105 |
|               Loss/Loss_state_action_metric |          0.0015 |
|                      Loss/Loss_state_metric |         0.00108 |
|             Loss/Loss_state_action_to_state |        1.33e-05 |
|                           Loss/Act_rep_loss |          0.0549 |
|                                   SAC/Alpha |         0.00365 |
|                              SAC/LogPi_mean |            1.62 |
|                                 SAC/Q1_mean |            5.01 |
|                                 SAC/Q2_mean |            5.01 |
|                            Norm/actor_model |            90.3 |
|                           Norm/critic_model |             106 |
|              Norm/state_action_metric_model |            53.6 |
|                     Norm/state_metric_model |            58.7 |
|        Norm/state_action_state_metric_model |            58.5 |
|                  Metric/self_state_distance |        5.39e-05 |
|                 Metric/cross_state_distance |           0.939 |
|           Metric/self_state_action_distance |          0.0012 |
|          Metric/cross_state_action_distance |           0.925 |
|             Metric/avg_self_state_asymmetry |               0 |
|            Metric/avg_cross_state_asymmetry |         0.00225 |
|                Metric/avg_self_sa_asymmetry |               0 |
|               Metric/avg_cross_sa_asymmetry |         0.00217 |
|  Metric/self_state_action_to_state_distance |        0.000784 |
| Metric/cross_state_action_to_state_distance |           0.926 |
|                   Metric/h_lambda_diff_self |         0.00122 |
|                  Metric/h_lambda_diff_cross |         0.00285 |
|                                 Eval/Return |            81.7 |
-----------------------------------------------------------------
-----------------------------------------------------------------
|                                 Train/Steps |        1.42e+06 |
|                            Loss/Loss_critic |          0.0128 |
|                             Loss/Loss_actor |           -5.69 |
|                             Loss/Loss_alpha |       -0.000389 |
|               Loss/Loss_state_action_metric |         0.00141 |
|                      Loss/Loss_state_metric |        0.000996 |
|             Loss/Loss_state_action_to_state |        1.06e-05 |
|                           Loss/Act_rep_loss |          0.0534 |
|                                   SAC/Alpha |         0.00369 |
|                              SAC/LogPi_mean |            2.19 |
|                                 SAC/Q1_mean |            5.67 |
|                                 SAC/Q2_mean |            5.67 |
|                            Norm/actor_model |              94 |
|                           Norm/critic_model |             110 |
|              Norm/state_action_metric_model |              56 |
|                     Norm/state_metric_model |              62 |
|        Norm/state_action_state_metric_model |            60.4 |
|                  Metric/self_state_distance |        0.000384 |
|                 Metric/cross_state_distance |           0.942 |
|           Metric/self_state_action_distance |        0.000374 |
|          Metric/cross_state_action_distance |            0.93 |
|             Metric/avg_self_state_asymmetry |               0 |
|            Metric/avg_cross_state_asymmetry |         0.00192 |
|                Metric/avg_self_sa_asymmetry |               0 |
|               Metric/avg_cross_sa_asymmetry |         0.00223 |
|  Metric/self_state_action_to_state_distance |        3.96e-05 |
| Metric/cross_state_action_to_state_distance |           0.929 |
|                   Metric/h_lambda_diff_self |        0.000361 |
|                  Metric/h_lambda_diff_cross |         0.00272 |
|                                 Eval/Return |            66.5 |
-----------------------------------------------------------------
-----------------------------------------------------------------
|                                 Train/Steps |        1.54e+06 |
|                            Loss/Loss_critic |         0.00888 |
|                             Loss/Loss_actor |            -5.9 |
|                             Loss/Loss_alpha |       -0.000272 |
|               Loss/Loss_state_action_metric |         0.00191 |
|                      Loss/Loss_state_metric |         0.00152 |
|             Loss/Loss_state_action_to_state |        0.000118 |
|                           Loss/Act_rep_loss |          0.0513 |
|                                   SAC/Alpha |         0.00379 |
|                              SAC/LogPi_mean |            2.01 |
|                                 SAC/Q1_mean |            5.88 |
|                                 SAC/Q2_mean |            5.89 |
|                            Norm/actor_model |            97.4 |
|                           Norm/critic_model |             114 |
|              Norm/state_action_metric_model |            58.5 |
|                     Norm/state_metric_model |            64.9 |
|        Norm/state_action_state_metric_model |            62.4 |
|                  Metric/self_state_distance |         0.00016 |
|                 Metric/cross_state_distance |           0.942 |
|           Metric/self_state_action_distance |        0.000729 |
|          Metric/cross_state_action_distance |           0.928 |
|             Metric/avg_self_state_asymmetry |               0 |
|            Metric/avg_cross_state_asymmetry |          0.0028 |
|                Metric/avg_self_sa_asymmetry |               0 |
|               Metric/avg_cross_sa_asymmetry |         0.00243 |
|  Metric/self_state_action_to_state_distance |        0.000119 |
| Metric/cross_state_action_to_state_distance |           0.926 |
|                   Metric/h_lambda_diff_self |        0.000746 |
|                  Metric/h_lambda_diff_cross |         0.00323 |
|                                 Eval/Return |            67.2 |
-----------------------------------------------------------------
-----------------------------------------------------------------
|                                 Train/Steps |        1.67e+06 |
|                            Loss/Loss_critic |          0.0188 |
|                             Loss/Loss_actor |           -6.15 |
|                             Loss/Loss_alpha |         -0.0011 |
|               Loss/Loss_state_action_metric |          0.0027 |
|                      Loss/Loss_state_metric |         0.00223 |
|             Loss/Loss_state_action_to_state |        0.000146 |
|                           Loss/Act_rep_loss |          0.0525 |
|                                   SAC/Alpha |           0.004 |
|                              SAC/LogPi_mean |            2.21 |
|                                 SAC/Q1_mean |            6.13 |
|                                 SAC/Q2_mean |            6.13 |
|                            Norm/actor_model |             100 |
|                           Norm/critic_model |             118 |
|              Norm/state_action_metric_model |            60.9 |
|                     Norm/state_metric_model |            67.5 |
|        Norm/state_action_state_metric_model |            64.1 |
|                  Metric/self_state_distance |        0.000733 |
|                 Metric/cross_state_distance |           0.938 |
|           Metric/self_state_action_distance |        0.000777 |
|          Metric/cross_state_action_distance |           0.926 |
|             Metric/avg_self_state_asymmetry |               0 |
|            Metric/avg_cross_state_asymmetry |         0.00235 |
|                Metric/avg_self_sa_asymmetry |               0 |
|               Metric/avg_cross_sa_asymmetry |          0.0026 |
|  Metric/self_state_action_to_state_distance |        0.000309 |
| Metric/cross_state_action_to_state_distance |           0.924 |
|                   Metric/h_lambda_diff_self |        0.000947 |
|                  Metric/h_lambda_diff_cross |         0.00388 |
|                                 Eval/Return |            60.1 |
-----------------------------------------------------------------
-----------------------------------------------------------------
|                                 Train/Steps |         1.8e+06 |
|                            Loss/Loss_critic |          0.0132 |
|                             Loss/Loss_actor |           -6.23 |
|                             Loss/Loss_alpha |        -0.00123 |
|               Loss/Loss_state_action_metric |         0.00182 |
|                      Loss/Loss_state_metric |         0.00131 |
|             Loss/Loss_state_action_to_state |        1.33e-05 |
|                           Loss/Act_rep_loss |          0.0498 |
|                                   SAC/Alpha |         0.00394 |
|                              SAC/LogPi_mean |            2.41 |
|                                 SAC/Q1_mean |            6.21 |
|                                 SAC/Q2_mean |            6.21 |
|                            Norm/actor_model |             104 |
|                           Norm/critic_model |             122 |
|              Norm/state_action_metric_model |            62.7 |
|                     Norm/state_metric_model |              69 |
|        Norm/state_action_state_metric_model |            66.3 |
|                  Metric/self_state_distance |        0.000492 |
|                 Metric/cross_state_distance |           0.944 |
|           Metric/self_state_action_distance |         0.00301 |
|          Metric/cross_state_action_distance |           0.933 |
|             Metric/avg_self_state_asymmetry |               0 |
|            Metric/avg_cross_state_asymmetry |         0.00193 |
|                Metric/avg_self_sa_asymmetry |               0 |
|               Metric/avg_cross_sa_asymmetry |         0.00241 |
|  Metric/self_state_action_to_state_distance |        5.53e-05 |
| Metric/cross_state_action_to_state_distance |           0.932 |
|                   Metric/h_lambda_diff_self |         0.00304 |
|                  Metric/h_lambda_diff_cross |         0.00264 |
|                                 Eval/Return |            72.5 |
-----------------------------------------------------------------
-----------------------------------------------------------------
|                                 Train/Steps |        1.93e+06 |
|                            Loss/Loss_critic |          0.0118 |
|                             Loss/Loss_actor |           -6.37 |
|                             Loss/Loss_alpha |       -0.000637 |
|               Loss/Loss_state_action_metric |         0.00177 |
|                      Loss/Loss_state_metric |         0.00135 |
|             Loss/Loss_state_action_to_state |         7.6e-05 |
|                           Loss/Act_rep_loss |          0.0509 |
|                                   SAC/Alpha |         0.00397 |
|                              SAC/LogPi_mean |            2.26 |
|                                 SAC/Q1_mean |            6.35 |
|                                 SAC/Q2_mean |            6.34 |
|                            Norm/actor_model |             107 |
|                           Norm/critic_model |             125 |
|              Norm/state_action_metric_model |            65.2 |
|                     Norm/state_metric_model |            71.5 |
|        Norm/state_action_state_metric_model |            68.1 |
|                  Metric/self_state_distance |        0.000423 |
|                 Metric/cross_state_distance |           0.943 |
|           Metric/self_state_action_distance |        0.000538 |
|          Metric/cross_state_action_distance |           0.932 |
|             Metric/avg_self_state_asymmetry |               0 |
|            Metric/avg_cross_state_asymmetry |         0.00179 |
|                Metric/avg_self_sa_asymmetry |               0 |
|               Metric/avg_cross_sa_asymmetry |         0.00232 |
|  Metric/self_state_action_to_state_distance |         0.00168 |
| Metric/cross_state_action_to_state_distance |           0.932 |
|                   Metric/h_lambda_diff_self |         0.00215 |
|                  Metric/h_lambda_diff_cross |          0.0029 |
|                                 Eval/Return |            58.8 |
-----------------------------------------------------------------
-----------------------------------------------------------------
|                                 Train/Steps |        2.06e+06 |
|                            Loss/Loss_critic |          0.0119 |
|                             Loss/Loss_actor |           -6.44 |
|                             Loss/Loss_alpha |        0.000472 |
|               Loss/Loss_state_action_metric |         0.00142 |
|                      Loss/Loss_state_metric |        0.000952 |
|             Loss/Loss_state_action_to_state |        1.18e-05 |
|                           Loss/Act_rep_loss |          0.0499 |
|                                   SAC/Alpha |         0.00414 |
|                              SAC/LogPi_mean |            1.92 |
|                                 SAC/Q1_mean |            6.42 |
|                                 SAC/Q2_mean |            6.43 |
|                            Norm/actor_model |             110 |
|                           Norm/critic_model |             129 |
|              Norm/state_action_metric_model |              67 |
|                     Norm/state_metric_model |            73.9 |
|        Norm/state_action_state_metric_model |            69.7 |
|                  Metric/self_state_distance |         0.00172 |
|                 Metric/cross_state_distance |           0.947 |
|           Metric/self_state_action_distance |        0.000553 |
|          Metric/cross_state_action_distance |           0.936 |
|             Metric/avg_self_state_asymmetry |               0 |
|            Metric/avg_cross_state_asymmetry |         0.00243 |
|                Metric/avg_self_sa_asymmetry |               0 |
|               Metric/avg_cross_sa_asymmetry |          0.0029 |
|  Metric/self_state_action_to_state_distance |        8.76e-05 |
| Metric/cross_state_action_to_state_distance |           0.934 |
|                   Metric/h_lambda_diff_self |         0.00054 |
|                  Metric/h_lambda_diff_cross |         0.00346 |
|                                 Eval/Return |            69.2 |
-----------------------------------------------------------------
[32mSaving model …[0m
[32mDone.[0m
[32mSaving model …[0m
[32mDone.[0m
-----------------------------------------------------------------
|                                 Train/Steps |        2.18e+06 |
|                            Loss/Loss_critic |          0.0136 |
|                             Loss/Loss_actor |           -6.54 |
|                             Loss/Loss_alpha |         0.00045 |
|               Loss/Loss_state_action_metric |         0.00136 |
|                      Loss/Loss_state_metric |         0.00125 |
|             Loss/Loss_state_action_to_state |        2.29e-05 |
|                           Loss/Act_rep_loss |          0.0506 |
|                                   SAC/Alpha |         0.00397 |
|                              SAC/LogPi_mean |            2.02 |
|                                 SAC/Q1_mean |            6.52 |
|                                 SAC/Q2_mean |            6.52 |
|                            Norm/actor_model |             113 |
|                           Norm/critic_model |             132 |
|              Norm/state_action_metric_model |            68.7 |
|                     Norm/state_metric_model |            75.5 |
|        Norm/state_action_state_metric_model |            71.4 |
|                  Metric/self_state_distance |        6.98e-05 |
|                 Metric/cross_state_distance |           0.946 |
|           Metric/self_state_action_distance |        0.000497 |
|          Metric/cross_state_action_distance |           0.934 |
|             Metric/avg_self_state_asymmetry |               0 |
|            Metric/avg_cross_state_asymmetry |         0.00258 |
|                Metric/avg_self_sa_asymmetry |               0 |
|               Metric/avg_cross_sa_asymmetry |         0.00217 |
|  Metric/self_state_action_to_state_distance |        0.000248 |
| Metric/cross_state_action_to_state_distance |           0.933 |
|                   Metric/h_lambda_diff_self |        0.000674 |
|                  Metric/h_lambda_diff_cross |         0.00243 |
|                                 Eval/Return |            67.2 |
-----------------------------------------------------------------
-----------------------------------------------------------------
|                                 Train/Steps |        2.31e+06 |
|                            Loss/Loss_critic |            0.06 |
|                             Loss/Loss_actor |           -6.45 |
|                             Loss/Loss_alpha |        0.000508 |
|               Loss/Loss_state_action_metric |         0.00174 |
|                      Loss/Loss_state_metric |         0.00133 |
|             Loss/Loss_state_action_to_state |        1.52e-05 |
|                           Loss/Act_rep_loss |          0.0498 |
|                                   SAC/Alpha |         0.00416 |
|                              SAC/LogPi_mean |            1.89 |
|                                 SAC/Q1_mean |            6.45 |
|                                 SAC/Q2_mean |            6.46 |
|                            Norm/actor_model |             115 |
|                           Norm/critic_model |             135 |
|              Norm/state_action_metric_model |            70.3 |
|                     Norm/state_metric_model |            77.1 |
|        Norm/state_action_state_metric_model |            73.1 |
|                  Metric/self_state_distance |        0.000184 |
|                 Metric/cross_state_distance |           0.945 |
|           Metric/self_state_action_distance |        0.000484 |
|          Metric/cross_state_action_distance |           0.933 |
|             Metric/avg_self_state_asymmetry |               0 |
|            Metric/avg_cross_state_asymmetry |         0.00191 |
|                Metric/avg_self_sa_asymmetry |               0 |
|               Metric/avg_cross_sa_asymmetry |         0.00212 |
|  Metric/self_state_action_to_state_distance |         0.00127 |
| Metric/cross_state_action_to_state_distance |           0.933 |
|                   Metric/h_lambda_diff_self |         0.00156 |
|                  Metric/h_lambda_diff_cross |         0.00228 |
|                                 Eval/Return |              77 |
-----------------------------------------------------------------
-----------------------------------------------------------------
|                                 Train/Steps |        2.44e+06 |
|                            Loss/Loss_critic |          0.0101 |
|                             Loss/Loss_actor |           -7.25 |
|                             Loss/Loss_alpha |        -0.00268 |
|               Loss/Loss_state_action_metric |         0.00164 |
|                      Loss/Loss_state_metric |         0.00163 |
|             Loss/Loss_state_action_to_state |        0.000636 |
|                           Loss/Act_rep_loss |          0.0473 |
|                                   SAC/Alpha |           0.004 |
|                              SAC/LogPi_mean |            2.55 |
|                                 SAC/Q1_mean |            7.25 |
|                                 SAC/Q2_mean |            7.24 |
|                            Norm/actor_model |             118 |
|                           Norm/critic_model |             138 |
|              Norm/state_action_metric_model |            71.8 |
|                     Norm/state_metric_model |            79.5 |
|        Norm/state_action_state_metric_model |            74.6 |
|                  Metric/self_state_distance |           6e-05 |
|                 Metric/cross_state_distance |           0.946 |
|           Metric/self_state_action_distance |        0.000623 |
|          Metric/cross_state_action_distance |           0.936 |
|             Metric/avg_self_state_asymmetry |               0 |
|            Metric/avg_cross_state_asymmetry |         0.00166 |
|                Metric/avg_self_sa_asymmetry |               0 |
|               Metric/avg_cross_sa_asymmetry |         0.00219 |
|  Metric/self_state_action_to_state_distance |           0.002 |
| Metric/cross_state_action_to_state_distance |           0.936 |
|                   Metric/h_lambda_diff_self |         0.00244 |
|                  Metric/h_lambda_diff_cross |         0.00212 |
|                                 Eval/Return |            78.1 |
-----------------------------------------------------------------
-----------------------------------------------------------------
|                                 Train/Steps |        2.57e+06 |
|                            Loss/Loss_critic |         0.00684 |
|                             Loss/Loss_actor |           -6.77 |
|                             Loss/Loss_alpha |       -0.000962 |
|               Loss/Loss_state_action_metric |         0.00212 |
|                      Loss/Loss_state_metric |         0.00164 |
|             Loss/Loss_state_action_to_state |        5.51e-05 |
|                           Loss/Act_rep_loss |          0.0461 |
|                                   SAC/Alpha |         0.00418 |
|                              SAC/LogPi_mean |            2.11 |
|                                 SAC/Q1_mean |            6.76 |
|                                 SAC/Q2_mean |            6.76 |
|                            Norm/actor_model |             120 |
|                           Norm/critic_model |             141 |
|              Norm/state_action_metric_model |            73.2 |
|                     Norm/state_metric_model |            81.3 |
|        Norm/state_action_state_metric_model |            76.6 |
|                  Metric/self_state_distance |        6.45e-05 |
|                 Metric/cross_state_distance |           0.946 |
|           Metric/self_state_action_distance |        0.000399 |
|          Metric/cross_state_action_distance |           0.935 |
|             Metric/avg_self_state_asymmetry |               0 |
|            Metric/avg_cross_state_asymmetry |         0.00174 |
|                Metric/avg_self_sa_asymmetry |               0 |
|               Metric/avg_cross_sa_asymmetry |         0.00225 |
|  Metric/self_state_action_to_state_distance |        4.43e-05 |
| Metric/cross_state_action_to_state_distance |           0.935 |
|                   Metric/h_lambda_diff_self |        0.000421 |
|                  Metric/h_lambda_diff_cross |         0.00244 |
|                                 Eval/Return |            94.2 |
-----------------------------------------------------------------
-----------------------------------------------------------------
|                                 Train/Steps |         2.7e+06 |
|                            Loss/Loss_critic |           0.013 |
|                             Loss/Loss_actor |           -6.48 |
|                             Loss/Loss_alpha |         0.00126 |
|               Loss/Loss_state_action_metric |         0.00288 |
|                      Loss/Loss_state_metric |          0.0025 |
|             Loss/Loss_state_action_to_state |        9.33e-06 |
|                           Loss/Act_rep_loss |          0.0472 |
|                                   SAC/Alpha |         0.00436 |
|                              SAC/LogPi_mean |            1.71 |
|                                 SAC/Q1_mean |            6.47 |
|                                 SAC/Q2_mean |            6.46 |
|                            Norm/actor_model |             123 |
|                           Norm/critic_model |             144 |
|              Norm/state_action_metric_model |            74.6 |
|                     Norm/state_metric_model |            83.2 |
|        Norm/state_action_state_metric_model |            78.3 |
|                  Metric/self_state_distance |        5.96e-05 |
|                 Metric/cross_state_distance |           0.941 |
|           Metric/self_state_action_distance |        0.000232 |
|          Metric/cross_state_action_distance |           0.925 |
|             Metric/avg_self_state_asymmetry |               0 |
|            Metric/avg_cross_state_asymmetry |         0.00162 |
|                Metric/avg_self_sa_asymmetry |               0 |
|               Metric/avg_cross_sa_asymmetry |         0.00217 |
|  Metric/self_state_action_to_state_distance |        4.13e-05 |
| Metric/cross_state_action_to_state_distance |           0.926 |
|                   Metric/h_lambda_diff_self |        0.000267 |
|                  Metric/h_lambda_diff_cross |         0.00228 |
|                                 Eval/Return |            81.9 |
-----------------------------------------------------------------
-----------------------------------------------------------------
|                                 Train/Steps |        2.82e+06 |
|                            Loss/Loss_critic |          0.0118 |
|                             Loss/Loss_actor |           -6.65 |
|                             Loss/Loss_alpha |        0.000796 |
|               Loss/Loss_state_action_metric |         0.00246 |
|                      Loss/Loss_state_metric |        0.000909 |
|             Loss/Loss_state_action_to_state |        4.12e-05 |
|                           Loss/Act_rep_loss |          0.0487 |
|                                   SAC/Alpha |          0.0044 |
|                              SAC/LogPi_mean |            1.78 |
|                                 SAC/Q1_mean |            6.66 |
|                                 SAC/Q2_mean |            6.64 |
|                            Norm/actor_model |             125 |
|                           Norm/critic_model |             146 |
|              Norm/state_action_metric_model |            75.7 |
|                     Norm/state_metric_model |            85.5 |
|        Norm/state_action_state_metric_model |            80.1 |
|                  Metric/self_state_distance |         0.00012 |
|                 Metric/cross_state_distance |           0.947 |
|           Metric/self_state_action_distance |         0.00289 |
|          Metric/cross_state_action_distance |           0.936 |
|             Metric/avg_self_state_asymmetry |               0 |
|            Metric/avg_cross_state_asymmetry |         0.00152 |
|                Metric/avg_self_sa_asymmetry |               0 |
|               Metric/avg_cross_sa_asymmetry |         0.00225 |
|  Metric/self_state_action_to_state_distance |        1.24e-05 |
| Metric/cross_state_action_to_state_distance |           0.936 |
|                   Metric/h_lambda_diff_self |         0.00289 |
|                  Metric/h_lambda_diff_cross |         0.00204 |
|                                 Eval/Return |            77.9 |
-----------------------------------------------------------------
-----------------------------------------------------------------
|                                 Train/Steps |        2.95e+06 |
|                            Loss/Loss_critic |          0.0161 |
|                             Loss/Loss_actor |           -7.04 |
|                             Loss/Loss_alpha |       -0.000939 |
|               Loss/Loss_state_action_metric |         0.00139 |
|                      Loss/Loss_state_metric |        0.000996 |
|             Loss/Loss_state_action_to_state |        7.56e-05 |
|                           Loss/Act_rep_loss |          0.0473 |
|                                   SAC/Alpha |         0.00427 |
|                              SAC/LogPi_mean |             2.3 |
|                                 SAC/Q1_mean |            7.04 |
|                                 SAC/Q2_mean |            7.04 |
|                            Norm/actor_model |             128 |
|                           Norm/critic_model |             149 |
|              Norm/state_action_metric_model |            77.3 |
|                     Norm/state_metric_model |            86.9 |
|        Norm/state_action_state_metric_model |            81.8 |
|                  Metric/self_state_distance |        0.000115 |
|                 Metric/cross_state_distance |           0.949 |
|           Metric/self_state_action_distance |          0.0017 |
|          Metric/cross_state_action_distance |           0.937 |
|             Metric/avg_self_state_asymmetry |               0 |
|            Metric/avg_cross_state_asymmetry |         0.00211 |
|                Metric/avg_self_sa_asymmetry |               0 |
|               Metric/avg_cross_sa_asymmetry |          0.0022 |
|  Metric/self_state_action_to_state_distance |        0.000279 |
| Metric/cross_state_action_to_state_distance |           0.937 |
|                   Metric/h_lambda_diff_self |         0.00156 |
|                  Metric/h_lambda_diff_cross |          0.0032 |
|                                 Eval/Return |            78.9 |
-----------------------------------------------------------------
-----------------------------------------------------------------
|                                 Train/Steps |        3.08e+06 |
|                            Loss/Loss_critic |         0.00758 |
|                             Loss/Loss_actor |           -7.27 |
|                             Loss/Loss_alpha |        -8.1e-05 |
|               Loss/Loss_state_action_metric |         0.00205 |
|                      Loss/Loss_state_metric |         0.00168 |
|             Loss/Loss_state_action_to_state |        1.07e-05 |
|                           Loss/Act_rep_loss |           0.048 |
|                                   SAC/Alpha |         0.00414 |
|                              SAC/LogPi_mean |            1.95 |
|                                 SAC/Q1_mean |            7.27 |
|                                 SAC/Q2_mean |            7.27 |
|                            Norm/actor_model |             130 |
|                           Norm/critic_model |             152 |
|              Norm/state_action_metric_model |            78.6 |
|                     Norm/state_metric_model |            88.6 |
|        Norm/state_action_state_metric_model |              84 |
|                  Metric/self_state_distance |        0.000113 |
|                 Metric/cross_state_distance |           0.944 |
|           Metric/self_state_action_distance |        0.000524 |
|          Metric/cross_state_action_distance |           0.932 |
|             Metric/avg_self_state_asymmetry |               0 |
|            Metric/avg_cross_state_asymmetry |         0.00164 |
|                Metric/avg_self_sa_asymmetry |               0 |
|               Metric/avg_cross_sa_asymmetry |         0.00192 |
|  Metric/self_state_action_to_state_distance |        6.21e-05 |
| Metric/cross_state_action_to_state_distance |           0.932 |
|                   Metric/h_lambda_diff_self |         0.00051 |
|                  Metric/h_lambda_diff_cross |         0.00222 |
|                                 Eval/Return |              83 |
-----------------------------------------------------------------
[32mSaving model …[0m
[32mDone.[0m
[32mSaving model …[0m
[32mDone.[0m
-----------------------------------------------------------------
|                                 Train/Steps |        3.21e+06 |
|                            Loss/Loss_critic |         0.00554 |
|                             Loss/Loss_actor |           -7.17 |
|                             Loss/Loss_alpha |        2.36e-05 |
|               Loss/Loss_state_action_metric |         0.00199 |
|                      Loss/Loss_state_metric |         0.00167 |
|             Loss/Loss_state_action_to_state |        1.59e-05 |
|                           Loss/Act_rep_loss |          0.0459 |
|                                   SAC/Alpha |         0.00425 |
|                              SAC/LogPi_mean |            2.08 |
|                                 SAC/Q1_mean |            7.15 |
|                                 SAC/Q2_mean |            7.17 |
|                            Norm/actor_model |             132 |
|                           Norm/critic_model |             154 |
|              Norm/state_action_metric_model |            80.1 |
|                     Norm/state_metric_model |            91.2 |
|        Norm/state_action_state_metric_model |            86.1 |
|                  Metric/self_state_distance |        0.000516 |
|                 Metric/cross_state_distance |           0.948 |
|           Metric/self_state_action_distance |         0.00301 |
|          Metric/cross_state_action_distance |           0.936 |
|             Metric/avg_self_state_asymmetry |               0 |
|            Metric/avg_cross_state_asymmetry |         0.00213 |
|                Metric/avg_self_sa_asymmetry |               0 |
|               Metric/avg_cross_sa_asymmetry |         0.00257 |
|  Metric/self_state_action_to_state_distance |        0.000814 |
| Metric/cross_state_action_to_state_distance |           0.937 |
|                   Metric/h_lambda_diff_self |         0.00365 |
|                  Metric/h_lambda_diff_cross |          0.0028 |
|                                 Eval/Return |            72.3 |
-----------------------------------------------------------------
-----------------------------------------------------------------
|                                 Train/Steps |        3.34e+06 |
|                            Loss/Loss_critic |          0.0174 |
|                             Loss/Loss_actor |           -7.37 |
|                             Loss/Loss_alpha |       -0.000812 |
|               Loss/Loss_state_action_metric |         0.00263 |
|                      Loss/Loss_state_metric |        0.000927 |
|             Loss/Loss_state_action_to_state |        3.13e-05 |
|                           Loss/Act_rep_loss |          0.0474 |
|                                   SAC/Alpha |         0.00409 |
|                              SAC/LogPi_mean |            2.29 |
|                                 SAC/Q1_mean |            7.36 |
|                                 SAC/Q2_mean |            7.36 |
|                            Norm/actor_model |             135 |
|                           Norm/critic_model |             157 |
|              Norm/state_action_metric_model |            81.4 |
|                     Norm/state_metric_model |            93.4 |
|        Norm/state_action_state_metric_model |            87.7 |
|                  Metric/self_state_distance |        0.000488 |
|                 Metric/cross_state_distance |           0.948 |
|           Metric/self_state_action_distance |        0.000676 |
|          Metric/cross_state_action_distance |           0.938 |
|             Metric/avg_self_state_asymmetry |               0 |
|            Metric/avg_cross_state_asymmetry |         0.00167 |
|                Metric/avg_self_sa_asymmetry |               0 |
|               Metric/avg_cross_sa_asymmetry |         0.00215 |
|  Metric/self_state_action_to_state_distance |        1.55e-05 |
| Metric/cross_state_action_to_state_distance |           0.938 |
|                   Metric/h_lambda_diff_self |        0.000683 |
|                  Metric/h_lambda_diff_cross |         0.00261 |
|                                 Eval/Return |            93.7 |
-----------------------------------------------------------------
-----------------------------------------------------------------
|                                 Train/Steps |        3.46e+06 |
|                            Loss/Loss_critic |          0.0094 |
|                             Loss/Loss_actor |           -7.58 |
|                             Loss/Loss_alpha |         -0.0018 |
|               Loss/Loss_state_action_metric |         0.00257 |
|                      Loss/Loss_state_metric |         0.00127 |
|             Loss/Loss_state_action_to_state |        8.32e-06 |
|                           Loss/Act_rep_loss |           0.047 |
|                                   SAC/Alpha |         0.00415 |
|                              SAC/LogPi_mean |            2.54 |
|                                 SAC/Q1_mean |            7.57 |
|                                 SAC/Q2_mean |            7.57 |
|                            Norm/actor_model |             137 |
|                           Norm/critic_model |             159 |
|              Norm/state_action_metric_model |            82.7 |
|                     Norm/state_metric_model |            95.1 |
|        Norm/state_action_state_metric_model |            89.8 |
|                  Metric/self_state_distance |        0.000344 |
|                 Metric/cross_state_distance |           0.946 |
|           Metric/self_state_action_distance |        0.000554 |
|          Metric/cross_state_action_distance |           0.939 |
|             Metric/avg_self_state_asymmetry |               0 |
|            Metric/avg_cross_state_asymmetry |         0.00159 |
|                Metric/avg_self_sa_asymmetry |               0 |
|               Metric/avg_cross_sa_asymmetry |         0.00221 |
|  Metric/self_state_action_to_state_distance |        6.13e-05 |
| Metric/cross_state_action_to_state_distance |           0.938 |
|                   Metric/h_lambda_diff_self |        0.000593 |
|                  Metric/h_lambda_diff_cross |         0.00212 |
|                                 Eval/Return |            86.3 |
-----------------------------------------------------------------
-----------------------------------------------------------------
|                                 Train/Steps |        3.59e+06 |
|                            Loss/Loss_critic |         0.00686 |
|                             Loss/Loss_actor |           -7.02 |
|                             Loss/Loss_alpha |        0.000134 |
|               Loss/Loss_state_action_metric |         0.00123 |
|                      Loss/Loss_state_metric |         0.00102 |
|             Loss/Loss_state_action_to_state |         7.3e-06 |
|                           Loss/Act_rep_loss |          0.0469 |
|                                   SAC/Alpha |         0.00397 |
|                              SAC/LogPi_mean |            1.98 |
|                                 SAC/Q1_mean |            7.02 |
|                                 SAC/Q2_mean |            7.02 |
|                            Norm/actor_model |             139 |
|                           Norm/critic_model |             161 |
|              Norm/state_action_metric_model |              84 |
|                     Norm/state_metric_model |            96.7 |
|        Norm/state_action_state_metric_model |            91.8 |
|                  Metric/self_state_distance |        0.000115 |
|                 Metric/cross_state_distance |            0.95 |
|           Metric/self_state_action_distance |        0.000279 |
|          Metric/cross_state_action_distance |           0.938 |
|             Metric/avg_self_state_asymmetry |               0 |
|            Metric/avg_cross_state_asymmetry |         0.00135 |
|                Metric/avg_self_sa_asymmetry |               0 |
|               Metric/avg_cross_sa_asymmetry |         0.00179 |
|  Metric/self_state_action_to_state_distance |        0.000365 |
| Metric/cross_state_action_to_state_distance |           0.938 |
|                   Metric/h_lambda_diff_self |         0.00058 |
|                  Metric/h_lambda_diff_cross |         0.00202 |
|                                 Eval/Return |            85.5 |
-----------------------------------------------------------------
-----------------------------------------------------------------
|                                 Train/Steps |        3.72e+06 |
|                            Loss/Loss_critic |         0.00511 |
|                             Loss/Loss_actor |           -7.67 |
|                             Loss/Loss_alpha |       -0.000344 |
|               Loss/Loss_state_action_metric |          0.0013 |
|                      Loss/Loss_state_metric |        0.000841 |
|             Loss/Loss_state_action_to_state |        2.84e-05 |
|                           Loss/Act_rep_loss |          0.0459 |
|                                   SAC/Alpha |         0.00395 |
|                              SAC/LogPi_mean |            2.08 |
|                                 SAC/Q1_mean |            7.65 |
|                                 SAC/Q2_mean |            7.67 |
|                            Norm/actor_model |             141 |
|                           Norm/critic_model |             164 |
|              Norm/state_action_metric_model |            85.4 |
|                     Norm/state_metric_model |            98.8 |
|        Norm/state_action_state_metric_model |            93.6 |
|                  Metric/self_state_distance |        9.61e-05 |
|                 Metric/cross_state_distance |           0.951 |
|           Metric/self_state_action_distance |         0.00213 |
|          Metric/cross_state_action_distance |            0.94 |
|             Metric/avg_self_state_asymmetry |               0 |
|            Metric/avg_cross_state_asymmetry |          0.0015 |
|                Metric/avg_self_sa_asymmetry |               0 |
|               Metric/avg_cross_sa_asymmetry |          0.0022 |
|  Metric/self_state_action_to_state_distance |        2.28e-05 |
| Metric/cross_state_action_to_state_distance |           0.941 |
|                   Metric/h_lambda_diff_self |         0.00215 |
|                  Metric/h_lambda_diff_cross |         0.00237 |
|                                 Eval/Return |            82.7 |
-----------------------------------------------------------------
-----------------------------------------------------------------
|                                 Train/Steps |        3.85e+06 |
|                            Loss/Loss_critic |         0.00512 |
|                             Loss/Loss_actor |            -7.2 |
|                             Loss/Loss_alpha |       -8.78e-05 |
|               Loss/Loss_state_action_metric |         0.00203 |
|                      Loss/Loss_state_metric |         0.00166 |
|             Loss/Loss_state_action_to_state |        1.05e-05 |
|                           Loss/Act_rep_loss |          0.0467 |
|                                   SAC/Alpha |         0.00389 |
|                              SAC/LogPi_mean |               2 |
|                                 SAC/Q1_mean |             7.2 |
|                                 SAC/Q2_mean |             7.2 |
|                            Norm/actor_model |             143 |
|                           Norm/critic_model |             166 |
|              Norm/state_action_metric_model |            86.8 |
|                     Norm/state_metric_model |             101 |
|        Norm/state_action_state_metric_model |            95.6 |
|                  Metric/self_state_distance |        6.48e-05 |
|                 Metric/cross_state_distance |           0.947 |
|           Metric/self_state_action_distance |        0.000548 |
|          Metric/cross_state_action_distance |           0.935 |
|             Metric/avg_self_state_asymmetry |               0 |
|            Metric/avg_cross_state_asymmetry |          0.0015 |
|                Metric/avg_self_sa_asymmetry |               0 |
|               Metric/avg_cross_sa_asymmetry |         0.00201 |
|  Metric/self_state_action_to_state_distance |        0.000468 |
| Metric/cross_state_action_to_state_distance |           0.935 |
|                   Metric/h_lambda_diff_self |        0.000861 |
|                  Metric/h_lambda_diff_cross |         0.00217 |
|                                 Eval/Return |            82.9 |
-----------------------------------------------------------------
-----------------------------------------------------------------
|                                 Train/Steps |        3.98e+06 |
|                            Loss/Loss_critic |          0.0091 |
|                             Loss/Loss_actor |           -8.06 |
|                             Loss/Loss_alpha |        -0.00172 |
|               Loss/Loss_state_action_metric |         0.00158 |
|                      Loss/Loss_state_metric |          0.0012 |
|             Loss/Loss_state_action_to_state |        1.27e-05 |
|                           Loss/Act_rep_loss |           0.044 |
|                                   SAC/Alpha |         0.00407 |
|                              SAC/LogPi_mean |            2.49 |
|                                 SAC/Q1_mean |            8.05 |
|                                 SAC/Q2_mean |            8.04 |
|                            Norm/actor_model |             145 |
|                           Norm/critic_model |             168 |
|              Norm/state_action_metric_model |            87.9 |
|                     Norm/state_metric_model |             103 |
|        Norm/state_action_state_metric_model |            97.3 |
|                  Metric/self_state_distance |        0.000243 |
|                 Metric/cross_state_distance |            0.95 |
|           Metric/self_state_action_distance |         0.00907 |
|          Metric/cross_state_action_distance |            0.94 |
|             Metric/avg_self_state_asymmetry |               0 |
|            Metric/avg_cross_state_asymmetry |         0.00146 |
|                Metric/avg_self_sa_asymmetry |               0 |
|               Metric/avg_cross_sa_asymmetry |         0.00272 |
|  Metric/self_state_action_to_state_distance |        0.000184 |
| Metric/cross_state_action_to_state_distance |            0.94 |
|                   Metric/h_lambda_diff_self |         0.00895 |
|                  Metric/h_lambda_diff_cross |         0.00233 |
|                                 Eval/Return |            83.7 |
-----------------------------------------------------------------
-----------------------------------------------------------------
|                                 Train/Steps |         4.1e+06 |
|                            Loss/Loss_critic |         0.00816 |
|                             Loss/Loss_actor |           -7.87 |
|                             Loss/Loss_alpha |        -0.00153 |
|               Loss/Loss_state_action_metric |         0.00153 |
|                      Loss/Loss_state_metric |         0.00121 |
|             Loss/Loss_state_action_to_state |        6.18e-06 |
|                           Loss/Act_rep_loss |          0.0441 |
|                                   SAC/Alpha |         0.00408 |
|                              SAC/LogPi_mean |            2.17 |
|                                 SAC/Q1_mean |            7.87 |
|                                 SAC/Q2_mean |            7.87 |
|                            Norm/actor_model |             147 |
|                           Norm/critic_model |             170 |
|              Norm/state_action_metric_model |            89.5 |
|                     Norm/state_metric_model |             105 |
|        Norm/state_action_state_metric_model |            99.3 |
|                  Metric/self_state_distance |        0.000141 |
|                 Metric/cross_state_distance |            0.95 |
|           Metric/self_state_action_distance |        0.000928 |
|          Metric/cross_state_action_distance |            0.94 |
|             Metric/avg_self_state_asymmetry |               0 |
|            Metric/avg_cross_state_asymmetry |         0.00153 |
|                Metric/avg_self_sa_asymmetry |               0 |
|               Metric/avg_cross_sa_asymmetry |         0.00202 |
|  Metric/self_state_action_to_state_distance |         2.7e-05 |
| Metric/cross_state_action_to_state_distance |           0.939 |
|                   Metric/h_lambda_diff_self |        0.000911 |
|                  Metric/h_lambda_diff_cross |         0.00214 |
|                                 Eval/Return |            93.9 |
-----------------------------------------------------------------
[32mSaving model …[0m
[32mDone.[0m
[32mSaving model …[0m
[32mDone.[0m
-----------------------------------------------------------------
|                                 Train/Steps |        4.23e+06 |
|                            Loss/Loss_critic |         0.00644 |
|                             Loss/Loss_actor |           -7.95 |
|                             Loss/Loss_alpha |        -0.00025 |
|               Loss/Loss_state_action_metric |         0.00158 |
|                      Loss/Loss_state_metric |         0.00122 |
|             Loss/Loss_state_action_to_state |        1.05e-05 |
|                           Loss/Act_rep_loss |          0.0434 |
|                                   SAC/Alpha |         0.00384 |
|                              SAC/LogPi_mean |            2.03 |
|                                 SAC/Q1_mean |            7.95 |
|                                 SAC/Q2_mean |            7.94 |
|                            Norm/actor_model |             149 |
|                           Norm/critic_model |             172 |
|              Norm/state_action_metric_model |            90.7 |
|                     Norm/state_metric_model |             107 |
|        Norm/state_action_state_metric_model |             101 |
|                  Metric/self_state_distance |        0.000638 |
|                 Metric/cross_state_distance |           0.952 |
|           Metric/self_state_action_distance |        0.000743 |
|          Metric/cross_state_action_distance |           0.939 |
|             Metric/avg_self_state_asymmetry |               0 |
|            Metric/avg_cross_state_asymmetry |         0.00168 |
|                Metric/avg_self_sa_asymmetry |               0 |
|               Metric/avg_cross_sa_asymmetry |         0.00197 |
|  Metric/self_state_action_to_state_distance |        0.000178 |
| Metric/cross_state_action_to_state_distance |            0.94 |
|                   Metric/h_lambda_diff_self |        0.000845 |
|                  Metric/h_lambda_diff_cross |         0.00254 |
|                                 Eval/Return |            70.5 |
-----------------------------------------------------------------
-----------------------------------------------------------------
|                                 Train/Steps |        4.36e+06 |
|                            Loss/Loss_critic |         0.00536 |
|                             Loss/Loss_actor |           -7.77 |
|                             Loss/Loss_alpha |        0.000245 |
|               Loss/Loss_state_action_metric |         0.00194 |
|                      Loss/Loss_state_metric |         0.00158 |
|             Loss/Loss_state_action_to_state |        1.26e-05 |
|                           Loss/Act_rep_loss |          0.0438 |
|                                   SAC/Alpha |         0.00381 |
|                              SAC/LogPi_mean |             1.9 |
|                                 SAC/Q1_mean |            7.77 |
|                                 SAC/Q2_mean |            7.77 |
|                            Norm/actor_model |             150 |
|                           Norm/critic_model |             174 |
|              Norm/state_action_metric_model |            92.2 |
|                     Norm/state_metric_model |             108 |
|        Norm/state_action_state_metric_model |             103 |
|                  Metric/self_state_distance |         0.00016 |
|                 Metric/cross_state_distance |            0.95 |
|           Metric/self_state_action_distance |        9.61e-05 |
|          Metric/cross_state_action_distance |           0.939 |
|             Metric/avg_self_state_asymmetry |               0 |
|            Metric/avg_cross_state_asymmetry |          0.0016 |
|                Metric/avg_self_sa_asymmetry |               0 |
|               Metric/avg_cross_sa_asymmetry |         0.00191 |
|  Metric/self_state_action_to_state_distance |        3.47e-05 |
| Metric/cross_state_action_to_state_distance |           0.942 |
|                   Metric/h_lambda_diff_self |        0.000116 |
|                  Metric/h_lambda_diff_cross |         0.00323 |
|                                 Eval/Return |             108 |
-----------------------------------------------------------------
-----------------------------------------------------------------
|                                 Train/Steps |        4.49e+06 |
|                            Loss/Loss_critic |         0.00849 |
|                             Loss/Loss_actor |           -8.41 |
|                             Loss/Loss_alpha |       -0.000255 |
|               Loss/Loss_state_action_metric |         0.00186 |
|                      Loss/Loss_state_metric |         0.00156 |
|             Loss/Loss_state_action_to_state |        8.36e-06 |
|                           Loss/Act_rep_loss |          0.0413 |
|                                   SAC/Alpha |         0.00393 |
|                              SAC/LogPi_mean |            2.16 |
|                                 SAC/Q1_mean |            8.41 |
|                                 SAC/Q2_mean |            8.42 |
|                            Norm/actor_model |             152 |
|                           Norm/critic_model |             176 |
|              Norm/state_action_metric_model |            93.6 |
|                     Norm/state_metric_model |             110 |
|        Norm/state_action_state_metric_model |             104 |
|                  Metric/self_state_distance |        0.000269 |
|                 Metric/cross_state_distance |           0.953 |
|           Metric/self_state_action_distance |        0.000395 |
|          Metric/cross_state_action_distance |            0.94 |
|             Metric/avg_self_state_asymmetry |               0 |
|            Metric/avg_cross_state_asymmetry |         0.00138 |
|                Metric/avg_self_sa_asymmetry |               0 |
|               Metric/avg_cross_sa_asymmetry |         0.00179 |
|  Metric/self_state_action_to_state_distance |           1e-05 |
| Metric/cross_state_action_to_state_distance |           0.941 |
|                   Metric/h_lambda_diff_self |        0.000401 |
|                  Metric/h_lambda_diff_cross |         0.00201 |
|                                 Eval/Return |              78 |
-----------------------------------------------------------------
-----------------------------------------------------------------
|                                 Train/Steps |        4.62e+06 |
|                            Loss/Loss_critic |         0.00472 |
|                             Loss/Loss_actor |           -8.41 |
|                             Loss/Loss_alpha |       -0.000123 |
|               Loss/Loss_state_action_metric |          0.0011 |
|                      Loss/Loss_state_metric |        0.000784 |
|             Loss/Loss_state_action_to_state |        6.63e-06 |
|                           Loss/Act_rep_loss |           0.043 |
|                                   SAC/Alpha |         0.00368 |
|                              SAC/LogPi_mean |            1.94 |
|                                 SAC/Q1_mean |            8.41 |
|                                 SAC/Q2_mean |            8.41 |
|                            Norm/actor_model |             153 |
|                           Norm/critic_model |             177 |
|              Norm/state_action_metric_model |            95.2 |
|                     Norm/state_metric_model |             112 |
|        Norm/state_action_state_metric_model |             106 |
|                  Metric/self_state_distance |        4.13e-05 |
|                 Metric/cross_state_distance |           0.955 |
|           Metric/self_state_action_distance |        0.000363 |
|          Metric/cross_state_action_distance |           0.946 |
|             Metric/avg_self_state_asymmetry |               0 |
|            Metric/avg_cross_state_asymmetry |         0.00134 |
|                Metric/avg_self_sa_asymmetry |               0 |
|               Metric/avg_cross_sa_asymmetry |          0.0018 |
|  Metric/self_state_action_to_state_distance |         1.6e-06 |
| Metric/cross_state_action_to_state_distance |           0.945 |
|                   Metric/h_lambda_diff_self |        0.000362 |
|                  Metric/h_lambda_diff_cross |         0.00193 |
|                                 Eval/Return |            94.4 |
-----------------------------------------------------------------
-----------------------------------------------------------------
|                                 Train/Steps |        4.74e+06 |
|                            Loss/Loss_critic |           0.004 |
|                             Loss/Loss_actor |           -8.82 |
|                             Loss/Loss_alpha |        -0.00138 |
|               Loss/Loss_state_action_metric |         0.00102 |
|                      Loss/Loss_state_metric |        0.000719 |
|             Loss/Loss_state_action_to_state |        1.03e-05 |
|                           Loss/Act_rep_loss |          0.0398 |
|                                   SAC/Alpha |         0.00369 |
|                              SAC/LogPi_mean |            2.34 |
|                                 SAC/Q1_mean |            8.83 |
|                                 SAC/Q2_mean |            8.82 |
|                            Norm/actor_model |             154 |
|                           Norm/critic_model |             178 |
|              Norm/state_action_metric_model |            96.5 |
|                     Norm/state_metric_model |             114 |
|        Norm/state_action_state_metric_model |             108 |
|                  Metric/self_state_distance |        3.99e-05 |
|                 Metric/cross_state_distance |           0.958 |
|           Metric/self_state_action_distance |        3.53e-05 |
|          Metric/cross_state_action_distance |           0.949 |
|             Metric/avg_self_state_asymmetry |               0 |
|            Metric/avg_cross_state_asymmetry |         0.00151 |
|                Metric/avg_self_sa_asymmetry |               0 |
|               Metric/avg_cross_sa_asymmetry |         0.00178 |
|  Metric/self_state_action_to_state_distance |        1.81e-06 |
| Metric/cross_state_action_to_state_distance |           0.948 |
|                   Metric/h_lambda_diff_self |        3.63e-05 |
|                  Metric/h_lambda_diff_cross |         0.00203 |
|                                 Eval/Return |            80.9 |
-----------------------------------------------------------------
-----------------------------------------------------------------
|                                 Train/Steps |        4.87e+06 |
|                            Loss/Loss_critic |         0.00515 |
|                             Loss/Loss_actor |           -8.88 |
|                             Loss/Loss_alpha |       -0.000833 |
|               Loss/Loss_state_action_metric |        0.000993 |
|                      Loss/Loss_state_metric |        0.000701 |
|             Loss/Loss_state_action_to_state |        1.04e-05 |
|                           Loss/Act_rep_loss |          0.0392 |
|                                   SAC/Alpha |          0.0039 |
|                              SAC/LogPi_mean |            2.28 |
|                                 SAC/Q1_mean |            8.89 |
|                                 SAC/Q2_mean |            8.88 |
|                            Norm/actor_model |             156 |
|                           Norm/critic_model |             180 |
|              Norm/state_action_metric_model |            97.9 |
|                     Norm/state_metric_model |             116 |
|        Norm/state_action_state_metric_model |             110 |
|                  Metric/self_state_distance |        8.17e-05 |
|                 Metric/cross_state_distance |            0.96 |
|           Metric/self_state_action_distance |        0.000208 |
|          Metric/cross_state_action_distance |           0.952 |
|             Metric/avg_self_state_asymmetry |               0 |
|            Metric/avg_cross_state_asymmetry |         0.00137 |
|                Metric/avg_self_sa_asymmetry |               0 |
|               Metric/avg_cross_sa_asymmetry |         0.00179 |
|  Metric/self_state_action_to_state_distance |        4.54e-05 |
| Metric/cross_state_action_to_state_distance |           0.951 |
|                   Metric/h_lambda_diff_self |        0.000251 |
|                  Metric/h_lambda_diff_cross |         0.00221 |
|                                 Eval/Return |            96.6 |
-----------------------------------------------------------------
-----------------------------------------------------------------
|                                 Train/Steps |           5e+06 |
|                            Loss/Loss_critic |          0.0064 |
|                             Loss/Loss_actor |           -8.61 |
|                             Loss/Loss_alpha |        -0.00016 |
|               Loss/Loss_state_action_metric |         0.00153 |
|                      Loss/Loss_state_metric |          0.0012 |
|             Loss/Loss_state_action_to_state |        6.38e-06 |
|                           Loss/Act_rep_loss |          0.0446 |
|                                   SAC/Alpha |          0.0041 |
|                              SAC/LogPi_mean |            1.96 |
|                                 SAC/Q1_mean |            8.62 |
|                                 SAC/Q2_mean |            8.61 |
|                            Norm/actor_model |             157 |
|                           Norm/critic_model |             181 |
|              Norm/state_action_metric_model |              99 |
|                     Norm/state_metric_model |             118 |
|        Norm/state_action_state_metric_model |             113 |
|                  Metric/self_state_distance |        3.14e-05 |
|                 Metric/cross_state_distance |           0.951 |
|           Metric/self_state_action_distance |        0.000545 |
|          Metric/cross_state_action_distance |           0.941 |
|             Metric/avg_self_state_asymmetry |               0 |
|            Metric/avg_cross_state_asymmetry |         0.00142 |
|                Metric/avg_self_sa_asymmetry |               0 |
|               Metric/avg_cross_sa_asymmetry |         0.00162 |
|  Metric/self_state_action_to_state_distance |        0.000199 |
| Metric/cross_state_action_to_state_distance |           0.942 |
|                   Metric/h_lambda_diff_self |        0.000528 |
|                  Metric/h_lambda_diff_cross |         0.00197 |
|                                 Eval/Return |             102 |
-----------------------------------------------------------------
[32mSaving model …[0m
[32mDone.[0m
[32mSaving model …[0m
[32mDone.[0m
