E0920 20:10:24.544559 2666151 cuda_executor.cc:1526] Could not get kernel mode driver version: (INVALID_ARGUMENT: Version does not match the format X.Y.Z)
E0920 20:10:24.553616 2666042 cuda_executor.cc:1526] Could not get kernel mode driver version: (INVALID_ARGUMENT: Version does not match the format X.Y.Z)
[32mStart prefilling replay buffer[0m
[32mStart SAC training[0m
[32m{'log_freq': 1000, 'save_freq': 1000000, 'eval_episode_freq': 10, 'hidden_size': 256, 'lr': 0.001, 'max_grad_norm': 0.0, 'gamma': 0.99, 'update_tau': 0.005, 'train_per_step': 8, 'episode_length': 1000, 'warmup_samples': 8192, 'max_replay_size': 4000000, 'batch_size': 512, 'total_env_steps': 5000000, 'init_temperature': 0.1, 'nstep': 3, 'bootstrap_on_truncation': True, 'rep_lr_scale': 1.5, 'vis_feq': 100000, 'n_vis_frames': 4, 'num_envs': 128, 'grad_steps': 50, 'transfer_freq': 10, 'transfer_steps': 8, 'reward_scaling': 1.0, 'num_eval_envs': 128, 'target_entropy': -0.5}[0m
[32m[nstep] nstep=3 bootstrap_on_truncation=True (discount from the buffer already contains gamma^nstep)[0m
-----------------------------------------------------------------
|                                 Train/Steps |        1.36e+05 |
|                            Loss/Loss_critic |           0.425 |
|                             Loss/Loss_actor |           -12.3 |
|                             Loss/Loss_alpha |        0.000235 |
|               Loss/Loss_state_action_metric |         0.00397 |
|                      Loss/Loss_state_metric |         0.00224 |
|             Loss/Loss_state_action_to_state |        0.000131 |
|                           Loss/Act_rep_loss |           0.131 |
|                                   SAC/Alpha |          0.0236 |
|                              SAC/LogPi_mean |           0.488 |
|                                 SAC/Q1_mean |            12.2 |
|                                 SAC/Q2_mean |            12.1 |
|                            Norm/actor_model |            48.6 |
|                           Norm/critic_model |            96.6 |
|              Norm/state_action_metric_model |            30.8 |
|                     Norm/state_metric_model |            30.6 |
|        Norm/state_action_state_metric_model |            31.2 |
|                  Metric/self_state_distance |         0.00348 |
|                 Metric/cross_state_distance |           0.981 |
|           Metric/self_state_action_distance |         0.00994 |
|          Metric/cross_state_action_distance |           0.987 |
|             Metric/avg_self_state_asymmetry |               0 |
|            Metric/avg_cross_state_asymmetry |         0.00529 |
|                Metric/avg_self_sa_asymmetry |               0 |
|               Metric/avg_cross_sa_asymmetry |         0.00622 |
|  Metric/self_state_action_to_state_distance |         0.00547 |
| Metric/cross_state_action_to_state_distance |           0.977 |
|                   Metric/h_lambda_diff_self |         0.00467 |
|                  Metric/h_lambda_diff_cross |          0.0127 |
|                                 Eval/Return |             810 |
-----------------------------------------------------------------
-----------------------------------------------------------------
|                                 Train/Steps |        2.64e+05 |
|                            Loss/Loss_critic |           0.248 |
|                             Loss/Loss_actor |             -47 |
|                             Loss/Loss_alpha |        0.000352 |
|               Loss/Loss_state_action_metric |         0.00908 |
|                      Loss/Loss_state_metric |         0.00559 |
|             Loss/Loss_state_action_to_state |        0.000198 |
|                           Loss/Act_rep_loss |           0.147 |
|                                   SAC/Alpha |          0.0253 |
|                              SAC/LogPi_mean |           0.442 |
|                                 SAC/Q1_mean |            46.9 |
|                                 SAC/Q2_mean |            46.9 |
|                            Norm/actor_model |            67.6 |
|                           Norm/critic_model |             121 |
|              Norm/state_action_metric_model |            32.8 |
|                     Norm/state_metric_model |            32.3 |
|        Norm/state_action_state_metric_model |              33 |
|                  Metric/self_state_distance |         0.00509 |
|                 Metric/cross_state_distance |            1.01 |
|           Metric/self_state_action_distance |          0.0102 |
|          Metric/cross_state_action_distance |            1.03 |
|             Metric/avg_self_state_asymmetry |               0 |
|            Metric/avg_cross_state_asymmetry |         0.00416 |
|                Metric/avg_self_sa_asymmetry |               0 |
|               Metric/avg_cross_sa_asymmetry |          0.0062 |
|  Metric/self_state_action_to_state_distance |         0.00361 |
| Metric/cross_state_action_to_state_distance |            1.02 |
|                   Metric/h_lambda_diff_self |         0.00679 |
|                  Metric/h_lambda_diff_cross |          0.0142 |
|                                 Eval/Return |           1e+03 |
-----------------------------------------------------------------
-----------------------------------------------------------------
|                                 Train/Steps |        3.92e+05 |
|                            Loss/Loss_critic |           0.433 |
|                             Loss/Loss_actor |             -65 |
|                             Loss/Loss_alpha |         0.00145 |
|               Loss/Loss_state_action_metric |         0.00777 |
|                      Loss/Loss_state_metric |         0.00518 |
|             Loss/Loss_state_action_to_state |        0.000516 |
|                           Loss/Act_rep_loss |          0.0982 |
|                                   SAC/Alpha |          0.0122 |
|                              SAC/LogPi_mean |           0.392 |
|                                 SAC/Q1_mean |            64.9 |
|                                 SAC/Q2_mean |            64.8 |
|                            Norm/actor_model |            80.3 |
|                           Norm/critic_model |             136 |
|              Norm/state_action_metric_model |            35.2 |
|                     Norm/state_metric_model |            34.6 |
|        Norm/state_action_state_metric_model |            35.2 |
|                  Metric/self_state_distance |         0.00218 |
|                 Metric/cross_state_distance |           0.986 |
|           Metric/self_state_action_distance |         0.00859 |
|          Metric/cross_state_action_distance |           0.992 |
|             Metric/avg_self_state_asymmetry |               0 |
|            Metric/avg_cross_state_asymmetry |         0.00359 |
|                Metric/avg_self_sa_asymmetry |               0 |
|               Metric/avg_cross_sa_asymmetry |         0.00462 |
|  Metric/self_state_action_to_state_distance |          0.0218 |
| Metric/cross_state_action_to_state_distance |           0.985 |
|                   Metric/h_lambda_diff_self |          0.0169 |
|                  Metric/h_lambda_diff_cross |          0.0119 |
|                                 Eval/Return |           1e+03 |
-----------------------------------------------------------------
-----------------------------------------------------------------
|                                 Train/Steps |         5.2e+05 |
|                            Loss/Loss_critic |           0.404 |
|                             Loss/Loss_actor |           -73.2 |
|                             Loss/Loss_alpha |        -0.00548 |
|               Loss/Loss_state_action_metric |         0.00581 |
|                      Loss/Loss_state_metric |         0.00397 |
|             Loss/Loss_state_action_to_state |        4.27e-05 |
|                           Loss/Act_rep_loss |          0.0698 |
|                                   SAC/Alpha |          0.0141 |
|                              SAC/LogPi_mean |            0.87 |
|                                 SAC/Q1_mean |            73.1 |
|                                 SAC/Q2_mean |            73.1 |
|                            Norm/actor_model |            89.3 |
|                           Norm/critic_model |             146 |
|              Norm/state_action_metric_model |            37.2 |
|                     Norm/state_metric_model |            36.3 |
|        Norm/state_action_state_metric_model |            37.7 |
|                  Metric/self_state_distance |         0.00261 |
|                 Metric/cross_state_distance |           0.991 |
|           Metric/self_state_action_distance |         0.00612 |
|          Metric/cross_state_action_distance |           0.993 |
|             Metric/avg_self_state_asymmetry |               0 |
|            Metric/avg_cross_state_asymmetry |         0.00291 |
|                Metric/avg_self_sa_asymmetry |               0 |
|               Metric/avg_cross_sa_asymmetry |         0.00322 |
|  Metric/self_state_action_to_state_distance |         0.00186 |
| Metric/cross_state_action_to_state_distance |            0.99 |
|                   Metric/h_lambda_diff_self |         0.00451 |
|                  Metric/h_lambda_diff_cross |         0.00594 |
|                                 Eval/Return |           1e+03 |
-----------------------------------------------------------------
-----------------------------------------------------------------
|                                 Train/Steps |        6.48e+05 |
|                            Loss/Loss_critic |          0.0866 |
|                             Loss/Loss_actor |           -80.7 |
|                             Loss/Loss_alpha |         0.00132 |
|               Loss/Loss_state_action_metric |         0.00584 |
|                      Loss/Loss_state_metric |         0.00447 |
|             Loss/Loss_state_action_to_state |        3.65e-05 |
|                           Loss/Act_rep_loss |           0.112 |
|                                   SAC/Alpha |          0.0118 |
|                              SAC/LogPi_mean |            0.45 |
|                                 SAC/Q1_mean |            80.6 |
|                                 SAC/Q2_mean |            80.6 |
|                            Norm/actor_model |              96 |
|                           Norm/critic_model |             153 |
|              Norm/state_action_metric_model |            39.4 |
|                     Norm/state_metric_model |            38.5 |
|        Norm/state_action_state_metric_model |            40.7 |
|                  Metric/self_state_distance |         0.00251 |
|                 Metric/cross_state_distance |           0.962 |
|           Metric/self_state_action_distance |         0.00198 |
|          Metric/cross_state_action_distance |           0.959 |
|             Metric/avg_self_state_asymmetry |               0 |
|            Metric/avg_cross_state_asymmetry |         0.00284 |
|                Metric/avg_self_sa_asymmetry |               0 |
|               Metric/avg_cross_sa_asymmetry |         0.00354 |
|  Metric/self_state_action_to_state_distance |         0.00167 |
| Metric/cross_state_action_to_state_distance |           0.956 |
|                   Metric/h_lambda_diff_self |        0.000774 |
|                  Metric/h_lambda_diff_cross |         0.00572 |
|                                 Eval/Return |           1e+03 |
-----------------------------------------------------------------
-----------------------------------------------------------------
|                                 Train/Steps |        7.76e+05 |
|                            Loss/Loss_critic |           0.226 |
|                             Loss/Loss_actor |           -85.6 |
|                             Loss/Loss_alpha |        -0.00144 |
|               Loss/Loss_state_action_metric |         0.00587 |
|                      Loss/Loss_state_metric |         0.00366 |
|             Loss/Loss_state_action_to_state |         7.2e-05 |
|                           Loss/Act_rep_loss |           0.069 |
|                                   SAC/Alpha |          0.0069 |
|                              SAC/LogPi_mean |           0.716 |
|                                 SAC/Q1_mean |            85.6 |
|                                 SAC/Q2_mean |            85.5 |
|                            Norm/actor_model |             102 |
|                           Norm/critic_model |             160 |
|              Norm/state_action_metric_model |            41.7 |
|                     Norm/state_metric_model |            40.5 |
|        Norm/state_action_state_metric_model |            43.2 |
|                  Metric/self_state_distance |          0.0021 |
|                 Metric/cross_state_distance |           0.954 |
|           Metric/self_state_action_distance |         0.00235 |
|          Metric/cross_state_action_distance |           0.948 |
|             Metric/avg_self_state_asymmetry |               0 |
|            Metric/avg_cross_state_asymmetry |         0.00272 |
|                Metric/avg_self_sa_asymmetry |               0 |
|               Metric/avg_cross_sa_asymmetry |         0.00298 |
|  Metric/self_state_action_to_state_distance |         0.00143 |
| Metric/cross_state_action_to_state_distance |           0.948 |
|                   Metric/h_lambda_diff_self |         0.00133 |
|                  Metric/h_lambda_diff_cross |         0.00484 |
|                                 Eval/Return |             766 |
-----------------------------------------------------------------
-----------------------------------------------------------------
|                                 Train/Steps |        9.04e+05 |
|                            Loss/Loss_critic |           0.143 |
|                             Loss/Loss_actor |           -86.1 |
|                             Loss/Loss_alpha |       -0.000316 |
|               Loss/Loss_state_action_metric |         0.00489 |
|                      Loss/Loss_state_metric |         0.00358 |
|             Loss/Loss_state_action_to_state |        2.84e-05 |
|                           Loss/Act_rep_loss |          0.0564 |
|                                   SAC/Alpha |         0.00648 |
|                              SAC/LogPi_mean |           0.535 |
|                                 SAC/Q1_mean |            86.1 |
|                                 SAC/Q2_mean |              86 |
|                            Norm/actor_model |             107 |
|                           Norm/critic_model |             166 |
|              Norm/state_action_metric_model |            44.3 |
|                     Norm/state_metric_model |            43.2 |
|        Norm/state_action_state_metric_model |            45.7 |
|                  Metric/self_state_distance |         0.00357 |
|                 Metric/cross_state_distance |           0.965 |
|           Metric/self_state_action_distance |         0.00297 |
|          Metric/cross_state_action_distance |           0.954 |
|             Metric/avg_self_state_asymmetry |               0 |
|            Metric/avg_cross_state_asymmetry |         0.00222 |
|                Metric/avg_self_sa_asymmetry |               0 |
|               Metric/avg_cross_sa_asymmetry |         0.00363 |
|  Metric/self_state_action_to_state_distance |         0.00164 |
| Metric/cross_state_action_to_state_distance |           0.954 |
|                   Metric/h_lambda_diff_self |         0.00158 |
|                  Metric/h_lambda_diff_cross |         0.00394 |
|                                 Eval/Return |           1e+03 |
-----------------------------------------------------------------
-----------------------------------------------------------------
|                                 Train/Steps |        1.03e+06 |
|                            Loss/Loss_critic |          0.0827 |
|                             Loss/Loss_actor |           -86.6 |
|                             Loss/Loss_alpha |       -0.000116 |
|               Loss/Loss_state_action_metric |         0.00469 |
|                      Loss/Loss_state_metric |         0.00383 |
|             Loss/Loss_state_action_to_state |        0.000595 |
|                           Loss/Act_rep_loss |          0.0579 |
|                                   SAC/Alpha |         0.00547 |
|                              SAC/LogPi_mean |           0.512 |
|                                 SAC/Q1_mean |            86.7 |
|                                 SAC/Q2_mean |            86.6 |
|                            Norm/actor_model |             111 |
|                           Norm/critic_model |             173 |
|              Norm/state_action_metric_model |              47 |
|                     Norm/state_metric_model |            45.6 |
|        Norm/state_action_state_metric_model |            48.6 |
|                  Metric/self_state_distance |         0.00496 |
|                 Metric/cross_state_distance |           0.957 |
|           Metric/self_state_action_distance |         0.00326 |
|          Metric/cross_state_action_distance |           0.949 |
|             Metric/avg_self_state_asymmetry |               0 |
|            Metric/avg_cross_state_asymmetry |         0.00196 |
|                Metric/avg_self_sa_asymmetry |               0 |
|               Metric/avg_cross_sa_asymmetry |         0.00201 |
|  Metric/self_state_action_to_state_distance |         0.00606 |
| Metric/cross_state_action_to_state_distance |           0.948 |
|                   Metric/h_lambda_diff_self |         0.00387 |
|                  Metric/h_lambda_diff_cross |         0.00441 |
|                                 Eval/Return |           1e+03 |
-----------------------------------------------------------------
[32mSaving model …[0m
[32mDone.[0m
[32mSaving model …[0m
[32mDone.[0m
[32mSaving model …[0m
[32mDone.[0m
[32mSaving model …[0m
[32mDone.[0m
-----------------------------------------------------------------
|                                 Train/Steps |        1.16e+06 |
|                            Loss/Loss_critic |           0.108 |
|                             Loss/Loss_actor |           -88.5 |
|                             Loss/Loss_alpha |        0.000294 |
|               Loss/Loss_state_action_metric |         0.00365 |
|                      Loss/Loss_state_metric |         0.00268 |
|             Loss/Loss_state_action_to_state |        1.74e-05 |
|                           Loss/Act_rep_loss |          0.0641 |
|                                   SAC/Alpha |         0.00486 |
|                              SAC/LogPi_mean |           0.441 |
|                                 SAC/Q1_mean |            88.5 |
|                                 SAC/Q2_mean |            88.5 |
|                            Norm/actor_model |             116 |
|                           Norm/critic_model |             178 |
|              Norm/state_action_metric_model |            49.4 |
|                     Norm/state_metric_model |            48.3 |
|        Norm/state_action_state_metric_model |            51.7 |
|                  Metric/self_state_distance |          0.0029 |
|                 Metric/cross_state_distance |           0.954 |
|           Metric/self_state_action_distance |         0.00475 |
|          Metric/cross_state_action_distance |           0.944 |
|             Metric/avg_self_state_asymmetry |               0 |
|            Metric/avg_cross_state_asymmetry |         0.00166 |
|                Metric/avg_self_sa_asymmetry |               0 |
|               Metric/avg_cross_sa_asymmetry |         0.00255 |
|  Metric/self_state_action_to_state_distance |         0.00214 |
| Metric/cross_state_action_to_state_distance |           0.946 |
|                   Metric/h_lambda_diff_self |         0.00279 |
|                  Metric/h_lambda_diff_cross |         0.00398 |
|                                 Eval/Return |             994 |
-----------------------------------------------------------------
-----------------------------------------------------------------
|                                 Train/Steps |        1.29e+06 |
|                            Loss/Loss_critic |          0.0561 |
|                             Loss/Loss_actor |           -90.6 |
|                             Loss/Loss_alpha |       -0.000691 |
|               Loss/Loss_state_action_metric |         0.00407 |
|                      Loss/Loss_state_metric |         0.00302 |
|             Loss/Loss_state_action_to_state |        6.67e-05 |
|                           Loss/Act_rep_loss |          0.0728 |
|                                   SAC/Alpha |         0.00474 |
|                              SAC/LogPi_mean |           0.637 |
|                                 SAC/Q1_mean |            90.5 |
|                                 SAC/Q2_mean |            90.6 |
|                            Norm/actor_model |             120 |
|                           Norm/critic_model |             184 |
|              Norm/state_action_metric_model |            52.2 |
|                     Norm/state_metric_model |            50.4 |
|        Norm/state_action_state_metric_model |            55.2 |
|                  Metric/self_state_distance |         0.00246 |
|                 Metric/cross_state_distance |           0.948 |
|           Metric/self_state_action_distance |         0.00279 |
|          Metric/cross_state_action_distance |           0.937 |
|             Metric/avg_self_state_asymmetry |               0 |
|            Metric/avg_cross_state_asymmetry |         0.00192 |
|                Metric/avg_self_sa_asymmetry |               0 |
|               Metric/avg_cross_sa_asymmetry |         0.00175 |
|  Metric/self_state_action_to_state_distance |         0.00181 |
| Metric/cross_state_action_to_state_distance |           0.934 |
|                   Metric/h_lambda_diff_self |         0.00114 |
|                  Metric/h_lambda_diff_cross |          0.0039 |
|                                 Eval/Return |           1e+03 |
-----------------------------------------------------------------
-----------------------------------------------------------------
|                                 Train/Steps |        1.42e+06 |
|                            Loss/Loss_critic |          0.0825 |
|                             Loss/Loss_actor |           -92.4 |
|                             Loss/Loss_alpha |       -0.000365 |
|               Loss/Loss_state_action_metric |         0.00297 |
|                      Loss/Loss_state_metric |         0.00218 |
|             Loss/Loss_state_action_to_state |        2.05e-05 |
|                           Loss/Act_rep_loss |          0.0189 |
|                                   SAC/Alpha |         0.00541 |
|                              SAC/LogPi_mean |           0.528 |
|                                 SAC/Q1_mean |            92.4 |
|                                 SAC/Q2_mean |            92.4 |
|                            Norm/actor_model |             124 |
|                           Norm/critic_model |             189 |
|              Norm/state_action_metric_model |            54.9 |
|                     Norm/state_metric_model |            53.5 |
|        Norm/state_action_state_metric_model |            58.1 |
|                  Metric/self_state_distance |         0.00201 |
|                 Metric/cross_state_distance |           0.956 |
|           Metric/self_state_action_distance |         0.00226 |
|          Metric/cross_state_action_distance |           0.945 |
|             Metric/avg_self_state_asymmetry |               0 |
|            Metric/avg_cross_state_asymmetry |         0.00147 |
|                Metric/avg_self_sa_asymmetry |               0 |
|               Metric/avg_cross_sa_asymmetry |         0.00166 |
|  Metric/self_state_action_to_state_distance |        0.000934 |
| Metric/cross_state_action_to_state_distance |           0.945 |
|                   Metric/h_lambda_diff_self |         0.00133 |
|                  Metric/h_lambda_diff_cross |         0.00256 |
|                                 Eval/Return |           1e+03 |
-----------------------------------------------------------------
-----------------------------------------------------------------
|                                 Train/Steps |        1.54e+06 |
|                            Loss/Loss_critic |           0.887 |
|                             Loss/Loss_actor |           -91.3 |
|                             Loss/Loss_alpha |        0.000121 |
|               Loss/Loss_state_action_metric |         0.00332 |
|                      Loss/Loss_state_metric |         0.00244 |
|             Loss/Loss_state_action_to_state |         8.3e-06 |
|                           Loss/Act_rep_loss |          0.0169 |
|                                   SAC/Alpha |         0.00418 |
|                              SAC/LogPi_mean |           0.488 |
|                                 SAC/Q1_mean |            91.3 |
|                                 SAC/Q2_mean |            91.3 |
|                            Norm/actor_model |             127 |
|                           Norm/critic_model |             194 |
|              Norm/state_action_metric_model |            58.3 |
|                     Norm/state_metric_model |            56.3 |
|        Norm/state_action_state_metric_model |            60.7 |
|                  Metric/self_state_distance |          0.0019 |
|                 Metric/cross_state_distance |           0.955 |
|           Metric/self_state_action_distance |         0.00281 |
|          Metric/cross_state_action_distance |           0.944 |
|             Metric/avg_self_state_asymmetry |               0 |
|            Metric/avg_cross_state_asymmetry |         0.00111 |
|                Metric/avg_self_sa_asymmetry |               0 |
|               Metric/avg_cross_sa_asymmetry |         0.00133 |
|  Metric/self_state_action_to_state_distance |        0.000739 |
| Metric/cross_state_action_to_state_distance |           0.945 |
|                   Metric/h_lambda_diff_self |          0.0021 |
|                  Metric/h_lambda_diff_cross |         0.00201 |
|                                 Eval/Return |             664 |
-----------------------------------------------------------------
-----------------------------------------------------------------
|                                 Train/Steps |        1.67e+06 |
|                            Loss/Loss_critic |          0.0554 |
|                             Loss/Loss_actor |           -92.7 |
|                             Loss/Loss_alpha |        3.98e-05 |
|               Loss/Loss_state_action_metric |         0.00448 |
|                      Loss/Loss_state_metric |         0.00295 |
|             Loss/Loss_state_action_to_state |        1.03e-05 |
|                           Loss/Act_rep_loss |          0.0357 |
|                                   SAC/Alpha |         0.00346 |
|                              SAC/LogPi_mean |           0.541 |
|                                 SAC/Q1_mean |            92.8 |
|                                 SAC/Q2_mean |            92.7 |
|                            Norm/actor_model |             130 |
|                           Norm/critic_model |             197 |
|              Norm/state_action_metric_model |            61.1 |
|                     Norm/state_metric_model |            58.5 |
|        Norm/state_action_state_metric_model |            63.7 |
|                  Metric/self_state_distance |         0.00184 |
|                 Metric/cross_state_distance |           0.948 |
|           Metric/self_state_action_distance |           0.134 |
|          Metric/cross_state_action_distance |           0.936 |
|             Metric/avg_self_state_asymmetry |               0 |
|            Metric/avg_cross_state_asymmetry |          0.0012 |
|                Metric/avg_self_sa_asymmetry |               0 |
|               Metric/avg_cross_sa_asymmetry |         0.00147 |
|  Metric/self_state_action_to_state_distance |         0.00101 |
| Metric/cross_state_action_to_state_distance |           0.937 |
|                   Metric/h_lambda_diff_self |           0.133 |
|                  Metric/h_lambda_diff_cross |         0.00325 |
|                                 Eval/Return |           1e+03 |
-----------------------------------------------------------------
-----------------------------------------------------------------
|                                 Train/Steps |         1.8e+06 |
|                            Loss/Loss_critic |          0.0446 |
|                             Loss/Loss_actor |             -93 |
|                             Loss/Loss_alpha |         0.00017 |
|               Loss/Loss_state_action_metric |         0.00284 |
|                      Loss/Loss_state_metric |         0.00203 |
|             Loss/Loss_state_action_to_state |        9.69e-06 |
|                           Loss/Act_rep_loss |          0.0622 |
|                                   SAC/Alpha |         0.00299 |
|                              SAC/LogPi_mean |           0.508 |
|                                 SAC/Q1_mean |              93 |
|                                 SAC/Q2_mean |              93 |
|                            Norm/actor_model |             133 |
|                           Norm/critic_model |             201 |
|              Norm/state_action_metric_model |            64.9 |
|                     Norm/state_metric_model |            60.7 |
|        Norm/state_action_state_metric_model |            66.2 |
|                  Metric/self_state_distance |         0.00168 |
|                 Metric/cross_state_distance |           0.948 |
|           Metric/self_state_action_distance |         0.00248 |
|          Metric/cross_state_action_distance |           0.937 |
|             Metric/avg_self_state_asymmetry |               0 |
|            Metric/avg_cross_state_asymmetry |         0.00114 |
|                Metric/avg_self_sa_asymmetry |               0 |
|               Metric/avg_cross_sa_asymmetry |         0.00123 |
|  Metric/self_state_action_to_state_distance |        0.000788 |
| Metric/cross_state_action_to_state_distance |           0.936 |
|                   Metric/h_lambda_diff_self |         0.00171 |
|                  Metric/h_lambda_diff_cross |         0.00234 |
|                                 Eval/Return |             990 |
-----------------------------------------------------------------
-----------------------------------------------------------------
|                                 Train/Steps |        1.93e+06 |
|                            Loss/Loss_critic |           0.119 |
|                             Loss/Loss_actor |           -94.4 |
|                             Loss/Loss_alpha |        0.000512 |
|               Loss/Loss_state_action_metric |         0.00321 |
|                      Loss/Loss_state_metric |         0.00245 |
|             Loss/Loss_state_action_to_state |        8.31e-06 |
|                           Loss/Act_rep_loss |          0.0169 |
|                                   SAC/Alpha |         0.00339 |
|                              SAC/LogPi_mean |           0.429 |
|                                 SAC/Q1_mean |            94.4 |
|                                 SAC/Q2_mean |            94.4 |
|                            Norm/actor_model |             136 |
|                           Norm/critic_model |             205 |
|              Norm/state_action_metric_model |              68 |
|                     Norm/state_metric_model |            63.9 |
|        Norm/state_action_state_metric_model |            70.1 |
|                  Metric/self_state_distance |          0.0023 |
|                 Metric/cross_state_distance |           0.945 |
|           Metric/self_state_action_distance |         0.00213 |
|          Metric/cross_state_action_distance |           0.934 |
|             Metric/avg_self_state_asymmetry |               0 |
|            Metric/avg_cross_state_asymmetry |         0.00102 |
|                Metric/avg_self_sa_asymmetry |               0 |
|               Metric/avg_cross_sa_asymmetry |         0.00118 |
|  Metric/self_state_action_to_state_distance |         0.00121 |
| Metric/cross_state_action_to_state_distance |           0.934 |
|                   Metric/h_lambda_diff_self |         0.00101 |
|                  Metric/h_lambda_diff_cross |         0.00177 |
|                                 Eval/Return |           1e+03 |
-----------------------------------------------------------------
-----------------------------------------------------------------
|                                 Train/Steps |        2.06e+06 |
|                            Loss/Loss_critic |          0.0384 |
|                             Loss/Loss_actor |           -94.3 |
|                             Loss/Loss_alpha |       -0.000195 |
|               Loss/Loss_state_action_metric |         0.00318 |
|                      Loss/Loss_state_metric |         0.00202 |
|             Loss/Loss_state_action_to_state |        1.53e-05 |
|                           Loss/Act_rep_loss |          0.0275 |
|                                   SAC/Alpha |         0.00317 |
|                              SAC/LogPi_mean |           0.537 |
|                                 SAC/Q1_mean |            94.3 |
|                                 SAC/Q2_mean |            94.4 |
|                            Norm/actor_model |             139 |
|                           Norm/critic_model |             208 |
|              Norm/state_action_metric_model |            70.4 |
|                     Norm/state_metric_model |              67 |
|        Norm/state_action_state_metric_model |            71.9 |
|                  Metric/self_state_distance |          0.0024 |
|                 Metric/cross_state_distance |           0.949 |
|           Metric/self_state_action_distance |         0.00768 |
|          Metric/cross_state_action_distance |           0.938 |
|             Metric/avg_self_state_asymmetry |               0 |
|            Metric/avg_cross_state_asymmetry |         0.00123 |
|                Metric/avg_self_sa_asymmetry |               0 |
|               Metric/avg_cross_sa_asymmetry |         0.00292 |
|  Metric/self_state_action_to_state_distance |         0.00261 |
| Metric/cross_state_action_to_state_distance |           0.941 |
|                   Metric/h_lambda_diff_self |         0.00526 |
|                  Metric/h_lambda_diff_cross |         0.00628 |
|                                 Eval/Return |             821 |
-----------------------------------------------------------------
[32mSaving model …[0m
[32mDone.[0m
[32mSaving model …[0m
[32mDone.[0m
[32mSaving model …[0m
[32mDone.[0m
[32mSaving model …[0m
[32mDone.[0m
-----------------------------------------------------------------
|                                 Train/Steps |        2.18e+06 |
|                            Loss/Loss_critic |            0.55 |
|                             Loss/Loss_actor |           -95.2 |
|                             Loss/Loss_alpha |        0.000228 |
|               Loss/Loss_state_action_metric |         0.00301 |
|                      Loss/Loss_state_metric |          0.0023 |
|             Loss/Loss_state_action_to_state |        7.08e-06 |
|                           Loss/Act_rep_loss |          0.0452 |
|                                   SAC/Alpha |         0.00294 |
|                              SAC/LogPi_mean |           0.405 |
|                                 SAC/Q1_mean |            95.2 |
|                                 SAC/Q2_mean |            95.2 |
|                            Norm/actor_model |             141 |
|                           Norm/critic_model |             215 |
|              Norm/state_action_metric_model |            74.1 |
|                     Norm/state_metric_model |            69.4 |
|        Norm/state_action_state_metric_model |            75.7 |
|                  Metric/self_state_distance |         0.00259 |
|                 Metric/cross_state_distance |           0.942 |
|           Metric/self_state_action_distance |         0.00192 |
|          Metric/cross_state_action_distance |            0.93 |
|             Metric/avg_self_state_asymmetry |               0 |
|            Metric/avg_cross_state_asymmetry |         0.00084 |
|                Metric/avg_self_sa_asymmetry |               0 |
|               Metric/avg_cross_sa_asymmetry |        0.000959 |
|  Metric/self_state_action_to_state_distance |         0.00101 |
| Metric/cross_state_action_to_state_distance |           0.929 |
|                   Metric/h_lambda_diff_self |        0.000949 |
|                  Metric/h_lambda_diff_cross |         0.00172 |
|                                 Eval/Return |           1e+03 |
-----------------------------------------------------------------
-----------------------------------------------------------------
|                                 Train/Steps |        2.31e+06 |
|                            Loss/Loss_critic |          0.0377 |
|                             Loss/Loss_actor |           -95.9 |
|                             Loss/Loss_alpha |        0.000935 |
|               Loss/Loss_state_action_metric |         0.00332 |
|                      Loss/Loss_state_metric |         0.00265 |
|             Loss/Loss_state_action_to_state |        5.26e-06 |
|                           Loss/Act_rep_loss |          0.0271 |
|                                   SAC/Alpha |         0.00422 |
|                              SAC/LogPi_mean |           0.222 |
|                                 SAC/Q1_mean |            95.9 |
|                                 SAC/Q2_mean |            95.9 |
|                            Norm/actor_model |             144 |
|                           Norm/critic_model |             220 |
|              Norm/state_action_metric_model |            76.7 |
|                     Norm/state_metric_model |            73.2 |
|        Norm/state_action_state_metric_model |            78.4 |
|                  Metric/self_state_distance |         0.00236 |
|                 Metric/cross_state_distance |           0.933 |
|           Metric/self_state_action_distance |         0.00222 |
|          Metric/cross_state_action_distance |           0.922 |
|             Metric/avg_self_state_asymmetry |               0 |
|            Metric/avg_cross_state_asymmetry |         0.00073 |
|                Metric/avg_self_sa_asymmetry |               0 |
|               Metric/avg_cross_sa_asymmetry |         0.00122 |
|  Metric/self_state_action_to_state_distance |        0.000823 |
| Metric/cross_state_action_to_state_distance |           0.919 |
|                   Metric/h_lambda_diff_self |         0.00142 |
|                  Metric/h_lambda_diff_cross |         0.00374 |
|                                 Eval/Return |           1e+03 |
-----------------------------------------------------------------
-----------------------------------------------------------------
|                                 Train/Steps |        2.44e+06 |
|                            Loss/Loss_critic |          0.0262 |
|                             Loss/Loss_actor |           -95.1 |
|                             Loss/Loss_alpha |       -1.92e-05 |
|               Loss/Loss_state_action_metric |         0.00262 |
|                      Loss/Loss_state_metric |         0.00193 |
|             Loss/Loss_state_action_to_state |         7.7e-06 |
|                           Loss/Act_rep_loss |          0.0242 |
|                                   SAC/Alpha |         0.00294 |
|                              SAC/LogPi_mean |           0.508 |
|                                 SAC/Q1_mean |            95.1 |
|                                 SAC/Q2_mean |            95.1 |
|                            Norm/actor_model |             146 |
|                           Norm/critic_model |             226 |
|              Norm/state_action_metric_model |            80.2 |
|                     Norm/state_metric_model |            76.2 |
|        Norm/state_action_state_metric_model |            80.6 |
|                  Metric/self_state_distance |         0.00215 |
|                 Metric/cross_state_distance |           0.942 |
|           Metric/self_state_action_distance |         0.00281 |
|          Metric/cross_state_action_distance |            0.93 |
|             Metric/avg_self_state_asymmetry |               0 |
|            Metric/avg_cross_state_asymmetry |        0.000779 |
|                Metric/avg_self_sa_asymmetry |               0 |
|               Metric/avg_cross_sa_asymmetry |         0.00108 |
|  Metric/self_state_action_to_state_distance |        0.000543 |
| Metric/cross_state_action_to_state_distance |           0.929 |
|                   Metric/h_lambda_diff_self |         0.00238 |
|                  Metric/h_lambda_diff_cross |         0.00196 |
|                                 Eval/Return |           1e+03 |
-----------------------------------------------------------------
-----------------------------------------------------------------
|                                 Train/Steps |        2.57e+06 |
|                            Loss/Loss_critic |          0.0914 |
|                             Loss/Loss_actor |             -96 |
|                             Loss/Loss_alpha |        0.000231 |
|               Loss/Loss_state_action_metric |         0.00338 |
|                      Loss/Loss_state_metric |         0.00268 |
|             Loss/Loss_state_action_to_state |        7.13e-06 |
|                           Loss/Act_rep_loss |          0.0151 |
|                                   SAC/Alpha |         0.00298 |
|                              SAC/LogPi_mean |           0.359 |
|                                 SAC/Q1_mean |              96 |
|                                 SAC/Q2_mean |              96 |
|                            Norm/actor_model |             149 |
|                           Norm/critic_model |             231 |
|              Norm/state_action_metric_model |            83.2 |
|                     Norm/state_metric_model |            78.7 |
|        Norm/state_action_state_metric_model |            82.9 |
|                  Metric/self_state_distance |         0.00183 |
|                 Metric/cross_state_distance |           0.936 |
|           Metric/self_state_action_distance |         0.00219 |
|          Metric/cross_state_action_distance |           0.924 |
|             Metric/avg_self_state_asymmetry |               0 |
|            Metric/avg_cross_state_asymmetry |        0.000743 |
|                Metric/avg_self_sa_asymmetry |               0 |
|               Metric/avg_cross_sa_asymmetry |        0.000891 |
|  Metric/self_state_action_to_state_distance |        0.000396 |
| Metric/cross_state_action_to_state_distance |           0.924 |
|                   Metric/h_lambda_diff_self |         0.00179 |
|                  Metric/h_lambda_diff_cross |         0.00173 |
|                                 Eval/Return |           1e+03 |
-----------------------------------------------------------------
-----------------------------------------------------------------
|                                 Train/Steps |         2.7e+06 |
|                            Loss/Loss_critic |           0.107 |
|                             Loss/Loss_actor |           -96.3 |
|                             Loss/Loss_alpha |        0.000146 |
|               Loss/Loss_state_action_metric |         0.00254 |
|                      Loss/Loss_state_metric |         0.00187 |
|             Loss/Loss_state_action_to_state |        9.69e-05 |
|                           Loss/Act_rep_loss |          0.0195 |
|                                   SAC/Alpha |         0.00206 |
|                              SAC/LogPi_mean |           0.433 |
|                                 SAC/Q1_mean |            96.3 |
|                                 SAC/Q2_mean |            96.3 |
|                            Norm/actor_model |             151 |
|                           Norm/critic_model |             238 |
|              Norm/state_action_metric_model |            85.7 |
|                     Norm/state_metric_model |            82.2 |
|        Norm/state_action_state_metric_model |            85.8 |
|                  Metric/self_state_distance |         0.00455 |
|                 Metric/cross_state_distance |           0.938 |
|           Metric/self_state_action_distance |          0.0018 |
|          Metric/cross_state_action_distance |           0.925 |
|             Metric/avg_self_state_asymmetry |               0 |
|            Metric/avg_cross_state_asymmetry |         0.00095 |
|                Metric/avg_self_sa_asymmetry |               0 |
|               Metric/avg_cross_sa_asymmetry |        0.000968 |
|  Metric/self_state_action_to_state_distance |          0.0014 |
| Metric/cross_state_action_to_state_distance |           0.923 |
|                   Metric/h_lambda_diff_self |         0.00104 |
|                  Metric/h_lambda_diff_cross |         0.00373 |
|                                 Eval/Return |           1e+03 |
-----------------------------------------------------------------
-----------------------------------------------------------------
|                                 Train/Steps |        2.82e+06 |
|                            Loss/Loss_critic |          0.0486 |
|                             Loss/Loss_actor |           -95.8 |
|                             Loss/Loss_alpha |        0.000209 |
|               Loss/Loss_state_action_metric |         0.00295 |
|                      Loss/Loss_state_metric |         0.00225 |
|             Loss/Loss_state_action_to_state |        5.14e-06 |
|                           Loss/Act_rep_loss |          0.0402 |
|                                   SAC/Alpha |         0.00243 |
|                              SAC/LogPi_mean |           0.423 |
|                                 SAC/Q1_mean |            95.8 |
|                                 SAC/Q2_mean |            95.9 |
|                            Norm/actor_model |             153 |
|                           Norm/critic_model |             245 |
|              Norm/state_action_metric_model |            88.1 |
|                     Norm/state_metric_model |            84.8 |
|        Norm/state_action_state_metric_model |            88.6 |
|                  Metric/self_state_distance |         0.00198 |
|                 Metric/cross_state_distance |           0.938 |
|           Metric/self_state_action_distance |         0.00157 |
|          Metric/cross_state_action_distance |           0.924 |
|             Metric/avg_self_state_asymmetry |               0 |
|            Metric/avg_cross_state_asymmetry |        0.000878 |
|                Metric/avg_self_sa_asymmetry |               0 |
|               Metric/avg_cross_sa_asymmetry |         0.00106 |
|  Metric/self_state_action_to_state_distance |        0.000439 |
| Metric/cross_state_action_to_state_distance |           0.924 |
|                   Metric/h_lambda_diff_self |         0.00113 |
|                  Metric/h_lambda_diff_cross |          0.0017 |
|                                 Eval/Return |           1e+03 |
-----------------------------------------------------------------
-----------------------------------------------------------------
|                                 Train/Steps |        2.95e+06 |
|                            Loss/Loss_critic |           0.012 |
|                             Loss/Loss_actor |           -96.3 |
|                             Loss/Loss_alpha |        0.000371 |
|               Loss/Loss_state_action_metric |          0.0026 |
|                      Loss/Loss_state_metric |         0.00188 |
|             Loss/Loss_state_action_to_state |        1.64e-05 |
|                           Loss/Act_rep_loss |          0.0139 |
|                                   SAC/Alpha |         0.00294 |
|                              SAC/LogPi_mean |           0.413 |
|                                 SAC/Q1_mean |            96.4 |
|                                 SAC/Q2_mean |            96.3 |
|                            Norm/actor_model |             156 |
|                           Norm/critic_model |             251 |
|              Norm/state_action_metric_model |            90.1 |
|                     Norm/state_metric_model |            86.5 |
|        Norm/state_action_state_metric_model |            91.4 |
|                  Metric/self_state_distance |         0.00185 |
|                 Metric/cross_state_distance |           0.935 |
|           Metric/self_state_action_distance |          0.0017 |
|          Metric/cross_state_action_distance |           0.922 |
|             Metric/avg_self_state_asymmetry |               0 |
|            Metric/avg_cross_state_asymmetry |         0.00125 |
|                Metric/avg_self_sa_asymmetry |               0 |
|               Metric/avg_cross_sa_asymmetry |         0.00118 |
|  Metric/self_state_action_to_state_distance |         0.00213 |
| Metric/cross_state_action_to_state_distance |           0.921 |
|                   Metric/h_lambda_diff_self |         0.00126 |
|                  Metric/h_lambda_diff_cross |         0.00201 |
|                                 Eval/Return |           1e+03 |
-----------------------------------------------------------------
-----------------------------------------------------------------
|                                 Train/Steps |        3.08e+06 |
|                            Loss/Loss_critic |          0.0675 |
|                             Loss/Loss_actor |           -96.3 |
|                             Loss/Loss_alpha |       -0.000356 |
|               Loss/Loss_state_action_metric |         0.00334 |
|                      Loss/Loss_state_metric |         0.00233 |
|             Loss/Loss_state_action_to_state |        6.09e-06 |
|                           Loss/Act_rep_loss |          0.0152 |
|                                   SAC/Alpha |         0.00324 |
|                              SAC/LogPi_mean |           0.626 |
|                                 SAC/Q1_mean |            96.3 |
|                                 SAC/Q2_mean |            96.3 |
|                            Norm/actor_model |             158 |
|                           Norm/critic_model |             256 |
|              Norm/state_action_metric_model |            92.2 |
|                     Norm/state_metric_model |            88.7 |
|        Norm/state_action_state_metric_model |            94.2 |
|                  Metric/self_state_distance |         0.00165 |
|                 Metric/cross_state_distance |           0.936 |
|           Metric/self_state_action_distance |         0.00202 |
|          Metric/cross_state_action_distance |           0.922 |
|             Metric/avg_self_state_asymmetry |               0 |
|            Metric/avg_cross_state_asymmetry |        0.000897 |
|                Metric/avg_self_sa_asymmetry |               0 |
|               Metric/avg_cross_sa_asymmetry |        0.000917 |
|  Metric/self_state_action_to_state_distance |        0.000507 |
| Metric/cross_state_action_to_state_distance |           0.923 |
|                   Metric/h_lambda_diff_self |         0.00151 |
|                  Metric/h_lambda_diff_cross |         0.00186 |
|                                 Eval/Return |           1e+03 |
-----------------------------------------------------------------
[32mSaving model …[0m
[32mDone.[0m
[32mSaving model …[0m
[32mDone.[0m
[32mSaving model …[0m
[32mDone.[0m
[32mSaving model …[0m
[32mDone.[0m
-----------------------------------------------------------------
|                                 Train/Steps |        3.21e+06 |
|                            Loss/Loss_critic |           0.874 |
|                             Loss/Loss_actor |           -94.8 |
|                             Loss/Loss_alpha |        -0.00018 |
|               Loss/Loss_state_action_metric |         0.00265 |
|                      Loss/Loss_state_metric |         0.00194 |
|             Loss/Loss_state_action_to_state |        7.51e-06 |
|                           Loss/Act_rep_loss |          0.0352 |
|                                   SAC/Alpha |         0.00285 |
|                              SAC/LogPi_mean |           0.518 |
|                                 SAC/Q1_mean |            94.7 |
|                                 SAC/Q2_mean |            94.8 |
|                            Norm/actor_model |             159 |
|                           Norm/critic_model |             263 |
|              Norm/state_action_metric_model |            94.5 |
|                     Norm/state_metric_model |            91.1 |
|        Norm/state_action_state_metric_model |            96.3 |
|                  Metric/self_state_distance |         0.00195 |
|                 Metric/cross_state_distance |            0.94 |
|           Metric/self_state_action_distance |         0.00234 |
|          Metric/cross_state_action_distance |           0.926 |
|             Metric/avg_self_state_asymmetry |               0 |
|            Metric/avg_cross_state_asymmetry |        0.000767 |
|                Metric/avg_self_sa_asymmetry |               0 |
|               Metric/avg_cross_sa_asymmetry |        0.000696 |
|  Metric/self_state_action_to_state_distance |        0.000403 |
| Metric/cross_state_action_to_state_distance |           0.927 |
|                   Metric/h_lambda_diff_self |         0.00194 |
|                  Metric/h_lambda_diff_cross |         0.00139 |
|                                 Eval/Return |           1e+03 |
-----------------------------------------------------------------
-----------------------------------------------------------------
|                                 Train/Steps |        3.34e+06 |
|                            Loss/Loss_critic |          0.0131 |
|                             Loss/Loss_actor |           -96.9 |
|                             Loss/Loss_alpha |        0.000162 |
|               Loss/Loss_state_action_metric |         0.00332 |
|                      Loss/Loss_state_metric |         0.00263 |
|             Loss/Loss_state_action_to_state |        1.62e-05 |
|                           Loss/Act_rep_loss |          0.0179 |
|                                   SAC/Alpha |         0.00174 |
|                              SAC/LogPi_mean |           0.392 |
|                                 SAC/Q1_mean |            96.9 |
|                                 SAC/Q2_mean |            96.8 |
|                            Norm/actor_model |             161 |
|                           Norm/critic_model |             270 |
|              Norm/state_action_metric_model |            97.1 |
|                     Norm/state_metric_model |              93 |
|        Norm/state_action_state_metric_model |            98.8 |
|                  Metric/self_state_distance |           0.002 |
|                 Metric/cross_state_distance |           0.932 |
|           Metric/self_state_action_distance |          0.0032 |
|          Metric/cross_state_action_distance |           0.918 |
|             Metric/avg_self_state_asymmetry |               0 |
|            Metric/avg_cross_state_asymmetry |        0.000784 |
|                Metric/avg_self_sa_asymmetry |               0 |
|               Metric/avg_cross_sa_asymmetry |        0.000874 |
|  Metric/self_state_action_to_state_distance |        0.000612 |
| Metric/cross_state_action_to_state_distance |           0.918 |
|                   Metric/h_lambda_diff_self |          0.0026 |
|                  Metric/h_lambda_diff_cross |         0.00137 |
|                                 Eval/Return |           1e+03 |
-----------------------------------------------------------------
-----------------------------------------------------------------
|                                 Train/Steps |        3.46e+06 |
|                            Loss/Loss_critic |          0.0455 |
|                             Loss/Loss_actor |           -96.8 |
|                             Loss/Loss_alpha |        3.81e-06 |
|               Loss/Loss_state_action_metric |         0.00264 |
|                      Loss/Loss_state_metric |         0.00204 |
|             Loss/Loss_state_action_to_state |        2.02e-05 |
|                           Loss/Act_rep_loss |          0.0211 |
|                                   SAC/Alpha |         0.00318 |
|                              SAC/LogPi_mean |           0.523 |
|                                 SAC/Q1_mean |            96.8 |
|                                 SAC/Q2_mean |            96.8 |
|                            Norm/actor_model |             163 |
|                           Norm/critic_model |             276 |
|              Norm/state_action_metric_model |            99.1 |
|                     Norm/state_metric_model |            94.3 |
|        Norm/state_action_state_metric_model |             101 |
|                  Metric/self_state_distance |         0.00968 |
|                 Metric/cross_state_distance |           0.943 |
|           Metric/self_state_action_distance |         0.00151 |
|          Metric/cross_state_action_distance |           0.923 |
|             Metric/avg_self_state_asymmetry |               0 |
|            Metric/avg_cross_state_asymmetry |         0.00432 |
|                Metric/avg_self_sa_asymmetry |               0 |
|               Metric/avg_cross_sa_asymmetry |        0.000856 |
|  Metric/self_state_action_to_state_distance |          0.0016 |
| Metric/cross_state_action_to_state_distance |           0.923 |
|                   Metric/h_lambda_diff_self |         0.00229 |
|                  Metric/h_lambda_diff_cross |         0.00222 |
|                                 Eval/Return |             777 |
-----------------------------------------------------------------
-----------------------------------------------------------------
|                                 Train/Steps |        3.59e+06 |
|                            Loss/Loss_critic |           0.632 |
|                             Loss/Loss_actor |           -96.6 |
|                             Loss/Loss_alpha |        -0.00398 |
|               Loss/Loss_state_action_metric |         0.00345 |
|                      Loss/Loss_state_metric |         0.00234 |
|             Loss/Loss_state_action_to_state |        6.94e-06 |
|                           Loss/Act_rep_loss |          0.0104 |
|                                   SAC/Alpha |         0.00477 |
|                              SAC/LogPi_mean |            1.39 |
|                                 SAC/Q1_mean |            96.6 |
|                                 SAC/Q2_mean |            96.6 |
|                            Norm/actor_model |             164 |
|                           Norm/critic_model |             282 |
|              Norm/state_action_metric_model |             100 |
|                     Norm/state_metric_model |            97.5 |
|        Norm/state_action_state_metric_model |             103 |
|                  Metric/self_state_distance |         0.00144 |
|                 Metric/cross_state_distance |           0.936 |
|           Metric/self_state_action_distance |         0.00124 |
|          Metric/cross_state_action_distance |           0.922 |
|             Metric/avg_self_state_asymmetry |               0 |
|            Metric/avg_cross_state_asymmetry |        0.000826 |
|                Metric/avg_self_sa_asymmetry |               0 |
|               Metric/avg_cross_sa_asymmetry |         0.00083 |
|  Metric/self_state_action_to_state_distance |        0.000196 |
| Metric/cross_state_action_to_state_distance |           0.921 |
|                   Metric/h_lambda_diff_self |         0.00104 |
|                  Metric/h_lambda_diff_cross |         0.00118 |
|                                 Eval/Return |             884 |
-----------------------------------------------------------------
-----------------------------------------------------------------
|                                 Train/Steps |        3.72e+06 |
|                            Loss/Loss_critic |          0.0327 |
|                             Loss/Loss_actor |           -96.8 |
|                             Loss/Loss_alpha |        0.000207 |
|               Loss/Loss_state_action_metric |          0.0026 |
|                      Loss/Loss_state_metric |         0.00196 |
|             Loss/Loss_state_action_to_state |        1.28e-05 |
|                           Loss/Act_rep_loss |          0.0518 |
|                                   SAC/Alpha |         0.00214 |
|                              SAC/LogPi_mean |           0.495 |
|                                 SAC/Q1_mean |            96.7 |
|                                 SAC/Q2_mean |            96.8 |
|                            Norm/actor_model |             166 |
|                           Norm/critic_model |             291 |
|              Norm/state_action_metric_model |             102 |
|                     Norm/state_metric_model |            99.3 |
|        Norm/state_action_state_metric_model |             105 |
|                  Metric/self_state_distance |         0.00228 |
|                 Metric/cross_state_distance |           0.933 |
|           Metric/self_state_action_distance |          0.0018 |
|          Metric/cross_state_action_distance |           0.922 |
|             Metric/avg_self_state_asymmetry |               0 |
|            Metric/avg_cross_state_asymmetry |        0.000698 |
|                Metric/avg_self_sa_asymmetry |               0 |
|               Metric/avg_cross_sa_asymmetry |        0.000827 |
|  Metric/self_state_action_to_state_distance |        0.000121 |
| Metric/cross_state_action_to_state_distance |            0.92 |
|                   Metric/h_lambda_diff_self |         0.00168 |
|                  Metric/h_lambda_diff_cross |         0.00284 |
|                                 Eval/Return |           1e+03 |
-----------------------------------------------------------------
-----------------------------------------------------------------
|                                 Train/Steps |        3.85e+06 |
|                            Loss/Loss_critic |          0.0352 |
|                             Loss/Loss_actor |           -97.3 |
|                             Loss/Loss_alpha |         7.3e-05 |
|               Loss/Loss_state_action_metric |         0.00324 |
|                      Loss/Loss_state_metric |         0.00262 |
|             Loss/Loss_state_action_to_state |        3.62e-06 |
|                           Loss/Act_rep_loss |          0.0166 |
|                                   SAC/Alpha |           0.005 |
|                              SAC/LogPi_mean |           0.521 |
|                                 SAC/Q1_mean |            97.4 |
|                                 SAC/Q2_mean |            97.4 |
|                            Norm/actor_model |             167 |
|                           Norm/critic_model |             300 |
|              Norm/state_action_metric_model |             104 |
|                     Norm/state_metric_model |             102 |
|        Norm/state_action_state_metric_model |             107 |
|                  Metric/self_state_distance |         0.00116 |
|                 Metric/cross_state_distance |           0.927 |
|           Metric/self_state_action_distance |         0.00134 |
|          Metric/cross_state_action_distance |           0.912 |
|             Metric/avg_self_state_asymmetry |               0 |
|            Metric/avg_cross_state_asymmetry |        0.000652 |
|                Metric/avg_self_sa_asymmetry |               0 |
|               Metric/avg_cross_sa_asymmetry |        0.000761 |
|  Metric/self_state_action_to_state_distance |        5.04e-05 |
| Metric/cross_state_action_to_state_distance |           0.912 |
|                   Metric/h_lambda_diff_self |         0.00129 |
|                  Metric/h_lambda_diff_cross |         0.00119 |
|                                 Eval/Return |           1e+03 |
-----------------------------------------------------------------
-----------------------------------------------------------------
|                                 Train/Steps |        3.98e+06 |
|                            Loss/Loss_critic |         0.00999 |
|                             Loss/Loss_actor |           -97.9 |
|                             Loss/Loss_alpha |        0.000106 |
|               Loss/Loss_state_action_metric |         0.00284 |
|                      Loss/Loss_state_metric |         0.00221 |
|             Loss/Loss_state_action_to_state |        3.24e-06 |
|                           Loss/Act_rep_loss |          0.0144 |
|                                   SAC/Alpha |         0.00182 |
|                              SAC/LogPi_mean |            0.47 |
|                                 SAC/Q1_mean |            97.8 |
|                                 SAC/Q2_mean |            97.9 |
|                            Norm/actor_model |             169 |
|                           Norm/critic_model |             308 |
|              Norm/state_action_metric_model |             106 |
|                     Norm/state_metric_model |             103 |
|        Norm/state_action_state_metric_model |             109 |
|                  Metric/self_state_distance |         0.00166 |
|                 Metric/cross_state_distance |           0.928 |
|           Metric/self_state_action_distance |         0.00174 |
|          Metric/cross_state_action_distance |           0.914 |
|             Metric/avg_self_state_asymmetry |               0 |
|            Metric/avg_cross_state_asymmetry |         0.00114 |
|                Metric/avg_self_sa_asymmetry |               0 |
|               Metric/avg_cross_sa_asymmetry |        0.000655 |
|  Metric/self_state_action_to_state_distance |        6.09e-05 |
| Metric/cross_state_action_to_state_distance |           0.912 |
|                   Metric/h_lambda_diff_self |         0.00168 |
|                  Metric/h_lambda_diff_cross |         0.00175 |
|                                 Eval/Return |             999 |
-----------------------------------------------------------------
-----------------------------------------------------------------
|                                 Train/Steps |         4.1e+06 |
|                            Loss/Loss_critic |          0.0189 |
|                             Loss/Loss_actor |           -99.5 |
|                             Loss/Loss_alpha |        3.19e-05 |
|               Loss/Loss_state_action_metric |         0.00344 |
|                      Loss/Loss_state_metric |         0.00286 |
|             Loss/Loss_state_action_to_state |        1.82e-06 |
|                           Loss/Act_rep_loss |          0.0146 |
|                                   SAC/Alpha |         0.00151 |
|                              SAC/LogPi_mean |           0.511 |
|                                 SAC/Q1_mean |            99.6 |
|                                 SAC/Q2_mean |            99.5 |
|                            Norm/actor_model |             170 |
|                           Norm/critic_model |             316 |
|              Norm/state_action_metric_model |             108 |
|                     Norm/state_metric_model |             105 |
|        Norm/state_action_state_metric_model |             111 |
|                  Metric/self_state_distance |         0.00162 |
|                 Metric/cross_state_distance |           0.913 |
|           Metric/self_state_action_distance |         0.00133 |
|          Metric/cross_state_action_distance |           0.896 |
|             Metric/avg_self_state_asymmetry |               0 |
|            Metric/avg_cross_state_asymmetry |        0.000672 |
|                Metric/avg_self_sa_asymmetry |               0 |
|               Metric/avg_cross_sa_asymmetry |        0.000477 |
|  Metric/self_state_action_to_state_distance |        0.000736 |
| Metric/cross_state_action_to_state_distance |           0.895 |
|                   Metric/h_lambda_diff_self |         0.00111 |
|                  Metric/h_lambda_diff_cross |        0.000955 |
|                                 Eval/Return |           1e+03 |
-----------------------------------------------------------------
[32mSaving model …[0m
[32mDone.[0m
[32mSaving model …[0m
[32mDone.[0m
[32mSaving model …[0m
[32mDone.[0m
[32mSaving model …[0m
[32mDone.[0m
-----------------------------------------------------------------
|                                 Train/Steps |        4.23e+06 |
|                            Loss/Loss_critic |          0.0129 |
|                             Loss/Loss_actor |           -99.7 |
|                             Loss/Loss_alpha |       -6.17e-05 |
|               Loss/Loss_state_action_metric |         0.00224 |
|                      Loss/Loss_state_metric |         0.00167 |
|             Loss/Loss_state_action_to_state |         1.5e-06 |
|                           Loss/Act_rep_loss |          0.0104 |
|                                   SAC/Alpha |         0.00083 |
|                              SAC/LogPi_mean |           0.522 |
|                                 SAC/Q1_mean |            99.8 |
|                                 SAC/Q2_mean |            99.7 |
|                            Norm/actor_model |             170 |
|                           Norm/critic_model |             324 |
|              Norm/state_action_metric_model |             109 |
|                     Norm/state_metric_model |             107 |
|        Norm/state_action_state_metric_model |             114 |
|                  Metric/self_state_distance |         0.00127 |
|                 Metric/cross_state_distance |           0.917 |
|           Metric/self_state_action_distance |         0.00179 |
|          Metric/cross_state_action_distance |             0.9 |
|             Metric/avg_self_state_asymmetry |               0 |
|            Metric/avg_cross_state_asymmetry |        0.000468 |
|                Metric/avg_self_sa_asymmetry |               0 |
|               Metric/avg_cross_sa_asymmetry |        0.000477 |
|  Metric/self_state_action_to_state_distance |        0.000159 |
| Metric/cross_state_action_to_state_distance |             0.9 |
|                   Metric/h_lambda_diff_self |         0.00163 |
|                  Metric/h_lambda_diff_cross |        0.000962 |
|                                 Eval/Return |             769 |
-----------------------------------------------------------------
-----------------------------------------------------------------
|                                 Train/Steps |        4.36e+06 |
|                            Loss/Loss_critic |         0.00938 |
|                             Loss/Loss_actor |           -99.8 |
|                             Loss/Loss_alpha |        4.91e-05 |
|               Loss/Loss_state_action_metric |         0.00269 |
|                      Loss/Loss_state_metric |         0.00216 |
|             Loss/Loss_state_action_to_state |        7.21e-06 |
|                           Loss/Act_rep_loss |         0.00688 |
|                                   SAC/Alpha |        0.000466 |
|                              SAC/LogPi_mean |           0.435 |
|                                 SAC/Q1_mean |            99.9 |
|                                 SAC/Q2_mean |            99.9 |
|                            Norm/actor_model |             171 |
|                           Norm/critic_model |             331 |
|              Norm/state_action_metric_model |             111 |
|                     Norm/state_metric_model |             109 |
|        Norm/state_action_state_metric_model |             115 |
|                  Metric/self_state_distance |        0.000782 |
|                 Metric/cross_state_distance |           0.915 |
|           Metric/self_state_action_distance |         0.00123 |
|          Metric/cross_state_action_distance |           0.898 |
|             Metric/avg_self_state_asymmetry |               0 |
|            Metric/avg_cross_state_asymmetry |         0.00094 |
|                Metric/avg_self_sa_asymmetry |               0 |
|               Metric/avg_cross_sa_asymmetry |        0.000491 |
|  Metric/self_state_action_to_state_distance |        0.000764 |
| Metric/cross_state_action_to_state_distance |           0.898 |
|                   Metric/h_lambda_diff_self |         0.00134 |
|                  Metric/h_lambda_diff_cross |         0.00139 |
|                                 Eval/Return |           1e+03 |
-----------------------------------------------------------------
-----------------------------------------------------------------
|                                 Train/Steps |        4.49e+06 |
|                            Loss/Loss_critic |          0.0033 |
|                             Loss/Loss_actor |           -99.8 |
|                             Loss/Loss_alpha |        -0.00011 |
|               Loss/Loss_state_action_metric |         0.00271 |
|                      Loss/Loss_state_metric |         0.00214 |
|             Loss/Loss_state_action_to_state |        2.36e-06 |
|                           Loss/Act_rep_loss |         0.00729 |
|                                   SAC/Alpha |        0.000554 |
|                              SAC/LogPi_mean |           0.629 |
|                                 SAC/Q1_mean |            99.8 |
|                                 SAC/Q2_mean |            99.8 |
|                            Norm/actor_model |             171 |
|                           Norm/critic_model |             338 |
|              Norm/state_action_metric_model |             112 |
|                     Norm/state_metric_model |             111 |
|        Norm/state_action_state_metric_model |             117 |
|                  Metric/self_state_distance |         0.00085 |
|                 Metric/cross_state_distance |           0.915 |
|           Metric/self_state_action_distance |         0.00115 |
|          Metric/cross_state_action_distance |           0.897 |
|             Metric/avg_self_state_asymmetry |               0 |
|            Metric/avg_cross_state_asymmetry |        0.000772 |
|                Metric/avg_self_sa_asymmetry |               0 |
|               Metric/avg_cross_sa_asymmetry |         0.00063 |
|  Metric/self_state_action_to_state_distance |        0.000435 |
| Metric/cross_state_action_to_state_distance |           0.896 |
|                   Metric/h_lambda_diff_self |        0.000836 |
|                  Metric/h_lambda_diff_cross |        0.000997 |
|                                 Eval/Return |           1e+03 |
-----------------------------------------------------------------
-----------------------------------------------------------------
|                                 Train/Steps |        4.62e+06 |
|                            Loss/Loss_critic |         0.00397 |
|                             Loss/Loss_actor |           -99.8 |
|                             Loss/Loss_alpha |        6.88e-05 |
|               Loss/Loss_state_action_metric |         0.00341 |
|                      Loss/Loss_state_metric |         0.00286 |
|             Loss/Loss_state_action_to_state |        4.27e-06 |
|                           Loss/Act_rep_loss |          0.0103 |
|                                   SAC/Alpha |         0.00071 |
|                              SAC/LogPi_mean |           0.434 |
|                                 SAC/Q1_mean |            99.8 |
|                                 SAC/Q2_mean |            99.8 |
|                            Norm/actor_model |             171 |
|                           Norm/critic_model |             347 |
|              Norm/state_action_metric_model |             114 |
|                     Norm/state_metric_model |             112 |
|        Norm/state_action_state_metric_model |             119 |
|                  Metric/self_state_distance |         0.00042 |
|                 Metric/cross_state_distance |           0.912 |
|           Metric/self_state_action_distance |        0.000882 |
|          Metric/cross_state_action_distance |           0.896 |
|             Metric/avg_self_state_asymmetry |               0 |
|            Metric/avg_cross_state_asymmetry |        0.000605 |
|                Metric/avg_self_sa_asymmetry |               0 |
|               Metric/avg_cross_sa_asymmetry |         0.00103 |
|  Metric/self_state_action_to_state_distance |        0.000262 |
| Metric/cross_state_action_to_state_distance |           0.894 |
|                   Metric/h_lambda_diff_self |        0.000746 |
|                  Metric/h_lambda_diff_cross |         0.00164 |
|                                 Eval/Return |           1e+03 |
-----------------------------------------------------------------
-----------------------------------------------------------------
|                                 Train/Steps |        4.74e+06 |
|                            Loss/Loss_critic |          0.0119 |
|                             Loss/Loss_actor |           -99.8 |
|                             Loss/Loss_alpha |       -1.04e-05 |
|               Loss/Loss_state_action_metric |         0.00314 |
|                      Loss/Loss_state_metric |         0.00244 |
|             Loss/Loss_state_action_to_state |        6.55e-06 |
|                           Loss/Act_rep_loss |          0.0135 |
|                                   SAC/Alpha |         0.00035 |
|                              SAC/LogPi_mean |           0.477 |
|                                 SAC/Q1_mean |            99.8 |
|                                 SAC/Q2_mean |            99.8 |
|                            Norm/actor_model |             172 |
|                           Norm/critic_model |             361 |
|              Norm/state_action_metric_model |             115 |
|                     Norm/state_metric_model |             114 |
|        Norm/state_action_state_metric_model |             120 |
|                  Metric/self_state_distance |        0.000177 |
|                 Metric/cross_state_distance |           0.913 |
|           Metric/self_state_action_distance |         0.00157 |
|          Metric/cross_state_action_distance |           0.897 |
|             Metric/avg_self_state_asymmetry |               0 |
|            Metric/avg_cross_state_asymmetry |        0.000585 |
|                Metric/avg_self_sa_asymmetry |               0 |
|               Metric/avg_cross_sa_asymmetry |        0.000402 |
|  Metric/self_state_action_to_state_distance |        0.000112 |
| Metric/cross_state_action_to_state_distance |           0.896 |
|                   Metric/h_lambda_diff_self |         0.00147 |
|                  Metric/h_lambda_diff_cross |         0.00124 |
|                                 Eval/Return |           1e+03 |
-----------------------------------------------------------------
-----------------------------------------------------------------
|                                 Train/Steps |        4.87e+06 |
|                            Loss/Loss_critic |         0.00763 |
|                             Loss/Loss_actor |           -99.9 |
|                             Loss/Loss_alpha |       -4.63e-05 |
|               Loss/Loss_state_action_metric |         0.00226 |
|                      Loss/Loss_state_metric |         0.00166 |
|             Loss/Loss_state_action_to_state |        2.36e-06 |
|                           Loss/Act_rep_loss |         0.00863 |
|                                   SAC/Alpha |        0.000477 |
|                              SAC/LogPi_mean |           0.561 |
|                                 SAC/Q1_mean |             100 |
|                                 SAC/Q2_mean |            99.9 |
|                            Norm/actor_model |             172 |
|                           Norm/critic_model |             371 |
|              Norm/state_action_metric_model |             117 |
|                     Norm/state_metric_model |             115 |
|        Norm/state_action_state_metric_model |             122 |
|                  Metric/self_state_distance |         0.00133 |
|                 Metric/cross_state_distance |           0.918 |
|           Metric/self_state_action_distance |         0.00188 |
|          Metric/cross_state_action_distance |           0.901 |
|             Metric/avg_self_state_asymmetry |               0 |
|            Metric/avg_cross_state_asymmetry |         0.00068 |
|                Metric/avg_self_sa_asymmetry |               0 |
|               Metric/avg_cross_sa_asymmetry |        0.000438 |
|  Metric/self_state_action_to_state_distance |        6.04e-06 |
| Metric/cross_state_action_to_state_distance |             0.9 |
|                   Metric/h_lambda_diff_self |         0.00188 |
|                  Metric/h_lambda_diff_cross |         0.00105 |
|                                 Eval/Return |           1e+03 |
-----------------------------------------------------------------
-----------------------------------------------------------------
|                                 Train/Steps |           5e+06 |
|                            Loss/Loss_critic |         0.00543 |
|                             Loss/Loss_actor |           -99.7 |
|                             Loss/Loss_alpha |       -1.31e-05 |
|               Loss/Loss_state_action_metric |         0.00222 |
|                      Loss/Loss_state_metric |         0.00164 |
|             Loss/Loss_state_action_to_state |        7.58e-06 |
|                           Loss/Act_rep_loss |         0.00643 |
|                                   SAC/Alpha |        0.000478 |
|                              SAC/LogPi_mean |           0.495 |
|                                 SAC/Q1_mean |            99.7 |
|                                 SAC/Q2_mean |            99.7 |
|                            Norm/actor_model |             172 |
|                           Norm/critic_model |             376 |
|              Norm/state_action_metric_model |             118 |
|                     Norm/state_metric_model |             116 |
|        Norm/state_action_state_metric_model |             123 |
|                  Metric/self_state_distance |        0.000376 |
|                 Metric/cross_state_distance |            0.92 |
|           Metric/self_state_action_distance |        0.000557 |
|          Metric/cross_state_action_distance |           0.902 |
|             Metric/avg_self_state_asymmetry |               0 |
|            Metric/avg_cross_state_asymmetry |         0.00119 |
|                Metric/avg_self_sa_asymmetry |               0 |
|               Metric/avg_cross_sa_asymmetry |        0.000674 |
|  Metric/self_state_action_to_state_distance |        0.000418 |
| Metric/cross_state_action_to_state_distance |           0.902 |
|                   Metric/h_lambda_diff_self |        0.000707 |
|                  Metric/h_lambda_diff_cross |         0.00125 |
|                                 Eval/Return |           1e+03 |
-----------------------------------------------------------------
[32mSaving model …[0m
[32mDone.[0m
[32mSaving model …[0m
[32mDone.[0m
