E0922 20:08:08.483629 2950042 cuda_executor.cc:1526] Could not get kernel mode driver version: (INVALID_ARGUMENT: Version does not match the format X.Y.Z)
E0922 20:08:08.492320 2949932 cuda_executor.cc:1526] Could not get kernel mode driver version: (INVALID_ARGUMENT: Version does not match the format X.Y.Z)
[32mStart prefilling replay buffer[0m
[32mStart SAC training[0m
[32m{'log_freq': 1000, 'save_freq': 1000000, 'eval_episode_freq': 10, 'hidden_size': 256, 'lr': 0.001, 'max_grad_norm': 0.0, 'gamma': 0.99, 'update_tau': 0.005, 'train_per_step': 8, 'episode_length': 1000, 'warmup_samples': 8192, 'max_replay_size': 4000000, 'batch_size': 512, 'total_env_steps': 5000000, 'init_temperature': 0.1, 'nstep': 3, 'bootstrap_on_truncation': True, 'rep_lr_scale': 1.5, 'vis_feq': 100000, 'n_vis_frames': 4, 'num_envs': 128, 'grad_steps': 50, 'transfer_freq': 10, 'transfer_steps': 8, 'reward_scaling': 1.0, 'num_eval_envs': 128, 'target_entropy': -0.5}[0m
[32m[nstep] nstep=3 bootstrap_on_truncation=True (discount from the buffer already contains gamma^nstep)[0m
--------------------------------------------------------
|                        Train/Steps |        1.36e+05 |
|                   Loss/Loss_critic |        2.71e-05 |
|                    Loss/Loss_actor |          -0.117 |
|                    Loss/Loss_alpha |         0.00186 |
|      Loss/Loss_state_action_metric |         0.00225 |
|             Loss/Loss_state_metric |         0.00167 |
|                  Loss/Act_rep_loss |         0.00226 |
|                          SAC/Alpha |         0.00158 |
|                     SAC/LogPi_mean |          -0.666 |
|                        SAC/Q1_mean |           0.118 |
|                        SAC/Q2_mean |           0.119 |
|                   Norm/actor_model |            22.9 |
|                  Norm/critic_model |            44.4 |
|     Norm/state_action_metric_model |            30.9 |
|            Norm/state_metric_model |            31.1 |
|         Metric/self_state_distance |         0.00225 |
|        Metric/cross_state_distance |           0.918 |
|  Metric/self_state_action_distance |         0.00415 |
| Metric/cross_state_action_distance |           0.899 |
|    Metric/avg_self_state_asymmetry |               0 |
|   Metric/avg_cross_state_asymmetry |         0.00225 |
|       Metric/avg_self_sa_asymmetry |               0 |
|      Metric/avg_cross_sa_asymmetry |         0.00266 |
|                        Eval/Return |               0 |
--------------------------------------------------------
--------------------------------------------------------
|                        Train/Steps |        2.64e+05 |
|                   Loss/Loss_critic |        6.14e-06 |
|                    Loss/Loss_actor |          -0.014 |
|                    Loss/Loss_alpha |        6.57e-05 |
|      Loss/Loss_state_action_metric |         0.00294 |
|             Loss/Loss_state_metric |          0.0024 |
|                  Loss/Act_rep_loss |         0.00181 |
|                          SAC/Alpha |        9.12e-05 |
|                     SAC/LogPi_mean |           -0.15 |
|                        SAC/Q1_mean |          0.0154 |
|                        SAC/Q2_mean |          0.0152 |
|                   Norm/actor_model |            36.6 |
|                  Norm/critic_model |            50.6 |
|     Norm/state_action_metric_model |            32.2 |
|            Norm/state_metric_model |            31.4 |
|         Metric/self_state_distance |         0.00172 |
|        Metric/cross_state_distance |           0.915 |
|  Metric/self_state_action_distance |         0.00216 |
| Metric/cross_state_action_distance |           0.898 |
|    Metric/avg_self_state_asymmetry |               0 |
|   Metric/avg_cross_state_asymmetry |         0.00116 |
|       Metric/avg_self_sa_asymmetry |               0 |
|      Metric/avg_cross_sa_asymmetry |         0.00108 |
|                        Eval/Return |           0.406 |
--------------------------------------------------------
--------------------------------------------------------
|                        Train/Steps |        3.92e+05 |
|                   Loss/Loss_critic |        6.81e-07 |
|                    Loss/Loss_actor |         0.00582 |
|                    Loss/Loss_alpha |         1.4e-06 |
|      Loss/Loss_state_action_metric |         0.00259 |
|             Loss/Loss_state_metric |         0.00204 |
|                  Loss/Act_rep_loss |        0.000883 |
|                          SAC/Alpha |        2.84e-05 |
|                     SAC/LogPi_mean |           0.402 |
|                        SAC/Q1_mean |        -0.00557 |
|                        SAC/Q2_mean |         -0.0052 |
|                   Norm/actor_model |            43.4 |
|                  Norm/critic_model |            53.8 |
|     Norm/state_action_metric_model |            33.6 |
|            Norm/state_metric_model |              32 |
|         Metric/self_state_distance |         0.00153 |
|        Metric/cross_state_distance |           0.914 |
|  Metric/self_state_action_distance |         0.00105 |
| Metric/cross_state_action_distance |           0.898 |
|    Metric/avg_self_state_asymmetry |               0 |
|   Metric/avg_cross_state_asymmetry |         0.00109 |
|       Metric/avg_self_sa_asymmetry |               0 |
|      Metric/avg_cross_sa_asymmetry |        0.000847 |
|                        Eval/Return |           0.172 |
--------------------------------------------------------
--------------------------------------------------------
|                        Train/Steps |         5.2e+05 |
|                   Loss/Loss_critic |        2.77e-07 |
|                    Loss/Loss_actor |         0.00603 |
|                    Loss/Loss_alpha |        2.93e-06 |
|      Loss/Loss_state_action_metric |          0.0034 |
|             Loss/Loss_state_metric |         0.00284 |
|                  Loss/Act_rep_loss |        0.000316 |
|                          SAC/Alpha |        1.93e-05 |
|                     SAC/LogPi_mean |           0.385 |
|                        SAC/Q1_mean |        -0.00572 |
|                        SAC/Q2_mean |        -0.00587 |
|                   Norm/actor_model |            47.9 |
|                  Norm/critic_model |            55.6 |
|     Norm/state_action_metric_model |            35.3 |
|            Norm/state_metric_model |            33.9 |
|         Metric/self_state_distance |        0.000815 |
|        Metric/cross_state_distance |           0.911 |
|  Metric/self_state_action_distance |        0.000941 |
| Metric/cross_state_action_distance |           0.892 |
|    Metric/avg_self_state_asymmetry |               0 |
|   Metric/avg_cross_state_asymmetry |        0.000719 |
|       Metric/avg_self_sa_asymmetry |               0 |
|      Metric/avg_cross_sa_asymmetry |         0.00113 |
|                        Eval/Return |               0 |
--------------------------------------------------------
--------------------------------------------------------
|                        Train/Steps |        6.48e+05 |
|                   Loss/Loss_critic |         2.4e-07 |
|                    Loss/Loss_actor |         0.00649 |
|                    Loss/Loss_alpha |        1.16e-06 |
|      Loss/Loss_state_action_metric |         0.00226 |
|             Loss/Loss_state_metric |          0.0017 |
|                  Loss/Act_rep_loss |        5.78e-05 |
|                          SAC/Alpha |        2.57e-05 |
|                     SAC/LogPi_mean |           0.389 |
|                        SAC/Q1_mean |        -0.00629 |
|                        SAC/Q2_mean |        -0.00614 |
|                   Norm/actor_model |            52.1 |
|                  Norm/critic_model |            57.2 |
|     Norm/state_action_metric_model |            37.7 |
|            Norm/state_metric_model |            36.6 |
|         Metric/self_state_distance |        0.000566 |
|        Metric/cross_state_distance |           0.917 |
|  Metric/self_state_action_distance |         0.00331 |
| Metric/cross_state_action_distance |             0.9 |
|    Metric/avg_self_state_asymmetry |               0 |
|   Metric/avg_cross_state_asymmetry |         0.00107 |
|       Metric/avg_self_sa_asymmetry |               0 |
|      Metric/avg_cross_sa_asymmetry |        0.000661 |
|                        Eval/Return |           0.414 |
--------------------------------------------------------
--------------------------------------------------------
|                        Train/Steps |        7.76e+05 |
|                   Loss/Loss_critic |        1.37e-07 |
|                    Loss/Loss_actor |           0.007 |
|                    Loss/Loss_alpha |        4.15e-06 |
|      Loss/Loss_state_action_metric |         0.00222 |
|             Loss/Loss_state_metric |         0.00167 |
|                  Loss/Act_rep_loss |         1.6e-05 |
|                          SAC/Alpha |        8.51e-06 |
|                     SAC/LogPi_mean |          0.0414 |
|                        SAC/Q1_mean |        -0.00668 |
|                        SAC/Q2_mean |        -0.00696 |
|                   Norm/actor_model |            56.1 |
|                  Norm/critic_model |            58.4 |
|     Norm/state_action_metric_model |            40.1 |
|            Norm/state_metric_model |            38.9 |
|         Metric/self_state_distance |        0.000352 |
|        Metric/cross_state_distance |           0.917 |
|  Metric/self_state_action_distance |        0.000803 |
| Metric/cross_state_action_distance |             0.9 |
|    Metric/avg_self_state_asymmetry |               0 |
|   Metric/avg_cross_state_asymmetry |         0.00092 |
|       Metric/avg_self_sa_asymmetry |               0 |
|      Metric/avg_cross_sa_asymmetry |         0.00059 |
|                        Eval/Return |           0.297 |
--------------------------------------------------------
--------------------------------------------------------
|                        Train/Steps |        9.04e+05 |
|                   Loss/Loss_critic |        2.62e-10 |
|                    Loss/Loss_actor |          0.0017 |
|                    Loss/Loss_alpha |        1.43e-07 |
|      Loss/Loss_state_action_metric |         0.00261 |
|             Loss/Loss_state_metric |         0.00207 |
|                  Loss/Act_rep_loss |        2.05e-08 |
|                          SAC/Alpha |        1.27e-07 |
|                     SAC/LogPi_mean |          -0.586 |
|                        SAC/Q1_mean |         -0.0017 |
|                        SAC/Q2_mean |        -0.00168 |
|                   Norm/actor_model |            56.6 |
|                  Norm/critic_model |            59.6 |
|     Norm/state_action_metric_model |              42 |
|            Norm/state_metric_model |            42.3 |
|         Metric/self_state_distance |         0.00112 |
|        Metric/cross_state_distance |           0.916 |
|  Metric/self_state_action_distance |        0.000217 |
| Metric/cross_state_action_distance |           0.898 |
|    Metric/avg_self_state_asymmetry |               0 |
|   Metric/avg_cross_state_asymmetry |         0.00115 |
|       Metric/avg_self_sa_asymmetry |               0 |
|      Metric/avg_cross_sa_asymmetry |        0.000623 |
|                        Eval/Return |           0.344 |
--------------------------------------------------------
--------------------------------------------------------
|                        Train/Steps |        1.03e+06 |
|                   Loss/Loss_critic |        3.92e-08 |
|                    Loss/Loss_actor |        0.000535 |
|                    Loss/Loss_alpha |         5.9e-09 |
|      Loss/Loss_state_action_metric |         0.00225 |
|             Loss/Loss_state_metric |         0.00169 |
|                  Loss/Act_rep_loss |               0 |
|                          SAC/Alpha |         7.6e-09 |
|                     SAC/LogPi_mean |          -0.298 |
|                        SAC/Q1_mean |       -5.94e-05 |
|                        SAC/Q2_mean |       -0.000535 |
|                   Norm/actor_model |            56.7 |
|                  Norm/critic_model |            60.8 |
|     Norm/state_action_metric_model |            44.1 |
|            Norm/state_metric_model |            45.4 |
|         Metric/self_state_distance |        0.000247 |
|        Metric/cross_state_distance |           0.916 |
|  Metric/self_state_action_distance |        0.000447 |
| Metric/cross_state_action_distance |             0.9 |
|    Metric/avg_self_state_asymmetry |               0 |
|   Metric/avg_cross_state_asymmetry |         0.00049 |
|       Metric/avg_self_sa_asymmetry |               0 |
|      Metric/avg_cross_sa_asymmetry |        0.000719 |
|                        Eval/Return |               0 |
--------------------------------------------------------
[32mSaving model …[0m
[32mDone.[0m
[32mSaving model …[0m
[32mDone.[0m
[32mSaving model …[0m
[32mDone.[0m
[32mSaving model …[0m
[32mDone.[0m
--------------------------------------------------------
|                        Train/Steps |        1.16e+06 |
|                   Loss/Loss_critic |        4.03e-09 |
|                    Loss/Loss_actor |        0.000121 |
|                    Loss/Loss_alpha |        1.14e-09 |
|      Loss/Loss_state_action_metric |         0.00261 |
|             Loss/Loss_state_metric |         0.00206 |
|                  Loss/Act_rep_loss |         3.4e-09 |
|                          SAC/Alpha |        1.57e-09 |
|                     SAC/LogPi_mean |          -0.253 |
|                        SAC/Q1_mean |       -0.000122 |
|                        SAC/Q2_mean |        3.16e-05 |
|                   Norm/actor_model |            56.7 |
|                  Norm/critic_model |            61.6 |
|     Norm/state_action_metric_model |            46.6 |
|            Norm/state_metric_model |            47.5 |
|         Metric/self_state_distance |        0.000176 |
|        Metric/cross_state_distance |           0.915 |
|  Metric/self_state_action_distance |        0.000663 |
| Metric/cross_state_action_distance |           0.898 |
|    Metric/avg_self_state_asymmetry |               0 |
|   Metric/avg_cross_state_asymmetry |        0.000483 |
|       Metric/avg_self_sa_asymmetry |               0 |
|      Metric/avg_cross_sa_asymmetry |        0.000604 |
|                        Eval/Return |               0 |
--------------------------------------------------------
--------------------------------------------------------
|                        Train/Steps |        1.29e+06 |
|                   Loss/Loss_critic |        1.86e-09 |
|                    Loss/Loss_actor |        -0.00077 |
|                    Loss/Loss_alpha |        4.16e-10 |
|      Loss/Loss_state_action_metric |          0.0023 |
|             Loss/Loss_state_metric |          0.0017 |
|                  Loss/Act_rep_loss |               0 |
|                          SAC/Alpha |        8.96e-10 |
|                     SAC/LogPi_mean |           0.121 |
|                        SAC/Q1_mean |         0.00077 |
|                        SAC/Q2_mean |         0.00083 |
|                   Norm/actor_model |            56.8 |
|                  Norm/critic_model |            62.2 |
|     Norm/state_action_metric_model |            48.8 |
|            Norm/state_metric_model |            50.5 |
|         Metric/self_state_distance |        0.000852 |
|        Metric/cross_state_distance |           0.917 |
|  Metric/self_state_action_distance |        0.000627 |
| Metric/cross_state_action_distance |           0.899 |
|    Metric/avg_self_state_asymmetry |               0 |
|   Metric/avg_cross_state_asymmetry |        0.000658 |
|       Metric/avg_self_sa_asymmetry |               0 |
|      Metric/avg_cross_sa_asymmetry |        0.000413 |
|                        Eval/Return |            1.81 |
--------------------------------------------------------
--------------------------------------------------------
|                        Train/Steps |        1.42e+06 |
|                   Loss/Loss_critic |         0.00855 |
|                    Loss/Loss_actor |        -0.00934 |
|                    Loss/Loss_alpha |       -4.68e-08 |
|      Loss/Loss_state_action_metric |         0.00231 |
|             Loss/Loss_state_metric |          0.0017 |
|                  Loss/Act_rep_loss |         0.00157 |
|                          SAC/Alpha |        6.04e-08 |
|                     SAC/LogPi_mean |            1.14 |
|                        SAC/Q1_mean |          0.0107 |
|                        SAC/Q2_mean |           0.009 |
|                   Norm/actor_model |            57.3 |
|                  Norm/critic_model |            63.9 |
|     Norm/state_action_metric_model |            51.3 |
|            Norm/state_metric_model |            53.1 |
|         Metric/self_state_distance |         0.00012 |
|        Metric/cross_state_distance |           0.916 |
|  Metric/self_state_action_distance |        0.000823 |
| Metric/cross_state_action_distance |             0.9 |
|    Metric/avg_self_state_asymmetry |               0 |
|   Metric/avg_cross_state_asymmetry |        0.000482 |
|       Metric/avg_self_sa_asymmetry |               0 |
|      Metric/avg_cross_sa_asymmetry |        0.000635 |
|                        Eval/Return |           0.555 |
--------------------------------------------------------
--------------------------------------------------------
|                        Train/Steps |        1.54e+06 |
|                   Loss/Loss_critic |        2.39e-07 |
|                    Loss/Loss_actor |        -0.00207 |
|                    Loss/Loss_alpha |        1.15e-06 |
|      Loss/Loss_state_action_metric |         0.00266 |
|             Loss/Loss_state_metric |          0.0021 |
|                  Loss/Act_rep_loss |               0 |
|                          SAC/Alpha |        2.82e-06 |
|                     SAC/LogPi_mean |         -0.0542 |
|                        SAC/Q1_mean |         0.00207 |
|                        SAC/Q2_mean |         0.00219 |
|                   Norm/actor_model |              60 |
|                  Norm/critic_model |            64.6 |
|     Norm/state_action_metric_model |            53.2 |
|            Norm/state_metric_model |            55.3 |
|         Metric/self_state_distance |         0.00199 |
|        Metric/cross_state_distance |           0.914 |
|  Metric/self_state_action_distance |         0.00025 |
| Metric/cross_state_action_distance |           0.898 |
|    Metric/avg_self_state_asymmetry |               0 |
|   Metric/avg_cross_state_asymmetry |        0.000341 |
|       Metric/avg_self_sa_asymmetry |               0 |
|      Metric/avg_cross_sa_asymmetry |        0.000882 |
|                        Eval/Return |             1.3 |
--------------------------------------------------------
--------------------------------------------------------
|                        Train/Steps |        1.67e+06 |
|                   Loss/Loss_critic |        2.44e-07 |
|                    Loss/Loss_actor |        -0.00116 |
|                    Loss/Loss_alpha |        2.87e-05 |
|      Loss/Loss_state_action_metric |         0.00341 |
|             Loss/Loss_state_metric |         0.00285 |
|                  Loss/Act_rep_loss |               0 |
|                          SAC/Alpha |        3.47e-05 |
|                     SAC/LogPi_mean |          -0.321 |
|                        SAC/Q1_mean |         0.00115 |
|                        SAC/Q2_mean |         0.00129 |
|                   Norm/actor_model |              65 |
|                  Norm/critic_model |            65.4 |
|     Norm/state_action_metric_model |            55.5 |
|            Norm/state_metric_model |            58.2 |
|         Metric/self_state_distance |        0.000892 |
|        Metric/cross_state_distance |           0.911 |
|  Metric/self_state_action_distance |         0.00075 |
| Metric/cross_state_action_distance |           0.894 |
|    Metric/avg_self_state_asymmetry |               0 |
|   Metric/avg_cross_state_asymmetry |        0.000551 |
|       Metric/avg_self_sa_asymmetry |               0 |
|      Metric/avg_cross_sa_asymmetry |        0.000364 |
|                        Eval/Return |           0.383 |
--------------------------------------------------------
--------------------------------------------------------
|                        Train/Steps |         1.8e+06 |
|                   Loss/Loss_critic |        3.08e-07 |
|                    Loss/Loss_actor |         0.00128 |
|                    Loss/Loss_alpha |        4.66e-05 |
|      Loss/Loss_state_action_metric |         0.00263 |
|             Loss/Loss_state_metric |         0.00208 |
|                  Loss/Act_rep_loss |               0 |
|                          SAC/Alpha |        6.46e-05 |
|                     SAC/LogPi_mean |          -0.166 |
|                        SAC/Q1_mean |        -0.00129 |
|                        SAC/Q2_mean |       -0.000377 |
|                   Norm/actor_model |            67.4 |
|                  Norm/critic_model |            66.8 |
|     Norm/state_action_metric_model |            57.4 |
|            Norm/state_metric_model |            60.4 |
|         Metric/self_state_distance |        0.000131 |
|        Metric/cross_state_distance |           0.914 |
|  Metric/self_state_action_distance |        0.000323 |
| Metric/cross_state_action_distance |           0.898 |
|    Metric/avg_self_state_asymmetry |               0 |
|   Metric/avg_cross_state_asymmetry |        0.000314 |
|       Metric/avg_self_sa_asymmetry |               0 |
|      Metric/avg_cross_sa_asymmetry |        0.000397 |
|                        Eval/Return |          0.0469 |
--------------------------------------------------------
--------------------------------------------------------
|                        Train/Steps |        1.93e+06 |
|                   Loss/Loss_critic |        4.58e-07 |
|                    Loss/Loss_actor |         0.00078 |
|                    Loss/Loss_alpha |        1.79e-05 |
|      Loss/Loss_state_action_metric |         0.00264 |
|             Loss/Loss_state_metric |         0.00209 |
|                  Loss/Act_rep_loss |               0 |
|                          SAC/Alpha |        3.51e-05 |
|                     SAC/LogPi_mean |         -0.0169 |
|                        SAC/Q1_mean |        -0.00078 |
|                        SAC/Q2_mean |       -0.000615 |
|                   Norm/actor_model |            68.5 |
|                  Norm/critic_model |            68.4 |
|     Norm/state_action_metric_model |            60.1 |
|            Norm/state_metric_model |            62.5 |
|         Metric/self_state_distance |        0.000663 |
|        Metric/cross_state_distance |           0.914 |
|  Metric/self_state_action_distance |         0.00189 |
| Metric/cross_state_action_distance |           0.897 |
|    Metric/avg_self_state_asymmetry |               0 |
|   Metric/avg_cross_state_asymmetry |        0.000318 |
|       Metric/avg_self_sa_asymmetry |               0 |
|      Metric/avg_cross_sa_asymmetry |        0.000331 |
|                        Eval/Return |           0.453 |
--------------------------------------------------------
--------------------------------------------------------
|                        Train/Steps |        2.06e+06 |
|                   Loss/Loss_critic |         0.00782 |
|                    Loss/Loss_actor |         -0.0513 |
|                    Loss/Loss_alpha |       -4.46e-06 |
|      Loss/Loss_state_action_metric |         0.00231 |
|             Loss/Loss_state_metric |         0.00171 |
|                  Loss/Act_rep_loss |         0.00882 |
|                          SAC/Alpha |        6.48e-05 |
|                     SAC/LogPi_mean |           0.582 |
|                        SAC/Q1_mean |          0.0516 |
|                        SAC/Q2_mean |          0.0536 |
|                   Norm/actor_model |              70 |
|                  Norm/critic_model |            69.4 |
|     Norm/state_action_metric_model |            62.6 |
|            Norm/state_metric_model |            64.9 |
|         Metric/self_state_distance |         0.00065 |
|        Metric/cross_state_distance |           0.916 |
|  Metric/self_state_action_distance |        0.000508 |
| Metric/cross_state_action_distance |           0.899 |
|    Metric/avg_self_state_asymmetry |               0 |
|   Metric/avg_cross_state_asymmetry |         0.00035 |
|       Metric/avg_self_sa_asymmetry |               0 |
|      Metric/avg_cross_sa_asymmetry |        0.000346 |
|                        Eval/Return |            1.61 |
--------------------------------------------------------
[32mSaving model …[0m
[32mDone.[0m
[32mSaving model …[0m
[32mDone.[0m
[32mSaving model …[0m
[32mDone.[0m
[32mSaving model …[0m
[32mDone.[0m
--------------------------------------------------------
|                        Train/Steps |        2.18e+06 |
|                   Loss/Loss_critic |        1.07e-06 |
|                    Loss/Loss_actor |        -0.00177 |
|                    Loss/Loss_alpha |        4.45e-05 |
|      Loss/Loss_state_action_metric |         0.00225 |
|             Loss/Loss_state_metric |          0.0017 |
|                  Loss/Act_rep_loss |               0 |
|                          SAC/Alpha |        7.92e-05 |
|                     SAC/LogPi_mean |          -0.161 |
|                        SAC/Q1_mean |         0.00175 |
|                        SAC/Q2_mean |         0.00212 |
|                   Norm/actor_model |              72 |
|                  Norm/critic_model |            70.6 |
|     Norm/state_action_metric_model |            64.7 |
|            Norm/state_metric_model |              67 |
|         Metric/self_state_distance |        5.27e-05 |
|        Metric/cross_state_distance |           0.917 |
|  Metric/self_state_action_distance |         0.00119 |
| Metric/cross_state_action_distance |           0.899 |
|    Metric/avg_self_state_asymmetry |               0 |
|   Metric/avg_cross_state_asymmetry |        0.000344 |
|       Metric/avg_self_sa_asymmetry |               0 |
|      Metric/avg_cross_sa_asymmetry |         0.00032 |
|                        Eval/Return |            2.19 |
--------------------------------------------------------
--------------------------------------------------------
|                        Train/Steps |        2.31e+06 |
|                   Loss/Loss_critic |        7.98e-08 |
|                    Loss/Loss_actor |        0.000373 |
|                    Loss/Loss_alpha |       -2.99e-05 |
|      Loss/Loss_state_action_metric |         0.00264 |
|             Loss/Loss_state_metric |         0.00209 |
|                  Loss/Act_rep_loss |               0 |
|                          SAC/Alpha |        7.91e-05 |
|                     SAC/LogPi_mean |            1.06 |
|                        SAC/Q1_mean |       -0.000199 |
|                        SAC/Q2_mean |       -0.000289 |
|                   Norm/actor_model |            74.7 |
|                  Norm/critic_model |            71.6 |
|     Norm/state_action_metric_model |              67 |
|            Norm/state_metric_model |            68.3 |
|         Metric/self_state_distance |        0.000346 |
|        Metric/cross_state_distance |           0.914 |
|  Metric/self_state_action_distance |        0.000249 |
| Metric/cross_state_action_distance |           0.897 |
|    Metric/avg_self_state_asymmetry |               0 |
|   Metric/avg_cross_state_asymmetry |        0.000207 |
|       Metric/avg_self_sa_asymmetry |               0 |
|      Metric/avg_cross_sa_asymmetry |        0.000223 |
|                        Eval/Return |            0.57 |
--------------------------------------------------------
--------------------------------------------------------
|                        Train/Steps |        2.44e+06 |
|                   Loss/Loss_critic |         0.00202 |
|                    Loss/Loss_actor |         -0.0305 |
|                    Loss/Loss_alpha |        5.79e-06 |
|      Loss/Loss_state_action_metric |         0.00268 |
|             Loss/Loss_state_metric |         0.00209 |
|                  Loss/Act_rep_loss |         0.00528 |
|                          SAC/Alpha |         8.5e-05 |
|                     SAC/LogPi_mean |           0.379 |
|                        SAC/Q1_mean |          0.0314 |
|                        SAC/Q2_mean |          0.0344 |
|                   Norm/actor_model |              77 |
|                  Norm/critic_model |            72.5 |
|     Norm/state_action_metric_model |              69 |
|            Norm/state_metric_model |            71.2 |
|         Metric/self_state_distance |        0.000335 |
|        Metric/cross_state_distance |           0.914 |
|  Metric/self_state_action_distance |        0.000862 |
| Metric/cross_state_action_distance |           0.898 |
|    Metric/avg_self_state_asymmetry |               0 |
|   Metric/avg_cross_state_asymmetry |         0.00027 |
|       Metric/avg_self_sa_asymmetry |               0 |
|      Metric/avg_cross_sa_asymmetry |        0.000283 |
|                        Eval/Return |           0.141 |
--------------------------------------------------------
--------------------------------------------------------
|                        Train/Steps |        2.57e+06 |
|                   Loss/Loss_critic |        3.62e-07 |
|                    Loss/Loss_actor |        0.000722 |
|                    Loss/Loss_alpha |        3.04e-05 |
|      Loss/Loss_state_action_metric |         0.00306 |
|             Loss/Loss_state_metric |         0.00251 |
|                  Loss/Act_rep_loss |               0 |
|                          SAC/Alpha |        4.49e-05 |
|                     SAC/LogPi_mean |          -0.169 |
|                        SAC/Q1_mean |        0.000337 |
|                        SAC/Q2_mean |        -0.00073 |
|                   Norm/actor_model |            78.8 |
|                  Norm/critic_model |            73.5 |
|     Norm/state_action_metric_model |              71 |
|            Norm/state_metric_model |              73 |
|         Metric/self_state_distance |        0.000638 |
|        Metric/cross_state_distance |           0.912 |
|  Metric/self_state_action_distance |        0.000536 |
| Metric/cross_state_action_distance |           0.895 |
|    Metric/avg_self_state_asymmetry |               0 |
|   Metric/avg_cross_state_asymmetry |        0.000263 |
|       Metric/avg_self_sa_asymmetry |               0 |
|      Metric/avg_cross_sa_asymmetry |        0.000338 |
|                        Eval/Return |           0.555 |
--------------------------------------------------------
--------------------------------------------------------
|                        Train/Steps |         2.7e+06 |
|                   Loss/Loss_critic |        3.83e-07 |
|                    Loss/Loss_actor |       -0.000886 |
|                    Loss/Loss_alpha |       -0.000115 |
|      Loss/Loss_state_action_metric |         0.00381 |
|             Loss/Loss_state_metric |         0.00326 |
|                  Loss/Act_rep_loss |               0 |
|                          SAC/Alpha |        3.59e-05 |
|                     SAC/LogPi_mean |            3.94 |
|                        SAC/Q1_mean |         0.00157 |
|                        SAC/Q2_mean |         0.00103 |
|                   Norm/actor_model |              81 |
|                  Norm/critic_model |            74.4 |
|     Norm/state_action_metric_model |            72.7 |
|            Norm/state_metric_model |            74.4 |
|         Metric/self_state_distance |        0.000158 |
|        Metric/cross_state_distance |           0.909 |
|  Metric/self_state_action_distance |          0.0011 |
| Metric/cross_state_action_distance |           0.892 |
|    Metric/avg_self_state_asymmetry |               0 |
|   Metric/avg_cross_state_asymmetry |         0.00028 |
|       Metric/avg_self_sa_asymmetry |               0 |
|      Metric/avg_cross_sa_asymmetry |          0.0003 |
|                        Eval/Return |               0 |
--------------------------------------------------------
--------------------------------------------------------
|                        Train/Steps |        2.82e+06 |
|                   Loss/Loss_critic |        1.27e-06 |
|                    Loss/Loss_actor |        0.000193 |
|                    Loss/Loss_alpha |        3.08e-05 |
|      Loss/Loss_state_action_metric |         0.00225 |
|             Loss/Loss_state_metric |          0.0017 |
|                  Loss/Act_rep_loss |               0 |
|                          SAC/Alpha |        3.11e-05 |
|                     SAC/LogPi_mean |          -0.473 |
|                        SAC/Q1_mean |       -0.000207 |
|                        SAC/Q2_mean |          0.0029 |
|                   Norm/actor_model |            82.7 |
|                  Norm/critic_model |              75 |
|     Norm/state_action_metric_model |              75 |
|            Norm/state_metric_model |            75.5 |
|         Metric/self_state_distance |        0.000145 |
|        Metric/cross_state_distance |           0.916 |
|  Metric/self_state_action_distance |        0.000663 |
| Metric/cross_state_action_distance |           0.899 |
|    Metric/avg_self_state_asymmetry |               0 |
|   Metric/avg_cross_state_asymmetry |        0.000248 |
|       Metric/avg_self_sa_asymmetry |               0 |
|      Metric/avg_cross_sa_asymmetry |        0.000278 |
|                        Eval/Return |            3.26 |
--------------------------------------------------------
--------------------------------------------------------
|                        Train/Steps |        2.95e+06 |
|                   Loss/Loss_critic |         1.6e-07 |
|                    Loss/Loss_actor |        -0.00102 |
|                    Loss/Loss_alpha |       -4.34e-05 |
|      Loss/Loss_state_action_metric |         0.00226 |
|             Loss/Loss_state_metric |         0.00171 |
|                  Loss/Act_rep_loss |               0 |
|                          SAC/Alpha |        4.58e-05 |
|                     SAC/LogPi_mean |            1.64 |
|                        SAC/Q1_mean |          0.0019 |
|                        SAC/Q2_mean |         0.00109 |
|                   Norm/actor_model |            86.3 |
|                  Norm/critic_model |            75.8 |
|     Norm/state_action_metric_model |            77.1 |
|            Norm/state_metric_model |            76.8 |
|         Metric/self_state_distance |        3.28e-05 |
|        Metric/cross_state_distance |           0.916 |
|  Metric/self_state_action_distance |        0.000482 |
| Metric/cross_state_action_distance |           0.899 |
|    Metric/avg_self_state_asymmetry |               0 |
|   Metric/avg_cross_state_asymmetry |        0.000669 |
|       Metric/avg_self_sa_asymmetry |               0 |
|      Metric/avg_cross_sa_asymmetry |        0.000383 |
|                        Eval/Return |            1.68 |
--------------------------------------------------------
--------------------------------------------------------
|                        Train/Steps |        3.08e+06 |
|                   Loss/Loss_critic |        1.25e-06 |
|                    Loss/Loss_actor |        0.000344 |
|                    Loss/Loss_alpha |       -0.000167 |
|      Loss/Loss_state_action_metric |         0.00302 |
|             Loss/Loss_state_metric |         0.00247 |
|                  Loss/Act_rep_loss |               0 |
|                          SAC/Alpha |        2.66e-05 |
|                     SAC/LogPi_mean |            6.92 |
|                        SAC/Q1_mean |       -0.000161 |
|                        SAC/Q2_mean |         0.00153 |
|                   Norm/actor_model |            88.5 |
|                  Norm/critic_model |            76.4 |
|     Norm/state_action_metric_model |            78.5 |
|            Norm/state_metric_model |            78.3 |
|         Metric/self_state_distance |        0.000283 |
|        Metric/cross_state_distance |           0.912 |
|  Metric/self_state_action_distance |        0.000583 |
| Metric/cross_state_action_distance |           0.895 |
|    Metric/avg_self_state_asymmetry |               0 |
|   Metric/avg_cross_state_asymmetry |        0.000224 |
|       Metric/avg_self_sa_asymmetry |               0 |
|      Metric/avg_cross_sa_asymmetry |        0.000243 |
|                        Eval/Return |           0.695 |
--------------------------------------------------------
[32mSaving model …[0m
[32mDone.[0m
[32mSaving model …[0m
[32mDone.[0m
[32mSaving model …[0m
[32mDone.[0m
[32mSaving model …[0m
[32mDone.[0m
--------------------------------------------------------
|                        Train/Steps |        3.21e+06 |
|                   Loss/Loss_critic |         0.00189 |
|                    Loss/Loss_actor |        -0.00151 |
|                    Loss/Loss_alpha |       -0.000281 |
|      Loss/Loss_state_action_metric |         0.00307 |
|             Loss/Loss_state_metric |          0.0025 |
|                  Loss/Act_rep_loss |        0.000226 |
|                          SAC/Alpha |        3.14e-05 |
|                     SAC/LogPi_mean |             9.1 |
|                        SAC/Q1_mean |         0.00326 |
|                        SAC/Q2_mean |         0.00563 |
|                   Norm/actor_model |            90.9 |
|                  Norm/critic_model |            76.8 |
|     Norm/state_action_metric_model |            80.7 |
|            Norm/state_metric_model |              80 |
|         Metric/self_state_distance |        0.000211 |
|        Metric/cross_state_distance |           0.912 |
|  Metric/self_state_action_distance |        0.000593 |
| Metric/cross_state_action_distance |           0.894 |
|    Metric/avg_self_state_asymmetry |               0 |
|   Metric/avg_cross_state_asymmetry |        0.000323 |
|       Metric/avg_self_sa_asymmetry |               0 |
|      Metric/avg_cross_sa_asymmetry |        0.000344 |
|                        Eval/Return |           0.852 |
--------------------------------------------------------
--------------------------------------------------------
|                        Train/Steps |        3.34e+06 |
|                   Loss/Loss_critic |         0.00226 |
|                    Loss/Loss_actor |          -0.024 |
|                    Loss/Loss_alpha |       -3.03e-05 |
|      Loss/Loss_state_action_metric |         0.00226 |
|             Loss/Loss_state_metric |         0.00171 |
|                  Loss/Act_rep_loss |         0.00359 |
|                          SAC/Alpha |        1.04e-05 |
|                     SAC/LogPi_mean |            3.76 |
|                        SAC/Q1_mean |          0.0229 |
|                        SAC/Q2_mean |          0.0262 |
|                   Norm/actor_model |            92.4 |
|                  Norm/critic_model |            77.3 |
|     Norm/state_action_metric_model |            82.6 |
|            Norm/state_metric_model |            80.8 |
|         Metric/self_state_distance |        0.000578 |
|        Metric/cross_state_distance |           0.916 |
|  Metric/self_state_action_distance |        0.000673 |
| Metric/cross_state_action_distance |           0.899 |
|    Metric/avg_self_state_asymmetry |               0 |
|   Metric/avg_cross_state_asymmetry |        0.000217 |
|       Metric/avg_self_sa_asymmetry |               0 |
|      Metric/avg_cross_sa_asymmetry |        0.000266 |
|                        Eval/Return |           0.516 |
--------------------------------------------------------
--------------------------------------------------------
|                        Train/Steps |        3.46e+06 |
|                   Loss/Loss_critic |         0.00162 |
|                    Loss/Loss_actor |        -0.00202 |
|                    Loss/Loss_alpha |       -0.000229 |
|      Loss/Loss_state_action_metric |         0.00265 |
|             Loss/Loss_state_metric |          0.0021 |
|                  Loss/Act_rep_loss |        0.000274 |
|                          SAC/Alpha |         7.5e-05 |
|                     SAC/LogPi_mean |             3.3 |
|                        SAC/Q1_mean |         0.00175 |
|                        SAC/Q2_mean |         0.00448 |
|                   Norm/actor_model |            94.5 |
|                  Norm/critic_model |            77.9 |
|     Norm/state_action_metric_model |            84.6 |
|            Norm/state_metric_model |            82.3 |
|         Metric/self_state_distance |        0.000113 |
|        Metric/cross_state_distance |           0.914 |
|  Metric/self_state_action_distance |          0.0013 |
| Metric/cross_state_action_distance |           0.897 |
|    Metric/avg_self_state_asymmetry |               0 |
|   Metric/avg_cross_state_asymmetry |        0.000361 |
|       Metric/avg_self_sa_asymmetry |               0 |
|      Metric/avg_cross_sa_asymmetry |        0.000378 |
|                        Eval/Return |           0.891 |
--------------------------------------------------------
--------------------------------------------------------
|                        Train/Steps |        3.59e+06 |
|                   Loss/Loss_critic |        2.34e-07 |
|                    Loss/Loss_actor |        -0.00104 |
|                    Loss/Loss_alpha |        3.19e-07 |
|      Loss/Loss_state_action_metric |         0.00226 |
|             Loss/Loss_state_metric |         0.00171 |
|                  Loss/Act_rep_loss |               0 |
|                          SAC/Alpha |        7.31e-05 |
|                     SAC/LogPi_mean |           0.432 |
|                        SAC/Q1_mean |         0.00179 |
|                        SAC/Q2_mean |         0.00107 |
|                   Norm/actor_model |            96.2 |
|                  Norm/critic_model |            78.4 |
|     Norm/state_action_metric_model |              86 |
|            Norm/state_metric_model |            83.3 |
|         Metric/self_state_distance |        0.000121 |
|        Metric/cross_state_distance |           0.916 |
|  Metric/self_state_action_distance |        0.000173 |
| Metric/cross_state_action_distance |           0.899 |
|    Metric/avg_self_state_asymmetry |               0 |
|   Metric/avg_cross_state_asymmetry |        0.000312 |
|       Metric/avg_self_sa_asymmetry |               0 |
|      Metric/avg_cross_sa_asymmetry |        0.000353 |
|                        Eval/Return |           0.227 |
--------------------------------------------------------
--------------------------------------------------------
|                        Train/Steps |        3.72e+06 |
|                   Loss/Loss_critic |          0.0108 |
|                    Loss/Loss_actor |         -0.0358 |
|                    Loss/Loss_alpha |       -5.29e-06 |
|      Loss/Loss_state_action_metric |          0.0023 |
|             Loss/Loss_state_metric |         0.00171 |
|                  Loss/Act_rep_loss |         0.00664 |
|                          SAC/Alpha |        4.69e-05 |
|                     SAC/LogPi_mean |           0.595 |
|                        SAC/Q1_mean |          0.0448 |
|                        SAC/Q2_mean |          0.0371 |
|                   Norm/actor_model |            97.4 |
|                  Norm/critic_model |              79 |
|     Norm/state_action_metric_model |            88.2 |
|            Norm/state_metric_model |            84.8 |
|         Metric/self_state_distance |        6.08e-05 |
|        Metric/cross_state_distance |           0.916 |
|  Metric/self_state_action_distance |         0.00066 |
| Metric/cross_state_action_distance |           0.899 |
|    Metric/avg_self_state_asymmetry |               0 |
|   Metric/avg_cross_state_asymmetry |        0.000242 |
|       Metric/avg_self_sa_asymmetry |               0 |
|      Metric/avg_cross_sa_asymmetry |        0.000397 |
|                        Eval/Return |           0.773 |
--------------------------------------------------------
--------------------------------------------------------
|                        Train/Steps |        3.85e+06 |
|                   Loss/Loss_critic |        5.02e-07 |
|                    Loss/Loss_actor |        0.000388 |
|                    Loss/Loss_alpha |        4.39e-05 |
|      Loss/Loss_state_action_metric |         0.00303 |
|             Loss/Loss_state_metric |         0.00248 |
|                  Loss/Act_rep_loss |               0 |
|                          SAC/Alpha |        5.85e-05 |
|                     SAC/LogPi_mean |          -0.282 |
|                        SAC/Q1_mean |       -0.000404 |
|                        SAC/Q2_mean |         0.00145 |
|                   Norm/actor_model |            99.5 |
|                  Norm/critic_model |            79.4 |
|     Norm/state_action_metric_model |            89.5 |
|            Norm/state_metric_model |            86.5 |
|         Metric/self_state_distance |         0.00011 |
|        Metric/cross_state_distance |           0.912 |
|  Metric/self_state_action_distance |        0.000457 |
| Metric/cross_state_action_distance |           0.896 |
|    Metric/avg_self_state_asymmetry |               0 |
|   Metric/avg_cross_state_asymmetry |        0.000262 |
|       Metric/avg_self_sa_asymmetry |               0 |
|      Metric/avg_cross_sa_asymmetry |        0.000304 |
|                        Eval/Return |             1.2 |
--------------------------------------------------------
--------------------------------------------------------
|                        Train/Steps |        3.98e+06 |
|                   Loss/Loss_critic |        5.11e-06 |
|                    Loss/Loss_actor |         0.00613 |
|                    Loss/Loss_alpha |       -0.000698 |
|      Loss/Loss_state_action_metric |         0.00266 |
|             Loss/Loss_state_metric |          0.0021 |
|                  Loss/Act_rep_loss |               0 |
|                          SAC/Alpha |        0.000245 |
|                     SAC/LogPi_mean |            3.15 |
|                        SAC/Q1_mean |        -0.00536 |
|                        SAC/Q2_mean |        -0.00415 |
|                   Norm/actor_model |             102 |
|                  Norm/critic_model |            79.9 |
|     Norm/state_action_metric_model |            91.1 |
|            Norm/state_metric_model |            87.1 |
|         Metric/self_state_distance |        9.98e-05 |
|        Metric/cross_state_distance |           0.914 |
|  Metric/self_state_action_distance |        0.000585 |
| Metric/cross_state_action_distance |           0.897 |
|    Metric/avg_self_state_asymmetry |               0 |
|   Metric/avg_cross_state_asymmetry |        0.000309 |
|       Metric/avg_self_sa_asymmetry |               0 |
|      Metric/avg_cross_sa_asymmetry |        0.000333 |
|                        Eval/Return |            1.39 |
--------------------------------------------------------
--------------------------------------------------------
|                        Train/Steps |         4.1e+06 |
|                   Loss/Loss_critic |        1.41e-06 |
|                    Loss/Loss_actor |         0.00309 |
|                    Loss/Loss_alpha |       -0.000365 |
|      Loss/Loss_state_action_metric |         0.00265 |
|             Loss/Loss_state_metric |         0.00209 |
|                  Loss/Act_rep_loss |               0 |
|                          SAC/Alpha |        9.77e-05 |
|                     SAC/LogPi_mean |             4.1 |
|                        SAC/Q1_mean |        -0.00269 |
|                        SAC/Q2_mean |        -0.00178 |
|                   Norm/actor_model |             103 |
|                  Norm/critic_model |            80.3 |
|     Norm/state_action_metric_model |            92.5 |
|            Norm/state_metric_model |            87.9 |
|         Metric/self_state_distance |        9.77e-05 |
|        Metric/cross_state_distance |           0.914 |
|  Metric/self_state_action_distance |         0.00066 |
| Metric/cross_state_action_distance |           0.897 |
|    Metric/avg_self_state_asymmetry |               0 |
|   Metric/avg_cross_state_asymmetry |        0.000238 |
|       Metric/avg_self_sa_asymmetry |               0 |
|      Metric/avg_cross_sa_asymmetry |        0.000263 |
|                        Eval/Return |           0.547 |
--------------------------------------------------------
[32mSaving model …[0m
[32mDone.[0m
[32mSaving model …[0m
[32mDone.[0m
[32mSaving model …[0m
[32mDone.[0m
[32mSaving model …[0m
[32mDone.[0m
--------------------------------------------------------
|                        Train/Steps |        4.23e+06 |
|                   Loss/Loss_critic |        5.97e-07 |
|                    Loss/Loss_actor |         0.00194 |
|                    Loss/Loss_alpha |        7.32e-05 |
|      Loss/Loss_state_action_metric |         0.00265 |
|             Loss/Loss_state_metric |          0.0021 |
|                  Loss/Act_rep_loss |               0 |
|                          SAC/Alpha |        8.13e-05 |
|                     SAC/LogPi_mean |          -0.354 |
|                        SAC/Q1_mean |        -0.00196 |
|                        SAC/Q2_mean |        -0.00115 |
|                   Norm/actor_model |             105 |
|                  Norm/critic_model |            80.8 |
|     Norm/state_action_metric_model |            94.4 |
|            Norm/state_metric_model |            89.3 |
|         Metric/self_state_distance |        3.73e-06 |
|        Metric/cross_state_distance |           0.914 |
|  Metric/self_state_action_distance |        0.000464 |
| Metric/cross_state_action_distance |           0.897 |
|    Metric/avg_self_state_asymmetry |               0 |
|   Metric/avg_cross_state_asymmetry |         0.00025 |
|       Metric/avg_self_sa_asymmetry |               0 |
|      Metric/avg_cross_sa_asymmetry |        0.000296 |
|                        Eval/Return |           0.219 |
--------------------------------------------------------
--------------------------------------------------------
|                        Train/Steps |        4.36e+06 |
|                   Loss/Loss_critic |        1.24e-08 |
|                    Loss/Loss_actor |       -6.42e-05 |
|                    Loss/Loss_alpha |         3.8e-05 |
|      Loss/Loss_state_action_metric |         0.00302 |
|             Loss/Loss_state_metric |         0.00248 |
|                  Loss/Act_rep_loss |               0 |
|                          SAC/Alpha |        6.35e-05 |
|                     SAC/LogPi_mean |            -0.1 |
|                        SAC/Q1_mean |        6.02e-05 |
|                        SAC/Q2_mean |        5.78e-05 |
|                   Norm/actor_model |             106 |
|                  Norm/critic_model |            81.2 |
|     Norm/state_action_metric_model |            95.7 |
|            Norm/state_metric_model |            90.1 |
|         Metric/self_state_distance |        0.000169 |
|        Metric/cross_state_distance |           0.912 |
|  Metric/self_state_action_distance |        0.000677 |
| Metric/cross_state_action_distance |           0.895 |
|    Metric/avg_self_state_asymmetry |               0 |
|   Metric/avg_cross_state_asymmetry |        0.000248 |
|       Metric/avg_self_sa_asymmetry |               0 |
|      Metric/avg_cross_sa_asymmetry |        0.000278 |
|                        Eval/Return |           0.469 |
--------------------------------------------------------
--------------------------------------------------------
|                        Train/Steps |        4.49e+06 |
|                   Loss/Loss_critic |        1.11e-06 |
|                    Loss/Loss_actor |       -0.000452 |
|                    Loss/Loss_alpha |         1.6e-05 |
|      Loss/Loss_state_action_metric |         0.00304 |
|             Loss/Loss_state_metric |         0.00248 |
|                  Loss/Act_rep_loss |               0 |
|                          SAC/Alpha |        6.94e-05 |
|                     SAC/LogPi_mean |           0.281 |
|                        SAC/Q1_mean |         0.00202 |
|                        SAC/Q2_mean |        0.000472 |
|                   Norm/actor_model |             108 |
|                  Norm/critic_model |            81.8 |
|     Norm/state_action_metric_model |            97.4 |
|            Norm/state_metric_model |            90.5 |
|         Metric/self_state_distance |        2.24e-05 |
|        Metric/cross_state_distance |           0.914 |
|  Metric/self_state_action_distance |        0.000892 |
| Metric/cross_state_action_distance |           0.895 |
|    Metric/avg_self_state_asymmetry |               0 |
|   Metric/avg_cross_state_asymmetry |        0.000426 |
|       Metric/avg_self_sa_asymmetry |               0 |
|      Metric/avg_cross_sa_asymmetry |        0.000423 |
|                        Eval/Return |            1.49 |
--------------------------------------------------------
--------------------------------------------------------
|                        Train/Steps |        4.62e+06 |
|                   Loss/Loss_critic |        2.04e-08 |
|                    Loss/Loss_actor |        6.11e-05 |
|                    Loss/Loss_alpha |        2.72e-05 |
|      Loss/Loss_state_action_metric |         0.00228 |
|             Loss/Loss_state_metric |         0.00172 |
|                  Loss/Act_rep_loss |               0 |
|                          SAC/Alpha |        4.09e-05 |
|                     SAC/LogPi_mean |          -0.082 |
|                        SAC/Q1_mean |        0.000227 |
|                        SAC/Q2_mean |       -6.45e-05 |
|                   Norm/actor_model |             109 |
|                  Norm/critic_model |            82.2 |
|     Norm/state_action_metric_model |            98.8 |
|            Norm/state_metric_model |            90.9 |
|         Metric/self_state_distance |         0.00028 |
|        Metric/cross_state_distance |           0.915 |
|  Metric/self_state_action_distance |        0.000681 |
| Metric/cross_state_action_distance |           0.898 |
|    Metric/avg_self_state_asymmetry |               0 |
|   Metric/avg_cross_state_asymmetry |        0.000256 |
|       Metric/avg_self_sa_asymmetry |               0 |
|      Metric/avg_cross_sa_asymmetry |        0.000325 |
|                        Eval/Return |               0 |
--------------------------------------------------------
--------------------------------------------------------
|                        Train/Steps |        4.74e+06 |
|                   Loss/Loss_critic |        8.42e-07 |
|                    Loss/Loss_actor |        0.000212 |
|                    Loss/Loss_alpha |         3.1e-05 |
|      Loss/Loss_state_action_metric |         0.00226 |
|             Loss/Loss_state_metric |         0.00171 |
|                  Loss/Act_rep_loss |               0 |
|                          SAC/Alpha |        3.39e-05 |
|                     SAC/LogPi_mean |          -0.374 |
|                        SAC/Q1_mean |         0.00193 |
|                        SAC/Q2_mean |       -0.000225 |
|                   Norm/actor_model |             110 |
|                  Norm/critic_model |            82.8 |
|     Norm/state_action_metric_model |             100 |
|            Norm/state_metric_model |            92.2 |
|         Metric/self_state_distance |        0.000234 |
|        Metric/cross_state_distance |           0.916 |
|  Metric/self_state_action_distance |         0.00176 |
| Metric/cross_state_action_distance |           0.899 |
|    Metric/avg_self_state_asymmetry |               0 |
|   Metric/avg_cross_state_asymmetry |        0.000272 |
|       Metric/avg_self_sa_asymmetry |               0 |
|      Metric/avg_cross_sa_asymmetry |        0.000236 |
|                        Eval/Return |               0 |
--------------------------------------------------------
--------------------------------------------------------
|                        Train/Steps |        4.87e+06 |
|                   Loss/Loss_critic |        1.62e-07 |
|                    Loss/Loss_actor |         0.00072 |
|                    Loss/Loss_alpha |        1.71e-05 |
|      Loss/Loss_state_action_metric |         0.00227 |
|             Loss/Loss_state_metric |         0.00171 |
|                  Loss/Act_rep_loss |               0 |
|                          SAC/Alpha |        2.75e-05 |
|                     SAC/LogPi_mean |           -0.12 |
|                        SAC/Q1_mean |       -0.000723 |
|                        SAC/Q2_mean |       -0.000646 |
|                   Norm/actor_model |             111 |
|                  Norm/critic_model |            83.4 |
|     Norm/state_action_metric_model |             101 |
|            Norm/state_metric_model |            92.7 |
|         Metric/self_state_distance |        0.000112 |
|        Metric/cross_state_distance |           0.915 |
|  Metric/self_state_action_distance |        8.58e-05 |
| Metric/cross_state_action_distance |           0.898 |
|    Metric/avg_self_state_asymmetry |               0 |
|   Metric/avg_cross_state_asymmetry |        0.000252 |
|       Metric/avg_self_sa_asymmetry |               0 |
|      Metric/avg_cross_sa_asymmetry |         0.00025 |
|                        Eval/Return |           0.219 |
--------------------------------------------------------
--------------------------------------------------------
|                        Train/Steps |           5e+06 |
|                   Loss/Loss_critic |         0.00041 |
|                    Loss/Loss_actor |         -0.0274 |
|                    Loss/Loss_alpha |        7.78e-05 |
|      Loss/Loss_state_action_metric |         0.00268 |
|             Loss/Loss_state_metric |          0.0021 |
|                  Loss/Act_rep_loss |         0.00381 |
|                          SAC/Alpha |           9e-05 |
|                     SAC/LogPi_mean |          -0.346 |
|                        SAC/Q1_mean |          0.0299 |
|                        SAC/Q2_mean |          0.0283 |
|                   Norm/actor_model |             112 |
|                  Norm/critic_model |            83.8 |
|     Norm/state_action_metric_model |             103 |
|            Norm/state_metric_model |            93.4 |
|         Metric/self_state_distance |        9.73e-06 |
|        Metric/cross_state_distance |           0.917 |
|  Metric/self_state_action_distance |        0.000659 |
| Metric/cross_state_action_distance |           0.897 |
|    Metric/avg_self_state_asymmetry |               0 |
|   Metric/avg_cross_state_asymmetry |        0.000331 |
|       Metric/avg_self_sa_asymmetry |               0 |
|      Metric/avg_cross_sa_asymmetry |         0.00028 |
|                        Eval/Return |               0 |
--------------------------------------------------------
[32mSaving model …[0m
[32mDone.[0m
[32mSaving model …[0m
[32mDone.[0m
