E0912 22:58:58.620117 1661669 cuda_executor.cc:1526] Could not get kernel mode driver version: (INVALID_ARGUMENT: Version does not match the format X.Y.Z)
E0912 22:58:58.628803 1661557 cuda_executor.cc:1526] Could not get kernel mode driver version: (INVALID_ARGUMENT: Version does not match the format X.Y.Z)
[32mStart prefilling replay buffer[0m
[32mStart SAC training[0m
[32m{'log_freq': 1000, 'save_freq': 1000000, 'eval_episode_freq': 10, 'hidden_size': 256, 'lr': 0.001, 'max_grad_norm': 0.0, 'gamma': 0.99, 'update_tau': 0.005, 'train_per_step': 8, 'episode_length': 1000, 'warmup_samples': 8192, 'max_replay_size': 4000000, 'batch_size': 512, 'total_env_steps': 5000000, 'init_temperature': 0.1, 'nstep': 3, 'bootstrap_on_truncation': True, 'rep_lr_scale': 1.5, 'vis_feq': 100000, 'n_vis_frames': 4, 'num_envs': 128, 'grad_steps': 50, 'transfer_freq': 10, 'transfer_steps': 8, 'reward_scaling': 1.0, 'num_eval_envs': 128, 'target_entropy': -2.0}[0m
[32m[nstep] nstep=3 bootstrap_on_truncation=True (discount from the buffer already contains gamma^nstep)[0m
-----------------------------------------------------------------
|                                 Train/Steps |        1.36e+05 |
|                            Loss/Loss_critic |        0.000757 |
|                             Loss/Loss_actor |          -0.668 |
|                             Loss/Loss_alpha |         0.00671 |
|               Loss/Loss_state_action_metric |         0.00699 |
|                      Loss/Loss_state_metric |          0.0024 |
|             Loss/Loss_state_action_to_state |        0.000142 |
|                           Loss/Act_rep_loss |          0.0768 |
|                                   SAC/Alpha |          0.0016 |
|                              SAC/LogPi_mean |           -2.12 |
|                                 SAC/Q1_mean |           0.662 |
|                                 SAC/Q2_mean |           0.657 |
|                            Norm/actor_model |            27.4 |
|                           Norm/critic_model |              37 |
|              Norm/state_action_metric_model |            30.9 |
|                     Norm/state_metric_model |            30.8 |
|        Norm/state_action_state_metric_model |            30.4 |
|                  Metric/self_state_distance |         0.00513 |
|                 Metric/cross_state_distance |           0.899 |
|           Metric/self_state_action_distance |         0.00414 |
|          Metric/cross_state_action_distance |           0.906 |
|             Metric/avg_self_state_asymmetry |               0 |
|            Metric/avg_cross_state_asymmetry |         0.00488 |
|                Metric/avg_self_sa_asymmetry |               0 |
|               Metric/avg_cross_sa_asymmetry |         0.00662 |
|  Metric/self_state_action_to_state_distance |        0.000975 |
| Metric/cross_state_action_to_state_distance |           0.914 |
|                   Metric/h_lambda_diff_self |         0.00351 |
|                  Metric/h_lambda_diff_cross |         0.00998 |
|                                 Eval/Return |           0.233 |
-----------------------------------------------------------------
-----------------------------------------------------------------
|                                 Train/Steps |        2.64e+05 |
|                            Loss/Loss_critic |        0.000997 |
|                             Loss/Loss_actor |          -0.203 |
|                             Loss/Loss_alpha |        0.000231 |
|               Loss/Loss_state_action_metric |         0.00877 |
|                      Loss/Loss_state_metric |         0.00249 |
|             Loss/Loss_state_action_to_state |        0.000309 |
|                           Loss/Act_rep_loss |          0.0634 |
|                                   SAC/Alpha |        7.09e-05 |
|                              SAC/LogPi_mean |           -1.21 |
|                                 SAC/Q1_mean |           0.205 |
|                                 SAC/Q2_mean |           0.203 |
|                            Norm/actor_model |            36.7 |
|                           Norm/critic_model |              47 |
|              Norm/state_action_metric_model |            33.2 |
|                     Norm/state_metric_model |            32.2 |
|        Norm/state_action_state_metric_model |            31.9 |
|                  Metric/self_state_distance |          0.0019 |
|                 Metric/cross_state_distance |           0.938 |
|           Metric/self_state_action_distance |         0.00273 |
|          Metric/cross_state_action_distance |            0.93 |
|             Metric/avg_self_state_asymmetry |               0 |
|            Metric/avg_cross_state_asymmetry |         0.00348 |
|                Metric/avg_self_sa_asymmetry |               0 |
|               Metric/avg_cross_sa_asymmetry |         0.00771 |
|  Metric/self_state_action_to_state_distance |         0.00108 |
| Metric/cross_state_action_to_state_distance |           0.923 |
|                   Metric/h_lambda_diff_self |         0.00233 |
|                  Metric/h_lambda_diff_cross |           0.011 |
|                                 Eval/Return |            1.14 |
-----------------------------------------------------------------
-----------------------------------------------------------------
|                                 Train/Steps |        3.92e+05 |
|                            Loss/Loss_critic |        9.15e-05 |
|                             Loss/Loss_actor |         -0.0666 |
|                             Loss/Loss_alpha |        2.97e-06 |
|               Loss/Loss_state_action_metric |         0.00287 |
|                      Loss/Loss_state_metric |         0.00243 |
|             Loss/Loss_state_action_to_state |        0.000105 |
|                           Loss/Act_rep_loss |          0.0589 |
|                                   SAC/Alpha |        5.56e-06 |
|                              SAC/LogPi_mean |            1.58 |
|                                 SAC/Q1_mean |          0.0655 |
|                                 SAC/Q2_mean |          0.0647 |
|                            Norm/actor_model |            42.6 |
|                           Norm/critic_model |            55.7 |
|              Norm/state_action_metric_model |            36.4 |
|                     Norm/state_metric_model |            34.7 |
|        Norm/state_action_state_metric_model |            34.9 |
|                  Metric/self_state_distance |         0.00178 |
|                 Metric/cross_state_distance |           0.934 |
|           Metric/self_state_action_distance |         0.00521 |
|          Metric/cross_state_action_distance |            0.92 |
|             Metric/avg_self_state_asymmetry |               0 |
|            Metric/avg_cross_state_asymmetry |         0.00324 |
|                Metric/avg_self_sa_asymmetry |               0 |
|               Metric/avg_cross_sa_asymmetry |         0.00509 |
|  Metric/self_state_action_to_state_distance |         0.00326 |
| Metric/cross_state_action_to_state_distance |           0.913 |
|                   Metric/h_lambda_diff_self |         0.00426 |
|                  Metric/h_lambda_diff_cross |         0.00904 |
|                                 Eval/Return |            1.15 |
-----------------------------------------------------------------
-----------------------------------------------------------------
|                                 Train/Steps |         5.2e+05 |
|                            Loss/Loss_critic |         3.5e-05 |
|                             Loss/Loss_actor |         -0.0309 |
|                             Loss/Loss_alpha |         6.7e-06 |
|               Loss/Loss_state_action_metric |         0.00954 |
|                      Loss/Loss_state_metric |         0.00654 |
|             Loss/Loss_state_action_to_state |        0.000234 |
|                           Loss/Act_rep_loss |          0.0536 |
|                                   SAC/Alpha |        7.02e-06 |
|                              SAC/LogPi_mean |            1.18 |
|                                 SAC/Q1_mean |          0.0312 |
|                                 SAC/Q2_mean |          0.0311 |
|                            Norm/actor_model |            47.2 |
|                           Norm/critic_model |            60.7 |
|              Norm/state_action_metric_model |            39.9 |
|                     Norm/state_metric_model |              38 |
|        Norm/state_action_state_metric_model |            38.7 |
|                  Metric/self_state_distance |        0.000909 |
|                 Metric/cross_state_distance |            0.95 |
|           Metric/self_state_action_distance |         0.00607 |
|          Metric/cross_state_action_distance |           0.936 |
|             Metric/avg_self_state_asymmetry |               0 |
|            Metric/avg_cross_state_asymmetry |         0.00274 |
|                Metric/avg_self_sa_asymmetry |               0 |
|               Metric/avg_cross_sa_asymmetry |         0.00402 |
|  Metric/self_state_action_to_state_distance |        0.000733 |
| Metric/cross_state_action_to_state_distance |           0.926 |
|                   Metric/h_lambda_diff_self |         0.00536 |
|                  Metric/h_lambda_diff_cross |          0.0135 |
|                                 Eval/Return |           0.481 |
-----------------------------------------------------------------
-----------------------------------------------------------------
|                                 Train/Steps |        6.48e+05 |
|                            Loss/Loss_critic |         0.00199 |
|                             Loss/Loss_actor |         -0.0181 |
|                             Loss/Loss_alpha |       -8.78e-06 |
|               Loss/Loss_state_action_metric |         0.00673 |
|                      Loss/Loss_state_metric |         0.00356 |
|             Loss/Loss_state_action_to_state |         0.00163 |
|                           Loss/Act_rep_loss |          0.0527 |
|                                   SAC/Alpha |        1.18e-05 |
|                              SAC/LogPi_mean |             2.8 |
|                                 SAC/Q1_mean |          0.0198 |
|                                 SAC/Q2_mean |          0.0218 |
|                            Norm/actor_model |            51.6 |
|                           Norm/critic_model |            65.6 |
|              Norm/state_action_metric_model |            43.6 |
|                     Norm/state_metric_model |            41.8 |
|        Norm/state_action_state_metric_model |            42.9 |
|                  Metric/self_state_distance |           0.002 |
|                 Metric/cross_state_distance |           0.939 |
|           Metric/self_state_action_distance |         0.00139 |
|          Metric/cross_state_action_distance |            0.92 |
|             Metric/avg_self_state_asymmetry |               0 |
|            Metric/avg_cross_state_asymmetry |         0.00506 |
|                Metric/avg_self_sa_asymmetry |               0 |
|               Metric/avg_cross_sa_asymmetry |         0.00629 |
|  Metric/self_state_action_to_state_distance |        0.000943 |
| Metric/cross_state_action_to_state_distance |            0.92 |
|                   Metric/h_lambda_diff_self |         0.00114 |
|                  Metric/h_lambda_diff_cross |          0.0101 |
|                                 Eval/Return |            0.84 |
-----------------------------------------------------------------
-----------------------------------------------------------------
|                                 Train/Steps |        7.76e+05 |
|                            Loss/Loss_critic |         0.00373 |
|                             Loss/Loss_actor |          -0.255 |
|                             Loss/Loss_alpha |       -0.000405 |
|               Loss/Loss_state_action_metric |          0.0147 |
|                      Loss/Loss_state_metric |         0.00927 |
|             Loss/Loss_state_action_to_state |        0.000316 |
|                           Loss/Act_rep_loss |          0.0543 |
|                                   SAC/Alpha |         0.00123 |
|                              SAC/LogPi_mean |            2.39 |
|                                 SAC/Q1_mean |            0.22 |
|                                 SAC/Q2_mean |           0.218 |
|                            Norm/actor_model |            57.3 |
|                           Norm/critic_model |            70.4 |
|              Norm/state_action_metric_model |            47.1 |
|                     Norm/state_metric_model |            45.6 |
|        Norm/state_action_state_metric_model |              47 |
|                  Metric/self_state_distance |         0.00147 |
|                 Metric/cross_state_distance |           0.955 |
|           Metric/self_state_action_distance |         0.00188 |
|          Metric/cross_state_action_distance |           0.951 |
|             Metric/avg_self_state_asymmetry |               0 |
|            Metric/avg_cross_state_asymmetry |         0.00555 |
|                Metric/avg_self_sa_asymmetry |               0 |
|               Metric/avg_cross_sa_asymmetry |         0.00654 |
|  Metric/self_state_action_to_state_distance |         0.00171 |
| Metric/cross_state_action_to_state_distance |           0.947 |
|                   Metric/h_lambda_diff_self |         0.00208 |
|                  Metric/h_lambda_diff_cross |         0.00707 |
|                                 Eval/Return |            14.6 |
-----------------------------------------------------------------
-----------------------------------------------------------------
|                                 Train/Steps |        9.04e+05 |
|                            Loss/Loss_critic |         0.00228 |
|                             Loss/Loss_actor |          -0.571 |
|                             Loss/Loss_alpha |        0.000153 |
|               Loss/Loss_state_action_metric |          0.0108 |
|                      Loss/Loss_state_metric |         0.00674 |
|             Loss/Loss_state_action_to_state |        0.000156 |
|                           Loss/Act_rep_loss |          0.0463 |
|                                   SAC/Alpha |        0.000958 |
|                              SAC/LogPi_mean |            1.64 |
|                                 SAC/Q1_mean |            0.57 |
|                                 SAC/Q2_mean |           0.548 |
|                            Norm/actor_model |            63.8 |
|                           Norm/critic_model |            74.4 |
|              Norm/state_action_metric_model |            51.5 |
|                     Norm/state_metric_model |            49.7 |
|        Norm/state_action_state_metric_model |            51.4 |
|                  Metric/self_state_distance |         0.00218 |
|                 Metric/cross_state_distance |           0.967 |
|           Metric/self_state_action_distance |         0.00335 |
|          Metric/cross_state_action_distance |           0.959 |
|             Metric/avg_self_state_asymmetry |               0 |
|            Metric/avg_cross_state_asymmetry |         0.00461 |
|                Metric/avg_self_sa_asymmetry |               0 |
|               Metric/avg_cross_sa_asymmetry |         0.00583 |
|  Metric/self_state_action_to_state_distance |         0.00124 |
| Metric/cross_state_action_to_state_distance |            0.96 |
|                   Metric/h_lambda_diff_self |         0.00321 |
|                  Metric/h_lambda_diff_cross |         0.00722 |
|                                 Eval/Return |            19.9 |
-----------------------------------------------------------------
-----------------------------------------------------------------
|                                 Train/Steps |        1.03e+06 |
|                            Loss/Loss_critic |         0.00295 |
|                             Loss/Loss_actor |           -0.97 |
|                             Loss/Loss_alpha |        0.000216 |
|               Loss/Loss_state_action_metric |          0.0138 |
|                      Loss/Loss_state_metric |         0.00919 |
|             Loss/Loss_state_action_to_state |        0.000138 |
|                           Loss/Act_rep_loss |          0.0359 |
|                                   SAC/Alpha |         0.00119 |
|                              SAC/LogPi_mean |            1.86 |
|                                 SAC/Q1_mean |           0.945 |
|                                 SAC/Q2_mean |           0.955 |
|                            Norm/actor_model |            69.3 |
|                           Norm/critic_model |            77.7 |
|              Norm/state_action_metric_model |            54.8 |
|                     Norm/state_metric_model |              53 |
|        Norm/state_action_state_metric_model |            54.9 |
|                  Metric/self_state_distance |         0.00183 |
|                 Metric/cross_state_distance |           0.999 |
|           Metric/self_state_action_distance |         0.00341 |
|          Metric/cross_state_action_distance |           0.979 |
|             Metric/avg_self_state_asymmetry |               0 |
|            Metric/avg_cross_state_asymmetry |         0.00564 |
|                Metric/avg_self_sa_asymmetry |               0 |
|               Metric/avg_cross_sa_asymmetry |         0.00583 |
|  Metric/self_state_action_to_state_distance |         0.00118 |
| Metric/cross_state_action_to_state_distance |           0.978 |
|                   Metric/h_lambda_diff_self |         0.00288 |
|                  Metric/h_lambda_diff_cross |         0.00563 |
|                                 Eval/Return |              27 |
-----------------------------------------------------------------
[32mSaving model …[0m
[32mDone.[0m
[32mSaving model …[0m
[32mDone.[0m
-----------------------------------------------------------------
|                                 Train/Steps |        1.16e+06 |
|                            Loss/Loss_critic |         0.00302 |
|                             Loss/Loss_actor |           -1.12 |
|                             Loss/Loss_alpha |        0.000559 |
|               Loss/Loss_state_action_metric |          0.0321 |
|                      Loss/Loss_state_metric |          0.0204 |
|             Loss/Loss_state_action_to_state |        0.000353 |
|                           Loss/Act_rep_loss |          0.0416 |
|                                   SAC/Alpha |         0.00104 |
|                              SAC/LogPi_mean |            1.51 |
|                                 SAC/Q1_mean |            1.09 |
|                                 SAC/Q2_mean |             1.1 |
|                            Norm/actor_model |            74.9 |
|                           Norm/critic_model |            81.5 |
|              Norm/state_action_metric_model |            58.1 |
|                     Norm/state_metric_model |            56.1 |
|        Norm/state_action_state_metric_model |            58.5 |
|                  Metric/self_state_distance |         0.00173 |
|                 Metric/cross_state_distance |            1.03 |
|           Metric/self_state_action_distance |         0.00427 |
|          Metric/cross_state_action_distance |            1.03 |
|             Metric/avg_self_state_asymmetry |               0 |
|            Metric/avg_cross_state_asymmetry |         0.00556 |
|                Metric/avg_self_sa_asymmetry |               0 |
|               Metric/avg_cross_sa_asymmetry |         0.00671 |
|  Metric/self_state_action_to_state_distance |         0.00117 |
| Metric/cross_state_action_to_state_distance |            1.03 |
|                   Metric/h_lambda_diff_self |         0.00427 |
|                  Metric/h_lambda_diff_cross |         0.00874 |
|                                 Eval/Return |            32.6 |
-----------------------------------------------------------------
-----------------------------------------------------------------
|                                 Train/Steps |        1.29e+06 |
|                            Loss/Loss_critic |          0.0076 |
|                             Loss/Loss_actor |           -1.72 |
|                             Loss/Loss_alpha |        -0.00051 |
|               Loss/Loss_state_action_metric |          0.0503 |
|                      Loss/Loss_state_metric |          0.0302 |
|             Loss/Loss_state_action_to_state |        0.000294 |
|                           Loss/Act_rep_loss |          0.0393 |
|                                   SAC/Alpha |         0.00116 |
|                              SAC/LogPi_mean |            2.47 |
|                                 SAC/Q1_mean |            1.69 |
|                                 SAC/Q2_mean |            1.69 |
|                            Norm/actor_model |            80.3 |
|                           Norm/critic_model |            85.5 |
|              Norm/state_action_metric_model |            61.4 |
|                     Norm/state_metric_model |            59.3 |
|        Norm/state_action_state_metric_model |            61.8 |
|                  Metric/self_state_distance |        0.000914 |
|                 Metric/cross_state_distance |            1.04 |
|           Metric/self_state_action_distance |         0.00729 |
|          Metric/cross_state_action_distance |            1.07 |
|             Metric/avg_self_state_asymmetry |               0 |
|            Metric/avg_cross_state_asymmetry |         0.00705 |
|                Metric/avg_self_sa_asymmetry |               0 |
|               Metric/avg_cross_sa_asymmetry |         0.00998 |
|  Metric/self_state_action_to_state_distance |        0.000299 |
| Metric/cross_state_action_to_state_distance |            1.06 |
|                   Metric/h_lambda_diff_self |         0.00713 |
|                  Metric/h_lambda_diff_cross |           0.012 |
|                                 Eval/Return |            47.8 |
-----------------------------------------------------------------
-----------------------------------------------------------------
|                                 Train/Steps |        1.42e+06 |
|                            Loss/Loss_critic |         0.00812 |
|                             Loss/Loss_actor |           -2.19 |
|                             Loss/Loss_alpha |       -0.000293 |
|               Loss/Loss_state_action_metric |          0.0779 |
|                      Loss/Loss_state_metric |          0.0489 |
|             Loss/Loss_state_action_to_state |        0.000392 |
|                           Loss/Act_rep_loss |          0.0362 |
|                                   SAC/Alpha |         0.00143 |
|                              SAC/LogPi_mean |            2.31 |
|                                 SAC/Q1_mean |            2.17 |
|                                 SAC/Q2_mean |            2.16 |
|                            Norm/actor_model |            85.1 |
|                           Norm/critic_model |            89.5 |
|              Norm/state_action_metric_model |            64.6 |
|                     Norm/state_metric_model |            62.5 |
|        Norm/state_action_state_metric_model |            65.4 |
|                  Metric/self_state_distance |        0.000858 |
|                 Metric/cross_state_distance |             1.1 |
|           Metric/self_state_action_distance |           0.011 |
|          Metric/cross_state_action_distance |            1.14 |
|             Metric/avg_self_state_asymmetry |               0 |
|            Metric/avg_cross_state_asymmetry |         0.00718 |
|                Metric/avg_self_sa_asymmetry |               0 |
|               Metric/avg_cross_sa_asymmetry |         0.00996 |
|  Metric/self_state_action_to_state_distance |        0.000459 |
| Metric/cross_state_action_to_state_distance |            1.14 |
|                   Metric/h_lambda_diff_self |          0.0107 |
|                  Metric/h_lambda_diff_cross |          0.0112 |
|                                 Eval/Return |            52.7 |
-----------------------------------------------------------------
-----------------------------------------------------------------
|                                 Train/Steps |        1.54e+06 |
|                            Loss/Loss_critic |         0.00873 |
|                             Loss/Loss_actor |           -2.26 |
|                             Loss/Loss_alpha |        0.000437 |
|               Loss/Loss_state_action_metric |           0.066 |
|                      Loss/Loss_state_metric |          0.0388 |
|             Loss/Loss_state_action_to_state |        0.000465 |
|                           Loss/Act_rep_loss |          0.0313 |
|                                   SAC/Alpha |         0.00169 |
|                              SAC/LogPi_mean |             1.8 |
|                                 SAC/Q1_mean |            2.23 |
|                                 SAC/Q2_mean |            2.23 |
|                            Norm/actor_model |            89.4 |
|                           Norm/critic_model |            93.3 |
|              Norm/state_action_metric_model |            67.8 |
|                     Norm/state_metric_model |            65.7 |
|        Norm/state_action_state_metric_model |            68.8 |
|                  Metric/self_state_distance |        0.000542 |
|                 Metric/cross_state_distance |             1.1 |
|           Metric/self_state_action_distance |         0.00257 |
|          Metric/cross_state_action_distance |            1.14 |
|             Metric/avg_self_state_asymmetry |               0 |
|            Metric/avg_cross_state_asymmetry |         0.00772 |
|                Metric/avg_self_sa_asymmetry |               0 |
|               Metric/avg_cross_sa_asymmetry |          0.0107 |
|  Metric/self_state_action_to_state_distance |        0.000187 |
| Metric/cross_state_action_to_state_distance |            1.13 |
|                   Metric/h_lambda_diff_self |         0.00242 |
|                  Metric/h_lambda_diff_cross |          0.0134 |
|                                 Eval/Return |            66.9 |
-----------------------------------------------------------------
-----------------------------------------------------------------
|                                 Train/Steps |        1.67e+06 |
|                            Loss/Loss_critic |          0.0122 |
|                             Loss/Loss_actor |           -2.66 |
|                             Loss/Loss_alpha |        0.000518 |
|               Loss/Loss_state_action_metric |          0.0929 |
|                      Loss/Loss_state_metric |          0.0572 |
|             Loss/Loss_state_action_to_state |        0.000324 |
|                           Loss/Act_rep_loss |          0.0296 |
|                                   SAC/Alpha |         0.00189 |
|                              SAC/LogPi_mean |             1.7 |
|                                 SAC/Q1_mean |            2.63 |
|                                 SAC/Q2_mean |            2.63 |
|                            Norm/actor_model |            93.5 |
|                           Norm/critic_model |            97.1 |
|              Norm/state_action_metric_model |              71 |
|                     Norm/state_metric_model |            68.6 |
|        Norm/state_action_state_metric_model |            71.7 |
|                  Metric/self_state_distance |         0.00289 |
|                 Metric/cross_state_distance |            1.12 |
|           Metric/self_state_action_distance |         0.00348 |
|          Metric/cross_state_action_distance |            1.16 |
|             Metric/avg_self_state_asymmetry |               0 |
|            Metric/avg_cross_state_asymmetry |         0.00701 |
|                Metric/avg_self_sa_asymmetry |               0 |
|               Metric/avg_cross_sa_asymmetry |           0.011 |
|  Metric/self_state_action_to_state_distance |         0.00132 |
| Metric/cross_state_action_to_state_distance |            1.16 |
|                   Metric/h_lambda_diff_self |         0.00357 |
|                  Metric/h_lambda_diff_cross |          0.0111 |
|                                 Eval/Return |            59.3 |
-----------------------------------------------------------------
-----------------------------------------------------------------
|                                 Train/Steps |         1.8e+06 |
|                            Loss/Loss_critic |         0.00852 |
|                             Loss/Loss_actor |           -3.57 |
|                             Loss/Loss_alpha |       -0.000655 |
|               Loss/Loss_state_action_metric |           0.138 |
|                      Loss/Loss_state_metric |          0.0894 |
|             Loss/Loss_state_action_to_state |        0.000422 |
|                           Loss/Act_rep_loss |          0.0254 |
|                                   SAC/Alpha |         0.00195 |
|                              SAC/LogPi_mean |            2.31 |
|                                 SAC/Q1_mean |            3.54 |
|                                 SAC/Q2_mean |            3.54 |
|                            Norm/actor_model |            97.1 |
|                           Norm/critic_model |             101 |
|              Norm/state_action_metric_model |              74 |
|                     Norm/state_metric_model |            71.5 |
|        Norm/state_action_state_metric_model |            74.8 |
|                  Metric/self_state_distance |         0.00173 |
|                 Metric/cross_state_distance |            1.21 |
|           Metric/self_state_action_distance |         0.00261 |
|          Metric/cross_state_action_distance |            1.27 |
|             Metric/avg_self_state_asymmetry |               0 |
|            Metric/avg_cross_state_asymmetry |          0.0094 |
|                Metric/avg_self_sa_asymmetry |               0 |
|               Metric/avg_cross_sa_asymmetry |          0.0108 |
|  Metric/self_state_action_to_state_distance |         0.00043 |
| Metric/cross_state_action_to_state_distance |            1.27 |
|                   Metric/h_lambda_diff_self |         0.00273 |
|                  Metric/h_lambda_diff_cross |          0.0136 |
|                                 Eval/Return |            61.7 |
-----------------------------------------------------------------
-----------------------------------------------------------------
|                                 Train/Steps |        1.93e+06 |
|                            Loss/Loss_critic |         0.00629 |
|                             Loss/Loss_actor |           -3.33 |
|                             Loss/Loss_alpha |        0.000777 |
|               Loss/Loss_state_action_metric |           0.163 |
|                      Loss/Loss_state_metric |           0.106 |
|             Loss/Loss_state_action_to_state |         0.00044 |
|                           Loss/Act_rep_loss |          0.0238 |
|                                   SAC/Alpha |          0.0021 |
|                              SAC/LogPi_mean |            1.54 |
|                                 SAC/Q1_mean |             3.3 |
|                                 SAC/Q2_mean |             3.3 |
|                            Norm/actor_model |             101 |
|                           Norm/critic_model |             104 |
|              Norm/state_action_metric_model |            76.9 |
|                     Norm/state_metric_model |            74.4 |
|        Norm/state_action_state_metric_model |            77.9 |
|                  Metric/self_state_distance |         0.00406 |
|                 Metric/cross_state_distance |            1.21 |
|           Metric/self_state_action_distance |         0.00325 |
|          Metric/cross_state_action_distance |            1.28 |
|             Metric/avg_self_state_asymmetry |               0 |
|            Metric/avg_cross_state_asymmetry |         0.00906 |
|                Metric/avg_self_sa_asymmetry |               0 |
|               Metric/avg_cross_sa_asymmetry |          0.0115 |
|  Metric/self_state_action_to_state_distance |         0.00145 |
| Metric/cross_state_action_to_state_distance |            1.27 |
|                   Metric/h_lambda_diff_self |         0.00339 |
|                  Metric/h_lambda_diff_cross |          0.0136 |
|                                 Eval/Return |            58.9 |
-----------------------------------------------------------------
-----------------------------------------------------------------
|                                 Train/Steps |        2.06e+06 |
|                            Loss/Loss_critic |         0.00718 |
|                             Loss/Loss_actor |           -3.95 |
|                             Loss/Loss_alpha |        -0.00065 |
|               Loss/Loss_state_action_metric |           0.211 |
|                      Loss/Loss_state_metric |           0.133 |
|             Loss/Loss_state_action_to_state |        0.000573 |
|                           Loss/Act_rep_loss |          0.0232 |
|                                   SAC/Alpha |         0.00218 |
|                              SAC/LogPi_mean |            2.22 |
|                                 SAC/Q1_mean |            3.91 |
|                                 SAC/Q2_mean |            3.91 |
|                            Norm/actor_model |             104 |
|                           Norm/critic_model |             107 |
|              Norm/state_action_metric_model |            79.8 |
|                     Norm/state_metric_model |            77.1 |
|        Norm/state_action_state_metric_model |            80.4 |
|                  Metric/self_state_distance |         0.00295 |
|                 Metric/cross_state_distance |            1.27 |
|           Metric/self_state_action_distance |         0.00513 |
|          Metric/cross_state_action_distance |            1.37 |
|             Metric/avg_self_state_asymmetry |               0 |
|            Metric/avg_cross_state_asymmetry |          0.0077 |
|                Metric/avg_self_sa_asymmetry |               0 |
|               Metric/avg_cross_sa_asymmetry |          0.0153 |
|  Metric/self_state_action_to_state_distance |         0.00111 |
| Metric/cross_state_action_to_state_distance |            1.37 |
|                   Metric/h_lambda_diff_self |         0.00485 |
|                  Metric/h_lambda_diff_cross |          0.0181 |
|                                 Eval/Return |            72.1 |
-----------------------------------------------------------------
[32mSaving model …[0m
[32mDone.[0m
[32mSaving model …[0m
[32mDone.[0m
-----------------------------------------------------------------
|                                 Train/Steps |        2.18e+06 |
|                            Loss/Loss_critic |         0.00501 |
|                             Loss/Loss_actor |           -4.08 |
|                             Loss/Loss_alpha |       -0.000495 |
|               Loss/Loss_state_action_metric |           0.182 |
|                      Loss/Loss_state_metric |           0.115 |
|             Loss/Loss_state_action_to_state |        0.000278 |
|                           Loss/Act_rep_loss |          0.0215 |
|                                   SAC/Alpha |         0.00229 |
|                              SAC/LogPi_mean |            2.18 |
|                                 SAC/Q1_mean |            4.06 |
|                                 SAC/Q2_mean |            4.04 |
|                            Norm/actor_model |             108 |
|                           Norm/critic_model |             110 |
|              Norm/state_action_metric_model |            82.6 |
|                     Norm/state_metric_model |            80.1 |
|        Norm/state_action_state_metric_model |            83.5 |
|                  Metric/self_state_distance |         0.00102 |
|                 Metric/cross_state_distance |            1.25 |
|           Metric/self_state_action_distance |         0.00249 |
|          Metric/cross_state_action_distance |            1.32 |
|             Metric/avg_self_state_asymmetry |               0 |
|            Metric/avg_cross_state_asymmetry |         0.00992 |
|                Metric/avg_self_sa_asymmetry |               0 |
|               Metric/avg_cross_sa_asymmetry |          0.0115 |
|  Metric/self_state_action_to_state_distance |        0.000316 |
| Metric/cross_state_action_to_state_distance |            1.32 |
|                   Metric/h_lambda_diff_self |         0.00226 |
|                  Metric/h_lambda_diff_cross |          0.0125 |
|                                 Eval/Return |              67 |
-----------------------------------------------------------------
-----------------------------------------------------------------
|                                 Train/Steps |        2.31e+06 |
|                            Loss/Loss_critic |         0.00798 |
|                             Loss/Loss_actor |            -3.9 |
|                             Loss/Loss_alpha |        0.000318 |
|               Loss/Loss_state_action_metric |           0.196 |
|                      Loss/Loss_state_metric |           0.103 |
|             Loss/Loss_state_action_to_state |        0.000387 |
|                           Loss/Act_rep_loss |          0.0253 |
|                                   SAC/Alpha |         0.00253 |
|                              SAC/LogPi_mean |            1.93 |
|                                 SAC/Q1_mean |            3.88 |
|                                 SAC/Q2_mean |            3.86 |
|                            Norm/actor_model |             111 |
|                           Norm/critic_model |             113 |
|              Norm/state_action_metric_model |            85.2 |
|                     Norm/state_metric_model |            82.8 |
|        Norm/state_action_state_metric_model |            86.1 |
|                  Metric/self_state_distance |         0.00113 |
|                 Metric/cross_state_distance |            1.21 |
|           Metric/self_state_action_distance |         0.00264 |
|          Metric/cross_state_action_distance |            1.29 |
|             Metric/avg_self_state_asymmetry |               0 |
|            Metric/avg_cross_state_asymmetry |         0.00679 |
|                Metric/avg_self_sa_asymmetry |               0 |
|               Metric/avg_cross_sa_asymmetry |          0.0115 |
|  Metric/self_state_action_to_state_distance |        0.000314 |
| Metric/cross_state_action_to_state_distance |            1.29 |
|                   Metric/h_lambda_diff_self |         0.00249 |
|                  Metric/h_lambda_diff_cross |          0.0123 |
|                                 Eval/Return |            68.2 |
-----------------------------------------------------------------
-----------------------------------------------------------------
|                                 Train/Steps |        2.44e+06 |
|                            Loss/Loss_critic |         0.00855 |
|                             Loss/Loss_actor |            -3.8 |
|                             Loss/Loss_alpha |         0.00203 |
|               Loss/Loss_state_action_metric |           0.265 |
|                      Loss/Loss_state_metric |           0.173 |
|             Loss/Loss_state_action_to_state |        0.000457 |
|                           Loss/Act_rep_loss |          0.0225 |
|                                   SAC/Alpha |          0.0026 |
|                              SAC/LogPi_mean |            1.33 |
|                                 SAC/Q1_mean |            3.77 |
|                                 SAC/Q2_mean |            3.78 |
|                            Norm/actor_model |             114 |
|                           Norm/critic_model |             116 |
|              Norm/state_action_metric_model |            87.9 |
|                     Norm/state_metric_model |            85.6 |
|        Norm/state_action_state_metric_model |            88.8 |
|                  Metric/self_state_distance |         0.00126 |
|                 Metric/cross_state_distance |            1.32 |
|           Metric/self_state_action_distance |         0.00345 |
|          Metric/cross_state_action_distance |            1.43 |
|             Metric/avg_self_state_asymmetry |               0 |
|            Metric/avg_cross_state_asymmetry |         0.00735 |
|                Metric/avg_self_sa_asymmetry |               0 |
|               Metric/avg_cross_sa_asymmetry |          0.0108 |
|  Metric/self_state_action_to_state_distance |        0.000619 |
| Metric/cross_state_action_to_state_distance |            1.42 |
|                   Metric/h_lambda_diff_self |         0.00319 |
|                  Metric/h_lambda_diff_cross |          0.0155 |
|                                 Eval/Return |            80.2 |
-----------------------------------------------------------------
-----------------------------------------------------------------
|                                 Train/Steps |        2.57e+06 |
|                            Loss/Loss_critic |         0.00965 |
|                             Loss/Loss_actor |           -5.12 |
|                             Loss/Loss_alpha |        -0.00114 |
|               Loss/Loss_state_action_metric |           0.323 |
|                      Loss/Loss_state_metric |           0.196 |
|             Loss/Loss_state_action_to_state |        0.000578 |
|                           Loss/Act_rep_loss |          0.0212 |
|                                   SAC/Alpha |         0.00287 |
|                              SAC/LogPi_mean |            2.34 |
|                                 SAC/Q1_mean |            5.09 |
|                                 SAC/Q2_mean |             5.1 |
|                            Norm/actor_model |             117 |
|                           Norm/critic_model |             119 |
|              Norm/state_action_metric_model |            90.5 |
|                     Norm/state_metric_model |            88.4 |
|        Norm/state_action_state_metric_model |            91.3 |
|                  Metric/self_state_distance |        0.000689 |
|                 Metric/cross_state_distance |            1.39 |
|           Metric/self_state_action_distance |         0.00196 |
|          Metric/cross_state_action_distance |            1.52 |
|             Metric/avg_self_state_asymmetry |               0 |
|            Metric/avg_cross_state_asymmetry |         0.00874 |
|                Metric/avg_self_sa_asymmetry |               0 |
|               Metric/avg_cross_sa_asymmetry |          0.0128 |
|  Metric/self_state_action_to_state_distance |        0.000591 |
| Metric/cross_state_action_to_state_distance |            1.52 |
|                   Metric/h_lambda_diff_self |         0.00247 |
|                  Metric/h_lambda_diff_cross |          0.0214 |
|                                 Eval/Return |            70.7 |
-----------------------------------------------------------------
-----------------------------------------------------------------
|                                 Train/Steps |         2.7e+06 |
|                            Loss/Loss_critic |         0.00753 |
|                             Loss/Loss_actor |           -5.33 |
|                             Loss/Loss_alpha |       -0.000293 |
|               Loss/Loss_state_action_metric |           0.295 |
|                      Loss/Loss_state_metric |           0.186 |
|             Loss/Loss_state_action_to_state |        0.000351 |
|                           Loss/Act_rep_loss |           0.018 |
|                                   SAC/Alpha |         0.00297 |
|                              SAC/LogPi_mean |            2.15 |
|                                 SAC/Q1_mean |            5.31 |
|                                 SAC/Q2_mean |             5.3 |
|                            Norm/actor_model |             120 |
|                           Norm/critic_model |             121 |
|              Norm/state_action_metric_model |            92.9 |
|                     Norm/state_metric_model |            91.3 |
|        Norm/state_action_state_metric_model |            93.7 |
|                  Metric/self_state_distance |         0.00157 |
|                 Metric/cross_state_distance |            1.37 |
|           Metric/self_state_action_distance |        0.000923 |
|          Metric/cross_state_action_distance |            1.49 |
|             Metric/avg_self_state_asymmetry |               0 |
|            Metric/avg_cross_state_asymmetry |         0.00903 |
|                Metric/avg_self_sa_asymmetry |               0 |
|               Metric/avg_cross_sa_asymmetry |          0.0128 |
|  Metric/self_state_action_to_state_distance |        0.000774 |
| Metric/cross_state_action_to_state_distance |            1.49 |
|                   Metric/h_lambda_diff_self |         0.00118 |
|                  Metric/h_lambda_diff_cross |          0.0155 |
|                                 Eval/Return |            86.5 |
-----------------------------------------------------------------
-----------------------------------------------------------------
|                                 Train/Steps |        2.82e+06 |
|                            Loss/Loss_critic |         0.00934 |
|                             Loss/Loss_actor |              -5 |
|                             Loss/Loss_alpha |        0.000708 |
|               Loss/Loss_state_action_metric |            0.33 |
|                      Loss/Loss_state_metric |           0.207 |
|             Loss/Loss_state_action_to_state |        0.000802 |
|                           Loss/Act_rep_loss |          0.0209 |
|                                   SAC/Alpha |         0.00314 |
|                              SAC/LogPi_mean |            1.71 |
|                                 SAC/Q1_mean |            4.98 |
|                                 SAC/Q2_mean |            4.97 |
|                            Norm/actor_model |             123 |
|                           Norm/critic_model |             124 |
|              Norm/state_action_metric_model |            95.5 |
|                     Norm/state_metric_model |            94.1 |
|        Norm/state_action_state_metric_model |              96 |
|                  Metric/self_state_distance |         0.00299 |
|                 Metric/cross_state_distance |            1.39 |
|           Metric/self_state_action_distance |         0.00378 |
|          Metric/cross_state_action_distance |            1.54 |
|             Metric/avg_self_state_asymmetry |               0 |
|            Metric/avg_cross_state_asymmetry |         0.00963 |
|                Metric/avg_self_sa_asymmetry |               0 |
|               Metric/avg_cross_sa_asymmetry |           0.014 |
|  Metric/self_state_action_to_state_distance |         0.00169 |
| Metric/cross_state_action_to_state_distance |            1.54 |
|                   Metric/h_lambda_diff_self |         0.00377 |
|                  Metric/h_lambda_diff_cross |          0.0164 |
|                                 Eval/Return |              90 |
-----------------------------------------------------------------
-----------------------------------------------------------------
|                                 Train/Steps |        2.95e+06 |
|                            Loss/Loss_critic |         0.00635 |
|                             Loss/Loss_actor |           -4.88 |
|                             Loss/Loss_alpha |         0.00189 |
|               Loss/Loss_state_action_metric |           0.395 |
|                      Loss/Loss_state_metric |           0.232 |
|             Loss/Loss_state_action_to_state |        0.000631 |
|                           Loss/Act_rep_loss |          0.0181 |
|                                   SAC/Alpha |         0.00328 |
|                              SAC/LogPi_mean |            1.44 |
|                                 SAC/Q1_mean |            4.87 |
|                                 SAC/Q2_mean |            4.87 |
|                            Norm/actor_model |             126 |
|                           Norm/critic_model |             126 |
|              Norm/state_action_metric_model |            97.8 |
|                     Norm/state_metric_model |            96.7 |
|        Norm/state_action_state_metric_model |            98.4 |
|                  Metric/self_state_distance |         0.00105 |
|                 Metric/cross_state_distance |            1.45 |
|           Metric/self_state_action_distance |         0.00344 |
|          Metric/cross_state_action_distance |            1.58 |
|             Metric/avg_self_state_asymmetry |               0 |
|            Metric/avg_cross_state_asymmetry |         0.00965 |
|                Metric/avg_self_sa_asymmetry |               0 |
|               Metric/avg_cross_sa_asymmetry |          0.0123 |
|  Metric/self_state_action_to_state_distance |        0.000798 |
| Metric/cross_state_action_to_state_distance |            1.59 |
|                   Metric/h_lambda_diff_self |         0.00356 |
|                  Metric/h_lambda_diff_cross |          0.0175 |
|                                 Eval/Return |            92.5 |
-----------------------------------------------------------------
-----------------------------------------------------------------
|                                 Train/Steps |        3.08e+06 |
|                            Loss/Loss_critic |          0.0128 |
|                             Loss/Loss_actor |           -5.71 |
|                             Loss/Loss_alpha |        0.000214 |
|               Loss/Loss_state_action_metric |           0.365 |
|                      Loss/Loss_state_metric |           0.231 |
|             Loss/Loss_state_action_to_state |        0.000575 |
|                           Loss/Act_rep_loss |          0.0182 |
|                                   SAC/Alpha |         0.00333 |
|                              SAC/LogPi_mean |            1.93 |
|                                 SAC/Q1_mean |             5.7 |
|                                 SAC/Q2_mean |            5.69 |
|                            Norm/actor_model |             128 |
|                           Norm/critic_model |             129 |
|              Norm/state_action_metric_model |             100 |
|                     Norm/state_metric_model |            99.3 |
|        Norm/state_action_state_metric_model |             101 |
|                  Metric/self_state_distance |        0.000501 |
|                 Metric/cross_state_distance |            1.46 |
|           Metric/self_state_action_distance |         0.00139 |
|          Metric/cross_state_action_distance |             1.6 |
|             Metric/avg_self_state_asymmetry |               0 |
|            Metric/avg_cross_state_asymmetry |         0.00958 |
|                Metric/avg_self_sa_asymmetry |               0 |
|               Metric/avg_cross_sa_asymmetry |          0.0143 |
|  Metric/self_state_action_to_state_distance |        4.52e-05 |
| Metric/cross_state_action_to_state_distance |             1.6 |
|                   Metric/h_lambda_diff_self |         0.00137 |
|                  Metric/h_lambda_diff_cross |          0.0147 |
|                                 Eval/Return |            77.4 |
-----------------------------------------------------------------
[32mSaving model …[0m
[32mDone.[0m
[32mSaving model …[0m
[32mDone.[0m
-----------------------------------------------------------------
|                                 Train/Steps |        3.21e+06 |
|                            Loss/Loss_critic |         0.00781 |
|                             Loss/Loss_actor |           -5.53 |
|                             Loss/Loss_alpha |       -0.000107 |
|               Loss/Loss_state_action_metric |            0.31 |
|                      Loss/Loss_state_metric |           0.189 |
|             Loss/Loss_state_action_to_state |        0.000525 |
|                           Loss/Act_rep_loss |          0.0208 |
|                                   SAC/Alpha |         0.00339 |
|                              SAC/LogPi_mean |             1.9 |
|                                 SAC/Q1_mean |            5.51 |
|                                 SAC/Q2_mean |            5.51 |
|                            Norm/actor_model |             131 |
|                           Norm/critic_model |             131 |
|              Norm/state_action_metric_model |             102 |
|                     Norm/state_metric_model |             102 |
|        Norm/state_action_state_metric_model |             103 |
|                  Metric/self_state_distance |          0.0014 |
|                 Metric/cross_state_distance |            1.38 |
|           Metric/self_state_action_distance |         0.00254 |
|          Metric/cross_state_action_distance |            1.53 |
|             Metric/avg_self_state_asymmetry |               0 |
|            Metric/avg_cross_state_asymmetry |         0.00896 |
|                Metric/avg_self_sa_asymmetry |               0 |
|               Metric/avg_cross_sa_asymmetry |          0.0126 |
|  Metric/self_state_action_to_state_distance |        0.000681 |
| Metric/cross_state_action_to_state_distance |            1.52 |
|                   Metric/h_lambda_diff_self |         0.00298 |
|                  Metric/h_lambda_diff_cross |          0.0146 |
|                                 Eval/Return |            78.4 |
-----------------------------------------------------------------
-----------------------------------------------------------------
|                                 Train/Steps |        3.34e+06 |
|                            Loss/Loss_critic |         0.00964 |
|                             Loss/Loss_actor |           -5.79 |
|                             Loss/Loss_alpha |       -0.000804 |
|               Loss/Loss_state_action_metric |            0.33 |
|                      Loss/Loss_state_metric |            0.21 |
|             Loss/Loss_state_action_to_state |        0.000513 |
|                           Loss/Act_rep_loss |          0.0183 |
|                                   SAC/Alpha |         0.00352 |
|                              SAC/LogPi_mean |            2.29 |
|                                 SAC/Q1_mean |            5.76 |
|                                 SAC/Q2_mean |            5.76 |
|                            Norm/actor_model |             134 |
|                           Norm/critic_model |             134 |
|              Norm/state_action_metric_model |             105 |
|                     Norm/state_metric_model |             104 |
|        Norm/state_action_state_metric_model |             105 |
|                  Metric/self_state_distance |          0.0016 |
|                 Metric/cross_state_distance |            1.39 |
|           Metric/self_state_action_distance |         0.00358 |
|          Metric/cross_state_action_distance |            1.52 |
|             Metric/avg_self_state_asymmetry |               0 |
|            Metric/avg_cross_state_asymmetry |         0.00939 |
|                Metric/avg_self_sa_asymmetry |               0 |
|               Metric/avg_cross_sa_asymmetry |          0.0139 |
|  Metric/self_state_action_to_state_distance |        0.000201 |
| Metric/cross_state_action_to_state_distance |            1.51 |
|                   Metric/h_lambda_diff_self |          0.0034 |
|                  Metric/h_lambda_diff_cross |          0.0159 |
|                                 Eval/Return |            82.3 |
-----------------------------------------------------------------
-----------------------------------------------------------------
|                                 Train/Steps |        3.46e+06 |
|                            Loss/Loss_critic |          0.0116 |
|                             Loss/Loss_actor |           -5.85 |
|                             Loss/Loss_alpha |       -3.65e-05 |
|               Loss/Loss_state_action_metric |           0.303 |
|                      Loss/Loss_state_metric |           0.187 |
|             Loss/Loss_state_action_to_state |        0.000383 |
|                           Loss/Act_rep_loss |           0.019 |
|                                   SAC/Alpha |          0.0035 |
|                              SAC/LogPi_mean |            1.99 |
|                                 SAC/Q1_mean |            5.83 |
|                                 SAC/Q2_mean |            5.82 |
|                            Norm/actor_model |             136 |
|                           Norm/critic_model |             136 |
|              Norm/state_action_metric_model |             107 |
|                     Norm/state_metric_model |             107 |
|        Norm/state_action_state_metric_model |             107 |
|                  Metric/self_state_distance |         0.00125 |
|                 Metric/cross_state_distance |            1.34 |
|           Metric/self_state_action_distance |          0.0015 |
|          Metric/cross_state_action_distance |            1.48 |
|             Metric/avg_self_state_asymmetry |               0 |
|            Metric/avg_cross_state_asymmetry |         0.00885 |
|                Metric/avg_self_sa_asymmetry |               0 |
|               Metric/avg_cross_sa_asymmetry |          0.0129 |
|  Metric/self_state_action_to_state_distance |        0.000623 |
| Metric/cross_state_action_to_state_distance |            1.48 |
|                   Metric/h_lambda_diff_self |         0.00148 |
|                  Metric/h_lambda_diff_cross |          0.0125 |
|                                 Eval/Return |            81.7 |
-----------------------------------------------------------------
-----------------------------------------------------------------
|                                 Train/Steps |        3.59e+06 |
|                            Loss/Loss_critic |          0.0113 |
|                             Loss/Loss_actor |           -6.33 |
|                             Loss/Loss_alpha |       -0.000928 |
|               Loss/Loss_state_action_metric |           0.381 |
|                      Loss/Loss_state_metric |           0.216 |
|             Loss/Loss_state_action_to_state |          0.0011 |
|                           Loss/Act_rep_loss |          0.0156 |
|                                   SAC/Alpha |         0.00382 |
|                              SAC/LogPi_mean |            2.12 |
|                                 SAC/Q1_mean |             6.3 |
|                                 SAC/Q2_mean |             6.3 |
|                            Norm/actor_model |             139 |
|                           Norm/critic_model |             138 |
|              Norm/state_action_metric_model |             109 |
|                     Norm/state_metric_model |             109 |
|        Norm/state_action_state_metric_model |             110 |
|                  Metric/self_state_distance |         0.00107 |
|                 Metric/cross_state_distance |            1.43 |
|           Metric/self_state_action_distance |         0.00433 |
|          Metric/cross_state_action_distance |            1.58 |
|             Metric/avg_self_state_asymmetry |               0 |
|            Metric/avg_cross_state_asymmetry |           0.012 |
|                Metric/avg_self_sa_asymmetry |               0 |
|               Metric/avg_cross_sa_asymmetry |          0.0141 |
|  Metric/self_state_action_to_state_distance |        0.000529 |
| Metric/cross_state_action_to_state_distance |             1.6 |
|                   Metric/h_lambda_diff_self |         0.00402 |
|                  Metric/h_lambda_diff_cross |          0.0224 |
|                                 Eval/Return |             102 |
-----------------------------------------------------------------
-----------------------------------------------------------------
|                                 Train/Steps |        3.72e+06 |
|                            Loss/Loss_critic |          0.0148 |
|                             Loss/Loss_actor |           -6.17 |
|                             Loss/Loss_alpha |        0.000677 |
|               Loss/Loss_state_action_metric |           0.426 |
|                      Loss/Loss_state_metric |           0.267 |
|             Loss/Loss_state_action_to_state |        0.000521 |
|                           Loss/Act_rep_loss |          0.0182 |
|                                   SAC/Alpha |          0.0038 |
|                              SAC/LogPi_mean |            1.93 |
|                                 SAC/Q1_mean |            6.15 |
|                                 SAC/Q2_mean |            6.14 |
|                            Norm/actor_model |             141 |
|                           Norm/critic_model |             141 |
|              Norm/state_action_metric_model |             111 |
|                     Norm/state_metric_model |             112 |
|        Norm/state_action_state_metric_model |             112 |
|                  Metric/self_state_distance |        0.000912 |
|                 Metric/cross_state_distance |            1.48 |
|           Metric/self_state_action_distance |         0.00442 |
|          Metric/cross_state_action_distance |            1.66 |
|             Metric/avg_self_state_asymmetry |               0 |
|            Metric/avg_cross_state_asymmetry |         0.00892 |
|                Metric/avg_self_sa_asymmetry |               0 |
|               Metric/avg_cross_sa_asymmetry |           0.015 |
|  Metric/self_state_action_to_state_distance |        0.000693 |
| Metric/cross_state_action_to_state_distance |            1.66 |
|                   Metric/h_lambda_diff_self |         0.00476 |
|                  Metric/h_lambda_diff_cross |          0.0154 |
|                                 Eval/Return |            93.3 |
-----------------------------------------------------------------
-----------------------------------------------------------------
|                                 Train/Steps |        3.85e+06 |
|                            Loss/Loss_critic |         0.00861 |
|                             Loss/Loss_actor |           -6.55 |
|                             Loss/Loss_alpha |         0.00064 |
|               Loss/Loss_state_action_metric |            0.52 |
|                      Loss/Loss_state_metric |           0.326 |
|             Loss/Loss_state_action_to_state |        0.000507 |
|                           Loss/Act_rep_loss |          0.0143 |
|                                   SAC/Alpha |         0.00385 |
|                              SAC/LogPi_mean |            1.98 |
|                                 SAC/Q1_mean |            6.53 |
|                                 SAC/Q2_mean |            6.53 |
|                            Norm/actor_model |             144 |
|                           Norm/critic_model |             143 |
|              Norm/state_action_metric_model |             114 |
|                     Norm/state_metric_model |             114 |
|        Norm/state_action_state_metric_model |             114 |
|                  Metric/self_state_distance |        0.000708 |
|                 Metric/cross_state_distance |             1.6 |
|           Metric/self_state_action_distance |         0.00151 |
|          Metric/cross_state_action_distance |            1.83 |
|             Metric/avg_self_state_asymmetry |               0 |
|            Metric/avg_cross_state_asymmetry |          0.0135 |
|                Metric/avg_self_sa_asymmetry |               0 |
|               Metric/avg_cross_sa_asymmetry |           0.015 |
|  Metric/self_state_action_to_state_distance |        0.000729 |
| Metric/cross_state_action_to_state_distance |            1.82 |
|                   Metric/h_lambda_diff_self |         0.00157 |
|                  Metric/h_lambda_diff_cross |          0.0155 |
|                                 Eval/Return |            89.5 |
-----------------------------------------------------------------
-----------------------------------------------------------------
|                                 Train/Steps |        3.98e+06 |
|                            Loss/Loss_critic |          0.0121 |
|                             Loss/Loss_actor |           -6.44 |
|                             Loss/Loss_alpha |        0.000169 |
|               Loss/Loss_state_action_metric |           0.405 |
|                      Loss/Loss_state_metric |           0.246 |
|             Loss/Loss_state_action_to_state |         0.00152 |
|                           Loss/Act_rep_loss |          0.0175 |
|                                   SAC/Alpha |          0.0039 |
|                              SAC/LogPi_mean |            1.88 |
|                                 SAC/Q1_mean |            6.41 |
|                                 SAC/Q2_mean |            6.42 |
|                            Norm/actor_model |             146 |
|                           Norm/critic_model |             145 |
|              Norm/state_action_metric_model |             116 |
|                     Norm/state_metric_model |             116 |
|        Norm/state_action_state_metric_model |             116 |
|                  Metric/self_state_distance |        0.000583 |
|                 Metric/cross_state_distance |            1.44 |
|           Metric/self_state_action_distance |         0.00069 |
|          Metric/cross_state_action_distance |            1.63 |
|             Metric/avg_self_state_asymmetry |               0 |
|            Metric/avg_cross_state_asymmetry |          0.0106 |
|                Metric/avg_self_sa_asymmetry |               0 |
|               Metric/avg_cross_sa_asymmetry |          0.0167 |
|  Metric/self_state_action_to_state_distance |        5.13e-05 |
| Metric/cross_state_action_to_state_distance |            1.62 |
|                   Metric/h_lambda_diff_self |        0.000686 |
|                  Metric/h_lambda_diff_cross |          0.0172 |
|                                 Eval/Return |            95.5 |
-----------------------------------------------------------------
-----------------------------------------------------------------
|                                 Train/Steps |         4.1e+06 |
|                            Loss/Loss_critic |         0.00846 |
|                             Loss/Loss_actor |           -6.64 |
|                             Loss/Loss_alpha |        0.000352 |
|               Loss/Loss_state_action_metric |            0.49 |
|                      Loss/Loss_state_metric |           0.306 |
|             Loss/Loss_state_action_to_state |        0.000841 |
|                           Loss/Act_rep_loss |          0.0179 |
|                                   SAC/Alpha |         0.00398 |
|                              SAC/LogPi_mean |            1.95 |
|                                 SAC/Q1_mean |            6.63 |
|                                 SAC/Q2_mean |            6.61 |
|                            Norm/actor_model |             148 |
|                           Norm/critic_model |             147 |
|              Norm/state_action_metric_model |             118 |
|                     Norm/state_metric_model |             119 |
|        Norm/state_action_state_metric_model |             118 |
|                  Metric/self_state_distance |         0.00111 |
|                 Metric/cross_state_distance |            1.53 |
|           Metric/self_state_action_distance |         0.00462 |
|          Metric/cross_state_action_distance |            1.76 |
|             Metric/avg_self_state_asymmetry |               0 |
|            Metric/avg_cross_state_asymmetry |          0.0101 |
|                Metric/avg_self_sa_asymmetry |               0 |
|               Metric/avg_cross_sa_asymmetry |          0.0161 |
|  Metric/self_state_action_to_state_distance |        0.000284 |
| Metric/cross_state_action_to_state_distance |            1.74 |
|                   Metric/h_lambda_diff_self |         0.00447 |
|                  Metric/h_lambda_diff_cross |          0.0254 |
|                                 Eval/Return |            91.2 |
-----------------------------------------------------------------
[32mSaving model …[0m
[32mDone.[0m
[32mSaving model …[0m
[32mDone.[0m
-----------------------------------------------------------------
|                                 Train/Steps |        4.23e+06 |
|                            Loss/Loss_critic |          0.0195 |
|                             Loss/Loss_actor |           -6.83 |
|                             Loss/Loss_alpha |        0.000665 |
|               Loss/Loss_state_action_metric |           0.382 |
|                      Loss/Loss_state_metric |           0.227 |
|             Loss/Loss_state_action_to_state |        0.000374 |
|                           Loss/Act_rep_loss |          0.0167 |
|                                   SAC/Alpha |         0.00407 |
|                              SAC/LogPi_mean |            1.77 |
|                                 SAC/Q1_mean |            6.81 |
|                                 SAC/Q2_mean |            6.82 |
|                            Norm/actor_model |             151 |
|                           Norm/critic_model |             150 |
|              Norm/state_action_metric_model |             120 |
|                     Norm/state_metric_model |             121 |
|        Norm/state_action_state_metric_model |             120 |
|                  Metric/self_state_distance |          0.0019 |
|                 Metric/cross_state_distance |            1.41 |
|           Metric/self_state_action_distance |         0.00173 |
|          Metric/cross_state_action_distance |            1.57 |
|             Metric/avg_self_state_asymmetry |               0 |
|            Metric/avg_cross_state_asymmetry |         0.00753 |
|                Metric/avg_self_sa_asymmetry |               0 |
|               Metric/avg_cross_sa_asymmetry |          0.0126 |
|  Metric/self_state_action_to_state_distance |        0.000574 |
| Metric/cross_state_action_to_state_distance |            1.57 |
|                   Metric/h_lambda_diff_self |         0.00159 |
|                  Metric/h_lambda_diff_cross |          0.0132 |
|                                 Eval/Return |             103 |
-----------------------------------------------------------------
-----------------------------------------------------------------
|                                 Train/Steps |        4.36e+06 |
|                            Loss/Loss_critic |          0.0117 |
|                             Loss/Loss_actor |           -7.39 |
|                             Loss/Loss_alpha |       -0.000581 |
|               Loss/Loss_state_action_metric |           0.519 |
|                      Loss/Loss_state_metric |           0.325 |
|             Loss/Loss_state_action_to_state |        0.000421 |
|                           Loss/Act_rep_loss |          0.0149 |
|                                   SAC/Alpha |         0.00407 |
|                              SAC/LogPi_mean |            1.98 |
|                                 SAC/Q1_mean |            7.38 |
|                                 SAC/Q2_mean |            7.37 |
|                            Norm/actor_model |             153 |
|                           Norm/critic_model |             152 |
|              Norm/state_action_metric_model |             122 |
|                     Norm/state_metric_model |             123 |
|        Norm/state_action_state_metric_model |             122 |
|                  Metric/self_state_distance |        0.000283 |
|                 Metric/cross_state_distance |            1.56 |
|           Metric/self_state_action_distance |         0.00257 |
|          Metric/cross_state_action_distance |            1.78 |
|             Metric/avg_self_state_asymmetry |               0 |
|            Metric/avg_cross_state_asymmetry |          0.0109 |
|                Metric/avg_self_sa_asymmetry |               0 |
|               Metric/avg_cross_sa_asymmetry |          0.0159 |
|  Metric/self_state_action_to_state_distance |         0.00105 |
| Metric/cross_state_action_to_state_distance |            1.78 |
|                   Metric/h_lambda_diff_self |         0.00307 |
|                  Metric/h_lambda_diff_cross |          0.0187 |
|                                 Eval/Return |            98.4 |
-----------------------------------------------------------------
-----------------------------------------------------------------
|                                 Train/Steps |        4.49e+06 |
|                            Loss/Loss_critic |          0.0121 |
|                             Loss/Loss_actor |            -7.9 |
|                             Loss/Loss_alpha |       -0.000915 |
|               Loss/Loss_state_action_metric |           0.668 |
|                      Loss/Loss_state_metric |           0.387 |
|             Loss/Loss_state_action_to_state |        0.000977 |
|                           Loss/Act_rep_loss |          0.0138 |
|                                   SAC/Alpha |         0.00441 |
|                              SAC/LogPi_mean |            2.08 |
|                                 SAC/Q1_mean |             7.9 |
|                                 SAC/Q2_mean |            7.89 |
|                            Norm/actor_model |             155 |
|                           Norm/critic_model |             154 |
|              Norm/state_action_metric_model |             125 |
|                     Norm/state_metric_model |             125 |
|        Norm/state_action_state_metric_model |             124 |
|                  Metric/self_state_distance |        0.000707 |
|                 Metric/cross_state_distance |            1.71 |
|           Metric/self_state_action_distance |         0.00206 |
|          Metric/cross_state_action_distance |            2.01 |
|             Metric/avg_self_state_asymmetry |               0 |
|            Metric/avg_cross_state_asymmetry |          0.0127 |
|                Metric/avg_self_sa_asymmetry |               0 |
|               Metric/avg_cross_sa_asymmetry |          0.0183 |
|  Metric/self_state_action_to_state_distance |        0.000303 |
| Metric/cross_state_action_to_state_distance |            1.99 |
|                   Metric/h_lambda_diff_self |         0.00182 |
|                  Metric/h_lambda_diff_cross |          0.0288 |
|                                 Eval/Return |            93.1 |
-----------------------------------------------------------------
-----------------------------------------------------------------
|                                 Train/Steps |        4.62e+06 |
|                            Loss/Loss_critic |          0.0114 |
|                             Loss/Loss_actor |           -7.68 |
|                             Loss/Loss_alpha |         0.00149 |
|               Loss/Loss_state_action_metric |            0.51 |
|                      Loss/Loss_state_metric |           0.296 |
|             Loss/Loss_state_action_to_state |        0.000705 |
|                           Loss/Act_rep_loss |          0.0172 |
|                                   SAC/Alpha |         0.00465 |
|                              SAC/LogPi_mean |            1.74 |
|                                 SAC/Q1_mean |            7.67 |
|                                 SAC/Q2_mean |            7.67 |
|                            Norm/actor_model |             157 |
|                           Norm/critic_model |             156 |
|              Norm/state_action_metric_model |             127 |
|                     Norm/state_metric_model |             127 |
|        Norm/state_action_state_metric_model |             126 |
|                  Metric/self_state_distance |        0.000712 |
|                 Metric/cross_state_distance |            1.52 |
|           Metric/self_state_action_distance |         0.00427 |
|          Metric/cross_state_action_distance |            1.81 |
|             Metric/avg_self_state_asymmetry |               0 |
|            Metric/avg_cross_state_asymmetry |          0.0111 |
|                Metric/avg_self_sa_asymmetry |               0 |
|               Metric/avg_cross_sa_asymmetry |          0.0183 |
|  Metric/self_state_action_to_state_distance |         0.00087 |
| Metric/cross_state_action_to_state_distance |             1.8 |
|                   Metric/h_lambda_diff_self |          0.0044 |
|                  Metric/h_lambda_diff_cross |          0.0195 |
|                                 Eval/Return |            86.4 |
-----------------------------------------------------------------
-----------------------------------------------------------------
|                                 Train/Steps |        4.74e+06 |
|                            Loss/Loss_critic |         0.00795 |
|                             Loss/Loss_actor |           -8.12 |
|                             Loss/Loss_alpha |        -0.00011 |
|               Loss/Loss_state_action_metric |            0.53 |
|                      Loss/Loss_state_metric |           0.322 |
|             Loss/Loss_state_action_to_state |        0.000559 |
|                           Loss/Act_rep_loss |          0.0143 |
|                                   SAC/Alpha |         0.00457 |
|                              SAC/LogPi_mean |            1.93 |
|                                 SAC/Q1_mean |            8.11 |
|                                 SAC/Q2_mean |            8.12 |
|                            Norm/actor_model |             159 |
|                           Norm/critic_model |             158 |
|              Norm/state_action_metric_model |             129 |
|                     Norm/state_metric_model |             130 |
|        Norm/state_action_state_metric_model |             128 |
|                  Metric/self_state_distance |         0.00433 |
|                 Metric/cross_state_distance |            1.59 |
|           Metric/self_state_action_distance |         0.00291 |
|          Metric/cross_state_action_distance |            1.86 |
|             Metric/avg_self_state_asymmetry |               0 |
|            Metric/avg_cross_state_asymmetry |          0.0101 |
|                Metric/avg_self_sa_asymmetry |               0 |
|               Metric/avg_cross_sa_asymmetry |          0.0166 |
|  Metric/self_state_action_to_state_distance |        0.000422 |
| Metric/cross_state_action_to_state_distance |            1.85 |
|                   Metric/h_lambda_diff_self |         0.00269 |
|                  Metric/h_lambda_diff_cross |          0.0181 |
|                                 Eval/Return |            91.4 |
-----------------------------------------------------------------
-----------------------------------------------------------------
|                                 Train/Steps |        4.87e+06 |
|                            Loss/Loss_critic |         0.00812 |
|                             Loss/Loss_actor |           -8.34 |
|                             Loss/Loss_alpha |       -0.000123 |
|               Loss/Loss_state_action_metric |           0.564 |
|                      Loss/Loss_state_metric |           0.337 |
|             Loss/Loss_state_action_to_state |        0.000549 |
|                           Loss/Act_rep_loss |          0.0154 |
|                                   SAC/Alpha |         0.00456 |
|                              SAC/LogPi_mean |            1.93 |
|                                 SAC/Q1_mean |            8.34 |
|                                 SAC/Q2_mean |            8.35 |
|                            Norm/actor_model |             161 |
|                           Norm/critic_model |             159 |
|              Norm/state_action_metric_model |             131 |
|                     Norm/state_metric_model |             132 |
|        Norm/state_action_state_metric_model |             130 |
|                  Metric/self_state_distance |         0.00256 |
|                 Metric/cross_state_distance |            1.59 |
|           Metric/self_state_action_distance |         0.00168 |
|          Metric/cross_state_action_distance |            1.84 |
|             Metric/avg_self_state_asymmetry |               0 |
|            Metric/avg_cross_state_asymmetry |          0.0109 |
|                Metric/avg_self_sa_asymmetry |               0 |
|               Metric/avg_cross_sa_asymmetry |          0.0141 |
|  Metric/self_state_action_to_state_distance |        0.000572 |
| Metric/cross_state_action_to_state_distance |            1.84 |
|                   Metric/h_lambda_diff_self |         0.00174 |
|                  Metric/h_lambda_diff_cross |          0.0164 |
|                                 Eval/Return |            92.1 |
-----------------------------------------------------------------
-----------------------------------------------------------------
|                                 Train/Steps |           5e+06 |
|                            Loss/Loss_critic |         0.00976 |
|                             Loss/Loss_actor |           -8.07 |
|                             Loss/Loss_alpha |         0.00127 |
|               Loss/Loss_state_action_metric |           0.591 |
|                      Loss/Loss_state_metric |           0.372 |
|             Loss/Loss_state_action_to_state |        0.000434 |
|                           Loss/Act_rep_loss |          0.0112 |
|                                   SAC/Alpha |         0.00469 |
|                              SAC/LogPi_mean |            1.83 |
|                                 SAC/Q1_mean |            8.07 |
|                                 SAC/Q2_mean |            8.06 |
|                            Norm/actor_model |             162 |
|                           Norm/critic_model |             161 |
|              Norm/state_action_metric_model |             133 |
|                     Norm/state_metric_model |             134 |
|        Norm/state_action_state_metric_model |             132 |
|                  Metric/self_state_distance |         0.00052 |
|                 Metric/cross_state_distance |            1.66 |
|           Metric/self_state_action_distance |         0.00139 |
|          Metric/cross_state_action_distance |            1.93 |
|             Metric/avg_self_state_asymmetry |               0 |
|            Metric/avg_cross_state_asymmetry |          0.0104 |
|                Metric/avg_self_sa_asymmetry |               0 |
|               Metric/avg_cross_sa_asymmetry |          0.0157 |
|  Metric/self_state_action_to_state_distance |        0.000331 |
| Metric/cross_state_action_to_state_distance |            1.92 |
|                   Metric/h_lambda_diff_self |         0.00121 |
|                  Metric/h_lambda_diff_cross |          0.0187 |
|                                 Eval/Return |            90.1 |
-----------------------------------------------------------------
[32mSaving model …[0m
[32mDone.[0m
[32mSaving model …[0m
[32mDone.[0m
