E0923 14:24:26.095570 3181422 cuda_executor.cc:1526] Could not get kernel mode driver version: (INVALID_ARGUMENT: Version does not match the format X.Y.Z)
E0923 14:24:26.104468 3181313 cuda_executor.cc:1526] Could not get kernel mode driver version: (INVALID_ARGUMENT: Version does not match the format X.Y.Z)
[32mStart prefilling replay buffer[0m
[32mStart SAC training[0m
[32m{'log_freq': 1000, 'save_freq': 1000000, 'eval_episode_freq': 10, 'hidden_size': 256, 'lr': 0.001, 'max_grad_norm': 0.0, 'gamma': 0.99, 'update_tau': 0.005, 'train_per_step': 8, 'episode_length': 1000, 'warmup_samples': 8192, 'max_replay_size': 4000000, 'batch_size': 512, 'total_env_steps': 5000000, 'init_temperature': 0.1, 'nstep': 1, 'bootstrap_on_truncation': True, 'rep_lr_scale': 1.5, 'vis_feq': 100000, 'n_vis_frames': 4, 'num_envs': 128, 'grad_steps': 50, 'transfer_freq': 10, 'transfer_steps': 8, 'reward_scaling': 1.0, 'num_eval_envs': 128, 'target_entropy': -3.0}[0m
[32m[nstep] nstep=1 bootstrap_on_truncation=True (discount from the buffer already contains gamma^nstep)[0m
-----------------------------------------------------------------
|                                 Train/Steps |        1.36e+05 |
|                            Loss/Loss_critic |          0.0831 |
|                             Loss/Loss_actor |            -7.3 |
|                             Loss/Loss_alpha |        -0.00343 |
|               Loss/Loss_state_action_metric |            0.12 |
|                      Loss/Loss_state_metric |          0.0656 |
|             Loss/Loss_state_action_to_state |         0.00127 |
|                           Loss/Act_rep_loss |        0.000561 |
|                                   SAC/Alpha |         0.00708 |
|                              SAC/LogPi_mean |            3.54 |
|                                 SAC/Q1_mean |            7.21 |
|                                 SAC/Q2_mean |            7.19 |
|                            Norm/actor_model |            39.8 |
|                           Norm/critic_model |            46.9 |
|              Norm/state_action_metric_model |            31.4 |
|                     Norm/state_metric_model |            31.8 |
|        Norm/state_action_state_metric_model |            31.4 |
|                  Metric/self_state_distance |         0.00682 |
|                 Metric/cross_state_distance |            1.32 |
|           Metric/self_state_action_distance |         0.00292 |
|          Metric/cross_state_action_distance |            1.41 |
|             Metric/avg_self_state_asymmetry |               0 |
|            Metric/avg_cross_state_asymmetry |          0.0164 |
|                Metric/avg_self_sa_asymmetry |               0 |
|               Metric/avg_cross_sa_asymmetry |          0.0238 |
|  Metric/self_state_action_to_state_distance |         0.00199 |
| Metric/cross_state_action_to_state_distance |            1.42 |
|                   Metric/h_lambda_diff_self |         0.00285 |
|                  Metric/h_lambda_diff_cross |          0.0339 |
|                                 Eval/Return |             296 |
-----------------------------------------------------------------
-----------------------------------------------------------------
|                                 Train/Steps |        2.64e+05 |
|                            Loss/Loss_critic |          0.0956 |
|                             Loss/Loss_actor |           -18.1 |
|                             Loss/Loss_alpha |        0.000349 |
|               Loss/Loss_state_action_metric |           0.465 |
|                      Loss/Loss_state_metric |           0.307 |
|             Loss/Loss_state_action_to_state |          0.0011 |
|                           Loss/Act_rep_loss |        0.000156 |
|                                   SAC/Alpha |          0.0106 |
|                              SAC/LogPi_mean |            2.82 |
|                                 SAC/Q1_mean |              18 |
|                                 SAC/Q2_mean |              18 |
|                            Norm/actor_model |            54.5 |
|                           Norm/critic_model |            65.7 |
|              Norm/state_action_metric_model |              35 |
|                     Norm/state_metric_model |            35.1 |
|        Norm/state_action_state_metric_model |            34.8 |
|                  Metric/self_state_distance |         0.00246 |
|                 Metric/cross_state_distance |            1.78 |
|           Metric/self_state_action_distance |          0.0034 |
|          Metric/cross_state_action_distance |               2 |
|             Metric/avg_self_state_asymmetry |               0 |
|            Metric/avg_cross_state_asymmetry |          0.0168 |
|                Metric/avg_self_sa_asymmetry |               0 |
|               Metric/avg_cross_sa_asymmetry |          0.0258 |
|  Metric/self_state_action_to_state_distance |         0.00121 |
| Metric/cross_state_action_to_state_distance |            2.01 |
|                   Metric/h_lambda_diff_self |          0.0035 |
|                  Metric/h_lambda_diff_cross |          0.0339 |
|                                 Eval/Return |             757 |
-----------------------------------------------------------------
-----------------------------------------------------------------
|                                 Train/Steps |        3.92e+05 |
|                            Loss/Loss_critic |           0.118 |
|                             Loss/Loss_actor |             -30 |
|                             Loss/Loss_alpha |       -0.000666 |
|               Loss/Loss_state_action_metric |           0.647 |
|                      Loss/Loss_state_metric |           0.439 |
|             Loss/Loss_state_action_to_state |         0.00118 |
|                           Loss/Act_rep_loss |        0.000852 |
|                                   SAC/Alpha |          0.0104 |
|                              SAC/LogPi_mean |            3.18 |
|                                 SAC/Q1_mean |            29.9 |
|                                 SAC/Q2_mean |            30.1 |
|                            Norm/actor_model |            63.6 |
|                           Norm/critic_model |            77.2 |
|              Norm/state_action_metric_model |            39.2 |
|                     Norm/state_metric_model |            38.9 |
|        Norm/state_action_state_metric_model |            38.8 |
|                  Metric/self_state_distance |         0.00346 |
|                 Metric/cross_state_distance |            2.03 |
|           Metric/self_state_action_distance |         0.00142 |
|          Metric/cross_state_action_distance |            2.31 |
|             Metric/avg_self_state_asymmetry |               0 |
|            Metric/avg_cross_state_asymmetry |          0.0207 |
|                Metric/avg_self_sa_asymmetry |               0 |
|               Metric/avg_cross_sa_asymmetry |          0.0239 |
|  Metric/self_state_action_to_state_distance |         0.00112 |
| Metric/cross_state_action_to_state_distance |            2.29 |
|                   Metric/h_lambda_diff_self |         0.00113 |
|                  Metric/h_lambda_diff_cross |          0.0328 |
|                                 Eval/Return |             797 |
-----------------------------------------------------------------
-----------------------------------------------------------------
|                                 Train/Steps |         5.2e+05 |
|                            Loss/Loss_critic |           0.164 |
|                             Loss/Loss_actor |           -43.7 |
|                             Loss/Loss_alpha |         0.00642 |
|               Loss/Loss_state_action_metric |           0.619 |
|                      Loss/Loss_state_metric |           0.416 |
|             Loss/Loss_state_action_to_state |        0.000961 |
|                           Loss/Act_rep_loss |         0.00556 |
|                                   SAC/Alpha |          0.0117 |
|                              SAC/LogPi_mean |            2.48 |
|                                 SAC/Q1_mean |            43.7 |
|                                 SAC/Q2_mean |            43.7 |
|                            Norm/actor_model |            69.3 |
|                           Norm/critic_model |            84.9 |
|              Norm/state_action_metric_model |            43.3 |
|                     Norm/state_metric_model |            43.1 |
|        Norm/state_action_state_metric_model |            42.6 |
|                  Metric/self_state_distance |         0.00305 |
|                 Metric/cross_state_distance |            1.92 |
|           Metric/self_state_action_distance |         0.00456 |
|          Metric/cross_state_action_distance |            2.24 |
|             Metric/avg_self_state_asymmetry |               0 |
|            Metric/avg_cross_state_asymmetry |          0.0258 |
|                Metric/avg_self_sa_asymmetry |               0 |
|               Metric/avg_cross_sa_asymmetry |          0.0198 |
|  Metric/self_state_action_to_state_distance |         0.00101 |
| Metric/cross_state_action_to_state_distance |            2.23 |
|                   Metric/h_lambda_diff_self |         0.00375 |
|                  Metric/h_lambda_diff_cross |          0.0305 |
|                                 Eval/Return |             954 |
-----------------------------------------------------------------
-----------------------------------------------------------------
|                                 Train/Steps |        6.48e+05 |
|                            Loss/Loss_critic |           0.105 |
|                             Loss/Loss_actor |           -55.9 |
|                             Loss/Loss_alpha |         0.00191 |
|               Loss/Loss_state_action_metric |           0.647 |
|                      Loss/Loss_state_metric |           0.443 |
|             Loss/Loss_state_action_to_state |        0.000701 |
|                           Loss/Act_rep_loss |        0.000512 |
|                                   SAC/Alpha |          0.0121 |
|                              SAC/LogPi_mean |            2.82 |
|                                 SAC/Q1_mean |            55.8 |
|                                 SAC/Q2_mean |            55.9 |
|                            Norm/actor_model |            74.7 |
|                           Norm/critic_model |              91 |
|              Norm/state_action_metric_model |            47.4 |
|                     Norm/state_metric_model |            47.1 |
|        Norm/state_action_state_metric_model |            46.2 |
|                  Metric/self_state_distance |        0.000668 |
|                 Metric/cross_state_distance |            1.97 |
|           Metric/self_state_action_distance |         0.00195 |
|          Metric/cross_state_action_distance |            2.26 |
|             Metric/avg_self_state_asymmetry |               0 |
|            Metric/avg_cross_state_asymmetry |          0.0136 |
|                Metric/avg_self_sa_asymmetry |               0 |
|               Metric/avg_cross_sa_asymmetry |          0.0191 |
|  Metric/self_state_action_to_state_distance |        0.000903 |
| Metric/cross_state_action_to_state_distance |            2.26 |
|                   Metric/h_lambda_diff_self |         0.00135 |
|                  Metric/h_lambda_diff_cross |          0.0232 |
|                                 Eval/Return |             947 |
-----------------------------------------------------------------
-----------------------------------------------------------------
|                                 Train/Steps |        7.76e+05 |
|                            Loss/Loss_critic |           0.116 |
|                             Loss/Loss_actor |           -64.7 |
|                             Loss/Loss_alpha |       -0.000832 |
|               Loss/Loss_state_action_metric |           0.589 |
|                      Loss/Loss_state_metric |           0.399 |
|             Loss/Loss_state_action_to_state |        0.000816 |
|                           Loss/Act_rep_loss |         0.00224 |
|                                   SAC/Alpha |          0.0112 |
|                              SAC/LogPi_mean |            3.21 |
|                                 SAC/Q1_mean |            64.6 |
|                                 SAC/Q2_mean |            64.6 |
|                            Norm/actor_model |            80.3 |
|                           Norm/critic_model |            96.3 |
|              Norm/state_action_metric_model |            51.1 |
|                     Norm/state_metric_model |              51 |
|        Norm/state_action_state_metric_model |            49.6 |
|                  Metric/self_state_distance |        0.000651 |
|                 Metric/cross_state_distance |            1.87 |
|           Metric/self_state_action_distance |        0.000439 |
|          Metric/cross_state_action_distance |            2.14 |
|             Metric/avg_self_state_asymmetry |               0 |
|            Metric/avg_cross_state_asymmetry |          0.0187 |
|                Metric/avg_self_sa_asymmetry |               0 |
|               Metric/avg_cross_sa_asymmetry |           0.018 |
|  Metric/self_state_action_to_state_distance |         0.00129 |
| Metric/cross_state_action_to_state_distance |            2.13 |
|                   Metric/h_lambda_diff_self |         0.00138 |
|                  Metric/h_lambda_diff_cross |          0.0266 |
|                                 Eval/Return |             924 |
-----------------------------------------------------------------
-----------------------------------------------------------------
|                                 Train/Steps |        9.04e+05 |
|                            Loss/Loss_critic |          0.0826 |
|                             Loss/Loss_actor |           -70.6 |
|                             Loss/Loss_alpha |         0.00046 |
|               Loss/Loss_state_action_metric |           0.581 |
|                      Loss/Loss_state_metric |           0.374 |
|             Loss/Loss_state_action_to_state |        0.000526 |
|                           Loss/Act_rep_loss |         0.00659 |
|                                   SAC/Alpha |          0.0109 |
|                              SAC/LogPi_mean |            2.89 |
|                                 SAC/Q1_mean |            70.5 |
|                                 SAC/Q2_mean |            70.5 |
|                            Norm/actor_model |            85.3 |
|                           Norm/critic_model |             101 |
|              Norm/state_action_metric_model |            54.6 |
|                     Norm/state_metric_model |            54.7 |
|        Norm/state_action_state_metric_model |            52.9 |
|                  Metric/self_state_distance |        0.000962 |
|                 Metric/cross_state_distance |            1.76 |
|           Metric/self_state_action_distance |        0.000156 |
|          Metric/cross_state_action_distance |            2.05 |
|             Metric/avg_self_state_asymmetry |               0 |
|            Metric/avg_cross_state_asymmetry |          0.0108 |
|                Metric/avg_self_sa_asymmetry |               0 |
|               Metric/avg_cross_sa_asymmetry |          0.0157 |
|  Metric/self_state_action_to_state_distance |        0.000953 |
| Metric/cross_state_action_to_state_distance |            2.06 |
|                   Metric/h_lambda_diff_self |        0.000976 |
|                  Metric/h_lambda_diff_cross |          0.0203 |
|                                 Eval/Return |             963 |
-----------------------------------------------------------------
-----------------------------------------------------------------
|                                 Train/Steps |        1.03e+06 |
|                            Loss/Loss_critic |           0.135 |
|                             Loss/Loss_actor |             -75 |
|                             Loss/Loss_alpha |       -0.000332 |
|               Loss/Loss_state_action_metric |           0.543 |
|                      Loss/Loss_state_metric |           0.362 |
|             Loss/Loss_state_action_to_state |        0.000997 |
|                           Loss/Act_rep_loss |        0.000135 |
|                                   SAC/Alpha |         0.00886 |
|                              SAC/LogPi_mean |            3.13 |
|                                 SAC/Q1_mean |            74.9 |
|                                 SAC/Q2_mean |            75.1 |
|                            Norm/actor_model |            89.9 |
|                           Norm/critic_model |             106 |
|              Norm/state_action_metric_model |            57.9 |
|                     Norm/state_metric_model |            58.4 |
|        Norm/state_action_state_metric_model |            56.1 |
|                  Metric/self_state_distance |        0.000682 |
|                 Metric/cross_state_distance |             1.8 |
|           Metric/self_state_action_distance |         0.00164 |
|          Metric/cross_state_action_distance |            2.04 |
|             Metric/avg_self_state_asymmetry |               0 |
|            Metric/avg_cross_state_asymmetry |          0.0109 |
|                Metric/avg_self_sa_asymmetry |               0 |
|               Metric/avg_cross_sa_asymmetry |           0.019 |
|  Metric/self_state_action_to_state_distance |        0.000536 |
| Metric/cross_state_action_to_state_distance |            2.02 |
|                   Metric/h_lambda_diff_self |         0.00122 |
|                  Metric/h_lambda_diff_cross |          0.0313 |
|                                 Eval/Return |             962 |
-----------------------------------------------------------------
[32mSaving model …[0m
[32mDone.[0m
[32mSaving model …[0m
[32mDone.[0m
-----------------------------------------------------------------
|                                 Train/Steps |        1.16e+06 |
|                            Loss/Loss_critic |          0.0631 |
|                             Loss/Loss_actor |           -79.4 |
|                             Loss/Loss_alpha |        -0.00119 |
|               Loss/Loss_state_action_metric |           0.497 |
|                      Loss/Loss_state_metric |           0.341 |
|             Loss/Loss_state_action_to_state |        0.000521 |
|                           Loss/Act_rep_loss |         0.00351 |
|                                   SAC/Alpha |         0.00809 |
|                              SAC/LogPi_mean |            2.99 |
|                                 SAC/Q1_mean |            79.5 |
|                                 SAC/Q2_mean |            79.4 |
|                            Norm/actor_model |            94.3 |
|                           Norm/critic_model |             111 |
|              Norm/state_action_metric_model |              61 |
|                     Norm/state_metric_model |              62 |
|        Norm/state_action_state_metric_model |            59.3 |
|                  Metric/self_state_distance |        0.000598 |
|                 Metric/cross_state_distance |            1.72 |
|           Metric/self_state_action_distance |         0.00193 |
|          Metric/cross_state_action_distance |            1.93 |
|             Metric/avg_self_state_asymmetry |               0 |
|            Metric/avg_cross_state_asymmetry |         0.00957 |
|                Metric/avg_self_sa_asymmetry |               0 |
|               Metric/avg_cross_sa_asymmetry |          0.0129 |
|  Metric/self_state_action_to_state_distance |         0.00171 |
| Metric/cross_state_action_to_state_distance |            1.94 |
|                   Metric/h_lambda_diff_self |         0.00151 |
|                  Metric/h_lambda_diff_cross |          0.0201 |
|                                 Eval/Return |             964 |
-----------------------------------------------------------------
-----------------------------------------------------------------
|                                 Train/Steps |        1.29e+06 |
|                            Loss/Loss_critic |            0.11 |
|                             Loss/Loss_actor |           -81.2 |
|                             Loss/Loss_alpha |        -0.00495 |
|               Loss/Loss_state_action_metric |           0.492 |
|                      Loss/Loss_state_metric |           0.336 |
|             Loss/Loss_state_action_to_state |        0.000576 |
|                           Loss/Act_rep_loss |         0.00309 |
|                                   SAC/Alpha |         0.00826 |
|                              SAC/LogPi_mean |            3.61 |
|                                 SAC/Q1_mean |            81.2 |
|                                 SAC/Q2_mean |            81.2 |
|                            Norm/actor_model |              98 |
|                           Norm/critic_model |             115 |
|              Norm/state_action_metric_model |            64.1 |
|                     Norm/state_metric_model |            65.5 |
|        Norm/state_action_state_metric_model |            62.4 |
|                  Metric/self_state_distance |         0.00097 |
|                 Metric/cross_state_distance |            1.72 |
|           Metric/self_state_action_distance |        0.000967 |
|          Metric/cross_state_action_distance |            1.94 |
|             Metric/avg_self_state_asymmetry |               0 |
|            Metric/avg_cross_state_asymmetry |          0.0104 |
|                Metric/avg_self_sa_asymmetry |               0 |
|               Metric/avg_cross_sa_asymmetry |          0.0171 |
|  Metric/self_state_action_to_state_distance |        0.000694 |
| Metric/cross_state_action_to_state_distance |            1.94 |
|                   Metric/h_lambda_diff_self |        0.000899 |
|                  Metric/h_lambda_diff_cross |          0.0206 |
|                                 Eval/Return |             963 |
-----------------------------------------------------------------
-----------------------------------------------------------------
|                                 Train/Steps |        1.42e+06 |
|                            Loss/Loss_critic |          0.0795 |
|                             Loss/Loss_actor |           -84.7 |
|                             Loss/Loss_alpha |         0.00155 |
|               Loss/Loss_state_action_metric |           0.422 |
|                      Loss/Loss_state_metric |           0.286 |
|             Loss/Loss_state_action_to_state |        0.000634 |
|                           Loss/Act_rep_loss |        0.000849 |
|                                   SAC/Alpha |         0.00761 |
|                              SAC/LogPi_mean |            2.68 |
|                                 SAC/Q1_mean |            84.6 |
|                                 SAC/Q2_mean |            84.8 |
|                            Norm/actor_model |             102 |
|                           Norm/critic_model |             119 |
|              Norm/state_action_metric_model |              67 |
|                     Norm/state_metric_model |            69.1 |
|        Norm/state_action_state_metric_model |            65.4 |
|                  Metric/self_state_distance |         0.00268 |
|                 Metric/cross_state_distance |            1.62 |
|           Metric/self_state_action_distance |        0.000981 |
|          Metric/cross_state_action_distance |            1.81 |
|             Metric/avg_self_state_asymmetry |               0 |
|            Metric/avg_cross_state_asymmetry |          0.0088 |
|                Metric/avg_self_sa_asymmetry |               0 |
|               Metric/avg_cross_sa_asymmetry |          0.0143 |
|  Metric/self_state_action_to_state_distance |        0.000278 |
| Metric/cross_state_action_to_state_distance |            1.81 |
|                   Metric/h_lambda_diff_self |         0.00111 |
|                  Metric/h_lambda_diff_cross |          0.0157 |
|                                 Eval/Return |             967 |
-----------------------------------------------------------------
-----------------------------------------------------------------
|                                 Train/Steps |        1.54e+06 |
|                            Loss/Loss_critic |          0.0766 |
|                             Loss/Loss_actor |             -86 |
|                             Loss/Loss_alpha |        -0.00131 |
|               Loss/Loss_state_action_metric |            0.47 |
|                      Loss/Loss_state_metric |           0.297 |
|             Loss/Loss_state_action_to_state |        0.000552 |
|                           Loss/Act_rep_loss |         0.00502 |
|                                   SAC/Alpha |          0.0074 |
|                              SAC/LogPi_mean |            3.31 |
|                                 SAC/Q1_mean |            85.9 |
|                                 SAC/Q2_mean |              86 |
|                            Norm/actor_model |             106 |
|                           Norm/critic_model |             123 |
|              Norm/state_action_metric_model |            69.8 |
|                     Norm/state_metric_model |            72.3 |
|        Norm/state_action_state_metric_model |            68.3 |
|                  Metric/self_state_distance |        0.000798 |
|                 Metric/cross_state_distance |            1.63 |
|           Metric/self_state_action_distance |         0.00107 |
|          Metric/cross_state_action_distance |            1.82 |
|             Metric/avg_self_state_asymmetry |               0 |
|            Metric/avg_cross_state_asymmetry |         0.00757 |
|                Metric/avg_self_sa_asymmetry |               0 |
|               Metric/avg_cross_sa_asymmetry |          0.0135 |
|  Metric/self_state_action_to_state_distance |        7.68e-05 |
| Metric/cross_state_action_to_state_distance |            1.81 |
|                   Metric/h_lambda_diff_self |        0.000994 |
|                  Metric/h_lambda_diff_cross |          0.0198 |
|                                 Eval/Return |             964 |
-----------------------------------------------------------------
-----------------------------------------------------------------
|                                 Train/Steps |        1.67e+06 |
|                            Loss/Loss_critic |          0.0565 |
|                             Loss/Loss_actor |           -87.7 |
|                             Loss/Loss_alpha |         0.00118 |
|               Loss/Loss_state_action_metric |           0.494 |
|                      Loss/Loss_state_metric |           0.314 |
|             Loss/Loss_state_action_to_state |        0.000451 |
|                           Loss/Act_rep_loss |         0.00501 |
|                                   SAC/Alpha |         0.00705 |
|                              SAC/LogPi_mean |            2.78 |
|                                 SAC/Q1_mean |            87.6 |
|                                 SAC/Q2_mean |            87.6 |
|                            Norm/actor_model |             109 |
|                           Norm/critic_model |             127 |
|              Norm/state_action_metric_model |            72.5 |
|                     Norm/state_metric_model |            75.6 |
|        Norm/state_action_state_metric_model |            71.1 |
|                  Metric/self_state_distance |        0.000694 |
|                 Metric/cross_state_distance |            1.65 |
|           Metric/self_state_action_distance |        0.000966 |
|          Metric/cross_state_action_distance |            1.83 |
|             Metric/avg_self_state_asymmetry |               0 |
|            Metric/avg_cross_state_asymmetry |         0.00766 |
|                Metric/avg_self_sa_asymmetry |               0 |
|               Metric/avg_cross_sa_asymmetry |           0.012 |
|  Metric/self_state_action_to_state_distance |        0.000406 |
| Metric/cross_state_action_to_state_distance |            1.84 |
|                   Metric/h_lambda_diff_self |        0.000642 |
|                  Metric/h_lambda_diff_cross |          0.0169 |
|                                 Eval/Return |             968 |
-----------------------------------------------------------------
-----------------------------------------------------------------
|                                 Train/Steps |         1.8e+06 |
|                            Loss/Loss_critic |          0.0885 |
|                             Loss/Loss_actor |           -88.5 |
|                             Loss/Loss_alpha |        -0.00225 |
|               Loss/Loss_state_action_metric |           0.428 |
|                      Loss/Loss_state_metric |           0.292 |
|             Loss/Loss_state_action_to_state |        0.000493 |
|                           Loss/Act_rep_loss |         0.00684 |
|                                   SAC/Alpha |         0.00618 |
|                              SAC/LogPi_mean |            3.33 |
|                                 SAC/Q1_mean |            88.5 |
|                                 SAC/Q2_mean |            88.5 |
|                            Norm/actor_model |             112 |
|                           Norm/critic_model |             131 |
|              Norm/state_action_metric_model |            75.1 |
|                     Norm/state_metric_model |            78.8 |
|        Norm/state_action_state_metric_model |            73.9 |
|                  Metric/self_state_distance |        0.000466 |
|                 Metric/cross_state_distance |            1.61 |
|           Metric/self_state_action_distance |         0.00284 |
|          Metric/cross_state_action_distance |            1.81 |
|             Metric/avg_self_state_asymmetry |               0 |
|            Metric/avg_cross_state_asymmetry |         0.00809 |
|                Metric/avg_self_sa_asymmetry |               0 |
|               Metric/avg_cross_sa_asymmetry |          0.0131 |
|  Metric/self_state_action_to_state_distance |        0.000396 |
| Metric/cross_state_action_to_state_distance |             1.8 |
|                   Metric/h_lambda_diff_self |         0.00245 |
|                  Metric/h_lambda_diff_cross |          0.0173 |
|                                 Eval/Return |             965 |
-----------------------------------------------------------------
-----------------------------------------------------------------
|                                 Train/Steps |        1.93e+06 |
|                            Loss/Loss_critic |          0.0701 |
|                             Loss/Loss_actor |           -89.5 |
|                             Loss/Loss_alpha |        -0.00108 |
|               Loss/Loss_state_action_metric |           0.434 |
|                      Loss/Loss_state_metric |           0.294 |
|             Loss/Loss_state_action_to_state |         0.00044 |
|                           Loss/Act_rep_loss |         0.00388 |
|                                   SAC/Alpha |         0.00592 |
|                              SAC/LogPi_mean |            3.24 |
|                                 SAC/Q1_mean |            89.5 |
|                                 SAC/Q2_mean |            89.4 |
|                            Norm/actor_model |             115 |
|                           Norm/critic_model |             134 |
|              Norm/state_action_metric_model |            77.6 |
|                     Norm/state_metric_model |              82 |
|        Norm/state_action_state_metric_model |            76.5 |
|                  Metric/self_state_distance |         0.00395 |
|                 Metric/cross_state_distance |            1.61 |
|           Metric/self_state_action_distance |         0.00238 |
|          Metric/cross_state_action_distance |            1.78 |
|             Metric/avg_self_state_asymmetry |               0 |
|            Metric/avg_cross_state_asymmetry |         0.00769 |
|                Metric/avg_self_sa_asymmetry |               0 |
|               Metric/avg_cross_sa_asymmetry |          0.0121 |
|  Metric/self_state_action_to_state_distance |        0.000289 |
| Metric/cross_state_action_to_state_distance |             1.8 |
|                   Metric/h_lambda_diff_self |         0.00214 |
|                  Metric/h_lambda_diff_cross |           0.017 |
|                                 Eval/Return |             963 |
-----------------------------------------------------------------
-----------------------------------------------------------------
|                                 Train/Steps |        2.06e+06 |
|                            Loss/Loss_critic |           0.074 |
|                             Loss/Loss_actor |           -90.5 |
|                             Loss/Loss_alpha |        -0.00275 |
|               Loss/Loss_state_action_metric |           0.353 |
|                      Loss/Loss_state_metric |           0.233 |
|             Loss/Loss_state_action_to_state |        0.000627 |
|                           Loss/Act_rep_loss |        0.000578 |
|                                   SAC/Alpha |         0.00523 |
|                              SAC/LogPi_mean |            3.46 |
|                                 SAC/Q1_mean |            90.5 |
|                                 SAC/Q2_mean |            90.5 |
|                            Norm/actor_model |             118 |
|                           Norm/critic_model |             138 |
|              Norm/state_action_metric_model |            80.1 |
|                     Norm/state_metric_model |              85 |
|        Norm/state_action_state_metric_model |            79.1 |
|                  Metric/self_state_distance |         0.00202 |
|                 Metric/cross_state_distance |            1.51 |
|           Metric/self_state_action_distance |         0.00189 |
|          Metric/cross_state_action_distance |            1.69 |
|             Metric/avg_self_state_asymmetry |               0 |
|            Metric/avg_cross_state_asymmetry |         0.00851 |
|                Metric/avg_self_sa_asymmetry |               0 |
|               Metric/avg_cross_sa_asymmetry |          0.0135 |
|  Metric/self_state_action_to_state_distance |         0.00116 |
| Metric/cross_state_action_to_state_distance |            1.66 |
|                   Metric/h_lambda_diff_self |         0.00146 |
|                  Metric/h_lambda_diff_cross |          0.0323 |
|                                 Eval/Return |             964 |
-----------------------------------------------------------------
[32mSaving model …[0m
[32mDone.[0m
[32mSaving model …[0m
[32mDone.[0m
-----------------------------------------------------------------
|                                 Train/Steps |        2.18e+06 |
|                            Loss/Loss_critic |            0.05 |
|                             Loss/Loss_actor |           -91.2 |
|                             Loss/Loss_alpha |        0.000654 |
|               Loss/Loss_state_action_metric |           0.369 |
|                      Loss/Loss_state_metric |           0.253 |
|             Loss/Loss_state_action_to_state |        0.000592 |
|                           Loss/Act_rep_loss |         0.00111 |
|                                   SAC/Alpha |         0.00514 |
|                              SAC/LogPi_mean |            2.94 |
|                                 SAC/Q1_mean |            91.2 |
|                                 SAC/Q2_mean |            91.2 |
|                            Norm/actor_model |             121 |
|                           Norm/critic_model |             141 |
|              Norm/state_action_metric_model |            82.5 |
|                     Norm/state_metric_model |            88.2 |
|        Norm/state_action_state_metric_model |            81.7 |
|                  Metric/self_state_distance |         0.00132 |
|                 Metric/cross_state_distance |            1.53 |
|           Metric/self_state_action_distance |         0.00242 |
|          Metric/cross_state_action_distance |            1.69 |
|             Metric/avg_self_state_asymmetry |               0 |
|            Metric/avg_cross_state_asymmetry |         0.00672 |
|                Metric/avg_self_sa_asymmetry |               0 |
|               Metric/avg_cross_sa_asymmetry |          0.0126 |
|  Metric/self_state_action_to_state_distance |        0.000752 |
| Metric/cross_state_action_to_state_distance |            1.68 |
|                   Metric/h_lambda_diff_self |         0.00254 |
|                  Metric/h_lambda_diff_cross |          0.0152 |
|                                 Eval/Return |             966 |
-----------------------------------------------------------------
-----------------------------------------------------------------
|                                 Train/Steps |        2.31e+06 |
|                            Loss/Loss_critic |          0.0485 |
|                             Loss/Loss_actor |           -91.8 |
|                             Loss/Loss_alpha |        -0.00179 |
|               Loss/Loss_state_action_metric |           0.471 |
|                      Loss/Loss_state_metric |           0.246 |
|             Loss/Loss_state_action_to_state |        0.000393 |
|                           Loss/Act_rep_loss |         0.00198 |
|                                   SAC/Alpha |          0.0049 |
|                              SAC/LogPi_mean |            3.42 |
|                                 SAC/Q1_mean |            91.8 |
|                                 SAC/Q2_mean |            91.8 |
|                            Norm/actor_model |             124 |
|                           Norm/critic_model |             145 |
|              Norm/state_action_metric_model |            84.9 |
|                     Norm/state_metric_model |              91 |
|        Norm/state_action_state_metric_model |            84.2 |
|                  Metric/self_state_distance |        0.000385 |
|                 Metric/cross_state_distance |            1.51 |
|           Metric/self_state_action_distance |        0.000644 |
|          Metric/cross_state_action_distance |            1.66 |
|             Metric/avg_self_state_asymmetry |               0 |
|            Metric/avg_cross_state_asymmetry |         0.00729 |
|                Metric/avg_self_sa_asymmetry |               0 |
|               Metric/avg_cross_sa_asymmetry |           0.011 |
|  Metric/self_state_action_to_state_distance |        0.000282 |
| Metric/cross_state_action_to_state_distance |            1.65 |
|                   Metric/h_lambda_diff_self |        0.000678 |
|                  Metric/h_lambda_diff_cross |          0.0149 |
|                                 Eval/Return |             966 |
-----------------------------------------------------------------
-----------------------------------------------------------------
|                                 Train/Steps |        2.44e+06 |
|                            Loss/Loss_critic |          0.0569 |
|                             Loss/Loss_actor |             -93 |
|                             Loss/Loss_alpha |         0.00261 |
|               Loss/Loss_state_action_metric |           0.255 |
|                      Loss/Loss_state_metric |           0.172 |
|             Loss/Loss_state_action_to_state |        0.000889 |
|                           Loss/Act_rep_loss |         0.00293 |
|                                   SAC/Alpha |         0.00523 |
|                              SAC/LogPi_mean |            2.51 |
|                                 SAC/Q1_mean |              93 |
|                                 SAC/Q2_mean |            93.1 |
|                            Norm/actor_model |             126 |
|                           Norm/critic_model |             148 |
|              Norm/state_action_metric_model |            87.2 |
|                     Norm/state_metric_model |              94 |
|        Norm/state_action_state_metric_model |            86.7 |
|                  Metric/self_state_distance |         0.00117 |
|                 Metric/cross_state_distance |            1.37 |
|           Metric/self_state_action_distance |          0.0011 |
|          Metric/cross_state_action_distance |            1.48 |
|             Metric/avg_self_state_asymmetry |               0 |
|            Metric/avg_cross_state_asymmetry |         0.00943 |
|                Metric/avg_self_sa_asymmetry |               0 |
|               Metric/avg_cross_sa_asymmetry |         0.00997 |
|  Metric/self_state_action_to_state_distance |        9.97e-05 |
| Metric/cross_state_action_to_state_distance |            1.48 |
|                   Metric/h_lambda_diff_self |         0.00102 |
|                  Metric/h_lambda_diff_cross |          0.0115 |
|                                 Eval/Return |             967 |
-----------------------------------------------------------------
-----------------------------------------------------------------
|                                 Train/Steps |        2.57e+06 |
|                            Loss/Loss_critic |          0.0633 |
|                             Loss/Loss_actor |           -93.2 |
|                             Loss/Loss_alpha |        0.000492 |
|               Loss/Loss_state_action_metric |           0.317 |
|                      Loss/Loss_state_metric |           0.192 |
|             Loss/Loss_state_action_to_state |        0.000268 |
|                           Loss/Act_rep_loss |         0.00494 |
|                                   SAC/Alpha |         0.00496 |
|                              SAC/LogPi_mean |            2.61 |
|                                 SAC/Q1_mean |            93.2 |
|                                 SAC/Q2_mean |            93.2 |
|                            Norm/actor_model |             129 |
|                           Norm/critic_model |             151 |
|              Norm/state_action_metric_model |            89.4 |
|                     Norm/state_metric_model |            96.7 |
|        Norm/state_action_state_metric_model |            89.1 |
|                  Metric/self_state_distance |         0.00115 |
|                 Metric/cross_state_distance |            1.39 |
|           Metric/self_state_action_distance |         0.00242 |
|          Metric/cross_state_action_distance |            1.51 |
|             Metric/avg_self_state_asymmetry |               0 |
|            Metric/avg_cross_state_asymmetry |         0.00576 |
|                Metric/avg_self_sa_asymmetry |               0 |
|               Metric/avg_cross_sa_asymmetry |         0.00986 |
|  Metric/self_state_action_to_state_distance |        0.000932 |
| Metric/cross_state_action_to_state_distance |            1.51 |
|                   Metric/h_lambda_diff_self |         0.00181 |
|                  Metric/h_lambda_diff_cross |          0.0139 |
|                                 Eval/Return |             965 |
-----------------------------------------------------------------
-----------------------------------------------------------------
|                                 Train/Steps |         2.7e+06 |
|                            Loss/Loss_critic |          0.0521 |
|                             Loss/Loss_actor |           -93.4 |
|                             Loss/Loss_alpha |         0.00106 |
|               Loss/Loss_state_action_metric |           0.316 |
|                      Loss/Loss_state_metric |           0.192 |
|             Loss/Loss_state_action_to_state |        0.000292 |
|                           Loss/Act_rep_loss |         0.00292 |
|                                   SAC/Alpha |         0.00455 |
|                              SAC/LogPi_mean |            2.69 |
|                                 SAC/Q1_mean |            93.3 |
|                                 SAC/Q2_mean |            93.4 |
|                            Norm/actor_model |             131 |
|                           Norm/critic_model |             154 |
|              Norm/state_action_metric_model |            91.6 |
|                     Norm/state_metric_model |            99.6 |
|        Norm/state_action_state_metric_model |            91.5 |
|                  Metric/self_state_distance |         0.00108 |
|                 Metric/cross_state_distance |            1.41 |
|           Metric/self_state_action_distance |        0.000362 |
|          Metric/cross_state_action_distance |            1.54 |
|             Metric/avg_self_state_asymmetry |               0 |
|            Metric/avg_cross_state_asymmetry |         0.00674 |
|                Metric/avg_self_sa_asymmetry |               0 |
|               Metric/avg_cross_sa_asymmetry |            0.01 |
|  Metric/self_state_action_to_state_distance |        0.000415 |
| Metric/cross_state_action_to_state_distance |            1.53 |
|                   Metric/h_lambda_diff_self |        0.000568 |
|                  Metric/h_lambda_diff_cross |           0.012 |
|                                 Eval/Return |             968 |
-----------------------------------------------------------------
-----------------------------------------------------------------
|                                 Train/Steps |        2.82e+06 |
|                            Loss/Loss_critic |          0.0608 |
|                             Loss/Loss_actor |           -93.3 |
|                             Loss/Loss_alpha |         0.00131 |
|               Loss/Loss_state_action_metric |           0.292 |
|                      Loss/Loss_state_metric |           0.198 |
|             Loss/Loss_state_action_to_state |        0.000316 |
|                           Loss/Act_rep_loss |         0.00231 |
|                                   SAC/Alpha |         0.00409 |
|                              SAC/LogPi_mean |            2.63 |
|                                 SAC/Q1_mean |            93.5 |
|                                 SAC/Q2_mean |            93.3 |
|                            Norm/actor_model |             134 |
|                           Norm/critic_model |             158 |
|              Norm/state_action_metric_model |            93.8 |
|                     Norm/state_metric_model |             103 |
|        Norm/state_action_state_metric_model |            93.9 |
|                  Metric/self_state_distance |        0.000248 |
|                 Metric/cross_state_distance |            1.43 |
|           Metric/self_state_action_distance |         0.00275 |
|          Metric/cross_state_action_distance |            1.54 |
|             Metric/avg_self_state_asymmetry |               0 |
|            Metric/avg_cross_state_asymmetry |          0.0073 |
|                Metric/avg_self_sa_asymmetry |               0 |
|               Metric/avg_cross_sa_asymmetry |          0.0102 |
|  Metric/self_state_action_to_state_distance |        0.000771 |
| Metric/cross_state_action_to_state_distance |            1.54 |
|                   Metric/h_lambda_diff_self |         0.00239 |
|                  Metric/h_lambda_diff_cross |          0.0115 |
|                                 Eval/Return |             966 |
-----------------------------------------------------------------
-----------------------------------------------------------------
|                                 Train/Steps |        2.95e+06 |
|                            Loss/Loss_critic |          0.0408 |
|                             Loss/Loss_actor |           -93.1 |
|                             Loss/Loss_alpha |        0.000549 |
|               Loss/Loss_state_action_metric |            0.34 |
|                      Loss/Loss_state_metric |           0.233 |
|             Loss/Loss_state_action_to_state |        0.000291 |
|                           Loss/Act_rep_loss |           0.004 |
|                                   SAC/Alpha |         0.00426 |
|                              SAC/LogPi_mean |            2.92 |
|                                 SAC/Q1_mean |            93.1 |
|                                 SAC/Q2_mean |            93.1 |
|                            Norm/actor_model |             136 |
|                           Norm/critic_model |             161 |
|              Norm/state_action_metric_model |            95.9 |
|                     Norm/state_metric_model |             105 |
|        Norm/state_action_state_metric_model |            96.1 |
|                  Metric/self_state_distance |         0.00152 |
|                 Metric/cross_state_distance |            1.48 |
|           Metric/self_state_action_distance |        0.000623 |
|          Metric/cross_state_action_distance |            1.63 |
|             Metric/avg_self_state_asymmetry |               0 |
|            Metric/avg_cross_state_asymmetry |         0.00695 |
|                Metric/avg_self_sa_asymmetry |               0 |
|               Metric/avg_cross_sa_asymmetry |          0.0104 |
|  Metric/self_state_action_to_state_distance |         0.00194 |
| Metric/cross_state_action_to_state_distance |            1.62 |
|                   Metric/h_lambda_diff_self |         0.00178 |
|                  Metric/h_lambda_diff_cross |           0.015 |
|                                 Eval/Return |             967 |
-----------------------------------------------------------------
-----------------------------------------------------------------
|                                 Train/Steps |        3.08e+06 |
|                            Loss/Loss_critic |          0.0449 |
|                             Loss/Loss_actor |           -93.7 |
|                             Loss/Loss_alpha |        0.000525 |
|               Loss/Loss_state_action_metric |           0.353 |
|                      Loss/Loss_state_metric |             0.2 |
|             Loss/Loss_state_action_to_state |        0.000193 |
|                           Loss/Act_rep_loss |         0.00473 |
|                                   SAC/Alpha |         0.00394 |
|                              SAC/LogPi_mean |            2.91 |
|                                 SAC/Q1_mean |            93.6 |
|                                 SAC/Q2_mean |            93.7 |
|                            Norm/actor_model |             138 |
|                           Norm/critic_model |             164 |
|              Norm/state_action_metric_model |              98 |
|                     Norm/state_metric_model |             107 |
|        Norm/state_action_state_metric_model |            98.6 |
|                  Metric/self_state_distance |        0.000885 |
|                 Metric/cross_state_distance |            1.41 |
|           Metric/self_state_action_distance |         0.00021 |
|          Metric/cross_state_action_distance |            1.54 |
|             Metric/avg_self_state_asymmetry |               0 |
|            Metric/avg_cross_state_asymmetry |         0.00588 |
|                Metric/avg_self_sa_asymmetry |               0 |
|               Metric/avg_cross_sa_asymmetry |         0.00894 |
|  Metric/self_state_action_to_state_distance |        0.000439 |
| Metric/cross_state_action_to_state_distance |            1.53 |
|                   Metric/h_lambda_diff_self |        0.000338 |
|                  Metric/h_lambda_diff_cross |          0.0102 |
|                                 Eval/Return |             966 |
-----------------------------------------------------------------
[32mSaving model …[0m
[32mDone.[0m
[32mSaving model …[0m
[32mDone.[0m
-----------------------------------------------------------------
|                                 Train/Steps |        3.21e+06 |
|                            Loss/Loss_critic |          0.0657 |
|                             Loss/Loss_actor |           -94.4 |
|                             Loss/Loss_alpha |         0.00179 |
|               Loss/Loss_state_action_metric |           0.212 |
|                      Loss/Loss_state_metric |           0.144 |
|             Loss/Loss_state_action_to_state |        0.000408 |
|                           Loss/Act_rep_loss |         0.00392 |
|                                   SAC/Alpha |         0.00404 |
|                              SAC/LogPi_mean |             2.5 |
|                                 SAC/Q1_mean |            94.4 |
|                                 SAC/Q2_mean |            94.4 |
|                            Norm/actor_model |             140 |
|                           Norm/critic_model |             166 |
|              Norm/state_action_metric_model |             100 |
|                     Norm/state_metric_model |             110 |
|        Norm/state_action_state_metric_model |             101 |
|                  Metric/self_state_distance |          0.0019 |
|                 Metric/cross_state_distance |            1.31 |
|           Metric/self_state_action_distance |         0.00115 |
|          Metric/cross_state_action_distance |            1.42 |
|             Metric/avg_self_state_asymmetry |               0 |
|            Metric/avg_cross_state_asymmetry |         0.00613 |
|                Metric/avg_self_sa_asymmetry |               0 |
|               Metric/avg_cross_sa_asymmetry |          0.0102 |
|  Metric/self_state_action_to_state_distance |         0.00201 |
| Metric/cross_state_action_to_state_distance |            1.41 |
|                   Metric/h_lambda_diff_self |         0.00198 |
|                  Metric/h_lambda_diff_cross |          0.0122 |
|                                 Eval/Return |             969 |
-----------------------------------------------------------------
-----------------------------------------------------------------
|                                 Train/Steps |        3.34e+06 |
|                            Loss/Loss_critic |          0.0607 |
|                             Loss/Loss_actor |           -94.4 |
|                             Loss/Loss_alpha |         0.00058 |
|               Loss/Loss_state_action_metric |           0.253 |
|                      Loss/Loss_state_metric |           0.172 |
|             Loss/Loss_state_action_to_state |        0.000373 |
|                           Loss/Act_rep_loss |          0.0123 |
|                                   SAC/Alpha |         0.00392 |
|                              SAC/LogPi_mean |            3.16 |
|                                 SAC/Q1_mean |            94.4 |
|                                 SAC/Q2_mean |            94.4 |
|                            Norm/actor_model |             142 |
|                           Norm/critic_model |             169 |
|              Norm/state_action_metric_model |             102 |
|                     Norm/state_metric_model |             113 |
|        Norm/state_action_state_metric_model |             103 |
|                  Metric/self_state_distance |        0.000182 |
|                 Metric/cross_state_distance |            1.36 |
|           Metric/self_state_action_distance |         0.00064 |
|          Metric/cross_state_action_distance |            1.46 |
|             Metric/avg_self_state_asymmetry |               0 |
|            Metric/avg_cross_state_asymmetry |         0.00626 |
|                Metric/avg_self_sa_asymmetry |               0 |
|               Metric/avg_cross_sa_asymmetry |         0.00922 |
|  Metric/self_state_action_to_state_distance |        0.000499 |
| Metric/cross_state_action_to_state_distance |            1.47 |
|                   Metric/h_lambda_diff_self |        0.000679 |
|                  Metric/h_lambda_diff_cross |          0.0182 |
|                                 Eval/Return |             969 |
-----------------------------------------------------------------
-----------------------------------------------------------------
|                                 Train/Steps |        3.46e+06 |
|                            Loss/Loss_critic |          0.0353 |
|                             Loss/Loss_actor |           -95.1 |
|                             Loss/Loss_alpha |         0.00143 |
|               Loss/Loss_state_action_metric |           0.169 |
|                      Loss/Loss_state_metric |           0.117 |
|             Loss/Loss_state_action_to_state |        0.000323 |
|                           Loss/Act_rep_loss |         0.00357 |
|                                   SAC/Alpha |          0.0035 |
|                              SAC/LogPi_mean |            2.58 |
|                                 SAC/Q1_mean |            95.2 |
|                                 SAC/Q2_mean |            95.1 |
|                            Norm/actor_model |             144 |
|                           Norm/critic_model |             172 |
|              Norm/state_action_metric_model |             104 |
|                     Norm/state_metric_model |             115 |
|        Norm/state_action_state_metric_model |             105 |
|                  Metric/self_state_distance |        0.000875 |
|                 Metric/cross_state_distance |            1.25 |
|           Metric/self_state_action_distance |         0.00152 |
|          Metric/cross_state_action_distance |            1.32 |
|             Metric/avg_self_state_asymmetry |               0 |
|            Metric/avg_cross_state_asymmetry |          0.0052 |
|                Metric/avg_self_sa_asymmetry |               0 |
|               Metric/avg_cross_sa_asymmetry |         0.00843 |
|  Metric/self_state_action_to_state_distance |        0.000182 |
| Metric/cross_state_action_to_state_distance |            1.32 |
|                   Metric/h_lambda_diff_self |         0.00135 |
|                  Metric/h_lambda_diff_cross |         0.00964 |
|                                 Eval/Return |             968 |
-----------------------------------------------------------------
-----------------------------------------------------------------
|                                 Train/Steps |        3.59e+06 |
|                            Loss/Loss_critic |          0.0445 |
|                             Loss/Loss_actor |           -94.1 |
|                             Loss/Loss_alpha |        -0.00334 |
|               Loss/Loss_state_action_metric |           0.339 |
|                      Loss/Loss_state_metric |           0.205 |
|             Loss/Loss_state_action_to_state |        0.000365 |
|                           Loss/Act_rep_loss |         0.00462 |
|                                   SAC/Alpha |          0.0037 |
|                              SAC/LogPi_mean |            3.77 |
|                                 SAC/Q1_mean |            94.1 |
|                                 SAC/Q2_mean |              94 |
|                            Norm/actor_model |             146 |
|                           Norm/critic_model |             175 |
|              Norm/state_action_metric_model |             106 |
|                     Norm/state_metric_model |             117 |
|        Norm/state_action_state_metric_model |             107 |
|                  Metric/self_state_distance |        0.000605 |
|                 Metric/cross_state_distance |            1.43 |
|           Metric/self_state_action_distance |        0.000589 |
|          Metric/cross_state_action_distance |            1.58 |
|             Metric/avg_self_state_asymmetry |               0 |
|            Metric/avg_cross_state_asymmetry |         0.00736 |
|                Metric/avg_self_sa_asymmetry |               0 |
|               Metric/avg_cross_sa_asymmetry |          0.0126 |
|  Metric/self_state_action_to_state_distance |        0.000247 |
| Metric/cross_state_action_to_state_distance |            1.56 |
|                   Metric/h_lambda_diff_self |        0.000518 |
|                  Metric/h_lambda_diff_cross |          0.0167 |
|                                 Eval/Return |             968 |
-----------------------------------------------------------------
-----------------------------------------------------------------
|                                 Train/Steps |        3.72e+06 |
|                            Loss/Loss_critic |          0.0299 |
|                             Loss/Loss_actor |           -94.7 |
|                             Loss/Loss_alpha |         0.00141 |
|               Loss/Loss_state_action_metric |           0.288 |
|                      Loss/Loss_state_metric |           0.179 |
|             Loss/Loss_state_action_to_state |        0.000289 |
|                           Loss/Act_rep_loss |          0.0104 |
|                                   SAC/Alpha |         0.00336 |
|                              SAC/LogPi_mean |            2.81 |
|                                 SAC/Q1_mean |            94.7 |
|                                 SAC/Q2_mean |            94.7 |
|                            Norm/actor_model |             148 |
|                           Norm/critic_model |             178 |
|              Norm/state_action_metric_model |             108 |
|                     Norm/state_metric_model |             120 |
|        Norm/state_action_state_metric_model |             110 |
|                  Metric/self_state_distance |        0.000576 |
|                 Metric/cross_state_distance |            1.38 |
|           Metric/self_state_action_distance |          0.0013 |
|          Metric/cross_state_action_distance |            1.49 |
|             Metric/avg_self_state_asymmetry |               0 |
|            Metric/avg_cross_state_asymmetry |         0.00625 |
|                Metric/avg_self_sa_asymmetry |               0 |
|               Metric/avg_cross_sa_asymmetry |         0.00995 |
|  Metric/self_state_action_to_state_distance |        0.000551 |
| Metric/cross_state_action_to_state_distance |            1.48 |
|                   Metric/h_lambda_diff_self |         0.00112 |
|                  Metric/h_lambda_diff_cross |           0.011 |
|                                 Eval/Return |             969 |
-----------------------------------------------------------------
-----------------------------------------------------------------
|                                 Train/Steps |        3.85e+06 |
|                            Loss/Loss_critic |          0.0237 |
|                             Loss/Loss_actor |           -95.2 |
|                             Loss/Loss_alpha |        0.000696 |
|               Loss/Loss_state_action_metric |           0.263 |
|                      Loss/Loss_state_metric |           0.162 |
|             Loss/Loss_state_action_to_state |        0.000345 |
|                           Loss/Act_rep_loss |         0.00338 |
|                                   SAC/Alpha |         0.00317 |
|                              SAC/LogPi_mean |            2.77 |
|                                 SAC/Q1_mean |            95.2 |
|                                 SAC/Q2_mean |            95.1 |
|                            Norm/actor_model |             150 |
|                           Norm/critic_model |             180 |
|              Norm/state_action_metric_model |             110 |
|                     Norm/state_metric_model |             122 |
|        Norm/state_action_state_metric_model |             112 |
|                  Metric/self_state_distance |         0.00071 |
|                 Metric/cross_state_distance |            1.34 |
|           Metric/self_state_action_distance |        0.000586 |
|          Metric/cross_state_action_distance |            1.45 |
|             Metric/avg_self_state_asymmetry |               0 |
|            Metric/avg_cross_state_asymmetry |         0.00601 |
|                Metric/avg_self_sa_asymmetry |               0 |
|               Metric/avg_cross_sa_asymmetry |         0.00878 |
|  Metric/self_state_action_to_state_distance |        0.000273 |
| Metric/cross_state_action_to_state_distance |            1.44 |
|                   Metric/h_lambda_diff_self |        0.000509 |
|                  Metric/h_lambda_diff_cross |          0.0103 |
|                                 Eval/Return |             971 |
-----------------------------------------------------------------
-----------------------------------------------------------------
|                                 Train/Steps |        3.98e+06 |
|                            Loss/Loss_critic |          0.0556 |
|                             Loss/Loss_actor |           -95.1 |
|                             Loss/Loss_alpha |       -2.79e-05 |
|               Loss/Loss_state_action_metric |           0.234 |
|                      Loss/Loss_state_metric |           0.157 |
|             Loss/Loss_state_action_to_state |        0.000176 |
|                           Loss/Act_rep_loss |         0.00137 |
|                                   SAC/Alpha |         0.00314 |
|                              SAC/LogPi_mean |            2.91 |
|                                 SAC/Q1_mean |            95.2 |
|                                 SAC/Q2_mean |            95.1 |
|                            Norm/actor_model |             152 |
|                           Norm/critic_model |             183 |
|              Norm/state_action_metric_model |             111 |
|                     Norm/state_metric_model |             124 |
|        Norm/state_action_state_metric_model |             114 |
|                  Metric/self_state_distance |        0.000618 |
|                 Metric/cross_state_distance |            1.33 |
|           Metric/self_state_action_distance |         0.00265 |
|          Metric/cross_state_action_distance |            1.43 |
|             Metric/avg_self_state_asymmetry |               0 |
|            Metric/avg_cross_state_asymmetry |         0.00532 |
|                Metric/avg_self_sa_asymmetry |               0 |
|               Metric/avg_cross_sa_asymmetry |         0.00888 |
|  Metric/self_state_action_to_state_distance |         9.3e-05 |
| Metric/cross_state_action_to_state_distance |            1.42 |
|                   Metric/h_lambda_diff_self |         0.00257 |
|                  Metric/h_lambda_diff_cross |          0.0133 |
|                                 Eval/Return |             970 |
-----------------------------------------------------------------
-----------------------------------------------------------------
|                                 Train/Steps |         4.1e+06 |
|                            Loss/Loss_critic |          0.0174 |
|                             Loss/Loss_actor |           -95.6 |
|                             Loss/Loss_alpha |        -0.00068 |
|               Loss/Loss_state_action_metric |           0.181 |
|                      Loss/Loss_state_metric |           0.119 |
|             Loss/Loss_state_action_to_state |        0.000277 |
|                           Loss/Act_rep_loss |         0.00567 |
|                                   SAC/Alpha |          0.0025 |
|                              SAC/LogPi_mean |            3.28 |
|                                 SAC/Q1_mean |            95.6 |
|                                 SAC/Q2_mean |            95.6 |
|                            Norm/actor_model |             154 |
|                           Norm/critic_model |             186 |
|              Norm/state_action_metric_model |             113 |
|                     Norm/state_metric_model |             127 |
|        Norm/state_action_state_metric_model |             116 |
|                  Metric/self_state_distance |        0.000829 |
|                 Metric/cross_state_distance |            1.26 |
|           Metric/self_state_action_distance |         0.00143 |
|          Metric/cross_state_action_distance |            1.34 |
|             Metric/avg_self_state_asymmetry |               0 |
|            Metric/avg_cross_state_asymmetry |         0.00473 |
|                Metric/avg_self_sa_asymmetry |               0 |
|               Metric/avg_cross_sa_asymmetry |         0.00864 |
|  Metric/self_state_action_to_state_distance |        0.000388 |
| Metric/cross_state_action_to_state_distance |            1.35 |
|                   Metric/h_lambda_diff_self |         0.00124 |
|                  Metric/h_lambda_diff_cross |          0.0118 |
|                                 Eval/Return |             968 |
-----------------------------------------------------------------
[32mSaving model …[0m
[32mDone.[0m
[32mSaving model …[0m
[32mDone.[0m
-----------------------------------------------------------------
|                                 Train/Steps |        4.23e+06 |
|                            Loss/Loss_critic |          0.0206 |
|                             Loss/Loss_actor |           -96.4 |
|                             Loss/Loss_alpha |        4.05e-05 |
|               Loss/Loss_state_action_metric |           0.162 |
|                      Loss/Loss_state_metric |          0.0924 |
|             Loss/Loss_state_action_to_state |        0.000193 |
|                           Loss/Act_rep_loss |          0.0161 |
|                                   SAC/Alpha |         0.00214 |
|                              SAC/LogPi_mean |            2.96 |
|                                 SAC/Q1_mean |            96.4 |
|                                 SAC/Q2_mean |            96.4 |
|                            Norm/actor_model |             156 |
|                           Norm/critic_model |             188 |
|              Norm/state_action_metric_model |             115 |
|                     Norm/state_metric_model |             129 |
|        Norm/state_action_state_metric_model |             118 |
|                  Metric/self_state_distance |        0.000667 |
|                 Metric/cross_state_distance |            1.19 |
|           Metric/self_state_action_distance |        0.000319 |
|          Metric/cross_state_action_distance |            1.23 |
|             Metric/avg_self_state_asymmetry |               0 |
|            Metric/avg_cross_state_asymmetry |         0.00377 |
|                Metric/avg_self_sa_asymmetry |               0 |
|               Metric/avg_cross_sa_asymmetry |          0.0072 |
|  Metric/self_state_action_to_state_distance |        0.000111 |
| Metric/cross_state_action_to_state_distance |            1.25 |
|                   Metric/h_lambda_diff_self |        0.000285 |
|                  Metric/h_lambda_diff_cross |          0.0154 |
|                                 Eval/Return |             972 |
-----------------------------------------------------------------
-----------------------------------------------------------------
|                                 Train/Steps |        4.36e+06 |
|                            Loss/Loss_critic |          0.0203 |
|                             Loss/Loss_actor |           -97.1 |
|                             Loss/Loss_alpha |        0.000416 |
|               Loss/Loss_state_action_metric |          0.0712 |
|                      Loss/Loss_state_metric |          0.0479 |
|             Loss/Loss_state_action_to_state |        0.000128 |
|                           Loss/Act_rep_loss |          0.0149 |
|                                   SAC/Alpha |         0.00201 |
|                              SAC/LogPi_mean |            2.86 |
|                                 SAC/Q1_mean |            97.1 |
|                                 SAC/Q2_mean |            97.2 |
|                            Norm/actor_model |             157 |
|                           Norm/critic_model |             190 |
|              Norm/state_action_metric_model |             116 |
|                     Norm/state_metric_model |             131 |
|        Norm/state_action_state_metric_model |             119 |
|                  Metric/self_state_distance |        0.000719 |
|                 Metric/cross_state_distance |             1.1 |
|           Metric/self_state_action_distance |        0.000705 |
|          Metric/cross_state_action_distance |            1.12 |
|             Metric/avg_self_state_asymmetry |               0 |
|            Metric/avg_cross_state_asymmetry |         0.00411 |
|                Metric/avg_self_sa_asymmetry |               0 |
|               Metric/avg_cross_sa_asymmetry |         0.00666 |
|  Metric/self_state_action_to_state_distance |        0.000205 |
| Metric/cross_state_action_to_state_distance |            1.13 |
|                   Metric/h_lambda_diff_self |        0.000637 |
|                  Metric/h_lambda_diff_cross |         0.00844 |
|                                 Eval/Return |             968 |
-----------------------------------------------------------------
-----------------------------------------------------------------
|                                 Train/Steps |        4.49e+06 |
|                            Loss/Loss_critic |         0.00894 |
|                             Loss/Loss_actor |           -97.6 |
|                             Loss/Loss_alpha |        2.72e-05 |
|               Loss/Loss_state_action_metric |          0.0481 |
|                      Loss/Loss_state_metric |           0.015 |
|             Loss/Loss_state_action_to_state |         0.00011 |
|                           Loss/Act_rep_loss |          0.0126 |
|                                   SAC/Alpha |         0.00175 |
|                              SAC/LogPi_mean |            2.89 |
|                                 SAC/Q1_mean |            97.6 |
|                                 SAC/Q2_mean |            97.6 |
|                            Norm/actor_model |             159 |
|                           Norm/critic_model |             192 |
|              Norm/state_action_metric_model |             118 |
|                     Norm/state_metric_model |             133 |
|        Norm/state_action_state_metric_model |             121 |
|                  Metric/self_state_distance |        0.000161 |
|                 Metric/cross_state_distance |            1.03 |
|           Metric/self_state_action_distance |         0.00079 |
|          Metric/cross_state_action_distance |            1.04 |
|             Metric/avg_self_state_asymmetry |               0 |
|            Metric/avg_cross_state_asymmetry |         0.00264 |
|                Metric/avg_self_sa_asymmetry |               0 |
|               Metric/avg_cross_sa_asymmetry |         0.00521 |
|  Metric/self_state_action_to_state_distance |        0.000683 |
| Metric/cross_state_action_to_state_distance |            1.04 |
|                   Metric/h_lambda_diff_self |         0.00082 |
|                  Metric/h_lambda_diff_cross |         0.00564 |
|                                 Eval/Return |             969 |
-----------------------------------------------------------------
-----------------------------------------------------------------
|                                 Train/Steps |        4.62e+06 |
|                            Loss/Loss_critic |          0.0297 |
|                             Loss/Loss_actor |           -97.2 |
|                             Loss/Loss_alpha |       -7.59e-06 |
|               Loss/Loss_state_action_metric |          0.0683 |
|                      Loss/Loss_state_metric |          0.0465 |
|             Loss/Loss_state_action_to_state |        0.000175 |
|                           Loss/Act_rep_loss |         0.00244 |
|                                   SAC/Alpha |          0.0017 |
|                              SAC/LogPi_mean |            2.87 |
|                                 SAC/Q1_mean |            97.3 |
|                                 SAC/Q2_mean |            97.2 |
|                            Norm/actor_model |             160 |
|                           Norm/critic_model |             194 |
|              Norm/state_action_metric_model |             120 |
|                     Norm/state_metric_model |             135 |
|        Norm/state_action_state_metric_model |             123 |
|                  Metric/self_state_distance |         0.00791 |
|                 Metric/cross_state_distance |             1.1 |
|           Metric/self_state_action_distance |         0.00125 |
|          Metric/cross_state_action_distance |            1.13 |
|             Metric/avg_self_state_asymmetry |               0 |
|            Metric/avg_cross_state_asymmetry |         0.00372 |
|                Metric/avg_self_sa_asymmetry |               0 |
|               Metric/avg_cross_sa_asymmetry |         0.00512 |
|  Metric/self_state_action_to_state_distance |        0.000244 |
| Metric/cross_state_action_to_state_distance |            1.13 |
|                   Metric/h_lambda_diff_self |         0.00114 |
|                  Metric/h_lambda_diff_cross |         0.00666 |
|                                 Eval/Return |             969 |
-----------------------------------------------------------------
-----------------------------------------------------------------
|                                 Train/Steps |        4.74e+06 |
|                            Loss/Loss_critic |          0.0163 |
|                             Loss/Loss_actor |           -97.4 |
|                             Loss/Loss_alpha |         -0.0003 |
|               Loss/Loss_state_action_metric |          0.0627 |
|                      Loss/Loss_state_metric |          0.0429 |
|             Loss/Loss_state_action_to_state |        0.000125 |
|                           Loss/Act_rep_loss |         0.00329 |
|                                   SAC/Alpha |          0.0018 |
|                              SAC/LogPi_mean |            3.14 |
|                                 SAC/Q1_mean |            97.4 |
|                                 SAC/Q2_mean |            97.4 |
|                            Norm/actor_model |             162 |
|                           Norm/critic_model |             197 |
|              Norm/state_action_metric_model |             122 |
|                     Norm/state_metric_model |             137 |
|        Norm/state_action_state_metric_model |             124 |
|                  Metric/self_state_distance |        0.000916 |
|                 Metric/cross_state_distance |            1.08 |
|           Metric/self_state_action_distance |        0.000313 |
|          Metric/cross_state_action_distance |            1.12 |
|             Metric/avg_self_state_asymmetry |               0 |
|            Metric/avg_cross_state_asymmetry |          0.0033 |
|                Metric/avg_self_sa_asymmetry |               0 |
|               Metric/avg_cross_sa_asymmetry |         0.00524 |
|  Metric/self_state_action_to_state_distance |        0.000421 |
| Metric/cross_state_action_to_state_distance |            1.11 |
|                   Metric/h_lambda_diff_self |        0.000375 |
|                  Metric/h_lambda_diff_cross |          0.0119 |
|                                 Eval/Return |             974 |
-----------------------------------------------------------------
-----------------------------------------------------------------
|                                 Train/Steps |        4.87e+06 |
|                            Loss/Loss_critic |          0.0098 |
|                             Loss/Loss_actor |           -97.6 |
|                             Loss/Loss_alpha |        0.000333 |
|               Loss/Loss_state_action_metric |           0.107 |
|                      Loss/Loss_state_metric |          0.0293 |
|             Loss/Loss_state_action_to_state |        7.72e-05 |
|                           Loss/Act_rep_loss |          0.0146 |
|                                   SAC/Alpha |         0.00162 |
|                              SAC/LogPi_mean |            2.78 |
|                                 SAC/Q1_mean |            97.6 |
|                                 SAC/Q2_mean |            97.6 |
|                            Norm/actor_model |             163 |
|                           Norm/critic_model |             199 |
|              Norm/state_action_metric_model |             123 |
|                     Norm/state_metric_model |             139 |
|        Norm/state_action_state_metric_model |             126 |
|                  Metric/self_state_distance |        0.000252 |
|                 Metric/cross_state_distance |            1.06 |
|           Metric/self_state_action_distance |        0.000399 |
|          Metric/cross_state_action_distance |            1.07 |
|             Metric/avg_self_state_asymmetry |               0 |
|            Metric/avg_cross_state_asymmetry |         0.00256 |
|                Metric/avg_self_sa_asymmetry |               0 |
|               Metric/avg_cross_sa_asymmetry |          0.0044 |
|  Metric/self_state_action_to_state_distance |         0.00015 |
| Metric/cross_state_action_to_state_distance |            1.07 |
|                   Metric/h_lambda_diff_self |        0.000383 |
|                  Metric/h_lambda_diff_cross |          0.0046 |
|                                 Eval/Return |             970 |
-----------------------------------------------------------------
-----------------------------------------------------------------
|                                 Train/Steps |           5e+06 |
|                            Loss/Loss_critic |          0.0228 |
|                             Loss/Loss_actor |           -97.5 |
|                             Loss/Loss_alpha |       -0.000503 |
|               Loss/Loss_state_action_metric |          0.0694 |
|                      Loss/Loss_state_metric |          0.0482 |
|             Loss/Loss_state_action_to_state |        0.000194 |
|                           Loss/Act_rep_loss |         0.00288 |
|                                   SAC/Alpha |         0.00172 |
|                              SAC/LogPi_mean |            3.28 |
|                                 SAC/Q1_mean |            97.5 |
|                                 SAC/Q2_mean |            97.5 |
|                            Norm/actor_model |             165 |
|                           Norm/critic_model |             201 |
|              Norm/state_action_metric_model |             125 |
|                     Norm/state_metric_model |             141 |
|        Norm/state_action_state_metric_model |             128 |
|                  Metric/self_state_distance |        0.000226 |
|                 Metric/cross_state_distance |            1.11 |
|           Metric/self_state_action_distance |         0.00205 |
|          Metric/cross_state_action_distance |            1.15 |
|             Metric/avg_self_state_asymmetry |               0 |
|            Metric/avg_cross_state_asymmetry |         0.00373 |
|                Metric/avg_self_sa_asymmetry |               0 |
|               Metric/avg_cross_sa_asymmetry |         0.00574 |
|  Metric/self_state_action_to_state_distance |        0.000264 |
| Metric/cross_state_action_to_state_distance |            1.14 |
|                   Metric/h_lambda_diff_self |          0.0019 |
|                  Metric/h_lambda_diff_cross |         0.00931 |
|                                 Eval/Return |             971 |
-----------------------------------------------------------------
[32mSaving model …[0m
[32mDone.[0m
[32mSaving model …[0m
[32mDone.[0m
