E0912 21:56:25.885558 1653046 cuda_executor.cc:1526] Could not get kernel mode driver version: (INVALID_ARGUMENT: Version does not match the format X.Y.Z)
E0912 21:56:25.894053 1652936 cuda_executor.cc:1526] Could not get kernel mode driver version: (INVALID_ARGUMENT: Version does not match the format X.Y.Z)
[32mStart prefilling replay buffer[0m
[32mStart SAC training[0m
[32m{'log_freq': 1000, 'save_freq': 1000000, 'eval_episode_freq': 10, 'hidden_size': 256, 'lr': 0.001, 'max_grad_norm': 0.0, 'gamma': 0.99, 'update_tau': 0.005, 'train_per_step': 8, 'episode_length': 1000, 'warmup_samples': 8192, 'max_replay_size': 4000000, 'batch_size': 512, 'total_env_steps': 5000000, 'init_temperature': 0.1, 'nstep': 3, 'bootstrap_on_truncation': True, 'rep_lr_scale': 1.5, 'vis_feq': 100000, 'n_vis_frames': 4, 'num_envs': 128, 'grad_steps': 50, 'transfer_freq': 10, 'transfer_steps': 8, 'reward_scaling': 1.0, 'num_eval_envs': 128, 'target_entropy': -2.5}[0m
[32m[nstep] nstep=3 bootstrap_on_truncation=True (discount from the buffer already contains gamma^nstep)[0m
-----------------------------------------------------------------
|                                 Train/Steps |        1.36e+05 |
|                            Loss/Loss_critic |          0.0422 |
|                             Loss/Loss_actor |           -6.28 |
|                             Loss/Loss_alpha |         0.00372 |
|               Loss/Loss_state_action_metric |          0.0426 |
|                      Loss/Loss_state_metric |          0.0264 |
|             Loss/Loss_state_action_to_state |         0.00102 |
|                           Loss/Act_rep_loss |         1.4e-05 |
|                                   SAC/Alpha |         0.00279 |
|                              SAC/LogPi_mean |            1.35 |
|                                 SAC/Q1_mean |            6.27 |
|                                 SAC/Q2_mean |             6.3 |
|                            Norm/actor_model |            40.1 |
|                           Norm/critic_model |            45.9 |
|              Norm/state_action_metric_model |            31.9 |
|                     Norm/state_metric_model |            31.1 |
|        Norm/state_action_state_metric_model |            31.3 |
|                  Metric/self_state_distance |         0.00427 |
|                 Metric/cross_state_distance |            1.16 |
|           Metric/self_state_action_distance |          0.0183 |
|          Metric/cross_state_action_distance |            1.24 |
|             Metric/avg_self_state_asymmetry |               0 |
|            Metric/avg_cross_state_asymmetry |          0.0157 |
|                Metric/avg_self_sa_asymmetry |               0 |
|               Metric/avg_cross_sa_asymmetry |          0.0247 |
|  Metric/self_state_action_to_state_distance |         0.00327 |
| Metric/cross_state_action_to_state_distance |            1.22 |
|                   Metric/h_lambda_diff_self |          0.0173 |
|                  Metric/h_lambda_diff_cross |          0.0331 |
|                                 Eval/Return |            83.3 |
-----------------------------------------------------------------
-----------------------------------------------------------------
|                                 Train/Steps |        2.64e+05 |
|                            Loss/Loss_critic |          0.0803 |
|                             Loss/Loss_actor |           -8.49 |
|                             Loss/Loss_alpha |         0.00057 |
|               Loss/Loss_state_action_metric |          0.0722 |
|                      Loss/Loss_state_metric |          0.0312 |
|             Loss/Loss_state_action_to_state |         0.00144 |
|                           Loss/Act_rep_loss |        0.000214 |
|                                   SAC/Alpha |         0.00321 |
|                              SAC/LogPi_mean |            2.42 |
|                                 SAC/Q1_mean |            8.63 |
|                                 SAC/Q2_mean |            8.45 |
|                            Norm/actor_model |            57.4 |
|                           Norm/critic_model |            69.1 |
|              Norm/state_action_metric_model |            34.5 |
|                     Norm/state_metric_model |            33.7 |
|        Norm/state_action_state_metric_model |            34.7 |
|                  Metric/self_state_distance |         0.00175 |
|                 Metric/cross_state_distance |            1.11 |
|           Metric/self_state_action_distance |         0.00801 |
|          Metric/cross_state_action_distance |            1.22 |
|             Metric/avg_self_state_asymmetry |               0 |
|            Metric/avg_cross_state_asymmetry |          0.0148 |
|                Metric/avg_self_sa_asymmetry |               0 |
|               Metric/avg_cross_sa_asymmetry |          0.0222 |
|  Metric/self_state_action_to_state_distance |         0.00189 |
| Metric/cross_state_action_to_state_distance |            1.21 |
|                   Metric/h_lambda_diff_self |         0.00648 |
|                  Metric/h_lambda_diff_cross |           0.027 |
|                                 Eval/Return |             101 |
-----------------------------------------------------------------
-----------------------------------------------------------------
|                                 Train/Steps |        3.92e+05 |
|                            Loss/Loss_critic |           0.105 |
|                             Loss/Loss_actor |           -11.5 |
|                             Loss/Loss_alpha |        -0.00077 |
|               Loss/Loss_state_action_metric |           0.185 |
|                      Loss/Loss_state_metric |          0.0596 |
|             Loss/Loss_state_action_to_state |         0.00149 |
|                           Loss/Act_rep_loss |        5.69e-05 |
|                                   SAC/Alpha |         0.00353 |
|                              SAC/LogPi_mean |            2.81 |
|                                 SAC/Q1_mean |            11.6 |
|                                 SAC/Q2_mean |            11.5 |
|                            Norm/actor_model |            68.2 |
|                           Norm/critic_model |            83.2 |
|              Norm/state_action_metric_model |            37.9 |
|                     Norm/state_metric_model |            38.8 |
|        Norm/state_action_state_metric_model |            38.5 |
|                  Metric/self_state_distance |         0.00307 |
|                 Metric/cross_state_distance |            1.16 |
|           Metric/self_state_action_distance |         0.00651 |
|          Metric/cross_state_action_distance |            1.32 |
|             Metric/avg_self_state_asymmetry |               0 |
|            Metric/avg_cross_state_asymmetry |          0.0172 |
|                Metric/avg_self_sa_asymmetry |               0 |
|               Metric/avg_cross_sa_asymmetry |           0.026 |
|  Metric/self_state_action_to_state_distance |          0.0011 |
| Metric/cross_state_action_to_state_distance |            1.31 |
|                   Metric/h_lambda_diff_self |         0.00567 |
|                  Metric/h_lambda_diff_cross |          0.0339 |
|                                 Eval/Return |             103 |
-----------------------------------------------------------------
-----------------------------------------------------------------
|                                 Train/Steps |         5.2e+05 |
|                            Loss/Loss_critic |            0.12 |
|                             Loss/Loss_actor |           -13.5 |
|                             Loss/Loss_alpha |        0.000525 |
|               Loss/Loss_state_action_metric |           0.387 |
|                      Loss/Loss_state_metric |           0.166 |
|             Loss/Loss_state_action_to_state |         0.00232 |
|                           Loss/Act_rep_loss |        6.56e-05 |
|                                   SAC/Alpha |         0.00371 |
|                              SAC/LogPi_mean |            2.44 |
|                                 SAC/Q1_mean |            13.6 |
|                                 SAC/Q2_mean |            13.5 |
|                            Norm/actor_model |              76 |
|                           Norm/critic_model |            94.9 |
|              Norm/state_action_metric_model |            40.9 |
|                     Norm/state_metric_model |            43.6 |
|        Norm/state_action_state_metric_model |            41.8 |
|                  Metric/self_state_distance |         0.00147 |
|                 Metric/cross_state_distance |             1.3 |
|           Metric/self_state_action_distance |          0.0061 |
|          Metric/cross_state_action_distance |            1.54 |
|             Metric/avg_self_state_asymmetry |               0 |
|            Metric/avg_cross_state_asymmetry |          0.0195 |
|                Metric/avg_self_sa_asymmetry |               0 |
|               Metric/avg_cross_sa_asymmetry |           0.024 |
|  Metric/self_state_action_to_state_distance |         0.00302 |
| Metric/cross_state_action_to_state_distance |            1.55 |
|                   Metric/h_lambda_diff_self |         0.00484 |
|                  Metric/h_lambda_diff_cross |          0.0324 |
|                                 Eval/Return |             133 |
-----------------------------------------------------------------
-----------------------------------------------------------------
|                                 Train/Steps |        6.48e+05 |
|                            Loss/Loss_critic |           0.113 |
|                             Loss/Loss_actor |           -14.7 |
|                             Loss/Loss_alpha |        0.000377 |
|               Loss/Loss_state_action_metric |           0.348 |
|                      Loss/Loss_state_metric |            0.14 |
|             Loss/Loss_state_action_to_state |         0.00153 |
|                           Loss/Act_rep_loss |         0.00798 |
|                                   SAC/Alpha |         0.00376 |
|                              SAC/LogPi_mean |            2.54 |
|                                 SAC/Q1_mean |            14.7 |
|                                 SAC/Q2_mean |            14.8 |
|                            Norm/actor_model |            82.5 |
|                           Norm/critic_model |             105 |
|              Norm/state_action_metric_model |            43.4 |
|                     Norm/state_metric_model |            47.1 |
|        Norm/state_action_state_metric_model |            44.6 |
|                  Metric/self_state_distance |        0.000405 |
|                 Metric/cross_state_distance |            1.21 |
|           Metric/self_state_action_distance |         0.00708 |
|          Metric/cross_state_action_distance |            1.51 |
|             Metric/avg_self_state_asymmetry |               0 |
|            Metric/avg_cross_state_asymmetry |          0.0202 |
|                Metric/avg_self_sa_asymmetry |               0 |
|               Metric/avg_cross_sa_asymmetry |          0.0268 |
|  Metric/self_state_action_to_state_distance |         0.00231 |
| Metric/cross_state_action_to_state_distance |            1.52 |
|                   Metric/h_lambda_diff_self |         0.00546 |
|                  Metric/h_lambda_diff_cross |          0.0286 |
|                                 Eval/Return |             176 |
-----------------------------------------------------------------
-----------------------------------------------------------------
|                                 Train/Steps |        7.76e+05 |
|                            Loss/Loss_critic |          0.0791 |
|                             Loss/Loss_actor |           -17.1 |
|                             Loss/Loss_alpha |        6.92e-05 |
|               Loss/Loss_state_action_metric |            0.77 |
|                      Loss/Loss_state_metric |           0.296 |
|             Loss/Loss_state_action_to_state |         0.00159 |
|                           Loss/Act_rep_loss |         0.00364 |
|                                   SAC/Alpha |         0.00415 |
|                              SAC/LogPi_mean |            2.59 |
|                                 SAC/Q1_mean |            17.1 |
|                                 SAC/Q2_mean |            17.1 |
|                            Norm/actor_model |            88.3 |
|                           Norm/critic_model |             113 |
|              Norm/state_action_metric_model |            45.8 |
|                     Norm/state_metric_model |            50.2 |
|        Norm/state_action_state_metric_model |            47.1 |
|                  Metric/self_state_distance |         0.00464 |
|                 Metric/cross_state_distance |            1.39 |
|           Metric/self_state_action_distance |          0.0182 |
|          Metric/cross_state_action_distance |            1.75 |
|             Metric/avg_self_state_asymmetry |               0 |
|            Metric/avg_cross_state_asymmetry |          0.0163 |
|                Metric/avg_self_sa_asymmetry |               0 |
|               Metric/avg_cross_sa_asymmetry |           0.025 |
|  Metric/self_state_action_to_state_distance |         0.00144 |
| Metric/cross_state_action_to_state_distance |            1.76 |
|                   Metric/h_lambda_diff_self |          0.0169 |
|                  Metric/h_lambda_diff_cross |          0.0295 |
|                                 Eval/Return |             202 |
-----------------------------------------------------------------
-----------------------------------------------------------------
|                                 Train/Steps |        9.04e+05 |
|                            Loss/Loss_critic |           0.105 |
|                             Loss/Loss_actor |           -19.7 |
|                             Loss/Loss_alpha |        -0.00252 |
|               Loss/Loss_state_action_metric |           0.877 |
|                      Loss/Loss_state_metric |           0.374 |
|             Loss/Loss_state_action_to_state |         0.00164 |
|                           Loss/Act_rep_loss |         0.00664 |
|                                   SAC/Alpha |          0.0041 |
|                              SAC/LogPi_mean |            2.82 |
|                                 SAC/Q1_mean |            19.7 |
|                                 SAC/Q2_mean |            19.7 |
|                            Norm/actor_model |            93.5 |
|                           Norm/critic_model |             120 |
|              Norm/state_action_metric_model |            48.4 |
|                     Norm/state_metric_model |            53.4 |
|        Norm/state_action_state_metric_model |            49.8 |
|                  Metric/self_state_distance |         0.00454 |
|                 Metric/cross_state_distance |            1.51 |
|           Metric/self_state_action_distance |          0.0067 |
|          Metric/cross_state_action_distance |            1.98 |
|             Metric/avg_self_state_asymmetry |               0 |
|            Metric/avg_cross_state_asymmetry |          0.0203 |
|                Metric/avg_self_sa_asymmetry |               0 |
|               Metric/avg_cross_sa_asymmetry |          0.0279 |
|  Metric/self_state_action_to_state_distance |          0.0029 |
| Metric/cross_state_action_to_state_distance |            1.98 |
|                   Metric/h_lambda_diff_self |         0.00473 |
|                  Metric/h_lambda_diff_cross |          0.0337 |
|                                 Eval/Return |             249 |
-----------------------------------------------------------------
-----------------------------------------------------------------
|                                 Train/Steps |        1.03e+06 |
|                            Loss/Loss_critic |           0.105 |
|                             Loss/Loss_actor |           -22.3 |
|                             Loss/Loss_alpha |        -0.00138 |
|               Loss/Loss_state_action_metric |            1.18 |
|                      Loss/Loss_state_metric |           0.514 |
|             Loss/Loss_state_action_to_state |         0.00214 |
|                           Loss/Act_rep_loss |         0.00158 |
|                                   SAC/Alpha |         0.00414 |
|                              SAC/LogPi_mean |            3.01 |
|                                 SAC/Q1_mean |            22.2 |
|                                 SAC/Q2_mean |            22.4 |
|                            Norm/actor_model |            98.3 |
|                           Norm/critic_model |             126 |
|              Norm/state_action_metric_model |            51.1 |
|                     Norm/state_metric_model |            57.6 |
|        Norm/state_action_state_metric_model |            52.3 |
|                  Metric/self_state_distance |          0.0033 |
|                 Metric/cross_state_distance |            1.65 |
|           Metric/self_state_action_distance |         0.00605 |
|          Metric/cross_state_action_distance |            2.17 |
|             Metric/avg_self_state_asymmetry |               0 |
|            Metric/avg_cross_state_asymmetry |           0.019 |
|                Metric/avg_self_sa_asymmetry |               0 |
|               Metric/avg_cross_sa_asymmetry |          0.0287 |
|  Metric/self_state_action_to_state_distance |         0.00264 |
| Metric/cross_state_action_to_state_distance |            2.16 |
|                   Metric/h_lambda_diff_self |         0.00428 |
|                  Metric/h_lambda_diff_cross |          0.0298 |
|                                 Eval/Return |             248 |
-----------------------------------------------------------------
[32mSaving model …[0m
[32mDone.[0m
[32mSaving model …[0m
[32mDone.[0m
-----------------------------------------------------------------
|                                 Train/Steps |        1.16e+06 |
|                            Loss/Loss_critic |           0.074 |
|                             Loss/Loss_actor |           -22.2 |
|                             Loss/Loss_alpha |        0.000423 |
|               Loss/Loss_state_action_metric |            1.16 |
|                      Loss/Loss_state_metric |           0.565 |
|             Loss/Loss_state_action_to_state |         0.00143 |
|                           Loss/Act_rep_loss |        0.000558 |
|                                   SAC/Alpha |         0.00377 |
|                              SAC/LogPi_mean |            2.46 |
|                                 SAC/Q1_mean |            22.3 |
|                                 SAC/Q2_mean |            22.3 |
|                            Norm/actor_model |             103 |
|                           Norm/critic_model |             131 |
|              Norm/state_action_metric_model |            53.9 |
|                     Norm/state_metric_model |            61.9 |
|        Norm/state_action_state_metric_model |            54.8 |
|                  Metric/self_state_distance |         0.00458 |
|                 Metric/cross_state_distance |            1.73 |
|           Metric/self_state_action_distance |         0.00977 |
|          Metric/cross_state_action_distance |            2.24 |
|             Metric/avg_self_state_asymmetry |               0 |
|            Metric/avg_cross_state_asymmetry |          0.0179 |
|                Metric/avg_self_sa_asymmetry |               0 |
|               Metric/avg_cross_sa_asymmetry |          0.0309 |
|  Metric/self_state_action_to_state_distance |          0.0011 |
| Metric/cross_state_action_to_state_distance |            2.23 |
|                   Metric/h_lambda_diff_self |         0.00884 |
|                  Metric/h_lambda_diff_cross |          0.0309 |
|                                 Eval/Return |             301 |
-----------------------------------------------------------------
-----------------------------------------------------------------
|                                 Train/Steps |        1.29e+06 |
|                            Loss/Loss_critic |           0.108 |
|                             Loss/Loss_actor |           -21.7 |
|                             Loss/Loss_alpha |        0.000948 |
|               Loss/Loss_state_action_metric |            1.07 |
|                      Loss/Loss_state_metric |           0.485 |
|             Loss/Loss_state_action_to_state |        0.000913 |
|                           Loss/Act_rep_loss |         0.00216 |
|                                   SAC/Alpha |         0.00406 |
|                              SAC/LogPi_mean |            2.31 |
|                                 SAC/Q1_mean |            21.7 |
|                                 SAC/Q2_mean |            21.7 |
|                            Norm/actor_model |             108 |
|                           Norm/critic_model |             137 |
|              Norm/state_action_metric_model |            56.6 |
|                     Norm/state_metric_model |            66.9 |
|        Norm/state_action_state_metric_model |            57.3 |
|                  Metric/self_state_distance |         0.00155 |
|                 Metric/cross_state_distance |             1.6 |
|           Metric/self_state_action_distance |         0.00627 |
|          Metric/cross_state_action_distance |               2 |
|             Metric/avg_self_state_asymmetry |               0 |
|            Metric/avg_cross_state_asymmetry |          0.0185 |
|                Metric/avg_self_sa_asymmetry |               0 |
|               Metric/avg_cross_sa_asymmetry |          0.0216 |
|  Metric/self_state_action_to_state_distance |         0.00142 |
| Metric/cross_state_action_to_state_distance |            2.04 |
|                   Metric/h_lambda_diff_self |         0.00523 |
|                  Metric/h_lambda_diff_cross |          0.0447 |
|                                 Eval/Return |             321 |
-----------------------------------------------------------------
-----------------------------------------------------------------
|                                 Train/Steps |        1.42e+06 |
|                            Loss/Loss_critic |          0.0518 |
|                             Loss/Loss_actor |           -25.8 |
|                             Loss/Loss_alpha |        0.000217 |
|               Loss/Loss_state_action_metric |            1.41 |
|                      Loss/Loss_state_metric |           0.705 |
|             Loss/Loss_state_action_to_state |        0.000889 |
|                           Loss/Act_rep_loss |        0.000189 |
|                                   SAC/Alpha |         0.00387 |
|                              SAC/LogPi_mean |            2.52 |
|                                 SAC/Q1_mean |            25.8 |
|                                 SAC/Q2_mean |            25.8 |
|                            Norm/actor_model |             112 |
|                           Norm/critic_model |             142 |
|              Norm/state_action_metric_model |            59.1 |
|                     Norm/state_metric_model |            71.9 |
|        Norm/state_action_state_metric_model |            59.6 |
|                  Metric/self_state_distance |           0.001 |
|                 Metric/cross_state_distance |            1.87 |
|           Metric/self_state_action_distance |         0.00345 |
|          Metric/cross_state_action_distance |             2.4 |
|             Metric/avg_self_state_asymmetry |               0 |
|            Metric/avg_cross_state_asymmetry |          0.0171 |
|                Metric/avg_self_sa_asymmetry |               0 |
|               Metric/avg_cross_sa_asymmetry |            0.03 |
|  Metric/self_state_action_to_state_distance |         0.00124 |
| Metric/cross_state_action_to_state_distance |            2.41 |
|                   Metric/h_lambda_diff_self |         0.00344 |
|                  Metric/h_lambda_diff_cross |          0.0271 |
|                                 Eval/Return |             356 |
-----------------------------------------------------------------
-----------------------------------------------------------------
|                                 Train/Steps |        1.54e+06 |
|                            Loss/Loss_critic |           0.308 |
|                             Loss/Loss_actor |           -24.5 |
|                             Loss/Loss_alpha |        0.000265 |
|               Loss/Loss_state_action_metric |            1.46 |
|                      Loss/Loss_state_metric |           0.758 |
|             Loss/Loss_state_action_to_state |        0.000762 |
|                           Loss/Act_rep_loss |        0.000474 |
|                                   SAC/Alpha |         0.00384 |
|                              SAC/LogPi_mean |            2.51 |
|                                 SAC/Q1_mean |            24.6 |
|                                 SAC/Q2_mean |            24.5 |
|                            Norm/actor_model |             116 |
|                           Norm/critic_model |             147 |
|              Norm/state_action_metric_model |            61.8 |
|                     Norm/state_metric_model |            77.4 |
|        Norm/state_action_state_metric_model |            61.8 |
|                  Metric/self_state_distance |         0.00107 |
|                 Metric/cross_state_distance |            1.89 |
|           Metric/self_state_action_distance |         0.00542 |
|          Metric/cross_state_action_distance |            2.36 |
|             Metric/avg_self_state_asymmetry |               0 |
|            Metric/avg_cross_state_asymmetry |          0.0157 |
|                Metric/avg_self_sa_asymmetry |               0 |
|               Metric/avg_cross_sa_asymmetry |          0.0251 |
|  Metric/self_state_action_to_state_distance |        0.000739 |
| Metric/cross_state_action_to_state_distance |            2.37 |
|                   Metric/h_lambda_diff_self |         0.00471 |
|                  Metric/h_lambda_diff_cross |          0.0238 |
|                                 Eval/Return |             318 |
-----------------------------------------------------------------
-----------------------------------------------------------------
|                                 Train/Steps |        1.67e+06 |
|                            Loss/Loss_critic |          0.0734 |
|                             Loss/Loss_actor |           -28.8 |
|                             Loss/Loss_alpha |       -0.000804 |
|               Loss/Loss_state_action_metric |            1.63 |
|                      Loss/Loss_state_metric |           0.888 |
|             Loss/Loss_state_action_to_state |         0.00117 |
|                           Loss/Act_rep_loss |        9.26e-05 |
|                                   SAC/Alpha |         0.00376 |
|                              SAC/LogPi_mean |            2.78 |
|                                 SAC/Q1_mean |            28.9 |
|                                 SAC/Q2_mean |            28.8 |
|                            Norm/actor_model |             120 |
|                           Norm/critic_model |             151 |
|              Norm/state_action_metric_model |            64.3 |
|                     Norm/state_metric_model |            83.1 |
|        Norm/state_action_state_metric_model |            64.1 |
|                  Metric/self_state_distance |         0.00104 |
|                 Metric/cross_state_distance |            2.06 |
|           Metric/self_state_action_distance |         0.00337 |
|          Metric/cross_state_action_distance |             2.6 |
|             Metric/avg_self_state_asymmetry |               0 |
|            Metric/avg_cross_state_asymmetry |           0.022 |
|                Metric/avg_self_sa_asymmetry |               0 |
|               Metric/avg_cross_sa_asymmetry |          0.0265 |
|  Metric/self_state_action_to_state_distance |        0.000658 |
| Metric/cross_state_action_to_state_distance |            2.61 |
|                   Metric/h_lambda_diff_self |          0.0029 |
|                  Metric/h_lambda_diff_cross |          0.0297 |
|                                 Eval/Return |             356 |
-----------------------------------------------------------------
-----------------------------------------------------------------
|                                 Train/Steps |         1.8e+06 |
|                            Loss/Loss_critic |          0.0569 |
|                             Loss/Loss_actor |           -29.7 |
|                             Loss/Loss_alpha |        -0.00156 |
|               Loss/Loss_state_action_metric |            1.93 |
|                      Loss/Loss_state_metric |           0.883 |
|             Loss/Loss_state_action_to_state |          0.0008 |
|                           Loss/Act_rep_loss |         0.00137 |
|                                   SAC/Alpha |         0.00396 |
|                              SAC/LogPi_mean |            2.76 |
|                                 SAC/Q1_mean |            29.7 |
|                                 SAC/Q2_mean |            29.8 |
|                            Norm/actor_model |             124 |
|                           Norm/critic_model |             156 |
|              Norm/state_action_metric_model |            66.9 |
|                     Norm/state_metric_model |            88.8 |
|        Norm/state_action_state_metric_model |            66.1 |
|                  Metric/self_state_distance |         0.00317 |
|                 Metric/cross_state_distance |            2.07 |
|           Metric/self_state_action_distance |         0.00563 |
|          Metric/cross_state_action_distance |            2.78 |
|             Metric/avg_self_state_asymmetry |               0 |
|            Metric/avg_cross_state_asymmetry |          0.0198 |
|                Metric/avg_self_sa_asymmetry |               0 |
|               Metric/avg_cross_sa_asymmetry |          0.0272 |
|  Metric/self_state_action_to_state_distance |         0.00024 |
| Metric/cross_state_action_to_state_distance |            2.77 |
|                   Metric/h_lambda_diff_self |          0.0054 |
|                  Metric/h_lambda_diff_cross |          0.0355 |
|                                 Eval/Return |             410 |
-----------------------------------------------------------------
-----------------------------------------------------------------
|                                 Train/Steps |        1.93e+06 |
|                            Loss/Loss_critic |           0.065 |
|                             Loss/Loss_actor |           -31.9 |
|                             Loss/Loss_alpha |        0.000211 |
|               Loss/Loss_state_action_metric |            1.98 |
|                      Loss/Loss_state_metric |           0.955 |
|             Loss/Loss_state_action_to_state |         0.00148 |
|                           Loss/Act_rep_loss |        0.000831 |
|                                   SAC/Alpha |         0.00358 |
|                              SAC/LogPi_mean |            2.47 |
|                                 SAC/Q1_mean |            31.9 |
|                                 SAC/Q2_mean |            31.8 |
|                            Norm/actor_model |             127 |
|                           Norm/critic_model |             160 |
|              Norm/state_action_metric_model |            69.2 |
|                     Norm/state_metric_model |            94.6 |
|        Norm/state_action_state_metric_model |            68.2 |
|                  Metric/self_state_distance |         0.00278 |
|                 Metric/cross_state_distance |            2.13 |
|           Metric/self_state_action_distance |         0.00372 |
|          Metric/cross_state_action_distance |            2.84 |
|             Metric/avg_self_state_asymmetry |               0 |
|            Metric/avg_cross_state_asymmetry |          0.0248 |
|                Metric/avg_self_sa_asymmetry |               0 |
|               Metric/avg_cross_sa_asymmetry |           0.028 |
|  Metric/self_state_action_to_state_distance |        0.000596 |
| Metric/cross_state_action_to_state_distance |            2.83 |
|                   Metric/h_lambda_diff_self |         0.00344 |
|                  Metric/h_lambda_diff_cross |          0.0323 |
|                                 Eval/Return |             416 |
-----------------------------------------------------------------
-----------------------------------------------------------------
|                                 Train/Steps |        2.06e+06 |
|                            Loss/Loss_critic |          0.0629 |
|                             Loss/Loss_actor |           -34.1 |
|                             Loss/Loss_alpha |        0.000389 |
|               Loss/Loss_state_action_metric |            2.03 |
|                      Loss/Loss_state_metric |            1.05 |
|             Loss/Loss_state_action_to_state |        0.000828 |
|                           Loss/Act_rep_loss |        0.000656 |
|                                   SAC/Alpha |         0.00339 |
|                              SAC/LogPi_mean |            2.43 |
|                                 SAC/Q1_mean |            34.1 |
|                                 SAC/Q2_mean |            34.1 |
|                            Norm/actor_model |             131 |
|                           Norm/critic_model |             164 |
|              Norm/state_action_metric_model |            71.6 |
|                     Norm/state_metric_model |             100 |
|        Norm/state_action_state_metric_model |            70.2 |
|                  Metric/self_state_distance |         0.00109 |
|                 Metric/cross_state_distance |            2.22 |
|           Metric/self_state_action_distance |        0.000885 |
|          Metric/cross_state_action_distance |            2.94 |
|             Metric/avg_self_state_asymmetry |               0 |
|            Metric/avg_cross_state_asymmetry |          0.0275 |
|                Metric/avg_self_sa_asymmetry |               0 |
|               Metric/avg_cross_sa_asymmetry |          0.0282 |
|  Metric/self_state_action_to_state_distance |        0.000358 |
| Metric/cross_state_action_to_state_distance |            2.93 |
|                   Metric/h_lambda_diff_self |        0.000727 |
|                  Metric/h_lambda_diff_cross |          0.0289 |
|                                 Eval/Return |             423 |
-----------------------------------------------------------------
[32mSaving model …[0m
[32mDone.[0m
[32mSaving model …[0m
[32mDone.[0m
-----------------------------------------------------------------
|                                 Train/Steps |        2.18e+06 |
|                            Loss/Loss_critic |          0.0471 |
|                             Loss/Loss_actor |           -31.6 |
|                             Loss/Loss_alpha |        0.000501 |
|               Loss/Loss_state_action_metric |            1.89 |
|                      Loss/Loss_state_metric |            0.96 |
|             Loss/Loss_state_action_to_state |        0.000674 |
|                           Loss/Act_rep_loss |           0.002 |
|                                   SAC/Alpha |         0.00359 |
|                              SAC/LogPi_mean |            2.54 |
|                                 SAC/Q1_mean |            31.6 |
|                                 SAC/Q2_mean |            31.6 |
|                            Norm/actor_model |             134 |
|                           Norm/critic_model |             169 |
|              Norm/state_action_metric_model |            73.8 |
|                     Norm/state_metric_model |             106 |
|        Norm/state_action_state_metric_model |            72.2 |
|                  Metric/self_state_distance |         0.00179 |
|                 Metric/cross_state_distance |             2.1 |
|           Metric/self_state_action_distance |         0.00532 |
|          Metric/cross_state_action_distance |            2.79 |
|             Metric/avg_self_state_asymmetry |               0 |
|            Metric/avg_cross_state_asymmetry |          0.0161 |
|                Metric/avg_self_sa_asymmetry |               0 |
|               Metric/avg_cross_sa_asymmetry |          0.0229 |
|  Metric/self_state_action_to_state_distance |         0.00126 |
| Metric/cross_state_action_to_state_distance |            2.79 |
|                   Metric/h_lambda_diff_self |         0.00434 |
|                  Metric/h_lambda_diff_cross |          0.0256 |
|                                 Eval/Return |             403 |
-----------------------------------------------------------------
-----------------------------------------------------------------
|                                 Train/Steps |        2.31e+06 |
|                            Loss/Loss_critic |           0.063 |
|                             Loss/Loss_actor |           -36.1 |
|                             Loss/Loss_alpha |        -0.00207 |
|               Loss/Loss_state_action_metric |            2.17 |
|                      Loss/Loss_state_metric |            1.03 |
|             Loss/Loss_state_action_to_state |         0.00131 |
|                           Loss/Act_rep_loss |         0.00131 |
|                                   SAC/Alpha |         0.00354 |
|                              SAC/LogPi_mean |            3.01 |
|                                 SAC/Q1_mean |            36.1 |
|                                 SAC/Q2_mean |            36.1 |
|                            Norm/actor_model |             137 |
|                           Norm/critic_model |             173 |
|              Norm/state_action_metric_model |              76 |
|                     Norm/state_metric_model |             112 |
|        Norm/state_action_state_metric_model |              74 |
|                  Metric/self_state_distance |        0.000845 |
|                 Metric/cross_state_distance |            2.24 |
|           Metric/self_state_action_distance |          0.0164 |
|          Metric/cross_state_action_distance |            3.07 |
|             Metric/avg_self_state_asymmetry |               0 |
|            Metric/avg_cross_state_asymmetry |          0.0263 |
|                Metric/avg_self_sa_asymmetry |               0 |
|               Metric/avg_cross_sa_asymmetry |          0.0344 |
|  Metric/self_state_action_to_state_distance |        0.000472 |
| Metric/cross_state_action_to_state_distance |            3.06 |
|                   Metric/h_lambda_diff_self |          0.0166 |
|                  Metric/h_lambda_diff_cross |           0.031 |
|                                 Eval/Return |             470 |
-----------------------------------------------------------------
-----------------------------------------------------------------
|                                 Train/Steps |        2.44e+06 |
|                            Loss/Loss_critic |          0.0562 |
|                             Loss/Loss_actor |           -36.4 |
|                             Loss/Loss_alpha |        0.000637 |
|               Loss/Loss_state_action_metric |             2.1 |
|                      Loss/Loss_state_metric |            1.01 |
|             Loss/Loss_state_action_to_state |        0.000762 |
|                           Loss/Act_rep_loss |        0.000955 |
|                                   SAC/Alpha |         0.00371 |
|                              SAC/LogPi_mean |            2.22 |
|                                 SAC/Q1_mean |            36.4 |
|                                 SAC/Q2_mean |            36.4 |
|                            Norm/actor_model |             140 |
|                           Norm/critic_model |             177 |
|              Norm/state_action_metric_model |            78.2 |
|                     Norm/state_metric_model |             118 |
|        Norm/state_action_state_metric_model |              76 |
|                  Metric/self_state_distance |        0.000691 |
|                 Metric/cross_state_distance |            2.22 |
|           Metric/self_state_action_distance |         0.00558 |
|          Metric/cross_state_action_distance |            2.99 |
|             Metric/avg_self_state_asymmetry |               0 |
|            Metric/avg_cross_state_asymmetry |          0.0209 |
|                Metric/avg_self_sa_asymmetry |               0 |
|               Metric/avg_cross_sa_asymmetry |           0.032 |
|  Metric/self_state_action_to_state_distance |          0.0006 |
| Metric/cross_state_action_to_state_distance |            2.99 |
|                   Metric/h_lambda_diff_self |         0.00522 |
|                  Metric/h_lambda_diff_cross |          0.0287 |
|                                 Eval/Return |             385 |
-----------------------------------------------------------------
-----------------------------------------------------------------
|                                 Train/Steps |        2.57e+06 |
|                            Loss/Loss_critic |          0.0656 |
|                             Loss/Loss_actor |             -37 |
|                             Loss/Loss_alpha |       -0.000629 |
|               Loss/Loss_state_action_metric |            2.24 |
|                      Loss/Loss_state_metric |            1.03 |
|             Loss/Loss_state_action_to_state |        0.000927 |
|                           Loss/Act_rep_loss |          0.0019 |
|                                   SAC/Alpha |         0.00355 |
|                              SAC/LogPi_mean |            2.53 |
|                                 SAC/Q1_mean |              37 |
|                                 SAC/Q2_mean |            37.1 |
|                            Norm/actor_model |             143 |
|                           Norm/critic_model |             181 |
|              Norm/state_action_metric_model |            80.6 |
|                     Norm/state_metric_model |             123 |
|        Norm/state_action_state_metric_model |            77.8 |
|                  Metric/self_state_distance |         0.00145 |
|                 Metric/cross_state_distance |            2.21 |
|           Metric/self_state_action_distance |         0.00226 |
|          Metric/cross_state_action_distance |            3.07 |
|             Metric/avg_self_state_asymmetry |               0 |
|            Metric/avg_cross_state_asymmetry |          0.0175 |
|                Metric/avg_self_sa_asymmetry |               0 |
|               Metric/avg_cross_sa_asymmetry |           0.032 |
|  Metric/self_state_action_to_state_distance |         0.00056 |
| Metric/cross_state_action_to_state_distance |            3.07 |
|                   Metric/h_lambda_diff_self |          0.0019 |
|                  Metric/h_lambda_diff_cross |          0.0316 |
|                                 Eval/Return |             448 |
-----------------------------------------------------------------
-----------------------------------------------------------------
|                                 Train/Steps |         2.7e+06 |
|                            Loss/Loss_critic |          0.0402 |
|                             Loss/Loss_actor |           -38.2 |
|                             Loss/Loss_alpha |       -0.000289 |
|               Loss/Loss_state_action_metric |            2.13 |
|                      Loss/Loss_state_metric |            1.12 |
|             Loss/Loss_state_action_to_state |        0.000918 |
|                           Loss/Act_rep_loss |               0 |
|                                   SAC/Alpha |         0.00383 |
|                              SAC/LogPi_mean |            2.53 |
|                                 SAC/Q1_mean |            38.2 |
|                                 SAC/Q2_mean |            38.2 |
|                            Norm/actor_model |             146 |
|                           Norm/critic_model |             185 |
|              Norm/state_action_metric_model |            82.6 |
|                     Norm/state_metric_model |             129 |
|        Norm/state_action_state_metric_model |            79.5 |
|                  Metric/self_state_distance |        0.000613 |
|                 Metric/cross_state_distance |            2.31 |
|           Metric/self_state_action_distance |          0.0126 |
|          Metric/cross_state_action_distance |            2.98 |
|             Metric/avg_self_state_asymmetry |               0 |
|            Metric/avg_cross_state_asymmetry |          0.0264 |
|                Metric/avg_self_sa_asymmetry |               0 |
|               Metric/avg_cross_sa_asymmetry |          0.0249 |
|  Metric/self_state_action_to_state_distance |         0.00149 |
| Metric/cross_state_action_to_state_distance |            2.97 |
|                   Metric/h_lambda_diff_self |          0.0127 |
|                  Metric/h_lambda_diff_cross |           0.027 |
|                                 Eval/Return |             442 |
-----------------------------------------------------------------
-----------------------------------------------------------------
|                                 Train/Steps |        2.82e+06 |
|                            Loss/Loss_critic |            0.04 |
|                             Loss/Loss_actor |             -40 |
|                             Loss/Loss_alpha |        -0.00106 |
|               Loss/Loss_state_action_metric |            2.63 |
|                      Loss/Loss_state_metric |            1.31 |
|             Loss/Loss_state_action_to_state |        0.000809 |
|                           Loss/Act_rep_loss |        0.000205 |
|                                   SAC/Alpha |         0.00372 |
|                              SAC/LogPi_mean |            2.71 |
|                                 SAC/Q1_mean |              40 |
|                                 SAC/Q2_mean |              40 |
|                            Norm/actor_model |             149 |
|                           Norm/critic_model |             188 |
|              Norm/state_action_metric_model |              85 |
|                     Norm/state_metric_model |             134 |
|        Norm/state_action_state_metric_model |            81.3 |
|                  Metric/self_state_distance |         0.00109 |
|                 Metric/cross_state_distance |            2.51 |
|           Metric/self_state_action_distance |         0.00205 |
|          Metric/cross_state_action_distance |            3.37 |
|             Metric/avg_self_state_asymmetry |               0 |
|            Metric/avg_cross_state_asymmetry |          0.0234 |
|                Metric/avg_self_sa_asymmetry |               0 |
|               Metric/avg_cross_sa_asymmetry |          0.0263 |
|  Metric/self_state_action_to_state_distance |        0.000878 |
| Metric/cross_state_action_to_state_distance |            3.36 |
|                   Metric/h_lambda_diff_self |         0.00175 |
|                  Metric/h_lambda_diff_cross |          0.0341 |
|                                 Eval/Return |             397 |
-----------------------------------------------------------------
-----------------------------------------------------------------
|                                 Train/Steps |        2.95e+06 |
|                            Loss/Loss_critic |          0.0505 |
|                             Loss/Loss_actor |           -36.4 |
|                             Loss/Loss_alpha |       -0.000804 |
|               Loss/Loss_state_action_metric |            2.19 |
|                      Loss/Loss_state_metric |            1.27 |
|             Loss/Loss_state_action_to_state |        0.000502 |
|                           Loss/Act_rep_loss |        1.82e-05 |
|                                   SAC/Alpha |         0.00336 |
|                              SAC/LogPi_mean |            2.55 |
|                                 SAC/Q1_mean |            36.4 |
|                                 SAC/Q2_mean |            36.4 |
|                            Norm/actor_model |             152 |
|                           Norm/critic_model |             192 |
|              Norm/state_action_metric_model |            87.1 |
|                     Norm/state_metric_model |             140 |
|        Norm/state_action_state_metric_model |            83.1 |
|                  Metric/self_state_distance |        0.000474 |
|                 Metric/cross_state_distance |            2.43 |
|           Metric/self_state_action_distance |         0.00291 |
|          Metric/cross_state_action_distance |            3.05 |
|             Metric/avg_self_state_asymmetry |               0 |
|            Metric/avg_cross_state_asymmetry |          0.0313 |
|                Metric/avg_self_sa_asymmetry |               0 |
|               Metric/avg_cross_sa_asymmetry |          0.0302 |
|  Metric/self_state_action_to_state_distance |        0.000414 |
| Metric/cross_state_action_to_state_distance |            3.06 |
|                   Metric/h_lambda_diff_self |         0.00266 |
|                  Metric/h_lambda_diff_cross |          0.0269 |
|                                 Eval/Return |             385 |
-----------------------------------------------------------------
-----------------------------------------------------------------
|                                 Train/Steps |        3.08e+06 |
|                            Loss/Loss_critic |          0.0323 |
|                             Loss/Loss_actor |           -38.6 |
|                             Loss/Loss_alpha |       -0.000567 |
|               Loss/Loss_state_action_metric |            2.22 |
|                      Loss/Loss_state_metric |            1.09 |
|             Loss/Loss_state_action_to_state |        0.000385 |
|                           Loss/Act_rep_loss |        0.000105 |
|                                   SAC/Alpha |         0.00342 |
|                              SAC/LogPi_mean |            2.58 |
|                                 SAC/Q1_mean |            38.6 |
|                                 SAC/Q2_mean |            38.6 |
|                            Norm/actor_model |             154 |
|                           Norm/critic_model |             195 |
|              Norm/state_action_metric_model |            89.3 |
|                     Norm/state_metric_model |             147 |
|        Norm/state_action_state_metric_model |            84.6 |
|                  Metric/self_state_distance |        0.000927 |
|                 Metric/cross_state_distance |            2.26 |
|           Metric/self_state_action_distance |         0.00185 |
|          Metric/cross_state_action_distance |            2.98 |
|             Metric/avg_self_state_asymmetry |               0 |
|            Metric/avg_cross_state_asymmetry |          0.0151 |
|                Metric/avg_self_sa_asymmetry |               0 |
|               Metric/avg_cross_sa_asymmetry |          0.0204 |
|  Metric/self_state_action_to_state_distance |        0.000163 |
| Metric/cross_state_action_to_state_distance |            2.99 |
|                   Metric/h_lambda_diff_self |         0.00173 |
|                  Metric/h_lambda_diff_cross |          0.0253 |
|                                 Eval/Return |             494 |
-----------------------------------------------------------------
[32mSaving model …[0m
[32mDone.[0m
[32mSaving model …[0m
[32mDone.[0m
-----------------------------------------------------------------
|                                 Train/Steps |        3.21e+06 |
|                            Loss/Loss_critic |           0.037 |
|                             Loss/Loss_actor |           -37.2 |
|                             Loss/Loss_alpha |         0.00024 |
|               Loss/Loss_state_action_metric |             1.9 |
|                      Loss/Loss_state_metric |            0.87 |
|             Loss/Loss_state_action_to_state |        0.000494 |
|                           Loss/Act_rep_loss |         0.00136 |
|                                   SAC/Alpha |          0.0033 |
|                              SAC/LogPi_mean |            2.33 |
|                                 SAC/Q1_mean |            37.2 |
|                                 SAC/Q2_mean |            37.2 |
|                            Norm/actor_model |             157 |
|                           Norm/critic_model |             199 |
|              Norm/state_action_metric_model |            91.3 |
|                     Norm/state_metric_model |             153 |
|        Norm/state_action_state_metric_model |              86 |
|                  Metric/self_state_distance |         0.00207 |
|                 Metric/cross_state_distance |            2.07 |
|           Metric/self_state_action_distance |          0.0285 |
|          Metric/cross_state_action_distance |            2.87 |
|             Metric/avg_self_state_asymmetry |               0 |
|            Metric/avg_cross_state_asymmetry |          0.0399 |
|                Metric/avg_self_sa_asymmetry |               0 |
|               Metric/avg_cross_sa_asymmetry |          0.0235 |
|  Metric/self_state_action_to_state_distance |         0.00055 |
| Metric/cross_state_action_to_state_distance |            2.87 |
|                   Metric/h_lambda_diff_self |           0.028 |
|                  Metric/h_lambda_diff_cross |          0.0247 |
|                                 Eval/Return |             425 |
-----------------------------------------------------------------
-----------------------------------------------------------------
|                                 Train/Steps |        3.34e+06 |
|                            Loss/Loss_critic |          0.0298 |
|                             Loss/Loss_actor |           -39.7 |
|                             Loss/Loss_alpha |         0.00115 |
|               Loss/Loss_state_action_metric |            2.29 |
|                      Loss/Loss_state_metric |            1.12 |
|             Loss/Loss_state_action_to_state |         0.00051 |
|                           Loss/Act_rep_loss |        0.000727 |
|                                   SAC/Alpha |          0.0034 |
|                              SAC/LogPi_mean |            2.16 |
|                                 SAC/Q1_mean |            39.7 |
|                                 SAC/Q2_mean |            39.8 |
|                            Norm/actor_model |             159 |
|                           Norm/critic_model |             202 |
|              Norm/state_action_metric_model |              93 |
|                     Norm/state_metric_model |             159 |
|        Norm/state_action_state_metric_model |            87.3 |
|                  Metric/self_state_distance |         0.00127 |
|                 Metric/cross_state_distance |            2.28 |
|           Metric/self_state_action_distance |         0.00458 |
|          Metric/cross_state_action_distance |            3.03 |
|             Metric/avg_self_state_asymmetry |               0 |
|            Metric/avg_cross_state_asymmetry |          0.0137 |
|                Metric/avg_self_sa_asymmetry |               0 |
|               Metric/avg_cross_sa_asymmetry |          0.0205 |
|  Metric/self_state_action_to_state_distance |        0.000277 |
| Metric/cross_state_action_to_state_distance |            3.02 |
|                   Metric/h_lambda_diff_self |         0.00431 |
|                  Metric/h_lambda_diff_cross |          0.0256 |
|                                 Eval/Return |             415 |
-----------------------------------------------------------------
-----------------------------------------------------------------
|                                 Train/Steps |        3.46e+06 |
|                            Loss/Loss_critic |          0.0299 |
|                             Loss/Loss_actor |             -38 |
|                             Loss/Loss_alpha |       -0.000397 |
|               Loss/Loss_state_action_metric |            2.41 |
|                      Loss/Loss_state_metric |            1.31 |
|             Loss/Loss_state_action_to_state |         0.00118 |
|                           Loss/Act_rep_loss |        1.25e-06 |
|                                   SAC/Alpha |         0.00334 |
|                              SAC/LogPi_mean |            2.57 |
|                                 SAC/Q1_mean |              38 |
|                                 SAC/Q2_mean |              38 |
|                            Norm/actor_model |             162 |
|                           Norm/critic_model |             205 |
|              Norm/state_action_metric_model |            95.1 |
|                     Norm/state_metric_model |             165 |
|        Norm/state_action_state_metric_model |            88.8 |
|                  Metric/self_state_distance |         0.00045 |
|                 Metric/cross_state_distance |            2.52 |
|           Metric/self_state_action_distance |         0.00403 |
|          Metric/cross_state_action_distance |             3.3 |
|             Metric/avg_self_state_asymmetry |               0 |
|            Metric/avg_cross_state_asymmetry |          0.0211 |
|                Metric/avg_self_sa_asymmetry |               0 |
|               Metric/avg_cross_sa_asymmetry |          0.0229 |
|  Metric/self_state_action_to_state_distance |         0.00334 |
| Metric/cross_state_action_to_state_distance |            3.27 |
|                   Metric/h_lambda_diff_self |          0.0065 |
|                  Metric/h_lambda_diff_cross |          0.0372 |
|                                 Eval/Return |             467 |
-----------------------------------------------------------------
-----------------------------------------------------------------
|                                 Train/Steps |        3.59e+06 |
|                            Loss/Loss_critic |          0.0733 |
|                             Loss/Loss_actor |           -40.4 |
|                             Loss/Loss_alpha |       -0.000215 |
|               Loss/Loss_state_action_metric |            2.39 |
|                      Loss/Loss_state_metric |            1.17 |
|             Loss/Loss_state_action_to_state |        0.000658 |
|                           Loss/Act_rep_loss |        0.000616 |
|                                   SAC/Alpha |          0.0032 |
|                              SAC/LogPi_mean |            2.49 |
|                                 SAC/Q1_mean |            40.4 |
|                                 SAC/Q2_mean |            40.4 |
|                            Norm/actor_model |             164 |
|                           Norm/critic_model |             208 |
|              Norm/state_action_metric_model |            97.2 |
|                     Norm/state_metric_model |             171 |
|        Norm/state_action_state_metric_model |            90.3 |
|                  Metric/self_state_distance |        0.000624 |
|                 Metric/cross_state_distance |            2.34 |
|           Metric/self_state_action_distance |         0.00572 |
|          Metric/cross_state_action_distance |            3.07 |
|             Metric/avg_self_state_asymmetry |               0 |
|            Metric/avg_cross_state_asymmetry |          0.0155 |
|                Metric/avg_self_sa_asymmetry |               0 |
|               Metric/avg_cross_sa_asymmetry |           0.021 |
|  Metric/self_state_action_to_state_distance |        0.000312 |
| Metric/cross_state_action_to_state_distance |            3.09 |
|                   Metric/h_lambda_diff_self |         0.00543 |
|                  Metric/h_lambda_diff_cross |          0.0361 |
|                                 Eval/Return |             436 |
-----------------------------------------------------------------
-----------------------------------------------------------------
|                                 Train/Steps |        3.72e+06 |
|                            Loss/Loss_critic |          0.0323 |
|                             Loss/Loss_actor |           -42.4 |
|                             Loss/Loss_alpha |       -0.000302 |
|               Loss/Loss_state_action_metric |            2.98 |
|                      Loss/Loss_state_metric |            1.39 |
|             Loss/Loss_state_action_to_state |        0.000554 |
|                           Loss/Act_rep_loss |        0.000309 |
|                                   SAC/Alpha |         0.00328 |
|                              SAC/LogPi_mean |            2.78 |
|                                 SAC/Q1_mean |            42.5 |
|                                 SAC/Q2_mean |            42.4 |
|                            Norm/actor_model |             167 |
|                           Norm/critic_model |             212 |
|              Norm/state_action_metric_model |            99.1 |
|                     Norm/state_metric_model |             177 |
|        Norm/state_action_state_metric_model |            91.7 |
|                  Metric/self_state_distance |         0.00153 |
|                 Metric/cross_state_distance |            2.57 |
|           Metric/self_state_action_distance |        0.000603 |
|          Metric/cross_state_action_distance |            3.47 |
|             Metric/avg_self_state_asymmetry |               0 |
|            Metric/avg_cross_state_asymmetry |          0.0161 |
|                Metric/avg_self_sa_asymmetry |               0 |
|               Metric/avg_cross_sa_asymmetry |          0.0222 |
|  Metric/self_state_action_to_state_distance |        0.000202 |
| Metric/cross_state_action_to_state_distance |            3.45 |
|                   Metric/h_lambda_diff_self |        0.000456 |
|                  Metric/h_lambda_diff_cross |          0.0278 |
|                                 Eval/Return |             456 |
-----------------------------------------------------------------
-----------------------------------------------------------------
|                                 Train/Steps |        3.85e+06 |
|                            Loss/Loss_critic |           0.058 |
|                             Loss/Loss_actor |             -44 |
|                             Loss/Loss_alpha |        -0.00136 |
|               Loss/Loss_state_action_metric |            2.44 |
|                      Loss/Loss_state_metric |            1.26 |
|             Loss/Loss_state_action_to_state |        0.000768 |
|                           Loss/Act_rep_loss |         3.6e-05 |
|                                   SAC/Alpha |         0.00327 |
|                              SAC/LogPi_mean |            2.86 |
|                                 SAC/Q1_mean |              44 |
|                                 SAC/Q2_mean |            44.1 |
|                            Norm/actor_model |             169 |
|                           Norm/critic_model |             215 |
|              Norm/state_action_metric_model |             101 |
|                     Norm/state_metric_model |             182 |
|        Norm/state_action_state_metric_model |            93.2 |
|                  Metric/self_state_distance |        0.000943 |
|                 Metric/cross_state_distance |            2.47 |
|           Metric/self_state_action_distance |         0.00181 |
|          Metric/cross_state_action_distance |            3.27 |
|             Metric/avg_self_state_asymmetry |               0 |
|            Metric/avg_cross_state_asymmetry |          0.0184 |
|                Metric/avg_self_sa_asymmetry |               0 |
|               Metric/avg_cross_sa_asymmetry |          0.0213 |
|  Metric/self_state_action_to_state_distance |        0.000258 |
| Metric/cross_state_action_to_state_distance |            3.29 |
|                   Metric/h_lambda_diff_self |         0.00161 |
|                  Metric/h_lambda_diff_cross |          0.0291 |
|                                 Eval/Return |             471 |
-----------------------------------------------------------------
-----------------------------------------------------------------
|                                 Train/Steps |        3.98e+06 |
|                            Loss/Loss_critic |          0.0313 |
|                             Loss/Loss_actor |           -41.2 |
|                             Loss/Loss_alpha |        -0.00087 |
|               Loss/Loss_state_action_metric |            2.66 |
|                      Loss/Loss_state_metric |            1.25 |
|             Loss/Loss_state_action_to_state |        0.000579 |
|                           Loss/Act_rep_loss |         0.00112 |
|                                   SAC/Alpha |         0.00314 |
|                              SAC/LogPi_mean |            2.62 |
|                                 SAC/Q1_mean |            41.2 |
|                                 SAC/Q2_mean |            41.3 |
|                            Norm/actor_model |             172 |
|                           Norm/critic_model |             218 |
|              Norm/state_action_metric_model |             103 |
|                     Norm/state_metric_model |             187 |
|        Norm/state_action_state_metric_model |            94.6 |
|                  Metric/self_state_distance |         0.00117 |
|                 Metric/cross_state_distance |            2.41 |
|           Metric/self_state_action_distance |         0.00105 |
|          Metric/cross_state_action_distance |            3.29 |
|             Metric/avg_self_state_asymmetry |               0 |
|            Metric/avg_cross_state_asymmetry |          0.0137 |
|                Metric/avg_self_sa_asymmetry |               0 |
|               Metric/avg_cross_sa_asymmetry |          0.0249 |
|  Metric/self_state_action_to_state_distance |        0.000151 |
| Metric/cross_state_action_to_state_distance |            3.29 |
|                   Metric/h_lambda_diff_self |        0.000935 |
|                  Metric/h_lambda_diff_cross |          0.0259 |
|                                 Eval/Return |             500 |
-----------------------------------------------------------------
-----------------------------------------------------------------
|                                 Train/Steps |         4.1e+06 |
|                            Loss/Loss_critic |          0.0361 |
|                             Loss/Loss_actor |           -42.4 |
|                             Loss/Loss_alpha |        -0.00184 |
|               Loss/Loss_state_action_metric |             2.7 |
|                      Loss/Loss_state_metric |            1.35 |
|             Loss/Loss_state_action_to_state |         0.00061 |
|                           Loss/Act_rep_loss |        0.000297 |
|                                   SAC/Alpha |         0.00303 |
|                              SAC/LogPi_mean |             3.2 |
|                                 SAC/Q1_mean |            42.4 |
|                                 SAC/Q2_mean |            42.5 |
|                            Norm/actor_model |             174 |
|                           Norm/critic_model |             221 |
|              Norm/state_action_metric_model |             105 |
|                     Norm/state_metric_model |             191 |
|        Norm/state_action_state_metric_model |            95.9 |
|                  Metric/self_state_distance |        0.000536 |
|                 Metric/cross_state_distance |            2.51 |
|           Metric/self_state_action_distance |         0.00596 |
|          Metric/cross_state_action_distance |            3.36 |
|             Metric/avg_self_state_asymmetry |               0 |
|            Metric/avg_cross_state_asymmetry |          0.0153 |
|                Metric/avg_self_sa_asymmetry |               0 |
|               Metric/avg_cross_sa_asymmetry |          0.0217 |
|  Metric/self_state_action_to_state_distance |        0.000162 |
| Metric/cross_state_action_to_state_distance |            3.36 |
|                   Metric/h_lambda_diff_self |         0.00583 |
|                  Metric/h_lambda_diff_cross |           0.028 |
|                                 Eval/Return |             450 |
-----------------------------------------------------------------
[32mSaving model …[0m
[32mDone.[0m
[32mSaving model …[0m
[32mDone.[0m
-----------------------------------------------------------------
|                                 Train/Steps |        4.23e+06 |
|                            Loss/Loss_critic |          0.0223 |
|                             Loss/Loss_actor |           -45.9 |
|                             Loss/Loss_alpha |        -0.00273 |
|               Loss/Loss_state_action_metric |            2.63 |
|                      Loss/Loss_state_metric |            1.34 |
|             Loss/Loss_state_action_to_state |        0.000407 |
|                           Loss/Act_rep_loss |         0.00103 |
|                                   SAC/Alpha |         0.00287 |
|                              SAC/LogPi_mean |            3.43 |
|                                 SAC/Q1_mean |            45.9 |
|                                 SAC/Q2_mean |            45.9 |
|                            Norm/actor_model |             176 |
|                           Norm/critic_model |             223 |
|              Norm/state_action_metric_model |             107 |
|                     Norm/state_metric_model |             196 |
|        Norm/state_action_state_metric_model |            97.3 |
|                  Metric/self_state_distance |         0.00242 |
|                 Metric/cross_state_distance |            2.51 |
|           Metric/self_state_action_distance |         0.00146 |
|          Metric/cross_state_action_distance |            3.41 |
|             Metric/avg_self_state_asymmetry |               0 |
|            Metric/avg_cross_state_asymmetry |          0.0128 |
|                Metric/avg_self_sa_asymmetry |               0 |
|               Metric/avg_cross_sa_asymmetry |          0.0244 |
|  Metric/self_state_action_to_state_distance |        0.000375 |
| Metric/cross_state_action_to_state_distance |            3.42 |
|                   Metric/h_lambda_diff_self |         0.00153 |
|                  Metric/h_lambda_diff_cross |          0.0268 |
|                                 Eval/Return |             471 |
-----------------------------------------------------------------
-----------------------------------------------------------------
|                                 Train/Steps |        4.36e+06 |
|                            Loss/Loss_critic |          0.0262 |
|                             Loss/Loss_actor |             -46 |
|                             Loss/Loss_alpha |       -0.000109 |
|               Loss/Loss_state_action_metric |            2.47 |
|                      Loss/Loss_state_metric |            1.17 |
|             Loss/Loss_state_action_to_state |         0.00049 |
|                           Loss/Act_rep_loss |        0.000423 |
|                                   SAC/Alpha |         0.00278 |
|                              SAC/LogPi_mean |            2.54 |
|                                 SAC/Q1_mean |              46 |
|                                 SAC/Q2_mean |              46 |
|                            Norm/actor_model |             178 |
|                           Norm/critic_model |             226 |
|              Norm/state_action_metric_model |             109 |
|                     Norm/state_metric_model |             201 |
|        Norm/state_action_state_metric_model |            98.7 |
|                  Metric/self_state_distance |          0.0015 |
|                 Metric/cross_state_distance |            2.37 |
|           Metric/self_state_action_distance |         0.00182 |
|          Metric/cross_state_action_distance |            3.33 |
|             Metric/avg_self_state_asymmetry |               0 |
|            Metric/avg_cross_state_asymmetry |          0.0167 |
|                Metric/avg_self_sa_asymmetry |               0 |
|               Metric/avg_cross_sa_asymmetry |          0.0234 |
|  Metric/self_state_action_to_state_distance |        0.000472 |
| Metric/cross_state_action_to_state_distance |            3.33 |
|                   Metric/h_lambda_diff_self |         0.00224 |
|                  Metric/h_lambda_diff_cross |          0.0266 |
|                                 Eval/Return |             487 |
-----------------------------------------------------------------
-----------------------------------------------------------------
|                                 Train/Steps |        4.49e+06 |
|                            Loss/Loss_critic |           0.021 |
|                             Loss/Loss_actor |           -47.9 |
|                             Loss/Loss_alpha |        -0.00067 |
|               Loss/Loss_state_action_metric |            2.75 |
|                      Loss/Loss_state_metric |            1.29 |
|             Loss/Loss_state_action_to_state |        0.000403 |
|                           Loss/Act_rep_loss |          0.0035 |
|                                   SAC/Alpha |         0.00262 |
|                              SAC/LogPi_mean |            2.67 |
|                                 SAC/Q1_mean |            47.9 |
|                                 SAC/Q2_mean |            47.9 |
|                            Norm/actor_model |             180 |
|                           Norm/critic_model |             228 |
|              Norm/state_action_metric_model |             111 |
|                     Norm/state_metric_model |             207 |
|        Norm/state_action_state_metric_model |             100 |
|                  Metric/self_state_distance |         0.00225 |
|                 Metric/cross_state_distance |            2.48 |
|           Metric/self_state_action_distance |          0.0018 |
|          Metric/cross_state_action_distance |            3.45 |
|             Metric/avg_self_state_asymmetry |               0 |
|            Metric/avg_cross_state_asymmetry |          0.0246 |
|                Metric/avg_self_sa_asymmetry |               0 |
|               Metric/avg_cross_sa_asymmetry |          0.0222 |
|  Metric/self_state_action_to_state_distance |        0.000824 |
| Metric/cross_state_action_to_state_distance |            3.45 |
|                   Metric/h_lambda_diff_self |         0.00144 |
|                  Metric/h_lambda_diff_cross |          0.0214 |
|                                 Eval/Return |             540 |
-----------------------------------------------------------------
-----------------------------------------------------------------
|                                 Train/Steps |        4.62e+06 |
|                            Loss/Loss_critic |          0.0271 |
|                             Loss/Loss_actor |           -48.8 |
|                             Loss/Loss_alpha |        0.000193 |
|               Loss/Loss_state_action_metric |            2.79 |
|                      Loss/Loss_state_metric |            1.52 |
|             Loss/Loss_state_action_to_state |         0.00041 |
|                           Loss/Act_rep_loss |        0.000149 |
|                                   SAC/Alpha |         0.00231 |
|                              SAC/LogPi_mean |            2.42 |
|                                 SAC/Q1_mean |            48.8 |
|                                 SAC/Q2_mean |            48.8 |
|                            Norm/actor_model |             182 |
|                           Norm/critic_model |             231 |
|              Norm/state_action_metric_model |             112 |
|                     Norm/state_metric_model |             214 |
|        Norm/state_action_state_metric_model |             101 |
|                  Metric/self_state_distance |        0.000424 |
|                 Metric/cross_state_distance |             2.7 |
|           Metric/self_state_action_distance |         0.00129 |
|          Metric/cross_state_action_distance |            3.61 |
|             Metric/avg_self_state_asymmetry |               0 |
|            Metric/avg_cross_state_asymmetry |          0.0196 |
|                Metric/avg_self_sa_asymmetry |               0 |
|               Metric/avg_cross_sa_asymmetry |           0.021 |
|  Metric/self_state_action_to_state_distance |         0.00014 |
| Metric/cross_state_action_to_state_distance |            3.59 |
|                   Metric/h_lambda_diff_self |         0.00127 |
|                  Metric/h_lambda_diff_cross |          0.0287 |
|                                 Eval/Return |             570 |
-----------------------------------------------------------------
-----------------------------------------------------------------
|                                 Train/Steps |        4.74e+06 |
|                            Loss/Loss_critic |          0.0247 |
|                             Loss/Loss_actor |           -49.4 |
|                             Loss/Loss_alpha |       -0.000104 |
|               Loss/Loss_state_action_metric |             2.8 |
|                      Loss/Loss_state_metric |             1.5 |
|             Loss/Loss_state_action_to_state |        0.000311 |
|                           Loss/Act_rep_loss |        6.82e-05 |
|                                   SAC/Alpha |         0.00244 |
|                              SAC/LogPi_mean |            2.49 |
|                                 SAC/Q1_mean |            49.4 |
|                                 SAC/Q2_mean |            49.4 |
|                            Norm/actor_model |             184 |
|                           Norm/critic_model |             233 |
|              Norm/state_action_metric_model |             114 |
|                     Norm/state_metric_model |             221 |
|        Norm/state_action_state_metric_model |             103 |
|                  Metric/self_state_distance |        0.000219 |
|                 Metric/cross_state_distance |            2.71 |
|           Metric/self_state_action_distance |         0.00132 |
|          Metric/cross_state_action_distance |            3.52 |
|             Metric/avg_self_state_asymmetry |               0 |
|            Metric/avg_cross_state_asymmetry |          0.0313 |
|                Metric/avg_self_sa_asymmetry |               0 |
|               Metric/avg_cross_sa_asymmetry |          0.0182 |
|  Metric/self_state_action_to_state_distance |         0.00036 |
| Metric/cross_state_action_to_state_distance |            3.54 |
|                   Metric/h_lambda_diff_self |          0.0011 |
|                  Metric/h_lambda_diff_cross |          0.0272 |
|                                 Eval/Return |             485 |
-----------------------------------------------------------------
-----------------------------------------------------------------
|                                 Train/Steps |        4.87e+06 |
|                            Loss/Loss_critic |          0.0195 |
|                             Loss/Loss_actor |           -50.9 |
|                             Loss/Loss_alpha |        -0.00065 |
|               Loss/Loss_state_action_metric |            2.74 |
|                      Loss/Loss_state_metric |            1.35 |
|             Loss/Loss_state_action_to_state |        0.000366 |
|                           Loss/Act_rep_loss |        0.000197 |
|                                   SAC/Alpha |         0.00222 |
|                              SAC/LogPi_mean |            2.81 |
|                                 SAC/Q1_mean |            50.9 |
|                                 SAC/Q2_mean |              51 |
|                            Norm/actor_model |             185 |
|                           Norm/critic_model |             235 |
|              Norm/state_action_metric_model |             116 |
|                     Norm/state_metric_model |             228 |
|        Norm/state_action_state_metric_model |             104 |
|                  Metric/self_state_distance |        0.000284 |
|                 Metric/cross_state_distance |            2.57 |
|           Metric/self_state_action_distance |        0.000477 |
|          Metric/cross_state_action_distance |            3.39 |
|             Metric/avg_self_state_asymmetry |               0 |
|            Metric/avg_cross_state_asymmetry |          0.0169 |
|                Metric/avg_self_sa_asymmetry |               0 |
|               Metric/avg_cross_sa_asymmetry |          0.0204 |
|  Metric/self_state_action_to_state_distance |        0.000218 |
| Metric/cross_state_action_to_state_distance |            3.39 |
|                   Metric/h_lambda_diff_self |        0.000501 |
|                  Metric/h_lambda_diff_cross |          0.0212 |
|                                 Eval/Return |             520 |
-----------------------------------------------------------------
-----------------------------------------------------------------
|                                 Train/Steps |           5e+06 |
|                            Loss/Loss_critic |          0.0265 |
|                             Loss/Loss_actor |           -53.2 |
|                             Loss/Loss_alpha |         -0.0007 |
|               Loss/Loss_state_action_metric |            2.79 |
|                      Loss/Loss_state_metric |            1.48 |
|             Loss/Loss_state_action_to_state |        0.000623 |
|                           Loss/Act_rep_loss |        0.000104 |
|                                   SAC/Alpha |         0.00234 |
|                              SAC/LogPi_mean |            2.65 |
|                                 SAC/Q1_mean |            53.3 |
|                                 SAC/Q2_mean |            53.2 |
|                            Norm/actor_model |             187 |
|                           Norm/critic_model |             237 |
|              Norm/state_action_metric_model |             118 |
|                     Norm/state_metric_model |             235 |
|        Norm/state_action_state_metric_model |             106 |
|                  Metric/self_state_distance |        0.000266 |
|                 Metric/cross_state_distance |            2.68 |
|           Metric/self_state_action_distance |         0.00209 |
|          Metric/cross_state_action_distance |            3.63 |
|             Metric/avg_self_state_asymmetry |               0 |
|            Metric/avg_cross_state_asymmetry |          0.0174 |
|                Metric/avg_self_sa_asymmetry |               0 |
|               Metric/avg_cross_sa_asymmetry |          0.0215 |
|  Metric/self_state_action_to_state_distance |        0.000307 |
| Metric/cross_state_action_to_state_distance |            3.62 |
|                   Metric/h_lambda_diff_self |         0.00197 |
|                  Metric/h_lambda_diff_cross |           0.025 |
|                                 Eval/Return |             526 |
-----------------------------------------------------------------
[32mSaving model …[0m
[32mDone.[0m
[32mSaving model …[0m
[32mDone.[0m
