E0924 01:53:38.290039 3301187 cuda_executor.cc:1526] Could not get kernel mode driver version: (INVALID_ARGUMENT: Version does not match the format X.Y.Z)
E0924 01:53:38.298537 3301078 cuda_executor.cc:1526] Could not get kernel mode driver version: (INVALID_ARGUMENT: Version does not match the format X.Y.Z)
[32mStart prefilling replay buffer[0m
[32mStart SAC training[0m
[32m{'log_freq': 1000, 'save_freq': 1000000, 'eval_episode_freq': 10, 'hidden_size': 256, 'lr': 0.001, 'max_grad_norm': 0.0, 'gamma': 0.99, 'update_tau': 0.005, 'train_per_step': 8, 'episode_length': 1000, 'warmup_samples': 8192, 'max_replay_size': 4000000, 'batch_size': 512, 'total_env_steps': 5000000, 'init_temperature': 0.1, 'nstep': 3, 'bootstrap_on_truncation': True, 'rep_lr_scale': 1.5, 'vis_feq': 100000, 'n_vis_frames': 4, 'num_envs': 128, 'grad_steps': 50, 'transfer_freq': 10, 'transfer_steps': 8, 'reward_scaling': 1.0, 'num_eval_envs': 128, 'target_entropy': -1.0}[0m
[32m[nstep] nstep=3 bootstrap_on_truncation=True (discount from the buffer already contains gamma^nstep)[0m
-----------------------------------------------------------------
|                                 Train/Steps |        1.36e+05 |
|                            Loss/Loss_critic |            1.24 |
|                             Loss/Loss_actor |           -54.8 |
|                             Loss/Loss_alpha |       -0.000731 |
|               Loss/Loss_state_action_metric |         0.00469 |
|                      Loss/Loss_state_metric |         0.00278 |
|             Loss/Loss_state_action_to_state |        0.000105 |
|                           Loss/Act_rep_loss |          0.0185 |
|                                   SAC/Alpha |          0.0601 |
|                              SAC/LogPi_mean |            1.03 |
|                                 SAC/Q1_mean |            54.5 |
|                                 SAC/Q2_mean |            54.5 |
|                            Norm/actor_model |            57.6 |
|                           Norm/critic_model |            86.5 |
|              Norm/state_action_metric_model |              30 |
|                     Norm/state_metric_model |            30.4 |
|        Norm/state_action_state_metric_model |            30.7 |
|                  Metric/self_state_distance |          0.0056 |
|                 Metric/cross_state_distance |            1.04 |
|           Metric/self_state_action_distance |         0.00528 |
|          Metric/cross_state_action_distance |            1.03 |
|             Metric/avg_self_state_asymmetry |               0 |
|            Metric/avg_cross_state_asymmetry |         0.00518 |
|                Metric/avg_self_sa_asymmetry |               0 |
|               Metric/avg_cross_sa_asymmetry |         0.00681 |
|  Metric/self_state_action_to_state_distance |         0.00336 |
| Metric/cross_state_action_to_state_distance |            1.04 |
|                   Metric/h_lambda_diff_self |         0.00406 |
|                  Metric/h_lambda_diff_cross |          0.0121 |
|                                 Eval/Return |             936 |
-----------------------------------------------------------------
-----------------------------------------------------------------
|                                 Train/Steps |        2.64e+05 |
|                            Loss/Loss_critic |           0.798 |
|                             Loss/Loss_actor |           -82.3 |
|                             Loss/Loss_alpha |        -0.00233 |
|               Loss/Loss_state_action_metric |         0.00571 |
|                      Loss/Loss_state_metric |         0.00289 |
|             Loss/Loss_state_action_to_state |         7.1e-05 |
|                           Loss/Act_rep_loss |          0.0409 |
|                                   SAC/Alpha |           0.038 |
|                              SAC/LogPi_mean |           0.993 |
|                                 SAC/Q1_mean |            82.2 |
|                                 SAC/Q2_mean |            82.1 |
|                            Norm/actor_model |            72.6 |
|                           Norm/critic_model |             102 |
|              Norm/state_action_metric_model |            30.5 |
|                     Norm/state_metric_model |            31.4 |
|        Norm/state_action_state_metric_model |            32.3 |
|                  Metric/self_state_distance |         0.00151 |
|                 Metric/cross_state_distance |               1 |
|           Metric/self_state_action_distance |           0.004 |
|          Metric/cross_state_action_distance |           0.995 |
|             Metric/avg_self_state_asymmetry |               0 |
|            Metric/avg_cross_state_asymmetry |         0.00402 |
|                Metric/avg_self_sa_asymmetry |               0 |
|               Metric/avg_cross_sa_asymmetry |         0.00454 |
|  Metric/self_state_action_to_state_distance |        0.000525 |
| Metric/cross_state_action_to_state_distance |               1 |
|                   Metric/h_lambda_diff_self |         0.00378 |
|                  Metric/h_lambda_diff_cross |         0.00783 |
|                                 Eval/Return |             962 |
-----------------------------------------------------------------
-----------------------------------------------------------------
|                                 Train/Steps |        3.92e+05 |
|                            Loss/Loss_critic |           0.403 |
|                             Loss/Loss_actor |           -91.1 |
|                             Loss/Loss_alpha |        0.000453 |
|               Loss/Loss_state_action_metric |         0.00478 |
|                      Loss/Loss_state_metric |         0.00339 |
|             Loss/Loss_state_action_to_state |        0.000165 |
|                           Loss/Act_rep_loss |          0.0496 |
|                                   SAC/Alpha |          0.0229 |
|                              SAC/LogPi_mean |           0.952 |
|                                 SAC/Q1_mean |              91 |
|                                 SAC/Q2_mean |            90.9 |
|                            Norm/actor_model |            83.7 |
|                           Norm/critic_model |             109 |
|              Norm/state_action_metric_model |            31.9 |
|                     Norm/state_metric_model |              33 |
|        Norm/state_action_state_metric_model |            33.9 |
|                  Metric/self_state_distance |        0.000508 |
|                 Metric/cross_state_distance |           0.973 |
|           Metric/self_state_action_distance |         0.00648 |
|          Metric/cross_state_action_distance |           0.963 |
|             Metric/avg_self_state_asymmetry |               0 |
|            Metric/avg_cross_state_asymmetry |         0.00339 |
|                Metric/avg_self_sa_asymmetry |               0 |
|               Metric/avg_cross_sa_asymmetry |         0.00327 |
|  Metric/self_state_action_to_state_distance |        0.000377 |
| Metric/cross_state_action_to_state_distance |           0.967 |
|                   Metric/h_lambda_diff_self |         0.00631 |
|                  Metric/h_lambda_diff_cross |         0.00562 |
|                                 Eval/Return |             974 |
-----------------------------------------------------------------
-----------------------------------------------------------------
|                                 Train/Steps |         5.2e+05 |
|                            Loss/Loss_critic |           0.231 |
|                             Loss/Loss_actor |             -95 |
|                             Loss/Loss_alpha |          0.0011 |
|               Loss/Loss_state_action_metric |         0.00391 |
|                      Loss/Loss_state_metric |         0.00208 |
|             Loss/Loss_state_action_to_state |         5.3e-05 |
|                           Loss/Act_rep_loss |          0.0558 |
|                                   SAC/Alpha |          0.0171 |
|                              SAC/LogPi_mean |            1.06 |
|                                 SAC/Q1_mean |              95 |
|                                 SAC/Q2_mean |            94.8 |
|                            Norm/actor_model |            93.6 |
|                           Norm/critic_model |             114 |
|              Norm/state_action_metric_model |            34.3 |
|                     Norm/state_metric_model |            35.4 |
|        Norm/state_action_state_metric_model |            37.4 |
|                  Metric/self_state_distance |        0.000461 |
|                 Metric/cross_state_distance |           0.968 |
|           Metric/self_state_action_distance |        0.000628 |
|          Metric/cross_state_action_distance |           0.962 |
|             Metric/avg_self_state_asymmetry |               0 |
|            Metric/avg_cross_state_asymmetry |         0.00306 |
|                Metric/avg_self_sa_asymmetry |               0 |
|               Metric/avg_cross_sa_asymmetry |         0.00244 |
|  Metric/self_state_action_to_state_distance |         0.00194 |
| Metric/cross_state_action_to_state_distance |            0.96 |
|                   Metric/h_lambda_diff_self |         0.00217 |
|                  Metric/h_lambda_diff_cross |         0.00445 |
|                                 Eval/Return |             966 |
-----------------------------------------------------------------
-----------------------------------------------------------------
|                                 Train/Steps |        6.48e+05 |
|                            Loss/Loss_critic |           0.241 |
|                             Loss/Loss_actor |           -96.1 |
|                             Loss/Loss_alpha |        -0.00266 |
|               Loss/Loss_state_action_metric |         0.00379 |
|                      Loss/Loss_state_metric |         0.00273 |
|             Loss/Loss_state_action_to_state |        5.79e-05 |
|                           Loss/Act_rep_loss |          0.0542 |
|                                   SAC/Alpha |           0.013 |
|                              SAC/LogPi_mean |            1.21 |
|                                 SAC/Q1_mean |              96 |
|                                 SAC/Q2_mean |            95.9 |
|                            Norm/actor_model |             102 |
|                           Norm/critic_model |             120 |
|              Norm/state_action_metric_model |            37.2 |
|                     Norm/state_metric_model |              38 |
|        Norm/state_action_state_metric_model |            40.4 |
|                  Metric/self_state_distance |        0.000197 |
|                 Metric/cross_state_distance |           0.959 |
|           Metric/self_state_action_distance |        0.000341 |
|          Metric/cross_state_action_distance |           0.948 |
|             Metric/avg_self_state_asymmetry |               0 |
|            Metric/avg_cross_state_asymmetry |          0.0021 |
|                Metric/avg_self_sa_asymmetry |               0 |
|               Metric/avg_cross_sa_asymmetry |         0.00254 |
|  Metric/self_state_action_to_state_distance |        0.000179 |
| Metric/cross_state_action_to_state_distance |           0.949 |
|                   Metric/h_lambda_diff_self |        0.000399 |
|                  Metric/h_lambda_diff_cross |         0.00398 |
|                                 Eval/Return |             957 |
-----------------------------------------------------------------
-----------------------------------------------------------------
|                                 Train/Steps |        7.76e+05 |
|                            Loss/Loss_critic |           0.192 |
|                             Loss/Loss_actor |           -97.6 |
|                             Loss/Loss_alpha |         0.00361 |
|               Loss/Loss_state_action_metric |         0.00443 |
|                      Loss/Loss_state_metric |         0.00298 |
|             Loss/Loss_state_action_to_state |        4.14e-05 |
|                           Loss/Act_rep_loss |          0.0585 |
|                                   SAC/Alpha |          0.0131 |
|                              SAC/LogPi_mean |            0.83 |
|                                 SAC/Q1_mean |            97.5 |
|                                 SAC/Q2_mean |            97.7 |
|                            Norm/actor_model |             109 |
|                           Norm/critic_model |             125 |
|              Norm/state_action_metric_model |            40.3 |
|                     Norm/state_metric_model |            41.3 |
|        Norm/state_action_state_metric_model |            43.3 |
|                  Metric/self_state_distance |        0.000626 |
|                 Metric/cross_state_distance |           0.945 |
|           Metric/self_state_action_distance |         0.00243 |
|          Metric/cross_state_action_distance |           0.935 |
|             Metric/avg_self_state_asymmetry |               0 |
|            Metric/avg_cross_state_asymmetry |         0.00232 |
|                Metric/avg_self_sa_asymmetry |               0 |
|               Metric/avg_cross_sa_asymmetry |         0.00198 |
|  Metric/self_state_action_to_state_distance |          0.0022 |
| Metric/cross_state_action_to_state_distance |           0.932 |
|                   Metric/h_lambda_diff_self |         0.00422 |
|                  Metric/h_lambda_diff_cross |          0.0044 |
|                                 Eval/Return |             980 |
-----------------------------------------------------------------
-----------------------------------------------------------------
|                                 Train/Steps |        9.04e+05 |
|                            Loss/Loss_critic |           0.192 |
|                             Loss/Loss_actor |           -97.8 |
|                             Loss/Loss_alpha |        0.000118 |
|               Loss/Loss_state_action_metric |         0.00444 |
|                      Loss/Loss_state_metric |         0.00222 |
|             Loss/Loss_state_action_to_state |        5.74e-05 |
|                           Loss/Act_rep_loss |          0.0599 |
|                                   SAC/Alpha |          0.0114 |
|                              SAC/LogPi_mean |           0.916 |
|                                 SAC/Q1_mean |            97.7 |
|                                 SAC/Q2_mean |            97.7 |
|                            Norm/actor_model |             116 |
|                           Norm/critic_model |             131 |
|              Norm/state_action_metric_model |            42.6 |
|                     Norm/state_metric_model |            43.7 |
|        Norm/state_action_state_metric_model |            46.9 |
|                  Metric/self_state_distance |        0.000211 |
|                 Metric/cross_state_distance |            0.95 |
|           Metric/self_state_action_distance |        0.000747 |
|          Metric/cross_state_action_distance |           0.944 |
|             Metric/avg_self_state_asymmetry |               0 |
|            Metric/avg_cross_state_asymmetry |           0.002 |
|                Metric/avg_self_sa_asymmetry |               0 |
|               Metric/avg_cross_sa_asymmetry |         0.00217 |
|  Metric/self_state_action_to_state_distance |        3.82e-05 |
| Metric/cross_state_action_to_state_distance |           0.939 |
|                   Metric/h_lambda_diff_self |        0.000721 |
|                  Metric/h_lambda_diff_cross |          0.0054 |
|                                 Eval/Return |             966 |
-----------------------------------------------------------------
-----------------------------------------------------------------
|                                 Train/Steps |        1.03e+06 |
|                            Loss/Loss_critic |          0.0853 |
|                             Loss/Loss_actor |             -98 |
|                             Loss/Loss_alpha |       -0.000554 |
|               Loss/Loss_state_action_metric |          0.0039 |
|                      Loss/Loss_state_metric |         0.00168 |
|             Loss/Loss_state_action_to_state |        2.77e-05 |
|                           Loss/Act_rep_loss |          0.0607 |
|                                   SAC/Alpha |         0.00998 |
|                              SAC/LogPi_mean |            1.07 |
|                                 SAC/Q1_mean |              98 |
|                                 SAC/Q2_mean |              98 |
|                            Norm/actor_model |             122 |
|                           Norm/critic_model |             136 |
|              Norm/state_action_metric_model |            45.3 |
|                     Norm/state_metric_model |            47.3 |
|        Norm/state_action_state_metric_model |            51.2 |
|                  Metric/self_state_distance |        0.000117 |
|                 Metric/cross_state_distance |           0.946 |
|           Metric/self_state_action_distance |        0.000978 |
|          Metric/cross_state_action_distance |           0.933 |
|             Metric/avg_self_state_asymmetry |               0 |
|            Metric/avg_cross_state_asymmetry |         0.00213 |
|                Metric/avg_self_sa_asymmetry |               0 |
|               Metric/avg_cross_sa_asymmetry |         0.00182 |
|  Metric/self_state_action_to_state_distance |        0.000635 |
| Metric/cross_state_action_to_state_distance |           0.932 |
|                   Metric/h_lambda_diff_self |         0.00123 |
|                  Metric/h_lambda_diff_cross |         0.00291 |
|                                 Eval/Return |             980 |
-----------------------------------------------------------------
[32mSaving model …[0m
[32mDone.[0m
[32mSaving model …[0m
[32mDone.[0m
-----------------------------------------------------------------
|                                 Train/Steps |        1.16e+06 |
|                            Loss/Loss_critic |           0.143 |
|                             Loss/Loss_actor |           -97.9 |
|                             Loss/Loss_alpha |        0.000479 |
|               Loss/Loss_state_action_metric |         0.00254 |
|                      Loss/Loss_state_metric |         0.00227 |
|             Loss/Loss_state_action_to_state |        1.56e-05 |
|                           Loss/Act_rep_loss |          0.0601 |
|                                   SAC/Alpha |         0.00946 |
|                              SAC/LogPi_mean |            1.03 |
|                                 SAC/Q1_mean |              98 |
|                                 SAC/Q2_mean |            97.8 |
|                            Norm/actor_model |             127 |
|                           Norm/critic_model |             141 |
|              Norm/state_action_metric_model |              48 |
|                     Norm/state_metric_model |            50.9 |
|        Norm/state_action_state_metric_model |            55.2 |
|                  Metric/self_state_distance |        0.000252 |
|                 Metric/cross_state_distance |           0.952 |
|           Metric/self_state_action_distance |        0.000546 |
|          Metric/cross_state_action_distance |            0.94 |
|             Metric/avg_self_state_asymmetry |               0 |
|            Metric/avg_cross_state_asymmetry |         0.00433 |
|                Metric/avg_self_sa_asymmetry |               0 |
|               Metric/avg_cross_sa_asymmetry |         0.00214 |
|  Metric/self_state_action_to_state_distance |        0.000301 |
| Metric/cross_state_action_to_state_distance |           0.939 |
|                   Metric/h_lambda_diff_self |        0.000569 |
|                  Metric/h_lambda_diff_cross |          0.0035 |
|                                 Eval/Return |             978 |
-----------------------------------------------------------------
-----------------------------------------------------------------
|                                 Train/Steps |        1.29e+06 |
|                            Loss/Loss_critic |           0.215 |
|                             Loss/Loss_actor |           -97.5 |
|                             Loss/Loss_alpha |        -0.00112 |
|               Loss/Loss_state_action_metric |         0.00548 |
|                      Loss/Loss_state_metric |         0.00341 |
|             Loss/Loss_state_action_to_state |        1.81e-05 |
|                           Loss/Act_rep_loss |          0.0581 |
|                                   SAC/Alpha |         0.00867 |
|                              SAC/LogPi_mean |            1.16 |
|                                 SAC/Q1_mean |            97.4 |
|                                 SAC/Q2_mean |            97.6 |
|                            Norm/actor_model |             133 |
|                           Norm/critic_model |             145 |
|              Norm/state_action_metric_model |            50.2 |
|                     Norm/state_metric_model |            53.6 |
|        Norm/state_action_state_metric_model |            59.3 |
|                  Metric/self_state_distance |        0.000373 |
|                 Metric/cross_state_distance |           0.947 |
|           Metric/self_state_action_distance |        0.000515 |
|          Metric/cross_state_action_distance |           0.939 |
|             Metric/avg_self_state_asymmetry |               0 |
|            Metric/avg_cross_state_asymmetry |         0.00178 |
|                Metric/avg_self_sa_asymmetry |               0 |
|               Metric/avg_cross_sa_asymmetry |         0.00209 |
|  Metric/self_state_action_to_state_distance |        0.000177 |
| Metric/cross_state_action_to_state_distance |           0.936 |
|                   Metric/h_lambda_diff_self |        0.000453 |
|                  Metric/h_lambda_diff_cross |         0.00383 |
|                                 Eval/Return |             969 |
-----------------------------------------------------------------
-----------------------------------------------------------------
|                                 Train/Steps |        1.42e+06 |
|                            Loss/Loss_critic |           0.122 |
|                             Loss/Loss_actor |           -98.1 |
|                             Loss/Loss_alpha |        0.000731 |
|               Loss/Loss_state_action_metric |         0.00317 |
|                      Loss/Loss_state_metric |         0.00247 |
|             Loss/Loss_state_action_to_state |        1.22e-05 |
|                           Loss/Act_rep_loss |           0.063 |
|                                   SAC/Alpha |         0.00852 |
|                              SAC/LogPi_mean |           0.999 |
|                                 SAC/Q1_mean |            98.2 |
|                                 SAC/Q2_mean |            98.1 |
|                            Norm/actor_model |             138 |
|                           Norm/critic_model |             150 |
|              Norm/state_action_metric_model |            53.2 |
|                     Norm/state_metric_model |            56.5 |
|        Norm/state_action_state_metric_model |            62.7 |
|                  Metric/self_state_distance |        0.000151 |
|                 Metric/cross_state_distance |           0.939 |
|           Metric/self_state_action_distance |         0.00278 |
|          Metric/cross_state_action_distance |           0.923 |
|             Metric/avg_self_state_asymmetry |               0 |
|            Metric/avg_cross_state_asymmetry |         0.00165 |
|                Metric/avg_self_sa_asymmetry |               0 |
|               Metric/avg_cross_sa_asymmetry |          0.0015 |
|  Metric/self_state_action_to_state_distance |        0.000264 |
| Metric/cross_state_action_to_state_distance |           0.924 |
|                   Metric/h_lambda_diff_self |         0.00283 |
|                  Metric/h_lambda_diff_cross |         0.00202 |
|                                 Eval/Return |             979 |
-----------------------------------------------------------------
-----------------------------------------------------------------
|                                 Train/Steps |        1.54e+06 |
|                            Loss/Loss_critic |           0.162 |
|                             Loss/Loss_actor |           -98.3 |
|                             Loss/Loss_alpha |          0.0012 |
|               Loss/Loss_state_action_metric |         0.00361 |
|                      Loss/Loss_state_metric |         0.00212 |
|             Loss/Loss_state_action_to_state |        3.24e-05 |
|                           Loss/Act_rep_loss |          0.0626 |
|                                   SAC/Alpha |         0.00756 |
|                              SAC/LogPi_mean |           0.999 |
|                                 SAC/Q1_mean |            98.3 |
|                                 SAC/Q2_mean |            98.4 |
|                            Norm/actor_model |             142 |
|                           Norm/critic_model |             154 |
|              Norm/state_action_metric_model |            55.3 |
|                     Norm/state_metric_model |            59.4 |
|        Norm/state_action_state_metric_model |            66.5 |
|                  Metric/self_state_distance |        4.65e-05 |
|                 Metric/cross_state_distance |           0.941 |
|           Metric/self_state_action_distance |         0.00044 |
|          Metric/cross_state_action_distance |           0.932 |
|             Metric/avg_self_state_asymmetry |               0 |
|            Metric/avg_cross_state_asymmetry |         0.00169 |
|                Metric/avg_self_sa_asymmetry |               0 |
|               Metric/avg_cross_sa_asymmetry |          0.0021 |
|  Metric/self_state_action_to_state_distance |        0.000304 |
| Metric/cross_state_action_to_state_distance |           0.931 |
|                   Metric/h_lambda_diff_self |        0.000527 |
|                  Metric/h_lambda_diff_cross |         0.00294 |
|                                 Eval/Return |             970 |
-----------------------------------------------------------------
-----------------------------------------------------------------
|                                 Train/Steps |        1.67e+06 |
|                            Loss/Loss_critic |            0.15 |
|                             Loss/Loss_actor |           -98.5 |
|                             Loss/Loss_alpha |         0.00112 |
|               Loss/Loss_state_action_metric |          0.0028 |
|                      Loss/Loss_state_metric |         0.00196 |
|             Loss/Loss_state_action_to_state |        0.000354 |
|                           Loss/Act_rep_loss |          0.0637 |
|                                   SAC/Alpha |         0.00749 |
|                              SAC/LogPi_mean |           0.845 |
|                                 SAC/Q1_mean |            98.6 |
|                                 SAC/Q2_mean |            98.4 |
|                            Norm/actor_model |             147 |
|                           Norm/critic_model |             159 |
|              Norm/state_action_metric_model |            57.7 |
|                     Norm/state_metric_model |            62.5 |
|        Norm/state_action_state_metric_model |              70 |
|                  Metric/self_state_distance |        0.000259 |
|                 Metric/cross_state_distance |           0.939 |
|           Metric/self_state_action_distance |        0.000691 |
|          Metric/cross_state_action_distance |           0.928 |
|             Metric/avg_self_state_asymmetry |               0 |
|            Metric/avg_cross_state_asymmetry |         0.00164 |
|                Metric/avg_self_sa_asymmetry |               0 |
|               Metric/avg_cross_sa_asymmetry |         0.00157 |
|  Metric/self_state_action_to_state_distance |         0.00061 |
| Metric/cross_state_action_to_state_distance |           0.925 |
|                   Metric/h_lambda_diff_self |         0.00119 |
|                  Metric/h_lambda_diff_cross |         0.00299 |
|                                 Eval/Return |             978 |
-----------------------------------------------------------------
-----------------------------------------------------------------
|                                 Train/Steps |         1.8e+06 |
|                            Loss/Loss_critic |           0.158 |
|                             Loss/Loss_actor |           -98.2 |
|                             Loss/Loss_alpha |       -0.000165 |
|               Loss/Loss_state_action_metric |         0.00341 |
|                      Loss/Loss_state_metric |          0.0017 |
|             Loss/Loss_state_action_to_state |        2.01e-05 |
|                           Loss/Act_rep_loss |           0.062 |
|                                   SAC/Alpha |         0.00688 |
|                              SAC/LogPi_mean |            1.03 |
|                                 SAC/Q1_mean |            98.2 |
|                                 SAC/Q2_mean |            98.2 |
|                            Norm/actor_model |             151 |
|                           Norm/critic_model |             163 |
|              Norm/state_action_metric_model |            60.1 |
|                     Norm/state_metric_model |            65.1 |
|        Norm/state_action_state_metric_model |            73.1 |
|                  Metric/self_state_distance |        0.000189 |
|                 Metric/cross_state_distance |           0.944 |
|           Metric/self_state_action_distance |        0.000185 |
|          Metric/cross_state_action_distance |           0.933 |
|             Metric/avg_self_state_asymmetry |               0 |
|            Metric/avg_cross_state_asymmetry |         0.00134 |
|                Metric/avg_self_sa_asymmetry |               0 |
|               Metric/avg_cross_sa_asymmetry |         0.00187 |
|  Metric/self_state_action_to_state_distance |         3.2e-05 |
| Metric/cross_state_action_to_state_distance |           0.931 |
|                   Metric/h_lambda_diff_self |        0.000159 |
|                  Metric/h_lambda_diff_cross |         0.00323 |
|                                 Eval/Return |             978 |
-----------------------------------------------------------------
-----------------------------------------------------------------
|                                 Train/Steps |        1.93e+06 |
|                            Loss/Loss_critic |           0.142 |
|                             Loss/Loss_actor |           -98.6 |
|                             Loss/Loss_alpha |        -0.00123 |
|               Loss/Loss_state_action_metric |         0.00407 |
|                      Loss/Loss_state_metric |         0.00252 |
|             Loss/Loss_state_action_to_state |         1.1e-05 |
|                           Loss/Act_rep_loss |          0.0617 |
|                                   SAC/Alpha |         0.00663 |
|                              SAC/LogPi_mean |            1.19 |
|                                 SAC/Q1_mean |            98.6 |
|                                 SAC/Q2_mean |            98.5 |
|                            Norm/actor_model |             155 |
|                           Norm/critic_model |             167 |
|              Norm/state_action_metric_model |            62.5 |
|                     Norm/state_metric_model |            68.1 |
|        Norm/state_action_state_metric_model |            75.9 |
|                  Metric/self_state_distance |        0.000281 |
|                 Metric/cross_state_distance |           0.941 |
|           Metric/self_state_action_distance |        0.000301 |
|          Metric/cross_state_action_distance |           0.928 |
|             Metric/avg_self_state_asymmetry |               0 |
|            Metric/avg_cross_state_asymmetry |        0.000979 |
|                Metric/avg_self_sa_asymmetry |               0 |
|               Metric/avg_cross_sa_asymmetry |         0.00165 |
|  Metric/self_state_action_to_state_distance |        5.25e-05 |
| Metric/cross_state_action_to_state_distance |           0.928 |
|                   Metric/h_lambda_diff_self |        0.000277 |
|                  Metric/h_lambda_diff_cross |         0.00201 |
|                                 Eval/Return |             981 |
-----------------------------------------------------------------
-----------------------------------------------------------------
|                                 Train/Steps |        2.06e+06 |
|                            Loss/Loss_critic |           0.144 |
|                             Loss/Loss_actor |           -98.4 |
|                             Loss/Loss_alpha |       -0.000734 |
|               Loss/Loss_state_action_metric |         0.00383 |
|                      Loss/Loss_state_metric |         0.00249 |
|             Loss/Loss_state_action_to_state |        1.64e-05 |
|                           Loss/Act_rep_loss |          0.0624 |
|                                   SAC/Alpha |         0.00652 |
|                              SAC/LogPi_mean |            1.16 |
|                                 SAC/Q1_mean |            98.4 |
|                                 SAC/Q2_mean |            98.3 |
|                            Norm/actor_model |             159 |
|                           Norm/critic_model |             171 |
|              Norm/state_action_metric_model |            64.8 |
|                     Norm/state_metric_model |            70.8 |
|        Norm/state_action_state_metric_model |            78.9 |
|                  Metric/self_state_distance |        0.000169 |
|                 Metric/cross_state_distance |            0.94 |
|           Metric/self_state_action_distance |        0.000564 |
|          Metric/cross_state_action_distance |           0.929 |
|             Metric/avg_self_state_asymmetry |               0 |
|            Metric/avg_cross_state_asymmetry |          0.0013 |
|                Metric/avg_self_sa_asymmetry |               0 |
|               Metric/avg_cross_sa_asymmetry |         0.00202 |
|  Metric/self_state_action_to_state_distance |        0.000121 |
| Metric/cross_state_action_to_state_distance |           0.928 |
|                   Metric/h_lambda_diff_self |        0.000592 |
|                  Metric/h_lambda_diff_cross |          0.0026 |
|                                 Eval/Return |             949 |
-----------------------------------------------------------------
[32mSaving model …[0m
[32mDone.[0m
[32mSaving model …[0m
[32mDone.[0m
-----------------------------------------------------------------
|                                 Train/Steps |        2.18e+06 |
|                            Loss/Loss_critic |           0.132 |
|                             Loss/Loss_actor |           -98.5 |
|                             Loss/Loss_alpha |       -0.000692 |
|               Loss/Loss_state_action_metric |         0.00446 |
|                      Loss/Loss_state_metric |         0.00207 |
|             Loss/Loss_state_action_to_state |        2.14e-05 |
|                           Loss/Act_rep_loss |          0.0621 |
|                                   SAC/Alpha |         0.00644 |
|                              SAC/LogPi_mean |            1.12 |
|                                 SAC/Q1_mean |            98.5 |
|                                 SAC/Q2_mean |            98.6 |
|                            Norm/actor_model |             163 |
|                           Norm/critic_model |             175 |
|              Norm/state_action_metric_model |            66.9 |
|                     Norm/state_metric_model |            72.9 |
|        Norm/state_action_state_metric_model |            81.7 |
|                  Metric/self_state_distance |        0.000319 |
|                 Metric/cross_state_distance |            0.94 |
|           Metric/self_state_action_distance |        0.000953 |
|          Metric/cross_state_action_distance |           0.927 |
|             Metric/avg_self_state_asymmetry |               0 |
|            Metric/avg_cross_state_asymmetry |          0.0013 |
|                Metric/avg_self_sa_asymmetry |               0 |
|               Metric/avg_cross_sa_asymmetry |         0.00167 |
|  Metric/self_state_action_to_state_distance |        1.47e-05 |
| Metric/cross_state_action_to_state_distance |           0.927 |
|                   Metric/h_lambda_diff_self |        0.000939 |
|                  Metric/h_lambda_diff_cross |         0.00198 |
|                                 Eval/Return |             973 |
-----------------------------------------------------------------
-----------------------------------------------------------------
|                                 Train/Steps |        2.31e+06 |
|                            Loss/Loss_critic |          0.0802 |
|                             Loss/Loss_actor |           -98.7 |
|                             Loss/Loss_alpha |        -0.00101 |
|               Loss/Loss_state_action_metric |          0.0046 |
|                      Loss/Loss_state_metric |         0.00245 |
|             Loss/Loss_state_action_to_state |        9.51e-06 |
|                           Loss/Act_rep_loss |          0.0633 |
|                                   SAC/Alpha |         0.00541 |
|                              SAC/LogPi_mean |            1.19 |
|                                 SAC/Q1_mean |            98.8 |
|                                 SAC/Q2_mean |            98.7 |
|                            Norm/actor_model |             166 |
|                           Norm/critic_model |             178 |
|              Norm/state_action_metric_model |              69 |
|                     Norm/state_metric_model |            75.8 |
|        Norm/state_action_state_metric_model |            84.6 |
|                  Metric/self_state_distance |        0.000109 |
|                 Metric/cross_state_distance |           0.936 |
|           Metric/self_state_action_distance |         0.00132 |
|          Metric/cross_state_action_distance |           0.927 |
|             Metric/avg_self_state_asymmetry |               0 |
|            Metric/avg_cross_state_asymmetry |         0.00105 |
|                Metric/avg_self_sa_asymmetry |               0 |
|               Metric/avg_cross_sa_asymmetry |         0.00173 |
|  Metric/self_state_action_to_state_distance |        0.000129 |
| Metric/cross_state_action_to_state_distance |           0.925 |
|                   Metric/h_lambda_diff_self |         0.00126 |
|                  Metric/h_lambda_diff_cross |         0.00255 |
|                                 Eval/Return |             981 |
-----------------------------------------------------------------
-----------------------------------------------------------------
|                                 Train/Steps |        2.44e+06 |
|                            Loss/Loss_critic |          0.0709 |
|                             Loss/Loss_actor |           -99.3 |
|                             Loss/Loss_alpha |        0.000389 |
|               Loss/Loss_state_action_metric |         0.00346 |
|                      Loss/Loss_state_metric |         0.00197 |
|             Loss/Loss_state_action_to_state |         1.1e-05 |
|                           Loss/Act_rep_loss |          0.0642 |
|                                   SAC/Alpha |         0.00625 |
|                              SAC/LogPi_mean |           0.929 |
|                                 SAC/Q1_mean |            99.4 |
|                                 SAC/Q2_mean |            99.3 |
|                            Norm/actor_model |             170 |
|                           Norm/critic_model |             182 |
|              Norm/state_action_metric_model |            71.2 |
|                     Norm/state_metric_model |            78.5 |
|        Norm/state_action_state_metric_model |            86.9 |
|                  Metric/self_state_distance |        0.000136 |
|                 Metric/cross_state_distance |           0.933 |
|           Metric/self_state_action_distance |        0.000402 |
|          Metric/cross_state_action_distance |           0.918 |
|             Metric/avg_self_state_asymmetry |               0 |
|            Metric/avg_cross_state_asymmetry |         0.00128 |
|                Metric/avg_self_sa_asymmetry |               0 |
|               Metric/avg_cross_sa_asymmetry |         0.00139 |
|  Metric/self_state_action_to_state_distance |        3.98e-05 |
| Metric/cross_state_action_to_state_distance |           0.919 |
|                   Metric/h_lambda_diff_self |        0.000411 |
|                  Metric/h_lambda_diff_cross |         0.00222 |
|                                 Eval/Return |             973 |
-----------------------------------------------------------------
-----------------------------------------------------------------
|                                 Train/Steps |        2.57e+06 |
|                            Loss/Loss_critic |          0.0826 |
|                             Loss/Loss_actor |           -98.7 |
|                             Loss/Loss_alpha |         0.00122 |
|               Loss/Loss_state_action_metric |         0.00426 |
|                      Loss/Loss_state_metric |          0.0024 |
|             Loss/Loss_state_action_to_state |        8.53e-06 |
|                           Loss/Act_rep_loss |          0.0657 |
|                                   SAC/Alpha |         0.00578 |
|                              SAC/LogPi_mean |           0.743 |
|                                 SAC/Q1_mean |            98.9 |
|                                 SAC/Q2_mean |            98.7 |
|                            Norm/actor_model |             173 |
|                           Norm/critic_model |             185 |
|              Norm/state_action_metric_model |            73.2 |
|                     Norm/state_metric_model |            81.1 |
|        Norm/state_action_state_metric_model |            89.9 |
|                  Metric/self_state_distance |        0.000179 |
|                 Metric/cross_state_distance |           0.932 |
|           Metric/self_state_action_distance |          0.0005 |
|          Metric/cross_state_action_distance |           0.918 |
|             Metric/avg_self_state_asymmetry |               0 |
|            Metric/avg_cross_state_asymmetry |        0.000805 |
|                Metric/avg_self_sa_asymmetry |               0 |
|               Metric/avg_cross_sa_asymmetry |         0.00122 |
|  Metric/self_state_action_to_state_distance |        4.13e-05 |
| Metric/cross_state_action_to_state_distance |           0.918 |
|                   Metric/h_lambda_diff_self |        0.000495 |
|                  Metric/h_lambda_diff_cross |         0.00147 |
|                                 Eval/Return |             973 |
-----------------------------------------------------------------
-----------------------------------------------------------------
|                                 Train/Steps |         2.7e+06 |
|                            Loss/Loss_critic |          0.0943 |
|                             Loss/Loss_actor |           -98.6 |
|                             Loss/Loss_alpha |       -0.000749 |
|               Loss/Loss_state_action_metric |         0.00306 |
|                      Loss/Loss_state_metric |         0.00163 |
|             Loss/Loss_state_action_to_state |        2.56e-05 |
|                           Loss/Act_rep_loss |           0.066 |
|                                   SAC/Alpha |         0.00547 |
|                              SAC/LogPi_mean |            1.06 |
|                                 SAC/Q1_mean |            98.6 |
|                                 SAC/Q2_mean |            98.7 |
|                            Norm/actor_model |             176 |
|                           Norm/critic_model |             189 |
|              Norm/state_action_metric_model |            74.9 |
|                     Norm/state_metric_model |            83.3 |
|        Norm/state_action_state_metric_model |              92 |
|                  Metric/self_state_distance |         6.9e-05 |
|                 Metric/cross_state_distance |           0.937 |
|           Metric/self_state_action_distance |         0.00017 |
|          Metric/cross_state_action_distance |           0.927 |
|             Metric/avg_self_state_asymmetry |               0 |
|            Metric/avg_cross_state_asymmetry |         0.00119 |
|                Metric/avg_self_sa_asymmetry |               0 |
|               Metric/avg_cross_sa_asymmetry |         0.00168 |
|  Metric/self_state_action_to_state_distance |        0.000102 |
| Metric/cross_state_action_to_state_distance |           0.927 |
|                   Metric/h_lambda_diff_self |        0.000218 |
|                  Metric/h_lambda_diff_cross |         0.00232 |
|                                 Eval/Return |             972 |
-----------------------------------------------------------------
-----------------------------------------------------------------
|                                 Train/Steps |        2.82e+06 |
|                            Loss/Loss_critic |          0.0404 |
|                             Loss/Loss_actor |           -99.3 |
|                             Loss/Loss_alpha |         0.00327 |
|               Loss/Loss_state_action_metric |         0.00263 |
|                      Loss/Loss_state_metric |         0.00158 |
|             Loss/Loss_state_action_to_state |        7.86e-06 |
|                           Loss/Act_rep_loss |          0.0662 |
|                                   SAC/Alpha |         0.00615 |
|                              SAC/LogPi_mean |           0.489 |
|                                 SAC/Q1_mean |            99.3 |
|                                 SAC/Q2_mean |            99.4 |
|                            Norm/actor_model |             179 |
|                           Norm/critic_model |             192 |
|              Norm/state_action_metric_model |            77.4 |
|                     Norm/state_metric_model |            85.7 |
|        Norm/state_action_state_metric_model |            94.6 |
|                  Metric/self_state_distance |        0.000477 |
|                 Metric/cross_state_distance |           0.933 |
|           Metric/self_state_action_distance |         0.00114 |
|          Metric/cross_state_action_distance |           0.918 |
|             Metric/avg_self_state_asymmetry |               0 |
|            Metric/avg_cross_state_asymmetry |        0.000814 |
|                Metric/avg_self_sa_asymmetry |               0 |
|               Metric/avg_cross_sa_asymmetry |         0.00113 |
|  Metric/self_state_action_to_state_distance |        8.18e-05 |
| Metric/cross_state_action_to_state_distance |           0.918 |
|                   Metric/h_lambda_diff_self |         0.00116 |
|                  Metric/h_lambda_diff_cross |         0.00173 |
|                                 Eval/Return |             971 |
-----------------------------------------------------------------
-----------------------------------------------------------------
|                                 Train/Steps |        2.95e+06 |
|                            Loss/Loss_critic |          0.0992 |
|                             Loss/Loss_actor |           -98.9 |
|                             Loss/Loss_alpha |        -0.00178 |
|               Loss/Loss_state_action_metric |         0.00421 |
|                      Loss/Loss_state_metric |         0.00164 |
|             Loss/Loss_state_action_to_state |        2.32e-05 |
|                           Loss/Act_rep_loss |          0.0636 |
|                                   SAC/Alpha |         0.00587 |
|                              SAC/LogPi_mean |            1.18 |
|                                 SAC/Q1_mean |            98.9 |
|                                 SAC/Q2_mean |            98.9 |
|                            Norm/actor_model |             182 |
|                           Norm/critic_model |             195 |
|              Norm/state_action_metric_model |            78.7 |
|                     Norm/state_metric_model |            87.2 |
|        Norm/state_action_state_metric_model |              97 |
|                  Metric/self_state_distance |        0.000166 |
|                 Metric/cross_state_distance |            0.94 |
|           Metric/self_state_action_distance |        0.000644 |
|          Metric/cross_state_action_distance |           0.928 |
|             Metric/avg_self_state_asymmetry |               0 |
|            Metric/avg_cross_state_asymmetry |         0.00115 |
|                Metric/avg_self_sa_asymmetry |               0 |
|               Metric/avg_cross_sa_asymmetry |         0.00148 |
|  Metric/self_state_action_to_state_distance |        5.48e-05 |
| Metric/cross_state_action_to_state_distance |           0.928 |
|                   Metric/h_lambda_diff_self |        0.000634 |
|                  Metric/h_lambda_diff_cross |         0.00198 |
|                                 Eval/Return |             979 |
-----------------------------------------------------------------
-----------------------------------------------------------------
|                                 Train/Steps |        3.08e+06 |
|                            Loss/Loss_critic |           0.097 |
|                             Loss/Loss_actor |           -98.9 |
|                             Loss/Loss_alpha |        0.000397 |
|               Loss/Loss_state_action_metric |         0.00361 |
|                      Loss/Loss_state_metric |         0.00199 |
|             Loss/Loss_state_action_to_state |        1.06e-05 |
|                           Loss/Act_rep_loss |          0.0643 |
|                                   SAC/Alpha |          0.0056 |
|                              SAC/LogPi_mean |            1.04 |
|                                 SAC/Q1_mean |            98.9 |
|                                 SAC/Q2_mean |            98.9 |
|                            Norm/actor_model |             186 |
|                           Norm/critic_model |             198 |
|              Norm/state_action_metric_model |            81.5 |
|                     Norm/state_metric_model |            89.7 |
|        Norm/state_action_state_metric_model |            98.8 |
|                  Metric/self_state_distance |        0.000111 |
|                 Metric/cross_state_distance |           0.934 |
|           Metric/self_state_action_distance |        0.000736 |
|          Metric/cross_state_action_distance |           0.921 |
|             Metric/avg_self_state_asymmetry |               0 |
|            Metric/avg_cross_state_asymmetry |        0.000881 |
|                Metric/avg_self_sa_asymmetry |               0 |
|               Metric/avg_cross_sa_asymmetry |         0.00124 |
|  Metric/self_state_action_to_state_distance |         3.5e-05 |
| Metric/cross_state_action_to_state_distance |            0.92 |
|                   Metric/h_lambda_diff_self |        0.000731 |
|                  Metric/h_lambda_diff_cross |         0.00168 |
|                                 Eval/Return |             969 |
-----------------------------------------------------------------
[32mSaving model …[0m
[32mDone.[0m
[32mSaving model …[0m
[32mDone.[0m
-----------------------------------------------------------------
|                                 Train/Steps |        3.21e+06 |
|                            Loss/Loss_critic |           0.128 |
|                             Loss/Loss_actor |           -99.2 |
|                             Loss/Loss_alpha |         0.00101 |
|               Loss/Loss_state_action_metric |         0.00262 |
|                      Loss/Loss_state_metric |         0.00159 |
|             Loss/Loss_state_action_to_state |        9.58e-06 |
|                           Loss/Act_rep_loss |          0.0654 |
|                                   SAC/Alpha |         0.00623 |
|                              SAC/LogPi_mean |           0.739 |
|                                 SAC/Q1_mean |            99.2 |
|                                 SAC/Q2_mean |            99.3 |
|                            Norm/actor_model |             188 |
|                           Norm/critic_model |             201 |
|              Norm/state_action_metric_model |            82.3 |
|                     Norm/state_metric_model |            91.8 |
|        Norm/state_action_state_metric_model |             101 |
|                  Metric/self_state_distance |        0.000202 |
|                 Metric/cross_state_distance |           0.935 |
|           Metric/self_state_action_distance |         0.00064 |
|          Metric/cross_state_action_distance |           0.921 |
|             Metric/avg_self_state_asymmetry |               0 |
|            Metric/avg_cross_state_asymmetry |        0.000934 |
|                Metric/avg_self_sa_asymmetry |               0 |
|               Metric/avg_cross_sa_asymmetry |         0.00161 |
|  Metric/self_state_action_to_state_distance |        1.77e-05 |
| Metric/cross_state_action_to_state_distance |            0.92 |
|                   Metric/h_lambda_diff_self |        0.000624 |
|                  Metric/h_lambda_diff_cross |         0.00218 |
|                                 Eval/Return |             963 |
-----------------------------------------------------------------
-----------------------------------------------------------------
|                                 Train/Steps |        3.34e+06 |
|                            Loss/Loss_critic |           0.138 |
|                             Loss/Loss_actor |           -98.9 |
|                             Loss/Loss_alpha |       -0.000543 |
|               Loss/Loss_state_action_metric |         0.00321 |
|                      Loss/Loss_state_metric |         0.00242 |
|             Loss/Loss_state_action_to_state |        3.02e-05 |
|                           Loss/Act_rep_loss |          0.0633 |
|                                   SAC/Alpha |         0.00422 |
|                              SAC/LogPi_mean |            1.11 |
|                                 SAC/Q1_mean |              99 |
|                                 SAC/Q2_mean |            98.9 |
|                            Norm/actor_model |             191 |
|                           Norm/critic_model |             204 |
|              Norm/state_action_metric_model |            84.6 |
|                     Norm/state_metric_model |            93.7 |
|        Norm/state_action_state_metric_model |             103 |
|                  Metric/self_state_distance |        0.000149 |
|                 Metric/cross_state_distance |           0.936 |
|           Metric/self_state_action_distance |        0.000656 |
|          Metric/cross_state_action_distance |           0.923 |
|             Metric/avg_self_state_asymmetry |               0 |
|            Metric/avg_cross_state_asymmetry |         0.00102 |
|                Metric/avg_self_sa_asymmetry |               0 |
|               Metric/avg_cross_sa_asymmetry |         0.00131 |
|  Metric/self_state_action_to_state_distance |         0.00019 |
| Metric/cross_state_action_to_state_distance |           0.922 |
|                   Metric/h_lambda_diff_self |        0.000741 |
|                  Metric/h_lambda_diff_cross |         0.00258 |
|                                 Eval/Return |             972 |
-----------------------------------------------------------------
-----------------------------------------------------------------
|                                 Train/Steps |        3.46e+06 |
|                            Loss/Loss_critic |          0.0555 |
|                             Loss/Loss_actor |           -99.5 |
|                             Loss/Loss_alpha |         0.00135 |
|               Loss/Loss_state_action_metric |          0.0037 |
|                      Loss/Loss_state_metric |         0.00306 |
|             Loss/Loss_state_action_to_state |        6.12e-06 |
|                           Loss/Act_rep_loss |          0.0667 |
|                                   SAC/Alpha |         0.00433 |
|                              SAC/LogPi_mean |           0.731 |
|                                 SAC/Q1_mean |            99.6 |
|                                 SAC/Q2_mean |            99.5 |
|                            Norm/actor_model |             194 |
|                           Norm/critic_model |             207 |
|              Norm/state_action_metric_model |            86.4 |
|                     Norm/state_metric_model |            95.4 |
|        Norm/state_action_state_metric_model |             104 |
|                  Metric/self_state_distance |         7.8e-05 |
|                 Metric/cross_state_distance |           0.922 |
|           Metric/self_state_action_distance |        0.000324 |
|          Metric/cross_state_action_distance |           0.907 |
|             Metric/avg_self_state_asymmetry |               0 |
|            Metric/avg_cross_state_asymmetry |        0.000812 |
|                Metric/avg_self_sa_asymmetry |               0 |
|               Metric/avg_cross_sa_asymmetry |          0.0011 |
|  Metric/self_state_action_to_state_distance |        3.04e-05 |
| Metric/cross_state_action_to_state_distance |           0.907 |
|                   Metric/h_lambda_diff_self |        0.000337 |
|                  Metric/h_lambda_diff_cross |         0.00132 |
|                                 Eval/Return |             971 |
-----------------------------------------------------------------
-----------------------------------------------------------------
|                                 Train/Steps |        3.59e+06 |
|                            Loss/Loss_critic |          0.0884 |
|                             Loss/Loss_actor |           -99.1 |
|                             Loss/Loss_alpha |        -0.00182 |
|               Loss/Loss_state_action_metric |         0.00399 |
|                      Loss/Loss_state_metric |         0.00202 |
|             Loss/Loss_state_action_to_state |         1.9e-05 |
|                           Loss/Act_rep_loss |          0.0649 |
|                                   SAC/Alpha |         0.00443 |
|                              SAC/LogPi_mean |            1.33 |
|                                 SAC/Q1_mean |            99.1 |
|                                 SAC/Q2_mean |            99.1 |
|                            Norm/actor_model |             196 |
|                           Norm/critic_model |             210 |
|              Norm/state_action_metric_model |            87.4 |
|                     Norm/state_metric_model |              97 |
|        Norm/state_action_state_metric_model |             106 |
|                  Metric/self_state_distance |        7.12e-05 |
|                 Metric/cross_state_distance |           0.934 |
|           Metric/self_state_action_distance |        9.77e-05 |
|          Metric/cross_state_action_distance |           0.922 |
|             Metric/avg_self_state_asymmetry |               0 |
|            Metric/avg_cross_state_asymmetry |         0.00103 |
|                Metric/avg_self_sa_asymmetry |               0 |
|               Metric/avg_cross_sa_asymmetry |         0.00157 |
|  Metric/self_state_action_to_state_distance |        3.81e-05 |
| Metric/cross_state_action_to_state_distance |           0.921 |
|                   Metric/h_lambda_diff_self |        8.67e-05 |
|                  Metric/h_lambda_diff_cross |         0.00205 |
|                                 Eval/Return |             972 |
-----------------------------------------------------------------
-----------------------------------------------------------------
|                                 Train/Steps |        3.72e+06 |
|                            Loss/Loss_critic |          0.0612 |
|                             Loss/Loss_actor |           -99.1 |
|                             Loss/Loss_alpha |         -0.0009 |
|               Loss/Loss_state_action_metric |         0.00387 |
|                      Loss/Loss_state_metric |         0.00163 |
|             Loss/Loss_state_action_to_state |        1.43e-05 |
|                           Loss/Act_rep_loss |          0.0653 |
|                                   SAC/Alpha |         0.00457 |
|                              SAC/LogPi_mean |            1.21 |
|                                 SAC/Q1_mean |            99.1 |
|                                 SAC/Q2_mean |            99.2 |
|                            Norm/actor_model |             199 |
|                           Norm/critic_model |             213 |
|              Norm/state_action_metric_model |            89.8 |
|                     Norm/state_metric_model |            98.8 |
|        Norm/state_action_state_metric_model |             108 |
|                  Metric/self_state_distance |        0.000102 |
|                 Metric/cross_state_distance |           0.936 |
|           Metric/self_state_action_distance |        0.000555 |
|          Metric/cross_state_action_distance |           0.924 |
|             Metric/avg_self_state_asymmetry |               0 |
|            Metric/avg_cross_state_asymmetry |        0.000861 |
|                Metric/avg_self_sa_asymmetry |               0 |
|               Metric/avg_cross_sa_asymmetry |         0.00135 |
|  Metric/self_state_action_to_state_distance |        0.000106 |
| Metric/cross_state_action_to_state_distance |           0.922 |
|                   Metric/h_lambda_diff_self |        0.000598 |
|                  Metric/h_lambda_diff_cross |         0.00324 |
|                                 Eval/Return |             971 |
-----------------------------------------------------------------
-----------------------------------------------------------------
|                                 Train/Steps |        3.85e+06 |
|                            Loss/Loss_critic |          0.0525 |
|                             Loss/Loss_actor |           -99.2 |
|                             Loss/Loss_alpha |        0.000228 |
|               Loss/Loss_state_action_metric |         0.00357 |
|                      Loss/Loss_state_metric |         0.00196 |
|             Loss/Loss_state_action_to_state |        9.21e-06 |
|                           Loss/Act_rep_loss |          0.0656 |
|                                   SAC/Alpha |         0.00414 |
|                              SAC/LogPi_mean |             1.1 |
|                                 SAC/Q1_mean |            99.3 |
|                                 SAC/Q2_mean |            99.2 |
|                            Norm/actor_model |             201 |
|                           Norm/critic_model |             216 |
|              Norm/state_action_metric_model |            91.1 |
|                     Norm/state_metric_model |             100 |
|        Norm/state_action_state_metric_model |             110 |
|                  Metric/self_state_distance |        6.75e-05 |
|                 Metric/cross_state_distance |           0.932 |
|           Metric/self_state_action_distance |        0.000238 |
|          Metric/cross_state_action_distance |           0.917 |
|             Metric/avg_self_state_asymmetry |               0 |
|            Metric/avg_cross_state_asymmetry |         0.00112 |
|                Metric/avg_self_sa_asymmetry |               0 |
|               Metric/avg_cross_sa_asymmetry |          0.0011 |
|  Metric/self_state_action_to_state_distance |        5.06e-05 |
| Metric/cross_state_action_to_state_distance |           0.917 |
|                   Metric/h_lambda_diff_self |        0.000249 |
|                  Metric/h_lambda_diff_cross |          0.0018 |
|                                 Eval/Return |             980 |
-----------------------------------------------------------------
-----------------------------------------------------------------
|                                 Train/Steps |        3.98e+06 |
|                            Loss/Loss_critic |           0.145 |
|                             Loss/Loss_actor |           -99.2 |
|                             Loss/Loss_alpha |        0.000485 |
|               Loss/Loss_state_action_metric |         0.00332 |
|                      Loss/Loss_state_metric |         0.00157 |
|             Loss/Loss_state_action_to_state |         7.1e-06 |
|                           Loss/Act_rep_loss |          0.0661 |
|                                   SAC/Alpha |           0.004 |
|                              SAC/LogPi_mean |           0.872 |
|                                 SAC/Q1_mean |            99.2 |
|                                 SAC/Q2_mean |            99.3 |
|                            Norm/actor_model |             204 |
|                           Norm/critic_model |             218 |
|              Norm/state_action_metric_model |            93.1 |
|                     Norm/state_metric_model |             102 |
|        Norm/state_action_state_metric_model |             112 |
|                  Metric/self_state_distance |        0.000145 |
|                 Metric/cross_state_distance |           0.933 |
|           Metric/self_state_action_distance |        0.000405 |
|          Metric/cross_state_action_distance |           0.919 |
|             Metric/avg_self_state_asymmetry |               0 |
|            Metric/avg_cross_state_asymmetry |        0.000737 |
|                Metric/avg_self_sa_asymmetry |               0 |
|               Metric/avg_cross_sa_asymmetry |         0.00124 |
|  Metric/self_state_action_to_state_distance |        2.35e-05 |
| Metric/cross_state_action_to_state_distance |           0.918 |
|                   Metric/h_lambda_diff_self |        0.000394 |
|                  Metric/h_lambda_diff_cross |         0.00174 |
|                                 Eval/Return |             974 |
-----------------------------------------------------------------
-----------------------------------------------------------------
|                                 Train/Steps |         4.1e+06 |
|                            Loss/Loss_critic |          0.0232 |
|                             Loss/Loss_actor |           -99.4 |
|                             Loss/Loss_alpha |        8.08e-05 |
|               Loss/Loss_state_action_metric |         0.00371 |
|                      Loss/Loss_state_metric |         0.00231 |
|             Loss/Loss_state_action_to_state |        2.19e-05 |
|                           Loss/Act_rep_loss |          0.0686 |
|                                   SAC/Alpha |         0.00297 |
|                              SAC/LogPi_mean |           0.992 |
|                                 SAC/Q1_mean |            99.5 |
|                                 SAC/Q2_mean |            99.4 |
|                            Norm/actor_model |             206 |
|                           Norm/critic_model |             221 |
|              Norm/state_action_metric_model |            94.3 |
|                     Norm/state_metric_model |             104 |
|        Norm/state_action_state_metric_model |             115 |
|                  Metric/self_state_distance |        7.38e-05 |
|                 Metric/cross_state_distance |           0.927 |
|           Metric/self_state_action_distance |        1.04e-05 |
|          Metric/cross_state_action_distance |            0.91 |
|             Metric/avg_self_state_asymmetry |               0 |
|            Metric/avg_cross_state_asymmetry |         0.00169 |
|                Metric/avg_self_sa_asymmetry |               0 |
|               Metric/avg_cross_sa_asymmetry |         0.00114 |
|  Metric/self_state_action_to_state_distance |        0.000132 |
| Metric/cross_state_action_to_state_distance |           0.912 |
|                   Metric/h_lambda_diff_self |        0.000138 |
|                  Metric/h_lambda_diff_cross |         0.00204 |
|                                 Eval/Return |             975 |
-----------------------------------------------------------------
[32mSaving model …[0m
[32mDone.[0m
[32mSaving model …[0m
[32mDone.[0m
-----------------------------------------------------------------
|                                 Train/Steps |        4.23e+06 |
|                            Loss/Loss_critic |          0.0174 |
|                             Loss/Loss_actor |           -99.6 |
|                             Loss/Loss_alpha |       -0.000399 |
|               Loss/Loss_state_action_metric |         0.00315 |
|                      Loss/Loss_state_metric |         0.00233 |
|             Loss/Loss_state_action_to_state |        3.69e-06 |
|                           Loss/Act_rep_loss |          0.0675 |
|                                   SAC/Alpha |         0.00285 |
|                              SAC/LogPi_mean |            1.03 |
|                                 SAC/Q1_mean |            99.7 |
|                                 SAC/Q2_mean |            99.7 |
|                            Norm/actor_model |             208 |
|                           Norm/critic_model |             223 |
|              Norm/state_action_metric_model |            96.3 |
|                     Norm/state_metric_model |             106 |
|        Norm/state_action_state_metric_model |             117 |
|                  Metric/self_state_distance |         0.00354 |
|                 Metric/cross_state_distance |           0.925 |
|           Metric/self_state_action_distance |        0.000813 |
|          Metric/cross_state_action_distance |            0.91 |
|             Metric/avg_self_state_asymmetry |               0 |
|            Metric/avg_cross_state_asymmetry |        0.000605 |
|                Metric/avg_self_sa_asymmetry |               0 |
|               Metric/avg_cross_sa_asymmetry |        0.000981 |
|  Metric/self_state_action_to_state_distance |        6.44e-05 |
| Metric/cross_state_action_to_state_distance |           0.911 |
|                   Metric/h_lambda_diff_self |         0.00077 |
|                  Metric/h_lambda_diff_cross |         0.00149 |
|                                 Eval/Return |             973 |
-----------------------------------------------------------------
-----------------------------------------------------------------
|                                 Train/Steps |        4.36e+06 |
|                            Loss/Loss_critic |          0.0163 |
|                             Loss/Loss_actor |           -99.6 |
|                             Loss/Loss_alpha |         0.00022 |
|               Loss/Loss_state_action_metric |         0.00322 |
|                      Loss/Loss_state_metric |         0.00187 |
|             Loss/Loss_state_action_to_state |        5.25e-06 |
|                           Loss/Act_rep_loss |          0.0679 |
|                                   SAC/Alpha |         0.00238 |
|                              SAC/LogPi_mean |           0.882 |
|                                 SAC/Q1_mean |            99.7 |
|                                 SAC/Q2_mean |            99.7 |
|                            Norm/actor_model |             209 |
|                           Norm/critic_model |             225 |
|              Norm/state_action_metric_model |              98 |
|                     Norm/state_metric_model |             108 |
|        Norm/state_action_state_metric_model |             118 |
|                  Metric/self_state_distance |        0.000181 |
|                 Metric/cross_state_distance |           0.925 |
|           Metric/self_state_action_distance |        0.000709 |
|          Metric/cross_state_action_distance |            0.91 |
|             Metric/avg_self_state_asymmetry |               0 |
|            Metric/avg_cross_state_asymmetry |        0.000555 |
|                Metric/avg_self_sa_asymmetry |               0 |
|               Metric/avg_cross_sa_asymmetry |        0.000826 |
|  Metric/self_state_action_to_state_distance |        4.78e-05 |
| Metric/cross_state_action_to_state_distance |           0.909 |
|                   Metric/h_lambda_diff_self |        0.000686 |
|                  Metric/h_lambda_diff_cross |         0.00153 |
|                                 Eval/Return |             975 |
-----------------------------------------------------------------
-----------------------------------------------------------------
|                                 Train/Steps |        4.49e+06 |
|                            Loss/Loss_critic |          0.0135 |
|                             Loss/Loss_actor |           -99.6 |
|                             Loss/Loss_alpha |        0.000221 |
|               Loss/Loss_state_action_metric |         0.00282 |
|                      Loss/Loss_state_metric |         0.00153 |
|             Loss/Loss_state_action_to_state |        3.48e-06 |
|                           Loss/Act_rep_loss |          0.0691 |
|                                   SAC/Alpha |           0.002 |
|                              SAC/LogPi_mean |           0.919 |
|                                 SAC/Q1_mean |            99.6 |
|                                 SAC/Q2_mean |            99.6 |
|                            Norm/actor_model |             211 |
|                           Norm/critic_model |             227 |
|              Norm/state_action_metric_model |            99.2 |
|                     Norm/state_metric_model |             109 |
|        Norm/state_action_state_metric_model |             120 |
|                  Metric/self_state_distance |        0.000122 |
|                 Metric/cross_state_distance |           0.926 |
|           Metric/self_state_action_distance |        0.000589 |
|          Metric/cross_state_action_distance |           0.911 |
|             Metric/avg_self_state_asymmetry |               0 |
|            Metric/avg_cross_state_asymmetry |        0.000554 |
|                Metric/avg_self_sa_asymmetry |               0 |
|               Metric/avg_cross_sa_asymmetry |        0.000843 |
|  Metric/self_state_action_to_state_distance |        2.65e-05 |
| Metric/cross_state_action_to_state_distance |            0.91 |
|                   Metric/h_lambda_diff_self |        0.000602 |
|                  Metric/h_lambda_diff_cross |          0.0011 |
|                                 Eval/Return |             959 |
-----------------------------------------------------------------
-----------------------------------------------------------------
|                                 Train/Steps |        4.62e+06 |
|                            Loss/Loss_critic |          0.0395 |
|                             Loss/Loss_actor |           -99.7 |
|                             Loss/Loss_alpha |       -0.000349 |
|               Loss/Loss_state_action_metric |         0.00296 |
|                      Loss/Loss_state_metric |         0.00229 |
|             Loss/Loss_state_action_to_state |        7.44e-06 |
|                           Loss/Act_rep_loss |          0.0688 |
|                                   SAC/Alpha |         0.00213 |
|                              SAC/LogPi_mean |            1.16 |
|                                 SAC/Q1_mean |            99.7 |
|                                 SAC/Q2_mean |            99.8 |
|                            Norm/actor_model |             213 |
|                           Norm/critic_model |             230 |
|              Norm/state_action_metric_model |             101 |
|                     Norm/state_metric_model |             111 |
|        Norm/state_action_state_metric_model |             122 |
|                  Metric/self_state_distance |        0.000263 |
|                 Metric/cross_state_distance |           0.923 |
|           Metric/self_state_action_distance |        0.000691 |
|          Metric/cross_state_action_distance |           0.909 |
|             Metric/avg_self_state_asymmetry |               0 |
|            Metric/avg_cross_state_asymmetry |        0.000645 |
|                Metric/avg_self_sa_asymmetry |               0 |
|               Metric/avg_cross_sa_asymmetry |           0.001 |
|  Metric/self_state_action_to_state_distance |        4.75e-05 |
| Metric/cross_state_action_to_state_distance |           0.907 |
|                   Metric/h_lambda_diff_self |        0.000702 |
|                  Metric/h_lambda_diff_cross |         0.00191 |
|                                 Eval/Return |             925 |
-----------------------------------------------------------------
-----------------------------------------------------------------
|                                 Train/Steps |        4.74e+06 |
|                            Loss/Loss_critic |          0.0379 |
|                             Loss/Loss_actor |           -99.5 |
|                             Loss/Loss_alpha |         1.9e-05 |
|               Loss/Loss_state_action_metric |         0.00368 |
|                      Loss/Loss_state_metric |          0.0027 |
|             Loss/Loss_state_action_to_state |        4.32e-06 |
|                           Loss/Act_rep_loss |          0.0663 |
|                                   SAC/Alpha |         0.00232 |
|                              SAC/LogPi_mean |            1.03 |
|                                 SAC/Q1_mean |            99.5 |
|                                 SAC/Q2_mean |            99.5 |
|                            Norm/actor_model |             215 |
|                           Norm/critic_model |             232 |
|              Norm/state_action_metric_model |             102 |
|                     Norm/state_metric_model |             113 |
|        Norm/state_action_state_metric_model |             123 |
|                  Metric/self_state_distance |        0.000116 |
|                 Metric/cross_state_distance |           0.925 |
|           Metric/self_state_action_distance |        0.000614 |
|          Metric/cross_state_action_distance |           0.908 |
|             Metric/avg_self_state_asymmetry |               0 |
|            Metric/avg_cross_state_asymmetry |        0.000833 |
|                Metric/avg_self_sa_asymmetry |               0 |
|               Metric/avg_cross_sa_asymmetry |         0.00103 |
|  Metric/self_state_action_to_state_distance |        1.52e-05 |
| Metric/cross_state_action_to_state_distance |           0.909 |
|                   Metric/h_lambda_diff_self |        0.000602 |
|                  Metric/h_lambda_diff_cross |         0.00133 |
|                                 Eval/Return |             948 |
-----------------------------------------------------------------
-----------------------------------------------------------------
|                                 Train/Steps |        4.87e+06 |
|                            Loss/Loss_critic |          0.0171 |
|                             Loss/Loss_actor |           -99.7 |
|                             Loss/Loss_alpha |        0.000124 |
|               Loss/Loss_state_action_metric |         0.00319 |
|                      Loss/Loss_state_metric |          0.0019 |
|             Loss/Loss_state_action_to_state |        1.08e-05 |
|                           Loss/Act_rep_loss |          0.0677 |
|                                   SAC/Alpha |         0.00237 |
|                              SAC/LogPi_mean |            0.87 |
|                                 SAC/Q1_mean |            99.8 |
|                                 SAC/Q2_mean |            99.7 |
|                            Norm/actor_model |             217 |
|                           Norm/critic_model |             234 |
|              Norm/state_action_metric_model |             104 |
|                     Norm/state_metric_model |             114 |
|        Norm/state_action_state_metric_model |             125 |
|                  Metric/self_state_distance |         6.9e-05 |
|                 Metric/cross_state_distance |           0.926 |
|           Metric/self_state_action_distance |        0.000947 |
|          Metric/cross_state_action_distance |            0.91 |
|             Metric/avg_self_state_asymmetry |               0 |
|            Metric/avg_cross_state_asymmetry |        0.000574 |
|                Metric/avg_self_sa_asymmetry |               0 |
|               Metric/avg_cross_sa_asymmetry |         0.00106 |
|  Metric/self_state_action_to_state_distance |        2.49e-05 |
| Metric/cross_state_action_to_state_distance |           0.909 |
|                   Metric/h_lambda_diff_self |        0.000953 |
|                  Metric/h_lambda_diff_cross |         0.00176 |
|                                 Eval/Return |             980 |
-----------------------------------------------------------------
-----------------------------------------------------------------
|                                 Train/Steps |           5e+06 |
|                            Loss/Loss_critic |          0.0299 |
|                             Loss/Loss_actor |           -99.6 |
|                             Loss/Loss_alpha |        9.66e-05 |
|               Loss/Loss_state_action_metric |         0.00315 |
|                      Loss/Loss_state_metric |         0.00151 |
|             Loss/Loss_state_action_to_state |         1.2e-05 |
|                           Loss/Act_rep_loss |          0.0667 |
|                                   SAC/Alpha |         0.00237 |
|                              SAC/LogPi_mean |           0.952 |
|                                 SAC/Q1_mean |            99.6 |
|                                 SAC/Q2_mean |            99.7 |
|                            Norm/actor_model |             218 |
|                           Norm/critic_model |             237 |
|              Norm/state_action_metric_model |             104 |
|                     Norm/state_metric_model |             115 |
|        Norm/state_action_state_metric_model |             126 |
|                  Metric/self_state_distance |        9.69e-05 |
|                 Metric/cross_state_distance |           0.929 |
|           Metric/self_state_action_distance |         0.00015 |
|          Metric/cross_state_action_distance |           0.914 |
|             Metric/avg_self_state_asymmetry |               0 |
|            Metric/avg_cross_state_asymmetry |        0.000706 |
|                Metric/avg_self_sa_asymmetry |               0 |
|               Metric/avg_cross_sa_asymmetry |         0.00121 |
|  Metric/self_state_action_to_state_distance |        7.96e-06 |
| Metric/cross_state_action_to_state_distance |           0.913 |
|                   Metric/h_lambda_diff_self |         0.00015 |
|                  Metric/h_lambda_diff_cross |         0.00146 |
|                                 Eval/Return |             943 |
-----------------------------------------------------------------
[32mSaving model …[0m
[32mDone.[0m
[32mSaving model …[0m
[32mDone.[0m
