E0923 12:12:39.855203 3156410 cuda_executor.cc:1526] Could not get kernel mode driver version: (INVALID_ARGUMENT: Version does not match the format X.Y.Z)
E0923 12:12:39.863858 3156300 cuda_executor.cc:1526] Could not get kernel mode driver version: (INVALID_ARGUMENT: Version does not match the format X.Y.Z)
[32mStart prefilling replay buffer[0m
[32mStart SAC training[0m
[32m{'log_freq': 1000, 'save_freq': 1000000, 'eval_episode_freq': 10, 'hidden_size': 256, 'lr': 0.001, 'max_grad_norm': 0.0, 'gamma': 0.99, 'update_tau': 0.005, 'train_per_step': 8, 'episode_length': 1000, 'warmup_samples': 8192, 'max_replay_size': 4000000, 'batch_size': 512, 'total_env_steps': 5000000, 'init_temperature': 0.1, 'nstep': 3, 'bootstrap_on_truncation': True, 'rep_lr_scale': 1.5, 'vis_feq': 100000, 'n_vis_frames': 4, 'num_envs': 128, 'grad_steps': 50, 'transfer_freq': 10, 'transfer_steps': 8, 'reward_scaling': 1.0, 'num_eval_envs': 128, 'target_entropy': -1.0}[0m
[32m[nstep] nstep=3 bootstrap_on_truncation=True (discount from the buffer already contains gamma^nstep)[0m
-----------------------------------------------------------------
|                                 Train/Steps |        1.36e+05 |
|                            Loss/Loss_critic |            1.28 |
|                             Loss/Loss_actor |           -40.7 |
|                             Loss/Loss_alpha |        -0.00879 |
|               Loss/Loss_state_action_metric |            3.55 |
|                      Loss/Loss_state_metric |            1.28 |
|             Loss/Loss_state_action_to_state |         0.00821 |
|                           Loss/Act_rep_loss |          0.0111 |
|                                   SAC/Alpha |          0.0802 |
|                              SAC/LogPi_mean |            1.16 |
|                                 SAC/Q1_mean |            40.3 |
|                                 SAC/Q2_mean |            40.3 |
|                            Norm/actor_model |            52.5 |
|                           Norm/critic_model |              92 |
|              Norm/state_action_metric_model |            31.1 |
|                     Norm/state_metric_model |              31 |
|        Norm/state_action_state_metric_model |            30.7 |
|                  Metric/self_state_distance |          0.0138 |
|                 Metric/cross_state_distance |            2.45 |
|           Metric/self_state_action_distance |          0.0402 |
|          Metric/cross_state_action_distance |            3.82 |
|             Metric/avg_self_state_asymmetry |               0 |
|            Metric/avg_cross_state_asymmetry |          0.0418 |
|                Metric/avg_self_sa_asymmetry |               0 |
|               Metric/avg_cross_sa_asymmetry |          0.0881 |
|  Metric/self_state_action_to_state_distance |         0.00945 |
| Metric/cross_state_action_to_state_distance |            3.76 |
|                   Metric/h_lambda_diff_self |          0.0318 |
|                  Metric/h_lambda_diff_cross |           0.126 |
|                                 Eval/Return |             924 |
-----------------------------------------------------------------
-----------------------------------------------------------------
|                                 Train/Steps |        2.64e+05 |
|                            Loss/Loss_critic |           0.694 |
|                             Loss/Loss_actor |           -74.8 |
|                             Loss/Loss_alpha |        -0.00149 |
|               Loss/Loss_state_action_metric |            3.03 |
|                      Loss/Loss_state_metric |           0.918 |
|             Loss/Loss_state_action_to_state |         0.00515 |
|                           Loss/Act_rep_loss |          0.0201 |
|                                   SAC/Alpha |          0.0508 |
|                              SAC/LogPi_mean |           0.988 |
|                                 SAC/Q1_mean |            74.4 |
|                                 SAC/Q2_mean |            74.3 |
|                            Norm/actor_model |            66.1 |
|                           Norm/critic_model |             110 |
|              Norm/state_action_metric_model |            34.8 |
|                     Norm/state_metric_model |            34.1 |
|        Norm/state_action_state_metric_model |              35 |
|                  Metric/self_state_distance |           0.011 |
|                 Metric/cross_state_distance |            2.17 |
|           Metric/self_state_action_distance |          0.0276 |
|          Metric/cross_state_action_distance |            3.08 |
|             Metric/avg_self_state_asymmetry |               0 |
|            Metric/avg_cross_state_asymmetry |          0.0325 |
|                Metric/avg_self_sa_asymmetry |               0 |
|               Metric/avg_cross_sa_asymmetry |          0.0648 |
|  Metric/self_state_action_to_state_distance |          0.0113 |
| Metric/cross_state_action_to_state_distance |            3.07 |
|                   Metric/h_lambda_diff_self |          0.0207 |
|                  Metric/h_lambda_diff_cross |          0.0617 |
|                                 Eval/Return |             966 |
-----------------------------------------------------------------
-----------------------------------------------------------------
|                                 Train/Steps |        3.92e+05 |
|                            Loss/Loss_critic |           0.421 |
|                             Loss/Loss_actor |           -87.1 |
|                             Loss/Loss_alpha |        0.000272 |
|               Loss/Loss_state_action_metric |            1.74 |
|                      Loss/Loss_state_metric |           0.757 |
|             Loss/Loss_state_action_to_state |         0.00392 |
|                           Loss/Act_rep_loss |         0.00531 |
|                                   SAC/Alpha |          0.0333 |
|                              SAC/LogPi_mean |           0.866 |
|                                 SAC/Q1_mean |            86.9 |
|                                 SAC/Q2_mean |            86.9 |
|                            Norm/actor_model |            76.9 |
|                           Norm/critic_model |             119 |
|              Norm/state_action_metric_model |            38.6 |
|                     Norm/state_metric_model |            37.3 |
|        Norm/state_action_state_metric_model |            39.3 |
|                  Metric/self_state_distance |         0.00334 |
|                 Metric/cross_state_distance |             1.9 |
|           Metric/self_state_action_distance |          0.0147 |
|          Metric/cross_state_action_distance |            2.52 |
|             Metric/avg_self_state_asymmetry |               0 |
|            Metric/avg_cross_state_asymmetry |          0.0321 |
|                Metric/avg_self_sa_asymmetry |               0 |
|               Metric/avg_cross_sa_asymmetry |          0.0525 |
|  Metric/self_state_action_to_state_distance |         0.00257 |
| Metric/cross_state_action_to_state_distance |            2.51 |
|                   Metric/h_lambda_diff_self |          0.0125 |
|                  Metric/h_lambda_diff_cross |          0.0605 |
|                                 Eval/Return |             949 |
-----------------------------------------------------------------
-----------------------------------------------------------------
|                                 Train/Steps |         5.2e+05 |
|                            Loss/Loss_critic |           0.375 |
|                             Loss/Loss_actor |           -93.2 |
|                             Loss/Loss_alpha |         0.00023 |
|               Loss/Loss_state_action_metric |            1.67 |
|                      Loss/Loss_state_metric |           0.606 |
|             Loss/Loss_state_action_to_state |         0.00326 |
|                           Loss/Act_rep_loss |          0.0265 |
|                                   SAC/Alpha |          0.0244 |
|                              SAC/LogPi_mean |            1.06 |
|                                 SAC/Q1_mean |              93 |
|                                 SAC/Q2_mean |              93 |
|                            Norm/actor_model |            86.2 |
|                           Norm/critic_model |             126 |
|              Norm/state_action_metric_model |            42.3 |
|                     Norm/state_metric_model |            40.6 |
|        Norm/state_action_state_metric_model |            43.5 |
|                  Metric/self_state_distance |          0.0101 |
|                 Metric/cross_state_distance |            1.68 |
|           Metric/self_state_action_distance |          0.0087 |
|          Metric/cross_state_action_distance |            2.26 |
|             Metric/avg_self_state_asymmetry |               0 |
|            Metric/avg_cross_state_asymmetry |           0.041 |
|                Metric/avg_self_sa_asymmetry |               0 |
|               Metric/avg_cross_sa_asymmetry |          0.0488 |
|  Metric/self_state_action_to_state_distance |          0.0051 |
| Metric/cross_state_action_to_state_distance |             2.3 |
|                   Metric/h_lambda_diff_self |          0.0066 |
|                  Metric/h_lambda_diff_cross |          0.0708 |
|                                 Eval/Return |             965 |
-----------------------------------------------------------------
-----------------------------------------------------------------
|                                 Train/Steps |        6.48e+05 |
|                            Loss/Loss_critic |           0.327 |
|                             Loss/Loss_actor |           -94.3 |
|                             Loss/Loss_alpha |         0.00269 |
|               Loss/Loss_state_action_metric |            1.92 |
|                      Loss/Loss_state_metric |           0.396 |
|             Loss/Loss_state_action_to_state |         0.00378 |
|                           Loss/Act_rep_loss |          0.0176 |
|                                   SAC/Alpha |          0.0188 |
|                              SAC/LogPi_mean |           0.831 |
|                                 SAC/Q1_mean |            94.3 |
|                                 SAC/Q2_mean |            94.2 |
|                            Norm/actor_model |            93.6 |
|                           Norm/critic_model |             132 |
|              Norm/state_action_metric_model |            46.1 |
|                     Norm/state_metric_model |            43.8 |
|        Norm/state_action_state_metric_model |            47.6 |
|                  Metric/self_state_distance |         0.00338 |
|                 Metric/cross_state_distance |            1.58 |
|           Metric/self_state_action_distance |           0.011 |
|          Metric/cross_state_action_distance |            2.13 |
|             Metric/avg_self_state_asymmetry |               0 |
|            Metric/avg_cross_state_asymmetry |          0.0252 |
|                Metric/avg_self_sa_asymmetry |               0 |
|               Metric/avg_cross_sa_asymmetry |          0.0393 |
|  Metric/self_state_action_to_state_distance |         0.00176 |
| Metric/cross_state_action_to_state_distance |            2.09 |
|                   Metric/h_lambda_diff_self |         0.00986 |
|                  Metric/h_lambda_diff_cross |          0.0528 |
|                                 Eval/Return |             968 |
-----------------------------------------------------------------
-----------------------------------------------------------------
|                                 Train/Steps |        7.76e+05 |
|                            Loss/Loss_critic |           0.164 |
|                             Loss/Loss_actor |           -94.2 |
|                             Loss/Loss_alpha |        -0.00169 |
|               Loss/Loss_state_action_metric |            1.99 |
|                      Loss/Loss_state_metric |           0.548 |
|             Loss/Loss_state_action_to_state |         0.00279 |
|                           Loss/Act_rep_loss |         0.00732 |
|                                   SAC/Alpha |          0.0154 |
|                              SAC/LogPi_mean |             1.1 |
|                                 SAC/Q1_mean |            94.2 |
|                                 SAC/Q2_mean |            94.3 |
|                            Norm/actor_model |             100 |
|                           Norm/critic_model |             137 |
|              Norm/state_action_metric_model |            49.5 |
|                     Norm/state_metric_model |            47.2 |
|        Norm/state_action_state_metric_model |            51.4 |
|                  Metric/self_state_distance |         0.00534 |
|                 Metric/cross_state_distance |             1.6 |
|           Metric/self_state_action_distance |          0.0193 |
|          Metric/cross_state_action_distance |             2.1 |
|             Metric/avg_self_state_asymmetry |               0 |
|            Metric/avg_cross_state_asymmetry |          0.0202 |
|                Metric/avg_self_sa_asymmetry |               0 |
|               Metric/avg_cross_sa_asymmetry |          0.0404 |
|  Metric/self_state_action_to_state_distance |         0.00586 |
| Metric/cross_state_action_to_state_distance |            2.05 |
|                   Metric/h_lambda_diff_self |          0.0165 |
|                  Metric/h_lambda_diff_cross |          0.0733 |
|                                 Eval/Return |             950 |
-----------------------------------------------------------------
-----------------------------------------------------------------
|                                 Train/Steps |        9.04e+05 |
|                            Loss/Loss_critic |           0.213 |
|                             Loss/Loss_actor |           -96.7 |
|                             Loss/Loss_alpha |        0.000774 |
|               Loss/Loss_state_action_metric |            1.46 |
|                      Loss/Loss_state_metric |           0.362 |
|             Loss/Loss_state_action_to_state |         0.00226 |
|                           Loss/Act_rep_loss |          0.0304 |
|                                   SAC/Alpha |          0.0123 |
|                              SAC/LogPi_mean |           0.947 |
|                                 SAC/Q1_mean |            96.7 |
|                                 SAC/Q2_mean |            96.6 |
|                            Norm/actor_model |             106 |
|                           Norm/critic_model |             142 |
|              Norm/state_action_metric_model |            52.9 |
|                     Norm/state_metric_model |            50.6 |
|        Norm/state_action_state_metric_model |              55 |
|                  Metric/self_state_distance |        4.82e-05 |
|                 Metric/cross_state_distance |            1.45 |
|           Metric/self_state_action_distance |           0.012 |
|          Metric/cross_state_action_distance |            1.77 |
|             Metric/avg_self_state_asymmetry |               0 |
|            Metric/avg_cross_state_asymmetry |           0.023 |
|                Metric/avg_self_sa_asymmetry |               0 |
|               Metric/avg_cross_sa_asymmetry |          0.0386 |
|  Metric/self_state_action_to_state_distance |         0.00394 |
| Metric/cross_state_action_to_state_distance |            1.79 |
|                   Metric/h_lambda_diff_self |         0.00987 |
|                  Metric/h_lambda_diff_cross |          0.0499 |
|                                 Eval/Return |             947 |
-----------------------------------------------------------------
-----------------------------------------------------------------
|                                 Train/Steps |        1.03e+06 |
|                            Loss/Loss_critic |           0.189 |
|                             Loss/Loss_actor |           -95.7 |
|                             Loss/Loss_alpha |         -0.0018 |
|               Loss/Loss_state_action_metric |            1.24 |
|                      Loss/Loss_state_metric |           0.365 |
|             Loss/Loss_state_action_to_state |         0.00648 |
|                           Loss/Act_rep_loss |         0.00763 |
|                                   SAC/Alpha |           0.011 |
|                              SAC/LogPi_mean |            1.21 |
|                                 SAC/Q1_mean |            95.6 |
|                                 SAC/Q2_mean |            95.7 |
|                            Norm/actor_model |             112 |
|                           Norm/critic_model |             147 |
|              Norm/state_action_metric_model |            56.1 |
|                     Norm/state_metric_model |            54.3 |
|        Norm/state_action_state_metric_model |            58.6 |
|                  Metric/self_state_distance |         0.00541 |
|                 Metric/cross_state_distance |            1.56 |
|           Metric/self_state_action_distance |          0.0124 |
|          Metric/cross_state_action_distance |            1.94 |
|             Metric/avg_self_state_asymmetry |               0 |
|            Metric/avg_cross_state_asymmetry |          0.0195 |
|                Metric/avg_self_sa_asymmetry |               0 |
|               Metric/avg_cross_sa_asymmetry |          0.0426 |
|  Metric/self_state_action_to_state_distance |          0.0025 |
| Metric/cross_state_action_to_state_distance |            1.97 |
|                   Metric/h_lambda_diff_self |          0.0111 |
|                  Metric/h_lambda_diff_cross |          0.0659 |
|                                 Eval/Return |             947 |
-----------------------------------------------------------------
[32mSaving model …[0m
[32mDone.[0m
[32mSaving model …[0m
[32mDone.[0m
-----------------------------------------------------------------
|                                 Train/Steps |        1.16e+06 |
|                            Loss/Loss_critic |           0.202 |
|                             Loss/Loss_actor |             -97 |
|                             Loss/Loss_alpha |        -0.00081 |
|               Loss/Loss_state_action_metric |            1.04 |
|                      Loss/Loss_state_metric |           0.395 |
|             Loss/Loss_state_action_to_state |         0.00293 |
|                           Loss/Act_rep_loss |         0.00381 |
|                                   SAC/Alpha |          0.0104 |
|                              SAC/LogPi_mean |            1.18 |
|                                 SAC/Q1_mean |            96.9 |
|                                 SAC/Q2_mean |              97 |
|                            Norm/actor_model |             118 |
|                           Norm/critic_model |             152 |
|              Norm/state_action_metric_model |            58.9 |
|                     Norm/state_metric_model |            58.1 |
|        Norm/state_action_state_metric_model |            61.9 |
|                  Metric/self_state_distance |         0.00149 |
|                 Metric/cross_state_distance |            1.52 |
|           Metric/self_state_action_distance |         0.00452 |
|          Metric/cross_state_action_distance |            1.92 |
|             Metric/avg_self_state_asymmetry |               0 |
|            Metric/avg_cross_state_asymmetry |          0.0214 |
|                Metric/avg_self_sa_asymmetry |               0 |
|               Metric/avg_cross_sa_asymmetry |          0.0356 |
|  Metric/self_state_action_to_state_distance |        0.000685 |
| Metric/cross_state_action_to_state_distance |            1.88 |
|                   Metric/h_lambda_diff_self |         0.00464 |
|                  Metric/h_lambda_diff_cross |          0.0534 |
|                                 Eval/Return |             937 |
-----------------------------------------------------------------
-----------------------------------------------------------------
|                                 Train/Steps |        1.29e+06 |
|                            Loss/Loss_critic |           0.151 |
|                             Loss/Loss_actor |           -97.2 |
|                             Loss/Loss_alpha |         -0.0012 |
|               Loss/Loss_state_action_metric |            1.11 |
|                      Loss/Loss_state_metric |           0.474 |
|             Loss/Loss_state_action_to_state |         0.00176 |
|                           Loss/Act_rep_loss |          0.0142 |
|                                   SAC/Alpha |          0.0098 |
|                              SAC/LogPi_mean |            1.08 |
|                                 SAC/Q1_mean |            97.2 |
|                                 SAC/Q2_mean |            97.2 |
|                            Norm/actor_model |             123 |
|                           Norm/critic_model |             157 |
|              Norm/state_action_metric_model |              62 |
|                     Norm/state_metric_model |            61.6 |
|        Norm/state_action_state_metric_model |              65 |
|                  Metric/self_state_distance |        0.000837 |
|                 Metric/cross_state_distance |             1.5 |
|           Metric/self_state_action_distance |          0.0177 |
|          Metric/cross_state_action_distance |            1.86 |
|             Metric/avg_self_state_asymmetry |               0 |
|            Metric/avg_cross_state_asymmetry |          0.0163 |
|                Metric/avg_self_sa_asymmetry |               0 |
|               Metric/avg_cross_sa_asymmetry |          0.0292 |
|  Metric/self_state_action_to_state_distance |          0.0023 |
| Metric/cross_state_action_to_state_distance |            1.84 |
|                   Metric/h_lambda_diff_self |          0.0163 |
|                  Metric/h_lambda_diff_cross |          0.0524 |
|                                 Eval/Return |             950 |
-----------------------------------------------------------------
-----------------------------------------------------------------
|                                 Train/Steps |        1.42e+06 |
|                            Loss/Loss_critic |           0.152 |
|                             Loss/Loss_actor |           -97.3 |
|                             Loss/Loss_alpha |        -0.00131 |
|               Loss/Loss_state_action_metric |            1.14 |
|                      Loss/Loss_state_metric |           0.457 |
|             Loss/Loss_state_action_to_state |         0.00323 |
|                           Loss/Act_rep_loss |         0.00584 |
|                                   SAC/Alpha |          0.0089 |
|                              SAC/LogPi_mean |            1.19 |
|                                 SAC/Q1_mean |            97.2 |
|                                 SAC/Q2_mean |            97.3 |
|                            Norm/actor_model |             127 |
|                           Norm/critic_model |             161 |
|              Norm/state_action_metric_model |            64.7 |
|                     Norm/state_metric_model |            65.6 |
|        Norm/state_action_state_metric_model |            68.3 |
|                  Metric/self_state_distance |         0.00197 |
|                 Metric/cross_state_distance |            1.51 |
|           Metric/self_state_action_distance |         0.00515 |
|          Metric/cross_state_action_distance |            1.85 |
|             Metric/avg_self_state_asymmetry |               0 |
|            Metric/avg_cross_state_asymmetry |           0.018 |
|                Metric/avg_self_sa_asymmetry |               0 |
|               Metric/avg_cross_sa_asymmetry |          0.0325 |
|  Metric/self_state_action_to_state_distance |         0.00129 |
| Metric/cross_state_action_to_state_distance |            1.77 |
|                   Metric/h_lambda_diff_self |         0.00491 |
|                  Metric/h_lambda_diff_cross |          0.0892 |
|                                 Eval/Return |             890 |
-----------------------------------------------------------------
-----------------------------------------------------------------
|                                 Train/Steps |        1.54e+06 |
|                            Loss/Loss_critic |           0.125 |
|                             Loss/Loss_actor |             -98 |
|                             Loss/Loss_alpha |        0.000122 |
|               Loss/Loss_state_action_metric |           0.836 |
|                      Loss/Loss_state_metric |           0.329 |
|             Loss/Loss_state_action_to_state |         0.00185 |
|                           Loss/Act_rep_loss |         0.00789 |
|                                   SAC/Alpha |         0.00781 |
|                              SAC/LogPi_mean |            0.96 |
|                                 SAC/Q1_mean |            97.9 |
|                                 SAC/Q2_mean |            97.9 |
|                            Norm/actor_model |             132 |
|                           Norm/critic_model |             166 |
|              Norm/state_action_metric_model |              67 |
|                     Norm/state_metric_model |            69.5 |
|        Norm/state_action_state_metric_model |            71.3 |
|                  Metric/self_state_distance |         0.00264 |
|                 Metric/cross_state_distance |            1.37 |
|           Metric/self_state_action_distance |          0.0176 |
|          Metric/cross_state_action_distance |            1.68 |
|             Metric/avg_self_state_asymmetry |               0 |
|            Metric/avg_cross_state_asymmetry |          0.0161 |
|                Metric/avg_self_sa_asymmetry |               0 |
|               Metric/avg_cross_sa_asymmetry |          0.0291 |
|  Metric/self_state_action_to_state_distance |        0.000266 |
| Metric/cross_state_action_to_state_distance |            1.65 |
|                   Metric/h_lambda_diff_self |          0.0173 |
|                  Metric/h_lambda_diff_cross |          0.0506 |
|                                 Eval/Return |             944 |
-----------------------------------------------------------------
-----------------------------------------------------------------
|                                 Train/Steps |        1.67e+06 |
|                            Loss/Loss_critic |           0.186 |
|                             Loss/Loss_actor |           -97.6 |
|                             Loss/Loss_alpha |       -0.000488 |
|               Loss/Loss_state_action_metric |           0.801 |
|                      Loss/Loss_state_metric |           0.263 |
|             Loss/Loss_state_action_to_state |         0.00258 |
|                           Loss/Act_rep_loss |           0.019 |
|                                   SAC/Alpha |          0.0077 |
|                              SAC/LogPi_mean |            1.08 |
|                                 SAC/Q1_mean |            97.6 |
|                                 SAC/Q2_mean |            97.6 |
|                            Norm/actor_model |             136 |
|                           Norm/critic_model |             170 |
|              Norm/state_action_metric_model |            69.4 |
|                     Norm/state_metric_model |            73.2 |
|        Norm/state_action_state_metric_model |            74.3 |
|                  Metric/self_state_distance |         0.00139 |
|                 Metric/cross_state_distance |            1.34 |
|           Metric/self_state_action_distance |         0.00189 |
|          Metric/cross_state_action_distance |            1.58 |
|             Metric/avg_self_state_asymmetry |               0 |
|            Metric/avg_cross_state_asymmetry |          0.0191 |
|                Metric/avg_self_sa_asymmetry |               0 |
|               Metric/avg_cross_sa_asymmetry |          0.0332 |
|  Metric/self_state_action_to_state_distance |        0.000552 |
| Metric/cross_state_action_to_state_distance |            1.59 |
|                   Metric/h_lambda_diff_self |         0.00187 |
|                  Metric/h_lambda_diff_cross |          0.0462 |
|                                 Eval/Return |             928 |
-----------------------------------------------------------------
-----------------------------------------------------------------
|                                 Train/Steps |         1.8e+06 |
|                            Loss/Loss_critic |           0.271 |
|                             Loss/Loss_actor |           -97.3 |
|                             Loss/Loss_alpha |       -0.000463 |
|               Loss/Loss_state_action_metric |            1.18 |
|                      Loss/Loss_state_metric |           0.341 |
|             Loss/Loss_state_action_to_state |          0.0023 |
|                           Loss/Act_rep_loss |          0.0117 |
|                                   SAC/Alpha |         0.00722 |
|                              SAC/LogPi_mean |            1.16 |
|                                 SAC/Q1_mean |            97.3 |
|                                 SAC/Q2_mean |            97.4 |
|                            Norm/actor_model |             140 |
|                           Norm/critic_model |             174 |
|              Norm/state_action_metric_model |            71.6 |
|                     Norm/state_metric_model |              77 |
|        Norm/state_action_state_metric_model |            77.1 |
|                  Metric/self_state_distance |         0.00113 |
|                 Metric/cross_state_distance |             1.4 |
|           Metric/self_state_action_distance |          0.0054 |
|          Metric/cross_state_action_distance |            1.73 |
|             Metric/avg_self_state_asymmetry |               0 |
|            Metric/avg_cross_state_asymmetry |          0.0173 |
|                Metric/avg_self_sa_asymmetry |               0 |
|               Metric/avg_cross_sa_asymmetry |          0.0321 |
|  Metric/self_state_action_to_state_distance |         0.00576 |
| Metric/cross_state_action_to_state_distance |            1.73 |
|                   Metric/h_lambda_diff_self |         0.00478 |
|                  Metric/h_lambda_diff_cross |          0.0357 |
|                                 Eval/Return |             936 |
-----------------------------------------------------------------
-----------------------------------------------------------------
|                                 Train/Steps |        1.93e+06 |
|                            Loss/Loss_critic |           0.109 |
|                             Loss/Loss_actor |           -97.6 |
|                             Loss/Loss_alpha |       -4.71e-05 |
|               Loss/Loss_state_action_metric |           0.991 |
|                      Loss/Loss_state_metric |             0.3 |
|             Loss/Loss_state_action_to_state |         0.00283 |
|                           Loss/Act_rep_loss |         0.00229 |
|                                   SAC/Alpha |         0.00822 |
|                              SAC/LogPi_mean |            1.05 |
|                                 SAC/Q1_mean |            97.5 |
|                                 SAC/Q2_mean |            97.6 |
|                            Norm/actor_model |             143 |
|                           Norm/critic_model |             179 |
|              Norm/state_action_metric_model |            73.7 |
|                     Norm/state_metric_model |            80.3 |
|        Norm/state_action_state_metric_model |            79.7 |
|                  Metric/self_state_distance |         0.00163 |
|                 Metric/cross_state_distance |            1.35 |
|           Metric/self_state_action_distance |         0.00287 |
|          Metric/cross_state_action_distance |            1.61 |
|             Metric/avg_self_state_asymmetry |               0 |
|            Metric/avg_cross_state_asymmetry |          0.0137 |
|                Metric/avg_self_sa_asymmetry |               0 |
|               Metric/avg_cross_sa_asymmetry |          0.0318 |
|  Metric/self_state_action_to_state_distance |         0.00404 |
| Metric/cross_state_action_to_state_distance |            1.59 |
|                   Metric/h_lambda_diff_self |         0.00336 |
|                  Metric/h_lambda_diff_cross |          0.0306 |
|                                 Eval/Return |             962 |
-----------------------------------------------------------------
-----------------------------------------------------------------
|                                 Train/Steps |        2.06e+06 |
|                            Loss/Loss_critic |          0.0704 |
|                             Loss/Loss_actor |           -98.5 |
|                             Loss/Loss_alpha |       -0.000159 |
|               Loss/Loss_state_action_metric |           0.683 |
|                      Loss/Loss_state_metric |           0.258 |
|             Loss/Loss_state_action_to_state |         0.00149 |
|                           Loss/Act_rep_loss |          0.0175 |
|                                   SAC/Alpha |         0.00745 |
|                              SAC/LogPi_mean |            1.01 |
|                                 SAC/Q1_mean |            98.6 |
|                                 SAC/Q2_mean |            98.4 |
|                            Norm/actor_model |             147 |
|                           Norm/critic_model |             183 |
|              Norm/state_action_metric_model |            75.7 |
|                     Norm/state_metric_model |            83.8 |
|        Norm/state_action_state_metric_model |            82.5 |
|                  Metric/self_state_distance |         0.00108 |
|                 Metric/cross_state_distance |            1.32 |
|           Metric/self_state_action_distance |         0.00327 |
|          Metric/cross_state_action_distance |             1.5 |
|             Metric/avg_self_state_asymmetry |               0 |
|            Metric/avg_cross_state_asymmetry |          0.0149 |
|                Metric/avg_self_sa_asymmetry |               0 |
|               Metric/avg_cross_sa_asymmetry |          0.0247 |
|  Metric/self_state_action_to_state_distance |        0.000783 |
| Metric/cross_state_action_to_state_distance |            1.52 |
|                   Metric/h_lambda_diff_self |         0.00266 |
|                  Metric/h_lambda_diff_cross |          0.0338 |
|                                 Eval/Return |             899 |
-----------------------------------------------------------------
[32mSaving model …[0m
[32mDone.[0m
[32mSaving model …[0m
[32mDone.[0m
-----------------------------------------------------------------
|                                 Train/Steps |        2.18e+06 |
|                            Loss/Loss_critic |           0.095 |
|                             Loss/Loss_actor |             -98 |
|                             Loss/Loss_alpha |        0.000277 |
|               Loss/Loss_state_action_metric |            1.41 |
|                      Loss/Loss_state_metric |           0.288 |
|             Loss/Loss_state_action_to_state |         0.00198 |
|                           Loss/Act_rep_loss |         0.00832 |
|                                   SAC/Alpha |         0.00727 |
|                              SAC/LogPi_mean |           0.995 |
|                                 SAC/Q1_mean |            97.9 |
|                                 SAC/Q2_mean |              98 |
|                            Norm/actor_model |             150 |
|                           Norm/critic_model |             186 |
|              Norm/state_action_metric_model |            77.7 |
|                     Norm/state_metric_model |            87.2 |
|        Norm/state_action_state_metric_model |              85 |
|                  Metric/self_state_distance |         0.00298 |
|                 Metric/cross_state_distance |            1.36 |
|           Metric/self_state_action_distance |         0.00262 |
|          Metric/cross_state_action_distance |            1.62 |
|             Metric/avg_self_state_asymmetry |               0 |
|            Metric/avg_cross_state_asymmetry |          0.0184 |
|                Metric/avg_self_sa_asymmetry |               0 |
|               Metric/avg_cross_sa_asymmetry |          0.0319 |
|  Metric/self_state_action_to_state_distance |          0.0034 |
| Metric/cross_state_action_to_state_distance |             1.6 |
|                   Metric/h_lambda_diff_self |         0.00385 |
|                  Metric/h_lambda_diff_cross |          0.0376 |
|                                 Eval/Return |             969 |
-----------------------------------------------------------------
-----------------------------------------------------------------
|                                 Train/Steps |        2.31e+06 |
|                            Loss/Loss_critic |           0.114 |
|                             Loss/Loss_actor |           -98.9 |
|                             Loss/Loss_alpha |        0.000643 |
|               Loss/Loss_state_action_metric |           0.955 |
|                      Loss/Loss_state_metric |            0.19 |
|             Loss/Loss_state_action_to_state |         0.00371 |
|                           Loss/Act_rep_loss |          0.0055 |
|                                   SAC/Alpha |         0.00785 |
|                              SAC/LogPi_mean |           0.883 |
|                                 SAC/Q1_mean |            98.9 |
|                                 SAC/Q2_mean |              99 |
|                            Norm/actor_model |             154 |
|                           Norm/critic_model |             190 |
|              Norm/state_action_metric_model |            79.5 |
|                     Norm/state_metric_model |            90.5 |
|        Norm/state_action_state_metric_model |            87.6 |
|                  Metric/self_state_distance |        0.000415 |
|                 Metric/cross_state_distance |            1.21 |
|           Metric/self_state_action_distance |         0.00558 |
|          Metric/cross_state_action_distance |            1.38 |
|             Metric/avg_self_state_asymmetry |               0 |
|            Metric/avg_cross_state_asymmetry |          0.0149 |
|                Metric/avg_self_sa_asymmetry |               0 |
|               Metric/avg_cross_sa_asymmetry |          0.0322 |
|  Metric/self_state_action_to_state_distance |        0.000852 |
| Metric/cross_state_action_to_state_distance |            1.37 |
|                   Metric/h_lambda_diff_self |          0.0057 |
|                  Metric/h_lambda_diff_cross |          0.0367 |
|                                 Eval/Return |             952 |
-----------------------------------------------------------------
-----------------------------------------------------------------
|                                 Train/Steps |        2.44e+06 |
|                            Loss/Loss_critic |          0.0861 |
|                             Loss/Loss_actor |           -98.2 |
|                             Loss/Loss_alpha |        -0.00318 |
|               Loss/Loss_state_action_metric |           0.733 |
|                      Loss/Loss_state_metric |           0.289 |
|             Loss/Loss_state_action_to_state |         0.00221 |
|                           Loss/Act_rep_loss |            0.01 |
|                                   SAC/Alpha |         0.00641 |
|                              SAC/LogPi_mean |            1.44 |
|                                 SAC/Q1_mean |            98.2 |
|                                 SAC/Q2_mean |            98.2 |
|                            Norm/actor_model |             157 |
|                           Norm/critic_model |             194 |
|              Norm/state_action_metric_model |            81.4 |
|                     Norm/state_metric_model |            94.3 |
|        Norm/state_action_state_metric_model |            89.9 |
|                  Metric/self_state_distance |        0.000864 |
|                 Metric/cross_state_distance |            1.33 |
|           Metric/self_state_action_distance |          0.0151 |
|          Metric/cross_state_action_distance |            1.58 |
|             Metric/avg_self_state_asymmetry |               0 |
|            Metric/avg_cross_state_asymmetry |          0.0138 |
|                Metric/avg_self_sa_asymmetry |               0 |
|               Metric/avg_cross_sa_asymmetry |          0.0302 |
|  Metric/self_state_action_to_state_distance |         0.00269 |
| Metric/cross_state_action_to_state_distance |            1.59 |
|                   Metric/h_lambda_diff_self |          0.0133 |
|                  Metric/h_lambda_diff_cross |          0.0309 |
|                                 Eval/Return |             958 |
-----------------------------------------------------------------
-----------------------------------------------------------------
|                                 Train/Steps |        2.57e+06 |
|                            Loss/Loss_critic |          0.0571 |
|                             Loss/Loss_actor |           -98.5 |
|                             Loss/Loss_alpha |        0.000436 |
|               Loss/Loss_state_action_metric |           0.597 |
|                      Loss/Loss_state_metric |           0.283 |
|             Loss/Loss_state_action_to_state |         0.00198 |
|                           Loss/Act_rep_loss |          0.0159 |
|                                   SAC/Alpha |         0.00768 |
|                              SAC/LogPi_mean |           0.853 |
|                                 SAC/Q1_mean |            98.5 |
|                                 SAC/Q2_mean |            98.5 |
|                            Norm/actor_model |             160 |
|                           Norm/critic_model |             197 |
|              Norm/state_action_metric_model |            83.1 |
|                     Norm/state_metric_model |            97.6 |
|        Norm/state_action_state_metric_model |            92.5 |
|                  Metric/self_state_distance |         0.00225 |
|                 Metric/cross_state_distance |            1.31 |
|           Metric/self_state_action_distance |         0.00308 |
|          Metric/cross_state_action_distance |            1.48 |
|             Metric/avg_self_state_asymmetry |               0 |
|            Metric/avg_cross_state_asymmetry |          0.0143 |
|                Metric/avg_self_sa_asymmetry |               0 |
|               Metric/avg_cross_sa_asymmetry |          0.0253 |
|  Metric/self_state_action_to_state_distance |        0.000165 |
| Metric/cross_state_action_to_state_distance |             1.5 |
|                   Metric/h_lambda_diff_self |         0.00296 |
|                  Metric/h_lambda_diff_cross |          0.0315 |
|                                 Eval/Return |             949 |
-----------------------------------------------------------------
-----------------------------------------------------------------
|                                 Train/Steps |         2.7e+06 |
|                            Loss/Loss_critic |          0.0834 |
|                             Loss/Loss_actor |           -98.1 |
|                             Loss/Loss_alpha |        -0.00192 |
|               Loss/Loss_state_action_metric |            0.86 |
|                      Loss/Loss_state_metric |           0.225 |
|             Loss/Loss_state_action_to_state |         0.00231 |
|                           Loss/Act_rep_loss |          0.0159 |
|                                   SAC/Alpha |         0.00591 |
|                              SAC/LogPi_mean |            1.43 |
|                                 SAC/Q1_mean |            98.1 |
|                                 SAC/Q2_mean |            98.1 |
|                            Norm/actor_model |             163 |
|                           Norm/critic_model |             201 |
|              Norm/state_action_metric_model |            84.9 |
|                     Norm/state_metric_model |             101 |
|        Norm/state_action_state_metric_model |            94.8 |
|                  Metric/self_state_distance |         0.00274 |
|                 Metric/cross_state_distance |            1.33 |
|           Metric/self_state_action_distance |          0.0147 |
|          Metric/cross_state_action_distance |            1.62 |
|             Metric/avg_self_state_asymmetry |               0 |
|            Metric/avg_cross_state_asymmetry |          0.0177 |
|                Metric/avg_self_sa_asymmetry |               0 |
|               Metric/avg_cross_sa_asymmetry |          0.0323 |
|  Metric/self_state_action_to_state_distance |        0.000995 |
| Metric/cross_state_action_to_state_distance |            1.64 |
|                   Metric/h_lambda_diff_self |          0.0138 |
|                  Metric/h_lambda_diff_cross |          0.0366 |
|                                 Eval/Return |             952 |
-----------------------------------------------------------------
-----------------------------------------------------------------
|                                 Train/Steps |        2.82e+06 |
|                            Loss/Loss_critic |          0.0638 |
|                             Loss/Loss_actor |           -98.6 |
|                             Loss/Loss_alpha |        0.000594 |
|               Loss/Loss_state_action_metric |           0.497 |
|                      Loss/Loss_state_metric |           0.232 |
|             Loss/Loss_state_action_to_state |        0.000988 |
|                           Loss/Act_rep_loss |         0.00387 |
|                                   SAC/Alpha |         0.00625 |
|                              SAC/LogPi_mean |            1.04 |
|                                 SAC/Q1_mean |            98.6 |
|                                 SAC/Q2_mean |            98.5 |
|                            Norm/actor_model |             166 |
|                           Norm/critic_model |             204 |
|              Norm/state_action_metric_model |            86.5 |
|                     Norm/state_metric_model |             104 |
|        Norm/state_action_state_metric_model |            97.1 |
|                  Metric/self_state_distance |        0.000185 |
|                 Metric/cross_state_distance |            1.25 |
|           Metric/self_state_action_distance |         0.00407 |
|          Metric/cross_state_action_distance |            1.43 |
|             Metric/avg_self_state_asymmetry |               0 |
|            Metric/avg_cross_state_asymmetry |          0.0141 |
|                Metric/avg_self_sa_asymmetry |               0 |
|               Metric/avg_cross_sa_asymmetry |          0.0258 |
|  Metric/self_state_action_to_state_distance |         0.00312 |
| Metric/cross_state_action_to_state_distance |            1.41 |
|                   Metric/h_lambda_diff_self |          0.0034 |
|                  Metric/h_lambda_diff_cross |           0.032 |
|                                 Eval/Return |             939 |
-----------------------------------------------------------------
-----------------------------------------------------------------
|                                 Train/Steps |        2.95e+06 |
|                            Loss/Loss_critic |          0.0797 |
|                             Loss/Loss_actor |             -99 |
|                             Loss/Loss_alpha |        0.000655 |
|               Loss/Loss_state_action_metric |            0.51 |
|                      Loss/Loss_state_metric |           0.176 |
|             Loss/Loss_state_action_to_state |         0.00129 |
|                           Loss/Act_rep_loss |         0.00323 |
|                                   SAC/Alpha |         0.00525 |
|                              SAC/LogPi_mean |           0.823 |
|                                 SAC/Q1_mean |              99 |
|                                 SAC/Q2_mean |              99 |
|                            Norm/actor_model |             169 |
|                           Norm/critic_model |             207 |
|              Norm/state_action_metric_model |            88.3 |
|                     Norm/state_metric_model |             108 |
|        Norm/state_action_state_metric_model |            99.1 |
|                  Metric/self_state_distance |        0.000196 |
|                 Metric/cross_state_distance |             1.2 |
|           Metric/self_state_action_distance |         0.00649 |
|          Metric/cross_state_action_distance |            1.36 |
|             Metric/avg_self_state_asymmetry |               0 |
|            Metric/avg_cross_state_asymmetry |          0.0133 |
|                Metric/avg_self_sa_asymmetry |               0 |
|               Metric/avg_cross_sa_asymmetry |          0.0249 |
|  Metric/self_state_action_to_state_distance |          0.0015 |
| Metric/cross_state_action_to_state_distance |            1.34 |
|                   Metric/h_lambda_diff_self |         0.00574 |
|                  Metric/h_lambda_diff_cross |          0.0337 |
|                                 Eval/Return |             951 |
-----------------------------------------------------------------
-----------------------------------------------------------------
|                                 Train/Steps |        3.08e+06 |
|                            Loss/Loss_critic |          0.0483 |
|                             Loss/Loss_actor |           -98.7 |
|                             Loss/Loss_alpha |        0.000373 |
|               Loss/Loss_state_action_metric |           0.767 |
|                      Loss/Loss_state_metric |           0.208 |
|             Loss/Loss_state_action_to_state |         0.00122 |
|                           Loss/Act_rep_loss |         0.00897 |
|                                   SAC/Alpha |         0.00546 |
|                              SAC/LogPi_mean |             1.1 |
|                                 SAC/Q1_mean |            98.7 |
|                                 SAC/Q2_mean |            98.8 |
|                            Norm/actor_model |             172 |
|                           Norm/critic_model |             210 |
|              Norm/state_action_metric_model |            89.9 |
|                     Norm/state_metric_model |             111 |
|        Norm/state_action_state_metric_model |             101 |
|                  Metric/self_state_distance |        0.000627 |
|                 Metric/cross_state_distance |            1.22 |
|           Metric/self_state_action_distance |         0.00393 |
|          Metric/cross_state_action_distance |             1.4 |
|             Metric/avg_self_state_asymmetry |               0 |
|            Metric/avg_cross_state_asymmetry |          0.0162 |
|                Metric/avg_self_sa_asymmetry |               0 |
|               Metric/avg_cross_sa_asymmetry |          0.0255 |
|  Metric/self_state_action_to_state_distance |         0.00297 |
| Metric/cross_state_action_to_state_distance |             1.4 |
|                   Metric/h_lambda_diff_self |         0.00344 |
|                  Metric/h_lambda_diff_cross |          0.0282 |
|                                 Eval/Return |             933 |
-----------------------------------------------------------------
[32mSaving model …[0m
[32mDone.[0m
[32mSaving model …[0m
[32mDone.[0m
-----------------------------------------------------------------
|                                 Train/Steps |        3.21e+06 |
|                            Loss/Loss_critic |          0.0818 |
|                             Loss/Loss_actor |           -98.9 |
|                             Loss/Loss_alpha |        9.88e-05 |
|               Loss/Loss_state_action_metric |            0.46 |
|                      Loss/Loss_state_metric |           0.182 |
|             Loss/Loss_state_action_to_state |         0.00452 |
|                           Loss/Act_rep_loss |          0.0049 |
|                                   SAC/Alpha |         0.00511 |
|                              SAC/LogPi_mean |           0.977 |
|                                 SAC/Q1_mean |            98.9 |
|                                 SAC/Q2_mean |            98.9 |
|                            Norm/actor_model |             175 |
|                           Norm/critic_model |             214 |
|              Norm/state_action_metric_model |            91.5 |
|                     Norm/state_metric_model |             114 |
|        Norm/state_action_state_metric_model |             103 |
|                  Metric/self_state_distance |         0.00136 |
|                 Metric/cross_state_distance |            1.22 |
|           Metric/self_state_action_distance |         0.00375 |
|          Metric/cross_state_action_distance |             1.4 |
|             Metric/avg_self_state_asymmetry |               0 |
|            Metric/avg_cross_state_asymmetry |          0.0169 |
|                Metric/avg_self_sa_asymmetry |               0 |
|               Metric/avg_cross_sa_asymmetry |          0.0239 |
|  Metric/self_state_action_to_state_distance |        0.000442 |
| Metric/cross_state_action_to_state_distance |            1.39 |
|                   Metric/h_lambda_diff_self |         0.00365 |
|                  Metric/h_lambda_diff_cross |          0.0279 |
|                                 Eval/Return |             917 |
-----------------------------------------------------------------
-----------------------------------------------------------------
|                                 Train/Steps |        3.34e+06 |
|                            Loss/Loss_critic |          0.0584 |
|                             Loss/Loss_actor |           -98.9 |
|                             Loss/Loss_alpha |        0.000247 |
|               Loss/Loss_state_action_metric |           0.636 |
|                      Loss/Loss_state_metric |           0.172 |
|             Loss/Loss_state_action_to_state |         0.00858 |
|                           Loss/Act_rep_loss |         0.00483 |
|                                   SAC/Alpha |         0.00492 |
|                              SAC/LogPi_mean |           0.869 |
|                                 SAC/Q1_mean |            98.9 |
|                                 SAC/Q2_mean |            98.9 |
|                            Norm/actor_model |             177 |
|                           Norm/critic_model |             217 |
|              Norm/state_action_metric_model |            93.3 |
|                     Norm/state_metric_model |             117 |
|        Norm/state_action_state_metric_model |             105 |
|                  Metric/self_state_distance |        0.000167 |
|                 Metric/cross_state_distance |            1.19 |
|           Metric/self_state_action_distance |         0.00386 |
|          Metric/cross_state_action_distance |            1.34 |
|             Metric/avg_self_state_asymmetry |               0 |
|            Metric/avg_cross_state_asymmetry |           0.014 |
|                Metric/avg_self_sa_asymmetry |               0 |
|               Metric/avg_cross_sa_asymmetry |          0.0324 |
|  Metric/self_state_action_to_state_distance |        0.000736 |
| Metric/cross_state_action_to_state_distance |            1.31 |
|                   Metric/h_lambda_diff_self |         0.00334 |
|                  Metric/h_lambda_diff_cross |          0.0361 |
|                                 Eval/Return |             919 |
-----------------------------------------------------------------
-----------------------------------------------------------------
|                                 Train/Steps |        3.46e+06 |
|                            Loss/Loss_critic |          0.0512 |
|                             Loss/Loss_actor |           -98.6 |
|                             Loss/Loss_alpha |       -0.000929 |
|               Loss/Loss_state_action_metric |           0.859 |
|                      Loss/Loss_state_metric |           0.285 |
|             Loss/Loss_state_action_to_state |         0.00197 |
|                           Loss/Act_rep_loss |          0.0126 |
|                                   SAC/Alpha |         0.00609 |
|                              SAC/LogPi_mean |             1.2 |
|                                 SAC/Q1_mean |            98.7 |
|                                 SAC/Q2_mean |            98.6 |
|                            Norm/actor_model |             180 |
|                           Norm/critic_model |             220 |
|              Norm/state_action_metric_model |            94.9 |
|                     Norm/state_metric_model |             120 |
|        Norm/state_action_state_metric_model |             107 |
|                  Metric/self_state_distance |        5.03e-05 |
|                 Metric/cross_state_distance |             1.3 |
|           Metric/self_state_action_distance |         0.00353 |
|          Metric/cross_state_action_distance |            1.51 |
|             Metric/avg_self_state_asymmetry |               0 |
|            Metric/avg_cross_state_asymmetry |          0.0158 |
|                Metric/avg_self_sa_asymmetry |               0 |
|               Metric/avg_cross_sa_asymmetry |          0.0294 |
|  Metric/self_state_action_to_state_distance |         0.00129 |
| Metric/cross_state_action_to_state_distance |            1.55 |
|                   Metric/h_lambda_diff_self |         0.00369 |
|                  Metric/h_lambda_diff_cross |          0.0415 |
|                                 Eval/Return |             931 |
-----------------------------------------------------------------
-----------------------------------------------------------------
|                                 Train/Steps |        3.59e+06 |
|                            Loss/Loss_critic |          0.0863 |
|                             Loss/Loss_actor |           -99.1 |
|                             Loss/Loss_alpha |        0.000496 |
|               Loss/Loss_state_action_metric |           0.763 |
|                      Loss/Loss_state_metric |           0.189 |
|             Loss/Loss_state_action_to_state |          0.0027 |
|                           Loss/Act_rep_loss |         0.00159 |
|                                   SAC/Alpha |         0.00512 |
|                              SAC/LogPi_mean |            0.82 |
|                                 SAC/Q1_mean |            99.2 |
|                                 SAC/Q2_mean |            99.1 |
|                            Norm/actor_model |             183 |
|                           Norm/critic_model |             223 |
|              Norm/state_action_metric_model |            96.6 |
|                     Norm/state_metric_model |             123 |
|        Norm/state_action_state_metric_model |             109 |
|                  Metric/self_state_distance |        0.000941 |
|                 Metric/cross_state_distance |            1.23 |
|           Metric/self_state_action_distance |         0.00219 |
|          Metric/cross_state_action_distance |            1.41 |
|             Metric/avg_self_state_asymmetry |               0 |
|            Metric/avg_cross_state_asymmetry |           0.012 |
|                Metric/avg_self_sa_asymmetry |               0 |
|               Metric/avg_cross_sa_asymmetry |          0.0264 |
|  Metric/self_state_action_to_state_distance |         0.00136 |
| Metric/cross_state_action_to_state_distance |            1.37 |
|                   Metric/h_lambda_diff_self |         0.00152 |
|                  Metric/h_lambda_diff_cross |           0.038 |
|                                 Eval/Return |             970 |
-----------------------------------------------------------------
-----------------------------------------------------------------
|                                 Train/Steps |        3.72e+06 |
|                            Loss/Loss_critic |          0.0571 |
|                             Loss/Loss_actor |           -98.7 |
|                             Loss/Loss_alpha |        -0.00151 |
|               Loss/Loss_state_action_metric |            0.68 |
|                      Loss/Loss_state_metric |           0.237 |
|             Loss/Loss_state_action_to_state |         0.00149 |
|                           Loss/Act_rep_loss |         0.00863 |
|                                   SAC/Alpha |         0.00492 |
|                              SAC/LogPi_mean |            1.22 |
|                                 SAC/Q1_mean |            98.8 |
|                                 SAC/Q2_mean |            98.8 |
|                            Norm/actor_model |             185 |
|                           Norm/critic_model |             226 |
|              Norm/state_action_metric_model |            98.2 |
|                     Norm/state_metric_model |             126 |
|        Norm/state_action_state_metric_model |             111 |
|                  Metric/self_state_distance |        0.000587 |
|                 Metric/cross_state_distance |            1.28 |
|           Metric/self_state_action_distance |         0.00586 |
|          Metric/cross_state_action_distance |            1.48 |
|             Metric/avg_self_state_asymmetry |               0 |
|            Metric/avg_cross_state_asymmetry |          0.0149 |
|                Metric/avg_self_sa_asymmetry |               0 |
|               Metric/avg_cross_sa_asymmetry |          0.0306 |
|  Metric/self_state_action_to_state_distance |        0.000109 |
| Metric/cross_state_action_to_state_distance |            1.47 |
|                   Metric/h_lambda_diff_self |         0.00575 |
|                  Metric/h_lambda_diff_cross |          0.0304 |
|                                 Eval/Return |             964 |
-----------------------------------------------------------------
-----------------------------------------------------------------
|                                 Train/Steps |        3.85e+06 |
|                            Loss/Loss_critic |           0.052 |
|                             Loss/Loss_actor |           -98.7 |
|                             Loss/Loss_alpha |       -7.52e-05 |
|               Loss/Loss_state_action_metric |           0.652 |
|                      Loss/Loss_state_metric |           0.244 |
|             Loss/Loss_state_action_to_state |         0.00134 |
|                           Loss/Act_rep_loss |         0.00855 |
|                                   SAC/Alpha |         0.00491 |
|                              SAC/LogPi_mean |           0.964 |
|                                 SAC/Q1_mean |            98.7 |
|                                 SAC/Q2_mean |            98.8 |
|                            Norm/actor_model |             188 |
|                           Norm/critic_model |             229 |
|              Norm/state_action_metric_model |            99.7 |
|                     Norm/state_metric_model |             129 |
|        Norm/state_action_state_metric_model |             113 |
|                  Metric/self_state_distance |        0.000432 |
|                 Metric/cross_state_distance |            1.27 |
|           Metric/self_state_action_distance |         0.00273 |
|          Metric/cross_state_action_distance |            1.45 |
|             Metric/avg_self_state_asymmetry |               0 |
|            Metric/avg_cross_state_asymmetry |          0.0109 |
|                Metric/avg_self_sa_asymmetry |               0 |
|               Metric/avg_cross_sa_asymmetry |          0.0232 |
|  Metric/self_state_action_to_state_distance |           7e-05 |
| Metric/cross_state_action_to_state_distance |            1.45 |
|                   Metric/h_lambda_diff_self |         0.00267 |
|                  Metric/h_lambda_diff_cross |          0.0274 |
|                                 Eval/Return |             947 |
-----------------------------------------------------------------
-----------------------------------------------------------------
|                                 Train/Steps |        3.98e+06 |
|                            Loss/Loss_critic |           0.037 |
|                             Loss/Loss_actor |             -99 |
|                             Loss/Loss_alpha |        0.000898 |
|               Loss/Loss_state_action_metric |           0.486 |
|                      Loss/Loss_state_metric |            0.16 |
|             Loss/Loss_state_action_to_state |         0.00117 |
|                           Loss/Act_rep_loss |          0.0021 |
|                                   SAC/Alpha |         0.00417 |
|                              SAC/LogPi_mean |           0.848 |
|                                 SAC/Q1_mean |              99 |
|                                 SAC/Q2_mean |            99.1 |
|                            Norm/actor_model |             190 |
|                           Norm/critic_model |             231 |
|              Norm/state_action_metric_model |             101 |
|                     Norm/state_metric_model |             132 |
|        Norm/state_action_state_metric_model |             115 |
|                  Metric/self_state_distance |        0.000149 |
|                 Metric/cross_state_distance |            1.18 |
|           Metric/self_state_action_distance |         0.00157 |
|          Metric/cross_state_action_distance |            1.31 |
|             Metric/avg_self_state_asymmetry |               0 |
|            Metric/avg_cross_state_asymmetry |          0.0131 |
|                Metric/avg_self_sa_asymmetry |               0 |
|               Metric/avg_cross_sa_asymmetry |          0.0193 |
|  Metric/self_state_action_to_state_distance |           0.001 |
| Metric/cross_state_action_to_state_distance |             1.3 |
|                   Metric/h_lambda_diff_self |         0.00206 |
|                  Metric/h_lambda_diff_cross |          0.0238 |
|                                 Eval/Return |             963 |
-----------------------------------------------------------------
-----------------------------------------------------------------
|                                 Train/Steps |         4.1e+06 |
|                            Loss/Loss_critic |          0.0184 |
|                             Loss/Loss_actor |           -99.3 |
|                             Loss/Loss_alpha |        -1.6e-05 |
|               Loss/Loss_state_action_metric |           0.399 |
|                      Loss/Loss_state_metric |           0.135 |
|             Loss/Loss_state_action_to_state |         0.00163 |
|                           Loss/Act_rep_loss |          0.0155 |
|                                   SAC/Alpha |           0.003 |
|                              SAC/LogPi_mean |           0.923 |
|                                 SAC/Q1_mean |            99.4 |
|                                 SAC/Q2_mean |            99.4 |
|                            Norm/actor_model |             192 |
|                           Norm/critic_model |             233 |
|              Norm/state_action_metric_model |             103 |
|                     Norm/state_metric_model |             136 |
|        Norm/state_action_state_metric_model |             117 |
|                  Metric/self_state_distance |        0.000992 |
|                 Metric/cross_state_distance |            1.16 |
|           Metric/self_state_action_distance |         0.00907 |
|          Metric/cross_state_action_distance |            1.24 |
|             Metric/avg_self_state_asymmetry |               0 |
|            Metric/avg_cross_state_asymmetry |          0.0133 |
|                Metric/avg_self_sa_asymmetry |               0 |
|               Metric/avg_cross_sa_asymmetry |            0.02 |
|  Metric/self_state_action_to_state_distance |        3.55e-05 |
| Metric/cross_state_action_to_state_distance |            1.26 |
|                   Metric/h_lambda_diff_self |         0.00904 |
|                  Metric/h_lambda_diff_cross |          0.0291 |
|                                 Eval/Return |             913 |
-----------------------------------------------------------------
[32mSaving model …[0m
[32mDone.[0m
[32mSaving model …[0m
[32mDone.[0m
-----------------------------------------------------------------
|                                 Train/Steps |        4.23e+06 |
|                            Loss/Loss_critic |          0.0188 |
|                             Loss/Loss_actor |           -99.4 |
|                             Loss/Loss_alpha |        0.000316 |
|               Loss/Loss_state_action_metric |            0.22 |
|                      Loss/Loss_state_metric |           0.106 |
|             Loss/Loss_state_action_to_state |         0.00109 |
|                           Loss/Act_rep_loss |         0.00645 |
|                                   SAC/Alpha |         0.00294 |
|                              SAC/LogPi_mean |           0.913 |
|                                 SAC/Q1_mean |            99.4 |
|                                 SAC/Q2_mean |            99.5 |
|                            Norm/actor_model |             194 |
|                           Norm/critic_model |             235 |
|              Norm/state_action_metric_model |             104 |
|                     Norm/state_metric_model |             139 |
|        Norm/state_action_state_metric_model |             119 |
|                  Metric/self_state_distance |         0.00187 |
|                 Metric/cross_state_distance |             1.1 |
|           Metric/self_state_action_distance |        0.000704 |
|          Metric/cross_state_action_distance |            1.19 |
|             Metric/avg_self_state_asymmetry |               0 |
|            Metric/avg_cross_state_asymmetry |          0.0109 |
|                Metric/avg_self_sa_asymmetry |               0 |
|               Metric/avg_cross_sa_asymmetry |          0.0224 |
|  Metric/self_state_action_to_state_distance |        0.000678 |
| Metric/cross_state_action_to_state_distance |            1.19 |
|                   Metric/h_lambda_diff_self |         0.00084 |
|                  Metric/h_lambda_diff_cross |          0.0237 |
|                                 Eval/Return |             963 |
-----------------------------------------------------------------
-----------------------------------------------------------------
|                                 Train/Steps |        4.36e+06 |
|                            Loss/Loss_critic |          0.0101 |
|                             Loss/Loss_actor |           -99.6 |
|                             Loss/Loss_alpha |        0.000234 |
|               Loss/Loss_state_action_metric |            0.16 |
|                      Loss/Loss_state_metric |          0.0813 |
|             Loss/Loss_state_action_to_state |        0.000851 |
|                           Loss/Act_rep_loss |         0.00184 |
|                                   SAC/Alpha |          0.0021 |
|                              SAC/LogPi_mean |           0.894 |
|                                 SAC/Q1_mean |            99.7 |
|                                 SAC/Q2_mean |            99.6 |
|                            Norm/actor_model |             196 |
|                           Norm/critic_model |             237 |
|              Norm/state_action_metric_model |             106 |
|                     Norm/state_metric_model |             142 |
|        Norm/state_action_state_metric_model |             120 |
|                  Metric/self_state_distance |        0.000295 |
|                 Metric/cross_state_distance |             1.1 |
|           Metric/self_state_action_distance |         0.00156 |
|          Metric/cross_state_action_distance |            1.14 |
|             Metric/avg_self_state_asymmetry |               0 |
|            Metric/avg_cross_state_asymmetry |            0.01 |
|                Metric/avg_self_sa_asymmetry |               0 |
|               Metric/avg_cross_sa_asymmetry |          0.0188 |
|  Metric/self_state_action_to_state_distance |        8.64e-05 |
| Metric/cross_state_action_to_state_distance |            1.15 |
|                   Metric/h_lambda_diff_self |         0.00148 |
|                  Metric/h_lambda_diff_cross |          0.0186 |
|                                 Eval/Return |             938 |
-----------------------------------------------------------------
-----------------------------------------------------------------
|                                 Train/Steps |        4.49e+06 |
|                            Loss/Loss_critic |          0.0166 |
|                             Loss/Loss_actor |           -99.6 |
|                             Loss/Loss_alpha |        0.000305 |
|               Loss/Loss_state_action_metric |           0.149 |
|                      Loss/Loss_state_metric |          0.0696 |
|             Loss/Loss_state_action_to_state |        0.000703 |
|                           Loss/Act_rep_loss |          0.0112 |
|                                   SAC/Alpha |         0.00251 |
|                              SAC/LogPi_mean |           0.851 |
|                                 SAC/Q1_mean |            99.6 |
|                                 SAC/Q2_mean |            99.6 |
|                            Norm/actor_model |             198 |
|                           Norm/critic_model |             239 |
|              Norm/state_action_metric_model |             107 |
|                     Norm/state_metric_model |             145 |
|        Norm/state_action_state_metric_model |             122 |
|                  Metric/self_state_distance |        0.000487 |
|                 Metric/cross_state_distance |            1.07 |
|           Metric/self_state_action_distance |         0.00631 |
|          Metric/cross_state_action_distance |            1.15 |
|             Metric/avg_self_state_asymmetry |               0 |
|            Metric/avg_cross_state_asymmetry |         0.00926 |
|                Metric/avg_self_sa_asymmetry |               0 |
|               Metric/avg_cross_sa_asymmetry |          0.0204 |
|  Metric/self_state_action_to_state_distance |         0.00133 |
| Metric/cross_state_action_to_state_distance |            1.13 |
|                   Metric/h_lambda_diff_self |         0.00549 |
|                  Metric/h_lambda_diff_cross |          0.0268 |
|                                 Eval/Return |             936 |
-----------------------------------------------------------------
-----------------------------------------------------------------
|                                 Train/Steps |        4.62e+06 |
|                            Loss/Loss_critic |          0.0182 |
|                             Loss/Loss_actor |           -99.3 |
|                             Loss/Loss_alpha |        6.35e-05 |
|               Loss/Loss_state_action_metric |           0.638 |
|                      Loss/Loss_state_metric |           0.131 |
|             Loss/Loss_state_action_to_state |         0.00128 |
|                           Loss/Act_rep_loss |          0.0105 |
|                                   SAC/Alpha |         0.00248 |
|                              SAC/LogPi_mean |            1.04 |
|                                 SAC/Q1_mean |            99.4 |
|                                 SAC/Q2_mean |            99.4 |
|                            Norm/actor_model |             200 |
|                           Norm/critic_model |             241 |
|              Norm/state_action_metric_model |             108 |
|                     Norm/state_metric_model |             147 |
|        Norm/state_action_state_metric_model |             124 |
|                  Metric/self_state_distance |        8.94e-05 |
|                 Metric/cross_state_distance |            1.18 |
|           Metric/self_state_action_distance |         0.00298 |
|          Metric/cross_state_action_distance |            1.27 |
|             Metric/avg_self_state_asymmetry |               0 |
|            Metric/avg_cross_state_asymmetry |           0.011 |
|                Metric/avg_self_sa_asymmetry |               0 |
|               Metric/avg_cross_sa_asymmetry |          0.0241 |
|  Metric/self_state_action_to_state_distance |        0.000478 |
| Metric/cross_state_action_to_state_distance |            1.27 |
|                   Metric/h_lambda_diff_self |         0.00284 |
|                  Metric/h_lambda_diff_cross |          0.0215 |
|                                 Eval/Return |             932 |
-----------------------------------------------------------------
-----------------------------------------------------------------
|                                 Train/Steps |        4.74e+06 |
|                            Loss/Loss_critic |         0.00976 |
|                             Loss/Loss_actor |           -99.6 |
|                             Loss/Loss_alpha |       -0.000112 |
|               Loss/Loss_state_action_metric |           0.593 |
|                      Loss/Loss_state_metric |          0.0789 |
|             Loss/Loss_state_action_to_state |         0.00231 |
|                           Loss/Act_rep_loss |         0.00766 |
|                                   SAC/Alpha |         0.00313 |
|                              SAC/LogPi_mean |           0.989 |
|                                 SAC/Q1_mean |            99.6 |
|                                 SAC/Q2_mean |            99.6 |
|                            Norm/actor_model |             202 |
|                           Norm/critic_model |             243 |
|              Norm/state_action_metric_model |             110 |
|                     Norm/state_metric_model |             149 |
|        Norm/state_action_state_metric_model |             125 |
|                  Metric/self_state_distance |        0.000987 |
|                 Metric/cross_state_distance |            1.11 |
|           Metric/self_state_action_distance |        0.000624 |
|          Metric/cross_state_action_distance |             1.2 |
|             Metric/avg_self_state_asymmetry |               0 |
|            Metric/avg_cross_state_asymmetry |           0.012 |
|                Metric/avg_self_sa_asymmetry |               0 |
|               Metric/avg_cross_sa_asymmetry |          0.0277 |
|  Metric/self_state_action_to_state_distance |         0.00054 |
| Metric/cross_state_action_to_state_distance |             1.2 |
|                   Metric/h_lambda_diff_self |        0.000546 |
|                  Metric/h_lambda_diff_cross |          0.0297 |
|                                 Eval/Return |             919 |
-----------------------------------------------------------------
-----------------------------------------------------------------
|                                 Train/Steps |        4.87e+06 |
|                            Loss/Loss_critic |          0.0192 |
|                             Loss/Loss_actor |           -99.6 |
|                             Loss/Loss_alpha |        -0.00025 |
|               Loss/Loss_state_action_metric |           0.259 |
|                      Loss/Loss_state_metric |           0.121 |
|             Loss/Loss_state_action_to_state |         0.00119 |
|                           Loss/Act_rep_loss |          0.0109 |
|                                   SAC/Alpha |         0.00234 |
|                              SAC/LogPi_mean |            1.07 |
|                                 SAC/Q1_mean |            99.7 |
|                                 SAC/Q2_mean |            99.6 |
|                            Norm/actor_model |             204 |
|                           Norm/critic_model |             245 |
|              Norm/state_action_metric_model |             111 |
|                     Norm/state_metric_model |             151 |
|        Norm/state_action_state_metric_model |             127 |
|                  Metric/self_state_distance |        4.57e-05 |
|                 Metric/cross_state_distance |            1.15 |
|           Metric/self_state_action_distance |         0.00141 |
|          Metric/cross_state_action_distance |            1.24 |
|             Metric/avg_self_state_asymmetry |               0 |
|            Metric/avg_cross_state_asymmetry |          0.0128 |
|                Metric/avg_self_sa_asymmetry |               0 |
|               Metric/avg_cross_sa_asymmetry |          0.0247 |
|  Metric/self_state_action_to_state_distance |         0.00013 |
| Metric/cross_state_action_to_state_distance |            1.25 |
|                   Metric/h_lambda_diff_self |          0.0013 |
|                  Metric/h_lambda_diff_cross |          0.0285 |
|                                 Eval/Return |             920 |
-----------------------------------------------------------------
-----------------------------------------------------------------
|                                 Train/Steps |           5e+06 |
|                            Loss/Loss_critic |          0.0148 |
|                             Loss/Loss_actor |           -99.5 |
|                             Loss/Loss_alpha |        0.000554 |
|               Loss/Loss_state_action_metric |           0.603 |
|                      Loss/Loss_state_metric |           0.104 |
|             Loss/Loss_state_action_to_state |         0.00152 |
|                           Loss/Act_rep_loss |          0.0102 |
|                                   SAC/Alpha |         0.00226 |
|                              SAC/LogPi_mean |           0.736 |
|                                 SAC/Q1_mean |            99.5 |
|                                 SAC/Q2_mean |            99.5 |
|                            Norm/actor_model |             206 |
|                           Norm/critic_model |             247 |
|              Norm/state_action_metric_model |             112 |
|                     Norm/state_metric_model |             153 |
|        Norm/state_action_state_metric_model |             128 |
|                  Metric/self_state_distance |        0.000109 |
|                 Metric/cross_state_distance |            1.12 |
|           Metric/self_state_action_distance |          0.0023 |
|          Metric/cross_state_action_distance |             1.2 |
|             Metric/avg_self_state_asymmetry |               0 |
|            Metric/avg_cross_state_asymmetry |          0.0115 |
|                Metric/avg_self_sa_asymmetry |               0 |
|               Metric/avg_cross_sa_asymmetry |          0.0225 |
|  Metric/self_state_action_to_state_distance |        0.000187 |
| Metric/cross_state_action_to_state_distance |            1.21 |
|                   Metric/h_lambda_diff_self |         0.00215 |
|                  Metric/h_lambda_diff_cross |           0.028 |
|                                 Eval/Return |             944 |
-----------------------------------------------------------------
[32mSaving model …[0m
[32mDone.[0m
[32mSaving model …[0m
[32mDone.[0m
