E0923 12:38:30.088411 3161702 cuda_executor.cc:1526] Could not get kernel mode driver version: (INVALID_ARGUMENT: Version does not match the format X.Y.Z)
E0923 12:38:30.097100 3161593 cuda_executor.cc:1526] Could not get kernel mode driver version: (INVALID_ARGUMENT: Version does not match the format X.Y.Z)
[32mStart prefilling replay buffer[0m
[32mStart SAC training[0m
[32m{'log_freq': 1000, 'save_freq': 1000000, 'eval_episode_freq': 10, 'hidden_size': 256, 'lr': 0.001, 'max_grad_norm': 0.0, 'gamma': 0.99, 'update_tau': 0.005, 'train_per_step': 8, 'episode_length': 1000, 'warmup_samples': 8192, 'max_replay_size': 4000000, 'batch_size': 512, 'total_env_steps': 5000000, 'init_temperature': 0.1, 'nstep': 1, 'bootstrap_on_truncation': True, 'rep_lr_scale': 1.5, 'vis_feq': 100000, 'n_vis_frames': 4, 'num_envs': 128, 'grad_steps': 50, 'transfer_freq': 10, 'transfer_steps': 8, 'reward_scaling': 1.0, 'num_eval_envs': 128, 'target_entropy': -3.0}[0m
[32m[nstep] nstep=1 bootstrap_on_truncation=True (discount from the buffer already contains gamma^nstep)[0m
-----------------------------------------------------------------
|                                 Train/Steps |        1.36e+05 |
|                            Loss/Loss_critic |         0.00483 |
|                             Loss/Loss_actor |           -3.71 |
|                             Loss/Loss_alpha |         0.00479 |
|               Loss/Loss_state_action_metric |          0.0145 |
|                      Loss/Loss_state_metric |          0.0085 |
|             Loss/Loss_state_action_to_state |        0.000191 |
|                           Loss/Act_rep_loss |         0.00605 |
|                                   SAC/Alpha |         0.00267 |
|                              SAC/LogPi_mean |            1.27 |
|                                 SAC/Q1_mean |            3.71 |
|                                 SAC/Q2_mean |            3.67 |
|                            Norm/actor_model |            34.8 |
|                           Norm/critic_model |            36.9 |
|              Norm/state_action_metric_model |            31.1 |
|                     Norm/state_metric_model |            31.6 |
|        Norm/state_action_state_metric_model |            30.9 |
|                  Metric/self_state_distance |         0.00162 |
|                 Metric/cross_state_distance |            1.11 |
|           Metric/self_state_action_distance |         0.00384 |
|          Metric/cross_state_action_distance |            1.14 |
|             Metric/avg_self_state_asymmetry |               0 |
|            Metric/avg_cross_state_asymmetry |         0.00697 |
|                Metric/avg_self_sa_asymmetry |               0 |
|               Metric/avg_cross_sa_asymmetry |         0.00995 |
|  Metric/self_state_action_to_state_distance |         0.00202 |
| Metric/cross_state_action_to_state_distance |            1.14 |
|                   Metric/h_lambda_diff_self |         0.00428 |
|                  Metric/h_lambda_diff_cross |          0.0138 |
|                                 Eval/Return |             119 |
-----------------------------------------------------------------
-----------------------------------------------------------------
|                                 Train/Steps |        2.64e+05 |
|                            Loss/Loss_critic |          0.0168 |
|                             Loss/Loss_actor |           -9.18 |
|                             Loss/Loss_alpha |        0.000104 |
|               Loss/Loss_state_action_metric |           0.146 |
|                      Loss/Loss_state_metric |          0.0995 |
|             Loss/Loss_state_action_to_state |        0.000333 |
|                           Loss/Act_rep_loss |         0.00192 |
|                                   SAC/Alpha |         0.00642 |
|                              SAC/LogPi_mean |            2.83 |
|                                 SAC/Q1_mean |            9.16 |
|                                 SAC/Q2_mean |            9.12 |
|                            Norm/actor_model |            51.5 |
|                           Norm/critic_model |            53.7 |
|              Norm/state_action_metric_model |            33.4 |
|                     Norm/state_metric_model |            34.5 |
|        Norm/state_action_state_metric_model |            33.2 |
|                  Metric/self_state_distance |         0.00138 |
|                 Metric/cross_state_distance |            1.46 |
|           Metric/self_state_action_distance |          0.0051 |
|          Metric/cross_state_action_distance |            1.57 |
|             Metric/avg_self_state_asymmetry |               0 |
|            Metric/avg_cross_state_asymmetry |          0.0101 |
|                Metric/avg_self_sa_asymmetry |               0 |
|               Metric/avg_cross_sa_asymmetry |          0.0127 |
|  Metric/self_state_action_to_state_distance |        0.000521 |
| Metric/cross_state_action_to_state_distance |            1.58 |
|                   Metric/h_lambda_diff_self |         0.00473 |
|                  Metric/h_lambda_diff_cross |          0.0168 |
|                                 Eval/Return |             507 |
-----------------------------------------------------------------
-----------------------------------------------------------------
|                                 Train/Steps |        3.92e+05 |
|                            Loss/Loss_critic |           0.039 |
|                             Loss/Loss_actor |           -17.3 |
|                             Loss/Loss_alpha |       -0.000939 |
|               Loss/Loss_state_action_metric |           0.292 |
|                      Loss/Loss_state_metric |           0.205 |
|             Loss/Loss_state_action_to_state |        0.000568 |
|                           Loss/Act_rep_loss |         0.00189 |
|                                   SAC/Alpha |         0.00962 |
|                              SAC/LogPi_mean |            3.01 |
|                                 SAC/Q1_mean |            17.3 |
|                                 SAC/Q2_mean |            17.3 |
|                            Norm/actor_model |            60.5 |
|                           Norm/critic_model |            66.6 |
|              Norm/state_action_metric_model |            35.9 |
|                     Norm/state_metric_model |            37.9 |
|        Norm/state_action_state_metric_model |            35.6 |
|                  Metric/self_state_distance |        0.000864 |
|                 Metric/cross_state_distance |            1.72 |
|           Metric/self_state_action_distance |         0.00493 |
|          Metric/cross_state_action_distance |            1.88 |
|             Metric/avg_self_state_asymmetry |               0 |
|            Metric/avg_cross_state_asymmetry |          0.0201 |
|                Metric/avg_self_sa_asymmetry |               0 |
|               Metric/avg_cross_sa_asymmetry |          0.0133 |
|  Metric/self_state_action_to_state_distance |         0.00216 |
| Metric/cross_state_action_to_state_distance |            1.88 |
|                   Metric/h_lambda_diff_self |         0.00564 |
|                  Metric/h_lambda_diff_cross |          0.0199 |
|                                 Eval/Return |             640 |
-----------------------------------------------------------------
-----------------------------------------------------------------
|                                 Train/Steps |         5.2e+05 |
|                            Loss/Loss_critic |          0.0424 |
|                             Loss/Loss_actor |             -26 |
|                             Loss/Loss_alpha |       -0.000492 |
|               Loss/Loss_state_action_metric |           0.392 |
|                      Loss/Loss_state_metric |           0.277 |
|             Loss/Loss_state_action_to_state |        0.000876 |
|                           Loss/Act_rep_loss |         0.00131 |
|                                   SAC/Alpha |          0.0138 |
|                              SAC/LogPi_mean |            3.23 |
|                                 SAC/Q1_mean |              26 |
|                                 SAC/Q2_mean |              26 |
|                            Norm/actor_model |            67.6 |
|                           Norm/critic_model |            77.1 |
|              Norm/state_action_metric_model |            38.4 |
|                     Norm/state_metric_model |            41.1 |
|        Norm/state_action_state_metric_model |            37.9 |
|                  Metric/self_state_distance |         0.00235 |
|                 Metric/cross_state_distance |            1.84 |
|           Metric/self_state_action_distance |         0.00284 |
|          Metric/cross_state_action_distance |            2.05 |
|             Metric/avg_self_state_asymmetry |               0 |
|            Metric/avg_cross_state_asymmetry |          0.0203 |
|                Metric/avg_self_sa_asymmetry |               0 |
|               Metric/avg_cross_sa_asymmetry |          0.0132 |
|  Metric/self_state_action_to_state_distance |         0.00239 |
| Metric/cross_state_action_to_state_distance |            2.04 |
|                   Metric/h_lambda_diff_self |         0.00357 |
|                  Metric/h_lambda_diff_cross |          0.0255 |
|                                 Eval/Return |             698 |
-----------------------------------------------------------------
-----------------------------------------------------------------
|                                 Train/Steps |        6.48e+05 |
|                            Loss/Loss_critic |          0.0639 |
|                             Loss/Loss_actor |           -33.7 |
|                             Loss/Loss_alpha |          0.0047 |
|               Loss/Loss_state_action_metric |           0.343 |
|                      Loss/Loss_state_metric |           0.239 |
|             Loss/Loss_state_action_to_state |        0.000231 |
|                           Loss/Act_rep_loss |        9.12e-05 |
|                                   SAC/Alpha |          0.0165 |
|                              SAC/LogPi_mean |            2.99 |
|                                 SAC/Q1_mean |            33.8 |
|                                 SAC/Q2_mean |            33.7 |
|                            Norm/actor_model |            73.2 |
|                           Norm/critic_model |            85.8 |
|              Norm/state_action_metric_model |            40.9 |
|                     Norm/state_metric_model |            44.3 |
|        Norm/state_action_state_metric_model |            40.1 |
|                  Metric/self_state_distance |          0.0025 |
|                 Metric/cross_state_distance |            1.69 |
|           Metric/self_state_action_distance |         0.00252 |
|          Metric/cross_state_action_distance |            1.93 |
|             Metric/avg_self_state_asymmetry |               0 |
|            Metric/avg_cross_state_asymmetry |          0.0152 |
|                Metric/avg_self_sa_asymmetry |               0 |
|               Metric/avg_cross_sa_asymmetry |          0.0117 |
|  Metric/self_state_action_to_state_distance |         0.00225 |
| Metric/cross_state_action_to_state_distance |            1.92 |
|                   Metric/h_lambda_diff_self |         0.00308 |
|                  Metric/h_lambda_diff_cross |           0.024 |
|                                 Eval/Return |             717 |
-----------------------------------------------------------------
-----------------------------------------------------------------
|                                 Train/Steps |        7.76e+05 |
|                            Loss/Loss_critic |          0.0571 |
|                             Loss/Loss_actor |           -40.8 |
|                             Loss/Loss_alpha |        -0.00138 |
|               Loss/Loss_state_action_metric |           0.361 |
|                      Loss/Loss_state_metric |           0.254 |
|             Loss/Loss_state_action_to_state |        0.000916 |
|                           Loss/Act_rep_loss |        0.000262 |
|                                   SAC/Alpha |          0.0181 |
|                              SAC/LogPi_mean |            2.93 |
|                                 SAC/Q1_mean |            40.9 |
|                                 SAC/Q2_mean |            40.8 |
|                            Norm/actor_model |            78.3 |
|                           Norm/critic_model |            93.1 |
|              Norm/state_action_metric_model |            43.5 |
|                     Norm/state_metric_model |            47.6 |
|        Norm/state_action_state_metric_model |            42.5 |
|                  Metric/self_state_distance |        0.000811 |
|                 Metric/cross_state_distance |            1.75 |
|           Metric/self_state_action_distance |         0.00598 |
|          Metric/cross_state_action_distance |            1.95 |
|             Metric/avg_self_state_asymmetry |               0 |
|            Metric/avg_cross_state_asymmetry |         0.00911 |
|                Metric/avg_self_sa_asymmetry |               0 |
|               Metric/avg_cross_sa_asymmetry |          0.0105 |
|  Metric/self_state_action_to_state_distance |        0.000759 |
| Metric/cross_state_action_to_state_distance |            1.94 |
|                   Metric/h_lambda_diff_self |         0.00567 |
|                  Metric/h_lambda_diff_cross |          0.0159 |
|                                 Eval/Return |             732 |
-----------------------------------------------------------------
-----------------------------------------------------------------
|                                 Train/Steps |        9.04e+05 |
|                            Loss/Loss_critic |          0.0945 |
|                             Loss/Loss_actor |           -46.5 |
|                             Loss/Loss_alpha |        -0.00239 |
|               Loss/Loss_state_action_metric |           0.284 |
|                      Loss/Loss_state_metric |           0.194 |
|             Loss/Loss_state_action_to_state |        0.000221 |
|                           Loss/Act_rep_loss |         2.5e-07 |
|                                   SAC/Alpha |          0.0182 |
|                              SAC/LogPi_mean |             2.8 |
|                                 SAC/Q1_mean |            46.5 |
|                                 SAC/Q2_mean |            46.5 |
|                            Norm/actor_model |            82.8 |
|                           Norm/critic_model |            99.4 |
|              Norm/state_action_metric_model |            46.1 |
|                     Norm/state_metric_model |            50.8 |
|        Norm/state_action_state_metric_model |            44.7 |
|                  Metric/self_state_distance |        0.000831 |
|                 Metric/cross_state_distance |             1.6 |
|           Metric/self_state_action_distance |         0.00179 |
|          Metric/cross_state_action_distance |            1.77 |
|             Metric/avg_self_state_asymmetry |               0 |
|            Metric/avg_cross_state_asymmetry |          0.0093 |
|                Metric/avg_self_sa_asymmetry |               0 |
|               Metric/avg_cross_sa_asymmetry |          0.0104 |
|  Metric/self_state_action_to_state_distance |         0.00111 |
| Metric/cross_state_action_to_state_distance |            1.77 |
|                   Metric/h_lambda_diff_self |         0.00212 |
|                  Metric/h_lambda_diff_cross |          0.0119 |
|                                 Eval/Return |             731 |
-----------------------------------------------------------------
-----------------------------------------------------------------
|                                 Train/Steps |        1.03e+06 |
|                            Loss/Loss_critic |           0.067 |
|                             Loss/Loss_actor |             -49 |
|                             Loss/Loss_alpha |         -0.0014 |
|               Loss/Loss_state_action_metric |           0.316 |
|                      Loss/Loss_state_metric |           0.224 |
|             Loss/Loss_state_action_to_state |        0.000167 |
|                           Loss/Act_rep_loss |        1.64e-06 |
|                                   SAC/Alpha |          0.0184 |
|                              SAC/LogPi_mean |            3.41 |
|                                 SAC/Q1_mean |              49 |
|                                 SAC/Q2_mean |            49.1 |
|                            Norm/actor_model |            86.9 |
|                           Norm/critic_model |             105 |
|              Norm/state_action_metric_model |            48.7 |
|                     Norm/state_metric_model |            53.7 |
|        Norm/state_action_state_metric_model |            47.1 |
|                  Metric/self_state_distance |        0.000668 |
|                 Metric/cross_state_distance |            1.67 |
|           Metric/self_state_action_distance |        0.000689 |
|          Metric/cross_state_action_distance |            1.86 |
|             Metric/avg_self_state_asymmetry |               0 |
|            Metric/avg_cross_state_asymmetry |         0.00895 |
|                Metric/avg_self_sa_asymmetry |               0 |
|               Metric/avg_cross_sa_asymmetry |          0.0115 |
|  Metric/self_state_action_to_state_distance |        0.000792 |
| Metric/cross_state_action_to_state_distance |            1.86 |
|                   Metric/h_lambda_diff_self |        0.000974 |
|                  Metric/h_lambda_diff_cross |          0.0153 |
|                                 Eval/Return |             729 |
-----------------------------------------------------------------
[32mSaving model …[0m
[32mDone.[0m
[32mSaving model …[0m
[32mDone.[0m
-----------------------------------------------------------------
|                                 Train/Steps |        1.16e+06 |
|                            Loss/Loss_critic |          0.0801 |
|                             Loss/Loss_actor |           -52.8 |
|                             Loss/Loss_alpha |        -0.00473 |
|               Loss/Loss_state_action_metric |           0.307 |
|                      Loss/Loss_state_metric |           0.217 |
|             Loss/Loss_state_action_to_state |        0.000167 |
|                           Loss/Act_rep_loss |        2.31e-05 |
|                                   SAC/Alpha |          0.0184 |
|                              SAC/LogPi_mean |            3.07 |
|                                 SAC/Q1_mean |            52.8 |
|                                 SAC/Q2_mean |            52.8 |
|                            Norm/actor_model |            90.7 |
|                           Norm/critic_model |             110 |
|              Norm/state_action_metric_model |            51.2 |
|                     Norm/state_metric_model |            56.8 |
|        Norm/state_action_state_metric_model |            49.4 |
|                  Metric/self_state_distance |         0.00109 |
|                 Metric/cross_state_distance |            1.65 |
|           Metric/self_state_action_distance |         0.00183 |
|          Metric/cross_state_action_distance |            1.82 |
|             Metric/avg_self_state_asymmetry |               0 |
|            Metric/avg_cross_state_asymmetry |         0.00696 |
|                Metric/avg_self_sa_asymmetry |               0 |
|               Metric/avg_cross_sa_asymmetry |          0.0109 |
|  Metric/self_state_action_to_state_distance |         0.00186 |
| Metric/cross_state_action_to_state_distance |            1.83 |
|                   Metric/h_lambda_diff_self |         0.00211 |
|                  Metric/h_lambda_diff_cross |          0.0184 |
|                                 Eval/Return |             749 |
-----------------------------------------------------------------
-----------------------------------------------------------------
|                                 Train/Steps |        1.29e+06 |
|                            Loss/Loss_critic |          0.0687 |
|                             Loss/Loss_actor |           -53.4 |
|                             Loss/Loss_alpha |        -0.00343 |
|               Loss/Loss_state_action_metric |            0.33 |
|                      Loss/Loss_state_metric |           0.231 |
|             Loss/Loss_state_action_to_state |        0.000158 |
|                           Loss/Act_rep_loss |        5.88e-05 |
|                                   SAC/Alpha |          0.0191 |
|                              SAC/LogPi_mean |            3.15 |
|                                 SAC/Q1_mean |            53.4 |
|                                 SAC/Q2_mean |            53.4 |
|                            Norm/actor_model |            94.1 |
|                           Norm/critic_model |             115 |
|              Norm/state_action_metric_model |            53.8 |
|                     Norm/state_metric_model |            60.1 |
|        Norm/state_action_state_metric_model |            51.5 |
|                  Metric/self_state_distance |         0.00169 |
|                 Metric/cross_state_distance |            1.66 |
|           Metric/self_state_action_distance |        0.000909 |
|          Metric/cross_state_action_distance |            1.85 |
|             Metric/avg_self_state_asymmetry |               0 |
|            Metric/avg_cross_state_asymmetry |         0.00788 |
|                Metric/avg_self_sa_asymmetry |               0 |
|               Metric/avg_cross_sa_asymmetry |          0.0117 |
|  Metric/self_state_action_to_state_distance |         0.00238 |
| Metric/cross_state_action_to_state_distance |            1.84 |
|                   Metric/h_lambda_diff_self |         0.00235 |
|                  Metric/h_lambda_diff_cross |          0.0161 |
|                                 Eval/Return |             749 |
-----------------------------------------------------------------
-----------------------------------------------------------------
|                                 Train/Steps |        1.42e+06 |
|                            Loss/Loss_critic |           0.356 |
|                             Loss/Loss_actor |           -57.1 |
|                             Loss/Loss_alpha |       -0.000694 |
|               Loss/Loss_state_action_metric |            0.25 |
|                      Loss/Loss_state_metric |           0.173 |
|             Loss/Loss_state_action_to_state |        0.000153 |
|                           Loss/Act_rep_loss |         3.6e-05 |
|                                   SAC/Alpha |          0.0185 |
|                              SAC/LogPi_mean |            3.11 |
|                                 SAC/Q1_mean |            57.1 |
|                                 SAC/Q2_mean |            57.1 |
|                            Norm/actor_model |            97.1 |
|                           Norm/critic_model |             120 |
|              Norm/state_action_metric_model |            56.2 |
|                     Norm/state_metric_model |            62.8 |
|        Norm/state_action_state_metric_model |            53.7 |
|                  Metric/self_state_distance |        0.000768 |
|                 Metric/cross_state_distance |            1.53 |
|           Metric/self_state_action_distance |         0.00132 |
|          Metric/cross_state_action_distance |             1.7 |
|             Metric/avg_self_state_asymmetry |               0 |
|            Metric/avg_cross_state_asymmetry |         0.00697 |
|                Metric/avg_self_sa_asymmetry |               0 |
|               Metric/avg_cross_sa_asymmetry |          0.0107 |
|  Metric/self_state_action_to_state_distance |         0.00133 |
| Metric/cross_state_action_to_state_distance |            1.69 |
|                   Metric/h_lambda_diff_self |         0.00236 |
|                  Metric/h_lambda_diff_cross |          0.0123 |
|                                 Eval/Return |             762 |
-----------------------------------------------------------------
-----------------------------------------------------------------
|                                 Train/Steps |        1.54e+06 |
|                            Loss/Loss_critic |          0.0443 |
|                             Loss/Loss_actor |           -58.1 |
|                             Loss/Loss_alpha |       -0.000391 |
|               Loss/Loss_state_action_metric |            0.28 |
|                      Loss/Loss_state_metric |           0.186 |
|             Loss/Loss_state_action_to_state |        0.000153 |
|                           Loss/Act_rep_loss |        1.33e-05 |
|                                   SAC/Alpha |          0.0178 |
|                              SAC/LogPi_mean |             3.2 |
|                                 SAC/Q1_mean |            58.2 |
|                                 SAC/Q2_mean |            58.2 |
|                            Norm/actor_model |             100 |
|                           Norm/critic_model |             124 |
|              Norm/state_action_metric_model |            58.5 |
|                     Norm/state_metric_model |            65.3 |
|        Norm/state_action_state_metric_model |            55.8 |
|                  Metric/self_state_distance |        0.000771 |
|                 Metric/cross_state_distance |            1.55 |
|           Metric/self_state_action_distance |        0.000906 |
|          Metric/cross_state_action_distance |             1.7 |
|             Metric/avg_self_state_asymmetry |               0 |
|            Metric/avg_cross_state_asymmetry |         0.00652 |
|                Metric/avg_self_sa_asymmetry |               0 |
|               Metric/avg_cross_sa_asymmetry |         0.00859 |
|  Metric/self_state_action_to_state_distance |        0.000773 |
| Metric/cross_state_action_to_state_distance |             1.7 |
|                   Metric/h_lambda_diff_self |         0.00089 |
|                  Metric/h_lambda_diff_cross |          0.0126 |
|                                 Eval/Return |             747 |
-----------------------------------------------------------------
-----------------------------------------------------------------
|                                 Train/Steps |        1.67e+06 |
|                            Loss/Loss_critic |          0.0406 |
|                             Loss/Loss_actor |           -59.8 |
|                             Loss/Loss_alpha |        0.000657 |
|               Loss/Loss_state_action_metric |           0.276 |
|                      Loss/Loss_state_metric |           0.179 |
|             Loss/Loss_state_action_to_state |        0.000124 |
|                           Loss/Act_rep_loss |        1.58e-05 |
|                                   SAC/Alpha |          0.0183 |
|                              SAC/LogPi_mean |             3.1 |
|                                 SAC/Q1_mean |            59.8 |
|                                 SAC/Q2_mean |            59.9 |
|                            Norm/actor_model |             103 |
|                           Norm/critic_model |             129 |
|              Norm/state_action_metric_model |            60.9 |
|                     Norm/state_metric_model |            68.1 |
|        Norm/state_action_state_metric_model |              58 |
|                  Metric/self_state_distance |         0.00069 |
|                 Metric/cross_state_distance |            1.52 |
|           Metric/self_state_action_distance |        0.000953 |
|          Metric/cross_state_action_distance |            1.68 |
|             Metric/avg_self_state_asymmetry |               0 |
|            Metric/avg_cross_state_asymmetry |         0.00559 |
|                Metric/avg_self_sa_asymmetry |               0 |
|               Metric/avg_cross_sa_asymmetry |         0.00888 |
|  Metric/self_state_action_to_state_distance |        0.000382 |
| Metric/cross_state_action_to_state_distance |            1.68 |
|                   Metric/h_lambda_diff_self |        0.000909 |
|                  Metric/h_lambda_diff_cross |          0.0115 |
|                                 Eval/Return |             763 |
-----------------------------------------------------------------
-----------------------------------------------------------------
|                                 Train/Steps |         1.8e+06 |
|                            Loss/Loss_critic |          0.0551 |
|                             Loss/Loss_actor |           -60.4 |
|                             Loss/Loss_alpha |        -0.00167 |
|               Loss/Loss_state_action_metric |           0.279 |
|                      Loss/Loss_state_metric |           0.197 |
|             Loss/Loss_state_action_to_state |         0.00012 |
|                           Loss/Act_rep_loss |        3.66e-05 |
|                                   SAC/Alpha |           0.018 |
|                              SAC/LogPi_mean |            3.08 |
|                                 SAC/Q1_mean |            60.4 |
|                                 SAC/Q2_mean |            60.5 |
|                            Norm/actor_model |             106 |
|                           Norm/critic_model |             132 |
|              Norm/state_action_metric_model |            63.2 |
|                     Norm/state_metric_model |            70.8 |
|        Norm/state_action_state_metric_model |            60.1 |
|                  Metric/self_state_distance |         0.00071 |
|                 Metric/cross_state_distance |            1.59 |
|           Metric/self_state_action_distance |         0.00119 |
|          Metric/cross_state_action_distance |            1.75 |
|             Metric/avg_self_state_asymmetry |               0 |
|            Metric/avg_cross_state_asymmetry |         0.00584 |
|                Metric/avg_self_sa_asymmetry |               0 |
|               Metric/avg_cross_sa_asymmetry |          0.0093 |
|  Metric/self_state_action_to_state_distance |        0.000271 |
| Metric/cross_state_action_to_state_distance |            1.75 |
|                   Metric/h_lambda_diff_self |         0.00107 |
|                  Metric/h_lambda_diff_cross |          0.0116 |
|                                 Eval/Return |             763 |
-----------------------------------------------------------------
-----------------------------------------------------------------
|                                 Train/Steps |        1.93e+06 |
|                            Loss/Loss_critic |          0.0387 |
|                             Loss/Loss_actor |           -61.5 |
|                             Loss/Loss_alpha |       -0.000429 |
|               Loss/Loss_state_action_metric |           0.278 |
|                      Loss/Loss_state_metric |           0.181 |
|             Loss/Loss_state_action_to_state |        0.000162 |
|                           Loss/Act_rep_loss |        6.33e-06 |
|                                   SAC/Alpha |          0.0179 |
|                              SAC/LogPi_mean |            2.88 |
|                                 SAC/Q1_mean |            61.6 |
|                                 SAC/Q2_mean |            61.6 |
|                            Norm/actor_model |             108 |
|                           Norm/critic_model |             136 |
|              Norm/state_action_metric_model |            65.6 |
|                     Norm/state_metric_model |            73.5 |
|        Norm/state_action_state_metric_model |            62.3 |
|                  Metric/self_state_distance |         0.00332 |
|                 Metric/cross_state_distance |            1.54 |
|           Metric/self_state_action_distance |          0.0011 |
|          Metric/cross_state_action_distance |            1.71 |
|             Metric/avg_self_state_asymmetry |               0 |
|            Metric/avg_cross_state_asymmetry |         0.00586 |
|                Metric/avg_self_sa_asymmetry |               0 |
|               Metric/avg_cross_sa_asymmetry |         0.00851 |
|  Metric/self_state_action_to_state_distance |          0.0017 |
| Metric/cross_state_action_to_state_distance |             1.7 |
|                   Metric/h_lambda_diff_self |         0.00204 |
|                  Metric/h_lambda_diff_cross |          0.0144 |
|                                 Eval/Return |             767 |
-----------------------------------------------------------------
-----------------------------------------------------------------
|                                 Train/Steps |        2.06e+06 |
|                            Loss/Loss_critic |          0.0417 |
|                             Loss/Loss_actor |           -62.5 |
|                             Loss/Loss_alpha |        0.000597 |
|               Loss/Loss_state_action_metric |           0.222 |
|                      Loss/Loss_state_metric |           0.155 |
|             Loss/Loss_state_action_to_state |        0.000136 |
|                           Loss/Act_rep_loss |        3.17e-06 |
|                                   SAC/Alpha |          0.0173 |
|                              SAC/LogPi_mean |            3.09 |
|                                 SAC/Q1_mean |            62.5 |
|                                 SAC/Q2_mean |            62.5 |
|                            Norm/actor_model |             111 |
|                           Norm/critic_model |             140 |
|              Norm/state_action_metric_model |            67.8 |
|                     Norm/state_metric_model |              76 |
|        Norm/state_action_state_metric_model |            64.4 |
|                  Metric/self_state_distance |        7.92e-05 |
|                 Metric/cross_state_distance |            1.49 |
|           Metric/self_state_action_distance |        0.000586 |
|          Metric/cross_state_action_distance |            1.64 |
|             Metric/avg_self_state_asymmetry |               0 |
|            Metric/avg_cross_state_asymmetry |         0.00612 |
|                Metric/avg_self_sa_asymmetry |               0 |
|               Metric/avg_cross_sa_asymmetry |         0.00897 |
|  Metric/self_state_action_to_state_distance |        0.000117 |
| Metric/cross_state_action_to_state_distance |            1.62 |
|                   Metric/h_lambda_diff_self |        0.000534 |
|                  Metric/h_lambda_diff_cross |          0.0161 |
|                                 Eval/Return |             753 |
-----------------------------------------------------------------
[32mSaving model …[0m
[32mDone.[0m
[32mSaving model …[0m
[32mDone.[0m
-----------------------------------------------------------------
|                                 Train/Steps |        2.18e+06 |
|                            Loss/Loss_critic |          0.0408 |
|                             Loss/Loss_actor |           -62.9 |
|                             Loss/Loss_alpha |          0.0013 |
|               Loss/Loss_state_action_metric |           0.242 |
|                      Loss/Loss_state_metric |           0.171 |
|             Loss/Loss_state_action_to_state |         0.00108 |
|                           Loss/Act_rep_loss |        1.15e-06 |
|                                   SAC/Alpha |          0.0173 |
|                              SAC/LogPi_mean |            3.05 |
|                                 SAC/Q1_mean |            62.9 |
|                                 SAC/Q2_mean |            62.9 |
|                            Norm/actor_model |             113 |
|                           Norm/critic_model |             144 |
|              Norm/state_action_metric_model |              70 |
|                     Norm/state_metric_model |            78.6 |
|        Norm/state_action_state_metric_model |            66.5 |
|                  Metric/self_state_distance |          0.0014 |
|                 Metric/cross_state_distance |            1.52 |
|           Metric/self_state_action_distance |          0.0033 |
|          Metric/cross_state_action_distance |            1.67 |
|             Metric/avg_self_state_asymmetry |               0 |
|            Metric/avg_cross_state_asymmetry |         0.00607 |
|                Metric/avg_self_sa_asymmetry |               0 |
|               Metric/avg_cross_sa_asymmetry |          0.0093 |
|  Metric/self_state_action_to_state_distance |        8.67e-08 |
| Metric/cross_state_action_to_state_distance |            1.67 |
|                   Metric/h_lambda_diff_self |          0.0033 |
|                  Metric/h_lambda_diff_cross |          0.0171 |
|                                 Eval/Return |             766 |
-----------------------------------------------------------------
-----------------------------------------------------------------
|                                 Train/Steps |        2.31e+06 |
|                            Loss/Loss_critic |          0.0598 |
|                             Loss/Loss_actor |           -63.2 |
|                             Loss/Loss_alpha |          0.0033 |
|               Loss/Loss_state_action_metric |           0.302 |
|                      Loss/Loss_state_metric |           0.162 |
|             Loss/Loss_state_action_to_state |        0.000171 |
|                           Loss/Act_rep_loss |        2.32e-05 |
|                                   SAC/Alpha |          0.0171 |
|                              SAC/LogPi_mean |            3.08 |
|                                 SAC/Q1_mean |            63.2 |
|                                 SAC/Q2_mean |            63.2 |
|                            Norm/actor_model |             116 |
|                           Norm/critic_model |             148 |
|              Norm/state_action_metric_model |            72.2 |
|                     Norm/state_metric_model |            80.9 |
|        Norm/state_action_state_metric_model |            68.6 |
|                  Metric/self_state_distance |         0.00274 |
|                 Metric/cross_state_distance |            1.48 |
|           Metric/self_state_action_distance |        0.000455 |
|          Metric/cross_state_action_distance |            1.63 |
|             Metric/avg_self_state_asymmetry |               0 |
|            Metric/avg_cross_state_asymmetry |         0.00627 |
|                Metric/avg_self_sa_asymmetry |               0 |
|               Metric/avg_cross_sa_asymmetry |         0.00903 |
|  Metric/self_state_action_to_state_distance |        0.000626 |
| Metric/cross_state_action_to_state_distance |            1.62 |
|                   Metric/h_lambda_diff_self |        0.000621 |
|                  Metric/h_lambda_diff_cross |          0.0116 |
|                                 Eval/Return |             767 |
-----------------------------------------------------------------
-----------------------------------------------------------------
|                                 Train/Steps |        2.44e+06 |
|                            Loss/Loss_critic |          0.0396 |
|                             Loss/Loss_actor |           -65.4 |
|                             Loss/Loss_alpha |       -0.000765 |
|               Loss/Loss_state_action_metric |           0.149 |
|                      Loss/Loss_state_metric |           0.104 |
|             Loss/Loss_state_action_to_state |        9.19e-05 |
|                           Loss/Act_rep_loss |        5.45e-06 |
|                                   SAC/Alpha |          0.0173 |
|                              SAC/LogPi_mean |            2.93 |
|                                 SAC/Q1_mean |            65.5 |
|                                 SAC/Q2_mean |            65.5 |
|                            Norm/actor_model |             118 |
|                           Norm/critic_model |             151 |
|              Norm/state_action_metric_model |            74.3 |
|                     Norm/state_metric_model |            83.3 |
|        Norm/state_action_state_metric_model |            70.6 |
|                  Metric/self_state_distance |        0.000968 |
|                 Metric/cross_state_distance |            1.36 |
|           Metric/self_state_action_distance |        0.000664 |
|          Metric/cross_state_action_distance |            1.46 |
|             Metric/avg_self_state_asymmetry |               0 |
|            Metric/avg_cross_state_asymmetry |         0.00544 |
|                Metric/avg_self_sa_asymmetry |               0 |
|               Metric/avg_cross_sa_asymmetry |         0.00755 |
|  Metric/self_state_action_to_state_distance |        0.000105 |
| Metric/cross_state_action_to_state_distance |            1.46 |
|                   Metric/h_lambda_diff_self |        0.000603 |
|                  Metric/h_lambda_diff_cross |          0.0104 |
|                                 Eval/Return |             765 |
-----------------------------------------------------------------
-----------------------------------------------------------------
|                                 Train/Steps |        2.57e+06 |
|                            Loss/Loss_critic |          0.0522 |
|                             Loss/Loss_actor |           -64.9 |
|                             Loss/Loss_alpha |        -0.00336 |
|               Loss/Loss_state_action_metric |           0.227 |
|                      Loss/Loss_state_metric |           0.143 |
|             Loss/Loss_state_action_to_state |        0.000528 |
|                           Loss/Act_rep_loss |        3.37e-05 |
|                                   SAC/Alpha |          0.0167 |
|                              SAC/LogPi_mean |            2.98 |
|                                 SAC/Q1_mean |              65 |
|                                 SAC/Q2_mean |              65 |
|                            Norm/actor_model |             120 |
|                           Norm/critic_model |             155 |
|              Norm/state_action_metric_model |            76.4 |
|                     Norm/state_metric_model |            85.5 |
|        Norm/state_action_state_metric_model |            72.6 |
|                  Metric/self_state_distance |        0.000755 |
|                 Metric/cross_state_distance |            1.42 |
|           Metric/self_state_action_distance |        0.000213 |
|          Metric/cross_state_action_distance |            1.53 |
|             Metric/avg_self_state_asymmetry |               0 |
|            Metric/avg_cross_state_asymmetry |         0.00529 |
|                Metric/avg_self_sa_asymmetry |               0 |
|               Metric/avg_cross_sa_asymmetry |         0.00876 |
|  Metric/self_state_action_to_state_distance |        0.000869 |
| Metric/cross_state_action_to_state_distance |            1.53 |
|                   Metric/h_lambda_diff_self |        0.000797 |
|                  Metric/h_lambda_diff_cross |          0.0113 |
|                                 Eval/Return |             775 |
-----------------------------------------------------------------
-----------------------------------------------------------------
|                                 Train/Steps |         2.7e+06 |
|                            Loss/Loss_critic |          0.0326 |
|                             Loss/Loss_actor |           -65.5 |
|                             Loss/Loss_alpha |         0.00501 |
|               Loss/Loss_state_action_metric |           0.219 |
|                      Loss/Loss_state_metric |           0.137 |
|             Loss/Loss_state_action_to_state |        9.84e-05 |
|                           Loss/Act_rep_loss |               0 |
|                                   SAC/Alpha |          0.0166 |
|                              SAC/LogPi_mean |             2.8 |
|                                 SAC/Q1_mean |            65.6 |
|                                 SAC/Q2_mean |            65.5 |
|                            Norm/actor_model |             123 |
|                           Norm/critic_model |             158 |
|              Norm/state_action_metric_model |            78.5 |
|                     Norm/state_metric_model |              88 |
|        Norm/state_action_state_metric_model |            74.7 |
|                  Metric/self_state_distance |         0.00015 |
|                 Metric/cross_state_distance |            1.42 |
|           Metric/self_state_action_distance |         0.00107 |
|          Metric/cross_state_action_distance |            1.53 |
|             Metric/avg_self_state_asymmetry |               0 |
|            Metric/avg_cross_state_asymmetry |         0.00454 |
|                Metric/avg_self_sa_asymmetry |               0 |
|               Metric/avg_cross_sa_asymmetry |         0.00846 |
|  Metric/self_state_action_to_state_distance |        0.000833 |
| Metric/cross_state_action_to_state_distance |            1.53 |
|                   Metric/h_lambda_diff_self |        0.000961 |
|                  Metric/h_lambda_diff_cross |          0.0113 |
|                                 Eval/Return |             764 |
-----------------------------------------------------------------
-----------------------------------------------------------------
|                                 Train/Steps |        2.82e+06 |
|                            Loss/Loss_critic |          0.0374 |
|                             Loss/Loss_actor |           -65.7 |
|                             Loss/Loss_alpha |         0.00465 |
|               Loss/Loss_state_action_metric |           0.182 |
|                      Loss/Loss_state_metric |           0.128 |
|             Loss/Loss_state_action_to_state |        0.000129 |
|                           Loss/Act_rep_loss |        7.44e-05 |
|                                   SAC/Alpha |          0.0165 |
|                              SAC/LogPi_mean |            2.89 |
|                                 SAC/Q1_mean |            65.8 |
|                                 SAC/Q2_mean |            65.7 |
|                            Norm/actor_model |             125 |
|                           Norm/critic_model |             161 |
|              Norm/state_action_metric_model |            80.5 |
|                     Norm/state_metric_model |            90.4 |
|        Norm/state_action_state_metric_model |            76.5 |
|                  Metric/self_state_distance |        0.000965 |
|                 Metric/cross_state_distance |            1.42 |
|           Metric/self_state_action_distance |        0.000567 |
|          Metric/cross_state_action_distance |            1.53 |
|             Metric/avg_self_state_asymmetry |               0 |
|            Metric/avg_cross_state_asymmetry |         0.00607 |
|                Metric/avg_self_sa_asymmetry |               0 |
|               Metric/avg_cross_sa_asymmetry |         0.00825 |
|  Metric/self_state_action_to_state_distance |        0.000273 |
| Metric/cross_state_action_to_state_distance |            1.53 |
|                   Metric/h_lambda_diff_self |        0.000642 |
|                  Metric/h_lambda_diff_cross |          0.0118 |
|                                 Eval/Return |             765 |
-----------------------------------------------------------------
-----------------------------------------------------------------
|                                 Train/Steps |        2.95e+06 |
|                            Loss/Loss_critic |          0.0512 |
|                             Loss/Loss_actor |             -65 |
|                             Loss/Loss_alpha |         -0.0029 |
|               Loss/Loss_state_action_metric |           0.236 |
|                      Loss/Loss_state_metric |           0.167 |
|             Loss/Loss_state_action_to_state |        0.000126 |
|                           Loss/Act_rep_loss |               0 |
|                                   SAC/Alpha |          0.0164 |
|                              SAC/LogPi_mean |            3.09 |
|                                 SAC/Q1_mean |              65 |
|                                 SAC/Q2_mean |              65 |
|                            Norm/actor_model |             127 |
|                           Norm/critic_model |             164 |
|              Norm/state_action_metric_model |            82.5 |
|                     Norm/state_metric_model |            92.7 |
|        Norm/state_action_state_metric_model |            78.5 |
|                  Metric/self_state_distance |        0.000583 |
|                 Metric/cross_state_distance |            1.49 |
|           Metric/self_state_action_distance |        0.000787 |
|          Metric/cross_state_action_distance |            1.62 |
|             Metric/avg_self_state_asymmetry |               0 |
|            Metric/avg_cross_state_asymmetry |         0.00604 |
|                Metric/avg_self_sa_asymmetry |               0 |
|               Metric/avg_cross_sa_asymmetry |         0.00815 |
|  Metric/self_state_action_to_state_distance |        0.000601 |
| Metric/cross_state_action_to_state_distance |            1.61 |
|                   Metric/h_lambda_diff_self |        0.000907 |
|                  Metric/h_lambda_diff_cross |          0.0126 |
|                                 Eval/Return |             770 |
-----------------------------------------------------------------
-----------------------------------------------------------------
|                                 Train/Steps |        3.08e+06 |
|                            Loss/Loss_critic |          0.0464 |
|                             Loss/Loss_actor |             -66 |
|                             Loss/Loss_alpha |         0.00143 |
|               Loss/Loss_state_action_metric |           0.222 |
|                      Loss/Loss_state_metric |           0.131 |
|             Loss/Loss_state_action_to_state |        0.000116 |
|                           Loss/Act_rep_loss |        2.78e-07 |
|                                   SAC/Alpha |          0.0159 |
|                              SAC/LogPi_mean |            2.86 |
|                                 SAC/Q1_mean |            66.1 |
|                                 SAC/Q2_mean |              66 |
|                            Norm/actor_model |             129 |
|                           Norm/critic_model |             168 |
|              Norm/state_action_metric_model |            84.6 |
|                     Norm/state_metric_model |            95.2 |
|        Norm/state_action_state_metric_model |            80.5 |
|                  Metric/self_state_distance |        0.000314 |
|                 Metric/cross_state_distance |            1.41 |
|           Metric/self_state_action_distance |        0.000869 |
|          Metric/cross_state_action_distance |            1.52 |
|             Metric/avg_self_state_asymmetry |               0 |
|            Metric/avg_cross_state_asymmetry |         0.00518 |
|                Metric/avg_self_sa_asymmetry |               0 |
|               Metric/avg_cross_sa_asymmetry |         0.00794 |
|  Metric/self_state_action_to_state_distance |        0.000179 |
| Metric/cross_state_action_to_state_distance |            1.52 |
|                   Metric/h_lambda_diff_self |        0.000768 |
|                  Metric/h_lambda_diff_cross |          0.0091 |
|                                 Eval/Return |             766 |
-----------------------------------------------------------------
[32mSaving model …[0m
[32mDone.[0m
[32mSaving model …[0m
[32mDone.[0m
-----------------------------------------------------------------
|                                 Train/Steps |        3.21e+06 |
|                            Loss/Loss_critic |          0.0388 |
|                             Loss/Loss_actor |           -66.3 |
|                             Loss/Loss_alpha |       -7.52e-05 |
|               Loss/Loss_state_action_metric |           0.141 |
|                      Loss/Loss_state_metric |             0.1 |
|             Loss/Loss_state_action_to_state |        0.000122 |
|                           Loss/Act_rep_loss |        0.000179 |
|                                   SAC/Alpha |          0.0161 |
|                              SAC/LogPi_mean |            2.83 |
|                                 SAC/Q1_mean |            66.4 |
|                                 SAC/Q2_mean |            66.4 |
|                            Norm/actor_model |             130 |
|                           Norm/critic_model |             171 |
|              Norm/state_action_metric_model |            86.4 |
|                     Norm/state_metric_model |            97.4 |
|        Norm/state_action_state_metric_model |            82.3 |
|                  Metric/self_state_distance |        0.000731 |
|                 Metric/cross_state_distance |            1.35 |
|           Metric/self_state_action_distance |         0.00127 |
|          Metric/cross_state_action_distance |            1.45 |
|             Metric/avg_self_state_asymmetry |               0 |
|            Metric/avg_cross_state_asymmetry |          0.0054 |
|                Metric/avg_self_sa_asymmetry |               0 |
|               Metric/avg_cross_sa_asymmetry |         0.00845 |
|  Metric/self_state_action_to_state_distance |        5.31e-05 |
| Metric/cross_state_action_to_state_distance |            1.45 |
|                   Metric/h_lambda_diff_self |         0.00125 |
|                  Metric/h_lambda_diff_cross |         0.00864 |
|                                 Eval/Return |             768 |
-----------------------------------------------------------------
-----------------------------------------------------------------
|                                 Train/Steps |        3.34e+06 |
|                            Loss/Loss_critic |           0.032 |
|                             Loss/Loss_actor |           -66.8 |
|                             Loss/Loss_alpha |         0.00526 |
|               Loss/Loss_state_action_metric |           0.164 |
|                      Loss/Loss_state_metric |           0.116 |
|             Loss/Loss_state_action_to_state |        0.000104 |
|                           Loss/Act_rep_loss |        3.36e-06 |
|                                   SAC/Alpha |          0.0159 |
|                              SAC/LogPi_mean |            2.66 |
|                                 SAC/Q1_mean |            66.9 |
|                                 SAC/Q2_mean |            66.8 |
|                            Norm/actor_model |             132 |
|                           Norm/critic_model |             174 |
|              Norm/state_action_metric_model |            88.4 |
|                     Norm/state_metric_model |            99.7 |
|        Norm/state_action_state_metric_model |            84.2 |
|                  Metric/self_state_distance |        0.000431 |
|                 Metric/cross_state_distance |            1.36 |
|           Metric/self_state_action_distance |         0.00113 |
|          Metric/cross_state_action_distance |            1.46 |
|             Metric/avg_self_state_asymmetry |               0 |
|            Metric/avg_cross_state_asymmetry |         0.00533 |
|                Metric/avg_self_sa_asymmetry |               0 |
|               Metric/avg_cross_sa_asymmetry |         0.00766 |
|  Metric/self_state_action_to_state_distance |        0.000145 |
| Metric/cross_state_action_to_state_distance |            1.46 |
|                   Metric/h_lambda_diff_self |         0.00103 |
|                  Metric/h_lambda_diff_cross |         0.00814 |
|                                 Eval/Return |             767 |
-----------------------------------------------------------------
-----------------------------------------------------------------
|                                 Train/Steps |        3.46e+06 |
|                            Loss/Loss_critic |          0.0339 |
|                             Loss/Loss_actor |           -66.9 |
|                             Loss/Loss_alpha |        -0.00166 |
|               Loss/Loss_state_action_metric |           0.165 |
|                      Loss/Loss_state_metric |           0.114 |
|             Loss/Loss_state_action_to_state |        0.000143 |
|                           Loss/Act_rep_loss |        6.21e-07 |
|                                   SAC/Alpha |          0.0157 |
|                              SAC/LogPi_mean |            3.05 |
|                                 SAC/Q1_mean |            66.9 |
|                                 SAC/Q2_mean |              67 |
|                            Norm/actor_model |             134 |
|                           Norm/critic_model |             177 |
|              Norm/state_action_metric_model |            90.3 |
|                     Norm/state_metric_model |             102 |
|        Norm/state_action_state_metric_model |              86 |
|                  Metric/self_state_distance |         0.00409 |
|                 Metric/cross_state_distance |            1.37 |
|           Metric/self_state_action_distance |        0.000151 |
|          Metric/cross_state_action_distance |            1.48 |
|             Metric/avg_self_state_asymmetry |               0 |
|            Metric/avg_cross_state_asymmetry |         0.00559 |
|                Metric/avg_self_sa_asymmetry |               0 |
|               Metric/avg_cross_sa_asymmetry |         0.00805 |
|  Metric/self_state_action_to_state_distance |        0.000335 |
| Metric/cross_state_action_to_state_distance |            1.48 |
|                   Metric/h_lambda_diff_self |        0.000404 |
|                  Metric/h_lambda_diff_cross |          0.0105 |
|                                 Eval/Return |             770 |
-----------------------------------------------------------------
-----------------------------------------------------------------
|                                 Train/Steps |        3.59e+06 |
|                            Loss/Loss_critic |          0.0481 |
|                             Loss/Loss_actor |           -66.5 |
|                             Loss/Loss_alpha |        -0.00174 |
|               Loss/Loss_state_action_metric |           0.219 |
|                      Loss/Loss_state_metric |           0.144 |
|             Loss/Loss_state_action_to_state |         0.00014 |
|                           Loss/Act_rep_loss |        6.82e-08 |
|                                   SAC/Alpha |          0.0164 |
|                              SAC/LogPi_mean |            3.11 |
|                                 SAC/Q1_mean |            66.5 |
|                                 SAC/Q2_mean |            66.5 |
|                            Norm/actor_model |             136 |
|                           Norm/critic_model |             180 |
|              Norm/state_action_metric_model |            92.3 |
|                     Norm/state_metric_model |             104 |
|        Norm/state_action_state_metric_model |            87.9 |
|                  Metric/self_state_distance |        8.94e-05 |
|                 Metric/cross_state_distance |            1.46 |
|           Metric/self_state_action_distance |         0.00053 |
|          Metric/cross_state_action_distance |            1.58 |
|             Metric/avg_self_state_asymmetry |               0 |
|            Metric/avg_cross_state_asymmetry |         0.00558 |
|                Metric/avg_self_sa_asymmetry |               0 |
|               Metric/avg_cross_sa_asymmetry |         0.00967 |
|  Metric/self_state_action_to_state_distance |        0.000886 |
| Metric/cross_state_action_to_state_distance |            1.59 |
|                   Metric/h_lambda_diff_self |         0.00111 |
|                  Metric/h_lambda_diff_cross |          0.0129 |
|                                 Eval/Return |             773 |
-----------------------------------------------------------------
-----------------------------------------------------------------
|                                 Train/Steps |        3.72e+06 |
|                            Loss/Loss_critic |          0.0392 |
|                             Loss/Loss_actor |           -67.1 |
|                             Loss/Loss_alpha |           0.003 |
|               Loss/Loss_state_action_metric |           0.201 |
|                      Loss/Loss_state_metric |            0.13 |
|             Loss/Loss_state_action_to_state |        0.000113 |
|                           Loss/Act_rep_loss |               0 |
|                                   SAC/Alpha |          0.0155 |
|                              SAC/LogPi_mean |            3.14 |
|                                 SAC/Q1_mean |            67.2 |
|                                 SAC/Q2_mean |            67.2 |
|                            Norm/actor_model |             138 |
|                           Norm/critic_model |             182 |
|              Norm/state_action_metric_model |            94.1 |
|                     Norm/state_metric_model |             106 |
|        Norm/state_action_state_metric_model |            89.8 |
|                  Metric/self_state_distance |         0.00125 |
|                 Metric/cross_state_distance |            1.41 |
|           Metric/self_state_action_distance |        0.000651 |
|          Metric/cross_state_action_distance |            1.52 |
|             Metric/avg_self_state_asymmetry |               0 |
|            Metric/avg_cross_state_asymmetry |         0.00514 |
|                Metric/avg_self_sa_asymmetry |               0 |
|               Metric/avg_cross_sa_asymmetry |         0.00865 |
|  Metric/self_state_action_to_state_distance |         0.00081 |
| Metric/cross_state_action_to_state_distance |            1.52 |
|                   Metric/h_lambda_diff_self |         0.00117 |
|                  Metric/h_lambda_diff_cross |         0.00896 |
|                                 Eval/Return |             770 |
-----------------------------------------------------------------
-----------------------------------------------------------------
|                                 Train/Steps |        3.85e+06 |
|                            Loss/Loss_critic |          0.0357 |
|                             Loss/Loss_actor |           -67.5 |
|                             Loss/Loss_alpha |        -0.00449 |
|               Loss/Loss_state_action_metric |            0.19 |
|                      Loss/Loss_state_metric |           0.123 |
|             Loss/Loss_state_action_to_state |         0.00012 |
|                           Loss/Act_rep_loss |        8.49e-07 |
|                                   SAC/Alpha |          0.0162 |
|                              SAC/LogPi_mean |            3.43 |
|                                 SAC/Q1_mean |            67.6 |
|                                 SAC/Q2_mean |            67.6 |
|                            Norm/actor_model |             140 |
|                           Norm/critic_model |             185 |
|              Norm/state_action_metric_model |            95.9 |
|                     Norm/state_metric_model |             108 |
|        Norm/state_action_state_metric_model |            91.5 |
|                  Metric/self_state_distance |         0.00017 |
|                 Metric/cross_state_distance |             1.4 |
|           Metric/self_state_action_distance |        0.000495 |
|          Metric/cross_state_action_distance |            1.51 |
|             Metric/avg_self_state_asymmetry |               0 |
|            Metric/avg_cross_state_asymmetry |         0.00532 |
|                Metric/avg_self_sa_asymmetry |               0 |
|               Metric/avg_cross_sa_asymmetry |          0.0087 |
|  Metric/self_state_action_to_state_distance |        0.000498 |
| Metric/cross_state_action_to_state_distance |            1.51 |
|                   Metric/h_lambda_diff_self |        0.000556 |
|                  Metric/h_lambda_diff_cross |         0.00912 |
|                                 Eval/Return |             775 |
-----------------------------------------------------------------
-----------------------------------------------------------------
|                                 Train/Steps |        3.98e+06 |
|                            Loss/Loss_critic |          0.0379 |
|                             Loss/Loss_actor |           -67.4 |
|                             Loss/Loss_alpha |        -0.00195 |
|               Loss/Loss_state_action_metric |            0.18 |
|                      Loss/Loss_state_metric |           0.127 |
|             Loss/Loss_state_action_to_state |         0.00012 |
|                           Loss/Act_rep_loss |               0 |
|                                   SAC/Alpha |          0.0153 |
|                              SAC/LogPi_mean |            3.19 |
|                                 SAC/Q1_mean |            67.5 |
|                                 SAC/Q2_mean |            67.4 |
|                            Norm/actor_model |             141 |
|                           Norm/critic_model |             188 |
|              Norm/state_action_metric_model |            97.8 |
|                     Norm/state_metric_model |             111 |
|        Norm/state_action_state_metric_model |            93.2 |
|                  Metric/self_state_distance |        0.000591 |
|                 Metric/cross_state_distance |            1.41 |
|           Metric/self_state_action_distance |         0.00129 |
|          Metric/cross_state_action_distance |            1.52 |
|             Metric/avg_self_state_asymmetry |               0 |
|            Metric/avg_cross_state_asymmetry |         0.00577 |
|                Metric/avg_self_sa_asymmetry |               0 |
|               Metric/avg_cross_sa_asymmetry |         0.00797 |
|  Metric/self_state_action_to_state_distance |        0.000619 |
| Metric/cross_state_action_to_state_distance |            1.52 |
|                   Metric/h_lambda_diff_self |         0.00121 |
|                  Metric/h_lambda_diff_cross |          0.0104 |
|                                 Eval/Return |             769 |
-----------------------------------------------------------------
-----------------------------------------------------------------
|                                 Train/Steps |         4.1e+06 |
|                            Loss/Loss_critic |          0.0241 |
|                             Loss/Loss_actor |           -68.7 |
|                             Loss/Loss_alpha |       -0.000599 |
|               Loss/Loss_state_action_metric |           0.128 |
|                      Loss/Loss_state_metric |          0.0775 |
|             Loss/Loss_state_action_to_state |        9.98e-05 |
|                           Loss/Act_rep_loss |        4.35e-06 |
|                                   SAC/Alpha |          0.0159 |
|                              SAC/LogPi_mean |            3.06 |
|                                 SAC/Q1_mean |            68.7 |
|                                 SAC/Q2_mean |            68.8 |
|                            Norm/actor_model |             143 |
|                           Norm/critic_model |             191 |
|              Norm/state_action_metric_model |            99.5 |
|                     Norm/state_metric_model |             112 |
|        Norm/state_action_state_metric_model |              95 |
|                  Metric/self_state_distance |        0.000267 |
|                 Metric/cross_state_distance |            1.28 |
|           Metric/self_state_action_distance |        0.000739 |
|          Metric/cross_state_action_distance |            1.36 |
|             Metric/avg_self_state_asymmetry |               0 |
|            Metric/avg_cross_state_asymmetry |         0.00481 |
|                Metric/avg_self_sa_asymmetry |               0 |
|               Metric/avg_cross_sa_asymmetry |         0.00721 |
|  Metric/self_state_action_to_state_distance |        8.38e-05 |
| Metric/cross_state_action_to_state_distance |            1.36 |
|                   Metric/h_lambda_diff_self |        0.000736 |
|                  Metric/h_lambda_diff_cross |         0.00824 |
|                                 Eval/Return |             771 |
-----------------------------------------------------------------
[32mSaving model …[0m
[32mDone.[0m
[32mSaving model …[0m
[32mDone.[0m
-----------------------------------------------------------------
|                                 Train/Steps |        4.23e+06 |
|                            Loss/Loss_critic |          0.0335 |
|                             Loss/Loss_actor |           -69.4 |
|                             Loss/Loss_alpha |        -0.00218 |
|               Loss/Loss_state_action_metric |           0.108 |
|                      Loss/Loss_state_metric |          0.0656 |
|             Loss/Loss_state_action_to_state |        0.000101 |
|                           Loss/Act_rep_loss |        1.27e-06 |
|                                   SAC/Alpha |          0.0152 |
|                              SAC/LogPi_mean |            3.12 |
|                                 SAC/Q1_mean |            69.5 |
|                                 SAC/Q2_mean |            69.4 |
|                            Norm/actor_model |             144 |
|                           Norm/critic_model |             193 |
|              Norm/state_action_metric_model |             101 |
|                     Norm/state_metric_model |             114 |
|        Norm/state_action_state_metric_model |            96.7 |
|                  Metric/self_state_distance |         8.6e-05 |
|                 Metric/cross_state_distance |            1.25 |
|           Metric/self_state_action_distance |        0.000706 |
|          Metric/cross_state_action_distance |            1.32 |
|             Metric/avg_self_state_asymmetry |               0 |
|            Metric/avg_cross_state_asymmetry |         0.00477 |
|                Metric/avg_self_sa_asymmetry |               0 |
|               Metric/avg_cross_sa_asymmetry |         0.00709 |
|  Metric/self_state_action_to_state_distance |        0.000382 |
| Metric/cross_state_action_to_state_distance |            1.33 |
|                   Metric/h_lambda_diff_self |         0.00087 |
|                  Metric/h_lambda_diff_cross |         0.00969 |
|                                 Eval/Return |             776 |
-----------------------------------------------------------------
-----------------------------------------------------------------
|                                 Train/Steps |        4.36e+06 |
|                            Loss/Loss_critic |          0.0191 |
|                             Loss/Loss_actor |             -70 |
|                             Loss/Loss_alpha |         0.00251 |
|               Loss/Loss_state_action_metric |          0.0759 |
|                      Loss/Loss_state_metric |           0.053 |
|             Loss/Loss_state_action_to_state |        0.000122 |
|                           Loss/Act_rep_loss |        1.93e-07 |
|                                   SAC/Alpha |          0.0145 |
|                              SAC/LogPi_mean |            2.91 |
|                                 SAC/Q1_mean |              70 |
|                                 SAC/Q2_mean |              70 |
|                            Norm/actor_model |             145 |
|                           Norm/critic_model |             196 |
|              Norm/state_action_metric_model |             103 |
|                     Norm/state_metric_model |             116 |
|        Norm/state_action_state_metric_model |            98.4 |
|                  Metric/self_state_distance |        0.000473 |
|                 Metric/cross_state_distance |            1.22 |
|           Metric/self_state_action_distance |        2.56e-05 |
|          Metric/cross_state_action_distance |            1.29 |
|             Metric/avg_self_state_asymmetry |               0 |
|            Metric/avg_cross_state_asymmetry |         0.00471 |
|                Metric/avg_self_sa_asymmetry |               0 |
|               Metric/avg_cross_sa_asymmetry |         0.00791 |
|  Metric/self_state_action_to_state_distance |        4.59e-05 |
| Metric/cross_state_action_to_state_distance |            1.29 |
|                   Metric/h_lambda_diff_self |        6.66e-05 |
|                  Metric/h_lambda_diff_cross |         0.00912 |
|                                 Eval/Return |             773 |
-----------------------------------------------------------------
-----------------------------------------------------------------
|                                 Train/Steps |        4.49e+06 |
|                            Loss/Loss_critic |          0.0239 |
|                             Loss/Loss_actor |           -70.3 |
|                             Loss/Loss_alpha |        0.000413 |
|               Loss/Loss_state_action_metric |          0.0725 |
|                      Loss/Loss_state_metric |          0.0394 |
|             Loss/Loss_state_action_to_state |        8.85e-05 |
|                           Loss/Act_rep_loss |               0 |
|                                   SAC/Alpha |          0.0148 |
|                              SAC/LogPi_mean |             2.7 |
|                                 SAC/Q1_mean |            70.4 |
|                                 SAC/Q2_mean |            70.4 |
|                            Norm/actor_model |             147 |
|                           Norm/critic_model |             198 |
|              Norm/state_action_metric_model |             105 |
|                     Norm/state_metric_model |             118 |
|        Norm/state_action_state_metric_model |             100 |
|                  Metric/self_state_distance |        0.000471 |
|                 Metric/cross_state_distance |             1.2 |
|           Metric/self_state_action_distance |        0.000348 |
|          Metric/cross_state_action_distance |            1.26 |
|             Metric/avg_self_state_asymmetry |               0 |
|            Metric/avg_cross_state_asymmetry |         0.00448 |
|                Metric/avg_self_sa_asymmetry |               0 |
|               Metric/avg_cross_sa_asymmetry |         0.00663 |
|  Metric/self_state_action_to_state_distance |        0.000585 |
| Metric/cross_state_action_to_state_distance |            1.26 |
|                   Metric/h_lambda_diff_self |        0.000599 |
|                  Metric/h_lambda_diff_cross |         0.00876 |
|                                 Eval/Return |             776 |
-----------------------------------------------------------------
-----------------------------------------------------------------
|                                 Train/Steps |        4.62e+06 |
|                            Loss/Loss_critic |           0.024 |
|                             Loss/Loss_actor |           -70.5 |
|                             Loss/Loss_alpha |       -0.000723 |
|               Loss/Loss_state_action_metric |          0.0713 |
|                      Loss/Loss_state_metric |          0.0497 |
|             Loss/Loss_state_action_to_state |        6.33e-05 |
|                           Loss/Act_rep_loss |        1.01e-05 |
|                                   SAC/Alpha |          0.0145 |
|                              SAC/LogPi_mean |            2.82 |
|                                 SAC/Q1_mean |            70.6 |
|                                 SAC/Q2_mean |            70.6 |
|                            Norm/actor_model |             148 |
|                           Norm/critic_model |             200 |
|              Norm/state_action_metric_model |             106 |
|                     Norm/state_metric_model |             120 |
|        Norm/state_action_state_metric_model |             102 |
|                  Metric/self_state_distance |         0.00137 |
|                 Metric/cross_state_distance |            1.21 |
|           Metric/self_state_action_distance |        0.000163 |
|          Metric/cross_state_action_distance |            1.27 |
|             Metric/avg_self_state_asymmetry |               0 |
|            Metric/avg_cross_state_asymmetry |           0.004 |
|                Metric/avg_self_sa_asymmetry |               0 |
|               Metric/avg_cross_sa_asymmetry |         0.00706 |
|  Metric/self_state_action_to_state_distance |        0.000105 |
| Metric/cross_state_action_to_state_distance |            1.27 |
|                   Metric/h_lambda_diff_self |        0.000202 |
|                  Metric/h_lambda_diff_cross |          0.0082 |
|                                 Eval/Return |             772 |
-----------------------------------------------------------------
-----------------------------------------------------------------
|                                 Train/Steps |        4.74e+06 |
|                            Loss/Loss_critic |          0.0132 |
|                             Loss/Loss_actor |           -70.5 |
|                             Loss/Loss_alpha |       -0.000455 |
|               Loss/Loss_state_action_metric |          0.0861 |
|                      Loss/Loss_state_metric |          0.0591 |
|             Loss/Loss_state_action_to_state |        6.59e-05 |
|                           Loss/Act_rep_loss |         0.00152 |
|                                   SAC/Alpha |          0.0142 |
|                              SAC/LogPi_mean |            3.06 |
|                                 SAC/Q1_mean |            70.6 |
|                                 SAC/Q2_mean |            70.5 |
|                            Norm/actor_model |             149 |
|                           Norm/critic_model |             202 |
|              Norm/state_action_metric_model |             108 |
|                     Norm/state_metric_model |             121 |
|        Norm/state_action_state_metric_model |             103 |
|                  Metric/self_state_distance |        0.000303 |
|                 Metric/cross_state_distance |            1.23 |
|           Metric/self_state_action_distance |        0.000295 |
|          Metric/cross_state_action_distance |             1.3 |
|             Metric/avg_self_state_asymmetry |               0 |
|            Metric/avg_cross_state_asymmetry |         0.00488 |
|                Metric/avg_self_sa_asymmetry |               0 |
|               Metric/avg_cross_sa_asymmetry |         0.00689 |
|  Metric/self_state_action_to_state_distance |        0.000371 |
| Metric/cross_state_action_to_state_distance |             1.3 |
|                   Metric/h_lambda_diff_self |        0.000471 |
|                  Metric/h_lambda_diff_cross |         0.00946 |
|                                 Eval/Return |             788 |
-----------------------------------------------------------------
-----------------------------------------------------------------
|                                 Train/Steps |        4.87e+06 |
|                            Loss/Loss_critic |          0.0161 |
|                             Loss/Loss_actor |           -71.1 |
|                             Loss/Loss_alpha |         -0.0058 |
|               Loss/Loss_state_action_metric |          0.0922 |
|                      Loss/Loss_state_metric |          0.0388 |
|             Loss/Loss_state_action_to_state |        7.84e-05 |
|                           Loss/Act_rep_loss |        1.14e-05 |
|                                   SAC/Alpha |          0.0144 |
|                              SAC/LogPi_mean |            3.11 |
|                                 SAC/Q1_mean |            71.1 |
|                                 SAC/Q2_mean |            71.1 |
|                            Norm/actor_model |             150 |
|                           Norm/critic_model |             204 |
|              Norm/state_action_metric_model |             110 |
|                     Norm/state_metric_model |             123 |
|        Norm/state_action_state_metric_model |             105 |
|                  Metric/self_state_distance |        0.000529 |
|                 Metric/cross_state_distance |            1.19 |
|           Metric/self_state_action_distance |        0.000754 |
|          Metric/cross_state_action_distance |            1.24 |
|             Metric/avg_self_state_asymmetry |               0 |
|            Metric/avg_cross_state_asymmetry |         0.00394 |
|                Metric/avg_self_sa_asymmetry |               0 |
|               Metric/avg_cross_sa_asymmetry |         0.00671 |
|  Metric/self_state_action_to_state_distance |        0.000124 |
| Metric/cross_state_action_to_state_distance |            1.24 |
|                   Metric/h_lambda_diff_self |        0.000705 |
|                  Metric/h_lambda_diff_cross |         0.00737 |
|                                 Eval/Return |             779 |
-----------------------------------------------------------------
-----------------------------------------------------------------
|                                 Train/Steps |           5e+06 |
|                            Loss/Loss_critic |          0.0159 |
|                             Loss/Loss_actor |           -70.9 |
|                             Loss/Loss_alpha |        -0.00553 |
|               Loss/Loss_state_action_metric |           0.085 |
|                      Loss/Loss_state_metric |          0.0593 |
|             Loss/Loss_state_action_to_state |        8.41e-05 |
|                           Loss/Act_rep_loss |               0 |
|                                   SAC/Alpha |          0.0142 |
|                              SAC/LogPi_mean |            3.24 |
|                                 SAC/Q1_mean |            70.9 |
|                                 SAC/Q2_mean |            70.9 |
|                            Norm/actor_model |             152 |
|                           Norm/critic_model |             207 |
|              Norm/state_action_metric_model |             111 |
|                     Norm/state_metric_model |             125 |
|        Norm/state_action_state_metric_model |             107 |
|                  Metric/self_state_distance |        0.000502 |
|                 Metric/cross_state_distance |            1.24 |
|           Metric/self_state_action_distance |         0.00285 |
|          Metric/cross_state_action_distance |            1.31 |
|             Metric/avg_self_state_asymmetry |               0 |
|            Metric/avg_cross_state_asymmetry |         0.00443 |
|                Metric/avg_self_sa_asymmetry |               0 |
|               Metric/avg_cross_sa_asymmetry |         0.00704 |
|  Metric/self_state_action_to_state_distance |        0.000264 |
| Metric/cross_state_action_to_state_distance |            1.31 |
|                   Metric/h_lambda_diff_self |         0.00297 |
|                  Metric/h_lambda_diff_cross |         0.00969 |
|                                 Eval/Return |             788 |
-----------------------------------------------------------------
[32mSaving model …[0m
[32mDone.[0m
[32mSaving model …[0m
[32mDone.[0m
