E0928 13:21:51.514522 3883235 cuda_executor.cc:1526] Could not get kernel mode driver version: (INVALID_ARGUMENT: Version does not match the format X.Y.Z)
E0928 13:21:51.523012 3883125 cuda_executor.cc:1526] Could not get kernel mode driver version: (INVALID_ARGUMENT: Version does not match the format X.Y.Z)
[32mStart prefilling replay buffer[0m
[32mStart SAC training[0m
[32m{'log_freq': 1000, 'save_freq': 1000000, 'eval_episode_freq': 10, 'hidden_size': 256, 'lr': 0.001, 'max_grad_norm': 0.0, 'gamma': 0.99, 'update_tau': 0.005, 'train_per_step': 8, 'episode_length': 1000, 'warmup_samples': 8192, 'max_replay_size': 4000000, 'batch_size': 512, 'total_env_steps': 5000000, 'init_temperature': 0.1, 'nstep': 3, 'bootstrap_on_truncation': True, 'rep_lr_scale': 1.5, 'rep_temperature': 1.0, 'vis_feq': 100000, 'n_vis_frames': 4, 'num_envs': 128, 'grad_steps': 50, 'transfer_freq': 10, 'transfer_steps': 8, 'reward_scaling': 1.0, 'num_eval_envs': 128, 'target_entropy': -1.0}[0m
[32m[nstep] nstep=3 bootstrap_on_truncation=True (discount from the buffer already contains gamma^nstep)[0m
-----------------------------------------------------------------
|                                 Train/Steps |        1.36e+05 |
|                            Loss/Loss_critic |        5.66e-07 |
|                             Loss/Loss_actor |           -0.35 |
|                             Loss/Loss_alpha |          0.0036 |
|               Loss/Loss_state_action_metric |         0.00216 |
|                      Loss/Loss_state_metric |          0.0016 |
|             Loss/Loss_state_action_to_state |        6.44e-06 |
|                           Loss/Act_rep_loss |               0 |
|                                   SAC/Alpha |         0.00152 |
|                              SAC/LogPi_mean |           -1.36 |
|                                 SAC/Q1_mean |           0.348 |
|                                 SAC/Q2_mean |           0.348 |
|                            Norm/actor_model |            17.3 |
|                           Norm/critic_model |            22.8 |
|              Norm/state_action_metric_model |            30.1 |
|                     Norm/state_metric_model |            30.3 |
|        Norm/state_action_state_metric_model |            30.7 |
|                  Metric/self_state_distance |         0.00117 |
|                 Metric/cross_state_distance |            0.92 |
|           Metric/self_state_action_distance |        0.000135 |
|          Metric/cross_state_action_distance |           0.903 |
|             Metric/avg_self_state_asymmetry |               0 |
|            Metric/avg_cross_state_asymmetry |         0.00122 |
|                Metric/avg_self_sa_asymmetry |               0 |
|               Metric/avg_cross_sa_asymmetry |         0.00174 |
|  Metric/self_state_action_to_state_distance |        0.000678 |
| Metric/cross_state_action_to_state_distance |           0.902 |
|                   Metric/h_lambda_diff_self |         0.00064 |
|                  Metric/h_lambda_diff_cross |         0.00186 |
|                                 Eval/Return |               0 |
-----------------------------------------------------------------
-----------------------------------------------------------------
|                                 Train/Steps |        2.64e+05 |
|                            Loss/Loss_critic |        1.11e-08 |
|                             Loss/Loss_actor |          -0.113 |
|                             Loss/Loss_alpha |        0.000126 |
|               Loss/Loss_state_action_metric |         0.00221 |
|                      Loss/Loss_state_metric |         0.00165 |
|             Loss/Loss_state_action_to_state |        1.77e-06 |
|                           Loss/Act_rep_loss |               0 |
|                                   SAC/Alpha |        5.54e-05 |
|                              SAC/LogPi_mean |           -1.29 |
|                                 SAC/Q1_mean |           0.113 |
|                                 SAC/Q2_mean |           0.113 |
|                            Norm/actor_model |            19.9 |
|                           Norm/critic_model |            22.8 |
|              Norm/state_action_metric_model |            31.1 |
|                     Norm/state_metric_model |            30.6 |
|        Norm/state_action_state_metric_model |            32.5 |
|                  Metric/self_state_distance |        0.000408 |
|                 Metric/cross_state_distance |           0.919 |
|           Metric/self_state_action_distance |        0.000668 |
|          Metric/cross_state_action_distance |           0.902 |
|             Metric/avg_self_state_asymmetry |               0 |
|            Metric/avg_cross_state_asymmetry |        0.000988 |
|                Metric/avg_self_sa_asymmetry |               0 |
|               Metric/avg_cross_sa_asymmetry |          0.0028 |
|  Metric/self_state_action_to_state_distance |        0.000337 |
| Metric/cross_state_action_to_state_distance |             0.9 |
|                   Metric/h_lambda_diff_self |        0.000546 |
|                  Metric/h_lambda_diff_cross |         0.00232 |
|                                 Eval/Return |               0 |
-----------------------------------------------------------------
-----------------------------------------------------------------
|                                 Train/Steps |        3.92e+05 |
|                            Loss/Loss_critic |        8.59e-10 |
|                             Loss/Loss_actor |         -0.0341 |
|                             Loss/Loss_alpha |        3.63e-06 |
|               Loss/Loss_state_action_metric |          0.0022 |
|                      Loss/Loss_state_metric |         0.00166 |
|             Loss/Loss_state_action_to_state |        1.24e-06 |
|                           Loss/Act_rep_loss |               0 |
|                                   SAC/Alpha |        2.82e-06 |
|                              SAC/LogPi_mean |          -0.216 |
|                                 SAC/Q1_mean |          0.0342 |
|                                 SAC/Q2_mean |          0.0341 |
|                            Norm/actor_model |            23.3 |
|                           Norm/critic_model |            22.8 |
|              Norm/state_action_metric_model |            31.8 |
|                     Norm/state_metric_model |              32 |
|        Norm/state_action_state_metric_model |            33.9 |
|                  Metric/self_state_distance |        0.000242 |
|                 Metric/cross_state_distance |           0.918 |
|           Metric/self_state_action_distance |        0.000121 |
|          Metric/cross_state_action_distance |             0.9 |
|             Metric/avg_self_state_asymmetry |               0 |
|            Metric/avg_cross_state_asymmetry |         0.00076 |
|                Metric/avg_self_sa_asymmetry |               0 |
|               Metric/avg_cross_sa_asymmetry |        0.000317 |
|  Metric/self_state_action_to_state_distance |        0.000166 |
| Metric/cross_state_action_to_state_distance |           0.901 |
|                   Metric/h_lambda_diff_self |        0.000184 |
|                  Metric/h_lambda_diff_cross |        0.000803 |
|                                 Eval/Return |               0 |
-----------------------------------------------------------------
-----------------------------------------------------------------
|                                 Train/Steps |         5.2e+05 |
|                            Loss/Loss_critic |        5.66e-10 |
|                             Loss/Loss_actor |         -0.0102 |
|                             Loss/Loss_alpha |        1.15e-06 |
|               Loss/Loss_state_action_metric |         0.00223 |
|                      Loss/Loss_state_metric |         0.00168 |
|             Loss/Loss_state_action_to_state |        1.24e-06 |
|                           Loss/Act_rep_loss |               0 |
|                                   SAC/Alpha |         1.6e-06 |
|                              SAC/LogPi_mean |           0.132 |
|                                 SAC/Q1_mean |          0.0102 |
|                                 SAC/Q2_mean |          0.0102 |
|                            Norm/actor_model |            26.4 |
|                           Norm/critic_model |            22.8 |
|              Norm/state_action_metric_model |            33.3 |
|                     Norm/state_metric_model |            33.9 |
|        Norm/state_action_state_metric_model |            35.9 |
|                  Metric/self_state_distance |        0.000109 |
|                 Metric/cross_state_distance |           0.916 |
|           Metric/self_state_action_distance |        0.000183 |
|          Metric/cross_state_action_distance |             0.9 |
|             Metric/avg_self_state_asymmetry |               0 |
|            Metric/avg_cross_state_asymmetry |        0.000416 |
|                Metric/avg_self_sa_asymmetry |               0 |
|               Metric/avg_cross_sa_asymmetry |        0.000307 |
|  Metric/self_state_action_to_state_distance |        7.18e-05 |
| Metric/cross_state_action_to_state_distance |             0.9 |
|                   Metric/h_lambda_diff_self |        0.000158 |
|                  Metric/h_lambda_diff_cross |        0.000611 |
|                                 Eval/Return |               0 |
-----------------------------------------------------------------
-----------------------------------------------------------------
|                                 Train/Steps |        6.48e+05 |
|                            Loss/Loss_critic |        1.37e-08 |
|                             Loss/Loss_actor |        -0.00302 |
|                             Loss/Loss_alpha |        1.46e-06 |
|               Loss/Loss_state_action_metric |         0.00224 |
|                      Loss/Loss_state_metric |         0.00169 |
|             Loss/Loss_state_action_to_state |        7.64e-06 |
|                           Loss/Act_rep_loss |               0 |
|                                   SAC/Alpha |         2.3e-06 |
|                              SAC/LogPi_mean |           0.585 |
|                                 SAC/Q1_mean |         0.00326 |
|                                 SAC/Q2_mean |         0.00302 |
|                            Norm/actor_model |            29.7 |
|                           Norm/critic_model |            22.8 |
|              Norm/state_action_metric_model |            36.1 |
|                     Norm/state_metric_model |            35.8 |
|        Norm/state_action_state_metric_model |            38.9 |
|                  Metric/self_state_distance |        0.000183 |
|                 Metric/cross_state_distance |           0.918 |
|           Metric/self_state_action_distance |        0.000274 |
|          Metric/cross_state_action_distance |             0.9 |
|             Metric/avg_self_state_asymmetry |               0 |
|            Metric/avg_cross_state_asymmetry |        0.000969 |
|                Metric/avg_self_sa_asymmetry |               0 |
|               Metric/avg_cross_sa_asymmetry |        0.000873 |
|  Metric/self_state_action_to_state_distance |         0.00189 |
| Metric/cross_state_action_to_state_distance |             0.9 |
|                   Metric/h_lambda_diff_self |         0.00194 |
|                  Metric/h_lambda_diff_cross |        0.000881 |
|                                 Eval/Return |               0 |
-----------------------------------------------------------------
-----------------------------------------------------------------
|                                 Train/Steps |        7.76e+05 |
|                            Loss/Loss_critic |        5.37e-10 |
|                             Loss/Loss_actor |         -0.0008 |
|                             Loss/Loss_alpha |        1.22e-05 |
|               Loss/Loss_state_action_metric |         0.00224 |
|                      Loss/Loss_state_metric |         0.00169 |
|             Loss/Loss_state_action_to_state |         2.5e-06 |
|                           Loss/Act_rep_loss |               0 |
|                                   SAC/Alpha |        9.85e-06 |
|                              SAC/LogPi_mean |          -0.305 |
|                                 SAC/Q1_mean |        0.000818 |
|                                 SAC/Q2_mean |         0.00079 |
|                            Norm/actor_model |            35.3 |
|                           Norm/critic_model |            22.8 |
|              Norm/state_action_metric_model |            37.9 |
|                     Norm/state_metric_model |            39.5 |
|        Norm/state_action_state_metric_model |            41.5 |
|                  Metric/self_state_distance |        0.000272 |
|                 Metric/cross_state_distance |           0.916 |
|           Metric/self_state_action_distance |        0.000245 |
|          Metric/cross_state_action_distance |           0.899 |
|             Metric/avg_self_state_asymmetry |               0 |
|            Metric/avg_cross_state_asymmetry |         0.00035 |
|                Metric/avg_self_sa_asymmetry |               0 |
|               Metric/avg_cross_sa_asymmetry |        0.000334 |
|  Metric/self_state_action_to_state_distance |        0.000876 |
| Metric/cross_state_action_to_state_distance |           0.899 |
|                   Metric/h_lambda_diff_self |        0.000947 |
|                  Metric/h_lambda_diff_cross |        0.000378 |
|                                 Eval/Return |               0 |
-----------------------------------------------------------------
-----------------------------------------------------------------
|                                 Train/Steps |        9.04e+05 |
|                            Loss/Loss_critic |          0.0176 |
|                             Loss/Loss_actor |          -0.453 |
|                             Loss/Loss_alpha |       -3.61e-05 |
|               Loss/Loss_state_action_metric |         0.00221 |
|                      Loss/Loss_state_metric |          0.0016 |
|             Loss/Loss_state_action_to_state |        1.06e-05 |
|                           Loss/Act_rep_loss |        0.000687 |
|                                   SAC/Alpha |         0.00585 |
|                              SAC/LogPi_mean |             1.1 |
|                                 SAC/Q1_mean |           0.435 |
|                                 SAC/Q2_mean |           0.434 |
|                            Norm/actor_model |            45.7 |
|                           Norm/critic_model |            42.3 |
|              Norm/state_action_metric_model |            40.8 |
|                     Norm/state_metric_model |            43.4 |
|        Norm/state_action_state_metric_model |            43.7 |
|                  Metric/self_state_distance |        0.000206 |
|                 Metric/cross_state_distance |            0.92 |
|           Metric/self_state_action_distance |        0.000417 |
|          Metric/cross_state_action_distance |           0.905 |
|             Metric/avg_self_state_asymmetry |               0 |
|            Metric/avg_cross_state_asymmetry |         0.00133 |
|                Metric/avg_self_sa_asymmetry |               0 |
|               Metric/avg_cross_sa_asymmetry |         0.00183 |
|  Metric/self_state_action_to_state_distance |        1.59e-05 |
| Metric/cross_state_action_to_state_distance |           0.903 |
|                   Metric/h_lambda_diff_self |        0.000403 |
|                  Metric/h_lambda_diff_cross |         0.00321 |
|                                 Eval/Return |               0 |
-----------------------------------------------------------------
-----------------------------------------------------------------
|                                 Train/Steps |        1.03e+06 |
|                            Loss/Loss_critic |           0.561 |
|                             Loss/Loss_actor |           -13.1 |
|                             Loss/Loss_alpha |         -0.0113 |
|               Loss/Loss_state_action_metric |         0.00388 |
|                      Loss/Loss_state_metric |         0.00231 |
|             Loss/Loss_state_action_to_state |        0.000149 |
|                           Loss/Act_rep_loss |         0.00652 |
|                                   SAC/Alpha |           0.114 |
|                              SAC/LogPi_mean |           0.987 |
|                                 SAC/Q1_mean |            12.9 |
|                                 SAC/Q2_mean |            12.9 |
|                            Norm/actor_model |            56.9 |
|                           Norm/critic_model |            73.7 |
|              Norm/state_action_metric_model |            43.8 |
|                     Norm/state_metric_model |              45 |
|        Norm/state_action_state_metric_model |            44.8 |
|                  Metric/self_state_distance |         0.00134 |
|                 Metric/cross_state_distance |           0.963 |
|           Metric/self_state_action_distance |         0.00373 |
|          Metric/cross_state_action_distance |           0.952 |
|             Metric/avg_self_state_asymmetry |               0 |
|            Metric/avg_cross_state_asymmetry |         0.00306 |
|                Metric/avg_self_sa_asymmetry |               0 |
|               Metric/avg_cross_sa_asymmetry |         0.00344 |
|  Metric/self_state_action_to_state_distance |        0.000886 |
| Metric/cross_state_action_to_state_distance |           0.953 |
|                   Metric/h_lambda_diff_self |         0.00317 |
|                  Metric/h_lambda_diff_cross |         0.00454 |
|                                 Eval/Return |             936 |
-----------------------------------------------------------------
[32mSaving model …[0m
[32mDone.[0m
[32mSaving model …[0m
[32mDone.[0m
-----------------------------------------------------------------
|                                 Train/Steps |        1.16e+06 |
|                            Loss/Loss_critic |           0.648 |
|                             Loss/Loss_actor |           -29.4 |
|                             Loss/Loss_alpha |          0.0248 |
|               Loss/Loss_state_action_metric |         0.00435 |
|                      Loss/Loss_state_metric |          0.0032 |
|             Loss/Loss_state_action_to_state |           3e-05 |
|                           Loss/Act_rep_loss |          0.0097 |
|                                   SAC/Alpha |           0.174 |
|                              SAC/LogPi_mean |           0.914 |
|                                 SAC/Q1_mean |            29.1 |
|                                 SAC/Q2_mean |            29.1 |
|                            Norm/actor_model |              64 |
|                           Norm/critic_model |            83.4 |
|              Norm/state_action_metric_model |            45.8 |
|                     Norm/state_metric_model |            47.8 |
|        Norm/state_action_state_metric_model |            47.9 |
|                  Metric/self_state_distance |         0.00014 |
|                 Metric/cross_state_distance |               1 |
|           Metric/self_state_action_distance |         0.00252 |
|          Metric/cross_state_action_distance |               1 |
|             Metric/avg_self_state_asymmetry |               0 |
|            Metric/avg_cross_state_asymmetry |         0.00246 |
|                Metric/avg_self_sa_asymmetry |               0 |
|               Metric/avg_cross_sa_asymmetry |         0.00301 |
|  Metric/self_state_action_to_state_distance |         0.00087 |
| Metric/cross_state_action_to_state_distance |               1 |
|                   Metric/h_lambda_diff_self |         0.00213 |
|                  Metric/h_lambda_diff_cross |         0.00399 |
|                                 Eval/Return |             939 |
-----------------------------------------------------------------
-----------------------------------------------------------------
|                                 Train/Steps |        1.29e+06 |
|                            Loss/Loss_critic |           0.655 |
|                             Loss/Loss_actor |           -37.1 |
|                             Loss/Loss_alpha |        -0.00629 |
|               Loss/Loss_state_action_metric |         0.00439 |
|                      Loss/Loss_state_metric |         0.00383 |
|             Loss/Loss_state_action_to_state |        0.000787 |
|                           Loss/Act_rep_loss |          0.0125 |
|                                   SAC/Alpha |           0.174 |
|                              SAC/LogPi_mean |           0.982 |
|                                 SAC/Q1_mean |            36.5 |
|                                 SAC/Q2_mean |            36.6 |
|                            Norm/actor_model |              70 |
|                           Norm/critic_model |            90.4 |
|              Norm/state_action_metric_model |            47.9 |
|                     Norm/state_metric_model |            51.1 |
|        Norm/state_action_state_metric_model |            51.7 |
|                  Metric/self_state_distance |         0.00305 |
|                 Metric/cross_state_distance |               1 |
|           Metric/self_state_action_distance |         0.00233 |
|          Metric/cross_state_action_distance |            1.01 |
|             Metric/avg_self_state_asymmetry |               0 |
|            Metric/avg_cross_state_asymmetry |         0.00389 |
|                Metric/avg_self_sa_asymmetry |               0 |
|               Metric/avg_cross_sa_asymmetry |         0.00294 |
|  Metric/self_state_action_to_state_distance |          0.0071 |
| Metric/cross_state_action_to_state_distance |            1.01 |
|                   Metric/h_lambda_diff_self |         0.00645 |
|                  Metric/h_lambda_diff_cross |         0.00388 |
|                                 Eval/Return |             938 |
-----------------------------------------------------------------
-----------------------------------------------------------------
|                                 Train/Steps |        1.42e+06 |
|                            Loss/Loss_critic |           0.768 |
|                             Loss/Loss_actor |           -49.2 |
|                             Loss/Loss_alpha |          0.0213 |
|               Loss/Loss_state_action_metric |         0.00505 |
|                      Loss/Loss_state_metric |          0.0037 |
|             Loss/Loss_state_action_to_state |         2.4e-05 |
|                           Loss/Act_rep_loss |          0.0132 |
|                                   SAC/Alpha |           0.167 |
|                              SAC/LogPi_mean |           0.878 |
|                                 SAC/Q1_mean |            48.7 |
|                                 SAC/Q2_mean |            48.7 |
|                            Norm/actor_model |            75.9 |
|                           Norm/critic_model |            97.5 |
|              Norm/state_action_metric_model |            50.3 |
|                     Norm/state_metric_model |            54.1 |
|        Norm/state_action_state_metric_model |            55.7 |
|                  Metric/self_state_distance |        0.000452 |
|                 Metric/cross_state_distance |            1.04 |
|           Metric/self_state_action_distance |         0.00125 |
|          Metric/cross_state_action_distance |            1.04 |
|             Metric/avg_self_state_asymmetry |               0 |
|            Metric/avg_cross_state_asymmetry |         0.00272 |
|                Metric/avg_self_sa_asymmetry |               0 |
|               Metric/avg_cross_sa_asymmetry |         0.00282 |
|  Metric/self_state_action_to_state_distance |        0.000947 |
| Metric/cross_state_action_to_state_distance |            1.04 |
|                   Metric/h_lambda_diff_self |        0.000834 |
|                  Metric/h_lambda_diff_cross |         0.00447 |
|                                 Eval/Return |             941 |
-----------------------------------------------------------------
-----------------------------------------------------------------
|                                 Train/Steps |        1.54e+06 |
|                            Loss/Loss_critic |           0.812 |
|                             Loss/Loss_actor |           -56.5 |
|                             Loss/Loss_alpha |         -0.0106 |
|               Loss/Loss_state_action_metric |         0.00555 |
|                      Loss/Loss_state_metric |         0.00368 |
|             Loss/Loss_state_action_to_state |        2.11e-05 |
|                           Loss/Act_rep_loss |          0.0154 |
|                                   SAC/Alpha |           0.162 |
|                              SAC/LogPi_mean |            1.03 |
|                                 SAC/Q1_mean |              56 |
|                                 SAC/Q2_mean |              56 |
|                            Norm/actor_model |            81.7 |
|                           Norm/critic_model |             104 |
|              Norm/state_action_metric_model |            52.5 |
|                     Norm/state_metric_model |            57.3 |
|        Norm/state_action_state_metric_model |            59.6 |
|                  Metric/self_state_distance |          0.0013 |
|                 Metric/cross_state_distance |            1.04 |
|           Metric/self_state_action_distance |        0.000922 |
|          Metric/cross_state_action_distance |            1.04 |
|             Metric/avg_self_state_asymmetry |               0 |
|            Metric/avg_cross_state_asymmetry |         0.00255 |
|                Metric/avg_self_sa_asymmetry |               0 |
|               Metric/avg_cross_sa_asymmetry |         0.00282 |
|  Metric/self_state_action_to_state_distance |         0.00116 |
| Metric/cross_state_action_to_state_distance |            1.04 |
|                   Metric/h_lambda_diff_self |         0.00108 |
|                  Metric/h_lambda_diff_cross |         0.00329 |
|                                 Eval/Return |             941 |
-----------------------------------------------------------------
-----------------------------------------------------------------
|                                 Train/Steps |        1.67e+06 |
|                            Loss/Loss_critic |            0.96 |
|                             Loss/Loss_actor |           -61.5 |
|                             Loss/Loss_alpha |        -0.00955 |
|               Loss/Loss_state_action_metric |         0.00552 |
|                      Loss/Loss_state_metric |         0.00373 |
|             Loss/Loss_state_action_to_state |        1.32e-05 |
|                           Loss/Act_rep_loss |          0.0159 |
|                                   SAC/Alpha |           0.139 |
|                              SAC/LogPi_mean |           0.998 |
|                                 SAC/Q1_mean |            60.8 |
|                                 SAC/Q2_mean |            60.9 |
|                            Norm/actor_model |            87.5 |
|                           Norm/critic_model |             109 |
|              Norm/state_action_metric_model |            54.3 |
|                     Norm/state_metric_model |            60.1 |
|        Norm/state_action_state_metric_model |            62.8 |
|                  Metric/self_state_distance |        0.000397 |
|                 Metric/cross_state_distance |            1.04 |
|           Metric/self_state_action_distance |         0.00113 |
|          Metric/cross_state_action_distance |            1.05 |
|             Metric/avg_self_state_asymmetry |               0 |
|            Metric/avg_cross_state_asymmetry |         0.00202 |
|                Metric/avg_self_sa_asymmetry |               0 |
|               Metric/avg_cross_sa_asymmetry |         0.00289 |
|  Metric/self_state_action_to_state_distance |        0.000695 |
| Metric/cross_state_action_to_state_distance |            1.04 |
|                   Metric/h_lambda_diff_self |          0.0012 |
|                  Metric/h_lambda_diff_cross |         0.00263 |
|                                 Eval/Return |             944 |
-----------------------------------------------------------------
-----------------------------------------------------------------
|                                 Train/Steps |         1.8e+06 |
|                            Loss/Loss_critic |             0.8 |
|                             Loss/Loss_actor |           -64.7 |
|                             Loss/Loss_alpha |         -0.0147 |
|               Loss/Loss_state_action_metric |         0.00552 |
|                      Loss/Loss_state_metric |          0.0037 |
|             Loss/Loss_state_action_to_state |           4e-05 |
|                           Loss/Act_rep_loss |          0.0152 |
|                                   SAC/Alpha |            0.12 |
|                              SAC/LogPi_mean |            1.21 |
|                                 SAC/Q1_mean |            64.1 |
|                                 SAC/Q2_mean |            64.1 |
|                            Norm/actor_model |            92.8 |
|                           Norm/critic_model |             113 |
|              Norm/state_action_metric_model |              57 |
|                     Norm/state_metric_model |              62 |
|        Norm/state_action_state_metric_model |            66.5 |
|                  Metric/self_state_distance |        0.000328 |
|                 Metric/cross_state_distance |            1.04 |
|           Metric/self_state_action_distance |         0.00125 |
|          Metric/cross_state_action_distance |            1.04 |
|             Metric/avg_self_state_asymmetry |               0 |
|            Metric/avg_cross_state_asymmetry |          0.0023 |
|                Metric/avg_self_sa_asymmetry |               0 |
|               Metric/avg_cross_sa_asymmetry |          0.0022 |
|  Metric/self_state_action_to_state_distance |         0.00361 |
| Metric/cross_state_action_to_state_distance |            1.04 |
|                   Metric/h_lambda_diff_self |         0.00325 |
|                  Metric/h_lambda_diff_cross |         0.00278 |
|                                 Eval/Return |             945 |
-----------------------------------------------------------------
-----------------------------------------------------------------
|                                 Train/Steps |        1.93e+06 |
|                            Loss/Loss_critic |            0.68 |
|                             Loss/Loss_actor |           -70.8 |
|                             Loss/Loss_alpha |          -0.012 |
|               Loss/Loss_state_action_metric |         0.00557 |
|                      Loss/Loss_state_metric |         0.00385 |
|             Loss/Loss_state_action_to_state |        0.000295 |
|                           Loss/Act_rep_loss |          0.0179 |
|                                   SAC/Alpha |            0.12 |
|                              SAC/LogPi_mean |            1.13 |
|                                 SAC/Q1_mean |            70.4 |
|                                 SAC/Q2_mean |            70.4 |
|                            Norm/actor_model |              98 |
|                           Norm/critic_model |             117 |
|              Norm/state_action_metric_model |              59 |
|                     Norm/state_metric_model |            64.8 |
|        Norm/state_action_state_metric_model |            70.4 |
|                  Metric/self_state_distance |        0.000543 |
|                 Metric/cross_state_distance |            1.04 |
|           Metric/self_state_action_distance |          0.0017 |
|          Metric/cross_state_action_distance |            1.05 |
|             Metric/avg_self_state_asymmetry |               0 |
|            Metric/avg_cross_state_asymmetry |         0.00183 |
|                Metric/avg_self_sa_asymmetry |               0 |
|               Metric/avg_cross_sa_asymmetry |         0.00236 |
|  Metric/self_state_action_to_state_distance |        0.000645 |
| Metric/cross_state_action_to_state_distance |            1.05 |
|                   Metric/h_lambda_diff_self |         0.00132 |
|                  Metric/h_lambda_diff_cross |         0.00335 |
|                                 Eval/Return |             946 |
-----------------------------------------------------------------
-----------------------------------------------------------------
|                                 Train/Steps |        2.06e+06 |
|                            Loss/Loss_critic |           0.808 |
|                             Loss/Loss_actor |           -72.2 |
|                             Loss/Loss_alpha |        -0.00527 |
|               Loss/Loss_state_action_metric |         0.00565 |
|                      Loss/Loss_state_metric |         0.00372 |
|             Loss/Loss_state_action_to_state |        1.97e-05 |
|                           Loss/Act_rep_loss |          0.0163 |
|                                   SAC/Alpha |           0.107 |
|                              SAC/LogPi_mean |           0.994 |
|                                 SAC/Q1_mean |            71.7 |
|                                 SAC/Q2_mean |            71.6 |
|                            Norm/actor_model |             103 |
|                           Norm/critic_model |             120 |
|              Norm/state_action_metric_model |            61.3 |
|                     Norm/state_metric_model |            67.3 |
|        Norm/state_action_state_metric_model |            73.9 |
|                  Metric/self_state_distance |        0.000191 |
|                 Metric/cross_state_distance |            1.04 |
|           Metric/self_state_action_distance |          0.0014 |
|          Metric/cross_state_action_distance |            1.05 |
|             Metric/avg_self_state_asymmetry |               0 |
|            Metric/avg_cross_state_asymmetry |         0.00175 |
|                Metric/avg_self_sa_asymmetry |               0 |
|               Metric/avg_cross_sa_asymmetry |          0.0024 |
|  Metric/self_state_action_to_state_distance |        0.000963 |
| Metric/cross_state_action_to_state_distance |            1.05 |
|                   Metric/h_lambda_diff_self |         0.00132 |
|                  Metric/h_lambda_diff_cross |          0.0024 |
|                                 Eval/Return |             946 |
-----------------------------------------------------------------
[32mSaving model …[0m
[32mDone.[0m
[32mSaving model …[0m
[32mDone.[0m
-----------------------------------------------------------------
|                                 Train/Steps |        2.18e+06 |
|                            Loss/Loss_critic |           0.731 |
|                             Loss/Loss_actor |           -73.9 |
|                             Loss/Loss_alpha |        -0.00251 |
|               Loss/Loss_state_action_metric |         0.00566 |
|                      Loss/Loss_state_metric |         0.00372 |
|             Loss/Loss_state_action_to_state |        6.21e-06 |
|                           Loss/Act_rep_loss |           0.014 |
|                                   SAC/Alpha |          0.0933 |
|                              SAC/LogPi_mean |           0.962 |
|                                 SAC/Q1_mean |            73.3 |
|                                 SAC/Q2_mean |            73.2 |
|                            Norm/actor_model |             107 |
|                           Norm/critic_model |             123 |
|              Norm/state_action_metric_model |              63 |
|                     Norm/state_metric_model |            69.9 |
|        Norm/state_action_state_metric_model |              77 |
|                  Metric/self_state_distance |         0.00053 |
|                 Metric/cross_state_distance |            1.03 |
|           Metric/self_state_action_distance |        0.000248 |
|          Metric/cross_state_action_distance |            1.04 |
|             Metric/avg_self_state_asymmetry |               0 |
|            Metric/avg_cross_state_asymmetry |         0.00151 |
|                Metric/avg_self_sa_asymmetry |               0 |
|               Metric/avg_cross_sa_asymmetry |          0.0019 |
|  Metric/self_state_action_to_state_distance |         0.00019 |
| Metric/cross_state_action_to_state_distance |            1.04 |
|                   Metric/h_lambda_diff_self |        0.000229 |
|                  Metric/h_lambda_diff_cross |         0.00292 |
|                                 Eval/Return |             947 |
-----------------------------------------------------------------
-----------------------------------------------------------------
|                                 Train/Steps |        2.31e+06 |
|                            Loss/Loss_critic |           0.494 |
|                             Loss/Loss_actor |             -77 |
|                             Loss/Loss_alpha |        -0.00405 |
|               Loss/Loss_state_action_metric |         0.00503 |
|                      Loss/Loss_state_metric |         0.00373 |
|             Loss/Loss_state_action_to_state |        9.58e-06 |
|                           Loss/Act_rep_loss |          0.0162 |
|                                   SAC/Alpha |          0.0857 |
|                              SAC/LogPi_mean |            1.03 |
|                                 SAC/Q1_mean |            76.6 |
|                                 SAC/Q2_mean |            76.5 |
|                            Norm/actor_model |             111 |
|                           Norm/critic_model |             126 |
|              Norm/state_action_metric_model |            65.3 |
|                     Norm/state_metric_model |            71.6 |
|        Norm/state_action_state_metric_model |            80.1 |
|                  Metric/self_state_distance |         0.00026 |
|                 Metric/cross_state_distance |            1.04 |
|           Metric/self_state_action_distance |        0.000462 |
|          Metric/cross_state_action_distance |            1.05 |
|             Metric/avg_self_state_asymmetry |               0 |
|            Metric/avg_cross_state_asymmetry |         0.00173 |
|                Metric/avg_self_sa_asymmetry |               0 |
|               Metric/avg_cross_sa_asymmetry |         0.00227 |
|  Metric/self_state_action_to_state_distance |        0.000203 |
| Metric/cross_state_action_to_state_distance |            1.05 |
|                   Metric/h_lambda_diff_self |        0.000353 |
|                  Metric/h_lambda_diff_cross |         0.00313 |
|                                 Eval/Return |             948 |
-----------------------------------------------------------------
-----------------------------------------------------------------
|                                 Train/Steps |        2.44e+06 |
|                            Loss/Loss_critic |           0.723 |
|                             Loss/Loss_actor |           -79.3 |
|                             Loss/Loss_alpha |        -0.00627 |
|               Loss/Loss_state_action_metric |         0.00622 |
|                      Loss/Loss_state_metric |         0.00377 |
|             Loss/Loss_state_action_to_state |        1.29e-05 |
|                           Loss/Act_rep_loss |          0.0165 |
|                                   SAC/Alpha |          0.0791 |
|                              SAC/LogPi_mean |            1.11 |
|                                 SAC/Q1_mean |            78.7 |
|                                 SAC/Q2_mean |            78.8 |
|                            Norm/actor_model |             115 |
|                           Norm/critic_model |             128 |
|              Norm/state_action_metric_model |            67.1 |
|                     Norm/state_metric_model |            73.8 |
|        Norm/state_action_state_metric_model |            83.2 |
|                  Metric/self_state_distance |         0.00026 |
|                 Metric/cross_state_distance |            1.04 |
|           Metric/self_state_action_distance |        0.000682 |
|          Metric/cross_state_action_distance |            1.05 |
|             Metric/avg_self_state_asymmetry |               0 |
|            Metric/avg_cross_state_asymmetry |         0.00172 |
|                Metric/avg_self_sa_asymmetry |               0 |
|               Metric/avg_cross_sa_asymmetry |         0.00198 |
|  Metric/self_state_action_to_state_distance |        9.44e-05 |
| Metric/cross_state_action_to_state_distance |            1.05 |
|                   Metric/h_lambda_diff_self |        0.000606 |
|                  Metric/h_lambda_diff_cross |         0.00212 |
|                                 Eval/Return |             948 |
-----------------------------------------------------------------
-----------------------------------------------------------------
|                                 Train/Steps |        2.57e+06 |
|                            Loss/Loss_critic |           0.626 |
|                             Loss/Loss_actor |           -80.8 |
|                             Loss/Loss_alpha |        -0.00758 |
|               Loss/Loss_state_action_metric |         0.00479 |
|                      Loss/Loss_state_metric |         0.00354 |
|             Loss/Loss_state_action_to_state |        1.14e-05 |
|                           Loss/Act_rep_loss |          0.0149 |
|                                   SAC/Alpha |          0.0749 |
|                              SAC/LogPi_mean |            1.03 |
|                                 SAC/Q1_mean |            80.2 |
|                                 SAC/Q2_mean |            80.3 |
|                            Norm/actor_model |             119 |
|                           Norm/critic_model |             131 |
|              Norm/state_action_metric_model |            69.5 |
|                     Norm/state_metric_model |            75.6 |
|        Norm/state_action_state_metric_model |            85.8 |
|                  Metric/self_state_distance |        0.000309 |
|                 Metric/cross_state_distance |            1.03 |
|           Metric/self_state_action_distance |        0.000618 |
|          Metric/cross_state_action_distance |            1.04 |
|             Metric/avg_self_state_asymmetry |               0 |
|            Metric/avg_cross_state_asymmetry |         0.00166 |
|                Metric/avg_self_sa_asymmetry |               0 |
|               Metric/avg_cross_sa_asymmetry |         0.00175 |
|  Metric/self_state_action_to_state_distance |        0.000334 |
| Metric/cross_state_action_to_state_distance |            1.04 |
|                   Metric/h_lambda_diff_self |        0.000402 |
|                  Metric/h_lambda_diff_cross |         0.00222 |
|                                 Eval/Return |             948 |
-----------------------------------------------------------------
-----------------------------------------------------------------
|                                 Train/Steps |         2.7e+06 |
|                            Loss/Loss_critic |           0.462 |
|                             Loss/Loss_actor |           -82.1 |
|                             Loss/Loss_alpha |        -0.00796 |
|               Loss/Loss_state_action_metric |         0.00571 |
|                      Loss/Loss_state_metric |         0.00379 |
|             Loss/Loss_state_action_to_state |        1.28e-05 |
|                           Loss/Act_rep_loss |          0.0154 |
|                                   SAC/Alpha |          0.0675 |
|                              SAC/LogPi_mean |            1.06 |
|                                 SAC/Q1_mean |            81.7 |
|                                 SAC/Q2_mean |            81.7 |
|                            Norm/actor_model |             123 |
|                           Norm/critic_model |             133 |
|              Norm/state_action_metric_model |            71.4 |
|                     Norm/state_metric_model |            77.7 |
|        Norm/state_action_state_metric_model |            88.7 |
|                  Metric/self_state_distance |        0.000122 |
|                 Metric/cross_state_distance |            1.04 |
|           Metric/self_state_action_distance |        0.000608 |
|          Metric/cross_state_action_distance |            1.05 |
|             Metric/avg_self_state_asymmetry |               0 |
|            Metric/avg_cross_state_asymmetry |         0.00139 |
|                Metric/avg_self_sa_asymmetry |               0 |
|               Metric/avg_cross_sa_asymmetry |         0.00148 |
|  Metric/self_state_action_to_state_distance |        0.000133 |
| Metric/cross_state_action_to_state_distance |            1.05 |
|                   Metric/h_lambda_diff_self |        0.000548 |
|                  Metric/h_lambda_diff_cross |         0.00185 |
|                                 Eval/Return |             949 |
-----------------------------------------------------------------
-----------------------------------------------------------------
|                                 Train/Steps |        2.82e+06 |
|                            Loss/Loss_critic |           0.463 |
|                             Loss/Loss_actor |           -78.8 |
|                             Loss/Loss_alpha |         -0.0111 |
|               Loss/Loss_state_action_metric |         0.00872 |
|                      Loss/Loss_state_metric |         0.00371 |
|             Loss/Loss_state_action_to_state |           1e-05 |
|                           Loss/Act_rep_loss |          0.0158 |
|                                   SAC/Alpha |          0.0571 |
|                              SAC/LogPi_mean |            1.15 |
|                                 SAC/Q1_mean |            78.3 |
|                                 SAC/Q2_mean |            78.3 |
|                            Norm/actor_model |             127 |
|                           Norm/critic_model |             135 |
|              Norm/state_action_metric_model |            73.5 |
|                     Norm/state_metric_model |            79.7 |
|        Norm/state_action_state_metric_model |            92.4 |
|                  Metric/self_state_distance |        5.36e-05 |
|                 Metric/cross_state_distance |            1.04 |
|           Metric/self_state_action_distance |        0.000221 |
|          Metric/cross_state_action_distance |            1.05 |
|             Metric/avg_self_state_asymmetry |               0 |
|            Metric/avg_cross_state_asymmetry |         0.00132 |
|                Metric/avg_self_sa_asymmetry |               0 |
|               Metric/avg_cross_sa_asymmetry |         0.00173 |
|  Metric/self_state_action_to_state_distance |        0.000237 |
| Metric/cross_state_action_to_state_distance |            1.05 |
|                   Metric/h_lambda_diff_self |        0.000232 |
|                  Metric/h_lambda_diff_cross |         0.00225 |
|                                 Eval/Return |             949 |
-----------------------------------------------------------------
-----------------------------------------------------------------
|                                 Train/Steps |        2.95e+06 |
|                            Loss/Loss_critic |           0.452 |
|                             Loss/Loss_actor |           -81.7 |
|                             Loss/Loss_alpha |         -0.0115 |
|               Loss/Loss_state_action_metric |         0.00552 |
|                      Loss/Loss_state_metric |         0.00368 |
|             Loss/Loss_state_action_to_state |        5.09e-06 |
|                           Loss/Act_rep_loss |          0.0148 |
|                                   SAC/Alpha |          0.0533 |
|                              SAC/LogPi_mean |            1.22 |
|                                 SAC/Q1_mean |            81.2 |
|                                 SAC/Q2_mean |            81.2 |
|                            Norm/actor_model |             130 |
|                           Norm/critic_model |             137 |
|              Norm/state_action_metric_model |            75.5 |
|                     Norm/state_metric_model |            82.1 |
|        Norm/state_action_state_metric_model |            94.7 |
|                  Metric/self_state_distance |        0.000208 |
|                 Metric/cross_state_distance |            1.04 |
|           Metric/self_state_action_distance |        0.000196 |
|          Metric/cross_state_action_distance |            1.04 |
|             Metric/avg_self_state_asymmetry |               0 |
|            Metric/avg_cross_state_asymmetry |         0.00116 |
|                Metric/avg_self_sa_asymmetry |               0 |
|               Metric/avg_cross_sa_asymmetry |         0.00163 |
|  Metric/self_state_action_to_state_distance |        0.000131 |
| Metric/cross_state_action_to_state_distance |            1.04 |
|                   Metric/h_lambda_diff_self |        0.000147 |
|                  Metric/h_lambda_diff_cross |         0.00169 |
|                                 Eval/Return |             949 |
-----------------------------------------------------------------
-----------------------------------------------------------------
|                                 Train/Steps |        3.08e+06 |
|                            Loss/Loss_critic |           0.407 |
|                             Loss/Loss_actor |             -84 |
|                             Loss/Loss_alpha |        3.86e-05 |
|               Loss/Loss_state_action_metric |         0.00627 |
|                      Loss/Loss_state_metric |         0.00364 |
|             Loss/Loss_state_action_to_state |        3.67e-06 |
|                           Loss/Act_rep_loss |          0.0144 |
|                                   SAC/Alpha |          0.0494 |
|                              SAC/LogPi_mean |           0.924 |
|                                 SAC/Q1_mean |            83.6 |
|                                 SAC/Q2_mean |            83.6 |
|                            Norm/actor_model |             133 |
|                           Norm/critic_model |             139 |
|              Norm/state_action_metric_model |            77.4 |
|                     Norm/state_metric_model |            83.9 |
|        Norm/state_action_state_metric_model |            97.6 |
|                  Metric/self_state_distance |         4.5e-05 |
|                 Metric/cross_state_distance |            1.03 |
|           Metric/self_state_action_distance |        0.000242 |
|          Metric/cross_state_action_distance |            1.04 |
|             Metric/avg_self_state_asymmetry |               0 |
|            Metric/avg_cross_state_asymmetry |         0.00128 |
|                Metric/avg_self_sa_asymmetry |               0 |
|               Metric/avg_cross_sa_asymmetry |         0.00152 |
|  Metric/self_state_action_to_state_distance |        0.000124 |
| Metric/cross_state_action_to_state_distance |            1.04 |
|                   Metric/h_lambda_diff_self |        0.000234 |
|                  Metric/h_lambda_diff_cross |           0.002 |
|                                 Eval/Return |             948 |
-----------------------------------------------------------------
[32mSaving model …[0m
[32mDone.[0m
[32mSaving model …[0m
[32mDone.[0m
-----------------------------------------------------------------
|                                 Train/Steps |        3.21e+06 |
|                            Loss/Loss_critic |           0.344 |
|                             Loss/Loss_actor |           -84.9 |
|                             Loss/Loss_alpha |         0.00999 |
|               Loss/Loss_state_action_metric |         0.00479 |
|                      Loss/Loss_state_metric |         0.00327 |
|             Loss/Loss_state_action_to_state |        3.63e-06 |
|                           Loss/Act_rep_loss |           0.012 |
|                                   SAC/Alpha |          0.0455 |
|                              SAC/LogPi_mean |            0.67 |
|                                 SAC/Q1_mean |            84.6 |
|                                 SAC/Q2_mean |            84.6 |
|                            Norm/actor_model |             136 |
|                           Norm/critic_model |             141 |
|              Norm/state_action_metric_model |            78.9 |
|                     Norm/state_metric_model |            86.6 |
|        Norm/state_action_state_metric_model |             100 |
|                  Metric/self_state_distance |        0.000276 |
|                 Metric/cross_state_distance |            1.02 |
|           Metric/self_state_action_distance |        0.000791 |
|          Metric/cross_state_action_distance |            1.02 |
|             Metric/avg_self_state_asymmetry |               0 |
|            Metric/avg_cross_state_asymmetry |        0.000902 |
|                Metric/avg_self_sa_asymmetry |               0 |
|               Metric/avg_cross_sa_asymmetry |         0.00133 |
|  Metric/self_state_action_to_state_distance |        0.000269 |
| Metric/cross_state_action_to_state_distance |            1.02 |
|                   Metric/h_lambda_diff_self |        0.000606 |
|                  Metric/h_lambda_diff_cross |         0.00185 |
|                                 Eval/Return |             949 |
-----------------------------------------------------------------
-----------------------------------------------------------------
|                                 Train/Steps |        3.34e+06 |
|                            Loss/Loss_critic |           0.356 |
|                             Loss/Loss_actor |           -83.8 |
|                             Loss/Loss_alpha |        -0.00805 |
|               Loss/Loss_state_action_metric |         0.00655 |
|                      Loss/Loss_state_metric |         0.00358 |
|             Loss/Loss_state_action_to_state |         6.6e-06 |
|                           Loss/Act_rep_loss |           0.014 |
|                                   SAC/Alpha |           0.042 |
|                              SAC/LogPi_mean |            1.12 |
|                                 SAC/Q1_mean |            83.3 |
|                                 SAC/Q2_mean |            83.3 |
|                            Norm/actor_model |             139 |
|                           Norm/critic_model |             142 |
|              Norm/state_action_metric_model |              81 |
|                     Norm/state_metric_model |            88.2 |
|        Norm/state_action_state_metric_model |             102 |
|                  Metric/self_state_distance |        0.000145 |
|                 Metric/cross_state_distance |            1.03 |
|           Metric/self_state_action_distance |        0.000868 |
|          Metric/cross_state_action_distance |            1.04 |
|             Metric/avg_self_state_asymmetry |               0 |
|            Metric/avg_cross_state_asymmetry |         0.00134 |
|                Metric/avg_self_sa_asymmetry |               0 |
|               Metric/avg_cross_sa_asymmetry |         0.00152 |
|  Metric/self_state_action_to_state_distance |         0.00035 |
| Metric/cross_state_action_to_state_distance |            1.04 |
|                   Metric/h_lambda_diff_self |        0.000674 |
|                  Metric/h_lambda_diff_cross |         0.00234 |
|                                 Eval/Return |             950 |
-----------------------------------------------------------------
-----------------------------------------------------------------
|                                 Train/Steps |        3.46e+06 |
|                            Loss/Loss_critic |           0.318 |
|                             Loss/Loss_actor |           -84.7 |
|                             Loss/Loss_alpha |       -0.000582 |
|               Loss/Loss_state_action_metric |         0.00525 |
|                      Loss/Loss_state_metric |         0.00358 |
|             Loss/Loss_state_action_to_state |        4.67e-06 |
|                           Loss/Act_rep_loss |          0.0139 |
|                                   SAC/Alpha |          0.0363 |
|                              SAC/LogPi_mean |           0.997 |
|                                 SAC/Q1_mean |            84.3 |
|                                 SAC/Q2_mean |            84.4 |
|                            Norm/actor_model |             142 |
|                           Norm/critic_model |             144 |
|              Norm/state_action_metric_model |            82.4 |
|                     Norm/state_metric_model |            89.7 |
|        Norm/state_action_state_metric_model |             105 |
|                  Metric/self_state_distance |        0.000254 |
|                 Metric/cross_state_distance |            1.03 |
|           Metric/self_state_action_distance |        0.000242 |
|          Metric/cross_state_action_distance |            1.04 |
|             Metric/avg_self_state_asymmetry |               0 |
|            Metric/avg_cross_state_asymmetry |         0.00131 |
|                Metric/avg_self_sa_asymmetry |               0 |
|               Metric/avg_cross_sa_asymmetry |          0.0015 |
|  Metric/self_state_action_to_state_distance |        0.000126 |
| Metric/cross_state_action_to_state_distance |            1.04 |
|                   Metric/h_lambda_diff_self |        0.000215 |
|                  Metric/h_lambda_diff_cross |         0.00175 |
|                                 Eval/Return |             949 |
-----------------------------------------------------------------
-----------------------------------------------------------------
|                                 Train/Steps |        3.59e+06 |
|                            Loss/Loss_critic |            0.36 |
|                             Loss/Loss_actor |           -86.6 |
|                             Loss/Loss_alpha |        -0.00275 |
|               Loss/Loss_state_action_metric |         0.00517 |
|                      Loss/Loss_state_metric |         0.00346 |
|             Loss/Loss_state_action_to_state |        1.55e-05 |
|                           Loss/Act_rep_loss |          0.0146 |
|                                   SAC/Alpha |          0.0338 |
|                              SAC/LogPi_mean |            1.13 |
|                                 SAC/Q1_mean |            86.3 |
|                                 SAC/Q2_mean |            86.3 |
|                            Norm/actor_model |             145 |
|                           Norm/critic_model |             146 |
|              Norm/state_action_metric_model |            84.9 |
|                     Norm/state_metric_model |            91.8 |
|        Norm/state_action_state_metric_model |             107 |
|                  Metric/self_state_distance |         0.00035 |
|                 Metric/cross_state_distance |            1.03 |
|           Metric/self_state_action_distance |        0.000199 |
|          Metric/cross_state_action_distance |            1.03 |
|             Metric/avg_self_state_asymmetry |               0 |
|            Metric/avg_cross_state_asymmetry |         0.00122 |
|                Metric/avg_self_sa_asymmetry |               0 |
|               Metric/avg_cross_sa_asymmetry |         0.00207 |
|  Metric/self_state_action_to_state_distance |        0.000223 |
| Metric/cross_state_action_to_state_distance |            1.04 |
|                   Metric/h_lambda_diff_self |        0.000254 |
|                  Metric/h_lambda_diff_cross |         0.00247 |
|                                 Eval/Return |             950 |
-----------------------------------------------------------------
-----------------------------------------------------------------
|                                 Train/Steps |        3.72e+06 |
|                            Loss/Loss_critic |           0.245 |
|                             Loss/Loss_actor |           -87.4 |
|                             Loss/Loss_alpha |         0.00592 |
|               Loss/Loss_state_action_metric |          0.0045 |
|                      Loss/Loss_state_metric |         0.00329 |
|             Loss/Loss_state_action_to_state |        4.56e-06 |
|                           Loss/Act_rep_loss |          0.0119 |
|                                   SAC/Alpha |          0.0292 |
|                              SAC/LogPi_mean |           0.773 |
|                                 SAC/Q1_mean |            87.1 |
|                                 SAC/Q2_mean |            87.1 |
|                            Norm/actor_model |             148 |
|                           Norm/critic_model |             147 |
|              Norm/state_action_metric_model |            86.3 |
|                     Norm/state_metric_model |            94.2 |
|        Norm/state_action_state_metric_model |             109 |
|                  Metric/self_state_distance |        0.000251 |
|                 Metric/cross_state_distance |            1.02 |
|           Metric/self_state_action_distance |        0.000532 |
|          Metric/cross_state_action_distance |            1.02 |
|             Metric/avg_self_state_asymmetry |               0 |
|            Metric/avg_cross_state_asymmetry |         0.00116 |
|                Metric/avg_self_sa_asymmetry |               0 |
|               Metric/avg_cross_sa_asymmetry |         0.00138 |
|  Metric/self_state_action_to_state_distance |        0.000122 |
| Metric/cross_state_action_to_state_distance |            1.02 |
|                   Metric/h_lambda_diff_self |         0.00043 |
|                  Metric/h_lambda_diff_cross |         0.00236 |
|                                 Eval/Return |             950 |
-----------------------------------------------------------------
-----------------------------------------------------------------
|                                 Train/Steps |        3.85e+06 |
|                            Loss/Loss_critic |           0.313 |
|                             Loss/Loss_actor |           -85.5 |
|                             Loss/Loss_alpha |        -0.00703 |
|               Loss/Loss_state_action_metric |         0.00464 |
|                      Loss/Loss_state_metric |         0.00343 |
|             Loss/Loss_state_action_to_state |        6.92e-06 |
|                           Loss/Act_rep_loss |          0.0136 |
|                                   SAC/Alpha |          0.0283 |
|                              SAC/LogPi_mean |            1.29 |
|                                 SAC/Q1_mean |            85.1 |
|                                 SAC/Q2_mean |            85.1 |
|                            Norm/actor_model |             151 |
|                           Norm/critic_model |             149 |
|              Norm/state_action_metric_model |            88.2 |
|                     Norm/state_metric_model |            95.3 |
|        Norm/state_action_state_metric_model |             111 |
|                  Metric/self_state_distance |        0.000182 |
|                 Metric/cross_state_distance |            1.03 |
|           Metric/self_state_action_distance |        0.000647 |
|          Metric/cross_state_action_distance |            1.03 |
|             Metric/avg_self_state_asymmetry |               0 |
|            Metric/avg_cross_state_asymmetry |         0.00143 |
|                Metric/avg_self_sa_asymmetry |               0 |
|               Metric/avg_cross_sa_asymmetry |         0.00158 |
|  Metric/self_state_action_to_state_distance |        0.000105 |
| Metric/cross_state_action_to_state_distance |            1.03 |
|                   Metric/h_lambda_diff_self |        0.000562 |
|                  Metric/h_lambda_diff_cross |         0.00243 |
|                                 Eval/Return |             949 |
-----------------------------------------------------------------
-----------------------------------------------------------------
|                                 Train/Steps |        3.98e+06 |
|                            Loss/Loss_critic |           0.239 |
|                             Loss/Loss_actor |           -87.8 |
|                             Loss/Loss_alpha |        -0.00161 |
|               Loss/Loss_state_action_metric |         0.00549 |
|                      Loss/Loss_state_metric |         0.00307 |
|             Loss/Loss_state_action_to_state |        3.77e-06 |
|                           Loss/Act_rep_loss |          0.0108 |
|                                   SAC/Alpha |          0.0254 |
|                              SAC/LogPi_mean |            1.04 |
|                                 SAC/Q1_mean |            87.5 |
|                                 SAC/Q2_mean |            87.5 |
|                            Norm/actor_model |             153 |
|                           Norm/critic_model |             150 |
|              Norm/state_action_metric_model |            90.9 |
|                     Norm/state_metric_model |            96.6 |
|        Norm/state_action_state_metric_model |             114 |
|                  Metric/self_state_distance |        0.000136 |
|                 Metric/cross_state_distance |            1.01 |
|           Metric/self_state_action_distance |        0.000209 |
|          Metric/cross_state_action_distance |            1.01 |
|             Metric/avg_self_state_asymmetry |               0 |
|            Metric/avg_cross_state_asymmetry |           0.001 |
|                Metric/avg_self_sa_asymmetry |               0 |
|               Metric/avg_cross_sa_asymmetry |         0.00131 |
|  Metric/self_state_action_to_state_distance |        0.000123 |
| Metric/cross_state_action_to_state_distance |            1.01 |
|                   Metric/h_lambda_diff_self |        0.000173 |
|                  Metric/h_lambda_diff_cross |         0.00183 |
|                                 Eval/Return |             950 |
-----------------------------------------------------------------
-----------------------------------------------------------------
|                                 Train/Steps |         4.1e+06 |
|                            Loss/Loss_critic |           0.229 |
|                             Loss/Loss_actor |           -90.2 |
|                             Loss/Loss_alpha |         0.00438 |
|               Loss/Loss_state_action_metric |         0.00462 |
|                      Loss/Loss_state_metric |         0.00302 |
|             Loss/Loss_state_action_to_state |        4.05e-06 |
|                           Loss/Act_rep_loss |          0.0106 |
|                                   SAC/Alpha |          0.0203 |
|                              SAC/LogPi_mean |           0.685 |
|                                 SAC/Q1_mean |            89.9 |
|                                 SAC/Q2_mean |            89.9 |
|                            Norm/actor_model |             156 |
|                           Norm/critic_model |             152 |
|              Norm/state_action_metric_model |            92.1 |
|                     Norm/state_metric_model |            98.6 |
|        Norm/state_action_state_metric_model |             116 |
|                  Metric/self_state_distance |          0.0008 |
|                 Metric/cross_state_distance |               1 |
|           Metric/self_state_action_distance |        0.000153 |
|          Metric/cross_state_action_distance |            1.01 |
|             Metric/avg_self_state_asymmetry |               0 |
|            Metric/avg_cross_state_asymmetry |         0.00103 |
|                Metric/avg_self_sa_asymmetry |               0 |
|               Metric/avg_cross_sa_asymmetry |         0.00119 |
|  Metric/self_state_action_to_state_distance |        0.000301 |
| Metric/cross_state_action_to_state_distance |            1.01 |
|                   Metric/h_lambda_diff_self |        0.000303 |
|                  Metric/h_lambda_diff_cross |         0.00176 |
|                                 Eval/Return |             951 |
-----------------------------------------------------------------
[32mSaving model …[0m
[32mDone.[0m
[32mSaving model …[0m
[32mDone.[0m
-----------------------------------------------------------------
|                                 Train/Steps |        4.23e+06 |
|                            Loss/Loss_critic |           0.193 |
|                             Loss/Loss_actor |           -90.9 |
|                             Loss/Loss_alpha |       -0.000132 |
|               Loss/Loss_state_action_metric |         0.00576 |
|                      Loss/Loss_state_metric |         0.00302 |
|             Loss/Loss_state_action_to_state |        5.26e-06 |
|                           Loss/Act_rep_loss |          0.0108 |
|                                   SAC/Alpha |          0.0148 |
|                              SAC/LogPi_mean |           0.963 |
|                                 SAC/Q1_mean |            90.7 |
|                                 SAC/Q2_mean |            90.6 |
|                            Norm/actor_model |             158 |
|                           Norm/critic_model |             153 |
|              Norm/state_action_metric_model |            93.9 |
|                     Norm/state_metric_model |             100 |
|        Norm/state_action_state_metric_model |             119 |
|                  Metric/self_state_distance |        1.33e-05 |
|                 Metric/cross_state_distance |            1.01 |
|           Metric/self_state_action_distance |        0.000438 |
|          Metric/cross_state_action_distance |            1.01 |
|             Metric/avg_self_state_asymmetry |               0 |
|            Metric/avg_cross_state_asymmetry |         0.00126 |
|                Metric/avg_self_sa_asymmetry |               0 |
|               Metric/avg_cross_sa_asymmetry |         0.00149 |
|  Metric/self_state_action_to_state_distance |         0.00011 |
| Metric/cross_state_action_to_state_distance |            1.01 |
|                   Metric/h_lambda_diff_self |        0.000424 |
|                  Metric/h_lambda_diff_cross |          0.0019 |
|                                 Eval/Return |             951 |
-----------------------------------------------------------------
-----------------------------------------------------------------
|                                 Train/Steps |        4.36e+06 |
|                            Loss/Loss_critic |           0.296 |
|                             Loss/Loss_actor |             -93 |
|                             Loss/Loss_alpha |         0.00219 |
|               Loss/Loss_state_action_metric |         0.00437 |
|                      Loss/Loss_state_metric |         0.00278 |
|             Loss/Loss_state_action_to_state |        9.37e-06 |
|                           Loss/Act_rep_loss |          0.0106 |
|                                   SAC/Alpha |          0.0152 |
|                              SAC/LogPi_mean |           0.853 |
|                                 SAC/Q1_mean |            92.8 |
|                                 SAC/Q2_mean |            92.8 |
|                            Norm/actor_model |             160 |
|                           Norm/critic_model |             155 |
|              Norm/state_action_metric_model |            95.8 |
|                     Norm/state_metric_model |             101 |
|        Norm/state_action_state_metric_model |             121 |
|                  Metric/self_state_distance |        8.68e-06 |
|                 Metric/cross_state_distance |           0.998 |
|           Metric/self_state_action_distance |         0.00134 |
|          Metric/cross_state_action_distance |           0.997 |
|             Metric/avg_self_state_asymmetry |               0 |
|            Metric/avg_cross_state_asymmetry |          0.0014 |
|                Metric/avg_self_sa_asymmetry |               0 |
|               Metric/avg_cross_sa_asymmetry |         0.00151 |
|  Metric/self_state_action_to_state_distance |        0.000129 |
| Metric/cross_state_action_to_state_distance |           0.997 |
|                   Metric/h_lambda_diff_self |         0.00122 |
|                  Metric/h_lambda_diff_cross |         0.00227 |
|                                 Eval/Return |             951 |
-----------------------------------------------------------------
-----------------------------------------------------------------
|                                 Train/Steps |        4.49e+06 |
|                            Loss/Loss_critic |           0.177 |
|                             Loss/Loss_actor |           -94.6 |
|                             Loss/Loss_alpha |        0.000764 |
|               Loss/Loss_state_action_metric |         0.00426 |
|                      Loss/Loss_state_metric |          0.0024 |
|             Loss/Loss_state_action_to_state |        1.18e-05 |
|                           Loss/Act_rep_loss |         0.00708 |
|                                   SAC/Alpha |          0.0115 |
|                              SAC/LogPi_mean |           0.867 |
|                                 SAC/Q1_mean |            94.5 |
|                                 SAC/Q2_mean |            94.5 |
|                            Norm/actor_model |             162 |
|                           Norm/critic_model |             156 |
|              Norm/state_action_metric_model |              98 |
|                     Norm/state_metric_model |             104 |
|        Norm/state_action_state_metric_model |             123 |
|                  Metric/self_state_distance |        0.000107 |
|                 Metric/cross_state_distance |           0.982 |
|           Metric/self_state_action_distance |        0.000231 |
|          Metric/cross_state_action_distance |           0.977 |
|             Metric/avg_self_state_asymmetry |               0 |
|            Metric/avg_cross_state_asymmetry |         0.00125 |
|                Metric/avg_self_sa_asymmetry |               0 |
|               Metric/avg_cross_sa_asymmetry |         0.00143 |
|  Metric/self_state_action_to_state_distance |        8.58e-05 |
| Metric/cross_state_action_to_state_distance |           0.977 |
|                   Metric/h_lambda_diff_self |        0.000189 |
|                  Metric/h_lambda_diff_cross |         0.00236 |
|                                 Eval/Return |             951 |
-----------------------------------------------------------------
-----------------------------------------------------------------
|                                 Train/Steps |        4.62e+06 |
|                            Loss/Loss_critic |          0.0949 |
|                             Loss/Loss_actor |           -95.4 |
|                             Loss/Loss_alpha |        0.000241 |
|               Loss/Loss_state_action_metric |         0.00388 |
|                      Loss/Loss_state_metric |         0.00226 |
|             Loss/Loss_state_action_to_state |        0.000761 |
|                           Loss/Act_rep_loss |         0.00636 |
|                                   SAC/Alpha |         0.00463 |
|                              SAC/LogPi_mean |           0.945 |
|                                 SAC/Q1_mean |            95.4 |
|                                 SAC/Q2_mean |            95.3 |
|                            Norm/actor_model |             164 |
|                           Norm/critic_model |             158 |
|              Norm/state_action_metric_model |            99.7 |
|                     Norm/state_metric_model |             106 |
|        Norm/state_action_state_metric_model |             125 |
|                  Metric/self_state_distance |        0.000176 |
|                 Metric/cross_state_distance |           0.973 |
|           Metric/self_state_action_distance |        0.000197 |
|          Metric/cross_state_action_distance |           0.967 |
|             Metric/avg_self_state_asymmetry |               0 |
|            Metric/avg_cross_state_asymmetry |         0.00136 |
|                Metric/avg_self_sa_asymmetry |               0 |
|               Metric/avg_cross_sa_asymmetry |         0.00146 |
|  Metric/self_state_action_to_state_distance |        0.000322 |
| Metric/cross_state_action_to_state_distance |           0.965 |
|                   Metric/h_lambda_diff_self |        0.000387 |
|                  Metric/h_lambda_diff_cross |         0.00267 |
|                                 Eval/Return |             951 |
-----------------------------------------------------------------
-----------------------------------------------------------------
|                                 Train/Steps |        4.74e+06 |
|                            Loss/Loss_critic |            0.16 |
|                             Loss/Loss_actor |           -96.9 |
|                             Loss/Loss_alpha |        0.000293 |
|               Loss/Loss_state_action_metric |         0.00282 |
|                      Loss/Loss_state_metric |         0.00204 |
|             Loss/Loss_state_action_to_state |        8.04e-06 |
|                           Loss/Act_rep_loss |          0.0048 |
|                                   SAC/Alpha |         0.00278 |
|                              SAC/LogPi_mean |           0.913 |
|                                 SAC/Q1_mean |            96.9 |
|                                 SAC/Q2_mean |            96.9 |
|                            Norm/actor_model |             166 |
|                           Norm/critic_model |             159 |
|              Norm/state_action_metric_model |             101 |
|                     Norm/state_metric_model |             107 |
|        Norm/state_action_state_metric_model |             128 |
|                  Metric/self_state_distance |        2.29e-05 |
|                 Metric/cross_state_distance |           0.961 |
|           Metric/self_state_action_distance |        0.000131 |
|          Metric/cross_state_action_distance |           0.954 |
|             Metric/avg_self_state_asymmetry |               0 |
|            Metric/avg_cross_state_asymmetry |         0.00102 |
|                Metric/avg_self_sa_asymmetry |               0 |
|               Metric/avg_cross_sa_asymmetry |         0.00117 |
|  Metric/self_state_action_to_state_distance |        9.95e-06 |
| Metric/cross_state_action_to_state_distance |           0.953 |
|                   Metric/h_lambda_diff_self |        0.000133 |
|                  Metric/h_lambda_diff_cross |         0.00176 |
|                                 Eval/Return |             951 |
-----------------------------------------------------------------
-----------------------------------------------------------------
|                                 Train/Steps |        4.87e+06 |
|                            Loss/Loss_critic |          0.0243 |
|                             Loss/Loss_actor |           -98.3 |
|                             Loss/Loss_alpha |        0.000562 |
|               Loss/Loss_state_action_metric |          0.0029 |
|                      Loss/Loss_state_metric |         0.00183 |
|             Loss/Loss_state_action_to_state |        6.28e-06 |
|                           Loss/Act_rep_loss |         0.00312 |
|                                   SAC/Alpha |          0.0018 |
|                              SAC/LogPi_mean |           0.738 |
|                                 SAC/Q1_mean |            98.3 |
|                                 SAC/Q2_mean |            98.2 |
|                            Norm/actor_model |             167 |
|                           Norm/critic_model |             160 |
|              Norm/state_action_metric_model |             103 |
|                     Norm/state_metric_model |             109 |
|        Norm/state_action_state_metric_model |             130 |
|                  Metric/self_state_distance |        2.59e-05 |
|                 Metric/cross_state_distance |            0.95 |
|           Metric/self_state_action_distance |        0.000177 |
|          Metric/cross_state_action_distance |            0.94 |
|             Metric/avg_self_state_asymmetry |               0 |
|            Metric/avg_cross_state_asymmetry |        0.000983 |
|                Metric/avg_self_sa_asymmetry |               0 |
|               Metric/avg_cross_sa_asymmetry |         0.00134 |
|  Metric/self_state_action_to_state_distance |        0.000639 |
| Metric/cross_state_action_to_state_distance |            0.94 |
|                   Metric/h_lambda_diff_self |        0.000706 |
|                  Metric/h_lambda_diff_cross |         0.00192 |
|                                 Eval/Return |             953 |
-----------------------------------------------------------------
-----------------------------------------------------------------
|                                 Train/Steps |           5e+06 |
|                            Loss/Loss_critic |         0.00706 |
|                             Loss/Loss_actor |             -99 |
|                             Loss/Loss_alpha |         0.00322 |
|               Loss/Loss_state_action_metric |          0.0037 |
|                      Loss/Loss_state_metric |         0.00169 |
|             Loss/Loss_state_action_to_state |        2.25e-06 |
|                           Loss/Act_rep_loss |         0.00233 |
|                                   SAC/Alpha |           0.004 |
|                              SAC/LogPi_mean |           0.231 |
|                                 SAC/Q1_mean |            99.1 |
|                                 SAC/Q2_mean |            99.1 |
|                            Norm/actor_model |             168 |
|                           Norm/critic_model |             160 |
|              Norm/state_action_metric_model |             105 |
|                     Norm/state_metric_model |             110 |
|        Norm/state_action_state_metric_model |             131 |
|                  Metric/self_state_distance |        7.59e-05 |
|                 Metric/cross_state_distance |           0.943 |
|           Metric/self_state_action_distance |        0.000362 |
|          Metric/cross_state_action_distance |            0.93 |
|             Metric/avg_self_state_asymmetry |               0 |
|            Metric/avg_cross_state_asymmetry |        0.000672 |
|                Metric/avg_self_sa_asymmetry |               0 |
|               Metric/avg_cross_sa_asymmetry |        0.000769 |
|  Metric/self_state_action_to_state_distance |        7.07e-05 |
| Metric/cross_state_action_to_state_distance |           0.931 |
|                   Metric/h_lambda_diff_self |         0.00036 |
|                  Metric/h_lambda_diff_cross |         0.00105 |
|                                 Eval/Return |             954 |
-----------------------------------------------------------------
[32mSaving model …[0m
[32mDone.[0m
[32mSaving model …[0m
[32mDone.[0m
