E0924 04:33:51.773202 3327430 cuda_executor.cc:1526] Could not get kernel mode driver version: (INVALID_ARGUMENT: Version does not match the format X.Y.Z)
E0924 04:33:51.782067 3327319 cuda_executor.cc:1526] Could not get kernel mode driver version: (INVALID_ARGUMENT: Version does not match the format X.Y.Z)
[32mStart prefilling replay buffer[0m
[32mStart SAC training[0m
[32m{'log_freq': 1000, 'save_freq': 1000000, 'eval_episode_freq': 10, 'hidden_size': 256, 'lr': 0.001, 'max_grad_norm': 0.0, 'gamma': 0.99, 'update_tau': 0.005, 'train_per_step': 8, 'episode_length': 1000, 'warmup_samples': 8192, 'max_replay_size': 4000000, 'batch_size': 512, 'total_env_steps': 5000000, 'init_temperature': 0.1, 'nstep': 1, 'bootstrap_on_truncation': True, 'rep_lr_scale': 1.5, 'vis_feq': 100000, 'n_vis_frames': 4, 'num_envs': 128, 'grad_steps': 50, 'transfer_freq': 10, 'transfer_steps': 8, 'reward_scaling': 1.0, 'num_eval_envs': 128, 'target_entropy': -3.0}[0m
[32m[nstep] nstep=1 bootstrap_on_truncation=True (discount from the buffer already contains gamma^nstep)[0m
-----------------------------------------------------------------
|                                 Train/Steps |        1.36e+05 |
|                            Loss/Loss_critic |          0.0683 |
|                             Loss/Loss_actor |           -6.99 |
|                             Loss/Loss_alpha |         0.00318 |
|               Loss/Loss_state_action_metric |        0.000983 |
|                      Loss/Loss_state_metric |        0.000912 |
|             Loss/Loss_state_action_to_state |        3.52e-05 |
|                           Loss/Act_rep_loss |          0.0142 |
|                                   SAC/Alpha |         0.00678 |
|                              SAC/LogPi_mean |            2.74 |
|                                 SAC/Q1_mean |             6.9 |
|                                 SAC/Q2_mean |            6.88 |
|                            Norm/actor_model |            38.9 |
|                           Norm/critic_model |            45.6 |
|              Norm/state_action_metric_model |            31.3 |
|                     Norm/state_metric_model |            31.8 |
|        Norm/state_action_state_metric_model |            31.1 |
|                  Metric/self_state_distance |         0.00083 |
|                 Metric/cross_state_distance |           0.978 |
|           Metric/self_state_action_distance |        0.000509 |
|          Metric/cross_state_action_distance |           0.971 |
|             Metric/avg_self_state_asymmetry |               0 |
|            Metric/avg_cross_state_asymmetry |         0.00221 |
|                Metric/avg_self_sa_asymmetry |               0 |
|               Metric/avg_cross_sa_asymmetry |         0.00319 |
|  Metric/self_state_action_to_state_distance |        0.000892 |
| Metric/cross_state_action_to_state_distance |           0.974 |
|                   Metric/h_lambda_diff_self |          0.0012 |
|                  Metric/h_lambda_diff_cross |         0.00397 |
|                                 Eval/Return |             561 |
-----------------------------------------------------------------
-----------------------------------------------------------------
|                                 Train/Steps |        2.64e+05 |
|                            Loss/Loss_critic |          0.0743 |
|                             Loss/Loss_actor |           -20.1 |
|                             Loss/Loss_alpha |        -0.00442 |
|               Loss/Loss_state_action_metric |        0.000666 |
|                      Loss/Loss_state_metric |        0.000495 |
|             Loss/Loss_state_action_to_state |        3.17e-05 |
|                           Loss/Act_rep_loss |          0.0148 |
|                                   SAC/Alpha |          0.0104 |
|                              SAC/LogPi_mean |            3.37 |
|                                 SAC/Q1_mean |              20 |
|                                 SAC/Q2_mean |              20 |
|                            Norm/actor_model |              53 |
|                           Norm/critic_model |            65.6 |
|              Norm/state_action_metric_model |            33.7 |
|                     Norm/state_metric_model |            33.5 |
|        Norm/state_action_state_metric_model |            32.4 |
|                  Metric/self_state_distance |         0.00235 |
|                 Metric/cross_state_distance |           0.986 |
|           Metric/self_state_action_distance |        0.000595 |
|          Metric/cross_state_action_distance |           0.979 |
|             Metric/avg_self_state_asymmetry |               0 |
|            Metric/avg_cross_state_asymmetry |         0.00148 |
|                Metric/avg_self_sa_asymmetry |               0 |
|               Metric/avg_cross_sa_asymmetry |         0.00142 |
|  Metric/self_state_action_to_state_distance |         0.00026 |
| Metric/cross_state_action_to_state_distance |            0.98 |
|                   Metric/h_lambda_diff_self |        0.000666 |
|                  Metric/h_lambda_diff_cross |         0.00236 |
|                                 Eval/Return |             755 |
-----------------------------------------------------------------
-----------------------------------------------------------------
|                                 Train/Steps |        3.92e+05 |
|                            Loss/Loss_critic |          0.0726 |
|                             Loss/Loss_actor |           -36.5 |
|                             Loss/Loss_alpha |        -0.00287 |
|               Loss/Loss_state_action_metric |        0.000912 |
|                      Loss/Loss_state_metric |        0.000864 |
|             Loss/Loss_state_action_to_state |        7.82e-06 |
|                           Loss/Act_rep_loss |          0.0111 |
|                                   SAC/Alpha |         0.00983 |
|                              SAC/LogPi_mean |             3.1 |
|                                 SAC/Q1_mean |            36.5 |
|                                 SAC/Q2_mean |            36.4 |
|                            Norm/actor_model |            60.4 |
|                           Norm/critic_model |            75.7 |
|              Norm/state_action_metric_model |            35.5 |
|                     Norm/state_metric_model |            35.3 |
|        Norm/state_action_state_metric_model |            34.4 |
|                  Metric/self_state_distance |        0.000121 |
|                 Metric/cross_state_distance |           0.981 |
|           Metric/self_state_action_distance |        0.000919 |
|          Metric/cross_state_action_distance |           0.982 |
|             Metric/avg_self_state_asymmetry |               0 |
|            Metric/avg_cross_state_asymmetry |         0.00106 |
|                Metric/avg_self_sa_asymmetry |               0 |
|               Metric/avg_cross_sa_asymmetry |         0.00244 |
|  Metric/self_state_action_to_state_distance |        0.000281 |
| Metric/cross_state_action_to_state_distance |           0.978 |
|                   Metric/h_lambda_diff_self |         0.00092 |
|                  Metric/h_lambda_diff_cross |         0.00378 |
|                                 Eval/Return |             878 |
-----------------------------------------------------------------
-----------------------------------------------------------------
|                                 Train/Steps |         5.2e+05 |
|                            Loss/Loss_critic |          0.0846 |
|                             Loss/Loss_actor |           -49.1 |
|                             Loss/Loss_alpha |        -0.00136 |
|               Loss/Loss_state_action_metric |        0.000124 |
|                      Loss/Loss_state_metric |        8.13e-05 |
|             Loss/Loss_state_action_to_state |         0.00019 |
|                           Loss/Act_rep_loss |          0.0136 |
|                                   SAC/Alpha |          0.0119 |
|                              SAC/LogPi_mean |            3.36 |
|                                 SAC/Q1_mean |              49 |
|                                 SAC/Q2_mean |              49 |
|                            Norm/actor_model |            66.5 |
|                           Norm/critic_model |            83.1 |
|              Norm/state_action_metric_model |            37.9 |
|                     Norm/state_metric_model |              38 |
|        Norm/state_action_state_metric_model |            36.9 |
|                  Metric/self_state_distance |        0.000294 |
|                 Metric/cross_state_distance |           0.986 |
|           Metric/self_state_action_distance |         0.00145 |
|          Metric/cross_state_action_distance |           0.984 |
|             Metric/avg_self_state_asymmetry |               0 |
|            Metric/avg_cross_state_asymmetry |        0.000835 |
|                Metric/avg_self_sa_asymmetry |               0 |
|               Metric/avg_cross_sa_asymmetry |         0.00142 |
|  Metric/self_state_action_to_state_distance |        0.000757 |
| Metric/cross_state_action_to_state_distance |           0.984 |
|                   Metric/h_lambda_diff_self |         0.00207 |
|                  Metric/h_lambda_diff_cross |         0.00129 |
|                                 Eval/Return |             958 |
-----------------------------------------------------------------
-----------------------------------------------------------------
|                                 Train/Steps |        6.48e+05 |
|                            Loss/Loss_critic |          0.0875 |
|                             Loss/Loss_actor |           -60.1 |
|                             Loss/Loss_alpha |         0.00606 |
|               Loss/Loss_state_action_metric |        0.000918 |
|                      Loss/Loss_state_metric |        0.000883 |
|             Loss/Loss_state_action_to_state |        4.23e-06 |
|                           Loss/Act_rep_loss |          0.0135 |
|                                   SAC/Alpha |          0.0119 |
|                              SAC/LogPi_mean |            2.62 |
|                                 SAC/Q1_mean |              60 |
|                                 SAC/Q2_mean |              60 |
|                            Norm/actor_model |            71.9 |
|                           Norm/critic_model |            89.3 |
|              Norm/state_action_metric_model |            40.4 |
|                     Norm/state_metric_model |            40.8 |
|        Norm/state_action_state_metric_model |            39.7 |
|                  Metric/self_state_distance |         0.00112 |
|                 Metric/cross_state_distance |           0.983 |
|           Metric/self_state_action_distance |         0.00112 |
|          Metric/cross_state_action_distance |           0.976 |
|             Metric/avg_self_state_asymmetry |               0 |
|            Metric/avg_cross_state_asymmetry |        0.000808 |
|                Metric/avg_self_sa_asymmetry |               0 |
|               Metric/avg_cross_sa_asymmetry |        0.000794 |
|  Metric/self_state_action_to_state_distance |        0.000104 |
| Metric/cross_state_action_to_state_distance |           0.976 |
|                   Metric/h_lambda_diff_self |         0.00104 |
|                  Metric/h_lambda_diff_cross |         0.00101 |
|                                 Eval/Return |             924 |
-----------------------------------------------------------------
-----------------------------------------------------------------
|                                 Train/Steps |        7.76e+05 |
|                            Loss/Loss_critic |          0.0762 |
|                             Loss/Loss_actor |           -68.9 |
|                             Loss/Loss_alpha |        0.000608 |
|               Loss/Loss_state_action_metric |         0.00131 |
|                      Loss/Loss_state_metric |         0.00189 |
|             Loss/Loss_state_action_to_state |        1.87e-06 |
|                           Loss/Act_rep_loss |          0.0155 |
|                                   SAC/Alpha |          0.0105 |
|                              SAC/LogPi_mean |            3.14 |
|                                 SAC/Q1_mean |            68.9 |
|                                 SAC/Q2_mean |            68.8 |
|                            Norm/actor_model |            76.9 |
|                           Norm/critic_model |            94.9 |
|              Norm/state_action_metric_model |            43.1 |
|                     Norm/state_metric_model |            43.4 |
|        Norm/state_action_state_metric_model |            42.1 |
|                  Metric/self_state_distance |          0.0014 |
|                 Metric/cross_state_distance |            0.98 |
|           Metric/self_state_action_distance |         0.00143 |
|          Metric/cross_state_action_distance |           0.974 |
|             Metric/avg_self_state_asymmetry |               0 |
|            Metric/avg_cross_state_asymmetry |         0.00209 |
|                Metric/avg_self_sa_asymmetry |               0 |
|               Metric/avg_cross_sa_asymmetry |        0.000862 |
|  Metric/self_state_action_to_state_distance |        5.08e-05 |
| Metric/cross_state_action_to_state_distance |           0.975 |
|                   Metric/h_lambda_diff_self |         0.00138 |
|                  Metric/h_lambda_diff_cross |         0.00107 |
|                                 Eval/Return |             963 |
-----------------------------------------------------------------
-----------------------------------------------------------------
|                                 Train/Steps |        9.04e+05 |
|                            Loss/Loss_critic |          0.0559 |
|                             Loss/Loss_actor |             -75 |
|                             Loss/Loss_alpha |         0.00391 |
|               Loss/Loss_state_action_metric |         0.00056 |
|                      Loss/Loss_state_metric |        0.000504 |
|             Loss/Loss_state_action_to_state |         2.1e-06 |
|                           Loss/Act_rep_loss |          0.0168 |
|                                   SAC/Alpha |            0.01 |
|                              SAC/LogPi_mean |            2.37 |
|                                 SAC/Q1_mean |              75 |
|                                 SAC/Q2_mean |            75.1 |
|                            Norm/actor_model |            81.6 |
|                           Norm/critic_model |             100 |
|              Norm/state_action_metric_model |            45.8 |
|                     Norm/state_metric_model |            46.6 |
|        Norm/state_action_state_metric_model |            44.5 |
|                  Metric/self_state_distance |        0.000925 |
|                 Metric/cross_state_distance |           0.981 |
|           Metric/self_state_action_distance |         0.00173 |
|          Metric/cross_state_action_distance |           0.976 |
|             Metric/avg_self_state_asymmetry |               0 |
|            Metric/avg_cross_state_asymmetry |        0.000969 |
|                Metric/avg_self_sa_asymmetry |               0 |
|               Metric/avg_cross_sa_asymmetry |         0.00168 |
|  Metric/self_state_action_to_state_distance |        0.000157 |
| Metric/cross_state_action_to_state_distance |           0.976 |
|                   Metric/h_lambda_diff_self |         0.00162 |
|                  Metric/h_lambda_diff_cross |         0.00135 |
|                                 Eval/Return |             965 |
-----------------------------------------------------------------
-----------------------------------------------------------------
|                                 Train/Steps |        1.03e+06 |
|                            Loss/Loss_critic |          0.0784 |
|                             Loss/Loss_actor |           -78.7 |
|                             Loss/Loss_alpha |        -0.00331 |
|               Loss/Loss_state_action_metric |         0.00016 |
|                      Loss/Loss_state_metric |        0.000113 |
|             Loss/Loss_state_action_to_state |         1.7e-06 |
|                           Loss/Act_rep_loss |          0.0174 |
|                                   SAC/Alpha |         0.00789 |
|                              SAC/LogPi_mean |            3.43 |
|                                 SAC/Q1_mean |            78.7 |
|                                 SAC/Q2_mean |            78.7 |
|                            Norm/actor_model |            85.8 |
|                           Norm/critic_model |             105 |
|              Norm/state_action_metric_model |            48.2 |
|                     Norm/state_metric_model |            49.4 |
|        Norm/state_action_state_metric_model |            47.3 |
|                  Metric/self_state_distance |         0.00178 |
|                 Metric/cross_state_distance |           0.982 |
|           Metric/self_state_action_distance |         0.00135 |
|          Metric/cross_state_action_distance |           0.979 |
|             Metric/avg_self_state_asymmetry |               0 |
|            Metric/avg_cross_state_asymmetry |        0.000813 |
|                Metric/avg_self_sa_asymmetry |               0 |
|               Metric/avg_cross_sa_asymmetry |        0.000731 |
|  Metric/self_state_action_to_state_distance |        0.000139 |
| Metric/cross_state_action_to_state_distance |           0.978 |
|                   Metric/h_lambda_diff_self |         0.00133 |
|                  Metric/h_lambda_diff_cross |        0.000928 |
|                                 Eval/Return |             963 |
-----------------------------------------------------------------
[32mSaving model …[0m
[32mDone.[0m
[32mSaving model …[0m
[32mDone.[0m
-----------------------------------------------------------------
|                                 Train/Steps |        1.16e+06 |
|                            Loss/Loss_critic |          0.0839 |
|                             Loss/Loss_actor |           -82.9 |
|                             Loss/Loss_alpha |        -0.00196 |
|               Loss/Loss_state_action_metric |        0.000259 |
|                      Loss/Loss_state_metric |         0.00013 |
|             Loss/Loss_state_action_to_state |        1.25e-06 |
|                           Loss/Act_rep_loss |          0.0184 |
|                                   SAC/Alpha |          0.0083 |
|                              SAC/LogPi_mean |            3.09 |
|                                 SAC/Q1_mean |            82.8 |
|                                 SAC/Q2_mean |            82.8 |
|                            Norm/actor_model |            89.6 |
|                           Norm/critic_model |             109 |
|              Norm/state_action_metric_model |            50.6 |
|                     Norm/state_metric_model |            51.8 |
|        Norm/state_action_state_metric_model |            49.7 |
|                  Metric/self_state_distance |        0.000742 |
|                 Metric/cross_state_distance |           0.982 |
|           Metric/self_state_action_distance |          0.0016 |
|          Metric/cross_state_action_distance |           0.976 |
|             Metric/avg_self_state_asymmetry |               0 |
|            Metric/avg_cross_state_asymmetry |        0.000736 |
|                Metric/avg_self_sa_asymmetry |               0 |
|               Metric/avg_cross_sa_asymmetry |        0.000827 |
|  Metric/self_state_action_to_state_distance |        0.000257 |
| Metric/cross_state_action_to_state_distance |           0.976 |
|                   Metric/h_lambda_diff_self |          0.0015 |
|                  Metric/h_lambda_diff_cross |        0.000931 |
|                                 Eval/Return |             967 |
-----------------------------------------------------------------
-----------------------------------------------------------------
|                                 Train/Steps |        1.29e+06 |
|                            Loss/Loss_critic |          0.0919 |
|                             Loss/Loss_actor |           -83.8 |
|                             Loss/Loss_alpha |       -0.000199 |
|               Loss/Loss_state_action_metric |         0.00173 |
|                      Loss/Loss_state_metric |         0.00168 |
|             Loss/Loss_state_action_to_state |        9.53e-07 |
|                           Loss/Act_rep_loss |           0.018 |
|                                   SAC/Alpha |         0.00662 |
|                              SAC/LogPi_mean |            3.22 |
|                                 SAC/Q1_mean |            83.7 |
|                                 SAC/Q2_mean |            83.7 |
|                            Norm/actor_model |            93.2 |
|                           Norm/critic_model |             114 |
|              Norm/state_action_metric_model |            53.4 |
|                     Norm/state_metric_model |            54.7 |
|        Norm/state_action_state_metric_model |            52.8 |
|                  Metric/self_state_distance |         0.00126 |
|                 Metric/cross_state_distance |           0.973 |
|           Metric/self_state_action_distance |         0.00147 |
|          Metric/cross_state_action_distance |           0.969 |
|             Metric/avg_self_state_asymmetry |               0 |
|            Metric/avg_cross_state_asymmetry |        0.000537 |
|                Metric/avg_self_sa_asymmetry |               0 |
|               Metric/avg_cross_sa_asymmetry |        0.000626 |
|  Metric/self_state_action_to_state_distance |        0.000201 |
| Metric/cross_state_action_to_state_distance |           0.969 |
|                   Metric/h_lambda_diff_self |         0.00138 |
|                  Metric/h_lambda_diff_cross |        0.000627 |
|                                 Eval/Return |             967 |
-----------------------------------------------------------------
-----------------------------------------------------------------
|                                 Train/Steps |        1.42e+06 |
|                            Loss/Loss_critic |           0.115 |
|                             Loss/Loss_actor |           -87.7 |
|                             Loss/Loss_alpha |         0.00109 |
|               Loss/Loss_state_action_metric |         0.00106 |
|                      Loss/Loss_state_metric |        0.000921 |
|             Loss/Loss_state_action_to_state |        1.03e-06 |
|                           Loss/Act_rep_loss |          0.0204 |
|                                   SAC/Alpha |         0.00622 |
|                              SAC/LogPi_mean |               3 |
|                                 SAC/Q1_mean |            87.7 |
|                                 SAC/Q2_mean |            87.8 |
|                            Norm/actor_model |            96.7 |
|                           Norm/critic_model |             118 |
|              Norm/state_action_metric_model |            55.9 |
|                     Norm/state_metric_model |            57.5 |
|        Norm/state_action_state_metric_model |            55.5 |
|                  Metric/self_state_distance |        0.000673 |
|                 Metric/cross_state_distance |           0.976 |
|           Metric/self_state_action_distance |         0.00134 |
|          Metric/cross_state_action_distance |            0.97 |
|             Metric/avg_self_state_asymmetry |               0 |
|            Metric/avg_cross_state_asymmetry |        0.000795 |
|                Metric/avg_self_sa_asymmetry |               0 |
|               Metric/avg_cross_sa_asymmetry |         0.00117 |
|  Metric/self_state_action_to_state_distance |         9.1e-05 |
| Metric/cross_state_action_to_state_distance |            0.97 |
|                   Metric/h_lambda_diff_self |         0.00128 |
|                  Metric/h_lambda_diff_cross |        0.000904 |
|                                 Eval/Return |             968 |
-----------------------------------------------------------------
-----------------------------------------------------------------
|                                 Train/Steps |        1.54e+06 |
|                            Loss/Loss_critic |          0.0739 |
|                             Loss/Loss_actor |           -88.1 |
|                             Loss/Loss_alpha |        -0.00209 |
|               Loss/Loss_state_action_metric |        0.000585 |
|                      Loss/Loss_state_metric |        0.000524 |
|             Loss/Loss_state_action_to_state |        1.18e-06 |
|                           Loss/Act_rep_loss |           0.019 |
|                                   SAC/Alpha |         0.00631 |
|                              SAC/LogPi_mean |            3.48 |
|                                 SAC/Q1_mean |            88.1 |
|                                 SAC/Q2_mean |            88.1 |
|                            Norm/actor_model |             100 |
|                           Norm/critic_model |             122 |
|              Norm/state_action_metric_model |              58 |
|                     Norm/state_metric_model |            61.1 |
|        Norm/state_action_state_metric_model |            57.7 |
|                  Metric/self_state_distance |         0.00148 |
|                 Metric/cross_state_distance |           0.978 |
|           Metric/self_state_action_distance |         0.00164 |
|          Metric/cross_state_action_distance |           0.972 |
|             Metric/avg_self_state_asymmetry |               0 |
|            Metric/avg_cross_state_asymmetry |        0.000656 |
|                Metric/avg_self_sa_asymmetry |               0 |
|               Metric/avg_cross_sa_asymmetry |        0.000557 |
|  Metric/self_state_action_to_state_distance |           9e-05 |
| Metric/cross_state_action_to_state_distance |           0.972 |
|                   Metric/h_lambda_diff_self |         0.00163 |
|                  Metric/h_lambda_diff_cross |        0.000854 |
|                                 Eval/Return |             965 |
-----------------------------------------------------------------
-----------------------------------------------------------------
|                                 Train/Steps |        1.67e+06 |
|                            Loss/Loss_critic |          0.0708 |
|                             Loss/Loss_actor |           -89.8 |
|                             Loss/Loss_alpha |         0.00031 |
|               Loss/Loss_state_action_metric |        0.000199 |
|                      Loss/Loss_state_metric |        0.000145 |
|             Loss/Loss_state_action_to_state |        1.14e-06 |
|                           Loss/Act_rep_loss |          0.0211 |
|                                   SAC/Alpha |         0.00591 |
|                              SAC/LogPi_mean |            2.95 |
|                                 SAC/Q1_mean |            89.8 |
|                                 SAC/Q2_mean |            89.8 |
|                            Norm/actor_model |             103 |
|                           Norm/critic_model |             126 |
|              Norm/state_action_metric_model |            61.1 |
|                     Norm/state_metric_model |            64.5 |
|        Norm/state_action_state_metric_model |              61 |
|                  Metric/self_state_distance |        0.000838 |
|                 Metric/cross_state_distance |           0.979 |
|           Metric/self_state_action_distance |         0.00137 |
|          Metric/cross_state_action_distance |           0.974 |
|             Metric/avg_self_state_asymmetry |               0 |
|            Metric/avg_cross_state_asymmetry |        0.000563 |
|                Metric/avg_self_sa_asymmetry |               0 |
|               Metric/avg_cross_sa_asymmetry |         0.00054 |
|  Metric/self_state_action_to_state_distance |        0.000485 |
| Metric/cross_state_action_to_state_distance |           0.974 |
|                   Metric/h_lambda_diff_self |         0.00131 |
|                  Metric/h_lambda_diff_cross |        0.000677 |
|                                 Eval/Return |             970 |
-----------------------------------------------------------------
-----------------------------------------------------------------
|                                 Train/Steps |         1.8e+06 |
|                            Loss/Loss_critic |          0.0729 |
|                             Loss/Loss_actor |           -90.9 |
|                             Loss/Loss_alpha |        -0.00054 |
|               Loss/Loss_state_action_metric |        0.000199 |
|                      Loss/Loss_state_metric |        0.000145 |
|             Loss/Loss_state_action_to_state |        5.84e-07 |
|                           Loss/Act_rep_loss |          0.0209 |
|                                   SAC/Alpha |         0.00523 |
|                              SAC/LogPi_mean |            2.91 |
|                                 SAC/Q1_mean |            90.8 |
|                                 SAC/Q2_mean |            90.9 |
|                            Norm/actor_model |             106 |
|                           Norm/critic_model |             129 |
|              Norm/state_action_metric_model |            63.3 |
|                     Norm/state_metric_model |            67.8 |
|        Norm/state_action_state_metric_model |            64.1 |
|                  Metric/self_state_distance |         0.00114 |
|                 Metric/cross_state_distance |           0.978 |
|           Metric/self_state_action_distance |         0.00164 |
|          Metric/cross_state_action_distance |           0.974 |
|             Metric/avg_self_state_asymmetry |               0 |
|            Metric/avg_cross_state_asymmetry |        0.000554 |
|                Metric/avg_self_sa_asymmetry |               0 |
|               Metric/avg_cross_sa_asymmetry |        0.000592 |
|  Metric/self_state_action_to_state_distance |        0.000119 |
| Metric/cross_state_action_to_state_distance |           0.974 |
|                   Metric/h_lambda_diff_self |         0.00155 |
|                  Metric/h_lambda_diff_cross |        0.000563 |
|                                 Eval/Return |             969 |
-----------------------------------------------------------------
-----------------------------------------------------------------
|                                 Train/Steps |        1.93e+06 |
|                            Loss/Loss_critic |          0.0651 |
|                             Loss/Loss_actor |           -91.4 |
|                             Loss/Loss_alpha |        0.000313 |
|               Loss/Loss_state_action_metric |         0.00098 |
|                      Loss/Loss_state_metric |        0.000926 |
|             Loss/Loss_state_action_to_state |        7.07e-07 |
|                           Loss/Act_rep_loss |          0.0204 |
|                                   SAC/Alpha |         0.00484 |
|                              SAC/LogPi_mean |            2.88 |
|                                 SAC/Q1_mean |            91.4 |
|                                 SAC/Q2_mean |            91.5 |
|                            Norm/actor_model |             109 |
|                           Norm/critic_model |             133 |
|              Norm/state_action_metric_model |            65.5 |
|                     Norm/state_metric_model |            69.9 |
|        Norm/state_action_state_metric_model |              66 |
|                  Metric/self_state_distance |        0.000971 |
|                 Metric/cross_state_distance |           0.975 |
|           Metric/self_state_action_distance |         0.00174 |
|          Metric/cross_state_action_distance |            0.97 |
|             Metric/avg_self_state_asymmetry |               0 |
|            Metric/avg_cross_state_asymmetry |        0.000607 |
|                Metric/avg_self_sa_asymmetry |               0 |
|               Metric/avg_cross_sa_asymmetry |        0.000441 |
|  Metric/self_state_action_to_state_distance |        1.62e-05 |
| Metric/cross_state_action_to_state_distance |            0.97 |
|                   Metric/h_lambda_diff_self |         0.00173 |
|                  Metric/h_lambda_diff_cross |        0.000625 |
|                                 Eval/Return |             969 |
-----------------------------------------------------------------
-----------------------------------------------------------------
|                                 Train/Steps |        2.06e+06 |
|                            Loss/Loss_critic |          0.0568 |
|                             Loss/Loss_actor |           -92.4 |
|                             Loss/Loss_alpha |         0.00139 |
|               Loss/Loss_state_action_metric |        0.000992 |
|                      Loss/Loss_state_metric |        0.000937 |
|             Loss/Loss_state_action_to_state |         5.8e-07 |
|                           Loss/Act_rep_loss |          0.0225 |
|                                   SAC/Alpha |         0.00529 |
|                              SAC/LogPi_mean |            2.87 |
|                                 SAC/Q1_mean |            92.5 |
|                                 SAC/Q2_mean |            92.4 |
|                            Norm/actor_model |             111 |
|                           Norm/critic_model |             136 |
|              Norm/state_action_metric_model |            68.1 |
|                     Norm/state_metric_model |            73.7 |
|        Norm/state_action_state_metric_model |            69.1 |
|                  Metric/self_state_distance |         0.00163 |
|                 Metric/cross_state_distance |           0.973 |
|           Metric/self_state_action_distance |          0.0016 |
|          Metric/cross_state_action_distance |           0.968 |
|             Metric/avg_self_state_asymmetry |               0 |
|            Metric/avg_cross_state_asymmetry |        0.000344 |
|                Metric/avg_self_sa_asymmetry |               0 |
|               Metric/avg_cross_sa_asymmetry |          0.0004 |
|  Metric/self_state_action_to_state_distance |        8.07e-05 |
| Metric/cross_state_action_to_state_distance |           0.968 |
|                   Metric/h_lambda_diff_self |         0.00156 |
|                  Metric/h_lambda_diff_cross |        0.000455 |
|                                 Eval/Return |             970 |
-----------------------------------------------------------------
[32mSaving model …[0m
[32mDone.[0m
[32mSaving model …[0m
[32mDone.[0m
-----------------------------------------------------------------
|                                 Train/Steps |        2.18e+06 |
|                            Loss/Loss_critic |          0.0813 |
|                             Loss/Loss_actor |             -93 |
|                             Loss/Loss_alpha |       -0.000886 |
|               Loss/Loss_state_action_metric |        0.000603 |
|                      Loss/Loss_state_metric |         0.00055 |
|             Loss/Loss_state_action_to_state |        6.55e-07 |
|                           Loss/Act_rep_loss |           0.022 |
|                                   SAC/Alpha |         0.00476 |
|                              SAC/LogPi_mean |            3.02 |
|                                 SAC/Q1_mean |              93 |
|                                 SAC/Q2_mean |            93.1 |
|                            Norm/actor_model |             114 |
|                           Norm/critic_model |             140 |
|              Norm/state_action_metric_model |              70 |
|                     Norm/state_metric_model |            76.6 |
|        Norm/state_action_state_metric_model |            70.4 |
|                  Metric/self_state_distance |         0.00232 |
|                 Metric/cross_state_distance |           0.975 |
|           Metric/self_state_action_distance |         0.00141 |
|          Metric/cross_state_action_distance |            0.97 |
|             Metric/avg_self_state_asymmetry |               0 |
|            Metric/avg_cross_state_asymmetry |        0.000369 |
|                Metric/avg_self_sa_asymmetry |               0 |
|               Metric/avg_cross_sa_asymmetry |        0.000412 |
|  Metric/self_state_action_to_state_distance |        7.61e-05 |
| Metric/cross_state_action_to_state_distance |            0.97 |
|                   Metric/h_lambda_diff_self |         0.00145 |
|                  Metric/h_lambda_diff_cross |        0.000498 |
|                                 Eval/Return |             973 |
-----------------------------------------------------------------
-----------------------------------------------------------------
|                                 Train/Steps |        2.31e+06 |
|                            Loss/Loss_critic |          0.0462 |
|                             Loss/Loss_actor |           -93.4 |
|                             Loss/Loss_alpha |         0.00132 |
|               Loss/Loss_state_action_metric |         0.00102 |
|                      Loss/Loss_state_metric |        0.000944 |
|             Loss/Loss_state_action_to_state |        1.03e-06 |
|                           Loss/Act_rep_loss |          0.0223 |
|                                   SAC/Alpha |         0.00457 |
|                              SAC/LogPi_mean |            2.89 |
|                                 SAC/Q1_mean |            93.4 |
|                                 SAC/Q2_mean |            93.4 |
|                            Norm/actor_model |             116 |
|                           Norm/critic_model |             143 |
|              Norm/state_action_metric_model |            71.8 |
|                     Norm/state_metric_model |              79 |
|        Norm/state_action_state_metric_model |            73.3 |
|                  Metric/self_state_distance |         0.00185 |
|                 Metric/cross_state_distance |           0.974 |
|           Metric/self_state_action_distance |         0.00148 |
|          Metric/cross_state_action_distance |           0.967 |
|             Metric/avg_self_state_asymmetry |               0 |
|            Metric/avg_cross_state_asymmetry |        0.000526 |
|                Metric/avg_self_sa_asymmetry |               0 |
|               Metric/avg_cross_sa_asymmetry |        0.000391 |
|  Metric/self_state_action_to_state_distance |        0.000283 |
| Metric/cross_state_action_to_state_distance |           0.967 |
|                   Metric/h_lambda_diff_self |         0.00151 |
|                  Metric/h_lambda_diff_cross |        0.000477 |
|                                 Eval/Return |             969 |
-----------------------------------------------------------------
-----------------------------------------------------------------
|                                 Train/Steps |        2.44e+06 |
|                            Loss/Loss_critic |          0.0429 |
|                             Loss/Loss_actor |           -94.3 |
|                             Loss/Loss_alpha |         0.00124 |
|               Loss/Loss_state_action_metric |        0.000623 |
|                      Loss/Loss_state_metric |        0.000564 |
|             Loss/Loss_state_action_to_state |        2.21e-06 |
|                           Loss/Act_rep_loss |          0.0246 |
|                                   SAC/Alpha |         0.00428 |
|                              SAC/LogPi_mean |            2.78 |
|                                 SAC/Q1_mean |            94.3 |
|                                 SAC/Q2_mean |            94.3 |
|                            Norm/actor_model |             119 |
|                           Norm/critic_model |             147 |
|              Norm/state_action_metric_model |            73.6 |
|                     Norm/state_metric_model |            81.3 |
|        Norm/state_action_state_metric_model |            75.6 |
|                  Metric/self_state_distance |        0.000958 |
|                 Metric/cross_state_distance |           0.973 |
|           Metric/self_state_action_distance |         0.00129 |
|          Metric/cross_state_action_distance |           0.968 |
|             Metric/avg_self_state_asymmetry |               0 |
|            Metric/avg_cross_state_asymmetry |        0.000396 |
|                Metric/avg_self_sa_asymmetry |               0 |
|               Metric/avg_cross_sa_asymmetry |        0.000384 |
|  Metric/self_state_action_to_state_distance |        1.03e-05 |
| Metric/cross_state_action_to_state_distance |           0.968 |
|                   Metric/h_lambda_diff_self |         0.00129 |
|                  Metric/h_lambda_diff_cross |        0.000882 |
|                                 Eval/Return |             970 |
-----------------------------------------------------------------
-----------------------------------------------------------------
|                                 Train/Steps |        2.57e+06 |
|                            Loss/Loss_critic |          0.0364 |
|                             Loss/Loss_actor |           -94.4 |
|                             Loss/Loss_alpha |       -0.000591 |
|               Loss/Loss_state_action_metric |         0.00449 |
|                      Loss/Loss_state_metric |        0.000947 |
|             Loss/Loss_state_action_to_state |        6.92e-07 |
|                           Loss/Act_rep_loss |          0.0236 |
|                                   SAC/Alpha |         0.00471 |
|                              SAC/LogPi_mean |            2.94 |
|                                 SAC/Q1_mean |            94.5 |
|                                 SAC/Q2_mean |            94.4 |
|                            Norm/actor_model |             121 |
|                           Norm/critic_model |             150 |
|              Norm/state_action_metric_model |            76.5 |
|                     Norm/state_metric_model |            84.5 |
|        Norm/state_action_state_metric_model |              78 |
|                  Metric/self_state_distance |         0.00156 |
|                 Metric/cross_state_distance |           0.972 |
|           Metric/self_state_action_distance |         0.00172 |
|          Metric/cross_state_action_distance |           0.965 |
|             Metric/avg_self_state_asymmetry |               0 |
|            Metric/avg_cross_state_asymmetry |        0.000841 |
|                Metric/avg_self_sa_asymmetry |               0 |
|               Metric/avg_cross_sa_asymmetry |        0.000484 |
|  Metric/self_state_action_to_state_distance |        0.000248 |
| Metric/cross_state_action_to_state_distance |           0.966 |
|                   Metric/h_lambda_diff_self |         0.00164 |
|                  Metric/h_lambda_diff_cross |         0.00117 |
|                                 Eval/Return |             968 |
-----------------------------------------------------------------
-----------------------------------------------------------------
|                                 Train/Steps |         2.7e+06 |
|                            Loss/Loss_critic |          0.0506 |
|                             Loss/Loss_actor |           -94.6 |
|                             Loss/Loss_alpha |        0.000425 |
|               Loss/Loss_state_action_metric |         0.00023 |
|                      Loss/Loss_state_metric |        0.000169 |
|             Loss/Loss_state_action_to_state |        2.98e-07 |
|                           Loss/Act_rep_loss |          0.0236 |
|                                   SAC/Alpha |         0.00421 |
|                              SAC/LogPi_mean |            2.88 |
|                                 SAC/Q1_mean |            94.6 |
|                                 SAC/Q2_mean |            94.6 |
|                            Norm/actor_model |             124 |
|                           Norm/critic_model |             153 |
|              Norm/state_action_metric_model |            78.2 |
|                     Norm/state_metric_model |            87.1 |
|        Norm/state_action_state_metric_model |            80.3 |
|                  Metric/self_state_distance |         0.00118 |
|                 Metric/cross_state_distance |           0.976 |
|           Metric/self_state_action_distance |         0.00171 |
|          Metric/cross_state_action_distance |           0.971 |
|             Metric/avg_self_state_asymmetry |               0 |
|            Metric/avg_cross_state_asymmetry |        0.000303 |
|                Metric/avg_self_sa_asymmetry |               0 |
|               Metric/avg_cross_sa_asymmetry |        0.000374 |
|  Metric/self_state_action_to_state_distance |        4.88e-05 |
| Metric/cross_state_action_to_state_distance |            0.97 |
|                   Metric/h_lambda_diff_self |         0.00166 |
|                  Metric/h_lambda_diff_cross |        0.000662 |
|                                 Eval/Return |             973 |
-----------------------------------------------------------------
-----------------------------------------------------------------
|                                 Train/Steps |        2.82e+06 |
|                            Loss/Loss_critic |          0.0762 |
|                             Loss/Loss_actor |           -95.2 |
|                             Loss/Loss_alpha |       -0.000222 |
|               Loss/Loss_state_action_metric |        0.000235 |
|                      Loss/Loss_state_metric |        0.000176 |
|             Loss/Loss_state_action_to_state |        2.57e-07 |
|                           Loss/Act_rep_loss |          0.0237 |
|                                   SAC/Alpha |         0.00378 |
|                              SAC/LogPi_mean |            3.02 |
|                                 SAC/Q1_mean |            95.2 |
|                                 SAC/Q2_mean |            95.2 |
|                            Norm/actor_model |             126 |
|                           Norm/critic_model |             156 |
|              Norm/state_action_metric_model |            80.4 |
|                     Norm/state_metric_model |            89.2 |
|        Norm/state_action_state_metric_model |            82.3 |
|                  Metric/self_state_distance |        0.000549 |
|                 Metric/cross_state_distance |           0.975 |
|           Metric/self_state_action_distance |         0.00212 |
|          Metric/cross_state_action_distance |            0.97 |
|             Metric/avg_self_state_asymmetry |               0 |
|            Metric/avg_cross_state_asymmetry |        0.000522 |
|                Metric/avg_self_sa_asymmetry |               0 |
|               Metric/avg_cross_sa_asymmetry |        0.000298 |
|  Metric/self_state_action_to_state_distance |        7.12e-05 |
| Metric/cross_state_action_to_state_distance |           0.969 |
|                   Metric/h_lambda_diff_self |         0.00207 |
|                  Metric/h_lambda_diff_cross |        0.000412 |
|                                 Eval/Return |             966 |
-----------------------------------------------------------------
-----------------------------------------------------------------
|                                 Train/Steps |        2.95e+06 |
|                            Loss/Loss_critic |          0.0554 |
|                             Loss/Loss_actor |           -94.7 |
|                             Loss/Loss_alpha |        -0.00239 |
|               Loss/Loss_state_action_metric |        0.000222 |
|                      Loss/Loss_state_metric |        0.000166 |
|             Loss/Loss_state_action_to_state |        7.36e-07 |
|                           Loss/Act_rep_loss |          0.0231 |
|                                   SAC/Alpha |         0.00398 |
|                              SAC/LogPi_mean |            3.58 |
|                                 SAC/Q1_mean |            94.6 |
|                                 SAC/Q2_mean |            94.7 |
|                            Norm/actor_model |             128 |
|                           Norm/critic_model |             159 |
|              Norm/state_action_metric_model |            81.7 |
|                     Norm/state_metric_model |            92.9 |
|        Norm/state_action_state_metric_model |            84.2 |
|                  Metric/self_state_distance |         0.00147 |
|                 Metric/cross_state_distance |           0.976 |
|           Metric/self_state_action_distance |         0.00162 |
|          Metric/cross_state_action_distance |           0.971 |
|             Metric/avg_self_state_asymmetry |               0 |
|            Metric/avg_cross_state_asymmetry |        0.000294 |
|                Metric/avg_self_sa_asymmetry |               0 |
|               Metric/avg_cross_sa_asymmetry |        0.000338 |
|  Metric/self_state_action_to_state_distance |        1.88e-05 |
| Metric/cross_state_action_to_state_distance |           0.971 |
|                   Metric/h_lambda_diff_self |         0.00161 |
|                  Metric/h_lambda_diff_cross |        0.000381 |
|                                 Eval/Return |             971 |
-----------------------------------------------------------------
-----------------------------------------------------------------
|                                 Train/Steps |        3.08e+06 |
|                            Loss/Loss_critic |          0.0274 |
|                             Loss/Loss_actor |           -94.8 |
|                             Loss/Loss_alpha |       -4.37e-05 |
|               Loss/Loss_state_action_metric |        0.000626 |
|                      Loss/Loss_state_metric |        0.000558 |
|             Loss/Loss_state_action_to_state |        4.19e-07 |
|                           Loss/Act_rep_loss |          0.0233 |
|                                   SAC/Alpha |         0.00338 |
|                              SAC/LogPi_mean |            3.08 |
|                                 SAC/Q1_mean |            94.8 |
|                                 SAC/Q2_mean |            94.8 |
|                            Norm/actor_model |             130 |
|                           Norm/critic_model |             162 |
|              Norm/state_action_metric_model |            83.3 |
|                     Norm/state_metric_model |            95.5 |
|        Norm/state_action_state_metric_model |            86.2 |
|                  Metric/self_state_distance |        0.000621 |
|                 Metric/cross_state_distance |           0.974 |
|           Metric/self_state_action_distance |          0.0018 |
|          Metric/cross_state_action_distance |           0.969 |
|             Metric/avg_self_state_asymmetry |               0 |
|            Metric/avg_cross_state_asymmetry |         0.00029 |
|                Metric/avg_self_sa_asymmetry |               0 |
|               Metric/avg_cross_sa_asymmetry |        0.000402 |
|  Metric/self_state_action_to_state_distance |        5.35e-05 |
| Metric/cross_state_action_to_state_distance |           0.969 |
|                   Metric/h_lambda_diff_self |         0.00175 |
|                  Metric/h_lambda_diff_cross |         0.00045 |
|                                 Eval/Return |             970 |
-----------------------------------------------------------------
[32mSaving model …[0m
[32mDone.[0m
[32mSaving model …[0m
[32mDone.[0m
-----------------------------------------------------------------
|                                 Train/Steps |        3.21e+06 |
|                            Loss/Loss_critic |          0.0446 |
|                             Loss/Loss_actor |           -95.4 |
|                             Loss/Loss_alpha |        0.000483 |
|               Loss/Loss_state_action_metric |        0.000238 |
|                      Loss/Loss_state_metric |        0.000176 |
|             Loss/Loss_state_action_to_state |        2.82e-07 |
|                           Loss/Act_rep_loss |          0.0248 |
|                                   SAC/Alpha |         0.00363 |
|                              SAC/LogPi_mean |            2.81 |
|                                 SAC/Q1_mean |            95.4 |
|                                 SAC/Q2_mean |            95.4 |
|                            Norm/actor_model |             132 |
|                           Norm/critic_model |             165 |
|              Norm/state_action_metric_model |            85.5 |
|                     Norm/state_metric_model |            98.2 |
|        Norm/state_action_state_metric_model |            88.6 |
|                  Metric/self_state_distance |        0.000831 |
|                 Metric/cross_state_distance |           0.974 |
|           Metric/self_state_action_distance |         0.00166 |
|          Metric/cross_state_action_distance |           0.968 |
|             Metric/avg_self_state_asymmetry |               0 |
|            Metric/avg_cross_state_asymmetry |          0.0003 |
|                Metric/avg_self_sa_asymmetry |               0 |
|               Metric/avg_cross_sa_asymmetry |        0.000414 |
|  Metric/self_state_action_to_state_distance |        6.76e-06 |
| Metric/cross_state_action_to_state_distance |           0.969 |
|                   Metric/h_lambda_diff_self |         0.00165 |
|                  Metric/h_lambda_diff_cross |        0.000825 |
|                                 Eval/Return |             971 |
-----------------------------------------------------------------
-----------------------------------------------------------------
|                                 Train/Steps |        3.34e+06 |
|                            Loss/Loss_critic |          0.0566 |
|                             Loss/Loss_actor |           -95.5 |
|                             Loss/Loss_alpha |         0.00115 |
|               Loss/Loss_state_action_metric |         0.00102 |
|                      Loss/Loss_state_metric |        0.000955 |
|             Loss/Loss_state_action_to_state |        4.66e-07 |
|                           Loss/Act_rep_loss |          0.0238 |
|                                   SAC/Alpha |         0.00334 |
|                              SAC/LogPi_mean |            2.73 |
|                                 SAC/Q1_mean |            95.6 |
|                                 SAC/Q2_mean |            95.5 |
|                            Norm/actor_model |             134 |
|                           Norm/critic_model |             168 |
|              Norm/state_action_metric_model |            87.7 |
|                     Norm/state_metric_model |             101 |
|        Norm/state_action_state_metric_model |            90.8 |
|                  Metric/self_state_distance |         0.00161 |
|                 Metric/cross_state_distance |           0.971 |
|           Metric/self_state_action_distance |         0.00181 |
|          Metric/cross_state_action_distance |           0.966 |
|             Metric/avg_self_state_asymmetry |               0 |
|            Metric/avg_cross_state_asymmetry |        0.000238 |
|                Metric/avg_self_sa_asymmetry |               0 |
|               Metric/avg_cross_sa_asymmetry |        0.000278 |
|  Metric/self_state_action_to_state_distance |        1.56e-05 |
| Metric/cross_state_action_to_state_distance |           0.965 |
|                   Metric/h_lambda_diff_self |          0.0018 |
|                  Metric/h_lambda_diff_cross |        0.000438 |
|                                 Eval/Return |             971 |
-----------------------------------------------------------------
-----------------------------------------------------------------
|                                 Train/Steps |        3.46e+06 |
|                            Loss/Loss_critic |          0.0458 |
|                             Loss/Loss_actor |             -96 |
|                             Loss/Loss_alpha |       -0.000109 |
|               Loss/Loss_state_action_metric |          0.0018 |
|                      Loss/Loss_state_metric |         0.00174 |
|             Loss/Loss_state_action_to_state |        3.26e-07 |
|                           Loss/Act_rep_loss |          0.0253 |
|                                   SAC/Alpha |           0.003 |
|                              SAC/LogPi_mean |               3 |
|                                 SAC/Q1_mean |              96 |
|                                 SAC/Q2_mean |            95.9 |
|                            Norm/actor_model |             136 |
|                           Norm/critic_model |             171 |
|              Norm/state_action_metric_model |            89.4 |
|                     Norm/state_metric_model |             103 |
|        Norm/state_action_state_metric_model |            92.6 |
|                  Metric/self_state_distance |         0.00131 |
|                 Metric/cross_state_distance |           0.966 |
|           Metric/self_state_action_distance |         0.00171 |
|          Metric/cross_state_action_distance |           0.961 |
|             Metric/avg_self_state_asymmetry |               0 |
|            Metric/avg_cross_state_asymmetry |        0.000202 |
|                Metric/avg_self_sa_asymmetry |               0 |
|               Metric/avg_cross_sa_asymmetry |        0.000263 |
|  Metric/self_state_action_to_state_distance |         2.7e-05 |
| Metric/cross_state_action_to_state_distance |           0.961 |
|                   Metric/h_lambda_diff_self |         0.00169 |
|                  Metric/h_lambda_diff_cross |        0.000338 |
|                                 Eval/Return |             970 |
-----------------------------------------------------------------
-----------------------------------------------------------------
|                                 Train/Steps |        3.59e+06 |
|                            Loss/Loss_critic |          0.0826 |
|                             Loss/Loss_actor |           -95.4 |
|                             Loss/Loss_alpha |       -3.39e-05 |
|               Loss/Loss_state_action_metric |         0.00062 |
|                      Loss/Loss_state_metric |        0.000558 |
|             Loss/Loss_state_action_to_state |         3.8e-07 |
|                           Loss/Act_rep_loss |          0.0236 |
|                                   SAC/Alpha |         0.00315 |
|                              SAC/LogPi_mean |            3.03 |
|                                 SAC/Q1_mean |            95.5 |
|                                 SAC/Q2_mean |            95.4 |
|                            Norm/actor_model |             137 |
|                           Norm/critic_model |             174 |
|              Norm/state_action_metric_model |            91.7 |
|                     Norm/state_metric_model |             105 |
|        Norm/state_action_state_metric_model |            94.5 |
|                  Metric/self_state_distance |         0.00105 |
|                 Metric/cross_state_distance |           0.974 |
|           Metric/self_state_action_distance |         0.00148 |
|          Metric/cross_state_action_distance |           0.969 |
|             Metric/avg_self_state_asymmetry |               0 |
|            Metric/avg_cross_state_asymmetry |        0.000266 |
|                Metric/avg_self_sa_asymmetry |               0 |
|               Metric/avg_cross_sa_asymmetry |        0.000325 |
|  Metric/self_state_action_to_state_distance |        4.29e-05 |
| Metric/cross_state_action_to_state_distance |           0.968 |
|                   Metric/h_lambda_diff_self |         0.00147 |
|                  Metric/h_lambda_diff_cross |        0.000445 |
|                                 Eval/Return |             970 |
-----------------------------------------------------------------
-----------------------------------------------------------------
|                                 Train/Steps |        3.72e+06 |
|                            Loss/Loss_critic |          0.0452 |
|                             Loss/Loss_actor |           -95.9 |
|                             Loss/Loss_alpha |        -0.00035 |
|               Loss/Loss_state_action_metric |        0.000242 |
|                      Loss/Loss_state_metric |        0.000176 |
|             Loss/Loss_state_action_to_state |        6.53e-07 |
|                           Loss/Act_rep_loss |           0.025 |
|                                   SAC/Alpha |         0.00327 |
|                              SAC/LogPi_mean |            3.23 |
|                                 SAC/Q1_mean |              96 |
|                                 SAC/Q2_mean |            95.9 |
|                            Norm/actor_model |             139 |
|                           Norm/critic_model |             177 |
|              Norm/state_action_metric_model |            94.1 |
|                     Norm/state_metric_model |             108 |
|        Norm/state_action_state_metric_model |              97 |
|                  Metric/self_state_distance |         0.00163 |
|                 Metric/cross_state_distance |           0.974 |
|           Metric/self_state_action_distance |         0.00189 |
|          Metric/cross_state_action_distance |            0.97 |
|             Metric/avg_self_state_asymmetry |               0 |
|            Metric/avg_cross_state_asymmetry |        0.000276 |
|                Metric/avg_self_sa_asymmetry |               0 |
|               Metric/avg_cross_sa_asymmetry |         0.00173 |
|  Metric/self_state_action_to_state_distance |        5.46e-06 |
| Metric/cross_state_action_to_state_distance |            0.97 |
|                   Metric/h_lambda_diff_self |         0.00189 |
|                  Metric/h_lambda_diff_cross |        0.000919 |
|                                 Eval/Return |             970 |
-----------------------------------------------------------------
-----------------------------------------------------------------
|                                 Train/Steps |        3.85e+06 |
|                            Loss/Loss_critic |          0.0528 |
|                             Loss/Loss_actor |           -96.3 |
|                             Loss/Loss_alpha |        3.68e-05 |
|               Loss/Loss_state_action_metric |        0.000633 |
|                      Loss/Loss_state_metric |        0.000569 |
|             Loss/Loss_state_action_to_state |        1.66e-07 |
|                           Loss/Act_rep_loss |           0.025 |
|                                   SAC/Alpha |         0.00296 |
|                              SAC/LogPi_mean |            3.04 |
|                                 SAC/Q1_mean |            96.3 |
|                                 SAC/Q2_mean |            96.3 |
|                            Norm/actor_model |             141 |
|                           Norm/critic_model |             180 |
|              Norm/state_action_metric_model |            95.4 |
|                     Norm/state_metric_model |             111 |
|        Norm/state_action_state_metric_model |            99.2 |
|                  Metric/self_state_distance |         0.00136 |
|                 Metric/cross_state_distance |           0.972 |
|           Metric/self_state_action_distance |         0.00166 |
|          Metric/cross_state_action_distance |           0.967 |
|             Metric/avg_self_state_asymmetry |               0 |
|            Metric/avg_cross_state_asymmetry |        0.000212 |
|                Metric/avg_self_sa_asymmetry |               0 |
|               Metric/avg_cross_sa_asymmetry |        0.000253 |
|  Metric/self_state_action_to_state_distance |        3.22e-05 |
| Metric/cross_state_action_to_state_distance |           0.967 |
|                   Metric/h_lambda_diff_self |         0.00164 |
|                  Metric/h_lambda_diff_cross |        0.000338 |
|                                 Eval/Return |             972 |
-----------------------------------------------------------------
-----------------------------------------------------------------
|                                 Train/Steps |        3.98e+06 |
|                            Loss/Loss_critic |          0.0397 |
|                             Loss/Loss_actor |           -96.2 |
|                             Loss/Loss_alpha |       -5.35e-05 |
|               Loss/Loss_state_action_metric |        0.000239 |
|                      Loss/Loss_state_metric |        0.000179 |
|             Loss/Loss_state_action_to_state |        2.05e-07 |
|                           Loss/Act_rep_loss |          0.0245 |
|                                   SAC/Alpha |         0.00298 |
|                              SAC/LogPi_mean |            3.02 |
|                                 SAC/Q1_mean |            96.1 |
|                                 SAC/Q2_mean |            96.1 |
|                            Norm/actor_model |             143 |
|                           Norm/critic_model |             182 |
|              Norm/state_action_metric_model |            97.5 |
|                     Norm/state_metric_model |             113 |
|        Norm/state_action_state_metric_model |             101 |
|                  Metric/self_state_distance |         0.00116 |
|                 Metric/cross_state_distance |           0.974 |
|           Metric/self_state_action_distance |          0.0015 |
|          Metric/cross_state_action_distance |           0.969 |
|             Metric/avg_self_state_asymmetry |               0 |
|            Metric/avg_cross_state_asymmetry |        0.000257 |
|                Metric/avg_self_sa_asymmetry |               0 |
|               Metric/avg_cross_sa_asymmetry |        0.000244 |
|  Metric/self_state_action_to_state_distance |         5.5e-06 |
| Metric/cross_state_action_to_state_distance |           0.969 |
|                   Metric/h_lambda_diff_self |          0.0015 |
|                  Metric/h_lambda_diff_cross |        0.000404 |
|                                 Eval/Return |             972 |
-----------------------------------------------------------------
-----------------------------------------------------------------
|                                 Train/Steps |         4.1e+06 |
|                            Loss/Loss_critic |          0.0359 |
|                             Loss/Loss_actor |           -96.9 |
|                             Loss/Loss_alpha |        0.000604 |
|               Loss/Loss_state_action_metric |        0.000648 |
|                      Loss/Loss_state_metric |         0.00058 |
|             Loss/Loss_state_action_to_state |        1.07e-07 |
|                           Loss/Act_rep_loss |          0.0261 |
|                                   SAC/Alpha |         0.00261 |
|                              SAC/LogPi_mean |            2.72 |
|                                 SAC/Q1_mean |            96.9 |
|                                 SAC/Q2_mean |            96.9 |
|                            Norm/actor_model |             144 |
|                           Norm/critic_model |             185 |
|              Norm/state_action_metric_model |            98.9 |
|                     Norm/state_metric_model |             116 |
|        Norm/state_action_state_metric_model |             103 |
|                  Metric/self_state_distance |         0.00138 |
|                 Metric/cross_state_distance |           0.971 |
|           Metric/self_state_action_distance |         0.00184 |
|          Metric/cross_state_action_distance |           0.965 |
|             Metric/avg_self_state_asymmetry |               0 |
|            Metric/avg_cross_state_asymmetry |         0.00043 |
|                Metric/avg_self_sa_asymmetry |               0 |
|               Metric/avg_cross_sa_asymmetry |        0.000354 |
|  Metric/self_state_action_to_state_distance |        3.43e-05 |
| Metric/cross_state_action_to_state_distance |           0.965 |
|                   Metric/h_lambda_diff_self |         0.00182 |
|                  Metric/h_lambda_diff_cross |        0.000281 |
|                                 Eval/Return |             971 |
-----------------------------------------------------------------
[32mSaving model …[0m
[32mDone.[0m
[32mSaving model …[0m
[32mDone.[0m
-----------------------------------------------------------------
|                                 Train/Steps |        4.23e+06 |
|                            Loss/Loss_critic |          0.0287 |
|                             Loss/Loss_actor |           -97.4 |
|                             Loss/Loss_alpha |       -0.000124 |
|               Loss/Loss_state_action_metric |         0.00104 |
|                      Loss/Loss_state_metric |        0.000974 |
|             Loss/Loss_state_action_to_state |        3.53e-07 |
|                           Loss/Act_rep_loss |          0.0268 |
|                                   SAC/Alpha |         0.00204 |
|                              SAC/LogPi_mean |             2.9 |
|                                 SAC/Q1_mean |            97.4 |
|                                 SAC/Q2_mean |            97.4 |
|                            Norm/actor_model |             146 |
|                           Norm/critic_model |             187 |
|              Norm/state_action_metric_model |             101 |
|                     Norm/state_metric_model |             118 |
|        Norm/state_action_state_metric_model |             105 |
|                  Metric/self_state_distance |         0.00139 |
|                 Metric/cross_state_distance |           0.968 |
|           Metric/self_state_action_distance |         0.00194 |
|          Metric/cross_state_action_distance |           0.962 |
|             Metric/avg_self_state_asymmetry |               0 |
|            Metric/avg_cross_state_asymmetry |        0.000176 |
|                Metric/avg_self_sa_asymmetry |               0 |
|               Metric/avg_cross_sa_asymmetry |        0.000243 |
|  Metric/self_state_action_to_state_distance |         1.8e-05 |
| Metric/cross_state_action_to_state_distance |           0.963 |
|                   Metric/h_lambda_diff_self |         0.00192 |
|                  Metric/h_lambda_diff_cross |        0.000673 |
|                                 Eval/Return |             965 |
-----------------------------------------------------------------
-----------------------------------------------------------------
|                                 Train/Steps |        4.36e+06 |
|                            Loss/Loss_critic |          0.0311 |
|                             Loss/Loss_actor |           -97.7 |
|                             Loss/Loss_alpha |        0.000587 |
|               Loss/Loss_state_action_metric |        0.000653 |
|                      Loss/Loss_state_metric |        0.000589 |
|             Loss/Loss_state_action_to_state |        3.64e-07 |
|                           Loss/Act_rep_loss |          0.0274 |
|                                   SAC/Alpha |         0.00169 |
|                              SAC/LogPi_mean |            2.67 |
|                                 SAC/Q1_mean |            97.7 |
|                                 SAC/Q2_mean |            97.7 |
|                            Norm/actor_model |             148 |
|                           Norm/critic_model |             189 |
|              Norm/state_action_metric_model |             103 |
|                     Norm/state_metric_model |             120 |
|        Norm/state_action_state_metric_model |             107 |
|                  Metric/self_state_distance |         0.00146 |
|                 Metric/cross_state_distance |           0.969 |
|           Metric/self_state_action_distance |          0.0014 |
|          Metric/cross_state_action_distance |           0.964 |
|             Metric/avg_self_state_asymmetry |               0 |
|            Metric/avg_cross_state_asymmetry |        0.000309 |
|                Metric/avg_self_sa_asymmetry |               0 |
|               Metric/avg_cross_sa_asymmetry |        0.000233 |
|  Metric/self_state_action_to_state_distance |        4.11e-05 |
| Metric/cross_state_action_to_state_distance |           0.964 |
|                   Metric/h_lambda_diff_self |         0.00136 |
|                  Metric/h_lambda_diff_cross |        0.000342 |
|                                 Eval/Return |             973 |
-----------------------------------------------------------------
-----------------------------------------------------------------
|                                 Train/Steps |        4.49e+06 |
|                            Loss/Loss_critic |          0.0268 |
|                             Loss/Loss_actor |           -98.1 |
|                             Loss/Loss_alpha |        0.000718 |
|               Loss/Loss_state_action_metric |        0.000275 |
|                      Loss/Loss_state_metric |        0.000204 |
|             Loss/Loss_state_action_to_state |         1.2e-07 |
|                           Loss/Act_rep_loss |          0.0275 |
|                                   SAC/Alpha |         0.00176 |
|                              SAC/LogPi_mean |            2.54 |
|                                 SAC/Q1_mean |            98.1 |
|                                 SAC/Q2_mean |            98.2 |
|                            Norm/actor_model |             149 |
|                           Norm/critic_model |             191 |
|              Norm/state_action_metric_model |             105 |
|                     Norm/state_metric_model |             123 |
|        Norm/state_action_state_metric_model |             109 |
|                  Metric/self_state_distance |         0.00177 |
|                 Metric/cross_state_distance |           0.971 |
|           Metric/self_state_action_distance |         0.00115 |
|          Metric/cross_state_action_distance |           0.965 |
|             Metric/avg_self_state_asymmetry |               0 |
|            Metric/avg_cross_state_asymmetry |        0.000237 |
|                Metric/avg_self_sa_asymmetry |               0 |
|               Metric/avg_cross_sa_asymmetry |        0.000195 |
|  Metric/self_state_action_to_state_distance |        5.26e-05 |
| Metric/cross_state_action_to_state_distance |           0.965 |
|                   Metric/h_lambda_diff_self |          0.0011 |
|                  Metric/h_lambda_diff_cross |        0.000232 |
|                                 Eval/Return |             975 |
-----------------------------------------------------------------
-----------------------------------------------------------------
|                                 Train/Steps |        4.62e+06 |
|                            Loss/Loss_critic |          0.0296 |
|                             Loss/Loss_actor |           -97.9 |
|                             Loss/Loss_alpha |        0.000227 |
|               Loss/Loss_state_action_metric |         0.00105 |
|                      Loss/Loss_state_metric |        0.000983 |
|             Loss/Loss_state_action_to_state |        1.28e-07 |
|                           Loss/Act_rep_loss |           0.027 |
|                                   SAC/Alpha |         0.00166 |
|                              SAC/LogPi_mean |            2.72 |
|                                 SAC/Q1_mean |            97.9 |
|                                 SAC/Q2_mean |              98 |
|                            Norm/actor_model |             151 |
|                           Norm/critic_model |             194 |
|              Norm/state_action_metric_model |             107 |
|                     Norm/state_metric_model |             126 |
|        Norm/state_action_state_metric_model |             111 |
|                  Metric/self_state_distance |        0.000839 |
|                 Metric/cross_state_distance |           0.968 |
|           Metric/self_state_action_distance |         0.00187 |
|          Metric/cross_state_action_distance |           0.962 |
|             Metric/avg_self_state_asymmetry |               0 |
|            Metric/avg_cross_state_asymmetry |        0.000332 |
|                Metric/avg_self_sa_asymmetry |               0 |
|               Metric/avg_cross_sa_asymmetry |        0.000279 |
|  Metric/self_state_action_to_state_distance |        1.59e-05 |
| Metric/cross_state_action_to_state_distance |           0.962 |
|                   Metric/h_lambda_diff_self |         0.00185 |
|                  Metric/h_lambda_diff_cross |        0.000366 |
|                                 Eval/Return |             970 |
-----------------------------------------------------------------
-----------------------------------------------------------------
|                                 Train/Steps |        4.74e+06 |
|                            Loss/Loss_critic |          0.0263 |
|                             Loss/Loss_actor |           -97.8 |
|                             Loss/Loss_alpha |        -0.00139 |
|               Loss/Loss_state_action_metric |         0.00144 |
|                      Loss/Loss_state_metric |         0.00137 |
|             Loss/Loss_state_action_to_state |        1.24e-07 |
|                           Loss/Act_rep_loss |           0.027 |
|                                   SAC/Alpha |          0.0017 |
|                              SAC/LogPi_mean |            3.92 |
|                                 SAC/Q1_mean |            97.8 |
|                                 SAC/Q2_mean |            97.9 |
|                            Norm/actor_model |             152 |
|                           Norm/critic_model |             196 |
|              Norm/state_action_metric_model |             109 |
|                     Norm/state_metric_model |             128 |
|        Norm/state_action_state_metric_model |             113 |
|                  Metric/self_state_distance |        0.000925 |
|                 Metric/cross_state_distance |           0.966 |
|           Metric/self_state_action_distance |         0.00152 |
|          Metric/cross_state_action_distance |            0.96 |
|             Metric/avg_self_state_asymmetry |               0 |
|            Metric/avg_cross_state_asymmetry |        0.000139 |
|                Metric/avg_self_sa_asymmetry |               0 |
|               Metric/avg_cross_sa_asymmetry |        0.000214 |
|  Metric/self_state_action_to_state_distance |        3.91e-05 |
| Metric/cross_state_action_to_state_distance |            0.96 |
|                   Metric/h_lambda_diff_self |          0.0015 |
|                  Metric/h_lambda_diff_cross |        0.000251 |
|                                 Eval/Return |             972 |
-----------------------------------------------------------------
-----------------------------------------------------------------
|                                 Train/Steps |        4.87e+06 |
|                            Loss/Loss_critic |          0.0288 |
|                             Loss/Loss_actor |           -98.1 |
|                             Loss/Loss_alpha |        0.000472 |
|               Loss/Loss_state_action_metric |        0.000668 |
|                      Loss/Loss_state_metric |        0.000598 |
|             Loss/Loss_state_action_to_state |        3.55e-07 |
|                           Loss/Act_rep_loss |          0.0271 |
|                                   SAC/Alpha |         0.00174 |
|                              SAC/LogPi_mean |            2.61 |
|                                 SAC/Q1_mean |            98.2 |
|                                 SAC/Q2_mean |            98.1 |
|                            Norm/actor_model |             154 |
|                           Norm/critic_model |             198 |
|              Norm/state_action_metric_model |             111 |
|                     Norm/state_metric_model |             130 |
|        Norm/state_action_state_metric_model |             115 |
|                  Metric/self_state_distance |         0.00159 |
|                 Metric/cross_state_distance |            0.97 |
|           Metric/self_state_action_distance |         0.00217 |
|          Metric/cross_state_action_distance |           0.964 |
|             Metric/avg_self_state_asymmetry |               0 |
|            Metric/avg_cross_state_asymmetry |        0.000235 |
|                Metric/avg_self_sa_asymmetry |               0 |
|               Metric/avg_cross_sa_asymmetry |        0.000308 |
|  Metric/self_state_action_to_state_distance |        0.000154 |
| Metric/cross_state_action_to_state_distance |           0.964 |
|                   Metric/h_lambda_diff_self |         0.00206 |
|                  Metric/h_lambda_diff_cross |        0.000571 |
|                                 Eval/Return |             970 |
-----------------------------------------------------------------
-----------------------------------------------------------------
|                                 Train/Steps |           5e+06 |
|                            Loss/Loss_critic |          0.0289 |
|                             Loss/Loss_actor |           -97.8 |
|                             Loss/Loss_alpha |       -8.74e-05 |
|               Loss/Loss_state_action_metric |        0.000265 |
|                      Loss/Loss_state_metric |          0.0002 |
|             Loss/Loss_state_action_to_state |        1.65e-07 |
|                           Loss/Act_rep_loss |          0.0272 |
|                                   SAC/Alpha |          0.0018 |
|                              SAC/LogPi_mean |            2.99 |
|                                 SAC/Q1_mean |            97.8 |
|                                 SAC/Q2_mean |            97.9 |
|                            Norm/actor_model |             155 |
|                           Norm/critic_model |             200 |
|              Norm/state_action_metric_model |             113 |
|                     Norm/state_metric_model |             133 |
|        Norm/state_action_state_metric_model |             117 |
|                  Metric/self_state_distance |         0.00183 |
|                 Metric/cross_state_distance |           0.972 |
|           Metric/self_state_action_distance |         0.00153 |
|          Metric/cross_state_action_distance |           0.966 |
|             Metric/avg_self_state_asymmetry |               0 |
|            Metric/avg_cross_state_asymmetry |        0.000242 |
|                Metric/avg_self_sa_asymmetry |               0 |
|               Metric/avg_cross_sa_asymmetry |        0.000209 |
|  Metric/self_state_action_to_state_distance |        3.46e-05 |
| Metric/cross_state_action_to_state_distance |           0.966 |
|                   Metric/h_lambda_diff_self |          0.0015 |
|                  Metric/h_lambda_diff_cross |        0.000324 |
|                                 Eval/Return |             968 |
-----------------------------------------------------------------
[32mSaving model …[0m
[32mDone.[0m
[32mSaving model …[0m
[32mDone.[0m
