E0927 06:35:19.032939 3685469 cuda_executor.cc:1526] Could not get kernel mode driver version: (INVALID_ARGUMENT: Version does not match the format X.Y.Z)
E0927 06:35:19.041739 3685359 cuda_executor.cc:1526] Could not get kernel mode driver version: (INVALID_ARGUMENT: Version does not match the format X.Y.Z)
[32mStart prefilling replay buffer[0m
[32mStart SAC training[0m
[32m{'log_freq': 1000, 'save_freq': 1000000, 'eval_episode_freq': 10, 'hidden_size': 256, 'lr': 0.001, 'max_grad_norm': 0.0, 'gamma': 0.99, 'update_tau': 0.005, 'train_per_step': 8, 'episode_length': 1000, 'warmup_samples': 8192, 'max_replay_size': 4000000, 'batch_size': 512, 'total_env_steps': 5000000, 'init_temperature': 0.1, 'nstep': 3, 'bootstrap_on_truncation': True, 'rep_lr_scale': 1.5, 'pair_tau': 0.1, 'vis_feq': 100000, 'n_vis_frames': 4, 'num_envs': 128, 'grad_steps': 50, 'transfer_freq': 10, 'transfer_steps': 8, 'reward_scaling': 1.0, 'num_eval_envs': 128, 'target_entropy': -1.0}[0m
[32m[nstep] nstep=3 bootstrap_on_truncation=True (discount from the buffer already contains gamma^nstep)[0m
-----------------------------------------------------------------
|                                 Train/Steps |        1.36e+05 |
|                            Loss/Loss_critic |            1.05 |
|                             Loss/Loss_actor |           -17.6 |
|                             Loss/Loss_alpha |        -0.00552 |
|               Loss/Loss_state_action_metric |         0.00524 |
|                      Loss/Loss_state_metric |         0.00459 |
|             Loss/Loss_state_action_to_state |        0.000278 |
|                           Loss/Act_rep_loss |         0.00288 |
|                                   SAC/Alpha |           0.024 |
|                              SAC/LogPi_mean |            1.19 |
|                                 SAC/Q1_mean |            17.7 |
|                                 SAC/Q2_mean |            17.6 |
|                            Norm/actor_model |            52.2 |
|                           Norm/critic_model |            93.8 |
|              Norm/state_action_metric_model |            30.7 |
|                     Norm/state_metric_model |              32 |
|        Norm/state_action_state_metric_model |            31.3 |
|                  Metric/self_state_distance |          0.0337 |
|                 Metric/cross_state_distance |               1 |
|           Metric/self_state_action_distance |          0.0228 |
|          Metric/cross_state_action_distance |            1.01 |
|             Metric/avg_self_state_asymmetry |               0 |
|            Metric/avg_cross_state_asymmetry |         0.00829 |
|                Metric/avg_self_sa_asymmetry |               0 |
|               Metric/avg_cross_sa_asymmetry |         0.00474 |
|  Metric/self_state_action_to_state_distance |          0.0116 |
| Metric/cross_state_action_to_state_distance |               1 |
|                   Metric/h_lambda_diff_self |          0.0196 |
|                  Metric/h_lambda_diff_cross |         0.00916 |
|                                 Eval/Return |             238 |
-----------------------------------------------------------------
-----------------------------------------------------------------
|                                 Train/Steps |        2.64e+05 |
|                            Loss/Loss_critic |            4.54 |
|                             Loss/Loss_actor |           -30.9 |
|                             Loss/Loss_alpha |         0.00212 |
|               Loss/Loss_state_action_metric |         0.00467 |
|                      Loss/Loss_state_metric |          0.0016 |
|             Loss/Loss_state_action_to_state |         0.00296 |
|                           Loss/Act_rep_loss |         0.00408 |
|                                   SAC/Alpha |          0.0343 |
|                              SAC/LogPi_mean |            0.96 |
|                                 SAC/Q1_mean |            30.8 |
|                                 SAC/Q2_mean |            30.9 |
|                            Norm/actor_model |            67.9 |
|                           Norm/critic_model |             120 |
|              Norm/state_action_metric_model |            31.9 |
|                     Norm/state_metric_model |            34.7 |
|        Norm/state_action_state_metric_model |            31.4 |
|                  Metric/self_state_distance |         0.00445 |
|                 Metric/cross_state_distance |            1.01 |
|           Metric/self_state_action_distance |         0.00901 |
|          Metric/cross_state_action_distance |            1.03 |
|             Metric/avg_self_state_asymmetry |               0 |
|            Metric/avg_cross_state_asymmetry |         0.00482 |
|                Metric/avg_self_sa_asymmetry |               0 |
|               Metric/avg_cross_sa_asymmetry |          0.0043 |
|  Metric/self_state_action_to_state_distance |         0.00655 |
| Metric/cross_state_action_to_state_distance |            1.03 |
|                   Metric/h_lambda_diff_self |          0.0105 |
|                  Metric/h_lambda_diff_cross |          0.0103 |
|                                 Eval/Return |             336 |
-----------------------------------------------------------------
-----------------------------------------------------------------
|                                 Train/Steps |        3.92e+05 |
|                            Loss/Loss_critic |            3.34 |
|                             Loss/Loss_actor |             -42 |
|                             Loss/Loss_alpha |        -0.00748 |
|               Loss/Loss_state_action_metric |          0.0047 |
|                      Loss/Loss_state_metric |          0.0005 |
|             Loss/Loss_state_action_to_state |        7.27e-05 |
|                           Loss/Act_rep_loss |        0.000375 |
|                                   SAC/Alpha |          0.0385 |
|                              SAC/LogPi_mean |            1.15 |
|                                 SAC/Q1_mean |            41.8 |
|                                 SAC/Q2_mean |            41.9 |
|                            Norm/actor_model |            78.4 |
|                           Norm/critic_model |             135 |
|              Norm/state_action_metric_model |              34 |
|                     Norm/state_metric_model |            37.4 |
|        Norm/state_action_state_metric_model |            33.2 |
|                  Metric/self_state_distance |          0.0059 |
|                 Metric/cross_state_distance |            1.04 |
|           Metric/self_state_action_distance |         0.00632 |
|          Metric/cross_state_action_distance |            1.04 |
|             Metric/avg_self_state_asymmetry |               0 |
|            Metric/avg_cross_state_asymmetry |         0.00512 |
|                Metric/avg_self_sa_asymmetry |               0 |
|               Metric/avg_cross_sa_asymmetry |         0.00329 |
|  Metric/self_state_action_to_state_distance |         0.00371 |
| Metric/cross_state_action_to_state_distance |            1.04 |
|                   Metric/h_lambda_diff_self |         0.00677 |
|                  Metric/h_lambda_diff_cross |         0.00597 |
|                                 Eval/Return |             448 |
-----------------------------------------------------------------
-----------------------------------------------------------------
|                                 Train/Steps |         5.2e+05 |
|                            Loss/Loss_critic |            3.03 |
|                             Loss/Loss_actor |           -45.6 |
|                             Loss/Loss_alpha |          0.0115 |
|               Loss/Loss_state_action_metric |         0.00669 |
|                      Loss/Loss_state_metric |        0.000501 |
|             Loss/Loss_state_action_to_state |        3.53e-05 |
|                           Loss/Act_rep_loss |               0 |
|                                   SAC/Alpha |          0.0412 |
|                              SAC/LogPi_mean |           0.693 |
|                                 SAC/Q1_mean |            45.6 |
|                                 SAC/Q2_mean |            45.7 |
|                            Norm/actor_model |            86.7 |
|                           Norm/critic_model |             150 |
|              Norm/state_action_metric_model |            36.1 |
|                     Norm/state_metric_model |            40.6 |
|        Norm/state_action_state_metric_model |            34.7 |
|                  Metric/self_state_distance |         0.00389 |
|                 Metric/cross_state_distance |            1.04 |
|           Metric/self_state_action_distance |          0.0164 |
|          Metric/cross_state_action_distance |            1.05 |
|             Metric/avg_self_state_asymmetry |               0 |
|            Metric/avg_cross_state_asymmetry |         0.00209 |
|                Metric/avg_self_sa_asymmetry |               0 |
|               Metric/avg_cross_sa_asymmetry |          0.0023 |
|  Metric/self_state_action_to_state_distance |         0.00252 |
| Metric/cross_state_action_to_state_distance |            1.05 |
|                   Metric/h_lambda_diff_self |          0.0168 |
|                  Metric/h_lambda_diff_cross |         0.00414 |
|                                 Eval/Return |             496 |
-----------------------------------------------------------------
-----------------------------------------------------------------
|                                 Train/Steps |        6.48e+05 |
|                            Loss/Loss_critic |            3.17 |
|                             Loss/Loss_actor |           -47.5 |
|                             Loss/Loss_alpha |         0.00224 |
|               Loss/Loss_state_action_metric |         0.00466 |
|                      Loss/Loss_state_metric |         0.00183 |
|             Loss/Loss_state_action_to_state |        0.000437 |
|                           Loss/Act_rep_loss |        0.000205 |
|                                   SAC/Alpha |          0.0363 |
|                              SAC/LogPi_mean |            1.05 |
|                                 SAC/Q1_mean |            47.5 |
|                                 SAC/Q2_mean |            47.3 |
|                            Norm/actor_model |            94.2 |
|                           Norm/critic_model |             165 |
|              Norm/state_action_metric_model |            38.8 |
|                     Norm/state_metric_model |            43.1 |
|        Norm/state_action_state_metric_model |            36.2 |
|                  Metric/self_state_distance |          0.0252 |
|                 Metric/cross_state_distance |            1.04 |
|           Metric/self_state_action_distance |         0.00676 |
|          Metric/cross_state_action_distance |            1.05 |
|             Metric/avg_self_state_asymmetry |               0 |
|            Metric/avg_cross_state_asymmetry |         0.00873 |
|                Metric/avg_self_sa_asymmetry |               0 |
|               Metric/avg_cross_sa_asymmetry |         0.00369 |
|  Metric/self_state_action_to_state_distance |         0.00512 |
| Metric/cross_state_action_to_state_distance |            1.05 |
|                   Metric/h_lambda_diff_self |         0.00698 |
|                  Metric/h_lambda_diff_cross |         0.00858 |
|                                 Eval/Return |             543 |
-----------------------------------------------------------------
-----------------------------------------------------------------
|                                 Train/Steps |        7.76e+05 |
|                            Loss/Loss_critic |           0.447 |
|                             Loss/Loss_actor |           -52.3 |
|                             Loss/Loss_alpha |         0.00773 |
|               Loss/Loss_state_action_metric |         0.00499 |
|                      Loss/Loss_state_metric |        0.000924 |
|             Loss/Loss_state_action_to_state |        4.15e-05 |
|                           Loss/Act_rep_loss |        4.65e-07 |
|                                   SAC/Alpha |          0.0338 |
|                              SAC/LogPi_mean |           0.856 |
|                                 SAC/Q1_mean |            52.2 |
|                                 SAC/Q2_mean |            52.3 |
|                            Norm/actor_model |             102 |
|                           Norm/critic_model |             177 |
|              Norm/state_action_metric_model |            41.6 |
|                     Norm/state_metric_model |              45 |
|        Norm/state_action_state_metric_model |            37.5 |
|                  Metric/self_state_distance |         0.00545 |
|                 Metric/cross_state_distance |            1.04 |
|           Metric/self_state_action_distance |         0.00375 |
|          Metric/cross_state_action_distance |            1.05 |
|             Metric/avg_self_state_asymmetry |               0 |
|            Metric/avg_cross_state_asymmetry |         0.00223 |
|                Metric/avg_self_sa_asymmetry |               0 |
|               Metric/avg_cross_sa_asymmetry |         0.00404 |
|  Metric/self_state_action_to_state_distance |          0.0019 |
| Metric/cross_state_action_to_state_distance |            1.05 |
|                   Metric/h_lambda_diff_self |         0.00438 |
|                  Metric/h_lambda_diff_cross |         0.00483 |
|                                 Eval/Return |             448 |
-----------------------------------------------------------------
-----------------------------------------------------------------
|                                 Train/Steps |        9.04e+05 |
|                            Loss/Loss_critic |           0.497 |
|                             Loss/Loss_actor |           -58.1 |
|                             Loss/Loss_alpha |         0.00398 |
|               Loss/Loss_state_action_metric |         0.00453 |
|                      Loss/Loss_state_metric |        0.000412 |
|             Loss/Loss_state_action_to_state |        6.79e-05 |
|                           Loss/Act_rep_loss |               0 |
|                                   SAC/Alpha |          0.0321 |
|                              SAC/LogPi_mean |           0.834 |
|                                 SAC/Q1_mean |              58 |
|                                 SAC/Q2_mean |            58.2 |
|                            Norm/actor_model |             108 |
|                           Norm/critic_model |             187 |
|              Norm/state_action_metric_model |            44.5 |
|                     Norm/state_metric_model |            46.6 |
|        Norm/state_action_state_metric_model |            38.3 |
|                  Metric/self_state_distance |        0.000807 |
|                 Metric/cross_state_distance |            1.04 |
|           Metric/self_state_action_distance |         0.00198 |
|          Metric/cross_state_action_distance |            1.05 |
|             Metric/avg_self_state_asymmetry |               0 |
|            Metric/avg_cross_state_asymmetry |         0.00191 |
|                Metric/avg_self_sa_asymmetry |               0 |
|               Metric/avg_cross_sa_asymmetry |        0.000938 |
|  Metric/self_state_action_to_state_distance |         0.00401 |
| Metric/cross_state_action_to_state_distance |            1.05 |
|                   Metric/h_lambda_diff_self |         0.00349 |
|                  Metric/h_lambda_diff_cross |         0.00281 |
|                                 Eval/Return |             516 |
-----------------------------------------------------------------
-----------------------------------------------------------------
|                                 Train/Steps |        1.03e+06 |
|                            Loss/Loss_critic |           0.441 |
|                             Loss/Loss_actor |           -57.6 |
|                             Loss/Loss_alpha |         0.00976 |
|               Loss/Loss_state_action_metric |         0.00439 |
|                      Loss/Loss_state_metric |        0.000407 |
|             Loss/Loss_state_action_to_state |        7.96e-06 |
|                           Loss/Act_rep_loss |               0 |
|                                   SAC/Alpha |          0.0322 |
|                              SAC/LogPi_mean |           0.737 |
|                                 SAC/Q1_mean |            57.6 |
|                                 SAC/Q2_mean |            57.6 |
|                            Norm/actor_model |             115 |
|                           Norm/critic_model |             196 |
|              Norm/state_action_metric_model |              47 |
|                     Norm/state_metric_model |            47.7 |
|        Norm/state_action_state_metric_model |            39.2 |
|                  Metric/self_state_distance |         0.00863 |
|                 Metric/cross_state_distance |            1.04 |
|           Metric/self_state_action_distance |         0.00185 |
|          Metric/cross_state_action_distance |            1.05 |
|             Metric/avg_self_state_asymmetry |               0 |
|            Metric/avg_cross_state_asymmetry |         0.00221 |
|                Metric/avg_self_sa_asymmetry |               0 |
|               Metric/avg_cross_sa_asymmetry |          0.0011 |
|  Metric/self_state_action_to_state_distance |        0.000248 |
| Metric/cross_state_action_to_state_distance |            1.05 |
|                   Metric/h_lambda_diff_self |         0.00183 |
|                  Metric/h_lambda_diff_cross |         0.00216 |
|                                 Eval/Return |             585 |
-----------------------------------------------------------------
[32mSaving model …[0m
[32mDone.[0m
[32mSaving model …[0m
[32mDone.[0m
-----------------------------------------------------------------
|                                 Train/Steps |        1.16e+06 |
|                            Loss/Loss_critic |           0.775 |
|                             Loss/Loss_actor |             -64 |
|                             Loss/Loss_alpha |        -0.00118 |
|               Loss/Loss_state_action_metric |         0.00428 |
|                      Loss/Loss_state_metric |        0.000386 |
|             Loss/Loss_state_action_to_state |        2.33e-05 |
|                           Loss/Act_rep_loss |               0 |
|                                   SAC/Alpha |          0.0337 |
|                              SAC/LogPi_mean |           0.994 |
|                                 SAC/Q1_mean |            63.8 |
|                                 SAC/Q2_mean |            63.9 |
|                            Norm/actor_model |             120 |
|                           Norm/critic_model |             205 |
|              Norm/state_action_metric_model |            49.8 |
|                     Norm/state_metric_model |            49.2 |
|        Norm/state_action_state_metric_model |              40 |
|                  Metric/self_state_distance |          0.0032 |
|                 Metric/cross_state_distance |            1.04 |
|           Metric/self_state_action_distance |         0.00435 |
|          Metric/cross_state_action_distance |            1.05 |
|             Metric/avg_self_state_asymmetry |               0 |
|            Metric/avg_cross_state_asymmetry |         0.00285 |
|                Metric/avg_self_sa_asymmetry |               0 |
|               Metric/avg_cross_sa_asymmetry |          0.0011 |
|  Metric/self_state_action_to_state_distance |         0.00584 |
| Metric/cross_state_action_to_state_distance |            1.05 |
|                   Metric/h_lambda_diff_self |          0.0087 |
|                  Metric/h_lambda_diff_cross |         0.00225 |
|                                 Eval/Return |             617 |
-----------------------------------------------------------------
-----------------------------------------------------------------
|                                 Train/Steps |        1.29e+06 |
|                            Loss/Loss_critic |            1.64 |
|                             Loss/Loss_actor |           -66.3 |
|                             Loss/Loss_alpha |         -0.0024 |
|               Loss/Loss_state_action_metric |         0.00438 |
|                      Loss/Loss_state_metric |        0.000425 |
|             Loss/Loss_state_action_to_state |         1.9e-05 |
|                           Loss/Act_rep_loss |        5.02e-06 |
|                                   SAC/Alpha |          0.0334 |
|                              SAC/LogPi_mean |            1.11 |
|                                 SAC/Q1_mean |            66.1 |
|                                 SAC/Q2_mean |              66 |
|                            Norm/actor_model |             126 |
|                           Norm/critic_model |             213 |
|              Norm/state_action_metric_model |            52.1 |
|                     Norm/state_metric_model |            50.6 |
|        Norm/state_action_state_metric_model |            41.1 |
|                  Metric/self_state_distance |        0.000695 |
|                 Metric/cross_state_distance |            1.04 |
|           Metric/self_state_action_distance |         0.00239 |
|          Metric/cross_state_action_distance |            1.04 |
|             Metric/avg_self_state_asymmetry |               0 |
|            Metric/avg_cross_state_asymmetry |         0.00194 |
|                Metric/avg_self_sa_asymmetry |               0 |
|               Metric/avg_cross_sa_asymmetry |         0.00177 |
|  Metric/self_state_action_to_state_distance |        0.000657 |
| Metric/cross_state_action_to_state_distance |            1.04 |
|                   Metric/h_lambda_diff_self |         0.00242 |
|                  Metric/h_lambda_diff_cross |         0.00317 |
|                                 Eval/Return |             687 |
-----------------------------------------------------------------
-----------------------------------------------------------------
|                                 Train/Steps |        1.42e+06 |
|                            Loss/Loss_critic |             1.1 |
|                             Loss/Loss_actor |           -68.2 |
|                             Loss/Loss_alpha |        -0.00309 |
|               Loss/Loss_state_action_metric |          0.0051 |
|                      Loss/Loss_state_metric |         0.00125 |
|             Loss/Loss_state_action_to_state |        1.87e-05 |
|                           Loss/Act_rep_loss |        0.000731 |
|                                   SAC/Alpha |          0.0313 |
|                              SAC/LogPi_mean |            1.11 |
|                                 SAC/Q1_mean |              68 |
|                                 SAC/Q2_mean |              68 |
|                            Norm/actor_model |             131 |
|                           Norm/critic_model |             226 |
|              Norm/state_action_metric_model |            53.2 |
|                     Norm/state_metric_model |            51.8 |
|        Norm/state_action_state_metric_model |              42 |
|                  Metric/self_state_distance |          0.0034 |
|                 Metric/cross_state_distance |            1.03 |
|           Metric/self_state_action_distance |         0.00158 |
|          Metric/cross_state_action_distance |            1.03 |
|             Metric/avg_self_state_asymmetry |               0 |
|            Metric/avg_cross_state_asymmetry |         0.00231 |
|                Metric/avg_self_sa_asymmetry |               0 |
|               Metric/avg_cross_sa_asymmetry |         0.00175 |
|  Metric/self_state_action_to_state_distance |         0.00101 |
| Metric/cross_state_action_to_state_distance |            1.03 |
|                   Metric/h_lambda_diff_self |         0.00241 |
|                  Metric/h_lambda_diff_cross |         0.00323 |
|                                 Eval/Return |             648 |
-----------------------------------------------------------------
-----------------------------------------------------------------
|                                 Train/Steps |        1.54e+06 |
|                            Loss/Loss_critic |            0.29 |
|                             Loss/Loss_actor |           -71.7 |
|                             Loss/Loss_alpha |         0.00658 |
|               Loss/Loss_state_action_metric |         0.00399 |
|                      Loss/Loss_state_metric |        0.000443 |
|             Loss/Loss_state_action_to_state |        3.63e-05 |
|                           Loss/Act_rep_loss |         0.00228 |
|                                   SAC/Alpha |            0.03 |
|                              SAC/LogPi_mean |           0.924 |
|                                 SAC/Q1_mean |            71.6 |
|                                 SAC/Q2_mean |            71.6 |
|                            Norm/actor_model |             136 |
|                           Norm/critic_model |             239 |
|              Norm/state_action_metric_model |            54.9 |
|                     Norm/state_metric_model |            53.3 |
|        Norm/state_action_state_metric_model |            43.3 |
|                  Metric/self_state_distance |         0.00331 |
|                 Metric/cross_state_distance |            1.03 |
|           Metric/self_state_action_distance |           0.002 |
|          Metric/cross_state_action_distance |            1.03 |
|             Metric/avg_self_state_asymmetry |               0 |
|            Metric/avg_cross_state_asymmetry |         0.00181 |
|                Metric/avg_self_sa_asymmetry |               0 |
|               Metric/avg_cross_sa_asymmetry |         0.00182 |
|  Metric/self_state_action_to_state_distance |        0.000313 |
| Metric/cross_state_action_to_state_distance |            1.03 |
|                   Metric/h_lambda_diff_self |         0.00199 |
|                  Metric/h_lambda_diff_cross |         0.00411 |
|                                 Eval/Return |             702 |
-----------------------------------------------------------------
-----------------------------------------------------------------
|                                 Train/Steps |        1.67e+06 |
|                            Loss/Loss_critic |           0.564 |
|                             Loss/Loss_actor |           -71.6 |
|                             Loss/Loss_alpha |        -0.00356 |
|               Loss/Loss_state_action_metric |         0.00426 |
|                      Loss/Loss_state_metric |        0.000607 |
|             Loss/Loss_state_action_to_state |        4.03e-05 |
|                           Loss/Act_rep_loss |           0.006 |
|                                   SAC/Alpha |          0.0291 |
|                              SAC/LogPi_mean |            1.19 |
|                                 SAC/Q1_mean |            71.4 |
|                                 SAC/Q2_mean |            71.4 |
|                            Norm/actor_model |             141 |
|                           Norm/critic_model |             247 |
|              Norm/state_action_metric_model |            56.3 |
|                     Norm/state_metric_model |            54.8 |
|        Norm/state_action_state_metric_model |            44.4 |
|                  Metric/self_state_distance |         0.00528 |
|                 Metric/cross_state_distance |            1.03 |
|           Metric/self_state_action_distance |         0.00102 |
|          Metric/cross_state_action_distance |            1.03 |
|             Metric/avg_self_state_asymmetry |               0 |
|            Metric/avg_cross_state_asymmetry |         0.00214 |
|                Metric/avg_self_sa_asymmetry |               0 |
|               Metric/avg_cross_sa_asymmetry |         0.00169 |
|  Metric/self_state_action_to_state_distance |         0.00145 |
| Metric/cross_state_action_to_state_distance |            1.03 |
|                   Metric/h_lambda_diff_self |         0.00175 |
|                  Metric/h_lambda_diff_cross |         0.00411 |
|                                 Eval/Return |             678 |
-----------------------------------------------------------------
-----------------------------------------------------------------
|                                 Train/Steps |         1.8e+06 |
|                            Loss/Loss_critic |            0.85 |
|                             Loss/Loss_actor |           -74.8 |
|                             Loss/Loss_alpha |         0.00419 |
|               Loss/Loss_state_action_metric |         0.00377 |
|                      Loss/Loss_state_metric |         0.00113 |
|             Loss/Loss_state_action_to_state |         0.00122 |
|                           Loss/Act_rep_loss |         0.00912 |
|                                   SAC/Alpha |          0.0289 |
|                              SAC/LogPi_mean |            0.76 |
|                                 SAC/Q1_mean |            74.7 |
|                                 SAC/Q2_mean |            74.6 |
|                            Norm/actor_model |             146 |
|                           Norm/critic_model |             260 |
|              Norm/state_action_metric_model |            57.7 |
|                     Norm/state_metric_model |            56.2 |
|        Norm/state_action_state_metric_model |            45.6 |
|                  Metric/self_state_distance |         0.00154 |
|                 Metric/cross_state_distance |            1.01 |
|           Metric/self_state_action_distance |         0.00452 |
|          Metric/cross_state_action_distance |            1.02 |
|             Metric/avg_self_state_asymmetry |               0 |
|            Metric/avg_cross_state_asymmetry |         0.00274 |
|                Metric/avg_self_sa_asymmetry |               0 |
|               Metric/avg_cross_sa_asymmetry |         0.00189 |
|  Metric/self_state_action_to_state_distance |         0.00179 |
| Metric/cross_state_action_to_state_distance |            1.02 |
|                   Metric/h_lambda_diff_self |         0.00579 |
|                  Metric/h_lambda_diff_cross |           0.006 |
|                                 Eval/Return |             720 |
-----------------------------------------------------------------
-----------------------------------------------------------------
|                                 Train/Steps |        1.93e+06 |
|                            Loss/Loss_critic |           0.374 |
|                             Loss/Loss_actor |           -77.5 |
|                             Loss/Loss_alpha |         0.00178 |
|               Loss/Loss_state_action_metric |         0.00365 |
|                      Loss/Loss_state_metric |          0.0007 |
|             Loss/Loss_state_action_to_state |        2.81e-05 |
|                           Loss/Act_rep_loss |          0.0127 |
|                                   SAC/Alpha |          0.0308 |
|                              SAC/LogPi_mean |           0.992 |
|                                 SAC/Q1_mean |            77.2 |
|                                 SAC/Q2_mean |            77.4 |
|                            Norm/actor_model |             150 |
|                           Norm/critic_model |             269 |
|              Norm/state_action_metric_model |            58.9 |
|                     Norm/state_metric_model |              58 |
|        Norm/state_action_state_metric_model |              47 |
|                  Metric/self_state_distance |         0.00215 |
|                 Metric/cross_state_distance |            1.01 |
|           Metric/self_state_action_distance |         0.00234 |
|          Metric/cross_state_action_distance |            1.01 |
|             Metric/avg_self_state_asymmetry |               0 |
|            Metric/avg_cross_state_asymmetry |         0.00232 |
|                Metric/avg_self_sa_asymmetry |               0 |
|               Metric/avg_cross_sa_asymmetry |         0.00206 |
|  Metric/self_state_action_to_state_distance |        0.000697 |
| Metric/cross_state_action_to_state_distance |            1.01 |
|                   Metric/h_lambda_diff_self |         0.00271 |
|                  Metric/h_lambda_diff_cross |         0.00328 |
|                                 Eval/Return |             712 |
-----------------------------------------------------------------
-----------------------------------------------------------------
|                                 Train/Steps |        2.06e+06 |
|                            Loss/Loss_critic |           0.777 |
|                             Loss/Loss_actor |           -77.3 |
|                             Loss/Loss_alpha |       -0.000545 |
|               Loss/Loss_state_action_metric |         0.00403 |
|                      Loss/Loss_state_metric |         0.00259 |
|             Loss/Loss_state_action_to_state |        0.000451 |
|                           Loss/Act_rep_loss |          0.0152 |
|                                   SAC/Alpha |          0.0301 |
|                              SAC/LogPi_mean |           0.994 |
|                                 SAC/Q1_mean |            77.3 |
|                                 SAC/Q2_mean |            77.1 |
|                            Norm/actor_model |             155 |
|                           Norm/critic_model |             278 |
|              Norm/state_action_metric_model |            60.4 |
|                     Norm/state_metric_model |            59.9 |
|        Norm/state_action_state_metric_model |            48.3 |
|                  Metric/self_state_distance |         0.00459 |
|                 Metric/cross_state_distance |            1.01 |
|           Metric/self_state_action_distance |        0.000202 |
|          Metric/cross_state_action_distance |            1.02 |
|             Metric/avg_self_state_asymmetry |               0 |
|            Metric/avg_cross_state_asymmetry |         0.00546 |
|                Metric/avg_self_sa_asymmetry |               0 |
|               Metric/avg_cross_sa_asymmetry |         0.00236 |
|  Metric/self_state_action_to_state_distance |        0.000683 |
| Metric/cross_state_action_to_state_distance |            1.02 |
|                   Metric/h_lambda_diff_self |        0.000823 |
|                  Metric/h_lambda_diff_cross |         0.00575 |
|                                 Eval/Return |             795 |
-----------------------------------------------------------------
[32mSaving model …[0m
[32mDone.[0m
[32mSaving model …[0m
[32mDone.[0m
-----------------------------------------------------------------
|                                 Train/Steps |        2.18e+06 |
|                            Loss/Loss_critic |           0.409 |
|                             Loss/Loss_actor |           -80.1 |
|                             Loss/Loss_alpha |        -0.00253 |
|               Loss/Loss_state_action_metric |         0.00481 |
|                      Loss/Loss_state_metric |        0.000888 |
|             Loss/Loss_state_action_to_state |        3.18e-05 |
|                           Loss/Act_rep_loss |          0.0197 |
|                                   SAC/Alpha |          0.0265 |
|                              SAC/LogPi_mean |            1.16 |
|                                 SAC/Q1_mean |            79.8 |
|                                 SAC/Q2_mean |            80.1 |
|                            Norm/actor_model |             159 |
|                           Norm/critic_model |             286 |
|              Norm/state_action_metric_model |            61.6 |
|                     Norm/state_metric_model |            61.8 |
|        Norm/state_action_state_metric_model |            49.3 |
|                  Metric/self_state_distance |        0.000267 |
|                 Metric/cross_state_distance |            1.01 |
|           Metric/self_state_action_distance |        0.000794 |
|          Metric/cross_state_action_distance |            1.01 |
|             Metric/avg_self_state_asymmetry |               0 |
|            Metric/avg_cross_state_asymmetry |         0.00276 |
|                Metric/avg_self_sa_asymmetry |               0 |
|               Metric/avg_cross_sa_asymmetry |          0.0022 |
|  Metric/self_state_action_to_state_distance |        0.000225 |
| Metric/cross_state_action_to_state_distance |            1.01 |
|                   Metric/h_lambda_diff_self |        0.000849 |
|                  Metric/h_lambda_diff_cross |         0.00405 |
|                                 Eval/Return |             736 |
-----------------------------------------------------------------
-----------------------------------------------------------------
|                                 Train/Steps |        2.31e+06 |
|                            Loss/Loss_critic |           0.368 |
|                             Loss/Loss_actor |           -78.5 |
|                             Loss/Loss_alpha |        -0.00419 |
|               Loss/Loss_state_action_metric |         0.00416 |
|                      Loss/Loss_state_metric |         0.00102 |
|             Loss/Loss_state_action_to_state |        3.85e-05 |
|                           Loss/Act_rep_loss |          0.0232 |
|                                   SAC/Alpha |          0.0286 |
|                              SAC/LogPi_mean |            1.11 |
|                                 SAC/Q1_mean |            78.3 |
|                                 SAC/Q2_mean |            78.4 |
|                            Norm/actor_model |             164 |
|                           Norm/critic_model |             293 |
|              Norm/state_action_metric_model |            62.5 |
|                     Norm/state_metric_model |            63.6 |
|        Norm/state_action_state_metric_model |            50.2 |
|                  Metric/self_state_distance |         0.00158 |
|                 Metric/cross_state_distance |            1.01 |
|           Metric/self_state_action_distance |         0.00165 |
|          Metric/cross_state_action_distance |            1.01 |
|             Metric/avg_self_state_asymmetry |               0 |
|            Metric/avg_cross_state_asymmetry |         0.00279 |
|                Metric/avg_self_sa_asymmetry |               0 |
|               Metric/avg_cross_sa_asymmetry |         0.00227 |
|  Metric/self_state_action_to_state_distance |        0.000422 |
| Metric/cross_state_action_to_state_distance |            1.01 |
|                   Metric/h_lambda_diff_self |         0.00191 |
|                  Metric/h_lambda_diff_cross |         0.00488 |
|                                 Eval/Return |             847 |
-----------------------------------------------------------------
-----------------------------------------------------------------
|                                 Train/Steps |        2.44e+06 |
|                            Loss/Loss_critic |           0.396 |
|                             Loss/Loss_actor |           -86.1 |
|                             Loss/Loss_alpha |         0.00446 |
|               Loss/Loss_state_action_metric |         0.00411 |
|                      Loss/Loss_state_metric |        0.000865 |
|             Loss/Loss_state_action_to_state |           3e-05 |
|                           Loss/Act_rep_loss |          0.0278 |
|                                   SAC/Alpha |          0.0262 |
|                              SAC/LogPi_mean |           0.836 |
|                                 SAC/Q1_mean |              86 |
|                                 SAC/Q2_mean |              86 |
|                            Norm/actor_model |             168 |
|                           Norm/critic_model |             299 |
|              Norm/state_action_metric_model |            63.8 |
|                     Norm/state_metric_model |            65.1 |
|        Norm/state_action_state_metric_model |            51.2 |
|                  Metric/self_state_distance |        0.000499 |
|                 Metric/cross_state_distance |           0.991 |
|           Metric/self_state_action_distance |        0.000632 |
|          Metric/cross_state_action_distance |           0.987 |
|             Metric/avg_self_state_asymmetry |               0 |
|            Metric/avg_cross_state_asymmetry |         0.00248 |
|                Metric/avg_self_sa_asymmetry |               0 |
|               Metric/avg_cross_sa_asymmetry |         0.00331 |
|  Metric/self_state_action_to_state_distance |        0.000113 |
| Metric/cross_state_action_to_state_distance |           0.987 |
|                   Metric/h_lambda_diff_self |        0.000649 |
|                  Metric/h_lambda_diff_cross |          0.0041 |
|                                 Eval/Return |             784 |
-----------------------------------------------------------------
-----------------------------------------------------------------
|                                 Train/Steps |        2.57e+06 |
|                            Loss/Loss_critic |           0.275 |
|                             Loss/Loss_actor |           -83.4 |
|                             Loss/Loss_alpha |        8.53e-05 |
|               Loss/Loss_state_action_metric |          0.0035 |
|                      Loss/Loss_state_metric |         0.00101 |
|             Loss/Loss_state_action_to_state |        2.22e-05 |
|                           Loss/Act_rep_loss |          0.0299 |
|                                   SAC/Alpha |          0.0249 |
|                              SAC/LogPi_mean |           0.796 |
|                                 SAC/Q1_mean |            83.5 |
|                                 SAC/Q2_mean |            83.2 |
|                            Norm/actor_model |             172 |
|                           Norm/critic_model |             305 |
|              Norm/state_action_metric_model |              65 |
|                     Norm/state_metric_model |            66.8 |
|        Norm/state_action_state_metric_model |            52.1 |
|                  Metric/self_state_distance |        0.000125 |
|                 Metric/cross_state_distance |           0.995 |
|           Metric/self_state_action_distance |        0.000973 |
|          Metric/cross_state_action_distance |           0.991 |
|             Metric/avg_self_state_asymmetry |               0 |
|            Metric/avg_cross_state_asymmetry |         0.00229 |
|                Metric/avg_self_sa_asymmetry |               0 |
|               Metric/avg_cross_sa_asymmetry |         0.00228 |
|  Metric/self_state_action_to_state_distance |        9.25e-05 |
| Metric/cross_state_action_to_state_distance |           0.992 |
|                   Metric/h_lambda_diff_self |        0.000984 |
|                  Metric/h_lambda_diff_cross |         0.00352 |
|                                 Eval/Return |             874 |
-----------------------------------------------------------------
-----------------------------------------------------------------
|                                 Train/Steps |         2.7e+06 |
|                            Loss/Loss_critic |           0.349 |
|                             Loss/Loss_actor |           -86.1 |
|                             Loss/Loss_alpha |         0.00207 |
|               Loss/Loss_state_action_metric |         0.00323 |
|                      Loss/Loss_state_metric |        0.000998 |
|             Loss/Loss_state_action_to_state |        2.91e-05 |
|                           Loss/Act_rep_loss |          0.0316 |
|                                   SAC/Alpha |          0.0244 |
|                              SAC/LogPi_mean |           0.959 |
|                                 SAC/Q1_mean |            85.9 |
|                                 SAC/Q2_mean |            85.9 |
|                            Norm/actor_model |             176 |
|                           Norm/critic_model |             310 |
|              Norm/state_action_metric_model |              66 |
|                     Norm/state_metric_model |            68.7 |
|        Norm/state_action_state_metric_model |              53 |
|                  Metric/self_state_distance |         0.00366 |
|                 Metric/cross_state_distance |            0.99 |
|           Metric/self_state_action_distance |        0.000704 |
|          Metric/cross_state_action_distance |           0.987 |
|             Metric/avg_self_state_asymmetry |               0 |
|            Metric/avg_cross_state_asymmetry |         0.00233 |
|                Metric/avg_self_sa_asymmetry |               0 |
|               Metric/avg_cross_sa_asymmetry |         0.00233 |
|  Metric/self_state_action_to_state_distance |         0.00155 |
| Metric/cross_state_action_to_state_distance |           0.986 |
|                   Metric/h_lambda_diff_self |         0.00182 |
|                  Metric/h_lambda_diff_cross |         0.00374 |
|                                 Eval/Return |             807 |
-----------------------------------------------------------------
-----------------------------------------------------------------
|                                 Train/Steps |        2.82e+06 |
|                            Loss/Loss_critic |           0.391 |
|                             Loss/Loss_actor |           -86.8 |
|                             Loss/Loss_alpha |        0.000605 |
|               Loss/Loss_state_action_metric |         0.00361 |
|                      Loss/Loss_state_metric |         0.00113 |
|             Loss/Loss_state_action_to_state |        4.16e-05 |
|                           Loss/Act_rep_loss |          0.0346 |
|                                   SAC/Alpha |          0.0224 |
|                              SAC/LogPi_mean |           0.903 |
|                                 SAC/Q1_mean |            86.7 |
|                                 SAC/Q2_mean |            86.7 |
|                            Norm/actor_model |             180 |
|                           Norm/critic_model |             317 |
|              Norm/state_action_metric_model |            67.4 |
|                     Norm/state_metric_model |              70 |
|        Norm/state_action_state_metric_model |            53.7 |
|                  Metric/self_state_distance |         0.00362 |
|                 Metric/cross_state_distance |           0.986 |
|           Metric/self_state_action_distance |        0.000588 |
|          Metric/cross_state_action_distance |           0.981 |
|             Metric/avg_self_state_asymmetry |               0 |
|            Metric/avg_cross_state_asymmetry |          0.0024 |
|                Metric/avg_self_sa_asymmetry |               0 |
|               Metric/avg_cross_sa_asymmetry |         0.00323 |
|  Metric/self_state_action_to_state_distance |        0.000369 |
| Metric/cross_state_action_to_state_distance |           0.982 |
|                   Metric/h_lambda_diff_self |        0.000776 |
|                  Metric/h_lambda_diff_cross |         0.00382 |
|                                 Eval/Return |             871 |
-----------------------------------------------------------------
-----------------------------------------------------------------
|                                 Train/Steps |        2.95e+06 |
|                            Loss/Loss_critic |            0.51 |
|                             Loss/Loss_actor |           -85.6 |
|                             Loss/Loss_alpha |        -0.00342 |
|               Loss/Loss_state_action_metric |         0.00377 |
|                      Loss/Loss_state_metric |         0.00123 |
|             Loss/Loss_state_action_to_state |        2.64e-05 |
|                           Loss/Act_rep_loss |          0.0327 |
|                                   SAC/Alpha |          0.0216 |
|                              SAC/LogPi_mean |            1.09 |
|                                 SAC/Q1_mean |            85.5 |
|                                 SAC/Q2_mean |            85.4 |
|                            Norm/actor_model |             184 |
|                           Norm/critic_model |             323 |
|              Norm/state_action_metric_model |            68.8 |
|                     Norm/state_metric_model |            71.8 |
|        Norm/state_action_state_metric_model |            54.8 |
|                  Metric/self_state_distance |        0.000195 |
|                 Metric/cross_state_distance |           0.993 |
|           Metric/self_state_action_distance |        0.000848 |
|          Metric/cross_state_action_distance |           0.991 |
|             Metric/avg_self_state_asymmetry |               0 |
|            Metric/avg_cross_state_asymmetry |         0.00248 |
|                Metric/avg_self_sa_asymmetry |               0 |
|               Metric/avg_cross_sa_asymmetry |         0.00267 |
|  Metric/self_state_action_to_state_distance |        3.58e-05 |
| Metric/cross_state_action_to_state_distance |           0.988 |
|                   Metric/h_lambda_diff_self |        0.000865 |
|                  Metric/h_lambda_diff_cross |         0.00463 |
|                                 Eval/Return |             867 |
-----------------------------------------------------------------
-----------------------------------------------------------------
|                                 Train/Steps |        3.08e+06 |
|                            Loss/Loss_critic |           0.264 |
|                             Loss/Loss_actor |           -88.6 |
|                             Loss/Loss_alpha |         0.00512 |
|               Loss/Loss_state_action_metric |         0.00337 |
|                      Loss/Loss_state_metric |         0.00108 |
|             Loss/Loss_state_action_to_state |        2.28e-05 |
|                           Loss/Act_rep_loss |          0.0389 |
|                                   SAC/Alpha |          0.0214 |
|                              SAC/LogPi_mean |           0.878 |
|                                 SAC/Q1_mean |            88.5 |
|                                 SAC/Q2_mean |            88.4 |
|                            Norm/actor_model |             188 |
|                           Norm/critic_model |             330 |
|              Norm/state_action_metric_model |            69.8 |
|                     Norm/state_metric_model |            73.6 |
|        Norm/state_action_state_metric_model |            55.4 |
|                  Metric/self_state_distance |        1.62e-05 |
|                 Metric/cross_state_distance |           0.976 |
|           Metric/self_state_action_distance |        0.000609 |
|          Metric/cross_state_action_distance |           0.973 |
|             Metric/avg_self_state_asymmetry |               0 |
|            Metric/avg_cross_state_asymmetry |         0.00245 |
|                Metric/avg_self_sa_asymmetry |               0 |
|               Metric/avg_cross_sa_asymmetry |          0.0026 |
|  Metric/self_state_action_to_state_distance |        2.41e-05 |
| Metric/cross_state_action_to_state_distance |           0.973 |
|                   Metric/h_lambda_diff_self |         0.00059 |
|                  Metric/h_lambda_diff_cross |         0.00306 |
|                                 Eval/Return |             884 |
-----------------------------------------------------------------
[32mSaving model …[0m
[32mDone.[0m
[32mSaving model …[0m
[32mDone.[0m
-----------------------------------------------------------------
|                                 Train/Steps |        3.21e+06 |
|                            Loss/Loss_critic |           0.324 |
|                             Loss/Loss_actor |           -86.7 |
|                             Loss/Loss_alpha |         -0.0044 |
|               Loss/Loss_state_action_metric |         0.00512 |
|                      Loss/Loss_state_metric |         0.00134 |
|             Loss/Loss_state_action_to_state |         0.00074 |
|                           Loss/Act_rep_loss |           0.035 |
|                                   SAC/Alpha |            0.02 |
|                              SAC/LogPi_mean |            1.04 |
|                                 SAC/Q1_mean |            86.5 |
|                                 SAC/Q2_mean |            86.4 |
|                            Norm/actor_model |             192 |
|                           Norm/critic_model |             336 |
|              Norm/state_action_metric_model |              71 |
|                     Norm/state_metric_model |              75 |
|        Norm/state_action_state_metric_model |            56.5 |
|                  Metric/self_state_distance |         0.00508 |
|                 Metric/cross_state_distance |           0.992 |
|           Metric/self_state_action_distance |        0.000316 |
|          Metric/cross_state_action_distance |           0.985 |
|             Metric/avg_self_state_asymmetry |               0 |
|            Metric/avg_cross_state_asymmetry |         0.00236 |
|                Metric/avg_self_sa_asymmetry |               0 |
|               Metric/avg_cross_sa_asymmetry |          0.0035 |
|  Metric/self_state_action_to_state_distance |        0.000642 |
| Metric/cross_state_action_to_state_distance |           0.986 |
|                   Metric/h_lambda_diff_self |        0.000775 |
|                  Metric/h_lambda_diff_cross |         0.00329 |
|                                 Eval/Return |             867 |
-----------------------------------------------------------------
-----------------------------------------------------------------
|                                 Train/Steps |        3.34e+06 |
|                            Loss/Loss_critic |           0.351 |
|                             Loss/Loss_actor |           -88.7 |
|                             Loss/Loss_alpha |        -3.3e-06 |
|               Loss/Loss_state_action_metric |         0.00348 |
|                      Loss/Loss_state_metric |         0.00156 |
|             Loss/Loss_state_action_to_state |        0.000213 |
|                           Loss/Act_rep_loss |          0.0392 |
|                                   SAC/Alpha |          0.0197 |
|                              SAC/LogPi_mean |            1.08 |
|                                 SAC/Q1_mean |            88.6 |
|                                 SAC/Q2_mean |            88.4 |
|                            Norm/actor_model |             196 |
|                           Norm/critic_model |             341 |
|              Norm/state_action_metric_model |            72.2 |
|                     Norm/state_metric_model |            76.2 |
|        Norm/state_action_state_metric_model |            57.3 |
|                  Metric/self_state_distance |        3.98e-05 |
|                 Metric/cross_state_distance |           0.982 |
|           Metric/self_state_action_distance |        0.000701 |
|          Metric/cross_state_action_distance |           0.975 |
|             Metric/avg_self_state_asymmetry |               0 |
|            Metric/avg_cross_state_asymmetry |         0.00225 |
|                Metric/avg_self_sa_asymmetry |               0 |
|               Metric/avg_cross_sa_asymmetry |         0.00235 |
|  Metric/self_state_action_to_state_distance |        0.000262 |
| Metric/cross_state_action_to_state_distance |           0.978 |
|                   Metric/h_lambda_diff_self |        0.000794 |
|                  Metric/h_lambda_diff_cross |         0.00381 |
|                                 Eval/Return |             903 |
-----------------------------------------------------------------
-----------------------------------------------------------------
|                                 Train/Steps |        3.46e+06 |
|                            Loss/Loss_critic |            0.81 |
|                             Loss/Loss_actor |           -90.2 |
|                             Loss/Loss_alpha |         0.00132 |
|               Loss/Loss_state_action_metric |         0.00441 |
|                      Loss/Loss_state_metric |         0.00272 |
|             Loss/Loss_state_action_to_state |         0.00212 |
|                           Loss/Act_rep_loss |          0.0399 |
|                                   SAC/Alpha |          0.0194 |
|                              SAC/LogPi_mean |               1 |
|                                 SAC/Q1_mean |            90.1 |
|                                 SAC/Q2_mean |            90.2 |
|                            Norm/actor_model |             200 |
|                           Norm/critic_model |             347 |
|              Norm/state_action_metric_model |            73.6 |
|                     Norm/state_metric_model |            77.6 |
|        Norm/state_action_state_metric_model |              58 |
|                  Metric/self_state_distance |        6.15e-05 |
|                 Metric/cross_state_distance |           0.973 |
|           Metric/self_state_action_distance |        0.000623 |
|          Metric/cross_state_action_distance |           0.969 |
|             Metric/avg_self_state_asymmetry |               0 |
|            Metric/avg_cross_state_asymmetry |         0.00294 |
|                Metric/avg_self_sa_asymmetry |               0 |
|               Metric/avg_cross_sa_asymmetry |          0.0026 |
|  Metric/self_state_action_to_state_distance |        0.000103 |
| Metric/cross_state_action_to_state_distance |            0.97 |
|                   Metric/h_lambda_diff_self |        0.000616 |
|                  Metric/h_lambda_diff_cross |         0.00721 |
|                                 Eval/Return |             903 |
-----------------------------------------------------------------
-----------------------------------------------------------------
|                                 Train/Steps |        3.59e+06 |
|                            Loss/Loss_critic |           0.421 |
|                             Loss/Loss_actor |           -88.3 |
|                             Loss/Loss_alpha |         0.00145 |
|               Loss/Loss_state_action_metric |         0.00412 |
|                      Loss/Loss_state_metric |         0.00134 |
|             Loss/Loss_state_action_to_state |        2.04e-05 |
|                           Loss/Act_rep_loss |          0.0411 |
|                                   SAC/Alpha |          0.0191 |
|                              SAC/LogPi_mean |             0.9 |
|                                 SAC/Q1_mean |            88.1 |
|                                 SAC/Q2_mean |            88.2 |
|                            Norm/actor_model |             204 |
|                           Norm/critic_model |             354 |
|              Norm/state_action_metric_model |            75.1 |
|                     Norm/state_metric_model |            78.5 |
|        Norm/state_action_state_metric_model |            58.9 |
|                  Metric/self_state_distance |        0.000198 |
|                 Metric/cross_state_distance |           0.981 |
|           Metric/self_state_action_distance |         0.00185 |
|          Metric/cross_state_action_distance |           0.978 |
|             Metric/avg_self_state_asymmetry |               0 |
|            Metric/avg_cross_state_asymmetry |         0.00163 |
|                Metric/avg_self_sa_asymmetry |               0 |
|               Metric/avg_cross_sa_asymmetry |         0.00262 |
|  Metric/self_state_action_to_state_distance |         0.00021 |
| Metric/cross_state_action_to_state_distance |           0.977 |
|                   Metric/h_lambda_diff_self |         0.00192 |
|                  Metric/h_lambda_diff_cross |         0.00314 |
|                                 Eval/Return |             877 |
-----------------------------------------------------------------
-----------------------------------------------------------------
|                                 Train/Steps |        3.72e+06 |
|                            Loss/Loss_critic |           0.225 |
|                             Loss/Loss_actor |           -91.2 |
|                             Loss/Loss_alpha |         0.00309 |
|               Loss/Loss_state_action_metric |         0.00327 |
|                      Loss/Loss_state_metric |         0.00208 |
|             Loss/Loss_state_action_to_state |        0.000796 |
|                           Loss/Act_rep_loss |          0.0428 |
|                                   SAC/Alpha |          0.0173 |
|                              SAC/LogPi_mean |           0.738 |
|                                 SAC/Q1_mean |            91.1 |
|                                 SAC/Q2_mean |            91.2 |
|                            Norm/actor_model |             208 |
|                           Norm/critic_model |             361 |
|              Norm/state_action_metric_model |            76.7 |
|                     Norm/state_metric_model |            79.8 |
|        Norm/state_action_state_metric_model |            59.6 |
|                  Metric/self_state_distance |         0.00171 |
|                 Metric/cross_state_distance |           0.974 |
|           Metric/self_state_action_distance |         0.00171 |
|          Metric/cross_state_action_distance |           0.964 |
|             Metric/avg_self_state_asymmetry |               0 |
|            Metric/avg_cross_state_asymmetry |         0.00313 |
|                Metric/avg_self_sa_asymmetry |               0 |
|               Metric/avg_cross_sa_asymmetry |         0.00221 |
|  Metric/self_state_action_to_state_distance |         0.00034 |
| Metric/cross_state_action_to_state_distance |            0.96 |
|                   Metric/h_lambda_diff_self |         0.00197 |
|                  Metric/h_lambda_diff_cross |         0.00447 |
|                                 Eval/Return |             826 |
-----------------------------------------------------------------
-----------------------------------------------------------------
|                                 Train/Steps |        3.85e+06 |
|                            Loss/Loss_critic |           0.427 |
|                             Loss/Loss_actor |           -89.1 |
|                             Loss/Loss_alpha |       -0.000416 |
|               Loss/Loss_state_action_metric |         0.00367 |
|                      Loss/Loss_state_metric |          0.0014 |
|             Loss/Loss_state_action_to_state |        2.04e-05 |
|                           Loss/Act_rep_loss |          0.0438 |
|                                   SAC/Alpha |          0.0169 |
|                              SAC/LogPi_mean |            1.05 |
|                                 SAC/Q1_mean |            89.1 |
|                                 SAC/Q2_mean |              89 |
|                            Norm/actor_model |             211 |
|                           Norm/critic_model |             367 |
|              Norm/state_action_metric_model |              78 |
|                     Norm/state_metric_model |            81.7 |
|        Norm/state_action_state_metric_model |            60.4 |
|                  Metric/self_state_distance |        0.000108 |
|                 Metric/cross_state_distance |           0.977 |
|           Metric/self_state_action_distance |         0.00236 |
|          Metric/cross_state_action_distance |           0.971 |
|             Metric/avg_self_state_asymmetry |               0 |
|            Metric/avg_cross_state_asymmetry |         0.00155 |
|                Metric/avg_self_sa_asymmetry |               0 |
|               Metric/avg_cross_sa_asymmetry |         0.00224 |
|  Metric/self_state_action_to_state_distance |        0.000455 |
| Metric/cross_state_action_to_state_distance |           0.972 |
|                   Metric/h_lambda_diff_self |         0.00247 |
|                  Metric/h_lambda_diff_cross |          0.0029 |
|                                 Eval/Return |             841 |
-----------------------------------------------------------------
-----------------------------------------------------------------
|                                 Train/Steps |        3.98e+06 |
|                            Loss/Loss_critic |            0.18 |
|                             Loss/Loss_actor |           -91.4 |
|                             Loss/Loss_alpha |         0.00326 |
|               Loss/Loss_state_action_metric |         0.00303 |
|                      Loss/Loss_state_metric |         0.00127 |
|             Loss/Loss_state_action_to_state |        1.42e-05 |
|                           Loss/Act_rep_loss |          0.0458 |
|                                   SAC/Alpha |          0.0161 |
|                              SAC/LogPi_mean |           0.738 |
|                                 SAC/Q1_mean |            91.4 |
|                                 SAC/Q2_mean |            91.3 |
|                            Norm/actor_model |             215 |
|                           Norm/critic_model |             372 |
|              Norm/state_action_metric_model |              79 |
|                     Norm/state_metric_model |            82.9 |
|        Norm/state_action_state_metric_model |            61.2 |
|                  Metric/self_state_distance |        0.000267 |
|                 Metric/cross_state_distance |            0.97 |
|           Metric/self_state_action_distance |        0.000529 |
|          Metric/cross_state_action_distance |           0.961 |
|             Metric/avg_self_state_asymmetry |               0 |
|            Metric/avg_cross_state_asymmetry |         0.00159 |
|                Metric/avg_self_sa_asymmetry |               0 |
|               Metric/avg_cross_sa_asymmetry |         0.00188 |
|  Metric/self_state_action_to_state_distance |        0.000479 |
| Metric/cross_state_action_to_state_distance |           0.961 |
|                   Metric/h_lambda_diff_self |         0.00092 |
|                  Metric/h_lambda_diff_cross |         0.00243 |
|                                 Eval/Return |             890 |
-----------------------------------------------------------------
-----------------------------------------------------------------
|                                 Train/Steps |         4.1e+06 |
|                            Loss/Loss_critic |           0.295 |
|                             Loss/Loss_actor |           -90.5 |
|                             Loss/Loss_alpha |        -0.00403 |
|               Loss/Loss_state_action_metric |         0.00365 |
|                      Loss/Loss_state_metric |         0.00142 |
|             Loss/Loss_state_action_to_state |        2.16e-05 |
|                           Loss/Act_rep_loss |           0.045 |
|                                   SAC/Alpha |          0.0139 |
|                              SAC/LogPi_mean |             1.3 |
|                                 SAC/Q1_mean |            90.4 |
|                                 SAC/Q2_mean |            90.3 |
|                            Norm/actor_model |             219 |
|                           Norm/critic_model |             377 |
|              Norm/state_action_metric_model |            80.2 |
|                     Norm/state_metric_model |              84 |
|        Norm/state_action_state_metric_model |            61.7 |
|                  Metric/self_state_distance |        0.000136 |
|                 Metric/cross_state_distance |           0.975 |
|           Metric/self_state_action_distance |        0.000421 |
|          Metric/cross_state_action_distance |           0.966 |
|             Metric/avg_self_state_asymmetry |               0 |
|            Metric/avg_cross_state_asymmetry |         0.00162 |
|                Metric/avg_self_sa_asymmetry |               0 |
|               Metric/avg_cross_sa_asymmetry |         0.00227 |
|  Metric/self_state_action_to_state_distance |        0.000173 |
| Metric/cross_state_action_to_state_distance |           0.967 |
|                   Metric/h_lambda_diff_self |        0.000497 |
|                  Metric/h_lambda_diff_cross |         0.00288 |
|                                 Eval/Return |             883 |
-----------------------------------------------------------------
[32mSaving model …[0m
[32mDone.[0m
[32mSaving model …[0m
[32mDone.[0m
-----------------------------------------------------------------
|                                 Train/Steps |        4.23e+06 |
|                            Loss/Loss_critic |           0.281 |
|                             Loss/Loss_actor |           -92.5 |
|                             Loss/Loss_alpha |        0.000435 |
|               Loss/Loss_state_action_metric |         0.00282 |
|                      Loss/Loss_state_metric |         0.00139 |
|             Loss/Loss_state_action_to_state |        2.62e-05 |
|                           Loss/Act_rep_loss |          0.0508 |
|                                   SAC/Alpha |          0.0108 |
|                              SAC/LogPi_mean |           0.893 |
|                                 SAC/Q1_mean |            92.5 |
|                                 SAC/Q2_mean |            92.4 |
|                            Norm/actor_model |             222 |
|                           Norm/critic_model |             382 |
|              Norm/state_action_metric_model |            81.5 |
|                     Norm/state_metric_model |            85.4 |
|        Norm/state_action_state_metric_model |            62.6 |
|                  Metric/self_state_distance |        3.35e-05 |
|                 Metric/cross_state_distance |           0.961 |
|           Metric/self_state_action_distance |        0.000542 |
|          Metric/cross_state_action_distance |            0.95 |
|             Metric/avg_self_state_asymmetry |               0 |
|            Metric/avg_cross_state_asymmetry |         0.00143 |
|                Metric/avg_self_sa_asymmetry |               0 |
|               Metric/avg_cross_sa_asymmetry |         0.00189 |
|  Metric/self_state_action_to_state_distance |         0.00192 |
| Metric/cross_state_action_to_state_distance |            0.95 |
|                   Metric/h_lambda_diff_self |         0.00227 |
|                  Metric/h_lambda_diff_cross |         0.00255 |
|                                 Eval/Return |             828 |
-----------------------------------------------------------------
-----------------------------------------------------------------
|                                 Train/Steps |        4.36e+06 |
|                            Loss/Loss_critic |            0.29 |
|                             Loss/Loss_actor |           -94.3 |
|                             Loss/Loss_alpha |         0.00125 |
|               Loss/Loss_state_action_metric |         0.00324 |
|                      Loss/Loss_state_metric |         0.00195 |
|             Loss/Loss_state_action_to_state |         0.00119 |
|                           Loss/Act_rep_loss |          0.0539 |
|                                   SAC/Alpha |            0.01 |
|                              SAC/LogPi_mean |           0.853 |
|                                 SAC/Q1_mean |            94.2 |
|                                 SAC/Q2_mean |            94.3 |
|                            Norm/actor_model |             226 |
|                           Norm/critic_model |             387 |
|              Norm/state_action_metric_model |            82.3 |
|                     Norm/state_metric_model |            86.7 |
|        Norm/state_action_state_metric_model |            63.6 |
|                  Metric/self_state_distance |        9.01e-05 |
|                 Metric/cross_state_distance |           0.952 |
|           Metric/self_state_action_distance |        0.000333 |
|          Metric/cross_state_action_distance |           0.945 |
|             Metric/avg_self_state_asymmetry |               0 |
|            Metric/avg_cross_state_asymmetry |         0.00168 |
|                Metric/avg_self_sa_asymmetry |               0 |
|               Metric/avg_cross_sa_asymmetry |         0.00195 |
|  Metric/self_state_action_to_state_distance |           2e-05 |
| Metric/cross_state_action_to_state_distance |           0.942 |
|                   Metric/h_lambda_diff_self |        0.000328 |
|                  Metric/h_lambda_diff_cross |         0.00443 |
|                                 Eval/Return |             898 |
-----------------------------------------------------------------
-----------------------------------------------------------------
|                                 Train/Steps |        4.49e+06 |
|                            Loss/Loss_critic |           0.148 |
|                             Loss/Loss_actor |           -95.8 |
|                             Loss/Loss_alpha |       -8.03e-05 |
|               Loss/Loss_state_action_metric |         0.00284 |
|                      Loss/Loss_state_metric |         0.00136 |
|             Loss/Loss_state_action_to_state |        1.03e-05 |
|                           Loss/Act_rep_loss |          0.0562 |
|                                   SAC/Alpha |         0.00886 |
|                              SAC/LogPi_mean |           0.915 |
|                                 SAC/Q1_mean |            95.8 |
|                                 SAC/Q2_mean |            95.6 |
|                            Norm/actor_model |             230 |
|                           Norm/critic_model |             391 |
|              Norm/state_action_metric_model |              84 |
|                     Norm/state_metric_model |            87.6 |
|        Norm/state_action_state_metric_model |            64.4 |
|                  Metric/self_state_distance |        1.66e-05 |
|                 Metric/cross_state_distance |           0.949 |
|           Metric/self_state_action_distance |        0.000286 |
|          Metric/cross_state_action_distance |           0.936 |
|             Metric/avg_self_state_asymmetry |               0 |
|            Metric/avg_cross_state_asymmetry |         0.00115 |
|                Metric/avg_self_sa_asymmetry |               0 |
|               Metric/avg_cross_sa_asymmetry |         0.00204 |
|  Metric/self_state_action_to_state_distance |        6.37e-05 |
| Metric/cross_state_action_to_state_distance |           0.935 |
|                   Metric/h_lambda_diff_self |        0.000342 |
|                  Metric/h_lambda_diff_cross |         0.00227 |
|                                 Eval/Return |             839 |
-----------------------------------------------------------------
-----------------------------------------------------------------
|                                 Train/Steps |        4.62e+06 |
|                            Loss/Loss_critic |           0.106 |
|                             Loss/Loss_actor |           -95.3 |
|                             Loss/Loss_alpha |        0.000669 |
|               Loss/Loss_state_action_metric |         0.00255 |
|                      Loss/Loss_state_metric |         0.00143 |
|             Loss/Loss_state_action_to_state |        1.13e-05 |
|                           Loss/Act_rep_loss |           0.057 |
|                                   SAC/Alpha |         0.00784 |
|                              SAC/LogPi_mean |           0.974 |
|                                 SAC/Q1_mean |            95.3 |
|                                 SAC/Q2_mean |            95.2 |
|                            Norm/actor_model |             233 |
|                           Norm/critic_model |             395 |
|              Norm/state_action_metric_model |              85 |
|                     Norm/state_metric_model |            88.8 |
|        Norm/state_action_state_metric_model |            64.9 |
|                  Metric/self_state_distance |        0.000173 |
|                 Metric/cross_state_distance |            0.95 |
|           Metric/self_state_action_distance |        8.41e-05 |
|          Metric/cross_state_action_distance |           0.937 |
|             Metric/avg_self_state_asymmetry |               0 |
|            Metric/avg_cross_state_asymmetry |         0.00122 |
|                Metric/avg_self_sa_asymmetry |               0 |
|               Metric/avg_cross_sa_asymmetry |         0.00167 |
|  Metric/self_state_action_to_state_distance |        5.52e-07 |
| Metric/cross_state_action_to_state_distance |           0.938 |
|                   Metric/h_lambda_diff_self |        8.37e-05 |
|                  Metric/h_lambda_diff_cross |         0.00215 |
|                                 Eval/Return |             898 |
-----------------------------------------------------------------
-----------------------------------------------------------------
|                                 Train/Steps |        4.74e+06 |
|                            Loss/Loss_critic |           0.135 |
|                             Loss/Loss_actor |             -96 |
|                             Loss/Loss_alpha |       -0.000545 |
|               Loss/Loss_state_action_metric |         0.00259 |
|                      Loss/Loss_state_metric |         0.00219 |
|             Loss/Loss_state_action_to_state |         0.00143 |
|                           Loss/Act_rep_loss |          0.0575 |
|                                   SAC/Alpha |         0.00693 |
|                              SAC/LogPi_mean |            1.11 |
|                                 SAC/Q1_mean |            95.9 |
|                                 SAC/Q2_mean |            96.1 |
|                            Norm/actor_model |             236 |
|                           Norm/critic_model |             398 |
|              Norm/state_action_metric_model |              86 |
|                     Norm/state_metric_model |            89.8 |
|        Norm/state_action_state_metric_model |            65.9 |
|                  Metric/self_state_distance |         0.00134 |
|                 Metric/cross_state_distance |           0.943 |
|           Metric/self_state_action_distance |        0.000412 |
|          Metric/cross_state_action_distance |           0.934 |
|             Metric/avg_self_state_asymmetry |               0 |
|            Metric/avg_cross_state_asymmetry |          0.0012 |
|                Metric/avg_self_sa_asymmetry |               0 |
|               Metric/avg_cross_sa_asymmetry |         0.00174 |
|  Metric/self_state_action_to_state_distance |         0.00155 |
| Metric/cross_state_action_to_state_distance |           0.932 |
|                   Metric/h_lambda_diff_self |         0.00181 |
|                  Metric/h_lambda_diff_cross |         0.00367 |
|                                 Eval/Return |             918 |
-----------------------------------------------------------------
-----------------------------------------------------------------
|                                 Train/Steps |        4.87e+06 |
|                            Loss/Loss_critic |           0.139 |
|                             Loss/Loss_actor |           -97.2 |
|                             Loss/Loss_alpha |           0.001 |
|               Loss/Loss_state_action_metric |         0.00248 |
|                      Loss/Loss_state_metric |           0.002 |
|             Loss/Loss_state_action_to_state |         0.00158 |
|                           Loss/Act_rep_loss |          0.0651 |
|                                   SAC/Alpha |         0.00595 |
|                              SAC/LogPi_mean |           0.821 |
|                                 SAC/Q1_mean |            97.2 |
|                                 SAC/Q2_mean |            97.3 |
|                            Norm/actor_model |             239 |
|                           Norm/critic_model |             401 |
|              Norm/state_action_metric_model |            87.3 |
|                     Norm/state_metric_model |              91 |
|        Norm/state_action_state_metric_model |            66.4 |
|                  Metric/self_state_distance |        0.000416 |
|                 Metric/cross_state_distance |           0.937 |
|           Metric/self_state_action_distance |         0.00095 |
|          Metric/cross_state_action_distance |           0.926 |
|             Metric/avg_self_state_asymmetry |               0 |
|            Metric/avg_cross_state_asymmetry |         0.00385 |
|                Metric/avg_self_sa_asymmetry |               0 |
|               Metric/avg_cross_sa_asymmetry |         0.00144 |
|  Metric/self_state_action_to_state_distance |        0.000261 |
| Metric/cross_state_action_to_state_distance |           0.924 |
|                   Metric/h_lambda_diff_self |        0.000825 |
|                  Metric/h_lambda_diff_cross |         0.00353 |
|                                 Eval/Return |             902 |
-----------------------------------------------------------------
-----------------------------------------------------------------
|                                 Train/Steps |           5e+06 |
|                            Loss/Loss_critic |            0.18 |
|                             Loss/Loss_actor |           -96.2 |
|                             Loss/Loss_alpha |       -0.000634 |
|               Loss/Loss_state_action_metric |         0.00314 |
|                      Loss/Loss_state_metric |         0.00149 |
|             Loss/Loss_state_action_to_state |         0.00164 |
|                           Loss/Act_rep_loss |          0.0603 |
|                                   SAC/Alpha |         0.00585 |
|                              SAC/LogPi_mean |            1.09 |
|                                 SAC/Q1_mean |            96.1 |
|                                 SAC/Q2_mean |            96.3 |
|                            Norm/actor_model |             242 |
|                           Norm/critic_model |             403 |
|              Norm/state_action_metric_model |            88.3 |
|                     Norm/state_metric_model |            91.9 |
|        Norm/state_action_state_metric_model |            67.1 |
|                  Metric/self_state_distance |        0.000599 |
|                 Metric/cross_state_distance |           0.944 |
|           Metric/self_state_action_distance |        0.000592 |
|          Metric/cross_state_action_distance |           0.933 |
|             Metric/avg_self_state_asymmetry |               0 |
|            Metric/avg_cross_state_asymmetry |        0.000957 |
|                Metric/avg_self_sa_asymmetry |               0 |
|               Metric/avg_cross_sa_asymmetry |         0.00153 |
|  Metric/self_state_action_to_state_distance |         0.00229 |
| Metric/cross_state_action_to_state_distance |            0.93 |
|                   Metric/h_lambda_diff_self |         0.00278 |
|                  Metric/h_lambda_diff_cross |         0.00356 |
|                                 Eval/Return |             928 |
-----------------------------------------------------------------
[32mSaving model …[0m
[32mDone.[0m
[32mSaving model …[0m
[32mDone.[0m
