E0908 09:54:24.687904 1163905 cuda_executor.cc:1526] Could not get kernel mode driver version: (INVALID_ARGUMENT: Version does not match the format X.Y.Z)
E0908 09:54:24.696598 1163793 cuda_executor.cc:1526] Could not get kernel mode driver version: (INVALID_ARGUMENT: Version does not match the format X.Y.Z)
[32mStart prefilling replay buffer[0m
[32mStart SAC training[0m
[32m{'log_freq': 1000, 'save_freq': 1000000, 'eval_episode_freq': 10, 'hidden_size': 256, 'lr': 0.001, 'max_grad_norm': 0.0, 'gamma': 0.99, 'update_tau': 0.005, 'train_per_step': 8, 'episode_length': 1000, 'warmup_samples': 8192, 'max_replay_size': 4000000, 'batch_size': 512, 'total_env_steps': 5000000, 'init_temperature': 0.1, 'nstep': 1, 'bootstrap_on_truncation': True, 'rep_lr_scale': 1.5, 'vis_feq': 100000, 'n_vis_frames': 4, 'num_envs': 128, 'grad_steps': 50, 'transfer_freq': 10, 'transfer_steps': 8, 'reward_scaling': 1.0, 'num_eval_envs': 128, 'target_entropy': -10.5}[0m
[32m[nstep] nstep=1 bootstrap_on_truncation=True (discount from the buffer already contains gamma^nstep)[0m
-----------------------------------------------------------------
|                                 Train/Steps |        1.36e+05 |
|                            Loss/Loss_critic |          0.0026 |
|                             Loss/Loss_actor |           -7.02 |
|                             Loss/Loss_alpha |          0.0286 |
|               Loss/Loss_state_action_metric |           0.014 |
|                      Loss/Loss_state_metric |         0.00893 |
|             Loss/Loss_state_action_to_state |        0.000266 |
|                           Loss/Act_rep_loss |          0.0296 |
|                                   SAC/Alpha |         0.00167 |
|                              SAC/LogPi_mean |           -6.41 |
|                                 SAC/Q1_mean |            6.98 |
|                                 SAC/Q2_mean |            6.98 |
|                            Norm/actor_model |            28.4 |
|                           Norm/critic_model |            50.3 |
|              Norm/state_action_metric_model |              36 |
|                     Norm/state_metric_model |            35.4 |
|        Norm/state_action_state_metric_model |            35.8 |
|                  Metric/self_state_distance |         0.00241 |
|                 Metric/cross_state_distance |            1.04 |
|           Metric/self_state_action_distance |         0.00191 |
|          Metric/cross_state_action_distance |            1.04 |
|             Metric/avg_self_state_asymmetry |               0 |
|            Metric/avg_cross_state_asymmetry |         0.00552 |
|                Metric/avg_self_sa_asymmetry |               0 |
|               Metric/avg_cross_sa_asymmetry |          0.0115 |
|  Metric/self_state_action_to_state_distance |           0.001 |
| Metric/cross_state_action_to_state_distance |            1.04 |
|                   Metric/h_lambda_diff_self |         0.00172 |
|                  Metric/h_lambda_diff_cross |         0.00999 |
|                                 Eval/Return |            9.79 |
-----------------------------------------------------------------
-----------------------------------------------------------------
|                                 Train/Steps |        2.64e+05 |
|                            Loss/Loss_critic |          0.0208 |
|                             Loss/Loss_actor |           -7.39 |
|                             Loss/Loss_alpha |       -0.000111 |
|               Loss/Loss_state_action_metric |          0.0225 |
|                      Loss/Loss_state_metric |          0.0145 |
|             Loss/Loss_state_action_to_state |        0.000167 |
|                           Loss/Act_rep_loss |          0.0281 |
|                                   SAC/Alpha |         0.00179 |
|                              SAC/LogPi_mean |            10.7 |
|                                 SAC/Q1_mean |            7.22 |
|                                 SAC/Q2_mean |            7.24 |
|                            Norm/actor_model |            41.3 |
|                           Norm/critic_model |            65.3 |
|              Norm/state_action_metric_model |            40.4 |
|                     Norm/state_metric_model |            39.2 |
|        Norm/state_action_state_metric_model |            39.8 |
|                  Metric/self_state_distance |         0.00121 |
|                 Metric/cross_state_distance |            1.04 |
|           Metric/self_state_action_distance |         0.00473 |
|          Metric/cross_state_action_distance |            1.05 |
|             Metric/avg_self_state_asymmetry |               0 |
|            Metric/avg_cross_state_asymmetry |         0.00514 |
|                Metric/avg_self_sa_asymmetry |               0 |
|               Metric/avg_cross_sa_asymmetry |         0.00559 |
|  Metric/self_state_action_to_state_distance |        0.000606 |
| Metric/cross_state_action_to_state_distance |            1.05 |
|                   Metric/h_lambda_diff_self |         0.00433 |
|                  Metric/h_lambda_diff_cross |         0.00847 |
|                                 Eval/Return |            9.34 |
-----------------------------------------------------------------
-----------------------------------------------------------------
|                                 Train/Steps |        3.92e+05 |
|                            Loss/Loss_critic |          0.0541 |
|                             Loss/Loss_actor |           -9.29 |
|                             Loss/Loss_alpha |        -0.00103 |
|               Loss/Loss_state_action_metric |          0.0402 |
|                      Loss/Loss_state_metric |          0.0264 |
|             Loss/Loss_state_action_to_state |         0.00017 |
|                           Loss/Act_rep_loss |           0.024 |
|                                   SAC/Alpha |          0.0026 |
|                              SAC/LogPi_mean |            10.7 |
|                                 SAC/Q1_mean |            9.16 |
|                                 SAC/Q2_mean |            9.16 |
|                            Norm/actor_model |            48.3 |
|                           Norm/critic_model |            78.5 |
|              Norm/state_action_metric_model |            45.3 |
|                     Norm/state_metric_model |            43.2 |
|        Norm/state_action_state_metric_model |            43.8 |
|                  Metric/self_state_distance |         0.00111 |
|                 Metric/cross_state_distance |            1.06 |
|           Metric/self_state_action_distance |         0.00201 |
|          Metric/cross_state_action_distance |            1.08 |
|             Metric/avg_self_state_asymmetry |               0 |
|            Metric/avg_cross_state_asymmetry |         0.00477 |
|                Metric/avg_self_sa_asymmetry |               0 |
|               Metric/avg_cross_sa_asymmetry |          0.0062 |
|  Metric/self_state_action_to_state_distance |        0.000362 |
| Metric/cross_state_action_to_state_distance |            1.09 |
|                   Metric/h_lambda_diff_self |         0.00171 |
|                  Metric/h_lambda_diff_cross |         0.00893 |
|                                 Eval/Return |            14.2 |
-----------------------------------------------------------------
-----------------------------------------------------------------
|                                 Train/Steps |         5.2e+05 |
|                            Loss/Loss_critic |          0.0624 |
|                             Loss/Loss_actor |           -10.5 |
|                             Loss/Loss_alpha |         0.00213 |
|               Loss/Loss_state_action_metric |          0.0212 |
|                      Loss/Loss_state_metric |          0.0148 |
|             Loss/Loss_state_action_to_state |        0.000307 |
|                           Loss/Act_rep_loss |           0.028 |
|                                   SAC/Alpha |         0.00238 |
|                              SAC/LogPi_mean |            9.53 |
|                                 SAC/Q1_mean |            10.3 |
|                                 SAC/Q2_mean |            10.3 |
|                            Norm/actor_model |            53.4 |
|                           Norm/critic_model |            88.1 |
|              Norm/state_action_metric_model |            50.5 |
|                     Norm/state_metric_model |            47.6 |
|        Norm/state_action_state_metric_model |              48 |
|                  Metric/self_state_distance |         0.00076 |
|                 Metric/cross_state_distance |            1.04 |
|           Metric/self_state_action_distance |         0.00206 |
|          Metric/cross_state_action_distance |            1.05 |
|             Metric/avg_self_state_asymmetry |               0 |
|            Metric/avg_cross_state_asymmetry |         0.00493 |
|                Metric/avg_self_sa_asymmetry |               0 |
|               Metric/avg_cross_sa_asymmetry |         0.00629 |
|  Metric/self_state_action_to_state_distance |        0.000395 |
| Metric/cross_state_action_to_state_distance |            1.05 |
|                   Metric/h_lambda_diff_self |         0.00178 |
|                  Metric/h_lambda_diff_cross |          0.0108 |
|                                 Eval/Return |            14.3 |
-----------------------------------------------------------------
-----------------------------------------------------------------
|                                 Train/Steps |        6.48e+05 |
|                            Loss/Loss_critic |          0.0826 |
|                             Loss/Loss_actor |           -13.5 |
|                             Loss/Loss_alpha |       -0.000651 |
|               Loss/Loss_state_action_metric |          0.0529 |
|                      Loss/Loss_state_metric |          0.0331 |
|             Loss/Loss_state_action_to_state |        0.000501 |
|                           Loss/Act_rep_loss |          0.0271 |
|                                   SAC/Alpha |         0.00325 |
|                              SAC/LogPi_mean |            10.9 |
|                                 SAC/Q1_mean |            13.4 |
|                                 SAC/Q2_mean |            13.3 |
|                            Norm/actor_model |            57.7 |
|                           Norm/critic_model |            96.1 |
|              Norm/state_action_metric_model |            54.6 |
|                     Norm/state_metric_model |            51.1 |
|        Norm/state_action_state_metric_model |            51.1 |
|                  Metric/self_state_distance |         0.00118 |
|                 Metric/cross_state_distance |            1.14 |
|           Metric/self_state_action_distance |          0.0028 |
|          Metric/cross_state_action_distance |            1.17 |
|             Metric/avg_self_state_asymmetry |               0 |
|            Metric/avg_cross_state_asymmetry |            0.01 |
|                Metric/avg_self_sa_asymmetry |               0 |
|               Metric/avg_cross_sa_asymmetry |          0.0112 |
|  Metric/self_state_action_to_state_distance |        0.000564 |
| Metric/cross_state_action_to_state_distance |            1.18 |
|                   Metric/h_lambda_diff_self |         0.00252 |
|                  Metric/h_lambda_diff_cross |          0.0122 |
|                                 Eval/Return |             122 |
-----------------------------------------------------------------
-----------------------------------------------------------------
|                                 Train/Steps |        7.76e+05 |
|                            Loss/Loss_critic |          0.0582 |
|                             Loss/Loss_actor |           -14.3 |
|                             Loss/Loss_alpha |           0.001 |
|               Loss/Loss_state_action_metric |           0.109 |
|                      Loss/Loss_state_metric |          0.0695 |
|             Loss/Loss_state_action_to_state |        0.000671 |
|                           Loss/Act_rep_loss |          0.0168 |
|                                   SAC/Alpha |         0.00357 |
|                              SAC/LogPi_mean |            10.1 |
|                                 SAC/Q1_mean |            14.3 |
|                                 SAC/Q2_mean |            14.2 |
|                            Norm/actor_model |            61.4 |
|                           Norm/critic_model |             103 |
|              Norm/state_action_metric_model |            58.3 |
|                     Norm/state_metric_model |            54.1 |
|        Norm/state_action_state_metric_model |              54 |
|                  Metric/self_state_distance |         0.00102 |
|                 Metric/cross_state_distance |            1.26 |
|           Metric/self_state_action_distance |         0.00144 |
|          Metric/cross_state_action_distance |            1.33 |
|             Metric/avg_self_state_asymmetry |               0 |
|            Metric/avg_cross_state_asymmetry |         0.00971 |
|                Metric/avg_self_sa_asymmetry |               0 |
|               Metric/avg_cross_sa_asymmetry |          0.0133 |
|  Metric/self_state_action_to_state_distance |        0.000356 |
| Metric/cross_state_action_to_state_distance |            1.32 |
|                   Metric/h_lambda_diff_self |         0.00127 |
|                  Metric/h_lambda_diff_cross |          0.0182 |
|                                 Eval/Return |             286 |
-----------------------------------------------------------------
-----------------------------------------------------------------
|                                 Train/Steps |        9.04e+05 |
|                            Loss/Loss_critic |          0.0778 |
|                             Loss/Loss_actor |           -16.4 |
|                             Loss/Loss_alpha |       -4.12e-05 |
|               Loss/Loss_state_action_metric |           0.163 |
|                      Loss/Loss_state_metric |            0.11 |
|             Loss/Loss_state_action_to_state |        0.000601 |
|                           Loss/Act_rep_loss |          0.0143 |
|                                   SAC/Alpha |         0.00359 |
|                              SAC/LogPi_mean |            10.3 |
|                                 SAC/Q1_mean |            16.3 |
|                                 SAC/Q2_mean |            16.3 |
|                            Norm/actor_model |            65.3 |
|                           Norm/critic_model |             109 |
|              Norm/state_action_metric_model |            62.6 |
|                     Norm/state_metric_model |            56.9 |
|        Norm/state_action_state_metric_model |            57.5 |
|                  Metric/self_state_distance |         0.00115 |
|                 Metric/cross_state_distance |            1.38 |
|           Metric/self_state_action_distance |         0.00209 |
|          Metric/cross_state_action_distance |            1.48 |
|             Metric/avg_self_state_asymmetry |               0 |
|            Metric/avg_cross_state_asymmetry |          0.0119 |
|                Metric/avg_self_sa_asymmetry |               0 |
|               Metric/avg_cross_sa_asymmetry |           0.016 |
|  Metric/self_state_action_to_state_distance |        0.000351 |
| Metric/cross_state_action_to_state_distance |            1.48 |
|                   Metric/h_lambda_diff_self |         0.00185 |
|                  Metric/h_lambda_diff_cross |           0.019 |
|                                 Eval/Return |             350 |
-----------------------------------------------------------------
-----------------------------------------------------------------
|                                 Train/Steps |        1.03e+06 |
|                            Loss/Loss_critic |           0.106 |
|                             Loss/Loss_actor |           -18.6 |
|                             Loss/Loss_alpha |        -0.00107 |
|               Loss/Loss_state_action_metric |           0.222 |
|                      Loss/Loss_state_metric |           0.144 |
|             Loss/Loss_state_action_to_state |         0.00335 |
|                           Loss/Act_rep_loss |          0.0115 |
|                                   SAC/Alpha |         0.00459 |
|                              SAC/LogPi_mean |            10.8 |
|                                 SAC/Q1_mean |            18.5 |
|                                 SAC/Q2_mean |            18.5 |
|                            Norm/actor_model |            68.8 |
|                           Norm/critic_model |             116 |
|              Norm/state_action_metric_model |            67.9 |
|                     Norm/state_metric_model |            60.2 |
|        Norm/state_action_state_metric_model |              62 |
|                  Metric/self_state_distance |        0.000238 |
|                 Metric/cross_state_distance |            1.47 |
|           Metric/self_state_action_distance |         0.00211 |
|          Metric/cross_state_action_distance |            1.62 |
|             Metric/avg_self_state_asymmetry |               0 |
|            Metric/avg_cross_state_asymmetry |          0.0124 |
|                Metric/avg_self_sa_asymmetry |               0 |
|               Metric/avg_cross_sa_asymmetry |          0.0195 |
|  Metric/self_state_action_to_state_distance |         0.00043 |
| Metric/cross_state_action_to_state_distance |            1.61 |
|                   Metric/h_lambda_diff_self |         0.00179 |
|                  Metric/h_lambda_diff_cross |          0.0253 |
|                                 Eval/Return |             444 |
-----------------------------------------------------------------
[32mSaving model …[0m
[32mDone.[0m
[32mSaving model …[0m
[32mDone.[0m
-----------------------------------------------------------------
|                                 Train/Steps |        1.16e+06 |
|                            Loss/Loss_critic |           0.121 |
|                             Loss/Loss_actor |           -21.3 |
|                             Loss/Loss_alpha |        -0.00233 |
|               Loss/Loss_state_action_metric |           0.316 |
|                      Loss/Loss_state_metric |           0.209 |
|             Loss/Loss_state_action_to_state |        0.000877 |
|                           Loss/Act_rep_loss |         0.00628 |
|                                   SAC/Alpha |         0.00492 |
|                              SAC/LogPi_mean |            10.7 |
|                                 SAC/Q1_mean |            21.1 |
|                                 SAC/Q2_mean |            21.2 |
|                            Norm/actor_model |            71.7 |
|                           Norm/critic_model |             121 |
|              Norm/state_action_metric_model |            72.2 |
|                     Norm/state_metric_model |            63.8 |
|        Norm/state_action_state_metric_model |              66 |
|                  Metric/self_state_distance |        0.000992 |
|                 Metric/cross_state_distance |            1.62 |
|           Metric/self_state_action_distance |         0.00199 |
|          Metric/cross_state_action_distance |            1.81 |
|             Metric/avg_self_state_asymmetry |               0 |
|            Metric/avg_cross_state_asymmetry |          0.0133 |
|                Metric/avg_self_sa_asymmetry |               0 |
|               Metric/avg_cross_sa_asymmetry |          0.0215 |
|  Metric/self_state_action_to_state_distance |        0.000607 |
| Metric/cross_state_action_to_state_distance |             1.8 |
|                   Metric/h_lambda_diff_self |         0.00159 |
|                  Metric/h_lambda_diff_cross |           0.028 |
|                                 Eval/Return |             511 |
-----------------------------------------------------------------
-----------------------------------------------------------------
|                                 Train/Steps |        1.29e+06 |
|                            Loss/Loss_critic |           0.135 |
|                             Loss/Loss_actor |           -24.5 |
|                             Loss/Loss_alpha |        -0.00558 |
|               Loss/Loss_state_action_metric |           0.327 |
|                      Loss/Loss_state_metric |           0.218 |
|             Loss/Loss_state_action_to_state |        0.000788 |
|                           Loss/Act_rep_loss |         0.00828 |
|                                   SAC/Alpha |         0.00562 |
|                              SAC/LogPi_mean |            11.2 |
|                                 SAC/Q1_mean |            24.4 |
|                                 SAC/Q2_mean |            24.5 |
|                            Norm/actor_model |            74.7 |
|                           Norm/critic_model |             127 |
|              Norm/state_action_metric_model |            76.7 |
|                     Norm/state_metric_model |            67.2 |
|        Norm/state_action_state_metric_model |            69.8 |
|                  Metric/self_state_distance |        0.000933 |
|                 Metric/cross_state_distance |            1.63 |
|           Metric/self_state_action_distance |         0.00179 |
|          Metric/cross_state_action_distance |            1.83 |
|             Metric/avg_self_state_asymmetry |               0 |
|            Metric/avg_cross_state_asymmetry |          0.0138 |
|                Metric/avg_self_sa_asymmetry |               0 |
|               Metric/avg_cross_sa_asymmetry |          0.0196 |
|  Metric/self_state_action_to_state_distance |        0.000854 |
| Metric/cross_state_action_to_state_distance |            1.84 |
|                   Metric/h_lambda_diff_self |         0.00137 |
|                  Metric/h_lambda_diff_cross |          0.0286 |
|                                 Eval/Return |             496 |
-----------------------------------------------------------------
-----------------------------------------------------------------
|                                 Train/Steps |        1.42e+06 |
|                            Loss/Loss_critic |            0.17 |
|                             Loss/Loss_actor |           -27.6 |
|                             Loss/Loss_alpha |         0.00499 |
|               Loss/Loss_state_action_metric |           0.423 |
|                      Loss/Loss_state_metric |           0.284 |
|             Loss/Loss_state_action_to_state |        0.000762 |
|                           Loss/Act_rep_loss |         0.00663 |
|                                   SAC/Alpha |         0.00668 |
|                              SAC/LogPi_mean |            9.86 |
|                                 SAC/Q1_mean |            27.5 |
|                                 SAC/Q2_mean |            27.5 |
|                            Norm/actor_model |            77.4 |
|                           Norm/critic_model |             133 |
|              Norm/state_action_metric_model |            81.2 |
|                     Norm/state_metric_model |            70.3 |
|        Norm/state_action_state_metric_model |            73.6 |
|                  Metric/self_state_distance |        0.000622 |
|                 Metric/cross_state_distance |            1.77 |
|           Metric/self_state_action_distance |         0.00208 |
|          Metric/cross_state_action_distance |            2.01 |
|             Metric/avg_self_state_asymmetry |               0 |
|            Metric/avg_cross_state_asymmetry |           0.012 |
|                Metric/avg_self_sa_asymmetry |               0 |
|               Metric/avg_cross_sa_asymmetry |          0.0188 |
|  Metric/self_state_action_to_state_distance |        0.000585 |
| Metric/cross_state_action_to_state_distance |            1.99 |
|                   Metric/h_lambda_diff_self |         0.00166 |
|                  Metric/h_lambda_diff_cross |          0.0283 |
|                                 Eval/Return |             608 |
-----------------------------------------------------------------
-----------------------------------------------------------------
|                                 Train/Steps |        1.54e+06 |
|                            Loss/Loss_critic |           0.211 |
|                             Loss/Loss_actor |           -31.4 |
|                             Loss/Loss_alpha |         0.00645 |
|               Loss/Loss_state_action_metric |           0.462 |
|                      Loss/Loss_state_metric |           0.309 |
|             Loss/Loss_state_action_to_state |        0.000852 |
|                           Loss/Act_rep_loss |         0.00708 |
|                                   SAC/Alpha |         0.00751 |
|                              SAC/LogPi_mean |            9.44 |
|                                 SAC/Q1_mean |            31.2 |
|                                 SAC/Q2_mean |            31.3 |
|                            Norm/actor_model |              80 |
|                           Norm/critic_model |             139 |
|              Norm/state_action_metric_model |            85.6 |
|                     Norm/state_metric_model |            73.4 |
|        Norm/state_action_state_metric_model |            77.4 |
|                  Metric/self_state_distance |        0.000405 |
|                 Metric/cross_state_distance |            1.81 |
|           Metric/self_state_action_distance |         0.00146 |
|          Metric/cross_state_action_distance |            2.04 |
|             Metric/avg_self_state_asymmetry |               0 |
|            Metric/avg_cross_state_asymmetry |          0.0135 |
|                Metric/avg_self_sa_asymmetry |               0 |
|               Metric/avg_cross_sa_asymmetry |          0.0219 |
|  Metric/self_state_action_to_state_distance |        0.000673 |
| Metric/cross_state_action_to_state_distance |            2.04 |
|                   Metric/h_lambda_diff_self |          0.0012 |
|                  Metric/h_lambda_diff_cross |          0.0289 |
|                                 Eval/Return |             755 |
-----------------------------------------------------------------
-----------------------------------------------------------------
|                                 Train/Steps |        1.67e+06 |
|                            Loss/Loss_critic |            0.32 |
|                             Loss/Loss_actor |             -35 |
|                             Loss/Loss_alpha |         0.00335 |
|               Loss/Loss_state_action_metric |           0.468 |
|                      Loss/Loss_state_metric |           0.311 |
|             Loss/Loss_state_action_to_state |        0.000814 |
|                           Loss/Act_rep_loss |         0.00483 |
|                                   SAC/Alpha |         0.00843 |
|                              SAC/LogPi_mean |            10.1 |
|                                 SAC/Q1_mean |            34.9 |
|                                 SAC/Q2_mean |            34.8 |
|                            Norm/actor_model |            82.5 |
|                           Norm/critic_model |             144 |
|              Norm/state_action_metric_model |            89.9 |
|                     Norm/state_metric_model |            76.6 |
|        Norm/state_action_state_metric_model |            81.1 |
|                  Metric/self_state_distance |        0.000842 |
|                 Metric/cross_state_distance |             1.8 |
|           Metric/self_state_action_distance |          0.0028 |
|          Metric/cross_state_action_distance |            2.02 |
|             Metric/avg_self_state_asymmetry |               0 |
|            Metric/avg_cross_state_asymmetry |          0.0128 |
|                Metric/avg_self_sa_asymmetry |               0 |
|               Metric/avg_cross_sa_asymmetry |            0.02 |
|  Metric/self_state_action_to_state_distance |        0.000797 |
| Metric/cross_state_action_to_state_distance |            2.04 |
|                   Metric/h_lambda_diff_self |         0.00216 |
|                  Metric/h_lambda_diff_cross |          0.0308 |
|                                 Eval/Return |             878 |
-----------------------------------------------------------------
-----------------------------------------------------------------
|                                 Train/Steps |         1.8e+06 |
|                            Loss/Loss_critic |           0.372 |
|                             Loss/Loss_actor |           -41.1 |
|                             Loss/Loss_alpha |        -0.00749 |
|               Loss/Loss_state_action_metric |           0.517 |
|                      Loss/Loss_state_metric |            0.35 |
|             Loss/Loss_state_action_to_state |        0.000755 |
|                           Loss/Act_rep_loss |         0.00521 |
|                                   SAC/Alpha |         0.00932 |
|                              SAC/LogPi_mean |            11.1 |
|                                 SAC/Q1_mean |              41 |
|                                 SAC/Q2_mean |            40.9 |
|                            Norm/actor_model |            84.7 |
|                           Norm/critic_model |             149 |
|              Norm/state_action_metric_model |            94.2 |
|                     Norm/state_metric_model |            80.1 |
|        Norm/state_action_state_metric_model |            84.7 |
|                  Metric/self_state_distance |        0.000835 |
|                 Metric/cross_state_distance |            1.84 |
|           Metric/self_state_action_distance |        0.000939 |
|          Metric/cross_state_action_distance |            2.14 |
|             Metric/avg_self_state_asymmetry |               0 |
|            Metric/avg_cross_state_asymmetry |          0.0128 |
|                Metric/avg_self_sa_asymmetry |               0 |
|               Metric/avg_cross_sa_asymmetry |          0.0207 |
|  Metric/self_state_action_to_state_distance |        0.000414 |
| Metric/cross_state_action_to_state_distance |            2.14 |
|                   Metric/h_lambda_diff_self |        0.000865 |
|                  Metric/h_lambda_diff_cross |          0.0257 |
|                                 Eval/Return |             823 |
-----------------------------------------------------------------
-----------------------------------------------------------------
|                                 Train/Steps |        1.93e+06 |
|                            Loss/Loss_critic |           0.481 |
|                             Loss/Loss_actor |           -44.5 |
|                             Loss/Loss_alpha |         0.00777 |
|               Loss/Loss_state_action_metric |           0.609 |
|                      Loss/Loss_state_metric |           0.402 |
|             Loss/Loss_state_action_to_state |        0.000887 |
|                           Loss/Act_rep_loss |         0.00341 |
|                                   SAC/Alpha |         0.00956 |
|                              SAC/LogPi_mean |            9.91 |
|                                 SAC/Q1_mean |            44.3 |
|                                 SAC/Q2_mean |            44.4 |
|                            Norm/actor_model |            87.3 |
|                           Norm/critic_model |             155 |
|              Norm/state_action_metric_model |            98.5 |
|                     Norm/state_metric_model |            83.3 |
|        Norm/state_action_state_metric_model |            88.3 |
|                  Metric/self_state_distance |        0.000988 |
|                 Metric/cross_state_distance |            1.96 |
|           Metric/self_state_action_distance |         0.00143 |
|          Metric/cross_state_action_distance |            2.23 |
|             Metric/avg_self_state_asymmetry |               0 |
|            Metric/avg_cross_state_asymmetry |          0.0132 |
|                Metric/avg_self_sa_asymmetry |               0 |
|               Metric/avg_cross_sa_asymmetry |          0.0194 |
|  Metric/self_state_action_to_state_distance |         0.00028 |
| Metric/cross_state_action_to_state_distance |            2.24 |
|                   Metric/h_lambda_diff_self |         0.00135 |
|                  Metric/h_lambda_diff_cross |          0.0254 |
|                                 Eval/Return |             786 |
-----------------------------------------------------------------
-----------------------------------------------------------------
|                                 Train/Steps |        2.06e+06 |
|                            Loss/Loss_critic |           0.396 |
|                             Loss/Loss_actor |           -49.5 |
|                             Loss/Loss_alpha |         0.00238 |
|               Loss/Loss_state_action_metric |           0.576 |
|                      Loss/Loss_state_metric |           0.393 |
|             Loss/Loss_state_action_to_state |        0.000736 |
|                           Loss/Act_rep_loss |         0.00258 |
|                                   SAC/Alpha |         0.00972 |
|                              SAC/LogPi_mean |            10.3 |
|                                 SAC/Q1_mean |            49.4 |
|                                 SAC/Q2_mean |            49.4 |
|                            Norm/actor_model |            89.7 |
|                           Norm/critic_model |             160 |
|              Norm/state_action_metric_model |             102 |
|                     Norm/state_metric_model |            86.4 |
|        Norm/state_action_state_metric_model |            91.8 |
|                  Metric/self_state_distance |        0.000606 |
|                 Metric/cross_state_distance |            1.95 |
|           Metric/self_state_action_distance |         0.00147 |
|          Metric/cross_state_action_distance |            2.24 |
|             Metric/avg_self_state_asymmetry |               0 |
|            Metric/avg_cross_state_asymmetry |          0.0129 |
|                Metric/avg_self_sa_asymmetry |               0 |
|               Metric/avg_cross_sa_asymmetry |          0.0207 |
|  Metric/self_state_action_to_state_distance |        0.000279 |
| Metric/cross_state_action_to_state_distance |            2.23 |
|                   Metric/h_lambda_diff_self |         0.00126 |
|                  Metric/h_lambda_diff_cross |          0.0235 |
|                                 Eval/Return |             871 |
-----------------------------------------------------------------
[32mSaving model …[0m
[32mDone.[0m
[32mSaving model …[0m
[32mDone.[0m
-----------------------------------------------------------------
|                                 Train/Steps |        2.18e+06 |
|                            Loss/Loss_critic |           0.407 |
|                             Loss/Loss_actor |           -53.7 |
|                             Loss/Loss_alpha |         0.00406 |
|               Loss/Loss_state_action_metric |           0.643 |
|                      Loss/Loss_state_metric |           0.425 |
|             Loss/Loss_state_action_to_state |        0.000713 |
|                           Loss/Act_rep_loss |          0.0016 |
|                                   SAC/Alpha |         0.00997 |
|                              SAC/LogPi_mean |            9.74 |
|                                 SAC/Q1_mean |            53.5 |
|                                 SAC/Q2_mean |            53.5 |
|                            Norm/actor_model |              92 |
|                           Norm/critic_model |             164 |
|              Norm/state_action_metric_model |             106 |
|                     Norm/state_metric_model |            89.6 |
|        Norm/state_action_state_metric_model |            95.4 |
|                  Metric/self_state_distance |        0.000311 |
|                 Metric/cross_state_distance |            2.02 |
|           Metric/self_state_action_distance |         0.00133 |
|          Metric/cross_state_action_distance |            2.31 |
|             Metric/avg_self_state_asymmetry |               0 |
|            Metric/avg_cross_state_asymmetry |          0.0134 |
|                Metric/avg_self_sa_asymmetry |               0 |
|               Metric/avg_cross_sa_asymmetry |            0.02 |
|  Metric/self_state_action_to_state_distance |        6.87e-05 |
| Metric/cross_state_action_to_state_distance |            2.31 |
|                   Metric/h_lambda_diff_self |         0.00128 |
|                  Metric/h_lambda_diff_cross |          0.0273 |
|                                 Eval/Return |             852 |
-----------------------------------------------------------------
-----------------------------------------------------------------
|                                 Train/Steps |        2.31e+06 |
|                            Loss/Loss_critic |           0.475 |
|                             Loss/Loss_actor |           -57.4 |
|                             Loss/Loss_alpha |         0.00113 |
|               Loss/Loss_state_action_metric |           0.629 |
|                      Loss/Loss_state_metric |           0.428 |
|             Loss/Loss_state_action_to_state |        0.000894 |
|                           Loss/Act_rep_loss |         0.00218 |
|                                   SAC/Alpha |         0.00957 |
|                              SAC/LogPi_mean |            9.88 |
|                                 SAC/Q1_mean |            57.3 |
|                                 SAC/Q2_mean |            57.3 |
|                            Norm/actor_model |            94.3 |
|                           Norm/critic_model |             169 |
|              Norm/state_action_metric_model |             110 |
|                     Norm/state_metric_model |            92.7 |
|        Norm/state_action_state_metric_model |              99 |
|                  Metric/self_state_distance |         0.00112 |
|                 Metric/cross_state_distance |            2.02 |
|           Metric/self_state_action_distance |         0.00114 |
|          Metric/cross_state_action_distance |            2.31 |
|             Metric/avg_self_state_asymmetry |               0 |
|            Metric/avg_cross_state_asymmetry |          0.0115 |
|                Metric/avg_self_sa_asymmetry |               0 |
|               Metric/avg_cross_sa_asymmetry |          0.0207 |
|  Metric/self_state_action_to_state_distance |        0.000304 |
| Metric/cross_state_action_to_state_distance |            2.31 |
|                   Metric/h_lambda_diff_self |         0.00119 |
|                  Metric/h_lambda_diff_cross |          0.0266 |
|                                 Eval/Return |             899 |
-----------------------------------------------------------------
-----------------------------------------------------------------
|                                 Train/Steps |        2.44e+06 |
|                            Loss/Loss_critic |           0.579 |
|                             Loss/Loss_actor |           -60.1 |
|                             Loss/Loss_alpha |        -0.00733 |
|               Loss/Loss_state_action_metric |            0.59 |
|                      Loss/Loss_state_metric |           0.397 |
|             Loss/Loss_state_action_to_state |        0.000731 |
|                           Loss/Act_rep_loss |         0.00303 |
|                                   SAC/Alpha |         0.00943 |
|                              SAC/LogPi_mean |            11.3 |
|                                 SAC/Q1_mean |            59.9 |
|                                 SAC/Q2_mean |            59.9 |
|                            Norm/actor_model |            96.5 |
|                           Norm/critic_model |             174 |
|              Norm/state_action_metric_model |             114 |
|                     Norm/state_metric_model |            95.8 |
|        Norm/state_action_state_metric_model |             102 |
|                  Metric/self_state_distance |        6.09e-05 |
|                 Metric/cross_state_distance |            1.91 |
|           Metric/self_state_action_distance |        0.000928 |
|          Metric/cross_state_action_distance |            2.23 |
|             Metric/avg_self_state_asymmetry |               0 |
|            Metric/avg_cross_state_asymmetry |          0.0114 |
|                Metric/avg_self_sa_asymmetry |               0 |
|               Metric/avg_cross_sa_asymmetry |          0.0194 |
|  Metric/self_state_action_to_state_distance |        0.000251 |
| Metric/cross_state_action_to_state_distance |            2.23 |
|                   Metric/h_lambda_diff_self |         0.00078 |
|                  Metric/h_lambda_diff_cross |          0.0246 |
|                                 Eval/Return |             921 |
-----------------------------------------------------------------
-----------------------------------------------------------------
|                                 Train/Steps |        2.57e+06 |
|                            Loss/Loss_critic |           0.496 |
|                             Loss/Loss_actor |           -63.3 |
|                             Loss/Loss_alpha |        -0.00543 |
|               Loss/Loss_state_action_metric |           0.643 |
|                      Loss/Loss_state_metric |           0.439 |
|             Loss/Loss_state_action_to_state |        0.000541 |
|                           Loss/Act_rep_loss |         0.00204 |
|                                   SAC/Alpha |          0.0094 |
|                              SAC/LogPi_mean |            10.7 |
|                                 SAC/Q1_mean |            63.2 |
|                                 SAC/Q2_mean |            63.2 |
|                            Norm/actor_model |            98.6 |
|                           Norm/critic_model |             178 |
|              Norm/state_action_metric_model |             117 |
|                     Norm/state_metric_model |            98.7 |
|        Norm/state_action_state_metric_model |             106 |
|                  Metric/self_state_distance |        0.000833 |
|                 Metric/cross_state_distance |            2.01 |
|           Metric/self_state_action_distance |         0.00121 |
|          Metric/cross_state_action_distance |            2.29 |
|             Metric/avg_self_state_asymmetry |               0 |
|            Metric/avg_cross_state_asymmetry |          0.0104 |
|                Metric/avg_self_sa_asymmetry |               0 |
|               Metric/avg_cross_sa_asymmetry |          0.0179 |
|  Metric/self_state_action_to_state_distance |        0.000294 |
| Metric/cross_state_action_to_state_distance |            2.29 |
|                   Metric/h_lambda_diff_self |         0.00101 |
|                  Metric/h_lambda_diff_cross |          0.0206 |
|                                 Eval/Return |             911 |
-----------------------------------------------------------------
-----------------------------------------------------------------
|                                 Train/Steps |         2.7e+06 |
|                            Loss/Loss_critic |           0.411 |
|                             Loss/Loss_actor |           -65.5 |
|                             Loss/Loss_alpha |         0.00107 |
|               Loss/Loss_state_action_metric |           0.646 |
|                      Loss/Loss_state_metric |           0.442 |
|             Loss/Loss_state_action_to_state |        0.000679 |
|                           Loss/Act_rep_loss |         0.00206 |
|                                   SAC/Alpha |         0.00891 |
|                              SAC/LogPi_mean |            10.2 |
|                                 SAC/Q1_mean |            65.3 |
|                                 SAC/Q2_mean |            65.4 |
|                            Norm/actor_model |             101 |
|                           Norm/critic_model |             183 |
|              Norm/state_action_metric_model |             121 |
|                     Norm/state_metric_model |             102 |
|        Norm/state_action_state_metric_model |             109 |
|                  Metric/self_state_distance |        0.000368 |
|                 Metric/cross_state_distance |            2.02 |
|           Metric/self_state_action_distance |         0.00097 |
|          Metric/cross_state_action_distance |            2.32 |
|             Metric/avg_self_state_asymmetry |               0 |
|            Metric/avg_cross_state_asymmetry |          0.0111 |
|                Metric/avg_self_sa_asymmetry |               0 |
|               Metric/avg_cross_sa_asymmetry |          0.0196 |
|  Metric/self_state_action_to_state_distance |          0.0008 |
| Metric/cross_state_action_to_state_distance |            2.31 |
|                   Metric/h_lambda_diff_self |         0.00105 |
|                  Metric/h_lambda_diff_cross |          0.0227 |
|                                 Eval/Return |             917 |
-----------------------------------------------------------------
-----------------------------------------------------------------
|                                 Train/Steps |        2.82e+06 |
|                            Loss/Loss_critic |           0.373 |
|                             Loss/Loss_actor |             -67 |
|                             Loss/Loss_alpha |        -0.00581 |
|               Loss/Loss_state_action_metric |            0.64 |
|                      Loss/Loss_state_metric |           0.431 |
|             Loss/Loss_state_action_to_state |        0.000689 |
|                           Loss/Act_rep_loss |         0.00188 |
|                                   SAC/Alpha |         0.00862 |
|                              SAC/LogPi_mean |            10.8 |
|                                 SAC/Q1_mean |            66.8 |
|                                 SAC/Q2_mean |            66.8 |
|                            Norm/actor_model |             103 |
|                           Norm/critic_model |             187 |
|              Norm/state_action_metric_model |             124 |
|                     Norm/state_metric_model |             105 |
|        Norm/state_action_state_metric_model |             113 |
|                  Metric/self_state_distance |        0.000272 |
|                 Metric/cross_state_distance |            1.99 |
|           Metric/self_state_action_distance |         0.00167 |
|          Metric/cross_state_action_distance |            2.31 |
|             Metric/avg_self_state_asymmetry |               0 |
|            Metric/avg_cross_state_asymmetry |          0.0107 |
|                Metric/avg_self_sa_asymmetry |               0 |
|               Metric/avg_cross_sa_asymmetry |          0.0203 |
|  Metric/self_state_action_to_state_distance |        2.26e-05 |
| Metric/cross_state_action_to_state_distance |             2.3 |
|                   Metric/h_lambda_diff_self |         0.00165 |
|                  Metric/h_lambda_diff_cross |          0.0263 |
|                                 Eval/Return |             890 |
-----------------------------------------------------------------
-----------------------------------------------------------------
|                                 Train/Steps |        2.95e+06 |
|                            Loss/Loss_critic |           0.365 |
|                             Loss/Loss_actor |             -70 |
|                             Loss/Loss_alpha |         0.00711 |
|               Loss/Loss_state_action_metric |           0.684 |
|                      Loss/Loss_state_metric |            0.46 |
|             Loss/Loss_state_action_to_state |        0.000516 |
|                           Loss/Act_rep_loss |         0.00162 |
|                                   SAC/Alpha |          0.0084 |
|                              SAC/LogPi_mean |            10.1 |
|                                 SAC/Q1_mean |            69.9 |
|                                 SAC/Q2_mean |            69.8 |
|                            Norm/actor_model |             105 |
|                           Norm/critic_model |             191 |
|              Norm/state_action_metric_model |             128 |
|                     Norm/state_metric_model |             107 |
|        Norm/state_action_state_metric_model |             116 |
|                  Metric/self_state_distance |        0.000526 |
|                 Metric/cross_state_distance |            2.02 |
|           Metric/self_state_action_distance |         0.00138 |
|          Metric/cross_state_action_distance |            2.32 |
|             Metric/avg_self_state_asymmetry |               0 |
|            Metric/avg_cross_state_asymmetry |          0.0102 |
|                Metric/avg_self_sa_asymmetry |               0 |
|               Metric/avg_cross_sa_asymmetry |          0.0179 |
|  Metric/self_state_action_to_state_distance |        0.000351 |
| Metric/cross_state_action_to_state_distance |            2.32 |
|                   Metric/h_lambda_diff_self |         0.00132 |
|                  Metric/h_lambda_diff_cross |          0.0202 |
|                                 Eval/Return |             921 |
-----------------------------------------------------------------
-----------------------------------------------------------------
|                                 Train/Steps |        3.08e+06 |
|                            Loss/Loss_critic |           0.374 |
|                             Loss/Loss_actor |           -71.8 |
|                             Loss/Loss_alpha |        -0.00377 |
|               Loss/Loss_state_action_metric |           0.643 |
|                      Loss/Loss_state_metric |            0.44 |
|             Loss/Loss_state_action_to_state |        0.000563 |
|                           Loss/Act_rep_loss |        0.000839 |
|                                   SAC/Alpha |         0.00796 |
|                              SAC/LogPi_mean |            10.4 |
|                                 SAC/Q1_mean |            71.6 |
|                                 SAC/Q2_mean |            71.6 |
|                            Norm/actor_model |             106 |
|                           Norm/critic_model |             195 |
|              Norm/state_action_metric_model |             131 |
|                     Norm/state_metric_model |             110 |
|        Norm/state_action_state_metric_model |             119 |
|                  Metric/self_state_distance |        0.000667 |
|                 Metric/cross_state_distance |            1.98 |
|           Metric/self_state_action_distance |         0.00112 |
|          Metric/cross_state_action_distance |            2.26 |
|             Metric/avg_self_state_asymmetry |               0 |
|            Metric/avg_cross_state_asymmetry |         0.00943 |
|                Metric/avg_self_sa_asymmetry |               0 |
|               Metric/avg_cross_sa_asymmetry |          0.0183 |
|  Metric/self_state_action_to_state_distance |        0.000207 |
| Metric/cross_state_action_to_state_distance |            2.26 |
|                   Metric/h_lambda_diff_self |         0.00103 |
|                  Metric/h_lambda_diff_cross |          0.0198 |
|                                 Eval/Return |             912 |
-----------------------------------------------------------------
[32mSaving model …[0m
[32mDone.[0m
[32mSaving model …[0m
[32mDone.[0m
-----------------------------------------------------------------
|                                 Train/Steps |        3.21e+06 |
|                            Loss/Loss_critic |           0.315 |
|                             Loss/Loss_actor |           -73.9 |
|                             Loss/Loss_alpha |         0.00563 |
|               Loss/Loss_state_action_metric |           0.632 |
|                      Loss/Loss_state_metric |           0.434 |
|             Loss/Loss_state_action_to_state |        0.000553 |
|                           Loss/Act_rep_loss |         0.00127 |
|                                   SAC/Alpha |         0.00808 |
|                              SAC/LogPi_mean |            9.66 |
|                                 SAC/Q1_mean |            73.7 |
|                                 SAC/Q2_mean |            73.7 |
|                            Norm/actor_model |             108 |
|                           Norm/critic_model |             200 |
|              Norm/state_action_metric_model |             134 |
|                     Norm/state_metric_model |             113 |
|        Norm/state_action_state_metric_model |             122 |
|                  Metric/self_state_distance |        0.000554 |
|                 Metric/cross_state_distance |            1.98 |
|           Metric/self_state_action_distance |         0.00069 |
|          Metric/cross_state_action_distance |            2.25 |
|             Metric/avg_self_state_asymmetry |               0 |
|            Metric/avg_cross_state_asymmetry |          0.0101 |
|                Metric/avg_self_sa_asymmetry |               0 |
|               Metric/avg_cross_sa_asymmetry |          0.0167 |
|  Metric/self_state_action_to_state_distance |        0.000285 |
| Metric/cross_state_action_to_state_distance |            2.24 |
|                   Metric/h_lambda_diff_self |        0.000634 |
|                  Metric/h_lambda_diff_cross |          0.0198 |
|                                 Eval/Return |             919 |
-----------------------------------------------------------------
-----------------------------------------------------------------
|                                 Train/Steps |        3.34e+06 |
|                            Loss/Loss_critic |           0.285 |
|                             Loss/Loss_actor |           -75.1 |
|                             Loss/Loss_alpha |         0.00555 |
|               Loss/Loss_state_action_metric |           0.667 |
|                      Loss/Loss_state_metric |           0.457 |
|             Loss/Loss_state_action_to_state |         0.00051 |
|                           Loss/Act_rep_loss |        0.000438 |
|                                   SAC/Alpha |         0.00738 |
|                              SAC/LogPi_mean |            9.51 |
|                                 SAC/Q1_mean |              75 |
|                                 SAC/Q2_mean |              75 |
|                            Norm/actor_model |             109 |
|                           Norm/critic_model |             203 |
|              Norm/state_action_metric_model |             137 |
|                     Norm/state_metric_model |             115 |
|        Norm/state_action_state_metric_model |             125 |
|                  Metric/self_state_distance |        0.000994 |
|                 Metric/cross_state_distance |               2 |
|           Metric/self_state_action_distance |         0.00124 |
|          Metric/cross_state_action_distance |            2.28 |
|             Metric/avg_self_state_asymmetry |               0 |
|            Metric/avg_cross_state_asymmetry |          0.0091 |
|                Metric/avg_self_sa_asymmetry |               0 |
|               Metric/avg_cross_sa_asymmetry |          0.0144 |
|  Metric/self_state_action_to_state_distance |        0.000171 |
| Metric/cross_state_action_to_state_distance |            2.28 |
|                   Metric/h_lambda_diff_self |         0.00112 |
|                  Metric/h_lambda_diff_cross |          0.0186 |
|                                 Eval/Return |             882 |
-----------------------------------------------------------------
-----------------------------------------------------------------
|                                 Train/Steps |        3.46e+06 |
|                            Loss/Loss_critic |           0.321 |
|                             Loss/Loss_actor |             -75 |
|                             Loss/Loss_alpha |       -0.000906 |
|               Loss/Loss_state_action_metric |           0.649 |
|                      Loss/Loss_state_metric |           0.432 |
|             Loss/Loss_state_action_to_state |        0.000598 |
|                           Loss/Act_rep_loss |        0.000427 |
|                                   SAC/Alpha |         0.00735 |
|                              SAC/LogPi_mean |            10.5 |
|                                 SAC/Q1_mean |            74.9 |
|                                 SAC/Q2_mean |            74.9 |
|                            Norm/actor_model |             111 |
|                           Norm/critic_model |             207 |
|              Norm/state_action_metric_model |             140 |
|                     Norm/state_metric_model |             118 |
|        Norm/state_action_state_metric_model |             128 |
|                  Metric/self_state_distance |         0.00085 |
|                 Metric/cross_state_distance |            1.98 |
|           Metric/self_state_action_distance |        0.000565 |
|          Metric/cross_state_action_distance |            2.27 |
|             Metric/avg_self_state_asymmetry |               0 |
|            Metric/avg_cross_state_asymmetry |          0.0115 |
|                Metric/avg_self_sa_asymmetry |               0 |
|               Metric/avg_cross_sa_asymmetry |          0.0184 |
|  Metric/self_state_action_to_state_distance |        0.000368 |
| Metric/cross_state_action_to_state_distance |            2.26 |
|                   Metric/h_lambda_diff_self |        0.000517 |
|                  Metric/h_lambda_diff_cross |           0.022 |
|                                 Eval/Return |             922 |
-----------------------------------------------------------------
-----------------------------------------------------------------
|                                 Train/Steps |        3.59e+06 |
|                            Loss/Loss_critic |           0.332 |
|                             Loss/Loss_actor |           -76.8 |
|                             Loss/Loss_alpha |        -0.00241 |
|               Loss/Loss_state_action_metric |           0.564 |
|                      Loss/Loss_state_metric |           0.386 |
|             Loss/Loss_state_action_to_state |        0.000882 |
|                           Loss/Act_rep_loss |        0.000722 |
|                                   SAC/Alpha |         0.00687 |
|                              SAC/LogPi_mean |            10.9 |
|                                 SAC/Q1_mean |            76.6 |
|                                 SAC/Q2_mean |            76.7 |
|                            Norm/actor_model |             112 |
|                           Norm/critic_model |             211 |
|              Norm/state_action_metric_model |             143 |
|                     Norm/state_metric_model |             120 |
|        Norm/state_action_state_metric_model |             131 |
|                  Metric/self_state_distance |        0.000624 |
|                 Metric/cross_state_distance |            1.88 |
|           Metric/self_state_action_distance |         0.00103 |
|          Metric/cross_state_action_distance |            2.13 |
|             Metric/avg_self_state_asymmetry |               0 |
|            Metric/avg_cross_state_asymmetry |            0.01 |
|                Metric/avg_self_sa_asymmetry |               0 |
|               Metric/avg_cross_sa_asymmetry |          0.0171 |
|  Metric/self_state_action_to_state_distance |        0.000159 |
| Metric/cross_state_action_to_state_distance |            2.14 |
|                   Metric/h_lambda_diff_self |        0.000951 |
|                  Metric/h_lambda_diff_cross |          0.0251 |
|                                 Eval/Return |             928 |
-----------------------------------------------------------------
-----------------------------------------------------------------
|                                 Train/Steps |        3.72e+06 |
|                            Loss/Loss_critic |           0.242 |
|                             Loss/Loss_actor |           -76.9 |
|                             Loss/Loss_alpha |        -0.00268 |
|               Loss/Loss_state_action_metric |           0.617 |
|                      Loss/Loss_state_metric |           0.421 |
|             Loss/Loss_state_action_to_state |        0.000519 |
|                           Loss/Act_rep_loss |        0.000777 |
|                                   SAC/Alpha |         0.00709 |
|                              SAC/LogPi_mean |              11 |
|                                 SAC/Q1_mean |            76.8 |
|                                 SAC/Q2_mean |            76.8 |
|                            Norm/actor_model |             114 |
|                           Norm/critic_model |             215 |
|              Norm/state_action_metric_model |             146 |
|                     Norm/state_metric_model |             123 |
|        Norm/state_action_state_metric_model |             133 |
|                  Metric/self_state_distance |        0.000366 |
|                 Metric/cross_state_distance |            1.94 |
|           Metric/self_state_action_distance |        0.000828 |
|          Metric/cross_state_action_distance |             2.2 |
|             Metric/avg_self_state_asymmetry |               0 |
|            Metric/avg_cross_state_asymmetry |         0.00925 |
|                Metric/avg_self_sa_asymmetry |               0 |
|               Metric/avg_cross_sa_asymmetry |          0.0166 |
|  Metric/self_state_action_to_state_distance |        0.000602 |
| Metric/cross_state_action_to_state_distance |             2.2 |
|                   Metric/h_lambda_diff_self |        0.000983 |
|                  Metric/h_lambda_diff_cross |           0.021 |
|                                 Eval/Return |             925 |
-----------------------------------------------------------------
-----------------------------------------------------------------
|                                 Train/Steps |        3.85e+06 |
|                            Loss/Loss_critic |           0.323 |
|                             Loss/Loss_actor |           -79.1 |
|                             Loss/Loss_alpha |        -0.00449 |
|               Loss/Loss_state_action_metric |            0.57 |
|                      Loss/Loss_state_metric |           0.391 |
|             Loss/Loss_state_action_to_state |        0.000523 |
|                           Loss/Act_rep_loss |         0.00045 |
|                                   SAC/Alpha |         0.00668 |
|                              SAC/LogPi_mean |            11.5 |
|                                 SAC/Q1_mean |              79 |
|                                 SAC/Q2_mean |            78.9 |
|                            Norm/actor_model |             115 |
|                           Norm/critic_model |             219 |
|              Norm/state_action_metric_model |             149 |
|                     Norm/state_metric_model |             126 |
|        Norm/state_action_state_metric_model |             136 |
|                  Metric/self_state_distance |        0.000366 |
|                 Metric/cross_state_distance |            1.89 |
|           Metric/self_state_action_distance |        0.000657 |
|          Metric/cross_state_action_distance |            2.14 |
|             Metric/avg_self_state_asymmetry |               0 |
|            Metric/avg_cross_state_asymmetry |         0.00887 |
|                Metric/avg_self_sa_asymmetry |               0 |
|               Metric/avg_cross_sa_asymmetry |          0.0149 |
|  Metric/self_state_action_to_state_distance |         0.00109 |
| Metric/cross_state_action_to_state_distance |            2.14 |
|                   Metric/h_lambda_diff_self |         0.00131 |
|                  Metric/h_lambda_diff_cross |          0.0211 |
|                                 Eval/Return |             930 |
-----------------------------------------------------------------
-----------------------------------------------------------------
|                                 Train/Steps |        3.98e+06 |
|                            Loss/Loss_critic |           0.278 |
|                             Loss/Loss_actor |           -78.3 |
|                             Loss/Loss_alpha |        0.000431 |
|               Loss/Loss_state_action_metric |            0.62 |
|                      Loss/Loss_state_metric |           0.427 |
|             Loss/Loss_state_action_to_state |        0.000408 |
|                           Loss/Act_rep_loss |         0.00058 |
|                                   SAC/Alpha |         0.00645 |
|                              SAC/LogPi_mean |            10.5 |
|                                 SAC/Q1_mean |            78.1 |
|                                 SAC/Q2_mean |            78.1 |
|                            Norm/actor_model |             116 |
|                           Norm/critic_model |             222 |
|              Norm/state_action_metric_model |             152 |
|                     Norm/state_metric_model |             128 |
|        Norm/state_action_state_metric_model |             139 |
|                  Metric/self_state_distance |        0.000128 |
|                 Metric/cross_state_distance |            1.93 |
|           Metric/self_state_action_distance |        0.000867 |
|          Metric/cross_state_action_distance |            2.19 |
|             Metric/avg_self_state_asymmetry |               0 |
|            Metric/avg_cross_state_asymmetry |         0.00772 |
|                Metric/avg_self_sa_asymmetry |               0 |
|               Metric/avg_cross_sa_asymmetry |          0.0157 |
|  Metric/self_state_action_to_state_distance |        0.000124 |
| Metric/cross_state_action_to_state_distance |            2.19 |
|                   Metric/h_lambda_diff_self |        0.000834 |
|                  Metric/h_lambda_diff_cross |          0.0164 |
|                                 Eval/Return |             932 |
-----------------------------------------------------------------
-----------------------------------------------------------------
|                                 Train/Steps |         4.1e+06 |
|                            Loss/Loss_critic |           0.206 |
|                             Loss/Loss_actor |           -81.3 |
|                             Loss/Loss_alpha |        -0.00355 |
|               Loss/Loss_state_action_metric |           0.475 |
|                      Loss/Loss_state_metric |           0.314 |
|             Loss/Loss_state_action_to_state |        0.000521 |
|                           Loss/Act_rep_loss |        0.000213 |
|                                   SAC/Alpha |         0.00631 |
|                              SAC/LogPi_mean |            10.5 |
|                                 SAC/Q1_mean |            81.2 |
|                                 SAC/Q2_mean |            81.1 |
|                            Norm/actor_model |             118 |
|                           Norm/critic_model |             226 |
|              Norm/state_action_metric_model |             155 |
|                     Norm/state_metric_model |             130 |
|        Norm/state_action_state_metric_model |             141 |
|                  Metric/self_state_distance |        0.000977 |
|                 Metric/cross_state_distance |            1.74 |
|           Metric/self_state_action_distance |        0.000213 |
|          Metric/cross_state_action_distance |            1.96 |
|             Metric/avg_self_state_asymmetry |               0 |
|            Metric/avg_cross_state_asymmetry |         0.00822 |
|                Metric/avg_self_sa_asymmetry |               0 |
|               Metric/avg_cross_sa_asymmetry |          0.0157 |
|  Metric/self_state_action_to_state_distance |        0.000243 |
| Metric/cross_state_action_to_state_distance |            1.96 |
|                   Metric/h_lambda_diff_self |        0.000277 |
|                  Metric/h_lambda_diff_cross |          0.0188 |
|                                 Eval/Return |             923 |
-----------------------------------------------------------------
[32mSaving model …[0m
[32mDone.[0m
[32mSaving model …[0m
[32mDone.[0m
-----------------------------------------------------------------
|                                 Train/Steps |        4.23e+06 |
|                            Loss/Loss_critic |           0.316 |
|                             Loss/Loss_actor |           -81.5 |
|                             Loss/Loss_alpha |         0.00122 |
|               Loss/Loss_state_action_metric |           0.513 |
|                      Loss/Loss_state_metric |           0.354 |
|             Loss/Loss_state_action_to_state |        0.000441 |
|                           Loss/Act_rep_loss |        0.000519 |
|                                   SAC/Alpha |         0.00592 |
|                              SAC/LogPi_mean |            10.4 |
|                                 SAC/Q1_mean |            81.5 |
|                                 SAC/Q2_mean |            81.4 |
|                            Norm/actor_model |             119 |
|                           Norm/critic_model |             230 |
|              Norm/state_action_metric_model |             157 |
|                     Norm/state_metric_model |             133 |
|        Norm/state_action_state_metric_model |             144 |
|                  Metric/self_state_distance |        0.000584 |
|                 Metric/cross_state_distance |             1.8 |
|           Metric/self_state_action_distance |        0.000528 |
|          Metric/cross_state_action_distance |            2.03 |
|             Metric/avg_self_state_asymmetry |               0 |
|            Metric/avg_cross_state_asymmetry |         0.00756 |
|                Metric/avg_self_sa_asymmetry |               0 |
|               Metric/avg_cross_sa_asymmetry |          0.0156 |
|  Metric/self_state_action_to_state_distance |        0.000111 |
| Metric/cross_state_action_to_state_distance |            2.03 |
|                   Metric/h_lambda_diff_self |        0.000517 |
|                  Metric/h_lambda_diff_cross |          0.0169 |
|                                 Eval/Return |             927 |
-----------------------------------------------------------------
-----------------------------------------------------------------
|                                 Train/Steps |        4.36e+06 |
|                            Loss/Loss_critic |           0.221 |
|                             Loss/Loss_actor |           -83.2 |
|                             Loss/Loss_alpha |        -0.00159 |
|               Loss/Loss_state_action_metric |           0.401 |
|                      Loss/Loss_state_metric |           0.275 |
|             Loss/Loss_state_action_to_state |        0.000477 |
|                           Loss/Act_rep_loss |        0.000356 |
|                                   SAC/Alpha |          0.0057 |
|                              SAC/LogPi_mean |              11 |
|                                 SAC/Q1_mean |            83.1 |
|                                 SAC/Q2_mean |              83 |
|                            Norm/actor_model |             120 |
|                           Norm/critic_model |             233 |
|              Norm/state_action_metric_model |             160 |
|                     Norm/state_metric_model |             136 |
|        Norm/state_action_state_metric_model |             146 |
|                  Metric/self_state_distance |         0.00072 |
|                 Metric/cross_state_distance |            1.66 |
|           Metric/self_state_action_distance |        0.000656 |
|          Metric/cross_state_action_distance |            1.84 |
|             Metric/avg_self_state_asymmetry |               0 |
|            Metric/avg_cross_state_asymmetry |         0.00899 |
|                Metric/avg_self_sa_asymmetry |               0 |
|               Metric/avg_cross_sa_asymmetry |          0.0168 |
|  Metric/self_state_action_to_state_distance |        0.000252 |
| Metric/cross_state_action_to_state_distance |            1.85 |
|                   Metric/h_lambda_diff_self |        0.000606 |
|                  Metric/h_lambda_diff_cross |          0.0247 |
|                                 Eval/Return |             924 |
-----------------------------------------------------------------
-----------------------------------------------------------------
|                                 Train/Steps |        4.49e+06 |
|                            Loss/Loss_critic |            0.21 |
|                             Loss/Loss_actor |           -84.8 |
|                             Loss/Loss_alpha |        -0.00301 |
|               Loss/Loss_state_action_metric |           0.361 |
|                      Loss/Loss_state_metric |           0.249 |
|             Loss/Loss_state_action_to_state |        0.000478 |
|                           Loss/Act_rep_loss |        3.78e-05 |
|                                   SAC/Alpha |         0.00504 |
|                              SAC/LogPi_mean |            11.6 |
|                                 SAC/Q1_mean |            84.8 |
|                                 SAC/Q2_mean |            84.8 |
|                            Norm/actor_model |             121 |
|                           Norm/critic_model |             236 |
|              Norm/state_action_metric_model |             163 |
|                     Norm/state_metric_model |             138 |
|        Norm/state_action_state_metric_model |             149 |
|                  Metric/self_state_distance |        0.000102 |
|                 Metric/cross_state_distance |             1.6 |
|           Metric/self_state_action_distance |        0.000432 |
|          Metric/cross_state_action_distance |            1.78 |
|             Metric/avg_self_state_asymmetry |               0 |
|            Metric/avg_cross_state_asymmetry |         0.00806 |
|                Metric/avg_self_sa_asymmetry |               0 |
|               Metric/avg_cross_sa_asymmetry |          0.0154 |
|  Metric/self_state_action_to_state_distance |        0.000194 |
| Metric/cross_state_action_to_state_distance |            1.78 |
|                   Metric/h_lambda_diff_self |        0.000398 |
|                  Metric/h_lambda_diff_cross |          0.0169 |
|                                 Eval/Return |             921 |
-----------------------------------------------------------------
-----------------------------------------------------------------
|                                 Train/Steps |        4.62e+06 |
|                            Loss/Loss_critic |           0.208 |
|                             Loss/Loss_actor |           -85.7 |
|                             Loss/Loss_alpha |       -6.55e-06 |
|               Loss/Loss_state_action_metric |           0.325 |
|                      Loss/Loss_state_metric |           0.209 |
|             Loss/Loss_state_action_to_state |        0.000753 |
|                           Loss/Act_rep_loss |               0 |
|                                   SAC/Alpha |         0.00466 |
|                              SAC/LogPi_mean |            10.3 |
|                                 SAC/Q1_mean |            85.7 |
|                                 SAC/Q2_mean |            85.6 |
|                            Norm/actor_model |             123 |
|                           Norm/critic_model |             240 |
|              Norm/state_action_metric_model |             166 |
|                     Norm/state_metric_model |             141 |
|        Norm/state_action_state_metric_model |             152 |
|                  Metric/self_state_distance |        0.000297 |
|                 Metric/cross_state_distance |            1.54 |
|           Metric/self_state_action_distance |        0.000549 |
|          Metric/cross_state_action_distance |             1.7 |
|             Metric/avg_self_state_asymmetry |               0 |
|            Metric/avg_cross_state_asymmetry |         0.00818 |
|                Metric/avg_self_sa_asymmetry |               0 |
|               Metric/avg_cross_sa_asymmetry |          0.0147 |
|  Metric/self_state_action_to_state_distance |         0.00011 |
| Metric/cross_state_action_to_state_distance |             1.7 |
|                   Metric/h_lambda_diff_self |        0.000526 |
|                  Metric/h_lambda_diff_cross |          0.0172 |
|                                 Eval/Return |             933 |
-----------------------------------------------------------------
-----------------------------------------------------------------
|                                 Train/Steps |        4.74e+06 |
|                            Loss/Loss_critic |           0.249 |
|                             Loss/Loss_actor |           -86.5 |
|                             Loss/Loss_alpha |        -0.00218 |
|               Loss/Loss_state_action_metric |           0.259 |
|                      Loss/Loss_state_metric |           0.166 |
|             Loss/Loss_state_action_to_state |        0.000509 |
|                           Loss/Act_rep_loss |         0.00186 |
|                                   SAC/Alpha |         0.00411 |
|                              SAC/LogPi_mean |            11.4 |
|                                 SAC/Q1_mean |            86.4 |
|                                 SAC/Q2_mean |            86.5 |
|                            Norm/actor_model |             124 |
|                           Norm/critic_model |             243 |
|              Norm/state_action_metric_model |             169 |
|                     Norm/state_metric_model |             143 |
|        Norm/state_action_state_metric_model |             154 |
|                  Metric/self_state_distance |         0.00018 |
|                 Metric/cross_state_distance |            1.46 |
|           Metric/self_state_action_distance |        0.000832 |
|          Metric/cross_state_action_distance |             1.6 |
|             Metric/avg_self_state_asymmetry |               0 |
|            Metric/avg_cross_state_asymmetry |         0.00809 |
|                Metric/avg_self_sa_asymmetry |               0 |
|               Metric/avg_cross_sa_asymmetry |          0.0131 |
|  Metric/self_state_action_to_state_distance |        0.000107 |
| Metric/cross_state_action_to_state_distance |             1.6 |
|                   Metric/h_lambda_diff_self |        0.000765 |
|                  Metric/h_lambda_diff_cross |          0.0191 |
|                                 Eval/Return |             920 |
-----------------------------------------------------------------
-----------------------------------------------------------------
|                                 Train/Steps |        4.87e+06 |
|                            Loss/Loss_critic |           0.107 |
|                             Loss/Loss_actor |           -87.7 |
|                             Loss/Loss_alpha |        -0.00379 |
|               Loss/Loss_state_action_metric |           0.216 |
|                      Loss/Loss_state_metric |           0.143 |
|             Loss/Loss_state_action_to_state |        0.000347 |
|                           Loss/Act_rep_loss |               0 |
|                                   SAC/Alpha |         0.00333 |
|                              SAC/LogPi_mean |            11.5 |
|                                 SAC/Q1_mean |            87.7 |
|                                 SAC/Q2_mean |            87.6 |
|                            Norm/actor_model |             125 |
|                           Norm/critic_model |             246 |
|              Norm/state_action_metric_model |             171 |
|                     Norm/state_metric_model |             146 |
|        Norm/state_action_state_metric_model |             157 |
|                  Metric/self_state_distance |        0.000254 |
|                 Metric/cross_state_distance |            1.41 |
|           Metric/self_state_action_distance |        0.000836 |
|          Metric/cross_state_action_distance |            1.53 |
|             Metric/avg_self_state_asymmetry |               0 |
|            Metric/avg_cross_state_asymmetry |         0.00665 |
|                Metric/avg_self_sa_asymmetry |               0 |
|               Metric/avg_cross_sa_asymmetry |          0.0132 |
|  Metric/self_state_action_to_state_distance |        0.000141 |
| Metric/cross_state_action_to_state_distance |            1.52 |
|                   Metric/h_lambda_diff_self |        0.000763 |
|                  Metric/h_lambda_diff_cross |          0.0153 |
|                                 Eval/Return |             919 |
-----------------------------------------------------------------
-----------------------------------------------------------------
|                                 Train/Steps |           5e+06 |
|                            Loss/Loss_critic |          0.0679 |
|                             Loss/Loss_actor |           -88.5 |
|                             Loss/Loss_alpha |         0.00024 |
|               Loss/Loss_state_action_metric |           0.164 |
|                      Loss/Loss_state_metric |           0.111 |
|             Loss/Loss_state_action_to_state |        0.000433 |
|                           Loss/Act_rep_loss |        1.26e-08 |
|                                   SAC/Alpha |         0.00303 |
|                              SAC/LogPi_mean |              10 |
|                                 SAC/Q1_mean |            88.5 |
|                                 SAC/Q2_mean |            88.4 |
|                            Norm/actor_model |             126 |
|                           Norm/critic_model |             249 |
|              Norm/state_action_metric_model |             174 |
|                     Norm/state_metric_model |             148 |
|        Norm/state_action_state_metric_model |             159 |
|                  Metric/self_state_distance |        0.000469 |
|                 Metric/cross_state_distance |            1.32 |
|           Metric/self_state_action_distance |         0.00064 |
|          Metric/cross_state_action_distance |            1.41 |
|             Metric/avg_self_state_asymmetry |               0 |
|            Metric/avg_cross_state_asymmetry |         0.00644 |
|                Metric/avg_self_sa_asymmetry |               0 |
|               Metric/avg_cross_sa_asymmetry |          0.0123 |
|  Metric/self_state_action_to_state_distance |        8.56e-05 |
| Metric/cross_state_action_to_state_distance |            1.42 |
|                   Metric/h_lambda_diff_self |        0.000634 |
|                  Metric/h_lambda_diff_cross |           0.016 |
|                                 Eval/Return |             928 |
-----------------------------------------------------------------
[32mSaving model …[0m
[32mDone.[0m
[32mSaving model …[0m
[32mDone.[0m
