E0920 23:02:21.017546 2709065 cuda_executor.cc:1526] Could not get kernel mode driver version: (INVALID_ARGUMENT: Version does not match the format X.Y.Z)
E0920 23:02:21.026244 2708956 cuda_executor.cc:1526] Could not get kernel mode driver version: (INVALID_ARGUMENT: Version does not match the format X.Y.Z)
[32mStart prefilling replay buffer[0m
[32mStart SAC training[0m
[32m{'log_freq': 1000, 'save_freq': 1000000, 'eval_episode_freq': 10, 'hidden_size': 256, 'lr': 0.001, 'max_grad_norm': 0.0, 'gamma': 0.99, 'update_tau': 0.005, 'train_per_step': 8, 'episode_length': 1000, 'warmup_samples': 8192, 'max_replay_size': 4000000, 'batch_size': 512, 'total_env_steps': 5000000, 'init_temperature': 0.1, 'nstep': 3, 'bootstrap_on_truncation': True, 'rep_lr_scale': 1.5, 'vis_feq': 100000, 'n_vis_frames': 4, 'num_envs': 128, 'grad_steps': 50, 'transfer_freq': 10, 'transfer_steps': 8, 'reward_scaling': 1.0, 'num_eval_envs': 128, 'target_entropy': -1.0}[0m
[32m[nstep] nstep=3 bootstrap_on_truncation=True (discount from the buffer already contains gamma^nstep)[0m
-----------------------------------------------------------------
|                                 Train/Steps |        1.36e+05 |
|                            Loss/Loss_critic |           0.389 |
|                             Loss/Loss_actor |           -5.31 |
|                             Loss/Loss_alpha |        -0.00344 |
|               Loss/Loss_state_action_metric |         0.00239 |
|                      Loss/Loss_state_metric |         0.00149 |
|             Loss/Loss_state_action_to_state |        9.86e-05 |
|                           Loss/Act_rep_loss |          0.0622 |
|                                   SAC/Alpha |         0.00967 |
|                              SAC/LogPi_mean |            1.38 |
|                                 SAC/Q1_mean |            5.23 |
|                                 SAC/Q2_mean |            5.27 |
|                            Norm/actor_model |            49.7 |
|                           Norm/critic_model |            78.6 |
|              Norm/state_action_metric_model |            30.3 |
|                     Norm/state_metric_model |            30.6 |
|        Norm/state_action_state_metric_model |            30.7 |
|                  Metric/self_state_distance |         0.00281 |
|                 Metric/cross_state_distance |           0.956 |
|           Metric/self_state_action_distance |         0.00436 |
|          Metric/cross_state_action_distance |           0.941 |
|             Metric/avg_self_state_asymmetry |               0 |
|            Metric/avg_cross_state_asymmetry |         0.00432 |
|                Metric/avg_self_sa_asymmetry |               0 |
|               Metric/avg_cross_sa_asymmetry |          0.0049 |
|  Metric/self_state_action_to_state_distance |         0.00117 |
| Metric/cross_state_action_to_state_distance |           0.946 |
|                   Metric/h_lambda_diff_self |         0.00378 |
|                  Metric/h_lambda_diff_cross |         0.00836 |
|                                 Eval/Return |             116 |
-----------------------------------------------------------------
-----------------------------------------------------------------
|                                 Train/Steps |        2.64e+05 |
|                            Loss/Loss_critic |           0.417 |
|                             Loss/Loss_actor |           -12.2 |
|                             Loss/Loss_alpha |        -0.00321 |
|               Loss/Loss_state_action_metric |         0.00377 |
|                      Loss/Loss_state_metric |         0.00311 |
|             Loss/Loss_state_action_to_state |        4.68e-05 |
|                           Loss/Act_rep_loss |           0.184 |
|                                   SAC/Alpha |          0.0189 |
|                              SAC/LogPi_mean |            1.06 |
|                                 SAC/Q1_mean |            12.2 |
|                                 SAC/Q2_mean |            12.1 |
|                            Norm/actor_model |            64.2 |
|                           Norm/critic_model |             102 |
|              Norm/state_action_metric_model |            30.4 |
|                     Norm/state_metric_model |            30.9 |
|        Norm/state_action_state_metric_model |              31 |
|                  Metric/self_state_distance |         0.00265 |
|                 Metric/cross_state_distance |           0.975 |
|           Metric/self_state_action_distance |         0.00145 |
|          Metric/cross_state_action_distance |           0.968 |
|             Metric/avg_self_state_asymmetry |               0 |
|            Metric/avg_cross_state_asymmetry |         0.00375 |
|                Metric/avg_self_sa_asymmetry |               0 |
|               Metric/avg_cross_sa_asymmetry |         0.00379 |
|  Metric/self_state_action_to_state_distance |        0.000721 |
| Metric/cross_state_action_to_state_distance |           0.967 |
|                   Metric/h_lambda_diff_self |         0.00115 |
|                  Metric/h_lambda_diff_cross |         0.00518 |
|                                 Eval/Return |             222 |
-----------------------------------------------------------------
-----------------------------------------------------------------
|                                 Train/Steps |        3.92e+05 |
|                            Loss/Loss_critic |            1.11 |
|                             Loss/Loss_actor |           -17.2 |
|                             Loss/Loss_alpha |         -0.0034 |
|               Loss/Loss_state_action_metric |         0.00407 |
|                      Loss/Loss_state_metric |         0.00282 |
|             Loss/Loss_state_action_to_state |        3.45e-05 |
|                           Loss/Act_rep_loss |           0.431 |
|                                   SAC/Alpha |          0.0253 |
|                              SAC/LogPi_mean |            1.03 |
|                                 SAC/Q1_mean |              17 |
|                                 SAC/Q2_mean |            17.1 |
|                            Norm/actor_model |              74 |
|                           Norm/critic_model |             118 |
|              Norm/state_action_metric_model |            31.3 |
|                     Norm/state_metric_model |            31.3 |
|        Norm/state_action_state_metric_model |            31.7 |
|                  Metric/self_state_distance |         0.00114 |
|                 Metric/cross_state_distance |           0.987 |
|           Metric/self_state_action_distance |         0.00217 |
|          Metric/cross_state_action_distance |            0.98 |
|             Metric/avg_self_state_asymmetry |               0 |
|            Metric/avg_cross_state_asymmetry |         0.00348 |
|                Metric/avg_self_sa_asymmetry |               0 |
|               Metric/avg_cross_sa_asymmetry |         0.00309 |
|  Metric/self_state_action_to_state_distance |        0.000434 |
| Metric/cross_state_action_to_state_distance |           0.979 |
|                   Metric/h_lambda_diff_self |         0.00194 |
|                  Metric/h_lambda_diff_cross |         0.00405 |
|                                 Eval/Return |             287 |
-----------------------------------------------------------------
-----------------------------------------------------------------
|                                 Train/Steps |         5.2e+05 |
|                            Loss/Loss_critic |           0.488 |
|                             Loss/Loss_actor |           -22.2 |
|                             Loss/Loss_alpha |        -0.00263 |
|               Loss/Loss_state_action_metric |         0.00496 |
|                      Loss/Loss_state_metric |         0.00378 |
|             Loss/Loss_state_action_to_state |        4.26e-05 |
|                           Loss/Act_rep_loss |           0.529 |
|                                   SAC/Alpha |          0.0249 |
|                              SAC/LogPi_mean |            1.27 |
|                                 SAC/Q1_mean |            22.1 |
|                                 SAC/Q2_mean |              22 |
|                            Norm/actor_model |            82.7 |
|                           Norm/critic_model |             137 |
|              Norm/state_action_metric_model |            33.4 |
|                     Norm/state_metric_model |            32.7 |
|        Norm/state_action_state_metric_model |            33.4 |
|                  Metric/self_state_distance |        0.000285 |
|                 Metric/cross_state_distance |           0.995 |
|           Metric/self_state_action_distance |         0.00173 |
|          Metric/cross_state_action_distance |           0.993 |
|             Metric/avg_self_state_asymmetry |               0 |
|            Metric/avg_cross_state_asymmetry |         0.00315 |
|                Metric/avg_self_sa_asymmetry |               0 |
|               Metric/avg_cross_sa_asymmetry |         0.00373 |
|  Metric/self_state_action_to_state_distance |        0.000593 |
| Metric/cross_state_action_to_state_distance |           0.992 |
|                   Metric/h_lambda_diff_self |         0.00157 |
|                  Metric/h_lambda_diff_cross |          0.0048 |
|                                 Eval/Return |             334 |
-----------------------------------------------------------------
-----------------------------------------------------------------
|                                 Train/Steps |        6.48e+05 |
|                            Loss/Loss_critic |           0.674 |
|                             Loss/Loss_actor |           -27.8 |
|                             Loss/Loss_alpha |        -0.00174 |
|               Loss/Loss_state_action_metric |         0.00566 |
|                      Loss/Loss_state_metric |         0.00297 |
|             Loss/Loss_state_action_to_state |        0.000384 |
|                           Loss/Act_rep_loss |           0.479 |
|                                   SAC/Alpha |          0.0229 |
|                              SAC/LogPi_mean |           0.957 |
|                                 SAC/Q1_mean |            27.8 |
|                                 SAC/Q2_mean |            27.6 |
|                            Norm/actor_model |            90.6 |
|                           Norm/critic_model |             150 |
|              Norm/state_action_metric_model |            35.9 |
|                     Norm/state_metric_model |            34.1 |
|        Norm/state_action_state_metric_model |            35.3 |
|                  Metric/self_state_distance |          0.0011 |
|                 Metric/cross_state_distance |            1.01 |
|           Metric/self_state_action_distance |         0.00213 |
|          Metric/cross_state_action_distance |            1.02 |
|             Metric/avg_self_state_asymmetry |               0 |
|            Metric/avg_cross_state_asymmetry |         0.00228 |
|                Metric/avg_self_sa_asymmetry |               0 |
|               Metric/avg_cross_sa_asymmetry |         0.00369 |
|  Metric/self_state_action_to_state_distance |        0.000642 |
| Metric/cross_state_action_to_state_distance |            1.02 |
|                   Metric/h_lambda_diff_self |         0.00173 |
|                  Metric/h_lambda_diff_cross |         0.00463 |
|                                 Eval/Return |             273 |
-----------------------------------------------------------------
-----------------------------------------------------------------
|                                 Train/Steps |        7.76e+05 |
|                            Loss/Loss_critic |           0.446 |
|                             Loss/Loss_actor |             -31 |
|                             Loss/Loss_alpha |         0.00225 |
|               Loss/Loss_state_action_metric |          0.0053 |
|                      Loss/Loss_state_metric |         0.00303 |
|             Loss/Loss_state_action_to_state |        2.86e-05 |
|                           Loss/Act_rep_loss |           0.426 |
|                                   SAC/Alpha |          0.0228 |
|                              SAC/LogPi_mean |           0.887 |
|                                 SAC/Q1_mean |              31 |
|                                 SAC/Q2_mean |            30.9 |
|                            Norm/actor_model |            97.9 |
|                           Norm/critic_model |             161 |
|              Norm/state_action_metric_model |            38.3 |
|                     Norm/state_metric_model |            35.9 |
|        Norm/state_action_state_metric_model |            37.7 |
|                  Metric/self_state_distance |         0.00029 |
|                 Metric/cross_state_distance |            1.01 |
|           Metric/self_state_action_distance |        0.000747 |
|          Metric/cross_state_action_distance |            1.02 |
|             Metric/avg_self_state_asymmetry |               0 |
|            Metric/avg_cross_state_asymmetry |          0.0022 |
|                Metric/avg_self_sa_asymmetry |               0 |
|               Metric/avg_cross_sa_asymmetry |         0.00321 |
|  Metric/self_state_action_to_state_distance |        0.000353 |
| Metric/cross_state_action_to_state_distance |            1.02 |
|                   Metric/h_lambda_diff_self |        0.000617 |
|                  Metric/h_lambda_diff_cross |         0.00455 |
|                                 Eval/Return |             352 |
-----------------------------------------------------------------
-----------------------------------------------------------------
|                                 Train/Steps |        9.04e+05 |
|                            Loss/Loss_critic |            1.55 |
|                             Loss/Loss_actor |           -32.2 |
|                             Loss/Loss_alpha |        -0.00181 |
|               Loss/Loss_state_action_metric |         0.00596 |
|                      Loss/Loss_state_metric |         0.00371 |
|             Loss/Loss_state_action_to_state |        3.62e-05 |
|                           Loss/Act_rep_loss |           0.443 |
|                                   SAC/Alpha |          0.0218 |
|                              SAC/LogPi_mean |             1.1 |
|                                 SAC/Q1_mean |            32.1 |
|                                 SAC/Q2_mean |            32.2 |
|                            Norm/actor_model |             105 |
|                           Norm/critic_model |             171 |
|              Norm/state_action_metric_model |            40.9 |
|                     Norm/state_metric_model |            37.9 |
|        Norm/state_action_state_metric_model |            40.1 |
|                  Metric/self_state_distance |        0.000289 |
|                 Metric/cross_state_distance |            1.02 |
|           Metric/self_state_action_distance |         0.00235 |
|          Metric/cross_state_action_distance |            1.03 |
|             Metric/avg_self_state_asymmetry |               0 |
|            Metric/avg_cross_state_asymmetry |         0.00347 |
|                Metric/avg_self_sa_asymmetry |               0 |
|               Metric/avg_cross_sa_asymmetry |         0.00303 |
|  Metric/self_state_action_to_state_distance |        0.000626 |
| Metric/cross_state_action_to_state_distance |            1.03 |
|                   Metric/h_lambda_diff_self |         0.00185 |
|                  Metric/h_lambda_diff_cross |         0.00431 |
|                                 Eval/Return |             437 |
-----------------------------------------------------------------
-----------------------------------------------------------------
|                                 Train/Steps |        1.03e+06 |
|                            Loss/Loss_critic |            1.25 |
|                             Loss/Loss_actor |           -36.7 |
|                             Loss/Loss_alpha |       -0.000421 |
|               Loss/Loss_state_action_metric |         0.00528 |
|                      Loss/Loss_state_metric |         0.00332 |
|             Loss/Loss_state_action_to_state |        5.98e-05 |
|                           Loss/Act_rep_loss |           0.442 |
|                                   SAC/Alpha |          0.0203 |
|                              SAC/LogPi_mean |            1.02 |
|                                 SAC/Q1_mean |            36.7 |
|                                 SAC/Q2_mean |            36.8 |
|                            Norm/actor_model |             110 |
|                           Norm/critic_model |             180 |
|              Norm/state_action_metric_model |            43.5 |
|                     Norm/state_metric_model |            40.5 |
|        Norm/state_action_state_metric_model |            42.7 |
|                  Metric/self_state_distance |         0.00125 |
|                 Metric/cross_state_distance |            1.02 |
|           Metric/self_state_action_distance |         0.00119 |
|          Metric/cross_state_action_distance |            1.03 |
|             Metric/avg_self_state_asymmetry |               0 |
|            Metric/avg_cross_state_asymmetry |         0.00322 |
|                Metric/avg_self_sa_asymmetry |               0 |
|               Metric/avg_cross_sa_asymmetry |         0.00403 |
|  Metric/self_state_action_to_state_distance |        0.000605 |
| Metric/cross_state_action_to_state_distance |            1.03 |
|                   Metric/h_lambda_diff_self |        0.000854 |
|                  Metric/h_lambda_diff_cross |         0.00502 |
|                                 Eval/Return |             454 |
-----------------------------------------------------------------
[32mSaving model …[0m
[32mDone.[0m
[32mSaving model …[0m
[32mDone.[0m
[32mSaving model …[0m
[32mDone.[0m
[32mSaving model …[0m
[32mDone.[0m
-----------------------------------------------------------------
|                                 Train/Steps |        1.16e+06 |
|                            Loss/Loss_critic |           0.618 |
|                             Loss/Loss_actor |           -37.6 |
|                             Loss/Loss_alpha |         0.00545 |
|               Loss/Loss_state_action_metric |         0.00553 |
|                      Loss/Loss_state_metric |         0.00375 |
|             Loss/Loss_state_action_to_state |        2.65e-05 |
|                           Loss/Act_rep_loss |           0.411 |
|                                   SAC/Alpha |          0.0221 |
|                              SAC/LogPi_mean |           0.897 |
|                                 SAC/Q1_mean |            37.8 |
|                                 SAC/Q2_mean |            37.6 |
|                            Norm/actor_model |             116 |
|                           Norm/critic_model |             186 |
|              Norm/state_action_metric_model |            46.1 |
|                     Norm/state_metric_model |            42.9 |
|        Norm/state_action_state_metric_model |            45.2 |
|                  Metric/self_state_distance |        0.000255 |
|                 Metric/cross_state_distance |            1.03 |
|           Metric/self_state_action_distance |         0.00108 |
|          Metric/cross_state_action_distance |            1.03 |
|             Metric/avg_self_state_asymmetry |               0 |
|            Metric/avg_cross_state_asymmetry |         0.00312 |
|                Metric/avg_self_sa_asymmetry |               0 |
|               Metric/avg_cross_sa_asymmetry |         0.00292 |
|  Metric/self_state_action_to_state_distance |        0.000557 |
| Metric/cross_state_action_to_state_distance |            1.03 |
|                   Metric/h_lambda_diff_self |        0.000902 |
|                  Metric/h_lambda_diff_cross |         0.00406 |
|                                 Eval/Return |             444 |
-----------------------------------------------------------------
-----------------------------------------------------------------
|                                 Train/Steps |        1.29e+06 |
|                            Loss/Loss_critic |            1.28 |
|                             Loss/Loss_actor |             -41 |
|                             Loss/Loss_alpha |        -0.00154 |
|               Loss/Loss_state_action_metric |         0.00497 |
|                      Loss/Loss_state_metric |         0.00354 |
|             Loss/Loss_state_action_to_state |         3.5e-05 |
|                           Loss/Act_rep_loss |            0.45 |
|                                   SAC/Alpha |          0.0217 |
|                              SAC/LogPi_mean |            1.19 |
|                                 SAC/Q1_mean |              41 |
|                                 SAC/Q2_mean |              41 |
|                            Norm/actor_model |             122 |
|                           Norm/critic_model |             192 |
|              Norm/state_action_metric_model |            49.4 |
|                     Norm/state_metric_model |            45.2 |
|        Norm/state_action_state_metric_model |            48.1 |
|                  Metric/self_state_distance |        0.000768 |
|                 Metric/cross_state_distance |            1.04 |
|           Metric/self_state_action_distance |        0.000647 |
|          Metric/cross_state_action_distance |            1.05 |
|             Metric/avg_self_state_asymmetry |               0 |
|            Metric/avg_cross_state_asymmetry |         0.00231 |
|                Metric/avg_self_sa_asymmetry |               0 |
|               Metric/avg_cross_sa_asymmetry |          0.0028 |
|  Metric/self_state_action_to_state_distance |         0.00349 |
| Metric/cross_state_action_to_state_distance |            1.04 |
|                   Metric/h_lambda_diff_self |         0.00328 |
|                  Metric/h_lambda_diff_cross |         0.00393 |
|                                 Eval/Return |             396 |
-----------------------------------------------------------------
-----------------------------------------------------------------
|                                 Train/Steps |        1.42e+06 |
|                            Loss/Loss_critic |            0.61 |
|                             Loss/Loss_actor |           -41.5 |
|                             Loss/Loss_alpha |        -0.00113 |
|               Loss/Loss_state_action_metric |          0.0058 |
|                      Loss/Loss_state_metric |         0.00352 |
|             Loss/Loss_state_action_to_state |        5.55e-05 |
|                           Loss/Act_rep_loss |           0.466 |
|                                   SAC/Alpha |           0.023 |
|                              SAC/LogPi_mean |            1.15 |
|                                 SAC/Q1_mean |            41.5 |
|                                 SAC/Q2_mean |            41.4 |
|                            Norm/actor_model |             127 |
|                           Norm/critic_model |             199 |
|              Norm/state_action_metric_model |            52.2 |
|                     Norm/state_metric_model |            47.4 |
|        Norm/state_action_state_metric_model |            50.9 |
|                  Metric/self_state_distance |        0.000334 |
|                 Metric/cross_state_distance |            1.04 |
|           Metric/self_state_action_distance |        0.000941 |
|          Metric/cross_state_action_distance |            1.04 |
|             Metric/avg_self_state_asymmetry |               0 |
|            Metric/avg_cross_state_asymmetry |         0.00341 |
|                Metric/avg_self_sa_asymmetry |               0 |
|               Metric/avg_cross_sa_asymmetry |         0.00343 |
|  Metric/self_state_action_to_state_distance |        0.000903 |
| Metric/cross_state_action_to_state_distance |            1.04 |
|                   Metric/h_lambda_diff_self |        0.000929 |
|                  Metric/h_lambda_diff_cross |          0.0044 |
|                                 Eval/Return |             428 |
-----------------------------------------------------------------
-----------------------------------------------------------------
|                                 Train/Steps |        1.54e+06 |
|                            Loss/Loss_critic |           0.591 |
|                             Loss/Loss_actor |           -44.5 |
|                             Loss/Loss_alpha |        -0.00153 |
|               Loss/Loss_state_action_metric |         0.00563 |
|                      Loss/Loss_state_metric |         0.00399 |
|             Loss/Loss_state_action_to_state |        4.13e-05 |
|                           Loss/Act_rep_loss |           0.466 |
|                                   SAC/Alpha |          0.0234 |
|                              SAC/LogPi_mean |            1.04 |
|                                 SAC/Q1_mean |            44.5 |
|                                 SAC/Q2_mean |            44.4 |
|                            Norm/actor_model |             132 |
|                           Norm/critic_model |             207 |
|              Norm/state_action_metric_model |            54.9 |
|                     Norm/state_metric_model |            49.2 |
|        Norm/state_action_state_metric_model |            53.4 |
|                  Metric/self_state_distance |          0.0015 |
|                 Metric/cross_state_distance |            1.04 |
|           Metric/self_state_action_distance |         0.00126 |
|          Metric/cross_state_action_distance |            1.05 |
|             Metric/avg_self_state_asymmetry |               0 |
|            Metric/avg_cross_state_asymmetry |         0.00196 |
|                Metric/avg_self_sa_asymmetry |               0 |
|               Metric/avg_cross_sa_asymmetry |         0.00357 |
|  Metric/self_state_action_to_state_distance |        0.000403 |
| Metric/cross_state_action_to_state_distance |            1.05 |
|                   Metric/h_lambda_diff_self |          0.0012 |
|                  Metric/h_lambda_diff_cross |         0.00522 |
|                                 Eval/Return |             596 |
-----------------------------------------------------------------
-----------------------------------------------------------------
|                                 Train/Steps |        1.67e+06 |
|                            Loss/Loss_critic |           0.999 |
|                             Loss/Loss_actor |           -41.9 |
|                             Loss/Loss_alpha |        -0.00115 |
|               Loss/Loss_state_action_metric |         0.00663 |
|                      Loss/Loss_state_metric |         0.00472 |
|             Loss/Loss_state_action_to_state |        2.13e-05 |
|                           Loss/Act_rep_loss |           0.437 |
|                                   SAC/Alpha |          0.0232 |
|                              SAC/LogPi_mean |            1.13 |
|                                 SAC/Q1_mean |            41.8 |
|                                 SAC/Q2_mean |            41.9 |
|                            Norm/actor_model |             137 |
|                           Norm/critic_model |             215 |
|              Norm/state_action_metric_model |            57.6 |
|                     Norm/state_metric_model |            51.2 |
|        Norm/state_action_state_metric_model |            56.3 |
|                  Metric/self_state_distance |        0.000611 |
|                 Metric/cross_state_distance |            1.03 |
|           Metric/self_state_action_distance |          0.0023 |
|          Metric/cross_state_action_distance |            1.04 |
|             Metric/avg_self_state_asymmetry |               0 |
|            Metric/avg_cross_state_asymmetry |         0.00188 |
|                Metric/avg_self_sa_asymmetry |               0 |
|               Metric/avg_cross_sa_asymmetry |         0.00276 |
|  Metric/self_state_action_to_state_distance |        0.000129 |
| Metric/cross_state_action_to_state_distance |            1.04 |
|                   Metric/h_lambda_diff_self |          0.0022 |
|                  Metric/h_lambda_diff_cross |          0.0035 |
|                                 Eval/Return |             366 |
-----------------------------------------------------------------
-----------------------------------------------------------------
|                                 Train/Steps |         1.8e+06 |
|                            Loss/Loss_critic |             2.3 |
|                             Loss/Loss_actor |           -45.8 |
|                             Loss/Loss_alpha |       -9.61e-05 |
|               Loss/Loss_state_action_metric |         0.00635 |
|                      Loss/Loss_state_metric |           0.004 |
|             Loss/Loss_state_action_to_state |        3.83e-05 |
|                           Loss/Act_rep_loss |           0.384 |
|                                   SAC/Alpha |           0.022 |
|                              SAC/LogPi_mean |               1 |
|                                 SAC/Q1_mean |            45.8 |
|                                 SAC/Q2_mean |            45.7 |
|                            Norm/actor_model |             141 |
|                           Norm/critic_model |             221 |
|              Norm/state_action_metric_model |            60.2 |
|                     Norm/state_metric_model |              53 |
|        Norm/state_action_state_metric_model |            58.8 |
|                  Metric/self_state_distance |         0.00161 |
|                 Metric/cross_state_distance |            1.04 |
|           Metric/self_state_action_distance |         0.00163 |
|          Metric/cross_state_action_distance |            1.04 |
|             Metric/avg_self_state_asymmetry |               0 |
|            Metric/avg_cross_state_asymmetry |          0.0019 |
|                Metric/avg_self_sa_asymmetry |               0 |
|               Metric/avg_cross_sa_asymmetry |         0.00326 |
|  Metric/self_state_action_to_state_distance |        9.58e-05 |
| Metric/cross_state_action_to_state_distance |            1.05 |
|                   Metric/h_lambda_diff_self |         0.00154 |
|                  Metric/h_lambda_diff_cross |         0.00728 |
|                                 Eval/Return |             445 |
-----------------------------------------------------------------
-----------------------------------------------------------------
|                                 Train/Steps |        1.93e+06 |
|                            Loss/Loss_critic |            1.28 |
|                             Loss/Loss_actor |           -45.6 |
|                             Loss/Loss_alpha |        -0.00338 |
|               Loss/Loss_state_action_metric |          0.0058 |
|                      Loss/Loss_state_metric |         0.00398 |
|             Loss/Loss_state_action_to_state |        3.68e-05 |
|                           Loss/Act_rep_loss |           0.408 |
|                                   SAC/Alpha |          0.0237 |
|                              SAC/LogPi_mean |            1.21 |
|                                 SAC/Q1_mean |            45.5 |
|                                 SAC/Q2_mean |            45.4 |
|                            Norm/actor_model |             146 |
|                           Norm/critic_model |             228 |
|              Norm/state_action_metric_model |            62.6 |
|                     Norm/state_metric_model |            54.6 |
|        Norm/state_action_state_metric_model |            61.3 |
|                  Metric/self_state_distance |        0.000297 |
|                 Metric/cross_state_distance |            1.04 |
|           Metric/self_state_action_distance |        0.000742 |
|          Metric/cross_state_action_distance |            1.05 |
|             Metric/avg_self_state_asymmetry |               0 |
|            Metric/avg_cross_state_asymmetry |         0.00165 |
|                Metric/avg_self_sa_asymmetry |               0 |
|               Metric/avg_cross_sa_asymmetry |         0.00303 |
|  Metric/self_state_action_to_state_distance |        0.000687 |
| Metric/cross_state_action_to_state_distance |            1.05 |
|                   Metric/h_lambda_diff_self |        0.000474 |
|                  Metric/h_lambda_diff_cross |         0.00347 |
|                                 Eval/Return |             609 |
-----------------------------------------------------------------
-----------------------------------------------------------------
|                                 Train/Steps |        2.06e+06 |
|                            Loss/Loss_critic |            1.18 |
|                             Loss/Loss_actor |           -47.7 |
|                             Loss/Loss_alpha |         0.00364 |
|               Loss/Loss_state_action_metric |         0.00547 |
|                      Loss/Loss_state_metric |         0.00355 |
|             Loss/Loss_state_action_to_state |        3.22e-05 |
|                           Loss/Act_rep_loss |            0.33 |
|                                   SAC/Alpha |          0.0243 |
|                              SAC/LogPi_mean |           0.805 |
|                                 SAC/Q1_mean |            47.7 |
|                                 SAC/Q2_mean |            47.5 |
|                            Norm/actor_model |             150 |
|                           Norm/critic_model |             234 |
|              Norm/state_action_metric_model |            65.2 |
|                     Norm/state_metric_model |            56.2 |
|        Norm/state_action_state_metric_model |            63.7 |
|                  Metric/self_state_distance |         0.00107 |
|                 Metric/cross_state_distance |            1.04 |
|           Metric/self_state_action_distance |         0.00144 |
|          Metric/cross_state_action_distance |            1.04 |
|             Metric/avg_self_state_asymmetry |               0 |
|            Metric/avg_cross_state_asymmetry |         0.00461 |
|                Metric/avg_self_sa_asymmetry |               0 |
|               Metric/avg_cross_sa_asymmetry |         0.00282 |
|  Metric/self_state_action_to_state_distance |        0.000689 |
| Metric/cross_state_action_to_state_distance |            1.04 |
|                   Metric/h_lambda_diff_self |         0.00131 |
|                  Metric/h_lambda_diff_cross |         0.00374 |
|                                 Eval/Return |             546 |
-----------------------------------------------------------------
[32mSaving model …[0m
[32mDone.[0m
[32mSaving model …[0m
[32mDone.[0m
[32mSaving model …[0m
[32mDone.[0m
[32mSaving model …[0m
[32mDone.[0m
-----------------------------------------------------------------
|                                 Train/Steps |        2.18e+06 |
|                            Loss/Loss_critic |            0.76 |
|                             Loss/Loss_actor |           -45.9 |
|                             Loss/Loss_alpha |       -2.46e-05 |
|               Loss/Loss_state_action_metric |         0.00566 |
|                      Loss/Loss_state_metric |         0.00349 |
|             Loss/Loss_state_action_to_state |        6.47e-05 |
|                           Loss/Act_rep_loss |           0.407 |
|                                   SAC/Alpha |          0.0267 |
|                              SAC/LogPi_mean |            1.01 |
|                                 SAC/Q1_mean |            45.8 |
|                                 SAC/Q2_mean |            45.9 |
|                            Norm/actor_model |             154 |
|                           Norm/critic_model |             239 |
|              Norm/state_action_metric_model |            67.4 |
|                     Norm/state_metric_model |              58 |
|        Norm/state_action_state_metric_model |            66.3 |
|                  Metric/self_state_distance |        0.000819 |
|                 Metric/cross_state_distance |            1.04 |
|           Metric/self_state_action_distance |         0.00144 |
|          Metric/cross_state_action_distance |            1.04 |
|             Metric/avg_self_state_asymmetry |               0 |
|            Metric/avg_cross_state_asymmetry |          0.0027 |
|                Metric/avg_self_sa_asymmetry |               0 |
|               Metric/avg_cross_sa_asymmetry |          0.0034 |
|  Metric/self_state_action_to_state_distance |        0.000486 |
| Metric/cross_state_action_to_state_distance |            1.04 |
|                   Metric/h_lambda_diff_self |         0.00103 |
|                  Metric/h_lambda_diff_cross |          0.0046 |
|                                 Eval/Return |             537 |
-----------------------------------------------------------------
-----------------------------------------------------------------
|                                 Train/Steps |        2.31e+06 |
|                            Loss/Loss_critic |            1.31 |
|                             Loss/Loss_actor |           -53.3 |
|                             Loss/Loss_alpha |        0.000484 |
|               Loss/Loss_state_action_metric |         0.00671 |
|                      Loss/Loss_state_metric |          0.0043 |
|             Loss/Loss_state_action_to_state |        2.65e-05 |
|                           Loss/Act_rep_loss |           0.292 |
|                                   SAC/Alpha |          0.0244 |
|                              SAC/LogPi_mean |           0.919 |
|                                 SAC/Q1_mean |            53.3 |
|                                 SAC/Q2_mean |            53.3 |
|                            Norm/actor_model |             158 |
|                           Norm/critic_model |             245 |
|              Norm/state_action_metric_model |            69.7 |
|                     Norm/state_metric_model |            59.8 |
|        Norm/state_action_state_metric_model |            68.2 |
|                  Metric/self_state_distance |        0.000402 |
|                 Metric/cross_state_distance |            1.05 |
|           Metric/self_state_action_distance |        0.000616 |
|          Metric/cross_state_action_distance |            1.06 |
|             Metric/avg_self_state_asymmetry |               0 |
|            Metric/avg_cross_state_asymmetry |         0.00241 |
|                Metric/avg_self_sa_asymmetry |               0 |
|               Metric/avg_cross_sa_asymmetry |         0.00279 |
|  Metric/self_state_action_to_state_distance |        0.000321 |
| Metric/cross_state_action_to_state_distance |            1.06 |
|                   Metric/h_lambda_diff_self |        0.000358 |
|                  Metric/h_lambda_diff_cross |         0.00361 |
|                                 Eval/Return |             562 |
-----------------------------------------------------------------
-----------------------------------------------------------------
|                                 Train/Steps |        2.44e+06 |
|                            Loss/Loss_critic |           0.234 |
|                             Loss/Loss_actor |           -51.6 |
|                             Loss/Loss_alpha |        -0.00283 |
|               Loss/Loss_state_action_metric |         0.00588 |
|                      Loss/Loss_state_metric |         0.00417 |
|             Loss/Loss_state_action_to_state |        2.27e-05 |
|                           Loss/Act_rep_loss |           0.396 |
|                                   SAC/Alpha |          0.0229 |
|                              SAC/LogPi_mean |             1.1 |
|                                 SAC/Q1_mean |            51.6 |
|                                 SAC/Q2_mean |            51.5 |
|                            Norm/actor_model |             162 |
|                           Norm/critic_model |             251 |
|              Norm/state_action_metric_model |              72 |
|                     Norm/state_metric_model |            61.1 |
|        Norm/state_action_state_metric_model |            70.2 |
|                  Metric/self_state_distance |        3.92e-05 |
|                 Metric/cross_state_distance |            1.04 |
|           Metric/self_state_action_distance |        0.000907 |
|          Metric/cross_state_action_distance |            1.05 |
|             Metric/avg_self_state_asymmetry |               0 |
|            Metric/avg_cross_state_asymmetry |          0.0019 |
|                Metric/avg_self_sa_asymmetry |               0 |
|               Metric/avg_cross_sa_asymmetry |         0.00224 |
|  Metric/self_state_action_to_state_distance |        0.000263 |
| Metric/cross_state_action_to_state_distance |            1.05 |
|                   Metric/h_lambda_diff_self |        0.000792 |
|                  Metric/h_lambda_diff_cross |         0.00336 |
|                                 Eval/Return |             626 |
-----------------------------------------------------------------
-----------------------------------------------------------------
|                                 Train/Steps |        2.57e+06 |
|                            Loss/Loss_critic |            2.02 |
|                             Loss/Loss_actor |           -55.4 |
|                             Loss/Loss_alpha |        0.000874 |
|               Loss/Loss_state_action_metric |         0.00571 |
|                      Loss/Loss_state_metric |         0.00428 |
|             Loss/Loss_state_action_to_state |        1.72e-05 |
|                           Loss/Act_rep_loss |           0.367 |
|                                   SAC/Alpha |           0.023 |
|                              SAC/LogPi_mean |           0.929 |
|                                 SAC/Q1_mean |            55.3 |
|                                 SAC/Q2_mean |            55.4 |
|                            Norm/actor_model |             166 |
|                           Norm/critic_model |             257 |
|              Norm/state_action_metric_model |            74.1 |
|                     Norm/state_metric_model |            62.8 |
|        Norm/state_action_state_metric_model |              72 |
|                  Metric/self_state_distance |        0.000489 |
|                 Metric/cross_state_distance |            1.03 |
|           Metric/self_state_action_distance |        0.000727 |
|          Metric/cross_state_action_distance |            1.03 |
|             Metric/avg_self_state_asymmetry |               0 |
|            Metric/avg_cross_state_asymmetry |         0.00136 |
|                Metric/avg_self_sa_asymmetry |               0 |
|               Metric/avg_cross_sa_asymmetry |         0.00267 |
|  Metric/self_state_action_to_state_distance |        0.000369 |
| Metric/cross_state_action_to_state_distance |            1.03 |
|                   Metric/h_lambda_diff_self |        0.000553 |
|                  Metric/h_lambda_diff_cross |          0.0028 |
|                                 Eval/Return |             621 |
-----------------------------------------------------------------
-----------------------------------------------------------------
|                                 Train/Steps |         2.7e+06 |
|                            Loss/Loss_critic |            3.32 |
|                             Loss/Loss_actor |             -52 |
|                             Loss/Loss_alpha |        -0.00334 |
|               Loss/Loss_state_action_metric |         0.00712 |
|                      Loss/Loss_state_metric |         0.00553 |
|             Loss/Loss_state_action_to_state |        3.78e-05 |
|                           Loss/Act_rep_loss |           0.381 |
|                                   SAC/Alpha |          0.0229 |
|                              SAC/LogPi_mean |            1.22 |
|                                 SAC/Q1_mean |              52 |
|                                 SAC/Q2_mean |              52 |
|                            Norm/actor_model |             169 |
|                           Norm/critic_model |             262 |
|              Norm/state_action_metric_model |            76.2 |
|                     Norm/state_metric_model |            64.4 |
|        Norm/state_action_state_metric_model |            74.2 |
|                  Metric/self_state_distance |        0.000432 |
|                 Metric/cross_state_distance |            1.05 |
|           Metric/self_state_action_distance |         0.00251 |
|          Metric/cross_state_action_distance |            1.06 |
|             Metric/avg_self_state_asymmetry |               0 |
|            Metric/avg_cross_state_asymmetry |         0.00163 |
|                Metric/avg_self_sa_asymmetry |               0 |
|               Metric/avg_cross_sa_asymmetry |         0.00249 |
|  Metric/self_state_action_to_state_distance |        0.000504 |
| Metric/cross_state_action_to_state_distance |            1.06 |
|                   Metric/h_lambda_diff_self |         0.00216 |
|                  Metric/h_lambda_diff_cross |         0.00362 |
|                                 Eval/Return |             584 |
-----------------------------------------------------------------
-----------------------------------------------------------------
|                                 Train/Steps |        2.82e+06 |
|                            Loss/Loss_critic |            1.72 |
|                             Loss/Loss_actor |           -57.4 |
|                             Loss/Loss_alpha |        -0.00264 |
|               Loss/Loss_state_action_metric |         0.00544 |
|                      Loss/Loss_state_metric |          0.0038 |
|             Loss/Loss_state_action_to_state |        5.33e-05 |
|                           Loss/Act_rep_loss |           0.395 |
|                                   SAC/Alpha |          0.0219 |
|                              SAC/LogPi_mean |            1.23 |
|                                 SAC/Q1_mean |            57.1 |
|                                 SAC/Q2_mean |            57.3 |
|                            Norm/actor_model |             173 |
|                           Norm/critic_model |             268 |
|              Norm/state_action_metric_model |            78.6 |
|                     Norm/state_metric_model |              66 |
|        Norm/state_action_state_metric_model |            75.9 |
|                  Metric/self_state_distance |         0.00107 |
|                 Metric/cross_state_distance |            1.05 |
|           Metric/self_state_action_distance |         0.00106 |
|          Metric/cross_state_action_distance |            1.06 |
|             Metric/avg_self_state_asymmetry |               0 |
|            Metric/avg_cross_state_asymmetry |          0.0025 |
|                Metric/avg_self_sa_asymmetry |               0 |
|               Metric/avg_cross_sa_asymmetry |         0.00322 |
|  Metric/self_state_action_to_state_distance |        0.000322 |
| Metric/cross_state_action_to_state_distance |            1.06 |
|                   Metric/h_lambda_diff_self |        0.000838 |
|                  Metric/h_lambda_diff_cross |         0.00429 |
|                                 Eval/Return |             603 |
-----------------------------------------------------------------
-----------------------------------------------------------------
|                                 Train/Steps |        2.95e+06 |
|                            Loss/Loss_critic |            1.05 |
|                             Loss/Loss_actor |           -55.8 |
|                             Loss/Loss_alpha |        -0.00421 |
|               Loss/Loss_state_action_metric |         0.00581 |
|                      Loss/Loss_state_metric |          0.0036 |
|             Loss/Loss_state_action_to_state |        4.96e-05 |
|                           Loss/Act_rep_loss |           0.426 |
|                                   SAC/Alpha |          0.0225 |
|                              SAC/LogPi_mean |             1.2 |
|                                 SAC/Q1_mean |            55.8 |
|                                 SAC/Q2_mean |            55.8 |
|                            Norm/actor_model |             177 |
|                           Norm/critic_model |             273 |
|              Norm/state_action_metric_model |            80.6 |
|                     Norm/state_metric_model |            67.6 |
|        Norm/state_action_state_metric_model |            78.2 |
|                  Metric/self_state_distance |        0.000396 |
|                 Metric/cross_state_distance |            1.04 |
|           Metric/self_state_action_distance |        0.000784 |
|          Metric/cross_state_action_distance |            1.05 |
|             Metric/avg_self_state_asymmetry |               0 |
|            Metric/avg_cross_state_asymmetry |         0.00199 |
|                Metric/avg_self_sa_asymmetry |               0 |
|               Metric/avg_cross_sa_asymmetry |         0.00318 |
|  Metric/self_state_action_to_state_distance |         0.00017 |
| Metric/cross_state_action_to_state_distance |            1.05 |
|                   Metric/h_lambda_diff_self |        0.000772 |
|                  Metric/h_lambda_diff_cross |         0.00527 |
|                                 Eval/Return |             568 |
-----------------------------------------------------------------
-----------------------------------------------------------------
|                                 Train/Steps |        3.08e+06 |
|                            Loss/Loss_critic |            0.62 |
|                             Loss/Loss_actor |           -56.7 |
|                             Loss/Loss_alpha |        -0.00122 |
|               Loss/Loss_state_action_metric |         0.00643 |
|                      Loss/Loss_state_metric |         0.00447 |
|             Loss/Loss_state_action_to_state |        2.71e-05 |
|                           Loss/Act_rep_loss |           0.395 |
|                                   SAC/Alpha |          0.0201 |
|                              SAC/LogPi_mean |            1.08 |
|                                 SAC/Q1_mean |            56.7 |
|                                 SAC/Q2_mean |            56.7 |
|                            Norm/actor_model |             180 |
|                           Norm/critic_model |             278 |
|              Norm/state_action_metric_model |            82.8 |
|                     Norm/state_metric_model |            69.4 |
|        Norm/state_action_state_metric_model |            79.9 |
|                  Metric/self_state_distance |        0.000348 |
|                 Metric/cross_state_distance |            1.04 |
|           Metric/self_state_action_distance |         0.00112 |
|          Metric/cross_state_action_distance |            1.05 |
|             Metric/avg_self_state_asymmetry |               0 |
|            Metric/avg_cross_state_asymmetry |         0.00172 |
|                Metric/avg_self_sa_asymmetry |               0 |
|               Metric/avg_cross_sa_asymmetry |         0.00246 |
|  Metric/self_state_action_to_state_distance |        0.000161 |
| Metric/cross_state_action_to_state_distance |            1.05 |
|                   Metric/h_lambda_diff_self |        0.000954 |
|                  Metric/h_lambda_diff_cross |         0.00373 |
|                                 Eval/Return |             585 |
-----------------------------------------------------------------
[32mSaving model …[0m
[32mDone.[0m
[32mSaving model …[0m
[32mDone.[0m
[32mSaving model …[0m
[32mDone.[0m
[32mSaving model …[0m
[32mDone.[0m
-----------------------------------------------------------------
|                                 Train/Steps |        3.21e+06 |
|                            Loss/Loss_critic |           0.632 |
|                             Loss/Loss_actor |           -60.7 |
|                             Loss/Loss_alpha |         0.00237 |
|               Loss/Loss_state_action_metric |         0.00623 |
|                      Loss/Loss_state_metric |         0.00433 |
|             Loss/Loss_state_action_to_state |        4.03e-05 |
|                           Loss/Act_rep_loss |           0.284 |
|                                   SAC/Alpha |          0.0245 |
|                              SAC/LogPi_mean |           0.997 |
|                                 SAC/Q1_mean |            60.6 |
|                                 SAC/Q2_mean |            60.8 |
|                            Norm/actor_model |             184 |
|                           Norm/critic_model |             283 |
|              Norm/state_action_metric_model |            84.6 |
|                     Norm/state_metric_model |            70.7 |
|        Norm/state_action_state_metric_model |            81.8 |
|                  Metric/self_state_distance |        0.000523 |
|                 Metric/cross_state_distance |            1.03 |
|           Metric/self_state_action_distance |          0.0009 |
|          Metric/cross_state_action_distance |            1.04 |
|             Metric/avg_self_state_asymmetry |               0 |
|            Metric/avg_cross_state_asymmetry |         0.00216 |
|                Metric/avg_self_sa_asymmetry |               0 |
|               Metric/avg_cross_sa_asymmetry |         0.00245 |
|  Metric/self_state_action_to_state_distance |        0.000339 |
| Metric/cross_state_action_to_state_distance |            1.04 |
|                   Metric/h_lambda_diff_self |         0.00102 |
|                  Metric/h_lambda_diff_cross |         0.00373 |
|                                 Eval/Return |             564 |
-----------------------------------------------------------------
-----------------------------------------------------------------
|                                 Train/Steps |        3.34e+06 |
|                            Loss/Loss_critic |           0.951 |
|                             Loss/Loss_actor |             -61 |
|                             Loss/Loss_alpha |       -0.000577 |
|               Loss/Loss_state_action_metric |         0.00629 |
|                      Loss/Loss_state_metric |         0.00346 |
|             Loss/Loss_state_action_to_state |        2.63e-05 |
|                           Loss/Act_rep_loss |           0.356 |
|                                   SAC/Alpha |          0.0233 |
|                              SAC/LogPi_mean |           0.958 |
|                                 SAC/Q1_mean |            60.9 |
|                                 SAC/Q2_mean |            61.1 |
|                            Norm/actor_model |             187 |
|                           Norm/critic_model |             287 |
|              Norm/state_action_metric_model |            86.5 |
|                     Norm/state_metric_model |            72.3 |
|        Norm/state_action_state_metric_model |            83.3 |
|                  Metric/self_state_distance |        0.000685 |
|                 Metric/cross_state_distance |            1.04 |
|           Metric/self_state_action_distance |        0.000937 |
|          Metric/cross_state_action_distance |            1.04 |
|             Metric/avg_self_state_asymmetry |               0 |
|            Metric/avg_cross_state_asymmetry |         0.00249 |
|                Metric/avg_self_sa_asymmetry |               0 |
|               Metric/avg_cross_sa_asymmetry |         0.00298 |
|  Metric/self_state_action_to_state_distance |        0.000667 |
| Metric/cross_state_action_to_state_distance |            1.04 |
|                   Metric/h_lambda_diff_self |        0.000505 |
|                  Metric/h_lambda_diff_cross |         0.00511 |
|                                 Eval/Return |             583 |
-----------------------------------------------------------------
-----------------------------------------------------------------
|                                 Train/Steps |        3.46e+06 |
|                            Loss/Loss_critic |            1.64 |
|                             Loss/Loss_actor |           -59.2 |
|                             Loss/Loss_alpha |       -0.000922 |
|               Loss/Loss_state_action_metric |         0.00616 |
|                      Loss/Loss_state_metric |         0.00421 |
|             Loss/Loss_state_action_to_state |         2.5e-05 |
|                           Loss/Act_rep_loss |            0.37 |
|                                   SAC/Alpha |          0.0225 |
|                              SAC/LogPi_mean |            1.09 |
|                                 SAC/Q1_mean |              59 |
|                                 SAC/Q2_mean |            59.2 |
|                            Norm/actor_model |             191 |
|                           Norm/critic_model |             290 |
|              Norm/state_action_metric_model |            88.7 |
|                     Norm/state_metric_model |            73.7 |
|        Norm/state_action_state_metric_model |            85.2 |
|                  Metric/self_state_distance |         0.00038 |
|                 Metric/cross_state_distance |            1.05 |
|           Metric/self_state_action_distance |         0.00104 |
|          Metric/cross_state_action_distance |            1.06 |
|             Metric/avg_self_state_asymmetry |               0 |
|            Metric/avg_cross_state_asymmetry |         0.00177 |
|                Metric/avg_self_sa_asymmetry |               0 |
|               Metric/avg_cross_sa_asymmetry |         0.00236 |
|  Metric/self_state_action_to_state_distance |        0.000229 |
| Metric/cross_state_action_to_state_distance |            1.06 |
|                   Metric/h_lambda_diff_self |        0.000831 |
|                  Metric/h_lambda_diff_cross |         0.00288 |
|                                 Eval/Return |             637 |
-----------------------------------------------------------------
-----------------------------------------------------------------
|                                 Train/Steps |        3.59e+06 |
|                            Loss/Loss_critic |            1.09 |
|                             Loss/Loss_actor |           -63.6 |
|                             Loss/Loss_alpha |         0.00151 |
|               Loss/Loss_state_action_metric |          0.0058 |
|                      Loss/Loss_state_metric |         0.00352 |
|             Loss/Loss_state_action_to_state |        4.56e-05 |
|                           Loss/Act_rep_loss |           0.353 |
|                                   SAC/Alpha |          0.0228 |
|                              SAC/LogPi_mean |           0.976 |
|                                 SAC/Q1_mean |            63.6 |
|                                 SAC/Q2_mean |            63.5 |
|                            Norm/actor_model |             194 |
|                           Norm/critic_model |             294 |
|              Norm/state_action_metric_model |            90.7 |
|                     Norm/state_metric_model |            75.3 |
|        Norm/state_action_state_metric_model |              87 |
|                  Metric/self_state_distance |        0.000797 |
|                 Metric/cross_state_distance |            1.04 |
|           Metric/self_state_action_distance |        0.000538 |
|          Metric/cross_state_action_distance |            1.04 |
|             Metric/avg_self_state_asymmetry |               0 |
|            Metric/avg_cross_state_asymmetry |         0.00183 |
|                Metric/avg_self_sa_asymmetry |               0 |
|               Metric/avg_cross_sa_asymmetry |         0.00222 |
|  Metric/self_state_action_to_state_distance |        0.000482 |
| Metric/cross_state_action_to_state_distance |            1.04 |
|                   Metric/h_lambda_diff_self |        0.000525 |
|                  Metric/h_lambda_diff_cross |         0.00495 |
|                                 Eval/Return |             593 |
-----------------------------------------------------------------
-----------------------------------------------------------------
|                                 Train/Steps |        3.72e+06 |
|                            Loss/Loss_critic |           0.365 |
|                             Loss/Loss_actor |           -62.6 |
|                             Loss/Loss_alpha |       -0.000241 |
|               Loss/Loss_state_action_metric |         0.00564 |
|                      Loss/Loss_state_metric |         0.00379 |
|             Loss/Loss_state_action_to_state |         1.6e-05 |
|                           Loss/Act_rep_loss |           0.263 |
|                                   SAC/Alpha |          0.0211 |
|                              SAC/LogPi_mean |            1.01 |
|                                 SAC/Q1_mean |            62.4 |
|                                 SAC/Q2_mean |            62.6 |
|                            Norm/actor_model |             198 |
|                           Norm/critic_model |             297 |
|              Norm/state_action_metric_model |            92.8 |
|                     Norm/state_metric_model |            76.7 |
|        Norm/state_action_state_metric_model |            88.8 |
|                  Metric/self_state_distance |        0.000677 |
|                 Metric/cross_state_distance |            1.04 |
|           Metric/self_state_action_distance |        0.000229 |
|          Metric/cross_state_action_distance |            1.05 |
|             Metric/avg_self_state_asymmetry |               0 |
|            Metric/avg_cross_state_asymmetry |         0.00244 |
|                Metric/avg_self_sa_asymmetry |               0 |
|               Metric/avg_cross_sa_asymmetry |         0.00255 |
|  Metric/self_state_action_to_state_distance |        0.000389 |
| Metric/cross_state_action_to_state_distance |            1.05 |
|                   Metric/h_lambda_diff_self |        0.000269 |
|                  Metric/h_lambda_diff_cross |         0.00332 |
|                                 Eval/Return |             615 |
-----------------------------------------------------------------
-----------------------------------------------------------------
|                                 Train/Steps |        3.85e+06 |
|                            Loss/Loss_critic |            0.98 |
|                             Loss/Loss_actor |             -68 |
|                             Loss/Loss_alpha |         0.00481 |
|               Loss/Loss_state_action_metric |         0.00635 |
|                      Loss/Loss_state_metric |         0.00425 |
|             Loss/Loss_state_action_to_state |        5.16e-05 |
|                           Loss/Act_rep_loss |           0.247 |
|                                   SAC/Alpha |          0.0211 |
|                              SAC/LogPi_mean |            0.74 |
|                                 SAC/Q1_mean |            67.8 |
|                                 SAC/Q2_mean |            68.1 |
|                            Norm/actor_model |             201 |
|                           Norm/critic_model |             301 |
|              Norm/state_action_metric_model |            94.9 |
|                     Norm/state_metric_model |            78.3 |
|        Norm/state_action_state_metric_model |            90.8 |
|                  Metric/self_state_distance |         0.00162 |
|                 Metric/cross_state_distance |            1.03 |
|           Metric/self_state_action_distance |         0.00101 |
|          Metric/cross_state_action_distance |            1.03 |
|             Metric/avg_self_state_asymmetry |               0 |
|            Metric/avg_cross_state_asymmetry |         0.00218 |
|                Metric/avg_self_sa_asymmetry |               0 |
|               Metric/avg_cross_sa_asymmetry |         0.00236 |
|  Metric/self_state_action_to_state_distance |        9.46e-05 |
| Metric/cross_state_action_to_state_distance |            1.03 |
|                   Metric/h_lambda_diff_self |         0.00101 |
|                  Metric/h_lambda_diff_cross |         0.00375 |
|                                 Eval/Return |             680 |
-----------------------------------------------------------------
-----------------------------------------------------------------
|                                 Train/Steps |        3.98e+06 |
|                            Loss/Loss_critic |           0.712 |
|                             Loss/Loss_actor |           -65.6 |
|                             Loss/Loss_alpha |        -0.00579 |
|               Loss/Loss_state_action_metric |         0.00591 |
|                      Loss/Loss_state_metric |         0.00382 |
|             Loss/Loss_state_action_to_state |        4.26e-05 |
|                           Loss/Act_rep_loss |           0.278 |
|                                   SAC/Alpha |          0.0217 |
|                              SAC/LogPi_mean |            1.43 |
|                                 SAC/Q1_mean |            65.6 |
|                                 SAC/Q2_mean |            65.4 |
|                            Norm/actor_model |             204 |
|                           Norm/critic_model |             304 |
|              Norm/state_action_metric_model |            96.9 |
|                     Norm/state_metric_model |            79.7 |
|        Norm/state_action_state_metric_model |            92.6 |
|                  Metric/self_state_distance |        0.000624 |
|                 Metric/cross_state_distance |            1.03 |
|           Metric/self_state_action_distance |         0.00148 |
|          Metric/cross_state_action_distance |            1.04 |
|             Metric/avg_self_state_asymmetry |               0 |
|            Metric/avg_cross_state_asymmetry |         0.00175 |
|                Metric/avg_self_sa_asymmetry |               0 |
|               Metric/avg_cross_sa_asymmetry |         0.00319 |
|  Metric/self_state_action_to_state_distance |        0.000152 |
| Metric/cross_state_action_to_state_distance |            1.04 |
|                   Metric/h_lambda_diff_self |         0.00142 |
|                  Metric/h_lambda_diff_cross |         0.00383 |
|                                 Eval/Return |             592 |
-----------------------------------------------------------------
-----------------------------------------------------------------
|                                 Train/Steps |         4.1e+06 |
|                            Loss/Loss_critic |           0.258 |
|                             Loss/Loss_actor |           -63.5 |
|                             Loss/Loss_alpha |         0.00203 |
|               Loss/Loss_state_action_metric |         0.00578 |
|                      Loss/Loss_state_metric |         0.00426 |
|             Loss/Loss_state_action_to_state |        2.69e-05 |
|                           Loss/Act_rep_loss |           0.222 |
|                                   SAC/Alpha |          0.0186 |
|                              SAC/LogPi_mean |           0.846 |
|                                 SAC/Q1_mean |            63.6 |
|                                 SAC/Q2_mean |            63.3 |
|                            Norm/actor_model |             208 |
|                           Norm/critic_model |             308 |
|              Norm/state_action_metric_model |              99 |
|                     Norm/state_metric_model |            81.1 |
|        Norm/state_action_state_metric_model |            94.2 |
|                  Metric/self_state_distance |        0.000213 |
|                 Metric/cross_state_distance |            1.05 |
|           Metric/self_state_action_distance |         0.00122 |
|          Metric/cross_state_action_distance |            1.06 |
|             Metric/avg_self_state_asymmetry |               0 |
|            Metric/avg_cross_state_asymmetry |         0.00184 |
|                Metric/avg_self_sa_asymmetry |               0 |
|               Metric/avg_cross_sa_asymmetry |          0.0022 |
|  Metric/self_state_action_to_state_distance |         0.00161 |
| Metric/cross_state_action_to_state_distance |            1.06 |
|                   Metric/h_lambda_diff_self |         0.00155 |
|                  Metric/h_lambda_diff_cross |         0.00361 |
|                                 Eval/Return |             629 |
-----------------------------------------------------------------
[32mSaving model …[0m
[32mDone.[0m
[32mSaving model …[0m
[32mDone.[0m
[32mSaving model …[0m
[32mDone.[0m
[32mSaving model …[0m
[32mDone.[0m
-----------------------------------------------------------------
|                                 Train/Steps |        4.23e+06 |
|                            Loss/Loss_critic |           0.404 |
|                             Loss/Loss_actor |           -66.6 |
|                             Loss/Loss_alpha |         0.00263 |
|               Loss/Loss_state_action_metric |         0.00542 |
|                      Loss/Loss_state_metric |         0.00396 |
|             Loss/Loss_state_action_to_state |        1.69e-05 |
|                           Loss/Act_rep_loss |            0.23 |
|                                   SAC/Alpha |           0.017 |
|                              SAC/LogPi_mean |           0.859 |
|                                 SAC/Q1_mean |            66.5 |
|                                 SAC/Q2_mean |            66.6 |
|                            Norm/actor_model |             210 |
|                           Norm/critic_model |             312 |
|              Norm/state_action_metric_model |             101 |
|                     Norm/state_metric_model |            82.4 |
|        Norm/state_action_state_metric_model |            96.2 |
|                  Metric/self_state_distance |        0.000356 |
|                 Metric/cross_state_distance |            1.04 |
|           Metric/self_state_action_distance |          0.0011 |
|          Metric/cross_state_action_distance |            1.04 |
|             Metric/avg_self_state_asymmetry |               0 |
|            Metric/avg_cross_state_asymmetry |         0.00112 |
|                Metric/avg_self_sa_asymmetry |               0 |
|               Metric/avg_cross_sa_asymmetry |         0.00191 |
|  Metric/self_state_action_to_state_distance |        0.000446 |
| Metric/cross_state_action_to_state_distance |            1.04 |
|                   Metric/h_lambda_diff_self |        0.000887 |
|                  Metric/h_lambda_diff_cross |         0.00281 |
|                                 Eval/Return |             699 |
-----------------------------------------------------------------
-----------------------------------------------------------------
|                                 Train/Steps |        4.36e+06 |
|                            Loss/Loss_critic |           0.828 |
|                             Loss/Loss_actor |           -68.9 |
|                             Loss/Loss_alpha |         0.00148 |
|               Loss/Loss_state_action_metric |         0.00569 |
|                      Loss/Loss_state_metric |         0.00434 |
|             Loss/Loss_state_action_to_state |        2.53e-05 |
|                           Loss/Act_rep_loss |           0.208 |
|                                   SAC/Alpha |          0.0155 |
|                              SAC/LogPi_mean |           0.857 |
|                                 SAC/Q1_mean |            68.9 |
|                                 SAC/Q2_mean |            68.9 |
|                            Norm/actor_model |             214 |
|                           Norm/critic_model |             317 |
|              Norm/state_action_metric_model |             103 |
|                     Norm/state_metric_model |            84.1 |
|        Norm/state_action_state_metric_model |            97.7 |
|                  Metric/self_state_distance |        2.49e-05 |
|                 Metric/cross_state_distance |            1.03 |
|           Metric/self_state_action_distance |        0.000871 |
|          Metric/cross_state_action_distance |            1.04 |
|             Metric/avg_self_state_asymmetry |               0 |
|            Metric/avg_cross_state_asymmetry |         0.00252 |
|                Metric/avg_self_sa_asymmetry |               0 |
|               Metric/avg_cross_sa_asymmetry |         0.00235 |
|  Metric/self_state_action_to_state_distance |        5.35e-05 |
| Metric/cross_state_action_to_state_distance |            1.04 |
|                   Metric/h_lambda_diff_self |        0.000847 |
|                  Metric/h_lambda_diff_cross |         0.00355 |
|                                 Eval/Return |             682 |
-----------------------------------------------------------------
-----------------------------------------------------------------
|                                 Train/Steps |        4.49e+06 |
|                            Loss/Loss_critic |           0.236 |
|                             Loss/Loss_actor |           -71.4 |
|                             Loss/Loss_alpha |        0.000436 |
|               Loss/Loss_state_action_metric |         0.00557 |
|                      Loss/Loss_state_metric |          0.0042 |
|             Loss/Loss_state_action_to_state |        3.25e-05 |
|                           Loss/Act_rep_loss |            0.18 |
|                                   SAC/Alpha |          0.0138 |
|                              SAC/LogPi_mean |           0.929 |
|                                 SAC/Q1_mean |            71.3 |
|                                 SAC/Q2_mean |            71.4 |
|                            Norm/actor_model |             217 |
|                           Norm/critic_model |             321 |
|              Norm/state_action_metric_model |             105 |
|                     Norm/state_metric_model |            85.4 |
|        Norm/state_action_state_metric_model |            99.3 |
|                  Metric/self_state_distance |        0.000799 |
|                 Metric/cross_state_distance |            1.03 |
|           Metric/self_state_action_distance |         0.00158 |
|          Metric/cross_state_action_distance |            1.03 |
|             Metric/avg_self_state_asymmetry |               0 |
|            Metric/avg_cross_state_asymmetry |         0.00149 |
|                Metric/avg_self_sa_asymmetry |               0 |
|               Metric/avg_cross_sa_asymmetry |         0.00199 |
|  Metric/self_state_action_to_state_distance |        0.000282 |
| Metric/cross_state_action_to_state_distance |            1.03 |
|                   Metric/h_lambda_diff_self |         0.00137 |
|                  Metric/h_lambda_diff_cross |         0.00268 |
|                                 Eval/Return |             691 |
-----------------------------------------------------------------
-----------------------------------------------------------------
|                                 Train/Steps |        4.62e+06 |
|                            Loss/Loss_critic |            1.21 |
|                             Loss/Loss_actor |           -69.6 |
|                             Loss/Loss_alpha |         0.00249 |
|               Loss/Loss_state_action_metric |         0.00568 |
|                      Loss/Loss_state_metric |         0.00345 |
|             Loss/Loss_state_action_to_state |        4.26e-05 |
|                           Loss/Act_rep_loss |           0.149 |
|                                   SAC/Alpha |          0.0127 |
|                              SAC/LogPi_mean |           0.836 |
|                                 SAC/Q1_mean |            69.7 |
|                                 SAC/Q2_mean |            69.6 |
|                            Norm/actor_model |             219 |
|                           Norm/critic_model |             325 |
|              Norm/state_action_metric_model |             107 |
|                     Norm/state_metric_model |            86.6 |
|        Norm/state_action_state_metric_model |             101 |
|                  Metric/self_state_distance |        0.000745 |
|                 Metric/cross_state_distance |            1.03 |
|           Metric/self_state_action_distance |         0.00068 |
|          Metric/cross_state_action_distance |            1.04 |
|             Metric/avg_self_state_asymmetry |               0 |
|            Metric/avg_cross_state_asymmetry |         0.00163 |
|                Metric/avg_self_sa_asymmetry |               0 |
|               Metric/avg_cross_sa_asymmetry |         0.00232 |
|  Metric/self_state_action_to_state_distance |         0.00039 |
| Metric/cross_state_action_to_state_distance |            1.04 |
|                   Metric/h_lambda_diff_self |        0.000494 |
|                  Metric/h_lambda_diff_cross |         0.00345 |
|                                 Eval/Return |             637 |
-----------------------------------------------------------------
-----------------------------------------------------------------
|                                 Train/Steps |        4.74e+06 |
|                            Loss/Loss_critic |           0.191 |
|                             Loss/Loss_actor |           -69.4 |
|                             Loss/Loss_alpha |        -0.00309 |
|               Loss/Loss_state_action_metric |         0.00607 |
|                      Loss/Loss_state_metric |         0.00371 |
|             Loss/Loss_state_action_to_state |        2.87e-05 |
|                           Loss/Act_rep_loss |           0.149 |
|                                   SAC/Alpha |          0.0108 |
|                              SAC/LogPi_mean |            1.29 |
|                                 SAC/Q1_mean |            69.3 |
|                                 SAC/Q2_mean |            69.5 |
|                            Norm/actor_model |             222 |
|                           Norm/critic_model |             329 |
|              Norm/state_action_metric_model |             109 |
|                     Norm/state_metric_model |              88 |
|        Norm/state_action_state_metric_model |             103 |
|                  Metric/self_state_distance |        0.000594 |
|                 Metric/cross_state_distance |            1.04 |
|           Metric/self_state_action_distance |        0.000994 |
|          Metric/cross_state_action_distance |            1.05 |
|             Metric/avg_self_state_asymmetry |               0 |
|            Metric/avg_cross_state_asymmetry |         0.00127 |
|                Metric/avg_self_sa_asymmetry |               0 |
|               Metric/avg_cross_sa_asymmetry |         0.00208 |
|  Metric/self_state_action_to_state_distance |        2.44e-05 |
| Metric/cross_state_action_to_state_distance |            1.05 |
|                   Metric/h_lambda_diff_self |        0.000969 |
|                  Metric/h_lambda_diff_cross |          0.0032 |
|                                 Eval/Return |             647 |
-----------------------------------------------------------------
-----------------------------------------------------------------
|                                 Train/Steps |        4.87e+06 |
|                            Loss/Loss_critic |           0.482 |
|                             Loss/Loss_actor |             -69 |
|                             Loss/Loss_alpha |         0.00109 |
|               Loss/Loss_state_action_metric |         0.00519 |
|                      Loss/Loss_state_metric |         0.00349 |
|             Loss/Loss_state_action_to_state |        3.99e-05 |
|                           Loss/Act_rep_loss |           0.135 |
|                                   SAC/Alpha |          0.0113 |
|                              SAC/LogPi_mean |           0.855 |
|                                 SAC/Q1_mean |            69.1 |
|                                 SAC/Q2_mean |            69.1 |
|                            Norm/actor_model |             225 |
|                           Norm/critic_model |             333 |
|              Norm/state_action_metric_model |             111 |
|                     Norm/state_metric_model |            89.2 |
|        Norm/state_action_state_metric_model |             104 |
|                  Metric/self_state_distance |        0.000213 |
|                 Metric/cross_state_distance |            1.03 |
|           Metric/self_state_action_distance |        0.000547 |
|          Metric/cross_state_action_distance |            1.03 |
|             Metric/avg_self_state_asymmetry |               0 |
|            Metric/avg_cross_state_asymmetry |         0.00149 |
|                Metric/avg_self_sa_asymmetry |               0 |
|               Metric/avg_cross_sa_asymmetry |         0.00197 |
|  Metric/self_state_action_to_state_distance |        0.000257 |
| Metric/cross_state_action_to_state_distance |            1.03 |
|                   Metric/h_lambda_diff_self |        0.000421 |
|                  Metric/h_lambda_diff_cross |          0.0026 |
|                                 Eval/Return |             684 |
-----------------------------------------------------------------
-----------------------------------------------------------------
|                                 Train/Steps |           5e+06 |
|                            Loss/Loss_critic |           0.336 |
|                             Loss/Loss_actor |           -70.1 |
|                             Loss/Loss_alpha |       -0.000899 |
|               Loss/Loss_state_action_metric |         0.00562 |
|                      Loss/Loss_state_metric |         0.00385 |
|             Loss/Loss_state_action_to_state |        1.19e-05 |
|                           Loss/Act_rep_loss |           0.178 |
|                                   SAC/Alpha |         0.00961 |
|                              SAC/LogPi_mean |            1.12 |
|                                 SAC/Q1_mean |            70.4 |
|                                 SAC/Q2_mean |            70.1 |
|                            Norm/actor_model |             227 |
|                           Norm/critic_model |             337 |
|              Norm/state_action_metric_model |             113 |
|                     Norm/state_metric_model |            90.5 |
|        Norm/state_action_state_metric_model |             106 |
|                  Metric/self_state_distance |         0.00024 |
|                 Metric/cross_state_distance |            1.03 |
|           Metric/self_state_action_distance |        0.000902 |
|          Metric/cross_state_action_distance |            1.03 |
|             Metric/avg_self_state_asymmetry |               0 |
|            Metric/avg_cross_state_asymmetry |         0.00149 |
|                Metric/avg_self_sa_asymmetry |               0 |
|               Metric/avg_cross_sa_asymmetry |         0.00158 |
|  Metric/self_state_action_to_state_distance |        0.000152 |
| Metric/cross_state_action_to_state_distance |            1.03 |
|                   Metric/h_lambda_diff_self |        0.000769 |
|                  Metric/h_lambda_diff_cross |         0.00219 |
|                                 Eval/Return |             697 |
-----------------------------------------------------------------
[32mSaving model …[0m
[32mDone.[0m
[32mSaving model …[0m
[32mDone.[0m
