E0923 08:21:00.574112 3110463 cuda_executor.cc:1526] Could not get kernel mode driver version: (INVALID_ARGUMENT: Version does not match the format X.Y.Z)
E0923 08:21:00.582811 3110354 cuda_executor.cc:1526] Could not get kernel mode driver version: (INVALID_ARGUMENT: Version does not match the format X.Y.Z)
[32mStart prefilling replay buffer[0m
[32mStart SAC training[0m
[32m{'log_freq': 1000, 'save_freq': 1000000, 'eval_episode_freq': 10, 'hidden_size': 256, 'lr': 0.001, 'max_grad_norm': 0.0, 'gamma': 0.99, 'update_tau': 0.005, 'train_per_step': 8, 'episode_length': 1000, 'warmup_samples': 8192, 'max_replay_size': 4000000, 'batch_size': 512, 'total_env_steps': 5000000, 'init_temperature': 0.1, 'nstep': 3, 'bootstrap_on_truncation': True, 'rep_lr_scale': 1.5, 'vis_feq': 100000, 'n_vis_frames': 4, 'num_envs': 128, 'grad_steps': 50, 'transfer_freq': 10, 'transfer_steps': 8, 'reward_scaling': 1.0, 'num_eval_envs': 128, 'target_entropy': -1.0}[0m
[32m[nstep] nstep=3 bootstrap_on_truncation=True (discount from the buffer already contains gamma^nstep)[0m
-----------------------------------------------------------------
|                                 Train/Steps |        1.36e+05 |
|                            Loss/Loss_critic |            1.78 |
|                             Loss/Loss_actor |           -15.2 |
|                             Loss/Loss_alpha |         0.00128 |
|               Loss/Loss_state_action_metric |            1.58 |
|                      Loss/Loss_state_metric |           0.724 |
|             Loss/Loss_state_action_to_state |         0.00661 |
|                           Loss/Act_rep_loss |          0.0566 |
|                                   SAC/Alpha |          0.0184 |
|                              SAC/LogPi_mean |            1.05 |
|                                 SAC/Q1_mean |            15.1 |
|                                 SAC/Q2_mean |              15 |
|                            Norm/actor_model |              50 |
|                           Norm/critic_model |            98.8 |
|              Norm/state_action_metric_model |            29.1 |
|                     Norm/state_metric_model |            31.4 |
|        Norm/state_action_state_metric_model |            28.9 |
|                  Metric/self_state_distance |          0.0123 |
|                 Metric/cross_state_distance |            1.85 |
|           Metric/self_state_action_distance |           0.039 |
|          Metric/cross_state_action_distance |            2.39 |
|             Metric/avg_self_state_asymmetry |               0 |
|            Metric/avg_cross_state_asymmetry |          0.0526 |
|                Metric/avg_self_sa_asymmetry |               0 |
|               Metric/avg_cross_sa_asymmetry |          0.0593 |
|  Metric/self_state_action_to_state_distance |          0.0177 |
| Metric/cross_state_action_to_state_distance |            2.37 |
|                   Metric/h_lambda_diff_self |          0.0263 |
|                  Metric/h_lambda_diff_cross |          0.0694 |
|                                 Eval/Return |             210 |
-----------------------------------------------------------------
-----------------------------------------------------------------
|                                 Train/Steps |        2.64e+05 |
|                            Loss/Loss_critic |            1.13 |
|                             Loss/Loss_actor |           -25.7 |
|                             Loss/Loss_alpha |        -0.00195 |
|               Loss/Loss_state_action_metric |            2.37 |
|                      Loss/Loss_state_metric |            1.04 |
|             Loss/Loss_state_action_to_state |           0.016 |
|                           Loss/Act_rep_loss |          0.0329 |
|                                   SAC/Alpha |          0.0184 |
|                              SAC/LogPi_mean |           0.952 |
|                                 SAC/Q1_mean |            25.7 |
|                                 SAC/Q2_mean |            25.8 |
|                            Norm/actor_model |              65 |
|                           Norm/critic_model |             129 |
|              Norm/state_action_metric_model |            31.1 |
|                     Norm/state_metric_model |            38.5 |
|        Norm/state_action_state_metric_model |            30.6 |
|                  Metric/self_state_distance |         0.00905 |
|                 Metric/cross_state_distance |            2.13 |
|           Metric/self_state_action_distance |          0.0347 |
|          Metric/cross_state_action_distance |            2.99 |
|             Metric/avg_self_state_asymmetry |               0 |
|            Metric/avg_cross_state_asymmetry |          0.0279 |
|                Metric/avg_self_sa_asymmetry |               0 |
|               Metric/avg_cross_sa_asymmetry |          0.0873 |
|  Metric/self_state_action_to_state_distance |         0.00441 |
| Metric/cross_state_action_to_state_distance |            2.77 |
|                   Metric/h_lambda_diff_self |          0.0314 |
|                  Metric/h_lambda_diff_cross |           0.283 |
|                                 Eval/Return |             317 |
-----------------------------------------------------------------
-----------------------------------------------------------------
|                                 Train/Steps |        3.92e+05 |
|                            Loss/Loss_critic |           0.492 |
|                             Loss/Loss_actor |           -32.8 |
|                             Loss/Loss_alpha |        -0.00261 |
|               Loss/Loss_state_action_metric |            2.52 |
|                      Loss/Loss_state_metric |           0.978 |
|             Loss/Loss_state_action_to_state |         0.00331 |
|                           Loss/Act_rep_loss |          0.0504 |
|                                   SAC/Alpha |          0.0206 |
|                              SAC/LogPi_mean |            0.94 |
|                                 SAC/Q1_mean |            32.7 |
|                                 SAC/Q2_mean |            32.7 |
|                            Norm/actor_model |            75.6 |
|                           Norm/critic_model |             146 |
|              Norm/state_action_metric_model |            33.7 |
|                     Norm/state_metric_model |            46.1 |
|        Norm/state_action_state_metric_model |              33 |
|                  Metric/self_state_distance |         0.00557 |
|                 Metric/cross_state_distance |            2.19 |
|           Metric/self_state_action_distance |            0.02 |
|          Metric/cross_state_action_distance |            3.19 |
|             Metric/avg_self_state_asymmetry |               0 |
|            Metric/avg_cross_state_asymmetry |          0.0236 |
|                Metric/avg_self_sa_asymmetry |               0 |
|               Metric/avg_cross_sa_asymmetry |          0.0566 |
|  Metric/self_state_action_to_state_distance |         0.00748 |
| Metric/cross_state_action_to_state_distance |            3.16 |
|                   Metric/h_lambda_diff_self |          0.0162 |
|                  Metric/h_lambda_diff_cross |          0.0767 |
|                                 Eval/Return |             372 |
-----------------------------------------------------------------
-----------------------------------------------------------------
|                                 Train/Steps |         5.2e+05 |
|                            Loss/Loss_critic |           0.988 |
|                             Loss/Loss_actor |           -34.5 |
|                             Loss/Loss_alpha |        -0.00142 |
|               Loss/Loss_state_action_metric |            2.75 |
|                      Loss/Loss_state_metric |             1.1 |
|             Loss/Loss_state_action_to_state |         0.00405 |
|                           Loss/Act_rep_loss |          0.0156 |
|                                   SAC/Alpha |          0.0183 |
|                              SAC/LogPi_mean |            1.28 |
|                                 SAC/Q1_mean |            34.4 |
|                                 SAC/Q2_mean |            34.4 |
|                            Norm/actor_model |            84.1 |
|                           Norm/critic_model |             160 |
|              Norm/state_action_metric_model |            36.6 |
|                     Norm/state_metric_model |            51.4 |
|        Norm/state_action_state_metric_model |            35.9 |
|                  Metric/self_state_distance |          0.0044 |
|                 Metric/cross_state_distance |            2.34 |
|           Metric/self_state_action_distance |          0.0215 |
|          Metric/cross_state_action_distance |            3.36 |
|             Metric/avg_self_state_asymmetry |               0 |
|            Metric/avg_cross_state_asymmetry |          0.0233 |
|                Metric/avg_self_sa_asymmetry |               0 |
|               Metric/avg_cross_sa_asymmetry |          0.0463 |
|  Metric/self_state_action_to_state_distance |         0.00454 |
| Metric/cross_state_action_to_state_distance |             3.3 |
|                   Metric/h_lambda_diff_self |          0.0189 |
|                  Metric/h_lambda_diff_cross |            0.08 |
|                                 Eval/Return |             453 |
-----------------------------------------------------------------
-----------------------------------------------------------------
|                                 Train/Steps |        6.48e+05 |
|                            Loss/Loss_critic |            1.61 |
|                             Loss/Loss_actor |             -37 |
|                             Loss/Loss_alpha |        -0.00235 |
|               Loss/Loss_state_action_metric |               3 |
|                      Loss/Loss_state_metric |           0.904 |
|             Loss/Loss_state_action_to_state |         0.00202 |
|                           Loss/Act_rep_loss |          0.0422 |
|                                   SAC/Alpha |          0.0222 |
|                              SAC/LogPi_mean |            1.07 |
|                                 SAC/Q1_mean |            36.9 |
|                                 SAC/Q2_mean |              37 |
|                            Norm/actor_model |            91.3 |
|                           Norm/critic_model |             173 |
|              Norm/state_action_metric_model |            39.6 |
|                     Norm/state_metric_model |            56.7 |
|        Norm/state_action_state_metric_model |            38.9 |
|                  Metric/self_state_distance |         0.00761 |
|                 Metric/cross_state_distance |            2.21 |
|           Metric/self_state_action_distance |          0.0308 |
|          Metric/cross_state_action_distance |            3.23 |
|             Metric/avg_self_state_asymmetry |               0 |
|            Metric/avg_cross_state_asymmetry |          0.0328 |
|                Metric/avg_self_sa_asymmetry |               0 |
|               Metric/avg_cross_sa_asymmetry |          0.0413 |
|  Metric/self_state_action_to_state_distance |         0.00382 |
| Metric/cross_state_action_to_state_distance |            3.25 |
|                   Metric/h_lambda_diff_self |          0.0275 |
|                  Metric/h_lambda_diff_cross |          0.0822 |
|                                 Eval/Return |             408 |
-----------------------------------------------------------------
-----------------------------------------------------------------
|                                 Train/Steps |        7.76e+05 |
|                            Loss/Loss_critic |            0.39 |
|                             Loss/Loss_actor |           -41.5 |
|                             Loss/Loss_alpha |         0.00121 |
|               Loss/Loss_state_action_metric |            2.96 |
|                      Loss/Loss_state_metric |            1.28 |
|             Loss/Loss_state_action_to_state |         0.00246 |
|                           Loss/Act_rep_loss |           0.035 |
|                                   SAC/Alpha |          0.0224 |
|                              SAC/LogPi_mean |            0.94 |
|                                 SAC/Q1_mean |            41.5 |
|                                 SAC/Q2_mean |            41.5 |
|                            Norm/actor_model |            97.8 |
|                           Norm/critic_model |             186 |
|              Norm/state_action_metric_model |            42.7 |
|                     Norm/state_metric_model |              61 |
|        Norm/state_action_state_metric_model |            41.8 |
|                  Metric/self_state_distance |         0.00881 |
|                 Metric/cross_state_distance |            2.37 |
|           Metric/self_state_action_distance |          0.0181 |
|          Metric/cross_state_action_distance |            3.39 |
|             Metric/avg_self_state_asymmetry |               0 |
|            Metric/avg_cross_state_asymmetry |          0.0224 |
|                Metric/avg_self_sa_asymmetry |               0 |
|               Metric/avg_cross_sa_asymmetry |          0.0431 |
|  Metric/self_state_action_to_state_distance |          0.0024 |
| Metric/cross_state_action_to_state_distance |            3.37 |
|                   Metric/h_lambda_diff_self |          0.0161 |
|                  Metric/h_lambda_diff_cross |          0.0448 |
|                                 Eval/Return |             437 |
-----------------------------------------------------------------
-----------------------------------------------------------------
|                                 Train/Steps |        9.04e+05 |
|                            Loss/Loss_critic |           0.928 |
|                             Loss/Loss_actor |           -43.6 |
|                             Loss/Loss_alpha |       -0.000472 |
|               Loss/Loss_state_action_metric |            3.16 |
|                      Loss/Loss_state_metric |            1.23 |
|             Loss/Loss_state_action_to_state |         0.00419 |
|                           Loss/Act_rep_loss |          0.0264 |
|                                   SAC/Alpha |          0.0276 |
|                              SAC/LogPi_mean |            1.09 |
|                                 SAC/Q1_mean |            43.6 |
|                                 SAC/Q2_mean |            43.5 |
|                            Norm/actor_model |             103 |
|                           Norm/critic_model |             197 |
|              Norm/state_action_metric_model |            45.9 |
|                     Norm/state_metric_model |            64.4 |
|        Norm/state_action_state_metric_model |            44.9 |
|                  Metric/self_state_distance |         0.00438 |
|                 Metric/cross_state_distance |            2.41 |
|           Metric/self_state_action_distance |          0.0227 |
|          Metric/cross_state_action_distance |             3.5 |
|             Metric/avg_self_state_asymmetry |               0 |
|            Metric/avg_cross_state_asymmetry |           0.027 |
|                Metric/avg_self_sa_asymmetry |               0 |
|               Metric/avg_cross_sa_asymmetry |           0.046 |
|  Metric/self_state_action_to_state_distance |         0.00273 |
| Metric/cross_state_action_to_state_distance |            3.46 |
|                   Metric/h_lambda_diff_self |          0.0199 |
|                  Metric/h_lambda_diff_cross |           0.074 |
|                                 Eval/Return |             460 |
-----------------------------------------------------------------
-----------------------------------------------------------------
|                                 Train/Steps |        1.03e+06 |
|                            Loss/Loss_critic |            1.41 |
|                             Loss/Loss_actor |           -46.1 |
|                             Loss/Loss_alpha |         0.00199 |
|               Loss/Loss_state_action_metric |            3.27 |
|                      Loss/Loss_state_metric |            1.24 |
|             Loss/Loss_state_action_to_state |         0.00743 |
|                           Loss/Act_rep_loss |          0.0232 |
|                                   SAC/Alpha |          0.0276 |
|                              SAC/LogPi_mean |           0.859 |
|                                 SAC/Q1_mean |            46.1 |
|                                 SAC/Q2_mean |              46 |
|                            Norm/actor_model |             108 |
|                           Norm/critic_model |             207 |
|              Norm/state_action_metric_model |            48.7 |
|                     Norm/state_metric_model |            69.3 |
|        Norm/state_action_state_metric_model |            47.7 |
|                  Metric/self_state_distance |         0.00327 |
|                 Metric/cross_state_distance |            2.45 |
|           Metric/self_state_action_distance |          0.0118 |
|          Metric/cross_state_action_distance |            3.53 |
|             Metric/avg_self_state_asymmetry |               0 |
|            Metric/avg_cross_state_asymmetry |          0.0216 |
|                Metric/avg_self_sa_asymmetry |               0 |
|               Metric/avg_cross_sa_asymmetry |          0.0376 |
|  Metric/self_state_action_to_state_distance |         0.00502 |
| Metric/cross_state_action_to_state_distance |            3.52 |
|                   Metric/h_lambda_diff_self |         0.00919 |
|                  Metric/h_lambda_diff_cross |          0.0552 |
|                                 Eval/Return |             566 |
-----------------------------------------------------------------
[32mSaving model …[0m
[32mDone.[0m
[32mSaving model …[0m
[32mDone.[0m
-----------------------------------------------------------------
|                                 Train/Steps |        1.16e+06 |
|                            Loss/Loss_critic |            0.66 |
|                             Loss/Loss_actor |           -51.8 |
|                             Loss/Loss_alpha |         0.00289 |
|               Loss/Loss_state_action_metric |            2.91 |
|                      Loss/Loss_state_metric |            1.29 |
|             Loss/Loss_state_action_to_state |         0.00177 |
|                           Loss/Act_rep_loss |          0.0224 |
|                                   SAC/Alpha |          0.0269 |
|                              SAC/LogPi_mean |            1.02 |
|                                 SAC/Q1_mean |            51.6 |
|                                 SAC/Q2_mean |            51.7 |
|                            Norm/actor_model |             114 |
|                           Norm/critic_model |             217 |
|              Norm/state_action_metric_model |            51.7 |
|                     Norm/state_metric_model |            74.7 |
|        Norm/state_action_state_metric_model |            50.5 |
|                  Metric/self_state_distance |          0.0067 |
|                 Metric/cross_state_distance |            2.39 |
|           Metric/self_state_action_distance |           0.026 |
|          Metric/cross_state_action_distance |            3.49 |
|             Metric/avg_self_state_asymmetry |               0 |
|            Metric/avg_cross_state_asymmetry |           0.022 |
|                Metric/avg_self_sa_asymmetry |               0 |
|               Metric/avg_cross_sa_asymmetry |          0.0413 |
|  Metric/self_state_action_to_state_distance |         0.00864 |
| Metric/cross_state_action_to_state_distance |            3.41 |
|                   Metric/h_lambda_diff_self |          0.0235 |
|                  Metric/h_lambda_diff_cross |          0.0918 |
|                                 Eval/Return |             581 |
-----------------------------------------------------------------
-----------------------------------------------------------------
|                                 Train/Steps |        1.29e+06 |
|                            Loss/Loss_critic |            1.09 |
|                             Loss/Loss_actor |           -53.7 |
|                             Loss/Loss_alpha |        -0.00292 |
|               Loss/Loss_state_action_metric |            3.32 |
|                      Loss/Loss_state_metric |            1.58 |
|             Loss/Loss_state_action_to_state |         0.00198 |
|                           Loss/Act_rep_loss |          0.0241 |
|                                   SAC/Alpha |          0.0257 |
|                              SAC/LogPi_mean |            1.07 |
|                                 SAC/Q1_mean |            53.6 |
|                                 SAC/Q2_mean |            53.6 |
|                            Norm/actor_model |             119 |
|                           Norm/critic_model |             225 |
|              Norm/state_action_metric_model |            54.8 |
|                     Norm/state_metric_model |            77.6 |
|        Norm/state_action_state_metric_model |            53.2 |
|                  Metric/self_state_distance |         0.00223 |
|                 Metric/cross_state_distance |            2.67 |
|           Metric/self_state_action_distance |          0.0303 |
|          Metric/cross_state_action_distance |            3.79 |
|             Metric/avg_self_state_asymmetry |               0 |
|            Metric/avg_cross_state_asymmetry |          0.0192 |
|                Metric/avg_self_sa_asymmetry |               0 |
|               Metric/avg_cross_sa_asymmetry |          0.0397 |
|  Metric/self_state_action_to_state_distance |         0.00206 |
| Metric/cross_state_action_to_state_distance |            3.76 |
|                   Metric/h_lambda_diff_self |          0.0282 |
|                  Metric/h_lambda_diff_cross |          0.0527 |
|                                 Eval/Return |             530 |
-----------------------------------------------------------------
-----------------------------------------------------------------
|                                 Train/Steps |        1.42e+06 |
|                            Loss/Loss_critic |           0.421 |
|                             Loss/Loss_actor |           -51.6 |
|                             Loss/Loss_alpha |         0.00172 |
|               Loss/Loss_state_action_metric |            3.35 |
|                      Loss/Loss_state_metric |            1.48 |
|             Loss/Loss_state_action_to_state |         0.00291 |
|                           Loss/Act_rep_loss |          0.0161 |
|                                   SAC/Alpha |          0.0251 |
|                              SAC/LogPi_mean |            1.04 |
|                                 SAC/Q1_mean |            51.5 |
|                                 SAC/Q2_mean |            51.5 |
|                            Norm/actor_model |             124 |
|                           Norm/critic_model |             233 |
|              Norm/state_action_metric_model |            57.8 |
|                     Norm/state_metric_model |            81.6 |
|        Norm/state_action_state_metric_model |            55.7 |
|                  Metric/self_state_distance |         0.00495 |
|                 Metric/cross_state_distance |            2.62 |
|           Metric/self_state_action_distance |          0.0141 |
|          Metric/cross_state_action_distance |            3.71 |
|             Metric/avg_self_state_asymmetry |               0 |
|            Metric/avg_cross_state_asymmetry |          0.0206 |
|                Metric/avg_self_sa_asymmetry |               0 |
|               Metric/avg_cross_sa_asymmetry |          0.0309 |
|  Metric/self_state_action_to_state_distance |          0.0125 |
| Metric/cross_state_action_to_state_distance |            3.66 |
|                   Metric/h_lambda_diff_self |         0.00695 |
|                  Metric/h_lambda_diff_cross |          0.0623 |
|                                 Eval/Return |             601 |
-----------------------------------------------------------------
-----------------------------------------------------------------
|                                 Train/Steps |        1.54e+06 |
|                            Loss/Loss_critic |            0.62 |
|                             Loss/Loss_actor |           -54.5 |
|                             Loss/Loss_alpha |         0.00201 |
|               Loss/Loss_state_action_metric |            3.04 |
|                      Loss/Loss_state_metric |            1.36 |
|             Loss/Loss_state_action_to_state |         0.00238 |
|                           Loss/Act_rep_loss |           0.024 |
|                                   SAC/Alpha |          0.0266 |
|                              SAC/LogPi_mean |           0.851 |
|                                 SAC/Q1_mean |            54.5 |
|                                 SAC/Q2_mean |            54.5 |
|                            Norm/actor_model |             129 |
|                           Norm/critic_model |             244 |
|              Norm/state_action_metric_model |            61.1 |
|                     Norm/state_metric_model |            84.6 |
|        Norm/state_action_state_metric_model |            58.2 |
|                  Metric/self_state_distance |         0.00509 |
|                 Metric/cross_state_distance |            2.46 |
|           Metric/self_state_action_distance |          0.0124 |
|          Metric/cross_state_action_distance |            3.55 |
|             Metric/avg_self_state_asymmetry |               0 |
|            Metric/avg_cross_state_asymmetry |          0.0223 |
|                Metric/avg_self_sa_asymmetry |               0 |
|               Metric/avg_cross_sa_asymmetry |          0.0438 |
|  Metric/self_state_action_to_state_distance |          0.0031 |
| Metric/cross_state_action_to_state_distance |            3.54 |
|                   Metric/h_lambda_diff_self |         0.00968 |
|                  Metric/h_lambda_diff_cross |          0.0507 |
|                                 Eval/Return |             698 |
-----------------------------------------------------------------
-----------------------------------------------------------------
|                                 Train/Steps |        1.67e+06 |
|                            Loss/Loss_critic |           0.523 |
|                             Loss/Loss_actor |           -54.3 |
|                             Loss/Loss_alpha |        -0.00467 |
|               Loss/Loss_state_action_metric |            3.19 |
|                      Loss/Loss_state_metric |            1.48 |
|             Loss/Loss_state_action_to_state |         0.00459 |
|                           Loss/Act_rep_loss |           0.014 |
|                                   SAC/Alpha |          0.0229 |
|                              SAC/LogPi_mean |            1.21 |
|                                 SAC/Q1_mean |            54.1 |
|                                 SAC/Q2_mean |            54.1 |
|                            Norm/actor_model |             133 |
|                           Norm/critic_model |             254 |
|              Norm/state_action_metric_model |            63.9 |
|                     Norm/state_metric_model |            88.9 |
|        Norm/state_action_state_metric_model |            60.8 |
|                  Metric/self_state_distance |         0.00374 |
|                 Metric/cross_state_distance |            2.53 |
|           Metric/self_state_action_distance |         0.00911 |
|          Metric/cross_state_action_distance |             3.7 |
|             Metric/avg_self_state_asymmetry |               0 |
|            Metric/avg_cross_state_asymmetry |          0.0238 |
|                Metric/avg_self_sa_asymmetry |               0 |
|               Metric/avg_cross_sa_asymmetry |          0.0399 |
|  Metric/self_state_action_to_state_distance |         0.00489 |
| Metric/cross_state_action_to_state_distance |            3.61 |
|                   Metric/h_lambda_diff_self |         0.00665 |
|                  Metric/h_lambda_diff_cross |          0.0949 |
|                                 Eval/Return |             618 |
-----------------------------------------------------------------
-----------------------------------------------------------------
|                                 Train/Steps |         1.8e+06 |
|                            Loss/Loss_critic |            1.01 |
|                             Loss/Loss_actor |           -58.3 |
|                             Loss/Loss_alpha |         0.00664 |
|               Loss/Loss_state_action_metric |             3.3 |
|                      Loss/Loss_state_metric |            1.34 |
|             Loss/Loss_state_action_to_state |          0.0075 |
|                           Loss/Act_rep_loss |          0.0245 |
|                                   SAC/Alpha |          0.0247 |
|                              SAC/LogPi_mean |           0.818 |
|                                 SAC/Q1_mean |            58.1 |
|                                 SAC/Q2_mean |            58.2 |
|                            Norm/actor_model |             138 |
|                           Norm/critic_model |             265 |
|              Norm/state_action_metric_model |            66.7 |
|                     Norm/state_metric_model |            92.5 |
|        Norm/state_action_state_metric_model |            63.3 |
|                  Metric/self_state_distance |         0.00434 |
|                 Metric/cross_state_distance |            2.51 |
|           Metric/self_state_action_distance |          0.0134 |
|          Metric/cross_state_action_distance |            3.76 |
|             Metric/avg_self_state_asymmetry |               0 |
|            Metric/avg_cross_state_asymmetry |          0.0322 |
|                Metric/avg_self_sa_asymmetry |               0 |
|               Metric/avg_cross_sa_asymmetry |          0.0604 |
|  Metric/self_state_action_to_state_distance |         0.00841 |
| Metric/cross_state_action_to_state_distance |            3.78 |
|                   Metric/h_lambda_diff_self |          0.0127 |
|                  Metric/h_lambda_diff_cross |          0.0584 |
|                                 Eval/Return |             601 |
-----------------------------------------------------------------
-----------------------------------------------------------------
|                                 Train/Steps |        1.93e+06 |
|                            Loss/Loss_critic |            1.06 |
|                             Loss/Loss_actor |           -60.1 |
|                             Loss/Loss_alpha |        -0.00754 |
|               Loss/Loss_state_action_metric |            3.46 |
|                      Loss/Loss_state_metric |            1.26 |
|             Loss/Loss_state_action_to_state |         0.00244 |
|                           Loss/Act_rep_loss |          0.0143 |
|                                   SAC/Alpha |          0.0271 |
|                              SAC/LogPi_mean |            1.33 |
|                                 SAC/Q1_mean |              60 |
|                                 SAC/Q2_mean |            59.9 |
|                            Norm/actor_model |             142 |
|                           Norm/critic_model |             275 |
|              Norm/state_action_metric_model |            69.2 |
|                     Norm/state_metric_model |            95.4 |
|        Norm/state_action_state_metric_model |            65.6 |
|                  Metric/self_state_distance |         0.00129 |
|                 Metric/cross_state_distance |            2.53 |
|           Metric/self_state_action_distance |         0.00626 |
|          Metric/cross_state_action_distance |            3.78 |
|             Metric/avg_self_state_asymmetry |               0 |
|            Metric/avg_cross_state_asymmetry |          0.0219 |
|                Metric/avg_self_sa_asymmetry |               0 |
|               Metric/avg_cross_sa_asymmetry |          0.0358 |
|  Metric/self_state_action_to_state_distance |         0.00416 |
| Metric/cross_state_action_to_state_distance |            3.76 |
|                   Metric/h_lambda_diff_self |         0.00587 |
|                  Metric/h_lambda_diff_cross |          0.0578 |
|                                 Eval/Return |             736 |
-----------------------------------------------------------------
-----------------------------------------------------------------
|                                 Train/Steps |        2.06e+06 |
|                            Loss/Loss_critic |           0.624 |
|                             Loss/Loss_actor |           -61.8 |
|                             Loss/Loss_alpha |        -0.00124 |
|               Loss/Loss_state_action_metric |            3.02 |
|                      Loss/Loss_state_metric |           0.817 |
|             Loss/Loss_state_action_to_state |          0.0055 |
|                           Loss/Act_rep_loss |          0.0357 |
|                                   SAC/Alpha |          0.0267 |
|                              SAC/LogPi_mean |            1.03 |
|                                 SAC/Q1_mean |            61.7 |
|                                 SAC/Q2_mean |            61.7 |
|                            Norm/actor_model |             147 |
|                           Norm/critic_model |             285 |
|              Norm/state_action_metric_model |            71.5 |
|                     Norm/state_metric_model |            99.3 |
|        Norm/state_action_state_metric_model |            67.5 |
|                  Metric/self_state_distance |         0.00552 |
|                 Metric/cross_state_distance |            2.31 |
|           Metric/self_state_action_distance |         0.00486 |
|          Metric/cross_state_action_distance |            3.48 |
|             Metric/avg_self_state_asymmetry |               0 |
|            Metric/avg_cross_state_asymmetry |          0.0548 |
|                Metric/avg_self_sa_asymmetry |               0 |
|               Metric/avg_cross_sa_asymmetry |          0.0404 |
|  Metric/self_state_action_to_state_distance |         0.00527 |
| Metric/cross_state_action_to_state_distance |            3.51 |
|                   Metric/h_lambda_diff_self |         0.00659 |
|                  Metric/h_lambda_diff_cross |          0.0565 |
|                                 Eval/Return |             733 |
-----------------------------------------------------------------
[32mSaving model …[0m
[32mDone.[0m
[32mSaving model …[0m
[32mDone.[0m
-----------------------------------------------------------------
|                                 Train/Steps |        2.18e+06 |
|                            Loss/Loss_critic |           0.665 |
|                             Loss/Loss_actor |             -60 |
|                             Loss/Loss_alpha |        -0.00743 |
|               Loss/Loss_state_action_metric |            3.28 |
|                      Loss/Loss_state_metric |            1.32 |
|             Loss/Loss_state_action_to_state |         0.00241 |
|                           Loss/Act_rep_loss |          0.0293 |
|                                   SAC/Alpha |          0.0259 |
|                              SAC/LogPi_mean |            1.22 |
|                                 SAC/Q1_mean |            59.8 |
|                                 SAC/Q2_mean |            59.9 |
|                            Norm/actor_model |             151 |
|                           Norm/critic_model |             295 |
|              Norm/state_action_metric_model |            73.7 |
|                     Norm/state_metric_model |             103 |
|        Norm/state_action_state_metric_model |            69.6 |
|                  Metric/self_state_distance |         0.00291 |
|                 Metric/cross_state_distance |            2.39 |
|           Metric/self_state_action_distance |         0.00861 |
|          Metric/cross_state_action_distance |            3.46 |
|             Metric/avg_self_state_asymmetry |               0 |
|            Metric/avg_cross_state_asymmetry |          0.0189 |
|                Metric/avg_self_sa_asymmetry |               0 |
|               Metric/avg_cross_sa_asymmetry |          0.0331 |
|  Metric/self_state_action_to_state_distance |        0.000463 |
| Metric/cross_state_action_to_state_distance |            3.41 |
|                   Metric/h_lambda_diff_self |         0.00815 |
|                  Metric/h_lambda_diff_cross |          0.0825 |
|                                 Eval/Return |             716 |
-----------------------------------------------------------------
-----------------------------------------------------------------
|                                 Train/Steps |        2.31e+06 |
|                            Loss/Loss_critic |            1.62 |
|                             Loss/Loss_actor |           -68.8 |
|                             Loss/Loss_alpha |        -0.00112 |
|               Loss/Loss_state_action_metric |            3.65 |
|                      Loss/Loss_state_metric |            1.28 |
|             Loss/Loss_state_action_to_state |         0.00329 |
|                           Loss/Act_rep_loss |          0.0105 |
|                                   SAC/Alpha |          0.0258 |
|                              SAC/LogPi_mean |           0.919 |
|                                 SAC/Q1_mean |            68.7 |
|                                 SAC/Q2_mean |            68.8 |
|                            Norm/actor_model |             155 |
|                           Norm/critic_model |             304 |
|              Norm/state_action_metric_model |            75.6 |
|                     Norm/state_metric_model |             108 |
|        Norm/state_action_state_metric_model |            71.4 |
|                  Metric/self_state_distance |         0.00256 |
|                 Metric/cross_state_distance |             2.5 |
|           Metric/self_state_action_distance |         0.00801 |
|          Metric/cross_state_action_distance |            3.78 |
|             Metric/avg_self_state_asymmetry |               0 |
|            Metric/avg_cross_state_asymmetry |          0.0293 |
|                Metric/avg_self_sa_asymmetry |               0 |
|               Metric/avg_cross_sa_asymmetry |           0.054 |
|  Metric/self_state_action_to_state_distance |          0.0016 |
| Metric/cross_state_action_to_state_distance |            3.73 |
|                   Metric/h_lambda_diff_self |         0.00672 |
|                  Metric/h_lambda_diff_cross |          0.0668 |
|                                 Eval/Return |             758 |
-----------------------------------------------------------------
-----------------------------------------------------------------
|                                 Train/Steps |        2.44e+06 |
|                            Loss/Loss_critic |           0.483 |
|                             Loss/Loss_actor |           -66.7 |
|                             Loss/Loss_alpha |       -0.000436 |
|               Loss/Loss_state_action_metric |            2.97 |
|                      Loss/Loss_state_metric |            1.23 |
|             Loss/Loss_state_action_to_state |          0.0046 |
|                           Loss/Act_rep_loss |           0.031 |
|                                   SAC/Alpha |          0.0229 |
|                              SAC/LogPi_mean |           0.947 |
|                                 SAC/Q1_mean |            66.6 |
|                                 SAC/Q2_mean |            66.7 |
|                            Norm/actor_model |             159 |
|                           Norm/critic_model |             312 |
|              Norm/state_action_metric_model |            77.6 |
|                     Norm/state_metric_model |             111 |
|        Norm/state_action_state_metric_model |            73.2 |
|                  Metric/self_state_distance |         0.00639 |
|                 Metric/cross_state_distance |            2.46 |
|           Metric/self_state_action_distance |          0.0105 |
|          Metric/cross_state_action_distance |            3.48 |
|             Metric/avg_self_state_asymmetry |               0 |
|            Metric/avg_cross_state_asymmetry |           0.028 |
|                Metric/avg_self_sa_asymmetry |               0 |
|               Metric/avg_cross_sa_asymmetry |          0.0433 |
|  Metric/self_state_action_to_state_distance |         0.00108 |
| Metric/cross_state_action_to_state_distance |             3.5 |
|                   Metric/h_lambda_diff_self |         0.00949 |
|                  Metric/h_lambda_diff_cross |          0.0515 |
|                                 Eval/Return |             770 |
-----------------------------------------------------------------
-----------------------------------------------------------------
|                                 Train/Steps |        2.57e+06 |
|                            Loss/Loss_critic |            1.46 |
|                             Loss/Loss_actor |           -70.7 |
|                             Loss/Loss_alpha |        -0.00171 |
|               Loss/Loss_state_action_metric |            2.96 |
|                      Loss/Loss_state_metric |            1.09 |
|             Loss/Loss_state_action_to_state |         0.00228 |
|                           Loss/Act_rep_loss |          0.0177 |
|                                   SAC/Alpha |          0.0226 |
|                              SAC/LogPi_mean |            1.08 |
|                                 SAC/Q1_mean |            70.4 |
|                                 SAC/Q2_mean |            70.5 |
|                            Norm/actor_model |             163 |
|                           Norm/critic_model |             318 |
|              Norm/state_action_metric_model |            79.5 |
|                     Norm/state_metric_model |             115 |
|        Norm/state_action_state_metric_model |            75.2 |
|                  Metric/self_state_distance |        0.000525 |
|                 Metric/cross_state_distance |            2.37 |
|           Metric/self_state_action_distance |          0.0088 |
|          Metric/cross_state_action_distance |             3.4 |
|             Metric/avg_self_state_asymmetry |               0 |
|            Metric/avg_cross_state_asymmetry |          0.0285 |
|                Metric/avg_self_sa_asymmetry |               0 |
|               Metric/avg_cross_sa_asymmetry |          0.0411 |
|  Metric/self_state_action_to_state_distance |        3.08e-05 |
| Metric/cross_state_action_to_state_distance |            3.39 |
|                   Metric/h_lambda_diff_self |         0.00877 |
|                  Metric/h_lambda_diff_cross |          0.0674 |
|                                 Eval/Return |             807 |
-----------------------------------------------------------------
-----------------------------------------------------------------
|                                 Train/Steps |         2.7e+06 |
|                            Loss/Loss_critic |            5.29 |
|                             Loss/Loss_actor |           -67.3 |
|                             Loss/Loss_alpha |       -0.000119 |
|               Loss/Loss_state_action_metric |            3.41 |
|                      Loss/Loss_state_metric |            1.41 |
|             Loss/Loss_state_action_to_state |         0.00358 |
|                           Loss/Act_rep_loss |          0.0244 |
|                                   SAC/Alpha |          0.0232 |
|                              SAC/LogPi_mean |            1.11 |
|                                 SAC/Q1_mean |            67.3 |
|                                 SAC/Q2_mean |              67 |
|                            Norm/actor_model |             167 |
|                           Norm/critic_model |             324 |
|              Norm/state_action_metric_model |            81.4 |
|                     Norm/state_metric_model |             119 |
|        Norm/state_action_state_metric_model |            76.9 |
|                  Metric/self_state_distance |         0.00279 |
|                 Metric/cross_state_distance |            2.56 |
|           Metric/self_state_action_distance |         0.00196 |
|          Metric/cross_state_action_distance |            3.82 |
|             Metric/avg_self_state_asymmetry |               0 |
|            Metric/avg_cross_state_asymmetry |          0.0298 |
|                Metric/avg_self_sa_asymmetry |               0 |
|               Metric/avg_cross_sa_asymmetry |          0.0441 |
|  Metric/self_state_action_to_state_distance |         0.00579 |
| Metric/cross_state_action_to_state_distance |            3.82 |
|                   Metric/h_lambda_diff_self |         0.00503 |
|                  Metric/h_lambda_diff_cross |           0.064 |
|                                 Eval/Return |             719 |
-----------------------------------------------------------------
-----------------------------------------------------------------
|                                 Train/Steps |        2.82e+06 |
|                            Loss/Loss_critic |            2.06 |
|                             Loss/Loss_actor |           -70.9 |
|                             Loss/Loss_alpha |        -0.00177 |
|               Loss/Loss_state_action_metric |            3.24 |
|                      Loss/Loss_state_metric |            1.27 |
|             Loss/Loss_state_action_to_state |          0.0022 |
|                           Loss/Act_rep_loss |          0.0368 |
|                                   SAC/Alpha |          0.0212 |
|                              SAC/LogPi_mean |            1.13 |
|                                 SAC/Q1_mean |            70.8 |
|                                 SAC/Q2_mean |            70.8 |
|                            Norm/actor_model |             171 |
|                           Norm/critic_model |             329 |
|              Norm/state_action_metric_model |            82.9 |
|                     Norm/state_metric_model |             123 |
|        Norm/state_action_state_metric_model |            78.6 |
|                  Metric/self_state_distance |         0.00282 |
|                 Metric/cross_state_distance |            2.47 |
|           Metric/self_state_action_distance |         0.00777 |
|          Metric/cross_state_action_distance |            3.57 |
|             Metric/avg_self_state_asymmetry |               0 |
|            Metric/avg_cross_state_asymmetry |          0.0272 |
|                Metric/avg_self_sa_asymmetry |               0 |
|               Metric/avg_cross_sa_asymmetry |          0.0501 |
|  Metric/self_state_action_to_state_distance |         0.00272 |
| Metric/cross_state_action_to_state_distance |            3.58 |
|                   Metric/h_lambda_diff_self |         0.00583 |
|                  Metric/h_lambda_diff_cross |          0.0783 |
|                                 Eval/Return |             780 |
-----------------------------------------------------------------
-----------------------------------------------------------------
|                                 Train/Steps |        2.95e+06 |
|                            Loss/Loss_critic |           0.307 |
|                             Loss/Loss_actor |           -70.3 |
|                             Loss/Loss_alpha |       -0.000907 |
|               Loss/Loss_state_action_metric |            3.11 |
|                      Loss/Loss_state_metric |            1.24 |
|             Loss/Loss_state_action_to_state |         0.00311 |
|                           Loss/Act_rep_loss |         0.00567 |
|                                   SAC/Alpha |          0.0227 |
|                              SAC/LogPi_mean |            1.06 |
|                                 SAC/Q1_mean |            70.1 |
|                                 SAC/Q2_mean |            70.1 |
|                            Norm/actor_model |             175 |
|                           Norm/critic_model |             334 |
|              Norm/state_action_metric_model |            84.6 |
|                     Norm/state_metric_model |             127 |
|        Norm/state_action_state_metric_model |            80.8 |
|                  Metric/self_state_distance |         0.00208 |
|                 Metric/cross_state_distance |             2.4 |
|           Metric/self_state_action_distance |         0.00916 |
|          Metric/cross_state_action_distance |            3.45 |
|             Metric/avg_self_state_asymmetry |               0 |
|            Metric/avg_cross_state_asymmetry |          0.0256 |
|                Metric/avg_self_sa_asymmetry |               0 |
|               Metric/avg_cross_sa_asymmetry |          0.0449 |
|  Metric/self_state_action_to_state_distance |         0.00581 |
| Metric/cross_state_action_to_state_distance |            3.41 |
|                   Metric/h_lambda_diff_self |         0.00842 |
|                  Metric/h_lambda_diff_cross |           0.068 |
|                                 Eval/Return |             753 |
-----------------------------------------------------------------
-----------------------------------------------------------------
|                                 Train/Steps |        3.08e+06 |
|                            Loss/Loss_critic |           0.388 |
|                             Loss/Loss_actor |           -72.3 |
|                             Loss/Loss_alpha |        -0.00265 |
|               Loss/Loss_state_action_metric |            3.29 |
|                      Loss/Loss_state_metric |            1.33 |
|             Loss/Loss_state_action_to_state |         0.00335 |
|                           Loss/Act_rep_loss |          0.0126 |
|                                   SAC/Alpha |          0.0215 |
|                              SAC/LogPi_mean |            1.23 |
|                                 SAC/Q1_mean |            72.2 |
|                                 SAC/Q2_mean |            72.1 |
|                            Norm/actor_model |             178 |
|                           Norm/critic_model |             340 |
|              Norm/state_action_metric_model |            86.1 |
|                     Norm/state_metric_model |             131 |
|        Norm/state_action_state_metric_model |            82.4 |
|                  Metric/self_state_distance |         0.00274 |
|                 Metric/cross_state_distance |            2.44 |
|           Metric/self_state_action_distance |         0.00184 |
|          Metric/cross_state_action_distance |            3.52 |
|             Metric/avg_self_state_asymmetry |               0 |
|            Metric/avg_cross_state_asymmetry |          0.0178 |
|                Metric/avg_self_sa_asymmetry |               0 |
|               Metric/avg_cross_sa_asymmetry |          0.0346 |
|  Metric/self_state_action_to_state_distance |        0.000679 |
| Metric/cross_state_action_to_state_distance |            3.49 |
|                   Metric/h_lambda_diff_self |         0.00212 |
|                  Metric/h_lambda_diff_cross |          0.0501 |
|                                 Eval/Return |             821 |
-----------------------------------------------------------------
[32mSaving model …[0m
[32mDone.[0m
[32mSaving model …[0m
[32mDone.[0m
-----------------------------------------------------------------
|                                 Train/Steps |        3.21e+06 |
|                            Loss/Loss_critic |           0.582 |
|                             Loss/Loss_actor |           -77.3 |
|                             Loss/Loss_alpha |         0.00179 |
|               Loss/Loss_state_action_metric |            2.96 |
|                      Loss/Loss_state_metric |             1.2 |
|             Loss/Loss_state_action_to_state |         0.00299 |
|                           Loss/Act_rep_loss |         0.00468 |
|                                   SAC/Alpha |          0.0212 |
|                              SAC/LogPi_mean |           0.906 |
|                                 SAC/Q1_mean |            77.2 |
|                                 SAC/Q2_mean |            77.2 |
|                            Norm/actor_model |             182 |
|                           Norm/critic_model |             344 |
|              Norm/state_action_metric_model |            87.7 |
|                     Norm/state_metric_model |             134 |
|        Norm/state_action_state_metric_model |            84.1 |
|                  Metric/self_state_distance |        0.000673 |
|                 Metric/cross_state_distance |            2.37 |
|           Metric/self_state_action_distance |          0.0117 |
|          Metric/cross_state_action_distance |            3.24 |
|             Metric/avg_self_state_asymmetry |               0 |
|            Metric/avg_cross_state_asymmetry |          0.0292 |
|                Metric/avg_self_sa_asymmetry |               0 |
|               Metric/avg_cross_sa_asymmetry |           0.058 |
|  Metric/self_state_action_to_state_distance |         0.00182 |
| Metric/cross_state_action_to_state_distance |            3.24 |
|                   Metric/h_lambda_diff_self |         0.00994 |
|                  Metric/h_lambda_diff_cross |          0.0459 |
|                                 Eval/Return |             857 |
-----------------------------------------------------------------
-----------------------------------------------------------------
|                                 Train/Steps |        3.34e+06 |
|                            Loss/Loss_critic |           0.569 |
|                             Loss/Loss_actor |           -74.1 |
|                             Loss/Loss_alpha |        -0.00277 |
|               Loss/Loss_state_action_metric |            2.95 |
|                      Loss/Loss_state_metric |            1.24 |
|             Loss/Loss_state_action_to_state |         0.00321 |
|                           Loss/Act_rep_loss |          0.0203 |
|                                   SAC/Alpha |          0.0209 |
|                              SAC/LogPi_mean |           0.964 |
|                                 SAC/Q1_mean |              74 |
|                                 SAC/Q2_mean |            73.9 |
|                            Norm/actor_model |             186 |
|                           Norm/critic_model |             347 |
|              Norm/state_action_metric_model |            88.8 |
|                     Norm/state_metric_model |             137 |
|        Norm/state_action_state_metric_model |            85.9 |
|                  Metric/self_state_distance |         0.00299 |
|                 Metric/cross_state_distance |            2.37 |
|           Metric/self_state_action_distance |         0.00256 |
|          Metric/cross_state_action_distance |            3.34 |
|             Metric/avg_self_state_asymmetry |               0 |
|            Metric/avg_cross_state_asymmetry |          0.0222 |
|                Metric/avg_self_sa_asymmetry |               0 |
|               Metric/avg_cross_sa_asymmetry |          0.0317 |
|  Metric/self_state_action_to_state_distance |         0.00196 |
| Metric/cross_state_action_to_state_distance |            3.29 |
|                   Metric/h_lambda_diff_self |         0.00421 |
|                  Metric/h_lambda_diff_cross |          0.0549 |
|                                 Eval/Return |             843 |
-----------------------------------------------------------------
-----------------------------------------------------------------
|                                 Train/Steps |        3.46e+06 |
|                            Loss/Loss_critic |           0.294 |
|                             Loss/Loss_actor |           -74.9 |
|                             Loss/Loss_alpha |         -0.0038 |
|               Loss/Loss_state_action_metric |            2.89 |
|                      Loss/Loss_state_metric |            1.14 |
|             Loss/Loss_state_action_to_state |         0.00208 |
|                           Loss/Act_rep_loss |          0.0148 |
|                                   SAC/Alpha |          0.0218 |
|                              SAC/LogPi_mean |           0.999 |
|                                 SAC/Q1_mean |            74.7 |
|                                 SAC/Q2_mean |            74.7 |
|                            Norm/actor_model |             189 |
|                           Norm/critic_model |             351 |
|              Norm/state_action_metric_model |            90.2 |
|                     Norm/state_metric_model |             141 |
|        Norm/state_action_state_metric_model |            87.6 |
|                  Metric/self_state_distance |         0.00256 |
|                 Metric/cross_state_distance |            2.34 |
|           Metric/self_state_action_distance |        0.000751 |
|          Metric/cross_state_action_distance |            3.38 |
|             Metric/avg_self_state_asymmetry |               0 |
|            Metric/avg_cross_state_asymmetry |          0.0201 |
|                Metric/avg_self_sa_asymmetry |               0 |
|               Metric/avg_cross_sa_asymmetry |          0.0353 |
|  Metric/self_state_action_to_state_distance |         0.00104 |
| Metric/cross_state_action_to_state_distance |            3.39 |
|                   Metric/h_lambda_diff_self |           0.001 |
|                  Metric/h_lambda_diff_cross |           0.045 |
|                                 Eval/Return |             802 |
-----------------------------------------------------------------
-----------------------------------------------------------------
|                                 Train/Steps |        3.59e+06 |
|                            Loss/Loss_critic |           0.344 |
|                             Loss/Loss_actor |           -76.7 |
|                             Loss/Loss_alpha |           0.004 |
|               Loss/Loss_state_action_metric |            2.83 |
|                      Loss/Loss_state_metric |            1.18 |
|             Loss/Loss_state_action_to_state |         0.00258 |
|                           Loss/Act_rep_loss |          0.0337 |
|                                   SAC/Alpha |          0.0206 |
|                              SAC/LogPi_mean |           0.763 |
|                                 SAC/Q1_mean |            76.7 |
|                                 SAC/Q2_mean |            76.6 |
|                            Norm/actor_model |             192 |
|                           Norm/critic_model |             356 |
|              Norm/state_action_metric_model |            91.6 |
|                     Norm/state_metric_model |             144 |
|        Norm/state_action_state_metric_model |            89.5 |
|                  Metric/self_state_distance |         0.00468 |
|                 Metric/cross_state_distance |            2.24 |
|           Metric/self_state_action_distance |         0.00415 |
|          Metric/cross_state_action_distance |            3.16 |
|             Metric/avg_self_state_asymmetry |               0 |
|            Metric/avg_cross_state_asymmetry |          0.0263 |
|                Metric/avg_self_sa_asymmetry |               0 |
|               Metric/avg_cross_sa_asymmetry |          0.0505 |
|  Metric/self_state_action_to_state_distance |          0.0011 |
| Metric/cross_state_action_to_state_distance |            3.15 |
|                   Metric/h_lambda_diff_self |         0.00492 |
|                  Metric/h_lambda_diff_cross |          0.0368 |
|                                 Eval/Return |             818 |
-----------------------------------------------------------------
-----------------------------------------------------------------
|                                 Train/Steps |        3.72e+06 |
|                            Loss/Loss_critic |           0.533 |
|                             Loss/Loss_actor |           -78.9 |
|                             Loss/Loss_alpha |       -0.000586 |
|               Loss/Loss_state_action_metric |            2.78 |
|                      Loss/Loss_state_metric |            1.04 |
|             Loss/Loss_state_action_to_state |         0.00339 |
|                           Loss/Act_rep_loss |          0.0143 |
|                                   SAC/Alpha |          0.0226 |
|                              SAC/LogPi_mean |           0.901 |
|                                 SAC/Q1_mean |            78.9 |
|                                 SAC/Q2_mean |            78.8 |
|                            Norm/actor_model |             195 |
|                           Norm/critic_model |             361 |
|              Norm/state_action_metric_model |              93 |
|                     Norm/state_metric_model |             147 |
|        Norm/state_action_state_metric_model |            91.2 |
|                  Metric/self_state_distance |          0.0012 |
|                 Metric/cross_state_distance |            2.32 |
|           Metric/self_state_action_distance |         0.00189 |
|          Metric/cross_state_action_distance |            3.31 |
|             Metric/avg_self_state_asymmetry |               0 |
|            Metric/avg_cross_state_asymmetry |          0.0263 |
|                Metric/avg_self_sa_asymmetry |               0 |
|               Metric/avg_cross_sa_asymmetry |          0.0439 |
|  Metric/self_state_action_to_state_distance |         0.00311 |
| Metric/cross_state_action_to_state_distance |            3.25 |
|                   Metric/h_lambda_diff_self |           0.003 |
|                  Metric/h_lambda_diff_cross |          0.0784 |
|                                 Eval/Return |             877 |
-----------------------------------------------------------------
-----------------------------------------------------------------
|                                 Train/Steps |        3.85e+06 |
|                            Loss/Loss_critic |           0.324 |
|                             Loss/Loss_actor |           -83.1 |
|                             Loss/Loss_alpha |         0.00641 |
|               Loss/Loss_state_action_metric |            2.45 |
|                      Loss/Loss_state_metric |            1.05 |
|             Loss/Loss_state_action_to_state |         0.00177 |
|                           Loss/Act_rep_loss |         0.00864 |
|                                   SAC/Alpha |          0.0237 |
|                              SAC/LogPi_mean |           0.797 |
|                                 SAC/Q1_mean |            82.9 |
|                                 SAC/Q2_mean |              83 |
|                            Norm/actor_model |             199 |
|                           Norm/critic_model |             365 |
|              Norm/state_action_metric_model |            94.3 |
|                     Norm/state_metric_model |             150 |
|        Norm/state_action_state_metric_model |              93 |
|                  Metric/self_state_distance |         0.00431 |
|                 Metric/cross_state_distance |            2.11 |
|           Metric/self_state_action_distance |         0.00742 |
|          Metric/cross_state_action_distance |            2.89 |
|             Metric/avg_self_state_asymmetry |               0 |
|            Metric/avg_cross_state_asymmetry |          0.0295 |
|                Metric/avg_self_sa_asymmetry |               0 |
|               Metric/avg_cross_sa_asymmetry |          0.0315 |
|  Metric/self_state_action_to_state_distance |         0.00168 |
| Metric/cross_state_action_to_state_distance |            2.87 |
|                   Metric/h_lambda_diff_self |         0.00624 |
|                  Metric/h_lambda_diff_cross |          0.0424 |
|                                 Eval/Return |             922 |
-----------------------------------------------------------------
-----------------------------------------------------------------
|                                 Train/Steps |        3.98e+06 |
|                            Loss/Loss_critic |           0.365 |
|                             Loss/Loss_actor |           -79.4 |
|                             Loss/Loss_alpha |       -0.000211 |
|               Loss/Loss_state_action_metric |            2.92 |
|                      Loss/Loss_state_metric |            1.22 |
|             Loss/Loss_state_action_to_state |         0.00234 |
|                           Loss/Act_rep_loss |         0.00379 |
|                                   SAC/Alpha |          0.0251 |
|                              SAC/LogPi_mean |            1.11 |
|                                 SAC/Q1_mean |            79.2 |
|                                 SAC/Q2_mean |            79.2 |
|                            Norm/actor_model |             202 |
|                           Norm/critic_model |             369 |
|              Norm/state_action_metric_model |            95.6 |
|                     Norm/state_metric_model |             152 |
|        Norm/state_action_state_metric_model |            94.6 |
|                  Metric/self_state_distance |         0.00154 |
|                 Metric/cross_state_distance |            2.36 |
|           Metric/self_state_action_distance |         0.00307 |
|          Metric/cross_state_action_distance |            3.39 |
|             Metric/avg_self_state_asymmetry |               0 |
|            Metric/avg_cross_state_asymmetry |          0.0237 |
|                Metric/avg_self_sa_asymmetry |               0 |
|               Metric/avg_cross_sa_asymmetry |          0.0364 |
|  Metric/self_state_action_to_state_distance |         0.00598 |
| Metric/cross_state_action_to_state_distance |            3.32 |
|                   Metric/h_lambda_diff_self |         0.00523 |
|                  Metric/h_lambda_diff_cross |          0.0791 |
|                                 Eval/Return |             864 |
-----------------------------------------------------------------
-----------------------------------------------------------------
|                                 Train/Steps |         4.1e+06 |
|                            Loss/Loss_critic |           0.221 |
|                             Loss/Loss_actor |           -81.6 |
|                             Loss/Loss_alpha |         0.00197 |
|               Loss/Loss_state_action_metric |            2.44 |
|                      Loss/Loss_state_metric |            1.13 |
|             Loss/Loss_state_action_to_state |         0.00224 |
|                           Loss/Act_rep_loss |          0.0118 |
|                                   SAC/Alpha |          0.0221 |
|                              SAC/LogPi_mean |           0.776 |
|                                 SAC/Q1_mean |            81.5 |
|                                 SAC/Q2_mean |            81.5 |
|                            Norm/actor_model |             205 |
|                           Norm/critic_model |             373 |
|              Norm/state_action_metric_model |              97 |
|                     Norm/state_metric_model |             154 |
|        Norm/state_action_state_metric_model |            96.3 |
|                  Metric/self_state_distance |        0.000274 |
|                 Metric/cross_state_distance |            2.19 |
|           Metric/self_state_action_distance |          0.0122 |
|          Metric/cross_state_action_distance |            3.05 |
|             Metric/avg_self_state_asymmetry |               0 |
|            Metric/avg_cross_state_asymmetry |          0.0199 |
|                Metric/avg_self_sa_asymmetry |               0 |
|               Metric/avg_cross_sa_asymmetry |          0.0359 |
|  Metric/self_state_action_to_state_distance |        0.000306 |
| Metric/cross_state_action_to_state_distance |            3.02 |
|                   Metric/h_lambda_diff_self |          0.0121 |
|                  Metric/h_lambda_diff_cross |          0.0406 |
|                                 Eval/Return |             879 |
-----------------------------------------------------------------
[32mSaving model …[0m
[32mDone.[0m
[32mSaving model …[0m
[32mDone.[0m
-----------------------------------------------------------------
|                                 Train/Steps |        4.23e+06 |
|                            Loss/Loss_critic |           0.289 |
|                             Loss/Loss_actor |           -81.1 |
|                             Loss/Loss_alpha |       -0.000559 |
|               Loss/Loss_state_action_metric |            2.57 |
|                      Loss/Loss_state_metric |            1.24 |
|             Loss/Loss_state_action_to_state |         0.00216 |
|                           Loss/Act_rep_loss |          0.0111 |
|                                   SAC/Alpha |          0.0185 |
|                              SAC/LogPi_mean |            1.04 |
|                                 SAC/Q1_mean |              81 |
|                                 SAC/Q2_mean |            80.9 |
|                            Norm/actor_model |             208 |
|                           Norm/critic_model |             376 |
|              Norm/state_action_metric_model |            98.3 |
|                     Norm/state_metric_model |             156 |
|        Norm/state_action_state_metric_model |              98 |
|                  Metric/self_state_distance |         0.00636 |
|                 Metric/cross_state_distance |            2.25 |
|           Metric/self_state_action_distance |           0.164 |
|          Metric/cross_state_action_distance |             3.1 |
|             Metric/avg_self_state_asymmetry |               0 |
|            Metric/avg_cross_state_asymmetry |          0.0251 |
|                Metric/avg_self_sa_asymmetry |               0 |
|               Metric/avg_cross_sa_asymmetry |          0.0371 |
|  Metric/self_state_action_to_state_distance |         0.00418 |
| Metric/cross_state_action_to_state_distance |            3.11 |
|                   Metric/h_lambda_diff_self |            0.16 |
|                  Metric/h_lambda_diff_cross |          0.0307 |
|                                 Eval/Return |             906 |
-----------------------------------------------------------------
-----------------------------------------------------------------
|                                 Train/Steps |        4.36e+06 |
|                            Loss/Loss_critic |            0.44 |
|                             Loss/Loss_actor |           -85.1 |
|                             Loss/Loss_alpha |         0.00394 |
|               Loss/Loss_state_action_metric |            2.15 |
|                      Loss/Loss_state_metric |           0.998 |
|             Loss/Loss_state_action_to_state |         0.00245 |
|                           Loss/Act_rep_loss |          0.0159 |
|                                   SAC/Alpha |          0.0181 |
|                              SAC/LogPi_mean |           0.827 |
|                                 SAC/Q1_mean |              85 |
|                                 SAC/Q2_mean |              85 |
|                            Norm/actor_model |             211 |
|                           Norm/critic_model |             380 |
|              Norm/state_action_metric_model |            99.4 |
|                     Norm/state_metric_model |             158 |
|        Norm/state_action_state_metric_model |            99.6 |
|                  Metric/self_state_distance |         0.00426 |
|                 Metric/cross_state_distance |            2.01 |
|           Metric/self_state_action_distance |         0.00543 |
|          Metric/cross_state_action_distance |            2.77 |
|             Metric/avg_self_state_asymmetry |               0 |
|            Metric/avg_cross_state_asymmetry |          0.0223 |
|                Metric/avg_self_sa_asymmetry |               0 |
|               Metric/avg_cross_sa_asymmetry |          0.0322 |
|  Metric/self_state_action_to_state_distance |         6.7e-05 |
| Metric/cross_state_action_to_state_distance |            2.75 |
|                   Metric/h_lambda_diff_self |          0.0054 |
|                  Metric/h_lambda_diff_cross |          0.0391 |
|                                 Eval/Return |             903 |
-----------------------------------------------------------------
-----------------------------------------------------------------
|                                 Train/Steps |        4.49e+06 |
|                            Loss/Loss_critic |           0.289 |
|                             Loss/Loss_actor |             -87 |
|                             Loss/Loss_alpha |         0.00331 |
|               Loss/Loss_state_action_metric |               2 |
|                      Loss/Loss_state_metric |           0.894 |
|             Loss/Loss_state_action_to_state |         0.00279 |
|                           Loss/Act_rep_loss |         0.00522 |
|                                   SAC/Alpha |          0.0164 |
|                              SAC/LogPi_mean |           0.849 |
|                                 SAC/Q1_mean |              87 |
|                                 SAC/Q2_mean |            86.9 |
|                            Norm/actor_model |             213 |
|                           Norm/critic_model |             383 |
|              Norm/state_action_metric_model |             101 |
|                     Norm/state_metric_model |             160 |
|        Norm/state_action_state_metric_model |             101 |
|                  Metric/self_state_distance |        0.000561 |
|                 Metric/cross_state_distance |            1.93 |
|           Metric/self_state_action_distance |         0.00104 |
|          Metric/cross_state_action_distance |            2.66 |
|             Metric/avg_self_state_asymmetry |               0 |
|            Metric/avg_cross_state_asymmetry |          0.0236 |
|                Metric/avg_self_sa_asymmetry |               0 |
|               Metric/avg_cross_sa_asymmetry |          0.0417 |
|  Metric/self_state_action_to_state_distance |         0.00121 |
| Metric/cross_state_action_to_state_distance |            2.59 |
|                   Metric/h_lambda_diff_self |         0.00195 |
|                  Metric/h_lambda_diff_cross |          0.0884 |
|                                 Eval/Return |             941 |
-----------------------------------------------------------------
-----------------------------------------------------------------
|                                 Train/Steps |        4.62e+06 |
|                            Loss/Loss_critic |           0.448 |
|                             Loss/Loss_actor |           -86.8 |
|                             Loss/Loss_alpha |         0.00181 |
|               Loss/Loss_state_action_metric |            2.31 |
|                      Loss/Loss_state_metric |            1.01 |
|             Loss/Loss_state_action_to_state |         0.00357 |
|                           Loss/Act_rep_loss |         0.00698 |
|                                   SAC/Alpha |          0.0147 |
|                              SAC/LogPi_mean |            1.01 |
|                                 SAC/Q1_mean |            86.7 |
|                                 SAC/Q2_mean |            86.8 |
|                            Norm/actor_model |             216 |
|                           Norm/critic_model |             387 |
|              Norm/state_action_metric_model |             102 |
|                     Norm/state_metric_model |             162 |
|        Norm/state_action_state_metric_model |             103 |
|                  Metric/self_state_distance |         0.00161 |
|                 Metric/cross_state_distance |            2.03 |
|           Metric/self_state_action_distance |        0.000779 |
|          Metric/cross_state_action_distance |            2.71 |
|             Metric/avg_self_state_asymmetry |               0 |
|            Metric/avg_cross_state_asymmetry |          0.0205 |
|                Metric/avg_self_sa_asymmetry |               0 |
|               Metric/avg_cross_sa_asymmetry |          0.0323 |
|  Metric/self_state_action_to_state_distance |         0.00136 |
| Metric/cross_state_action_to_state_distance |            2.69 |
|                   Metric/h_lambda_diff_self |         0.00127 |
|                  Metric/h_lambda_diff_cross |          0.0345 |
|                                 Eval/Return |             864 |
-----------------------------------------------------------------
-----------------------------------------------------------------
|                                 Train/Steps |        4.74e+06 |
|                            Loss/Loss_critic |            0.45 |
|                             Loss/Loss_actor |           -87.6 |
|                             Loss/Loss_alpha |         0.00152 |
|               Loss/Loss_state_action_metric |             2.4 |
|                      Loss/Loss_state_metric |            1.03 |
|             Loss/Loss_state_action_to_state |         0.00276 |
|                           Loss/Act_rep_loss |          0.0022 |
|                                   SAC/Alpha |          0.0139 |
|                              SAC/LogPi_mean |           0.936 |
|                                 SAC/Q1_mean |            87.5 |
|                                 SAC/Q2_mean |            87.6 |
|                            Norm/actor_model |             220 |
|                           Norm/critic_model |             390 |
|              Norm/state_action_metric_model |             103 |
|                     Norm/state_metric_model |             164 |
|        Norm/state_action_state_metric_model |             104 |
|                  Metric/self_state_distance |         0.00402 |
|                 Metric/cross_state_distance |            2.08 |
|           Metric/self_state_action_distance |         0.00265 |
|          Metric/cross_state_action_distance |            2.78 |
|             Metric/avg_self_state_asymmetry |               0 |
|            Metric/avg_cross_state_asymmetry |          0.0196 |
|                Metric/avg_self_sa_asymmetry |               0 |
|               Metric/avg_cross_sa_asymmetry |          0.0291 |
|  Metric/self_state_action_to_state_distance |         0.00848 |
| Metric/cross_state_action_to_state_distance |             2.8 |
|                   Metric/h_lambda_diff_self |         0.00842 |
|                  Metric/h_lambda_diff_cross |          0.0373 |
|                                 Eval/Return |             932 |
-----------------------------------------------------------------
-----------------------------------------------------------------
|                                 Train/Steps |        4.87e+06 |
|                            Loss/Loss_critic |           0.185 |
|                             Loss/Loss_actor |           -88.7 |
|                             Loss/Loss_alpha |        -0.00293 |
|               Loss/Loss_state_action_metric |            1.86 |
|                      Loss/Loss_state_metric |           0.804 |
|             Loss/Loss_state_action_to_state |         0.00193 |
|                           Loss/Act_rep_loss |          0.0295 |
|                                   SAC/Alpha |          0.0116 |
|                              SAC/LogPi_mean |            1.22 |
|                                 SAC/Q1_mean |            88.7 |
|                                 SAC/Q2_mean |            88.7 |
|                            Norm/actor_model |             223 |
|                           Norm/critic_model |             394 |
|              Norm/state_action_metric_model |             104 |
|                     Norm/state_metric_model |             166 |
|        Norm/state_action_state_metric_model |             106 |
|                  Metric/self_state_distance |        0.000671 |
|                 Metric/cross_state_distance |            1.91 |
|           Metric/self_state_action_distance |          0.0021 |
|          Metric/cross_state_action_distance |             2.5 |
|             Metric/avg_self_state_asymmetry |               0 |
|            Metric/avg_cross_state_asymmetry |          0.0217 |
|                Metric/avg_self_sa_asymmetry |               0 |
|               Metric/avg_cross_sa_asymmetry |          0.0413 |
|  Metric/self_state_action_to_state_distance |         0.00328 |
| Metric/cross_state_action_to_state_distance |            2.51 |
|                   Metric/h_lambda_diff_self |         0.00379 |
|                  Metric/h_lambda_diff_cross |          0.0282 |
|                                 Eval/Return |             917 |
-----------------------------------------------------------------
-----------------------------------------------------------------
|                                 Train/Steps |           5e+06 |
|                            Loss/Loss_critic |           0.659 |
|                             Loss/Loss_actor |           -89.6 |
|                             Loss/Loss_alpha |         -0.0021 |
|               Loss/Loss_state_action_metric |            1.97 |
|                      Loss/Loss_state_metric |           0.852 |
|             Loss/Loss_state_action_to_state |         0.00261 |
|                           Loss/Act_rep_loss |         0.00419 |
|                                   SAC/Alpha |         0.00982 |
|                              SAC/LogPi_mean |            1.21 |
|                                 SAC/Q1_mean |            89.5 |
|                                 SAC/Q2_mean |            89.6 |
|                            Norm/actor_model |             225 |
|                           Norm/critic_model |             396 |
|              Norm/state_action_metric_model |             106 |
|                     Norm/state_metric_model |             167 |
|        Norm/state_action_state_metric_model |             107 |
|                  Metric/self_state_distance |         0.00109 |
|                 Metric/cross_state_distance |            1.86 |
|           Metric/self_state_action_distance |          0.0204 |
|          Metric/cross_state_action_distance |            2.49 |
|             Metric/avg_self_state_asymmetry |               0 |
|            Metric/avg_cross_state_asymmetry |          0.0189 |
|                Metric/avg_self_sa_asymmetry |               0 |
|               Metric/avg_cross_sa_asymmetry |          0.0482 |
|  Metric/self_state_action_to_state_distance |          0.0027 |
| Metric/cross_state_action_to_state_distance |            2.46 |
|                   Metric/h_lambda_diff_self |          0.0187 |
|                  Metric/h_lambda_diff_cross |          0.0377 |
|                                 Eval/Return |             920 |
-----------------------------------------------------------------
[32mSaving model …[0m
[32mDone.[0m
[32mSaving model …[0m
[32mDone.[0m
