E0923 21:14:20.132861 3245622 cuda_executor.cc:1526] Could not get kernel mode driver version: (INVALID_ARGUMENT: Version does not match the format X.Y.Z)
E0923 21:14:20.141343 3245511 cuda_executor.cc:1526] Could not get kernel mode driver version: (INVALID_ARGUMENT: Version does not match the format X.Y.Z)
[32mStart prefilling replay buffer[0m
[32mStart SAC training[0m
[32m{'log_freq': 1000, 'save_freq': 1000000, 'eval_episode_freq': 10, 'hidden_size': 256, 'lr': 0.001, 'max_grad_norm': 0.0, 'gamma': 0.99, 'update_tau': 0.005, 'train_per_step': 8, 'episode_length': 1000, 'warmup_samples': 8192, 'max_replay_size': 4000000, 'batch_size': 512, 'total_env_steps': 5000000, 'init_temperature': 0.1, 'nstep': 3, 'bootstrap_on_truncation': True, 'rep_lr_scale': 1.5, 'vis_feq': 100000, 'n_vis_frames': 4, 'num_envs': 128, 'grad_steps': 50, 'transfer_freq': 10, 'transfer_steps': 8, 'reward_scaling': 1.0, 'num_eval_envs': 128, 'target_entropy': -3.0}[0m
[32m[nstep] nstep=3 bootstrap_on_truncation=True (discount from the buffer already contains gamma^nstep)[0m
-----------------------------------------------------------------
|                                 Train/Steps |        1.36e+05 |
|                            Loss/Loss_critic |           0.139 |
|                             Loss/Loss_actor |           -11.9 |
|                             Loss/Loss_alpha |       -0.000128 |
|               Loss/Loss_state_action_metric |         0.00209 |
|                      Loss/Loss_state_metric |         0.00178 |
|             Loss/Loss_state_action_to_state |        1.95e-05 |
|                           Loss/Act_rep_loss |          0.0385 |
|                                   SAC/Alpha |          0.0151 |
|                              SAC/LogPi_mean |            2.94 |
|                                 SAC/Q1_mean |            11.8 |
|                                 SAC/Q2_mean |            11.8 |
|                            Norm/actor_model |            44.2 |
|                           Norm/critic_model |            52.5 |
|              Norm/state_action_metric_model |            31.2 |
|                     Norm/state_metric_model |            30.8 |
|        Norm/state_action_state_metric_model |            31.6 |
|                  Metric/self_state_distance |         0.00233 |
|                 Metric/cross_state_distance |           0.962 |
|           Metric/self_state_action_distance |         0.00164 |
|          Metric/cross_state_action_distance |           0.954 |
|             Metric/avg_self_state_asymmetry |               0 |
|            Metric/avg_cross_state_asymmetry |         0.00284 |
|                Metric/avg_self_sa_asymmetry |               0 |
|               Metric/avg_cross_sa_asymmetry |         0.00278 |
|  Metric/self_state_action_to_state_distance |        0.000871 |
| Metric/cross_state_action_to_state_distance |           0.956 |
|                   Metric/h_lambda_diff_self |         0.00127 |
|                  Metric/h_lambda_diff_cross |         0.00409 |
|                                 Eval/Return |             390 |
-----------------------------------------------------------------
-----------------------------------------------------------------
|                                 Train/Steps |        2.64e+05 |
|                            Loss/Loss_critic |           0.187 |
|                             Loss/Loss_actor |             -31 |
|                             Loss/Loss_alpha |        -0.00292 |
|               Loss/Loss_state_action_metric |         0.00187 |
|                      Loss/Loss_state_metric |         0.00112 |
|             Loss/Loss_state_action_to_state |        1.44e-05 |
|                           Loss/Act_rep_loss |            0.02 |
|                                   SAC/Alpha |          0.0244 |
|                              SAC/LogPi_mean |            3.11 |
|                                 SAC/Q1_mean |            30.9 |
|                                 SAC/Q2_mean |              31 |
|                            Norm/actor_model |            58.4 |
|                           Norm/critic_model |            70.4 |
|              Norm/state_action_metric_model |            33.5 |
|                     Norm/state_metric_model |            32.2 |
|        Norm/state_action_state_metric_model |            33.6 |
|                  Metric/self_state_distance |        0.000709 |
|                 Metric/cross_state_distance |               1 |
|           Metric/self_state_action_distance |         0.00101 |
|          Metric/cross_state_action_distance |           0.998 |
|             Metric/avg_self_state_asymmetry |               0 |
|            Metric/avg_cross_state_asymmetry |         0.00322 |
|                Metric/avg_self_sa_asymmetry |               0 |
|               Metric/avg_cross_sa_asymmetry |          0.0026 |
|  Metric/self_state_action_to_state_distance |        0.000133 |
| Metric/cross_state_action_to_state_distance |               1 |
|                   Metric/h_lambda_diff_self |        0.000909 |
|                  Metric/h_lambda_diff_cross |         0.00387 |
|                                 Eval/Return |             699 |
-----------------------------------------------------------------
-----------------------------------------------------------------
|                                 Train/Steps |        3.92e+05 |
|                            Loss/Loss_critic |           0.206 |
|                             Loss/Loss_actor |           -42.9 |
|                             Loss/Loss_alpha |         0.00835 |
|               Loss/Loss_state_action_metric |         0.00128 |
|                      Loss/Loss_state_metric |        0.000878 |
|             Loss/Loss_state_action_to_state |        1.42e-05 |
|                           Loss/Act_rep_loss |          0.0279 |
|                                   SAC/Alpha |          0.0247 |
|                              SAC/LogPi_mean |            2.44 |
|                                 SAC/Q1_mean |            42.8 |
|                                 SAC/Q2_mean |            42.8 |
|                            Norm/actor_model |            68.1 |
|                           Norm/critic_model |            81.6 |
|              Norm/state_action_metric_model |            35.9 |
|                     Norm/state_metric_model |            33.9 |
|        Norm/state_action_state_metric_model |            35.6 |
|                  Metric/self_state_distance |         0.00016 |
|                 Metric/cross_state_distance |           0.994 |
|           Metric/self_state_action_distance |          0.0008 |
|          Metric/cross_state_action_distance |           0.996 |
|             Metric/avg_self_state_asymmetry |               0 |
|            Metric/avg_cross_state_asymmetry |         0.00228 |
|                Metric/avg_self_sa_asymmetry |               0 |
|               Metric/avg_cross_sa_asymmetry |         0.00228 |
|  Metric/self_state_action_to_state_distance |        0.000121 |
| Metric/cross_state_action_to_state_distance |           0.995 |
|                   Metric/h_lambda_diff_self |        0.000849 |
|                  Metric/h_lambda_diff_cross |         0.00333 |
|                                 Eval/Return |             742 |
-----------------------------------------------------------------
-----------------------------------------------------------------
|                                 Train/Steps |         5.2e+05 |
|                            Loss/Loss_critic |            0.16 |
|                             Loss/Loss_actor |           -52.1 |
|                             Loss/Loss_alpha |        -0.00518 |
|               Loss/Loss_state_action_metric |         0.00156 |
|                      Loss/Loss_state_metric |          0.0013 |
|             Loss/Loss_state_action_to_state |        1.27e-05 |
|                           Loss/Act_rep_loss |          0.0283 |
|                                   SAC/Alpha |          0.0239 |
|                              SAC/LogPi_mean |            3.26 |
|                                 SAC/Q1_mean |            51.9 |
|                                 SAC/Q2_mean |            52.1 |
|                            Norm/actor_model |            75.8 |
|                           Norm/critic_model |            89.8 |
|              Norm/state_action_metric_model |            38.1 |
|                     Norm/state_metric_model |            36.2 |
|        Norm/state_action_state_metric_model |            37.8 |
|                  Metric/self_state_distance |        0.000279 |
|                 Metric/cross_state_distance |           0.995 |
|           Metric/self_state_action_distance |         0.00217 |
|          Metric/cross_state_action_distance |           0.995 |
|             Metric/avg_self_state_asymmetry |               0 |
|            Metric/avg_cross_state_asymmetry |         0.00158 |
|                Metric/avg_self_sa_asymmetry |               0 |
|               Metric/avg_cross_sa_asymmetry |         0.00266 |
|  Metric/self_state_action_to_state_distance |        8.16e-05 |
| Metric/cross_state_action_to_state_distance |           0.994 |
|                   Metric/h_lambda_diff_self |         0.00213 |
|                  Metric/h_lambda_diff_cross |         0.00295 |
|                                 Eval/Return |             749 |
-----------------------------------------------------------------
-----------------------------------------------------------------
|                                 Train/Steps |        6.48e+05 |
|                            Loss/Loss_critic |           0.193 |
|                             Loss/Loss_actor |           -58.9 |
|                             Loss/Loss_alpha |        -0.00803 |
|               Loss/Loss_state_action_metric |         0.00247 |
|                      Loss/Loss_state_metric |         0.00172 |
|             Loss/Loss_state_action_to_state |        1.47e-05 |
|                           Loss/Act_rep_loss |          0.0312 |
|                                   SAC/Alpha |           0.024 |
|                              SAC/LogPi_mean |            3.36 |
|                                 SAC/Q1_mean |            58.9 |
|                                 SAC/Q2_mean |            58.9 |
|                            Norm/actor_model |            81.9 |
|                           Norm/critic_model |            96.5 |
|              Norm/state_action_metric_model |              40 |
|                     Norm/state_metric_model |            38.5 |
|        Norm/state_action_state_metric_model |            40.4 |
|                  Metric/self_state_distance |         0.00157 |
|                 Metric/cross_state_distance |           0.994 |
|           Metric/self_state_action_distance |         0.00376 |
|          Metric/cross_state_action_distance |           0.987 |
|             Metric/avg_self_state_asymmetry |               0 |
|            Metric/avg_cross_state_asymmetry |         0.00406 |
|                Metric/avg_self_sa_asymmetry |               0 |
|               Metric/avg_cross_sa_asymmetry |         0.00297 |
|  Metric/self_state_action_to_state_distance |        0.000263 |
| Metric/cross_state_action_to_state_distance |           0.987 |
|                   Metric/h_lambda_diff_self |         0.00363 |
|                  Metric/h_lambda_diff_cross |          0.0045 |
|                                 Eval/Return |             795 |
-----------------------------------------------------------------
-----------------------------------------------------------------
|                                 Train/Steps |        7.76e+05 |
|                            Loss/Loss_critic |           0.139 |
|                             Loss/Loss_actor |           -61.7 |
|                             Loss/Loss_alpha |         0.00264 |
|               Loss/Loss_state_action_metric |         0.00342 |
|                      Loss/Loss_state_metric |         0.00143 |
|             Loss/Loss_state_action_to_state |        1.86e-05 |
|                           Loss/Act_rep_loss |          0.0294 |
|                                   SAC/Alpha |          0.0242 |
|                              SAC/LogPi_mean |            2.87 |
|                                 SAC/Q1_mean |            61.7 |
|                                 SAC/Q2_mean |            61.6 |
|                            Norm/actor_model |              87 |
|                           Norm/critic_model |             102 |
|              Norm/state_action_metric_model |            42.3 |
|                     Norm/state_metric_model |            41.7 |
|        Norm/state_action_state_metric_model |            42.7 |
|                  Metric/self_state_distance |        0.000871 |
|                 Metric/cross_state_distance |           0.989 |
|           Metric/self_state_action_distance |        0.000348 |
|          Metric/cross_state_action_distance |           0.986 |
|             Metric/avg_self_state_asymmetry |               0 |
|            Metric/avg_cross_state_asymmetry |         0.00346 |
|                Metric/avg_self_sa_asymmetry |               0 |
|               Metric/avg_cross_sa_asymmetry |          0.0024 |
|  Metric/self_state_action_to_state_distance |        0.000151 |
| Metric/cross_state_action_to_state_distance |           0.985 |
|                   Metric/h_lambda_diff_self |        0.000375 |
|                  Metric/h_lambda_diff_cross |         0.00298 |
|                                 Eval/Return |             831 |
-----------------------------------------------------------------
-----------------------------------------------------------------
|                                 Train/Steps |        9.04e+05 |
|                            Loss/Loss_critic |            0.18 |
|                             Loss/Loss_actor |           -65.6 |
|                             Loss/Loss_alpha |         -0.0063 |
|               Loss/Loss_state_action_metric |         0.00217 |
|                      Loss/Loss_state_metric |         0.00132 |
|             Loss/Loss_state_action_to_state |        7.71e-06 |
|                           Loss/Act_rep_loss |          0.0292 |
|                                   SAC/Alpha |          0.0234 |
|                              SAC/LogPi_mean |            3.44 |
|                                 SAC/Q1_mean |            65.5 |
|                                 SAC/Q2_mean |            65.6 |
|                            Norm/actor_model |            91.6 |
|                           Norm/critic_model |             108 |
|              Norm/state_action_metric_model |            44.5 |
|                     Norm/state_metric_model |            43.7 |
|        Norm/state_action_state_metric_model |            45.3 |
|                  Metric/self_state_distance |        0.000256 |
|                 Metric/cross_state_distance |           0.988 |
|           Metric/self_state_action_distance |        0.000565 |
|          Metric/cross_state_action_distance |           0.987 |
|             Metric/avg_self_state_asymmetry |               0 |
|            Metric/avg_cross_state_asymmetry |         0.00117 |
|                Metric/avg_self_sa_asymmetry |               0 |
|               Metric/avg_cross_sa_asymmetry |         0.00185 |
|  Metric/self_state_action_to_state_distance |        8.97e-05 |
| Metric/cross_state_action_to_state_distance |           0.986 |
|                   Metric/h_lambda_diff_self |        0.000503 |
|                  Metric/h_lambda_diff_cross |         0.00222 |
|                                 Eval/Return |             862 |
-----------------------------------------------------------------
-----------------------------------------------------------------
|                                 Train/Steps |        1.03e+06 |
|                            Loss/Loss_critic |           0.165 |
|                             Loss/Loss_actor |           -67.9 |
|                             Loss/Loss_alpha |        -0.00981 |
|               Loss/Loss_state_action_metric |         0.00271 |
|                      Loss/Loss_state_metric |         0.00176 |
|             Loss/Loss_state_action_to_state |        7.98e-06 |
|                           Loss/Act_rep_loss |          0.0299 |
|                                   SAC/Alpha |          0.0232 |
|                              SAC/LogPi_mean |            3.23 |
|                                 SAC/Q1_mean |            67.9 |
|                                 SAC/Q2_mean |            67.9 |
|                            Norm/actor_model |            95.8 |
|                           Norm/critic_model |             112 |
|              Norm/state_action_metric_model |            46.8 |
|                     Norm/state_metric_model |            46.1 |
|        Norm/state_action_state_metric_model |            47.4 |
|                  Metric/self_state_distance |        0.000276 |
|                 Metric/cross_state_distance |           0.986 |
|           Metric/self_state_action_distance |          0.0012 |
|          Metric/cross_state_action_distance |           0.985 |
|             Metric/avg_self_state_asymmetry |               0 |
|            Metric/avg_cross_state_asymmetry |         0.00135 |
|                Metric/avg_self_sa_asymmetry |               0 |
|               Metric/avg_cross_sa_asymmetry |         0.00201 |
|  Metric/self_state_action_to_state_distance |        3.97e-06 |
| Metric/cross_state_action_to_state_distance |           0.984 |
|                   Metric/h_lambda_diff_self |         0.00119 |
|                  Metric/h_lambda_diff_cross |         0.00274 |
|                                 Eval/Return |             844 |
-----------------------------------------------------------------
[32mSaving model …[0m
[32mDone.[0m
[32mSaving model …[0m
[32mDone.[0m
-----------------------------------------------------------------
|                                 Train/Steps |        1.16e+06 |
|                            Loss/Loss_critic |            0.16 |
|                             Loss/Loss_actor |           -70.6 |
|                             Loss/Loss_alpha |         0.00438 |
|               Loss/Loss_state_action_metric |         0.00154 |
|                      Loss/Loss_state_metric |        0.000939 |
|             Loss/Loss_state_action_to_state |        7.37e-06 |
|                           Loss/Act_rep_loss |          0.0312 |
|                                   SAC/Alpha |          0.0231 |
|                              SAC/LogPi_mean |             2.9 |
|                                 SAC/Q1_mean |            70.6 |
|                                 SAC/Q2_mean |            70.5 |
|                            Norm/actor_model |            99.7 |
|                           Norm/critic_model |             117 |
|              Norm/state_action_metric_model |            49.1 |
|                     Norm/state_metric_model |            49.2 |
|        Norm/state_action_state_metric_model |            50.4 |
|                  Metric/self_state_distance |         4.5e-05 |
|                 Metric/cross_state_distance |           0.987 |
|           Metric/self_state_action_distance |         0.00132 |
|          Metric/cross_state_action_distance |           0.983 |
|             Metric/avg_self_state_asymmetry |               0 |
|            Metric/avg_cross_state_asymmetry |         0.00158 |
|                Metric/avg_self_sa_asymmetry |               0 |
|               Metric/avg_cross_sa_asymmetry |         0.00183 |
|  Metric/self_state_action_to_state_distance |        4.88e-05 |
| Metric/cross_state_action_to_state_distance |           0.982 |
|                   Metric/h_lambda_diff_self |         0.00131 |
|                  Metric/h_lambda_diff_cross |         0.00224 |
|                                 Eval/Return |             867 |
-----------------------------------------------------------------
-----------------------------------------------------------------
|                                 Train/Steps |        1.29e+06 |
|                            Loss/Loss_critic |           0.172 |
|                             Loss/Loss_actor |           -72.5 |
|                             Loss/Loss_alpha |         0.00659 |
|               Loss/Loss_state_action_metric |         0.00155 |
|                      Loss/Loss_state_metric |         0.00121 |
|             Loss/Loss_state_action_to_state |        9.57e-06 |
|                           Loss/Act_rep_loss |          0.0286 |
|                                   SAC/Alpha |          0.0234 |
|                              SAC/LogPi_mean |            2.79 |
|                                 SAC/Q1_mean |            72.6 |
|                                 SAC/Q2_mean |            72.5 |
|                            Norm/actor_model |             103 |
|                           Norm/critic_model |             121 |
|              Norm/state_action_metric_model |            50.8 |
|                     Norm/state_metric_model |            51.2 |
|        Norm/state_action_state_metric_model |            52.7 |
|                  Metric/self_state_distance |        0.000462 |
|                 Metric/cross_state_distance |           0.984 |
|           Metric/self_state_action_distance |         0.00066 |
|          Metric/cross_state_action_distance |           0.982 |
|             Metric/avg_self_state_asymmetry |               0 |
|            Metric/avg_cross_state_asymmetry |         0.00173 |
|                Metric/avg_self_sa_asymmetry |               0 |
|               Metric/avg_cross_sa_asymmetry |         0.00178 |
|  Metric/self_state_action_to_state_distance |        4.53e-05 |
| Metric/cross_state_action_to_state_distance |            0.98 |
|                   Metric/h_lambda_diff_self |        0.000632 |
|                  Metric/h_lambda_diff_cross |         0.00351 |
|                                 Eval/Return |             886 |
-----------------------------------------------------------------
-----------------------------------------------------------------
|                                 Train/Steps |        1.42e+06 |
|                            Loss/Loss_critic |           0.181 |
|                             Loss/Loss_actor |           -75.8 |
|                             Loss/Loss_alpha |        -0.00387 |
|               Loss/Loss_state_action_metric |         0.00124 |
|                      Loss/Loss_state_metric |        0.000898 |
|             Loss/Loss_state_action_to_state |         4.9e-06 |
|                           Loss/Act_rep_loss |          0.0305 |
|                                   SAC/Alpha |          0.0219 |
|                              SAC/LogPi_mean |            3.27 |
|                                 SAC/Q1_mean |            75.7 |
|                                 SAC/Q2_mean |            75.7 |
|                            Norm/actor_model |             107 |
|                           Norm/critic_model |             126 |
|              Norm/state_action_metric_model |              53 |
|                     Norm/state_metric_model |            53.7 |
|        Norm/state_action_state_metric_model |            54.8 |
|                  Metric/self_state_distance |        2.04e-06 |
|                 Metric/cross_state_distance |           0.986 |
|           Metric/self_state_action_distance |        0.000662 |
|          Metric/cross_state_action_distance |           0.984 |
|             Metric/avg_self_state_asymmetry |               0 |
|            Metric/avg_cross_state_asymmetry |         0.00182 |
|                Metric/avg_self_sa_asymmetry |               0 |
|               Metric/avg_cross_sa_asymmetry |         0.00167 |
|  Metric/self_state_action_to_state_distance |        9.17e-05 |
| Metric/cross_state_action_to_state_distance |           0.982 |
|                   Metric/h_lambda_diff_self |        0.000594 |
|                  Metric/h_lambda_diff_cross |         0.00256 |
|                                 Eval/Return |             901 |
-----------------------------------------------------------------
-----------------------------------------------------------------
|                                 Train/Steps |        1.54e+06 |
|                            Loss/Loss_critic |           0.116 |
|                             Loss/Loss_actor |           -75.3 |
|                             Loss/Loss_alpha |         0.00428 |
|               Loss/Loss_state_action_metric |         0.00232 |
|                      Loss/Loss_state_metric |         0.00104 |
|             Loss/Loss_state_action_to_state |        1.19e-05 |
|                           Loss/Act_rep_loss |          0.0295 |
|                                   SAC/Alpha |           0.023 |
|                              SAC/LogPi_mean |            3.14 |
|                                 SAC/Q1_mean |            75.3 |
|                                 SAC/Q2_mean |            75.3 |
|                            Norm/actor_model |             110 |
|                           Norm/critic_model |             130 |
|              Norm/state_action_metric_model |              55 |
|                     Norm/state_metric_model |            56.2 |
|        Norm/state_action_state_metric_model |            57.4 |
|                  Metric/self_state_distance |         0.00015 |
|                 Metric/cross_state_distance |           0.991 |
|           Metric/self_state_action_distance |         0.00146 |
|          Metric/cross_state_action_distance |           0.986 |
|             Metric/avg_self_state_asymmetry |               0 |
|            Metric/avg_cross_state_asymmetry |          0.0019 |
|                Metric/avg_self_sa_asymmetry |               0 |
|               Metric/avg_cross_sa_asymmetry |         0.00141 |
|  Metric/self_state_action_to_state_distance |        0.000584 |
| Metric/cross_state_action_to_state_distance |           0.984 |
|                   Metric/h_lambda_diff_self |         0.00157 |
|                  Metric/h_lambda_diff_cross |         0.00284 |
|                                 Eval/Return |             907 |
-----------------------------------------------------------------
-----------------------------------------------------------------
|                                 Train/Steps |        1.67e+06 |
|                            Loss/Loss_critic |           0.375 |
|                             Loss/Loss_actor |           -77.2 |
|                             Loss/Loss_alpha |         0.00201 |
|               Loss/Loss_state_action_metric |         0.00223 |
|                      Loss/Loss_state_metric |         0.00167 |
|             Loss/Loss_state_action_to_state |        5.41e-06 |
|                           Loss/Act_rep_loss |          0.0311 |
|                                   SAC/Alpha |          0.0226 |
|                              SAC/LogPi_mean |            2.93 |
|                                 SAC/Q1_mean |            77.2 |
|                                 SAC/Q2_mean |            77.2 |
|                            Norm/actor_model |             113 |
|                           Norm/critic_model |             133 |
|              Norm/state_action_metric_model |            56.5 |
|                     Norm/state_metric_model |            58.4 |
|        Norm/state_action_state_metric_model |            59.3 |
|                  Metric/self_state_distance |        0.000185 |
|                 Metric/cross_state_distance |           0.982 |
|           Metric/self_state_action_distance |         0.00106 |
|          Metric/cross_state_action_distance |           0.977 |
|             Metric/avg_self_state_asymmetry |               0 |
|            Metric/avg_cross_state_asymmetry |         0.00163 |
|                Metric/avg_self_sa_asymmetry |               0 |
|               Metric/avg_cross_sa_asymmetry |         0.00148 |
|  Metric/self_state_action_to_state_distance |        5.57e-05 |
| Metric/cross_state_action_to_state_distance |           0.978 |
|                   Metric/h_lambda_diff_self |         0.00102 |
|                  Metric/h_lambda_diff_cross |         0.00262 |
|                                 Eval/Return |             905 |
-----------------------------------------------------------------
-----------------------------------------------------------------
|                                 Train/Steps |         1.8e+06 |
|                            Loss/Loss_critic |           0.519 |
|                             Loss/Loss_actor |           -77.7 |
|                             Loss/Loss_alpha |         0.00264 |
|               Loss/Loss_state_action_metric |         0.00133 |
|                      Loss/Loss_state_metric |        0.000944 |
|             Loss/Loss_state_action_to_state |        5.89e-06 |
|                           Loss/Act_rep_loss |          0.0311 |
|                                   SAC/Alpha |          0.0222 |
|                              SAC/LogPi_mean |            2.91 |
|                                 SAC/Q1_mean |            77.7 |
|                                 SAC/Q2_mean |            77.6 |
|                            Norm/actor_model |             116 |
|                           Norm/critic_model |             137 |
|              Norm/state_action_metric_model |            58.2 |
|                     Norm/state_metric_model |            60.8 |
|        Norm/state_action_state_metric_model |            61.9 |
|                  Metric/self_state_distance |        0.000114 |
|                 Metric/cross_state_distance |           0.986 |
|           Metric/self_state_action_distance |         0.00156 |
|          Metric/cross_state_action_distance |           0.983 |
|             Metric/avg_self_state_asymmetry |               0 |
|            Metric/avg_cross_state_asymmetry |         0.00129 |
|                Metric/avg_self_sa_asymmetry |               0 |
|               Metric/avg_cross_sa_asymmetry |          0.0013 |
|  Metric/self_state_action_to_state_distance |        4.22e-05 |
| Metric/cross_state_action_to_state_distance |           0.982 |
|                   Metric/h_lambda_diff_self |         0.00154 |
|                  Metric/h_lambda_diff_cross |         0.00186 |
|                                 Eval/Return |             902 |
-----------------------------------------------------------------
-----------------------------------------------------------------
|                                 Train/Steps |        1.93e+06 |
|                            Loss/Loss_critic |           0.129 |
|                             Loss/Loss_actor |           -80.1 |
|                             Loss/Loss_alpha |        0.000898 |
|               Loss/Loss_state_action_metric |         0.00216 |
|                      Loss/Loss_state_metric |         0.00135 |
|             Loss/Loss_state_action_to_state |           1e-05 |
|                           Loss/Act_rep_loss |          0.0325 |
|                                   SAC/Alpha |          0.0223 |
|                              SAC/LogPi_mean |            2.92 |
|                                 SAC/Q1_mean |            80.1 |
|                                 SAC/Q2_mean |              80 |
|                            Norm/actor_model |             119 |
|                           Norm/critic_model |             141 |
|              Norm/state_action_metric_model |            59.7 |
|                     Norm/state_metric_model |            63.5 |
|        Norm/state_action_state_metric_model |            64.1 |
|                  Metric/self_state_distance |        4.08e-05 |
|                 Metric/cross_state_distance |           0.984 |
|           Metric/self_state_action_distance |         0.00119 |
|          Metric/cross_state_action_distance |            0.98 |
|             Metric/avg_self_state_asymmetry |               0 |
|            Metric/avg_cross_state_asymmetry |         0.00161 |
|                Metric/avg_self_sa_asymmetry |               0 |
|               Metric/avg_cross_sa_asymmetry |         0.00166 |
|  Metric/self_state_action_to_state_distance |        1.02e-05 |
| Metric/cross_state_action_to_state_distance |            0.98 |
|                   Metric/h_lambda_diff_self |         0.00119 |
|                  Metric/h_lambda_diff_cross |          0.0025 |
|                                 Eval/Return |             911 |
-----------------------------------------------------------------
-----------------------------------------------------------------
|                                 Train/Steps |        2.06e+06 |
|                            Loss/Loss_critic |          0.0879 |
|                             Loss/Loss_actor |           -80.8 |
|                             Loss/Loss_alpha |         -0.0032 |
|               Loss/Loss_state_action_metric |         0.00184 |
|                      Loss/Loss_state_metric |        0.000905 |
|             Loss/Loss_state_action_to_state |        6.03e-06 |
|                           Loss/Act_rep_loss |          0.0312 |
|                                   SAC/Alpha |          0.0215 |
|                              SAC/LogPi_mean |            3.22 |
|                                 SAC/Q1_mean |            80.9 |
|                                 SAC/Q2_mean |            80.8 |
|                            Norm/actor_model |             121 |
|                           Norm/critic_model |             144 |
|              Norm/state_action_metric_model |            61.9 |
|                     Norm/state_metric_model |            65.4 |
|        Norm/state_action_state_metric_model |            66.2 |
|                  Metric/self_state_distance |        5.54e-05 |
|                 Metric/cross_state_distance |           0.985 |
|           Metric/self_state_action_distance |         0.00127 |
|          Metric/cross_state_action_distance |           0.982 |
|             Metric/avg_self_state_asymmetry |               0 |
|            Metric/avg_cross_state_asymmetry |         0.00117 |
|                Metric/avg_self_sa_asymmetry |               0 |
|               Metric/avg_cross_sa_asymmetry |         0.00165 |
|  Metric/self_state_action_to_state_distance |        1.52e-06 |
| Metric/cross_state_action_to_state_distance |           0.982 |
|                   Metric/h_lambda_diff_self |         0.00127 |
|                  Metric/h_lambda_diff_cross |         0.00226 |
|                                 Eval/Return |             912 |
-----------------------------------------------------------------
[32mSaving model …[0m
[32mDone.[0m
[32mSaving model …[0m
[32mDone.[0m
-----------------------------------------------------------------
|                                 Train/Steps |        2.18e+06 |
|                            Loss/Loss_critic |           0.195 |
|                             Loss/Loss_actor |           -82.2 |
|                             Loss/Loss_alpha |        -0.00182 |
|               Loss/Loss_state_action_metric |           0.002 |
|                      Loss/Loss_state_metric |         0.00123 |
|             Loss/Loss_state_action_to_state |        3.61e-06 |
|                           Loss/Act_rep_loss |          0.0329 |
|                                   SAC/Alpha |          0.0215 |
|                              SAC/LogPi_mean |            2.88 |
|                                 SAC/Q1_mean |            82.2 |
|                                 SAC/Q2_mean |            82.1 |
|                            Norm/actor_model |             124 |
|                           Norm/critic_model |             148 |
|              Norm/state_action_metric_model |            63.5 |
|                     Norm/state_metric_model |            67.2 |
|        Norm/state_action_state_metric_model |            68.2 |
|                  Metric/self_state_distance |        0.000221 |
|                 Metric/cross_state_distance |           0.978 |
|           Metric/self_state_action_distance |         0.00169 |
|          Metric/cross_state_action_distance |           0.972 |
|             Metric/avg_self_state_asymmetry |               0 |
|            Metric/avg_cross_state_asymmetry |         0.00103 |
|                Metric/avg_self_sa_asymmetry |               0 |
|               Metric/avg_cross_sa_asymmetry |        0.000999 |
|  Metric/self_state_action_to_state_distance |        7.18e-05 |
| Metric/cross_state_action_to_state_distance |           0.973 |
|                   Metric/h_lambda_diff_self |         0.00164 |
|                  Metric/h_lambda_diff_cross |         0.00217 |
|                                 Eval/Return |             915 |
-----------------------------------------------------------------
-----------------------------------------------------------------
|                                 Train/Steps |        2.31e+06 |
|                            Loss/Loss_critic |           0.133 |
|                             Loss/Loss_actor |           -83.1 |
|                             Loss/Loss_alpha |        -0.00082 |
|               Loss/Loss_state_action_metric |           0.002 |
|                      Loss/Loss_state_metric |         0.00158 |
|             Loss/Loss_state_action_to_state |        3.92e-06 |
|                           Loss/Act_rep_loss |          0.0322 |
|                                   SAC/Alpha |          0.0205 |
|                              SAC/LogPi_mean |            2.73 |
|                                 SAC/Q1_mean |            83.1 |
|                                 SAC/Q2_mean |            83.1 |
|                            Norm/actor_model |             127 |
|                           Norm/critic_model |             151 |
|              Norm/state_action_metric_model |            65.3 |
|                     Norm/state_metric_model |            69.7 |
|        Norm/state_action_state_metric_model |              71 |
|                  Metric/self_state_distance |        0.000188 |
|                 Metric/cross_state_distance |           0.976 |
|           Metric/self_state_action_distance |         0.00119 |
|          Metric/cross_state_action_distance |           0.973 |
|             Metric/avg_self_state_asymmetry |               0 |
|            Metric/avg_cross_state_asymmetry |         0.00121 |
|                Metric/avg_self_sa_asymmetry |               0 |
|               Metric/avg_cross_sa_asymmetry |         0.00133 |
|  Metric/self_state_action_to_state_distance |        0.000239 |
| Metric/cross_state_action_to_state_distance |           0.972 |
|                   Metric/h_lambda_diff_self |          0.0012 |
|                  Metric/h_lambda_diff_cross |         0.00225 |
|                                 Eval/Return |             914 |
-----------------------------------------------------------------
-----------------------------------------------------------------
|                                 Train/Steps |        2.44e+06 |
|                            Loss/Loss_critic |           0.144 |
|                             Loss/Loss_actor |           -83.8 |
|                             Loss/Loss_alpha |         0.00378 |
|               Loss/Loss_state_action_metric |         0.00219 |
|                      Loss/Loss_state_metric |         0.00098 |
|             Loss/Loss_state_action_to_state |        4.33e-06 |
|                           Loss/Act_rep_loss |          0.0327 |
|                                   SAC/Alpha |          0.0199 |
|                              SAC/LogPi_mean |            2.69 |
|                                 SAC/Q1_mean |            83.8 |
|                                 SAC/Q2_mean |            83.8 |
|                            Norm/actor_model |             129 |
|                           Norm/critic_model |             154 |
|              Norm/state_action_metric_model |            66.9 |
|                     Norm/state_metric_model |            71.5 |
|        Norm/state_action_state_metric_model |              73 |
|                  Metric/self_state_distance |         0.00483 |
|                 Metric/cross_state_distance |           0.981 |
|           Metric/self_state_action_distance |        0.000905 |
|          Metric/cross_state_action_distance |           0.978 |
|             Metric/avg_self_state_asymmetry |               0 |
|            Metric/avg_cross_state_asymmetry |         0.00125 |
|                Metric/avg_self_sa_asymmetry |               0 |
|               Metric/avg_cross_sa_asymmetry |         0.00175 |
|  Metric/self_state_action_to_state_distance |        3.07e-05 |
| Metric/cross_state_action_to_state_distance |           0.978 |
|                   Metric/h_lambda_diff_self |         0.00088 |
|                  Metric/h_lambda_diff_cross |         0.00187 |
|                                 Eval/Return |             913 |
-----------------------------------------------------------------
-----------------------------------------------------------------
|                                 Train/Steps |        2.57e+06 |
|                            Loss/Loss_critic |          0.0952 |
|                             Loss/Loss_actor |           -84.6 |
|                             Loss/Loss_alpha |       -0.000971 |
|               Loss/Loss_state_action_metric |         0.00218 |
|                      Loss/Loss_state_metric |         0.00176 |
|             Loss/Loss_state_action_to_state |        3.55e-06 |
|                           Loss/Act_rep_loss |          0.0331 |
|                                   SAC/Alpha |            0.02 |
|                              SAC/LogPi_mean |            2.88 |
|                                 SAC/Q1_mean |            84.7 |
|                                 SAC/Q2_mean |            84.6 |
|                            Norm/actor_model |             131 |
|                           Norm/critic_model |             157 |
|              Norm/state_action_metric_model |            68.6 |
|                     Norm/state_metric_model |            74.2 |
|        Norm/state_action_state_metric_model |              75 |
|                  Metric/self_state_distance |        0.000284 |
|                 Metric/cross_state_distance |            0.98 |
|           Metric/self_state_action_distance |         0.00122 |
|          Metric/cross_state_action_distance |           0.976 |
|             Metric/avg_self_state_asymmetry |               0 |
|            Metric/avg_cross_state_asymmetry |         0.00155 |
|                Metric/avg_self_sa_asymmetry |               0 |
|               Metric/avg_cross_sa_asymmetry |         0.00117 |
|  Metric/self_state_action_to_state_distance |        1.27e-05 |
| Metric/cross_state_action_to_state_distance |           0.976 |
|                   Metric/h_lambda_diff_self |         0.00122 |
|                  Metric/h_lambda_diff_cross |         0.00155 |
|                                 Eval/Return |             915 |
-----------------------------------------------------------------
-----------------------------------------------------------------
|                                 Train/Steps |         2.7e+06 |
|                            Loss/Loss_critic |           0.122 |
|                             Loss/Loss_actor |           -86.1 |
|                             Loss/Loss_alpha |        0.000602 |
|               Loss/Loss_state_action_metric |         0.00153 |
|                      Loss/Loss_state_metric |        0.000898 |
|             Loss/Loss_state_action_to_state |        1.22e-05 |
|                           Loss/Act_rep_loss |          0.0361 |
|                                   SAC/Alpha |          0.0192 |
|                              SAC/LogPi_mean |            3.05 |
|                                 SAC/Q1_mean |            86.2 |
|                                 SAC/Q2_mean |              86 |
|                            Norm/actor_model |             133 |
|                           Norm/critic_model |             160 |
|              Norm/state_action_metric_model |            70.2 |
|                     Norm/state_metric_model |            75.8 |
|        Norm/state_action_state_metric_model |            76.8 |
|                  Metric/self_state_distance |        0.000243 |
|                 Metric/cross_state_distance |           0.976 |
|           Metric/self_state_action_distance |          0.0015 |
|          Metric/cross_state_action_distance |            0.97 |
|             Metric/avg_self_state_asymmetry |               0 |
|            Metric/avg_cross_state_asymmetry |         0.00103 |
|                Metric/avg_self_sa_asymmetry |               0 |
|               Metric/avg_cross_sa_asymmetry |         0.00108 |
|  Metric/self_state_action_to_state_distance |        1.34e-05 |
| Metric/cross_state_action_to_state_distance |           0.969 |
|                   Metric/h_lambda_diff_self |         0.00149 |
|                  Metric/h_lambda_diff_cross |         0.00272 |
|                                 Eval/Return |             915 |
-----------------------------------------------------------------
-----------------------------------------------------------------
|                                 Train/Steps |        2.82e+06 |
|                            Loss/Loss_critic |          0.0996 |
|                             Loss/Loss_actor |           -84.6 |
|                             Loss/Loss_alpha |         -0.0105 |
|               Loss/Loss_state_action_metric |         0.00202 |
|                      Loss/Loss_state_metric |         0.00134 |
|             Loss/Loss_state_action_to_state |        3.61e-06 |
|                           Loss/Act_rep_loss |          0.0341 |
|                                   SAC/Alpha |          0.0185 |
|                              SAC/LogPi_mean |            3.59 |
|                                 SAC/Q1_mean |            84.6 |
|                                 SAC/Q2_mean |            84.6 |
|                            Norm/actor_model |             136 |
|                           Norm/critic_model |             163 |
|              Norm/state_action_metric_model |            71.6 |
|                     Norm/state_metric_model |            78.1 |
|        Norm/state_action_state_metric_model |            79.1 |
|                  Metric/self_state_distance |        0.000214 |
|                 Metric/cross_state_distance |           0.978 |
|           Metric/self_state_action_distance |         0.00148 |
|          Metric/cross_state_action_distance |           0.973 |
|             Metric/avg_self_state_asymmetry |               0 |
|            Metric/avg_cross_state_asymmetry |        0.000949 |
|                Metric/avg_self_sa_asymmetry |               0 |
|               Metric/avg_cross_sa_asymmetry |         0.00111 |
|  Metric/self_state_action_to_state_distance |        1.55e-05 |
| Metric/cross_state_action_to_state_distance |           0.973 |
|                   Metric/h_lambda_diff_self |         0.00146 |
|                  Metric/h_lambda_diff_cross |         0.00147 |
|                                 Eval/Return |             911 |
-----------------------------------------------------------------
-----------------------------------------------------------------
|                                 Train/Steps |        2.95e+06 |
|                            Loss/Loss_critic |           0.123 |
|                             Loss/Loss_actor |             -85 |
|                             Loss/Loss_alpha |          0.0023 |
|               Loss/Loss_state_action_metric |         0.00193 |
|                      Loss/Loss_state_metric |        0.000892 |
|             Loss/Loss_state_action_to_state |        5.73e-06 |
|                           Loss/Act_rep_loss |          0.0329 |
|                                   SAC/Alpha |          0.0175 |
|                              SAC/LogPi_mean |            2.76 |
|                                 SAC/Q1_mean |              85 |
|                                 SAC/Q2_mean |              85 |
|                            Norm/actor_model |             138 |
|                           Norm/critic_model |             166 |
|              Norm/state_action_metric_model |            73.3 |
|                     Norm/state_metric_model |            79.3 |
|        Norm/state_action_state_metric_model |            81.4 |
|                  Metric/self_state_distance |        0.000278 |
|                 Metric/cross_state_distance |           0.981 |
|           Metric/self_state_action_distance |         0.00132 |
|          Metric/cross_state_action_distance |           0.977 |
|             Metric/avg_self_state_asymmetry |               0 |
|            Metric/avg_cross_state_asymmetry |         0.00115 |
|                Metric/avg_self_sa_asymmetry |               0 |
|               Metric/avg_cross_sa_asymmetry |        0.000927 |
|  Metric/self_state_action_to_state_distance |        2.76e-05 |
| Metric/cross_state_action_to_state_distance |           0.976 |
|                   Metric/h_lambda_diff_self |         0.00129 |
|                  Metric/h_lambda_diff_cross |         0.00183 |
|                                 Eval/Return |             914 |
-----------------------------------------------------------------
-----------------------------------------------------------------
|                                 Train/Steps |        3.08e+06 |
|                            Loss/Loss_critic |          0.0941 |
|                             Loss/Loss_actor |           -85.6 |
|                             Loss/Loss_alpha |         0.00197 |
|               Loss/Loss_state_action_metric |         0.00273 |
|                      Loss/Loss_state_metric |         0.00148 |
|             Loss/Loss_state_action_to_state |        3.48e-06 |
|                           Loss/Act_rep_loss |           0.035 |
|                                   SAC/Alpha |           0.018 |
|                              SAC/LogPi_mean |            2.88 |
|                                 SAC/Q1_mean |            85.6 |
|                                 SAC/Q2_mean |            85.6 |
|                            Norm/actor_model |             140 |
|                           Norm/critic_model |             169 |
|              Norm/state_action_metric_model |            74.1 |
|                     Norm/state_metric_model |            80.7 |
|        Norm/state_action_state_metric_model |            83.4 |
|                  Metric/self_state_distance |        2.29e-05 |
|                 Metric/cross_state_distance |           0.981 |
|           Metric/self_state_action_distance |         0.00143 |
|          Metric/cross_state_action_distance |           0.977 |
|             Metric/avg_self_state_asymmetry |               0 |
|            Metric/avg_cross_state_asymmetry |         0.00112 |
|                Metric/avg_self_sa_asymmetry |               0 |
|               Metric/avg_cross_sa_asymmetry |        0.000924 |
|  Metric/self_state_action_to_state_distance |        1.11e-06 |
| Metric/cross_state_action_to_state_distance |           0.977 |
|                   Metric/h_lambda_diff_self |         0.00143 |
|                  Metric/h_lambda_diff_cross |          0.0017 |
|                                 Eval/Return |             914 |
-----------------------------------------------------------------
[32mSaving model …[0m
[32mDone.[0m
[32mSaving model …[0m
[32mDone.[0m
-----------------------------------------------------------------
|                                 Train/Steps |        3.21e+06 |
|                            Loss/Loss_critic |           0.447 |
|                             Loss/Loss_actor |           -85.9 |
|                             Loss/Loss_alpha |        -0.00111 |
|               Loss/Loss_state_action_metric |         0.00174 |
|                      Loss/Loss_state_metric |         0.00124 |
|             Loss/Loss_state_action_to_state |        5.52e-06 |
|                           Loss/Act_rep_loss |          0.0347 |
|                                   SAC/Alpha |          0.0166 |
|                              SAC/LogPi_mean |            2.94 |
|                                 SAC/Q1_mean |            85.9 |
|                                 SAC/Q2_mean |            85.8 |
|                            Norm/actor_model |             142 |
|                           Norm/critic_model |             172 |
|              Norm/state_action_metric_model |            76.1 |
|                     Norm/state_metric_model |              83 |
|        Norm/state_action_state_metric_model |            84.6 |
|                  Metric/self_state_distance |         0.00259 |
|                 Metric/cross_state_distance |           0.982 |
|           Metric/self_state_action_distance |         0.00144 |
|          Metric/cross_state_action_distance |           0.977 |
|             Metric/avg_self_state_asymmetry |               0 |
|            Metric/avg_cross_state_asymmetry |         0.00248 |
|                Metric/avg_self_sa_asymmetry |               0 |
|               Metric/avg_cross_sa_asymmetry |         0.00102 |
|  Metric/self_state_action_to_state_distance |        5.99e-06 |
| Metric/cross_state_action_to_state_distance |           0.978 |
|                   Metric/h_lambda_diff_self |         0.00143 |
|                  Metric/h_lambda_diff_cross |         0.00193 |
|                                 Eval/Return |             917 |
-----------------------------------------------------------------
-----------------------------------------------------------------
|                                 Train/Steps |        3.34e+06 |
|                            Loss/Loss_critic |          0.0882 |
|                             Loss/Loss_actor |           -86.2 |
|                             Loss/Loss_alpha |         0.00158 |
|               Loss/Loss_state_action_metric |         0.00279 |
|                      Loss/Loss_state_metric |         0.00172 |
|             Loss/Loss_state_action_to_state |        3.62e-05 |
|                           Loss/Act_rep_loss |          0.0338 |
|                                   SAC/Alpha |           0.017 |
|                              SAC/LogPi_mean |            3.07 |
|                                 SAC/Q1_mean |            86.2 |
|                                 SAC/Q2_mean |            86.2 |
|                            Norm/actor_model |             144 |
|                           Norm/critic_model |             175 |
|              Norm/state_action_metric_model |            77.2 |
|                     Norm/state_metric_model |            85.2 |
|        Norm/state_action_state_metric_model |            87.7 |
|                  Metric/self_state_distance |        6.41e-05 |
|                 Metric/cross_state_distance |           0.977 |
|           Metric/self_state_action_distance |         0.00121 |
|          Metric/cross_state_action_distance |           0.972 |
|             Metric/avg_self_state_asymmetry |               0 |
|            Metric/avg_cross_state_asymmetry |        0.000946 |
|                Metric/avg_self_sa_asymmetry |               0 |
|               Metric/avg_cross_sa_asymmetry |        0.000955 |
|  Metric/self_state_action_to_state_distance |        0.000786 |
| Metric/cross_state_action_to_state_distance |           0.972 |
|                   Metric/h_lambda_diff_self |         0.00163 |
|                  Metric/h_lambda_diff_cross |         0.00164 |
|                                 Eval/Return |             918 |
-----------------------------------------------------------------
-----------------------------------------------------------------
|                                 Train/Steps |        3.46e+06 |
|                            Loss/Loss_critic |           0.108 |
|                             Loss/Loss_actor |           -87.2 |
|                             Loss/Loss_alpha |         0.00618 |
|               Loss/Loss_state_action_metric |         0.00156 |
|                      Loss/Loss_state_metric |        0.000952 |
|             Loss/Loss_state_action_to_state |        2.95e-06 |
|                           Loss/Act_rep_loss |          0.0364 |
|                                   SAC/Alpha |          0.0162 |
|                              SAC/LogPi_mean |            2.58 |
|                                 SAC/Q1_mean |            87.2 |
|                                 SAC/Q2_mean |            87.2 |
|                            Norm/actor_model |             146 |
|                           Norm/critic_model |             178 |
|              Norm/state_action_metric_model |            78.8 |
|                     Norm/state_metric_model |              87 |
|        Norm/state_action_state_metric_model |            89.6 |
|                  Metric/self_state_distance |        0.000332 |
|                 Metric/cross_state_distance |           0.975 |
|           Metric/self_state_action_distance |         0.00154 |
|          Metric/cross_state_action_distance |            0.97 |
|             Metric/avg_self_state_asymmetry |               0 |
|            Metric/avg_cross_state_asymmetry |        0.000696 |
|                Metric/avg_self_sa_asymmetry |               0 |
|               Metric/avg_cross_sa_asymmetry |        0.000844 |
|  Metric/self_state_action_to_state_distance |        5.05e-05 |
| Metric/cross_state_action_to_state_distance |            0.97 |
|                   Metric/h_lambda_diff_self |          0.0015 |
|                  Metric/h_lambda_diff_cross |         0.00151 |
|                                 Eval/Return |             920 |
-----------------------------------------------------------------
-----------------------------------------------------------------
|                                 Train/Steps |        3.59e+06 |
|                            Loss/Loss_critic |           0.131 |
|                             Loss/Loss_actor |           -88.2 |
|                             Loss/Loss_alpha |         0.00263 |
|               Loss/Loss_state_action_metric |         0.00194 |
|                      Loss/Loss_state_metric |         0.00133 |
|             Loss/Loss_state_action_to_state |        4.25e-06 |
|                           Loss/Act_rep_loss |          0.0369 |
|                                   SAC/Alpha |          0.0162 |
|                              SAC/LogPi_mean |            2.95 |
|                                 SAC/Q1_mean |            88.2 |
|                                 SAC/Q2_mean |            88.2 |
|                            Norm/actor_model |             148 |
|                           Norm/critic_model |             181 |
|              Norm/state_action_metric_model |              80 |
|                     Norm/state_metric_model |            88.8 |
|        Norm/state_action_state_metric_model |            91.9 |
|                  Metric/self_state_distance |        0.000351 |
|                 Metric/cross_state_distance |           0.973 |
|           Metric/self_state_action_distance |          0.0015 |
|          Metric/cross_state_action_distance |           0.967 |
|             Metric/avg_self_state_asymmetry |               0 |
|            Metric/avg_cross_state_asymmetry |        0.000938 |
|                Metric/avg_self_sa_asymmetry |               0 |
|               Metric/avg_cross_sa_asymmetry |         0.00101 |
|  Metric/self_state_action_to_state_distance |        0.000186 |
| Metric/cross_state_action_to_state_distance |           0.967 |
|                   Metric/h_lambda_diff_self |          0.0014 |
|                  Metric/h_lambda_diff_cross |         0.00177 |
|                                 Eval/Return |             919 |
-----------------------------------------------------------------
-----------------------------------------------------------------
|                                 Train/Steps |        3.72e+06 |
|                            Loss/Loss_critic |           0.073 |
|                             Loss/Loss_actor |           -87.6 |
|                             Loss/Loss_alpha |        -0.00243 |
|               Loss/Loss_state_action_metric |         0.00129 |
|                      Loss/Loss_state_metric |        0.000916 |
|             Loss/Loss_state_action_to_state |        3.07e-06 |
|                           Loss/Act_rep_loss |          0.0357 |
|                                   SAC/Alpha |          0.0149 |
|                              SAC/LogPi_mean |             3.2 |
|                                 SAC/Q1_mean |            87.6 |
|                                 SAC/Q2_mean |            87.6 |
|                            Norm/actor_model |             150 |
|                           Norm/critic_model |             184 |
|              Norm/state_action_metric_model |            81.1 |
|                     Norm/state_metric_model |            90.5 |
|        Norm/state_action_state_metric_model |            93.4 |
|                  Metric/self_state_distance |        0.000185 |
|                 Metric/cross_state_distance |           0.976 |
|           Metric/self_state_action_distance |         0.00152 |
|          Metric/cross_state_action_distance |            0.97 |
|             Metric/avg_self_state_asymmetry |               0 |
|            Metric/avg_cross_state_asymmetry |        0.000897 |
|                Metric/avg_self_sa_asymmetry |               0 |
|               Metric/avg_cross_sa_asymmetry |         0.00137 |
|  Metric/self_state_action_to_state_distance |         6.1e-05 |
| Metric/cross_state_action_to_state_distance |           0.971 |
|                   Metric/h_lambda_diff_self |         0.00148 |
|                  Metric/h_lambda_diff_cross |         0.00163 |
|                                 Eval/Return |             918 |
-----------------------------------------------------------------
-----------------------------------------------------------------
|                                 Train/Steps |        3.85e+06 |
|                            Loss/Loss_critic |          0.0888 |
|                             Loss/Loss_actor |           -87.2 |
|                             Loss/Loss_alpha |        -0.00151 |
|               Loss/Loss_state_action_metric |         0.00221 |
|                      Loss/Loss_state_metric |         0.00177 |
|             Loss/Loss_state_action_to_state |        4.46e-06 |
|                           Loss/Act_rep_loss |          0.0355 |
|                                   SAC/Alpha |          0.0147 |
|                              SAC/LogPi_mean |            3.28 |
|                                 SAC/Q1_mean |            87.2 |
|                                 SAC/Q2_mean |            87.2 |
|                            Norm/actor_model |             152 |
|                           Norm/critic_model |             186 |
|              Norm/state_action_metric_model |            82.7 |
|                     Norm/state_metric_model |            92.7 |
|        Norm/state_action_state_metric_model |            96.2 |
|                  Metric/self_state_distance |        7.92e-05 |
|                 Metric/cross_state_distance |            0.97 |
|           Metric/self_state_action_distance |         0.00127 |
|          Metric/cross_state_action_distance |           0.967 |
|             Metric/avg_self_state_asymmetry |               0 |
|            Metric/avg_cross_state_asymmetry |        0.000973 |
|                Metric/avg_self_sa_asymmetry |               0 |
|               Metric/avg_cross_sa_asymmetry |        0.000993 |
|  Metric/self_state_action_to_state_distance |        0.000117 |
| Metric/cross_state_action_to_state_distance |           0.966 |
|                   Metric/h_lambda_diff_self |         0.00126 |
|                  Metric/h_lambda_diff_cross |         0.00182 |
|                                 Eval/Return |             915 |
-----------------------------------------------------------------
-----------------------------------------------------------------
|                                 Train/Steps |        3.98e+06 |
|                            Loss/Loss_critic |          0.0552 |
|                             Loss/Loss_actor |           -89.3 |
|                             Loss/Loss_alpha |         0.00192 |
|               Loss/Loss_state_action_metric |         0.00252 |
|                      Loss/Loss_state_metric |          0.0013 |
|             Loss/Loss_state_action_to_state |        3.07e-06 |
|                           Loss/Act_rep_loss |          0.0361 |
|                                   SAC/Alpha |          0.0145 |
|                              SAC/LogPi_mean |            2.75 |
|                                 SAC/Q1_mean |            89.3 |
|                                 SAC/Q2_mean |            89.3 |
|                            Norm/actor_model |             154 |
|                           Norm/critic_model |             189 |
|              Norm/state_action_metric_model |              84 |
|                     Norm/state_metric_model |            94.7 |
|        Norm/state_action_state_metric_model |            97.2 |
|                  Metric/self_state_distance |        2.79e-05 |
|                 Metric/cross_state_distance |           0.974 |
|           Metric/self_state_action_distance |         0.00136 |
|          Metric/cross_state_action_distance |           0.969 |
|             Metric/avg_self_state_asymmetry |               0 |
|            Metric/avg_cross_state_asymmetry |         0.00084 |
|                Metric/avg_self_sa_asymmetry |               0 |
|               Metric/avg_cross_sa_asymmetry |         0.00102 |
|  Metric/self_state_action_to_state_distance |        4.95e-06 |
| Metric/cross_state_action_to_state_distance |           0.969 |
|                   Metric/h_lambda_diff_self |         0.00136 |
|                  Metric/h_lambda_diff_cross |         0.00153 |
|                                 Eval/Return |             920 |
-----------------------------------------------------------------
-----------------------------------------------------------------
|                                 Train/Steps |         4.1e+06 |
|                            Loss/Loss_critic |          0.0536 |
|                             Loss/Loss_actor |           -90.3 |
|                             Loss/Loss_alpha |        0.000666 |
|               Loss/Loss_state_action_metric |         0.00265 |
|                      Loss/Loss_state_metric |         0.00203 |
|             Loss/Loss_state_action_to_state |        3.31e-06 |
|                           Loss/Act_rep_loss |          0.0386 |
|                                   SAC/Alpha |           0.013 |
|                              SAC/LogPi_mean |            3.07 |
|                                 SAC/Q1_mean |            90.3 |
|                                 SAC/Q2_mean |            90.3 |
|                            Norm/actor_model |             156 |
|                           Norm/critic_model |             192 |
|              Norm/state_action_metric_model |            85.2 |
|                     Norm/state_metric_model |              96 |
|        Norm/state_action_state_metric_model |            98.8 |
|                  Metric/self_state_distance |        2.42e-05 |
|                 Metric/cross_state_distance |           0.963 |
|           Metric/self_state_action_distance |         0.00108 |
|          Metric/cross_state_action_distance |           0.957 |
|             Metric/avg_self_state_asymmetry |               0 |
|            Metric/avg_cross_state_asymmetry |        0.000844 |
|                Metric/avg_self_sa_asymmetry |               0 |
|               Metric/avg_cross_sa_asymmetry |         0.00105 |
|  Metric/self_state_action_to_state_distance |        1.01e-05 |
| Metric/cross_state_action_to_state_distance |           0.956 |
|                   Metric/h_lambda_diff_self |         0.00108 |
|                  Metric/h_lambda_diff_cross |         0.00185 |
|                                 Eval/Return |             920 |
-----------------------------------------------------------------
[32mSaving model …[0m
[32mDone.[0m
[32mSaving model …[0m
[32mDone.[0m
-----------------------------------------------------------------
|                                 Train/Steps |        4.23e+06 |
|                            Loss/Loss_critic |          0.0448 |
|                             Loss/Loss_actor |           -90.9 |
|                             Loss/Loss_alpha |        -0.00259 |
|               Loss/Loss_state_action_metric |         0.00263 |
|                      Loss/Loss_state_metric |        0.000966 |
|             Loss/Loss_state_action_to_state |        2.56e-06 |
|                           Loss/Act_rep_loss |          0.0393 |
|                                   SAC/Alpha |          0.0121 |
|                              SAC/LogPi_mean |            3.44 |
|                                 SAC/Q1_mean |            90.9 |
|                                 SAC/Q2_mean |            90.9 |
|                            Norm/actor_model |             157 |
|                           Norm/critic_model |             194 |
|              Norm/state_action_metric_model |            86.4 |
|                     Norm/state_metric_model |            98.2 |
|        Norm/state_action_state_metric_model |             101 |
|                  Metric/self_state_distance |        0.000182 |
|                 Metric/cross_state_distance |           0.972 |
|           Metric/self_state_action_distance |         0.00396 |
|          Metric/cross_state_action_distance |           0.968 |
|             Metric/avg_self_state_asymmetry |               0 |
|            Metric/avg_cross_state_asymmetry |         0.00101 |
|                Metric/avg_self_sa_asymmetry |               0 |
|               Metric/avg_cross_sa_asymmetry |         0.00171 |
|  Metric/self_state_action_to_state_distance |        1.14e-05 |
| Metric/cross_state_action_to_state_distance |           0.966 |
|                   Metric/h_lambda_diff_self |         0.00395 |
|                  Metric/h_lambda_diff_cross |         0.00225 |
|                                 Eval/Return |             918 |
-----------------------------------------------------------------
-----------------------------------------------------------------
|                                 Train/Steps |        4.36e+06 |
|                            Loss/Loss_critic |          0.0441 |
|                             Loss/Loss_actor |           -91.7 |
|                             Loss/Loss_alpha |        -0.00179 |
|               Loss/Loss_state_action_metric |         0.00233 |
|                      Loss/Loss_state_metric |         0.00137 |
|             Loss/Loss_state_action_to_state |        5.79e-06 |
|                           Loss/Act_rep_loss |          0.0416 |
|                                   SAC/Alpha |          0.0116 |
|                              SAC/LogPi_mean |            3.32 |
|                                 SAC/Q1_mean |            91.7 |
|                                 SAC/Q2_mean |            91.7 |
|                            Norm/actor_model |             159 |
|                           Norm/critic_model |             195 |
|              Norm/state_action_metric_model |            87.7 |
|                     Norm/state_metric_model |            99.9 |
|        Norm/state_action_state_metric_model |             102 |
|                  Metric/self_state_distance |        0.000204 |
|                 Metric/cross_state_distance |           0.966 |
|           Metric/self_state_action_distance |        0.000998 |
|          Metric/cross_state_action_distance |           0.958 |
|             Metric/avg_self_state_asymmetry |               0 |
|            Metric/avg_cross_state_asymmetry |         0.00135 |
|                Metric/avg_self_sa_asymmetry |               0 |
|               Metric/avg_cross_sa_asymmetry |        0.000984 |
|  Metric/self_state_action_to_state_distance |        5.32e-05 |
| Metric/cross_state_action_to_state_distance |           0.959 |
|                   Metric/h_lambda_diff_self |        0.000978 |
|                  Metric/h_lambda_diff_cross |         0.00199 |
|                                 Eval/Return |             919 |
-----------------------------------------------------------------
-----------------------------------------------------------------
|                                 Train/Steps |        4.49e+06 |
|                            Loss/Loss_critic |          0.0356 |
|                             Loss/Loss_actor |             -93 |
|                             Loss/Loss_alpha |        0.000329 |
|               Loss/Loss_state_action_metric |         0.00234 |
|                      Loss/Loss_state_metric |         0.00133 |
|             Loss/Loss_state_action_to_state |        3.32e-06 |
|                           Loss/Act_rep_loss |          0.0445 |
|                                   SAC/Alpha |         0.00971 |
|                              SAC/LogPi_mean |               3 |
|                                 SAC/Q1_mean |            93.1 |
|                                 SAC/Q2_mean |              93 |
|                            Norm/actor_model |             161 |
|                           Norm/critic_model |             198 |
|              Norm/state_action_metric_model |            89.1 |
|                     Norm/state_metric_model |             102 |
|        Norm/state_action_state_metric_model |             103 |
|                  Metric/self_state_distance |        0.000141 |
|                 Metric/cross_state_distance |           0.959 |
|           Metric/self_state_action_distance |         0.00201 |
|          Metric/cross_state_action_distance |           0.952 |
|             Metric/avg_self_state_asymmetry |               0 |
|            Metric/avg_cross_state_asymmetry |        0.000984 |
|                Metric/avg_self_sa_asymmetry |               0 |
|               Metric/avg_cross_sa_asymmetry |         0.00115 |
|  Metric/self_state_action_to_state_distance |        8.32e-06 |
| Metric/cross_state_action_to_state_distance |           0.951 |
|                   Metric/h_lambda_diff_self |         0.00201 |
|                  Metric/h_lambda_diff_cross |         0.00197 |
|                                 Eval/Return |             744 |
-----------------------------------------------------------------
-----------------------------------------------------------------
|                                 Train/Steps |        4.62e+06 |
|                            Loss/Loss_critic |            0.02 |
|                             Loss/Loss_actor |             -93 |
|                             Loss/Loss_alpha |         0.00161 |
|               Loss/Loss_state_action_metric |         0.00305 |
|                      Loss/Loss_state_metric |         0.00218 |
|             Loss/Loss_state_action_to_state |        2.86e-06 |
|                           Loss/Act_rep_loss |          0.0455 |
|                                   SAC/Alpha |          0.0093 |
|                              SAC/LogPi_mean |            2.83 |
|                                 SAC/Q1_mean |              93 |
|                                 SAC/Q2_mean |              93 |
|                            Norm/actor_model |             163 |
|                           Norm/critic_model |             199 |
|              Norm/state_action_metric_model |            90.5 |
|                     Norm/state_metric_model |             103 |
|        Norm/state_action_state_metric_model |             105 |
|                  Metric/self_state_distance |        0.000317 |
|                 Metric/cross_state_distance |           0.955 |
|           Metric/self_state_action_distance |         0.00148 |
|          Metric/cross_state_action_distance |           0.946 |
|             Metric/avg_self_state_asymmetry |               0 |
|            Metric/avg_cross_state_asymmetry |        0.000684 |
|                Metric/avg_self_sa_asymmetry |               0 |
|               Metric/avg_cross_sa_asymmetry |        0.000917 |
|  Metric/self_state_action_to_state_distance |        3.09e-05 |
| Metric/cross_state_action_to_state_distance |           0.947 |
|                   Metric/h_lambda_diff_self |         0.00145 |
|                  Metric/h_lambda_diff_cross |         0.00154 |
|                                 Eval/Return |             921 |
-----------------------------------------------------------------
-----------------------------------------------------------------
|                                 Train/Steps |        4.74e+06 |
|                            Loss/Loss_critic |          0.0301 |
|                             Loss/Loss_actor |           -94.6 |
|                             Loss/Loss_alpha |        -0.00188 |
|               Loss/Loss_state_action_metric |         0.00219 |
|                      Loss/Loss_state_metric |         0.00179 |
|             Loss/Loss_state_action_to_state |        1.97e-06 |
|                           Loss/Act_rep_loss |          0.0484 |
|                                   SAC/Alpha |         0.00826 |
|                              SAC/LogPi_mean |             3.4 |
|                                 SAC/Q1_mean |            94.6 |
|                                 SAC/Q2_mean |            94.7 |
|                            Norm/actor_model |             164 |
|                           Norm/critic_model |             202 |
|              Norm/state_action_metric_model |            91.9 |
|                     Norm/state_metric_model |             104 |
|        Norm/state_action_state_metric_model |             107 |
|                  Metric/self_state_distance |        4.19e-06 |
|                 Metric/cross_state_distance |           0.952 |
|           Metric/self_state_action_distance |         0.00163 |
|          Metric/cross_state_action_distance |           0.942 |
|             Metric/avg_self_state_asymmetry |               0 |
|            Metric/avg_cross_state_asymmetry |        0.000756 |
|                Metric/avg_self_sa_asymmetry |               0 |
|               Metric/avg_cross_sa_asymmetry |        0.000738 |
|  Metric/self_state_action_to_state_distance |        2.12e-05 |
| Metric/cross_state_action_to_state_distance |           0.942 |
|                   Metric/h_lambda_diff_self |         0.00161 |
|                  Metric/h_lambda_diff_cross |         0.00119 |
|                                 Eval/Return |             922 |
-----------------------------------------------------------------
-----------------------------------------------------------------
|                                 Train/Steps |        4.87e+06 |
|                            Loss/Loss_critic |          0.0338 |
|                             Loss/Loss_actor |           -94.5 |
|                             Loss/Loss_alpha |        0.000611 |
|               Loss/Loss_state_action_metric |         0.00174 |
|                      Loss/Loss_state_metric |         0.00105 |
|             Loss/Loss_state_action_to_state |        1.66e-06 |
|                           Loss/Act_rep_loss |          0.0479 |
|                                   SAC/Alpha |         0.00804 |
|                              SAC/LogPi_mean |             3.1 |
|                                 SAC/Q1_mean |            94.5 |
|                                 SAC/Q2_mean |            94.6 |
|                            Norm/actor_model |             166 |
|                           Norm/critic_model |             204 |
|              Norm/state_action_metric_model |            93.5 |
|                     Norm/state_metric_model |             106 |
|        Norm/state_action_state_metric_model |             109 |
|                  Metric/self_state_distance |        0.000232 |
|                 Metric/cross_state_distance |           0.957 |
|           Metric/self_state_action_distance |         0.00141 |
|          Metric/cross_state_action_distance |           0.947 |
|             Metric/avg_self_state_asymmetry |               0 |
|            Metric/avg_cross_state_asymmetry |        0.000867 |
|                Metric/avg_self_sa_asymmetry |               0 |
|               Metric/avg_cross_sa_asymmetry |        0.000654 |
|  Metric/self_state_action_to_state_distance |        4.37e-05 |
| Metric/cross_state_action_to_state_distance |           0.947 |
|                   Metric/h_lambda_diff_self |         0.00137 |
|                  Metric/h_lambda_diff_cross |         0.00116 |
|                                 Eval/Return |             915 |
-----------------------------------------------------------------
-----------------------------------------------------------------
|                                 Train/Steps |           5e+06 |
|                            Loss/Loss_critic |          0.0198 |
|                             Loss/Loss_actor |           -94.8 |
|                             Loss/Loss_alpha |         0.00096 |
|               Loss/Loss_state_action_metric |         0.00235 |
|                      Loss/Loss_state_metric |         0.00106 |
|             Loss/Loss_state_action_to_state |        1.58e-06 |
|                           Loss/Act_rep_loss |          0.0484 |
|                                   SAC/Alpha |         0.00722 |
|                              SAC/LogPi_mean |            2.73 |
|                                 SAC/Q1_mean |            94.9 |
|                                 SAC/Q2_mean |            94.8 |
|                            Norm/actor_model |             168 |
|                           Norm/critic_model |             206 |
|              Norm/state_action_metric_model |            95.1 |
|                     Norm/state_metric_model |             108 |
|        Norm/state_action_state_metric_model |             111 |
|                  Metric/self_state_distance |        3.46e-05 |
|                 Metric/cross_state_distance |           0.956 |
|           Metric/self_state_action_distance |         0.00152 |
|          Metric/cross_state_action_distance |           0.946 |
|             Metric/avg_self_state_asymmetry |               0 |
|            Metric/avg_cross_state_asymmetry |        0.000846 |
|                Metric/avg_self_sa_asymmetry |               0 |
|               Metric/avg_cross_sa_asymmetry |        0.000645 |
|  Metric/self_state_action_to_state_distance |         4.5e-05 |
| Metric/cross_state_action_to_state_distance |           0.947 |
|                   Metric/h_lambda_diff_self |          0.0015 |
|                  Metric/h_lambda_diff_cross |         0.00128 |
|                                 Eval/Return |             920 |
-----------------------------------------------------------------
[32mSaving model …[0m
[32mDone.[0m
[32mSaving model …[0m
[32mDone.[0m
