E0924 01:11:15.342902 3292324 cuda_executor.cc:1526] Could not get kernel mode driver version: (INVALID_ARGUMENT: Version does not match the format X.Y.Z)
E0924 01:11:15.351582 3292215 cuda_executor.cc:1526] Could not get kernel mode driver version: (INVALID_ARGUMENT: Version does not match the format X.Y.Z)
[32mStart prefilling replay buffer[0m
[32mStart SAC training[0m
[32m{'log_freq': 1000, 'save_freq': 1000000, 'eval_episode_freq': 10, 'hidden_size': 256, 'lr': 0.001, 'max_grad_norm': 0.0, 'gamma': 0.99, 'update_tau': 0.005, 'train_per_step': 8, 'episode_length': 1000, 'warmup_samples': 8192, 'max_replay_size': 4000000, 'batch_size': 512, 'total_env_steps': 5000000, 'init_temperature': 0.1, 'nstep': 3, 'bootstrap_on_truncation': True, 'rep_lr_scale': 1.5, 'vis_feq': 100000, 'n_vis_frames': 4, 'num_envs': 128, 'grad_steps': 50, 'transfer_freq': 10, 'transfer_steps': 8, 'reward_scaling': 1.0, 'num_eval_envs': 128, 'target_entropy': -2.0}[0m
[32m[nstep] nstep=3 bootstrap_on_truncation=True (discount from the buffer already contains gamma^nstep)[0m
-----------------------------------------------------------------
|                                 Train/Steps |        1.36e+05 |
|                            Loss/Loss_critic |          0.0147 |
|                             Loss/Loss_actor |          -0.655 |
|                             Loss/Loss_alpha |         0.00635 |
|               Loss/Loss_state_action_metric |         0.00327 |
|                      Loss/Loss_state_metric |         0.00263 |
|             Loss/Loss_state_action_to_state |         1.4e-05 |
|                           Loss/Act_rep_loss |          0.0705 |
|                                   SAC/Alpha |         0.00166 |
|                              SAC/LogPi_mean |           -1.85 |
|                                 SAC/Q1_mean |           0.661 |
|                                 SAC/Q2_mean |           0.657 |
|                            Norm/actor_model |              33 |
|                           Norm/critic_model |            45.7 |
|              Norm/state_action_metric_model |            31.2 |
|                     Norm/state_metric_model |            31.2 |
|        Norm/state_action_state_metric_model |            31.7 |
|                  Metric/self_state_distance |         0.00108 |
|                 Metric/cross_state_distance |           0.916 |
|           Metric/self_state_action_distance |        0.000972 |
|          Metric/cross_state_action_distance |           0.902 |
|             Metric/avg_self_state_asymmetry |               0 |
|            Metric/avg_cross_state_asymmetry |         0.00139 |
|                Metric/avg_self_sa_asymmetry |               0 |
|               Metric/avg_cross_sa_asymmetry |         0.00242 |
|  Metric/self_state_action_to_state_distance |        0.000471 |
| Metric/cross_state_action_to_state_distance |           0.905 |
|                   Metric/h_lambda_diff_self |        0.000888 |
|                  Metric/h_lambda_diff_cross |         0.00399 |
|                                 Eval/Return |             4.7 |
-----------------------------------------------------------------
-----------------------------------------------------------------
|                                 Train/Steps |        2.64e+05 |
|                            Loss/Loss_critic |          0.0359 |
|                             Loss/Loss_actor |          -0.343 |
|                             Loss/Loss_alpha |        6.83e-05 |
|               Loss/Loss_state_action_metric |          0.0026 |
|                      Loss/Loss_state_metric |         0.00193 |
|             Loss/Loss_state_action_to_state |        4.13e-05 |
|                           Loss/Act_rep_loss |          0.0675 |
|                                   SAC/Alpha |        0.000146 |
|                              SAC/LogPi_mean |            1.37 |
|                                 SAC/Q1_mean |           0.343 |
|                                 SAC/Q2_mean |           0.334 |
|                            Norm/actor_model |            44.7 |
|                           Norm/critic_model |            62.1 |
|              Norm/state_action_metric_model |            32.7 |
|                     Norm/state_metric_model |            32.2 |
|        Norm/state_action_state_metric_model |            33.6 |
|                  Metric/self_state_distance |        0.000626 |
|                 Metric/cross_state_distance |           0.926 |
|           Metric/self_state_action_distance |         0.00153 |
|          Metric/cross_state_action_distance |           0.904 |
|             Metric/avg_self_state_asymmetry |               0 |
|            Metric/avg_cross_state_asymmetry |         0.00139 |
|                Metric/avg_self_sa_asymmetry |               0 |
|               Metric/avg_cross_sa_asymmetry |         0.00142 |
|  Metric/self_state_action_to_state_distance |        5.69e-05 |
| Metric/cross_state_action_to_state_distance |           0.906 |
|                   Metric/h_lambda_diff_self |         0.00149 |
|                  Metric/h_lambda_diff_cross |         0.00352 |
|                                 Eval/Return |            5.49 |
-----------------------------------------------------------------
-----------------------------------------------------------------
|                                 Train/Steps |        3.92e+05 |
|                            Loss/Loss_critic |          0.0129 |
|                             Loss/Loss_actor |          -0.193 |
|                             Loss/Loss_alpha |       -1.37e-05 |
|               Loss/Loss_state_action_metric |         0.00212 |
|                      Loss/Loss_state_metric |         0.00145 |
|             Loss/Loss_state_action_to_state |        1.15e-05 |
|                           Loss/Act_rep_loss |          0.0674 |
|                                   SAC/Alpha |        0.000125 |
|                              SAC/LogPi_mean |             2.1 |
|                                 SAC/Q1_mean |           0.188 |
|                                 SAC/Q2_mean |           0.185 |
|                            Norm/actor_model |              52 |
|                           Norm/critic_model |            72.3 |
|              Norm/state_action_metric_model |            34.3 |
|                     Norm/state_metric_model |              34 |
|        Norm/state_action_state_metric_model |              36 |
|                  Metric/self_state_distance |         0.00143 |
|                 Metric/cross_state_distance |           0.928 |
|           Metric/self_state_action_distance |         0.00193 |
|          Metric/cross_state_action_distance |           0.909 |
|             Metric/avg_self_state_asymmetry |               0 |
|            Metric/avg_cross_state_asymmetry |         0.00122 |
|                Metric/avg_self_sa_asymmetry |               0 |
|               Metric/avg_cross_sa_asymmetry |         0.00215 |
|  Metric/self_state_action_to_state_distance |        0.000208 |
| Metric/cross_state_action_to_state_distance |           0.908 |
|                   Metric/h_lambda_diff_self |          0.0018 |
|                  Metric/h_lambda_diff_cross |         0.00258 |
|                                 Eval/Return |            6.23 |
-----------------------------------------------------------------
-----------------------------------------------------------------
|                                 Train/Steps |         5.2e+05 |
|                            Loss/Loss_critic |         0.00884 |
|                             Loss/Loss_actor |          -0.141 |
|                             Loss/Loss_alpha |        3.22e-05 |
|               Loss/Loss_state_action_metric |         0.00356 |
|                      Loss/Loss_state_metric |          0.0018 |
|             Loss/Loss_state_action_to_state |        4.84e-05 |
|                           Loss/Act_rep_loss |          0.0691 |
|                                   SAC/Alpha |        0.000147 |
|                              SAC/LogPi_mean |            1.72 |
|                                 SAC/Q1_mean |           0.143 |
|                                 SAC/Q2_mean |           0.137 |
|                            Norm/actor_model |            57.6 |
|                           Norm/critic_model |            81.2 |
|              Norm/state_action_metric_model |            36.7 |
|                     Norm/state_metric_model |            36.4 |
|        Norm/state_action_state_metric_model |            38.8 |
|                  Metric/self_state_distance |         0.00106 |
|                 Metric/cross_state_distance |           0.925 |
|           Metric/self_state_action_distance |         0.00112 |
|          Metric/cross_state_action_distance |           0.905 |
|             Metric/avg_self_state_asymmetry |               0 |
|            Metric/avg_cross_state_asymmetry |         0.00236 |
|                Metric/avg_self_sa_asymmetry |               0 |
|               Metric/avg_cross_sa_asymmetry |         0.00172 |
|  Metric/self_state_action_to_state_distance |         0.00017 |
| Metric/cross_state_action_to_state_distance |           0.906 |
|                   Metric/h_lambda_diff_self |        0.000967 |
|                  Metric/h_lambda_diff_cross |         0.00323 |
|                                 Eval/Return |             4.8 |
-----------------------------------------------------------------
-----------------------------------------------------------------
|                                 Train/Steps |        6.48e+05 |
|                            Loss/Loss_critic |          0.0185 |
|                             Loss/Loss_actor |          -0.116 |
|                             Loss/Loss_alpha |       -4.41e-05 |
|               Loss/Loss_state_action_metric |         0.00286 |
|                      Loss/Loss_state_metric |         0.00224 |
|             Loss/Loss_state_action_to_state |        1.89e-05 |
|                           Loss/Act_rep_loss |          0.0694 |
|                                   SAC/Alpha |        0.000126 |
|                              SAC/LogPi_mean |            2.34 |
|                                 SAC/Q1_mean |            0.12 |
|                                 SAC/Q2_mean |           0.123 |
|                            Norm/actor_model |            63.2 |
|                           Norm/critic_model |            89.7 |
|              Norm/state_action_metric_model |            39.8 |
|                     Norm/state_metric_model |            39.8 |
|        Norm/state_action_state_metric_model |            41.6 |
|                  Metric/self_state_distance |        0.000882 |
|                 Metric/cross_state_distance |            0.92 |
|           Metric/self_state_action_distance |        0.000679 |
|          Metric/cross_state_action_distance |           0.904 |
|             Metric/avg_self_state_asymmetry |               0 |
|            Metric/avg_cross_state_asymmetry |         0.00102 |
|                Metric/avg_self_sa_asymmetry |               0 |
|               Metric/avg_cross_sa_asymmetry |         0.00162 |
|  Metric/self_state_action_to_state_distance |        0.000203 |
| Metric/cross_state_action_to_state_distance |           0.902 |
|                   Metric/h_lambda_diff_self |        0.000567 |
|                  Metric/h_lambda_diff_cross |         0.00309 |
|                                 Eval/Return |            9.21 |
-----------------------------------------------------------------
-----------------------------------------------------------------
|                                 Train/Steps |        7.76e+05 |
|                            Loss/Loss_critic |         0.00514 |
|                             Loss/Loss_actor |         -0.0942 |
|                             Loss/Loss_alpha |       -6.18e-05 |
|               Loss/Loss_state_action_metric |         0.00252 |
|                      Loss/Loss_state_metric |         0.00185 |
|             Loss/Loss_state_action_to_state |        3.58e-05 |
|                           Loss/Act_rep_loss |          0.0677 |
|                                   SAC/Alpha |        0.000155 |
|                              SAC/LogPi_mean |            2.42 |
|                                 SAC/Q1_mean |          0.0912 |
|                                 SAC/Q2_mean |          0.0986 |
|                            Norm/actor_model |            67.7 |
|                           Norm/critic_model |            96.1 |
|              Norm/state_action_metric_model |            42.6 |
|                     Norm/state_metric_model |            43.2 |
|        Norm/state_action_state_metric_model |            44.4 |
|                  Metric/self_state_distance |         0.00116 |
|                 Metric/cross_state_distance |           0.924 |
|           Metric/self_state_action_distance |         0.00104 |
|          Metric/cross_state_action_distance |           0.906 |
|             Metric/avg_self_state_asymmetry |               0 |
|            Metric/avg_cross_state_asymmetry |         0.00115 |
|                Metric/avg_self_sa_asymmetry |               0 |
|               Metric/avg_cross_sa_asymmetry |         0.00173 |
|  Metric/self_state_action_to_state_distance |        0.000877 |
| Metric/cross_state_action_to_state_distance |           0.907 |
|                   Metric/h_lambda_diff_self |         0.00171 |
|                  Metric/h_lambda_diff_cross |         0.00245 |
|                                 Eval/Return |             5.3 |
-----------------------------------------------------------------
-----------------------------------------------------------------
|                                 Train/Steps |        9.04e+05 |
|                            Loss/Loss_critic |          0.0257 |
|                             Loss/Loss_actor |         -0.0958 |
|                             Loss/Loss_alpha |       -1.18e-05 |
|               Loss/Loss_state_action_metric |         0.00247 |
|                      Loss/Loss_state_metric |         0.00187 |
|             Loss/Loss_state_action_to_state |        2.42e-05 |
|                           Loss/Act_rep_loss |            0.07 |
|                                   SAC/Alpha |        0.000135 |
|                              SAC/LogPi_mean |            2.02 |
|                                 SAC/Q1_mean |           0.107 |
|                                 SAC/Q2_mean |          0.0984 |
|                            Norm/actor_model |            71.6 |
|                           Norm/critic_model |             103 |
|              Norm/state_action_metric_model |            45.6 |
|                     Norm/state_metric_model |              46 |
|        Norm/state_action_state_metric_model |            47.2 |
|                  Metric/self_state_distance |        0.000832 |
|                 Metric/cross_state_distance |           0.922 |
|           Metric/self_state_action_distance |        0.000849 |
|          Metric/cross_state_action_distance |           0.906 |
|             Metric/avg_self_state_asymmetry |               0 |
|            Metric/avg_cross_state_asymmetry |         0.00119 |
|                Metric/avg_self_sa_asymmetry |               0 |
|               Metric/avg_cross_sa_asymmetry |         0.00152 |
|  Metric/self_state_action_to_state_distance |        0.000338 |
| Metric/cross_state_action_to_state_distance |           0.904 |
|                   Metric/h_lambda_diff_self |         0.00063 |
|                  Metric/h_lambda_diff_cross |         0.00334 |
|                                 Eval/Return |            8.01 |
-----------------------------------------------------------------
-----------------------------------------------------------------
|                                 Train/Steps |        1.03e+06 |
|                            Loss/Loss_critic |          0.0499 |
|                             Loss/Loss_actor |           -0.16 |
|                             Loss/Loss_alpha |        2.53e-05 |
|               Loss/Loss_state_action_metric |         0.00337 |
|                      Loss/Loss_state_metric |         0.00258 |
|             Loss/Loss_state_action_to_state |         7.1e-05 |
|                           Loss/Act_rep_loss |          0.0671 |
|                                   SAC/Alpha |        0.000129 |
|                              SAC/LogPi_mean |            1.68 |
|                                 SAC/Q1_mean |           0.154 |
|                                 SAC/Q2_mean |           0.148 |
|                            Norm/actor_model |            75.4 |
|                           Norm/critic_model |             110 |
|              Norm/state_action_metric_model |            49.1 |
|                     Norm/state_metric_model |              49 |
|        Norm/state_action_state_metric_model |            49.7 |
|                  Metric/self_state_distance |         0.00221 |
|                 Metric/cross_state_distance |           0.922 |
|           Metric/self_state_action_distance |        0.000433 |
|          Metric/cross_state_action_distance |           0.904 |
|             Metric/avg_self_state_asymmetry |               0 |
|            Metric/avg_cross_state_asymmetry |         0.00153 |
|                Metric/avg_self_sa_asymmetry |               0 |
|               Metric/avg_cross_sa_asymmetry |          0.0016 |
|  Metric/self_state_action_to_state_distance |         0.00104 |
| Metric/cross_state_action_to_state_distance |           0.903 |
|                   Metric/h_lambda_diff_self |         0.00124 |
|                  Metric/h_lambda_diff_cross |         0.00299 |
|                                 Eval/Return |            6.37 |
-----------------------------------------------------------------
[32mSaving model …[0m
[32mDone.[0m
[32mSaving model …[0m
[32mDone.[0m
-----------------------------------------------------------------
|                                 Train/Steps |        1.16e+06 |
|                            Loss/Loss_critic |          0.0158 |
|                             Loss/Loss_actor |          -0.134 |
|                             Loss/Loss_alpha |        2.11e-05 |
|               Loss/Loss_state_action_metric |         0.00304 |
|                      Loss/Loss_state_metric |         0.00182 |
|             Loss/Loss_state_action_to_state |        5.97e-05 |
|                           Loss/Act_rep_loss |          0.0682 |
|                                   SAC/Alpha |        0.000275 |
|                              SAC/LogPi_mean |            1.82 |
|                                 SAC/Q1_mean |           0.149 |
|                                 SAC/Q2_mean |           0.158 |
|                            Norm/actor_model |            78.9 |
|                           Norm/critic_model |             117 |
|              Norm/state_action_metric_model |              52 |
|                     Norm/state_metric_model |              52 |
|        Norm/state_action_state_metric_model |            52.6 |
|                  Metric/self_state_distance |          0.0019 |
|                 Metric/cross_state_distance |           0.924 |
|           Metric/self_state_action_distance |        0.000327 |
|          Metric/cross_state_action_distance |           0.906 |
|             Metric/avg_self_state_asymmetry |               0 |
|            Metric/avg_cross_state_asymmetry |         0.00147 |
|                Metric/avg_self_sa_asymmetry |               0 |
|               Metric/avg_cross_sa_asymmetry |         0.00188 |
|  Metric/self_state_action_to_state_distance |          0.0035 |
| Metric/cross_state_action_to_state_distance |           0.906 |
|                   Metric/h_lambda_diff_self |         0.00355 |
|                  Metric/h_lambda_diff_cross |         0.00253 |
|                                 Eval/Return |            29.9 |
-----------------------------------------------------------------
-----------------------------------------------------------------
|                                 Train/Steps |        1.29e+06 |
|                            Loss/Loss_critic |          0.0509 |
|                             Loss/Loss_actor |           -1.05 |
|                             Loss/Loss_alpha |        4.02e-05 |
|               Loss/Loss_state_action_metric |         0.00364 |
|                      Loss/Loss_state_metric |         0.00246 |
|             Loss/Loss_state_action_to_state |        5.08e-05 |
|                           Loss/Act_rep_loss |          0.0612 |
|                                   SAC/Alpha |        0.000312 |
|                              SAC/LogPi_mean |            1.89 |
|                                 SAC/Q1_mean |            1.06 |
|                                 SAC/Q2_mean |            1.04 |
|                            Norm/actor_model |            82.5 |
|                           Norm/critic_model |             124 |
|              Norm/state_action_metric_model |            54.5 |
|                     Norm/state_metric_model |            56.2 |
|        Norm/state_action_state_metric_model |            55.5 |
|                  Metric/self_state_distance |         0.00257 |
|                 Metric/cross_state_distance |           0.931 |
|           Metric/self_state_action_distance |        0.000162 |
|          Metric/cross_state_action_distance |           0.909 |
|             Metric/avg_self_state_asymmetry |               0 |
|            Metric/avg_cross_state_asymmetry |         0.00239 |
|                Metric/avg_self_sa_asymmetry |               0 |
|               Metric/avg_cross_sa_asymmetry |         0.00188 |
|  Metric/self_state_action_to_state_distance |         0.00228 |
| Metric/cross_state_action_to_state_distance |           0.911 |
|                   Metric/h_lambda_diff_self |         0.00227 |
|                  Metric/h_lambda_diff_cross |         0.00283 |
|                                 Eval/Return |            37.7 |
-----------------------------------------------------------------
-----------------------------------------------------------------
|                                 Train/Steps |        1.42e+06 |
|                            Loss/Loss_critic |          0.0528 |
|                             Loss/Loss_actor |           -1.33 |
|                             Loss/Loss_alpha |       -0.000107 |
|               Loss/Loss_state_action_metric |          0.0033 |
|                      Loss/Loss_state_metric |         0.00198 |
|             Loss/Loss_state_action_to_state |        0.000153 |
|                           Loss/Act_rep_loss |          0.0647 |
|                                   SAC/Alpha |        0.000273 |
|                              SAC/LogPi_mean |            2.26 |
|                                 SAC/Q1_mean |            1.34 |
|                                 SAC/Q2_mean |            1.33 |
|                            Norm/actor_model |            85.5 |
|                           Norm/critic_model |             131 |
|              Norm/state_action_metric_model |            57.4 |
|                     Norm/state_metric_model |            59.4 |
|        Norm/state_action_state_metric_model |            58.2 |
|                  Metric/self_state_distance |         0.00229 |
|                 Metric/cross_state_distance |            0.93 |
|           Metric/self_state_action_distance |         0.00118 |
|          Metric/cross_state_action_distance |           0.915 |
|             Metric/avg_self_state_asymmetry |               0 |
|            Metric/avg_cross_state_asymmetry |         0.00179 |
|                Metric/avg_self_sa_asymmetry |               0 |
|               Metric/avg_cross_sa_asymmetry |         0.00152 |
|  Metric/self_state_action_to_state_distance |         0.00221 |
| Metric/cross_state_action_to_state_distance |           0.915 |
|                   Metric/h_lambda_diff_self |         0.00312 |
|                  Metric/h_lambda_diff_cross |         0.00233 |
|                                 Eval/Return |            32.9 |
-----------------------------------------------------------------
-----------------------------------------------------------------
|                                 Train/Steps |        1.54e+06 |
|                            Loss/Loss_critic |          0.0756 |
|                             Loss/Loss_actor |           -2.05 |
|                             Loss/Loss_alpha |       -0.000208 |
|               Loss/Loss_state_action_metric |         0.00341 |
|                      Loss/Loss_state_metric |         0.00224 |
|             Loss/Loss_state_action_to_state |        9.25e-05 |
|                           Loss/Act_rep_loss |          0.0665 |
|                                   SAC/Alpha |         0.00037 |
|                              SAC/LogPi_mean |            2.47 |
|                                 SAC/Q1_mean |            2.02 |
|                                 SAC/Q2_mean |            2.03 |
|                            Norm/actor_model |            88.6 |
|                           Norm/critic_model |             137 |
|              Norm/state_action_metric_model |            60.1 |
|                     Norm/state_metric_model |              63 |
|        Norm/state_action_state_metric_model |            61.3 |
|                  Metric/self_state_distance |        0.000767 |
|                 Metric/cross_state_distance |           0.929 |
|           Metric/self_state_action_distance |        0.000552 |
|          Metric/cross_state_action_distance |           0.916 |
|             Metric/avg_self_state_asymmetry |               0 |
|            Metric/avg_cross_state_asymmetry |         0.00145 |
|                Metric/avg_self_sa_asymmetry |               0 |
|               Metric/avg_cross_sa_asymmetry |         0.00168 |
|  Metric/self_state_action_to_state_distance |        0.000266 |
| Metric/cross_state_action_to_state_distance |           0.915 |
|                   Metric/h_lambda_diff_self |        0.000638 |
|                  Metric/h_lambda_diff_cross |         0.00264 |
|                                 Eval/Return |            51.8 |
-----------------------------------------------------------------
-----------------------------------------------------------------
|                                 Train/Steps |        1.67e+06 |
|                            Loss/Loss_critic |          0.0105 |
|                             Loss/Loss_actor |           -2.17 |
|                             Loss/Loss_alpha |       -4.63e-05 |
|               Loss/Loss_state_action_metric |         0.00312 |
|                      Loss/Loss_state_metric |         0.00254 |
|             Loss/Loss_state_action_to_state |        3.71e-05 |
|                           Loss/Act_rep_loss |          0.0632 |
|                                   SAC/Alpha |        0.000432 |
|                              SAC/LogPi_mean |            2.17 |
|                                 SAC/Q1_mean |            2.18 |
|                                 SAC/Q2_mean |            2.17 |
|                            Norm/actor_model |            91.4 |
|                           Norm/critic_model |             143 |
|              Norm/state_action_metric_model |            62.3 |
|                     Norm/state_metric_model |            67.6 |
|        Norm/state_action_state_metric_model |            63.8 |
|                  Metric/self_state_distance |         0.00157 |
|                 Metric/cross_state_distance |           0.933 |
|           Metric/self_state_action_distance |        0.000604 |
|          Metric/cross_state_action_distance |           0.911 |
|             Metric/avg_self_state_asymmetry |               0 |
|            Metric/avg_cross_state_asymmetry |         0.00151 |
|                Metric/avg_self_sa_asymmetry |               0 |
|               Metric/avg_cross_sa_asymmetry |         0.00152 |
|  Metric/self_state_action_to_state_distance |         0.00178 |
| Metric/cross_state_action_to_state_distance |           0.913 |
|                   Metric/h_lambda_diff_self |         0.00178 |
|                  Metric/h_lambda_diff_cross |         0.00303 |
|                                 Eval/Return |            30.5 |
-----------------------------------------------------------------
-----------------------------------------------------------------
|                                 Train/Steps |         1.8e+06 |
|                            Loss/Loss_critic |           0.142 |
|                             Loss/Loss_actor |           -1.79 |
|                             Loss/Loss_alpha |        0.000118 |
|               Loss/Loss_state_action_metric |         0.00245 |
|                      Loss/Loss_state_metric |         0.00158 |
|             Loss/Loss_state_action_to_state |        3.25e-05 |
|                           Loss/Act_rep_loss |          0.0656 |
|                                   SAC/Alpha |        0.000367 |
|                              SAC/LogPi_mean |            1.72 |
|                                 SAC/Q1_mean |            1.77 |
|                                 SAC/Q2_mean |            1.75 |
|                            Norm/actor_model |              94 |
|                           Norm/critic_model |             148 |
|              Norm/state_action_metric_model |            64.3 |
|                     Norm/state_metric_model |            70.5 |
|        Norm/state_action_state_metric_model |            66.3 |
|                  Metric/self_state_distance |        0.000807 |
|                 Metric/cross_state_distance |           0.933 |
|           Metric/self_state_action_distance |        0.000411 |
|          Metric/cross_state_action_distance |           0.916 |
|             Metric/avg_self_state_asymmetry |               0 |
|            Metric/avg_cross_state_asymmetry |         0.00151 |
|                Metric/avg_self_sa_asymmetry |               0 |
|               Metric/avg_cross_sa_asymmetry |         0.00177 |
|  Metric/self_state_action_to_state_distance |        0.000899 |
| Metric/cross_state_action_to_state_distance |           0.917 |
|                   Metric/h_lambda_diff_self |         0.00115 |
|                  Metric/h_lambda_diff_cross |         0.00255 |
|                                 Eval/Return |            18.9 |
-----------------------------------------------------------------
-----------------------------------------------------------------
|                                 Train/Steps |        1.93e+06 |
|                            Loss/Loss_critic |           0.164 |
|                             Loss/Loss_actor |            -1.9 |
|                             Loss/Loss_alpha |        0.000141 |
|               Loss/Loss_state_action_metric |         0.00468 |
|                      Loss/Loss_state_metric |         0.00258 |
|             Loss/Loss_state_action_to_state |        0.000145 |
|                           Loss/Act_rep_loss |          0.0647 |
|                                   SAC/Alpha |        0.000412 |
|                              SAC/LogPi_mean |            1.66 |
|                                 SAC/Q1_mean |            1.91 |
|                                 SAC/Q2_mean |            1.94 |
|                            Norm/actor_model |            96.4 |
|                           Norm/critic_model |             152 |
|              Norm/state_action_metric_model |            65.9 |
|                     Norm/state_metric_model |            73.8 |
|        Norm/state_action_state_metric_model |            68.9 |
|                  Metric/self_state_distance |         0.00062 |
|                 Metric/cross_state_distance |            0.93 |
|           Metric/self_state_action_distance |         0.00181 |
|          Metric/cross_state_action_distance |           0.913 |
|             Metric/avg_self_state_asymmetry |               0 |
|            Metric/avg_cross_state_asymmetry |          0.0021 |
|                Metric/avg_self_sa_asymmetry |               0 |
|               Metric/avg_cross_sa_asymmetry |         0.00182 |
|  Metric/self_state_action_to_state_distance |        0.000564 |
| Metric/cross_state_action_to_state_distance |           0.912 |
|                   Metric/h_lambda_diff_self |         0.00219 |
|                  Metric/h_lambda_diff_cross |         0.00306 |
|                                 Eval/Return |            14.1 |
-----------------------------------------------------------------
-----------------------------------------------------------------
|                                 Train/Steps |        2.06e+06 |
|                            Loss/Loss_critic |          0.0253 |
|                             Loss/Loss_actor |           -2.08 |
|                             Loss/Loss_alpha |        5.66e-05 |
|               Loss/Loss_state_action_metric |         0.00543 |
|                      Loss/Loss_state_metric |         0.00243 |
|             Loss/Loss_state_action_to_state |        0.000234 |
|                           Loss/Act_rep_loss |          0.0635 |
|                                   SAC/Alpha |        0.000546 |
|                              SAC/LogPi_mean |            1.89 |
|                                 SAC/Q1_mean |            2.11 |
|                                 SAC/Q2_mean |             2.1 |
|                            Norm/actor_model |            98.4 |
|                           Norm/critic_model |             157 |
|              Norm/state_action_metric_model |            68.2 |
|                     Norm/state_metric_model |            76.8 |
|        Norm/state_action_state_metric_model |            71.6 |
|                  Metric/self_state_distance |         0.00225 |
|                 Metric/cross_state_distance |           0.932 |
|           Metric/self_state_action_distance |         0.00176 |
|          Metric/cross_state_action_distance |           0.916 |
|             Metric/avg_self_state_asymmetry |               0 |
|            Metric/avg_cross_state_asymmetry |         0.00216 |
|                Metric/avg_self_sa_asymmetry |               0 |
|               Metric/avg_cross_sa_asymmetry |         0.00136 |
|  Metric/self_state_action_to_state_distance |         0.00098 |
| Metric/cross_state_action_to_state_distance |           0.916 |
|                   Metric/h_lambda_diff_self |         0.00213 |
|                  Metric/h_lambda_diff_cross |         0.00339 |
|                                 Eval/Return |            58.1 |
-----------------------------------------------------------------
[32mSaving model …[0m
[32mDone.[0m
[32mSaving model …[0m
[32mDone.[0m
-----------------------------------------------------------------
|                                 Train/Steps |        2.18e+06 |
|                            Loss/Loss_critic |            0.12 |
|                             Loss/Loss_actor |           -2.13 |
|                             Loss/Loss_alpha |         0.00432 |
|               Loss/Loss_state_action_metric |         0.00367 |
|                      Loss/Loss_state_metric |         0.00251 |
|             Loss/Loss_state_action_to_state |        0.000186 |
|                           Loss/Act_rep_loss |          0.0659 |
|                                   SAC/Alpha |         0.00467 |
|                              SAC/LogPi_mean |            1.19 |
|                                 SAC/Q1_mean |            2.07 |
|                                 SAC/Q2_mean |            2.04 |
|                            Norm/actor_model |             101 |
|                           Norm/critic_model |             162 |
|              Norm/state_action_metric_model |            69.7 |
|                     Norm/state_metric_model |            79.1 |
|        Norm/state_action_state_metric_model |              74 |
|                  Metric/self_state_distance |        0.000633 |
|                 Metric/cross_state_distance |           0.928 |
|           Metric/self_state_action_distance |        0.000286 |
|          Metric/cross_state_action_distance |           0.912 |
|             Metric/avg_self_state_asymmetry |               0 |
|            Metric/avg_cross_state_asymmetry |         0.00184 |
|                Metric/avg_self_sa_asymmetry |               0 |
|               Metric/avg_cross_sa_asymmetry |         0.00175 |
|  Metric/self_state_action_to_state_distance |        0.000488 |
| Metric/cross_state_action_to_state_distance |           0.912 |
|                   Metric/h_lambda_diff_self |         0.00069 |
|                  Metric/h_lambda_diff_cross |         0.00286 |
|                                 Eval/Return |            89.1 |
-----------------------------------------------------------------
-----------------------------------------------------------------
|                                 Train/Steps |        2.31e+06 |
|                            Loss/Loss_critic |           0.138 |
|                             Loss/Loss_actor |           -6.65 |
|                             Loss/Loss_alpha |        0.000811 |
|               Loss/Loss_state_action_metric |         0.00458 |
|                      Loss/Loss_state_metric |         0.00311 |
|             Loss/Loss_state_action_to_state |        0.000183 |
|                           Loss/Act_rep_loss |          0.0629 |
|                                   SAC/Alpha |         0.00572 |
|                              SAC/LogPi_mean |            2.05 |
|                                 SAC/Q1_mean |             6.5 |
|                                 SAC/Q2_mean |            6.53 |
|                            Norm/actor_model |             103 |
|                           Norm/critic_model |             166 |
|              Norm/state_action_metric_model |            71.3 |
|                     Norm/state_metric_model |            81.2 |
|        Norm/state_action_state_metric_model |            76.6 |
|                  Metric/self_state_distance |        0.000492 |
|                 Metric/cross_state_distance |           0.932 |
|           Metric/self_state_action_distance |        0.000514 |
|          Metric/cross_state_action_distance |           0.919 |
|             Metric/avg_self_state_asymmetry |               0 |
|            Metric/avg_cross_state_asymmetry |         0.00155 |
|                Metric/avg_self_sa_asymmetry |               0 |
|               Metric/avg_cross_sa_asymmetry |         0.00164 |
|  Metric/self_state_action_to_state_distance |         0.00166 |
| Metric/cross_state_action_to_state_distance |           0.919 |
|                   Metric/h_lambda_diff_self |         0.00195 |
|                  Metric/h_lambda_diff_cross |         0.00357 |
|                                 Eval/Return |             217 |
-----------------------------------------------------------------
-----------------------------------------------------------------
|                                 Train/Steps |        2.44e+06 |
|                            Loss/Loss_critic |           0.189 |
|                             Loss/Loss_actor |           -10.5 |
|                             Loss/Loss_alpha |        -0.00367 |
|               Loss/Loss_state_action_metric |         0.00276 |
|                      Loss/Loss_state_metric |         0.00176 |
|             Loss/Loss_state_action_to_state |        4.27e-05 |
|                           Loss/Act_rep_loss |          0.0589 |
|                                   SAC/Alpha |         0.00748 |
|                              SAC/LogPi_mean |            2.58 |
|                                 SAC/Q1_mean |            10.3 |
|                                 SAC/Q2_mean |            10.3 |
|                            Norm/actor_model |             105 |
|                           Norm/critic_model |             170 |
|              Norm/state_action_metric_model |            73.4 |
|                     Norm/state_metric_model |            83.3 |
|        Norm/state_action_state_metric_model |            78.7 |
|                  Metric/self_state_distance |         0.00214 |
|                 Metric/cross_state_distance |           0.949 |
|           Metric/self_state_action_distance |         0.00134 |
|          Metric/cross_state_action_distance |           0.935 |
|             Metric/avg_self_state_asymmetry |               0 |
|            Metric/avg_cross_state_asymmetry |         0.00215 |
|                Metric/avg_self_sa_asymmetry |               0 |
|               Metric/avg_cross_sa_asymmetry |         0.00183 |
|  Metric/self_state_action_to_state_distance |        0.000592 |
| Metric/cross_state_action_to_state_distance |           0.935 |
|                   Metric/h_lambda_diff_self |         0.00158 |
|                  Metric/h_lambda_diff_cross |         0.00251 |
|                                 Eval/Return |             257 |
-----------------------------------------------------------------
-----------------------------------------------------------------
|                                 Train/Steps |        2.57e+06 |
|                            Loss/Loss_critic |           0.316 |
|                             Loss/Loss_actor |           -10.9 |
|                             Loss/Loss_alpha |        -0.00263 |
|               Loss/Loss_state_action_metric |         0.00321 |
|                      Loss/Loss_state_metric |         0.00257 |
|             Loss/Loss_state_action_to_state |        3.31e-05 |
|                           Loss/Act_rep_loss |           0.063 |
|                                   SAC/Alpha |         0.00673 |
|                              SAC/LogPi_mean |            2.32 |
|                                 SAC/Q1_mean |            10.7 |
|                                 SAC/Q2_mean |            10.7 |
|                            Norm/actor_model |             107 |
|                           Norm/critic_model |             174 |
|              Norm/state_action_metric_model |              75 |
|                     Norm/state_metric_model |            85.6 |
|        Norm/state_action_state_metric_model |            80.8 |
|                  Metric/self_state_distance |         0.00168 |
|                 Metric/cross_state_distance |           0.938 |
|           Metric/self_state_action_distance |        0.000586 |
|          Metric/cross_state_action_distance |           0.927 |
|             Metric/avg_self_state_asymmetry |               0 |
|            Metric/avg_cross_state_asymmetry |         0.00154 |
|                Metric/avg_self_sa_asymmetry |               0 |
|               Metric/avg_cross_sa_asymmetry |         0.00149 |
|  Metric/self_state_action_to_state_distance |         0.00158 |
| Metric/cross_state_action_to_state_distance |           0.927 |
|                   Metric/h_lambda_diff_self |         0.00163 |
|                  Metric/h_lambda_diff_cross |         0.00209 |
|                                 Eval/Return |             397 |
-----------------------------------------------------------------
-----------------------------------------------------------------
|                                 Train/Steps |         2.7e+06 |
|                            Loss/Loss_critic |           0.263 |
|                             Loss/Loss_actor |           -13.9 |
|                             Loss/Loss_alpha |        -0.00339 |
|               Loss/Loss_state_action_metric |         0.00254 |
|                      Loss/Loss_state_metric |         0.00185 |
|             Loss/Loss_state_action_to_state |         4.6e-05 |
|                           Loss/Act_rep_loss |           0.059 |
|                                   SAC/Alpha |         0.00797 |
|                              SAC/LogPi_mean |            2.38 |
|                                 SAC/Q1_mean |            13.6 |
|                                 SAC/Q2_mean |            13.7 |
|                            Norm/actor_model |             109 |
|                           Norm/critic_model |             178 |
|              Norm/state_action_metric_model |            76.8 |
|                     Norm/state_metric_model |              88 |
|        Norm/state_action_state_metric_model |            83.3 |
|                  Metric/self_state_distance |         0.00239 |
|                 Metric/cross_state_distance |           0.955 |
|           Metric/self_state_action_distance |        0.000628 |
|          Metric/cross_state_action_distance |           0.945 |
|             Metric/avg_self_state_asymmetry |               0 |
|            Metric/avg_cross_state_asymmetry |         0.00195 |
|                Metric/avg_self_sa_asymmetry |               0 |
|               Metric/avg_cross_sa_asymmetry |         0.00184 |
|  Metric/self_state_action_to_state_distance |        0.000288 |
| Metric/cross_state_action_to_state_distance |           0.945 |
|                   Metric/h_lambda_diff_self |        0.000804 |
|                  Metric/h_lambda_diff_cross |         0.00277 |
|                                 Eval/Return |             277 |
-----------------------------------------------------------------
-----------------------------------------------------------------
|                                 Train/Steps |        2.82e+06 |
|                            Loss/Loss_critic |           0.255 |
|                             Loss/Loss_actor |           -14.1 |
|                             Loss/Loss_alpha |       -0.000114 |
|               Loss/Loss_state_action_metric |          0.0061 |
|                      Loss/Loss_state_metric |         0.00248 |
|             Loss/Loss_state_action_to_state |         2.6e-05 |
|                           Loss/Act_rep_loss |          0.0609 |
|                                   SAC/Alpha |         0.00782 |
|                              SAC/LogPi_mean |            2.06 |
|                                 SAC/Q1_mean |            13.8 |
|                                 SAC/Q2_mean |            13.8 |
|                            Norm/actor_model |             111 |
|                           Norm/critic_model |             181 |
|              Norm/state_action_metric_model |            78.3 |
|                     Norm/state_metric_model |            91.5 |
|        Norm/state_action_state_metric_model |            85.6 |
|                  Metric/self_state_distance |        0.000966 |
|                 Metric/cross_state_distance |           0.947 |
|           Metric/self_state_action_distance |        0.000629 |
|          Metric/cross_state_action_distance |           0.938 |
|             Metric/avg_self_state_asymmetry |               0 |
|            Metric/avg_cross_state_asymmetry |         0.00197 |
|                Metric/avg_self_sa_asymmetry |               0 |
|               Metric/avg_cross_sa_asymmetry |         0.00177 |
|  Metric/self_state_action_to_state_distance |          0.0006 |
| Metric/cross_state_action_to_state_distance |           0.936 |
|                   Metric/h_lambda_diff_self |        0.000733 |
|                  Metric/h_lambda_diff_cross |         0.00271 |
|                                 Eval/Return |             431 |
-----------------------------------------------------------------
-----------------------------------------------------------------
|                                 Train/Steps |        2.95e+06 |
|                            Loss/Loss_critic |           0.171 |
|                             Loss/Loss_actor |           -16.9 |
|                             Loss/Loss_alpha |        -0.00362 |
|               Loss/Loss_state_action_metric |         0.00272 |
|                      Loss/Loss_state_metric |         0.00188 |
|             Loss/Loss_state_action_to_state |        3.53e-05 |
|                           Loss/Act_rep_loss |          0.0557 |
|                                   SAC/Alpha |         0.00886 |
|                              SAC/LogPi_mean |            2.44 |
|                                 SAC/Q1_mean |            16.6 |
|                                 SAC/Q2_mean |            16.7 |
|                            Norm/actor_model |             113 |
|                           Norm/critic_model |             184 |
|              Norm/state_action_metric_model |            79.9 |
|                     Norm/state_metric_model |            94.8 |
|        Norm/state_action_state_metric_model |            88.7 |
|                  Metric/self_state_distance |        0.000701 |
|                 Metric/cross_state_distance |            0.96 |
|           Metric/self_state_action_distance |        0.000596 |
|          Metric/cross_state_action_distance |            0.95 |
|             Metric/avg_self_state_asymmetry |               0 |
|            Metric/avg_cross_state_asymmetry |         0.00198 |
|                Metric/avg_self_sa_asymmetry |               0 |
|               Metric/avg_cross_sa_asymmetry |         0.00202 |
|  Metric/self_state_action_to_state_distance |        0.000793 |
| Metric/cross_state_action_to_state_distance |           0.948 |
|                   Metric/h_lambda_diff_self |         0.00115 |
|                  Metric/h_lambda_diff_cross |         0.00282 |
|                                 Eval/Return |             402 |
-----------------------------------------------------------------
-----------------------------------------------------------------
|                                 Train/Steps |        3.08e+06 |
|                            Loss/Loss_critic |           0.153 |
|                             Loss/Loss_actor |             -17 |
|                             Loss/Loss_alpha |       -0.000343 |
|               Loss/Loss_state_action_metric |         0.00334 |
|                      Loss/Loss_state_metric |         0.00239 |
|             Loss/Loss_state_action_to_state |        2.95e-05 |
|                           Loss/Act_rep_loss |          0.0571 |
|                                   SAC/Alpha |         0.00896 |
|                              SAC/LogPi_mean |            2.18 |
|                                 SAC/Q1_mean |            16.8 |
|                                 SAC/Q2_mean |            16.8 |
|                            Norm/actor_model |             115 |
|                           Norm/critic_model |             188 |
|              Norm/state_action_metric_model |            82.2 |
|                     Norm/state_metric_model |            98.2 |
|        Norm/state_action_state_metric_model |            92.3 |
|                  Metric/self_state_distance |        0.000565 |
|                 Metric/cross_state_distance |            0.96 |
|           Metric/self_state_action_distance |         0.00083 |
|          Metric/cross_state_action_distance |           0.951 |
|             Metric/avg_self_state_asymmetry |               0 |
|            Metric/avg_cross_state_asymmetry |         0.00209 |
|                Metric/avg_self_sa_asymmetry |               0 |
|               Metric/avg_cross_sa_asymmetry |         0.00174 |
|  Metric/self_state_action_to_state_distance |         0.00179 |
| Metric/cross_state_action_to_state_distance |            0.95 |
|                   Metric/h_lambda_diff_self |         0.00176 |
|                  Metric/h_lambda_diff_cross |         0.00206 |
|                                 Eval/Return |             413 |
-----------------------------------------------------------------
[32mSaving model …[0m
[32mDone.[0m
[32mSaving model …[0m
[32mDone.[0m
-----------------------------------------------------------------
|                                 Train/Steps |        3.21e+06 |
|                            Loss/Loss_critic |            0.13 |
|                             Loss/Loss_actor |           -17.9 |
|                             Loss/Loss_alpha |         0.00574 |
|               Loss/Loss_state_action_metric |           0.003 |
|                      Loss/Loss_state_metric |         0.00215 |
|             Loss/Loss_state_action_to_state |         3.7e-05 |
|                           Loss/Act_rep_loss |          0.0541 |
|                                   SAC/Alpha |         0.00901 |
|                              SAC/LogPi_mean |            1.28 |
|                                 SAC/Q1_mean |            17.7 |
|                                 SAC/Q2_mean |            17.7 |
|                            Norm/actor_model |             118 |
|                           Norm/critic_model |             192 |
|              Norm/state_action_metric_model |            84.4 |
|                     Norm/state_metric_model |             101 |
|        Norm/state_action_state_metric_model |            95.6 |
|                  Metric/self_state_distance |        0.000573 |
|                 Metric/cross_state_distance |           0.971 |
|           Metric/self_state_action_distance |        0.000438 |
|          Metric/cross_state_action_distance |           0.963 |
|             Metric/avg_self_state_asymmetry |               0 |
|            Metric/avg_cross_state_asymmetry |         0.00154 |
|                Metric/avg_self_sa_asymmetry |               0 |
|               Metric/avg_cross_sa_asymmetry |         0.00184 |
|  Metric/self_state_action_to_state_distance |        0.000602 |
| Metric/cross_state_action_to_state_distance |           0.963 |
|                   Metric/h_lambda_diff_self |        0.000945 |
|                  Metric/h_lambda_diff_cross |         0.00221 |
|                                 Eval/Return |             309 |
-----------------------------------------------------------------
-----------------------------------------------------------------
|                                 Train/Steps |        3.34e+06 |
|                            Loss/Loss_critic |           0.187 |
|                             Loss/Loss_actor |           -19.7 |
|                             Loss/Loss_alpha |         0.00134 |
|               Loss/Loss_state_action_metric |         0.00397 |
|                      Loss/Loss_state_metric |         0.00292 |
|             Loss/Loss_state_action_to_state |        3.58e-05 |
|                           Loss/Act_rep_loss |          0.0509 |
|                                   SAC/Alpha |         0.00841 |
|                              SAC/LogPi_mean |            1.98 |
|                                 SAC/Q1_mean |            19.5 |
|                                 SAC/Q2_mean |            19.5 |
|                            Norm/actor_model |             120 |
|                           Norm/critic_model |             195 |
|              Norm/state_action_metric_model |            85.9 |
|                     Norm/state_metric_model |             104 |
|        Norm/state_action_state_metric_model |            98.9 |
|                  Metric/self_state_distance |        0.000955 |
|                 Metric/cross_state_distance |           0.972 |
|           Metric/self_state_action_distance |        0.000504 |
|          Metric/cross_state_action_distance |           0.966 |
|             Metric/avg_self_state_asymmetry |               0 |
|            Metric/avg_cross_state_asymmetry |         0.00168 |
|                Metric/avg_self_sa_asymmetry |               0 |
|               Metric/avg_cross_sa_asymmetry |         0.00177 |
|  Metric/self_state_action_to_state_distance |          0.0156 |
| Metric/cross_state_action_to_state_distance |           0.966 |
|                   Metric/h_lambda_diff_self |          0.0156 |
|                  Metric/h_lambda_diff_cross |          0.0025 |
|                                 Eval/Return |             380 |
-----------------------------------------------------------------
-----------------------------------------------------------------
|                                 Train/Steps |        3.46e+06 |
|                            Loss/Loss_critic |            0.12 |
|                             Loss/Loss_actor |           -21.6 |
|                             Loss/Loss_alpha |        -0.00248 |
|               Loss/Loss_state_action_metric |         0.00426 |
|                      Loss/Loss_state_metric |         0.00229 |
|             Loss/Loss_state_action_to_state |        2.06e-05 |
|                           Loss/Act_rep_loss |          0.0536 |
|                                   SAC/Alpha |         0.00844 |
|                              SAC/LogPi_mean |            2.28 |
|                                 SAC/Q1_mean |            21.4 |
|                                 SAC/Q2_mean |            21.5 |
|                            Norm/actor_model |             122 |
|                           Norm/critic_model |             198 |
|              Norm/state_action_metric_model |            87.9 |
|                     Norm/state_metric_model |             107 |
|        Norm/state_action_state_metric_model |             103 |
|                  Metric/self_state_distance |        0.000691 |
|                 Metric/cross_state_distance |           0.974 |
|           Metric/self_state_action_distance |         0.00106 |
|          Metric/cross_state_action_distance |           0.968 |
|             Metric/avg_self_state_asymmetry |               0 |
|            Metric/avg_cross_state_asymmetry |         0.00166 |
|                Metric/avg_self_sa_asymmetry |               0 |
|               Metric/avg_cross_sa_asymmetry |         0.00174 |
|  Metric/self_state_action_to_state_distance |        0.000399 |
| Metric/cross_state_action_to_state_distance |           0.967 |
|                   Metric/h_lambda_diff_self |         0.00106 |
|                  Metric/h_lambda_diff_cross |          0.0025 |
|                                 Eval/Return |             369 |
-----------------------------------------------------------------
-----------------------------------------------------------------
|                                 Train/Steps |        3.59e+06 |
|                            Loss/Loss_critic |           0.237 |
|                             Loss/Loss_actor |           -22.2 |
|                             Loss/Loss_alpha |       -0.000196 |
|               Loss/Loss_state_action_metric |         0.00338 |
|                      Loss/Loss_state_metric |         0.00258 |
|             Loss/Loss_state_action_to_state |        1.98e-05 |
|                           Loss/Act_rep_loss |           0.051 |
|                                   SAC/Alpha |          0.0083 |
|                              SAC/LogPi_mean |            2.18 |
|                                 SAC/Q1_mean |              22 |
|                                 SAC/Q2_mean |              22 |
|                            Norm/actor_model |             124 |
|                           Norm/critic_model |             201 |
|              Norm/state_action_metric_model |            89.5 |
|                     Norm/state_metric_model |             110 |
|        Norm/state_action_state_metric_model |             105 |
|                  Metric/self_state_distance |         0.00055 |
|                 Metric/cross_state_distance |           0.976 |
|           Metric/self_state_action_distance |        0.000799 |
|          Metric/cross_state_action_distance |            0.97 |
|             Metric/avg_self_state_asymmetry |               0 |
|            Metric/avg_cross_state_asymmetry |         0.00193 |
|                Metric/avg_self_sa_asymmetry |               0 |
|               Metric/avg_cross_sa_asymmetry |          0.0017 |
|  Metric/self_state_action_to_state_distance |        6.44e-05 |
| Metric/cross_state_action_to_state_distance |           0.971 |
|                   Metric/h_lambda_diff_self |        0.000786 |
|                  Metric/h_lambda_diff_cross |         0.00228 |
|                                 Eval/Return |             330 |
-----------------------------------------------------------------
-----------------------------------------------------------------
|                                 Train/Steps |        3.72e+06 |
|                            Loss/Loss_critic |           0.382 |
|                             Loss/Loss_actor |           -23.1 |
|                             Loss/Loss_alpha |        -0.00233 |
|               Loss/Loss_state_action_metric |          0.0032 |
|                      Loss/Loss_state_metric |         0.00237 |
|             Loss/Loss_state_action_to_state |        2.08e-05 |
|                           Loss/Act_rep_loss |          0.0502 |
|                                   SAC/Alpha |         0.00755 |
|                              SAC/LogPi_mean |            2.34 |
|                                 SAC/Q1_mean |            22.8 |
|                                 SAC/Q2_mean |            22.9 |
|                            Norm/actor_model |             126 |
|                           Norm/critic_model |             204 |
|              Norm/state_action_metric_model |            91.6 |
|                     Norm/state_metric_model |             112 |
|        Norm/state_action_state_metric_model |             108 |
|                  Metric/self_state_distance |         0.00213 |
|                 Metric/cross_state_distance |           0.984 |
|           Metric/self_state_action_distance |         0.00337 |
|          Metric/cross_state_action_distance |           0.978 |
|             Metric/avg_self_state_asymmetry |               0 |
|            Metric/avg_cross_state_asymmetry |         0.00197 |
|                Metric/avg_self_sa_asymmetry |               0 |
|               Metric/avg_cross_sa_asymmetry |         0.00212 |
|  Metric/self_state_action_to_state_distance |        0.000267 |
| Metric/cross_state_action_to_state_distance |           0.977 |
|                   Metric/h_lambda_diff_self |         0.00334 |
|                  Metric/h_lambda_diff_cross |         0.00243 |
|                                 Eval/Return |             437 |
-----------------------------------------------------------------
-----------------------------------------------------------------
|                                 Train/Steps |        3.85e+06 |
|                            Loss/Loss_critic |           0.112 |
|                             Loss/Loss_actor |           -21.1 |
|                             Loss/Loss_alpha |        -0.00279 |
|               Loss/Loss_state_action_metric |         0.00391 |
|                      Loss/Loss_state_metric |         0.00296 |
|             Loss/Loss_state_action_to_state |        4.53e-05 |
|                           Loss/Act_rep_loss |          0.0517 |
|                                   SAC/Alpha |         0.00667 |
|                              SAC/LogPi_mean |            2.39 |
|                                 SAC/Q1_mean |            20.9 |
|                                 SAC/Q2_mean |            20.8 |
|                            Norm/actor_model |             128 |
|                           Norm/critic_model |             207 |
|              Norm/state_action_metric_model |            93.1 |
|                     Norm/state_metric_model |             115 |
|        Norm/state_action_state_metric_model |             111 |
|                  Metric/self_state_distance |        0.000865 |
|                 Metric/cross_state_distance |            0.97 |
|           Metric/self_state_action_distance |        0.000704 |
|          Metric/cross_state_action_distance |           0.963 |
|             Metric/avg_self_state_asymmetry |               0 |
|            Metric/avg_cross_state_asymmetry |         0.00188 |
|                Metric/avg_self_sa_asymmetry |               0 |
|               Metric/avg_cross_sa_asymmetry |         0.00133 |
|  Metric/self_state_action_to_state_distance |         0.00169 |
| Metric/cross_state_action_to_state_distance |           0.963 |
|                   Metric/h_lambda_diff_self |         0.00173 |
|                  Metric/h_lambda_diff_cross |         0.00233 |
|                                 Eval/Return |             385 |
-----------------------------------------------------------------
-----------------------------------------------------------------
|                                 Train/Steps |        3.98e+06 |
|                            Loss/Loss_critic |           0.256 |
|                             Loss/Loss_actor |           -22.1 |
|                             Loss/Loss_alpha |        0.000656 |
|               Loss/Loss_state_action_metric |         0.00357 |
|                      Loss/Loss_state_metric |         0.00271 |
|             Loss/Loss_state_action_to_state |        4.28e-05 |
|                           Loss/Act_rep_loss |          0.0488 |
|                                   SAC/Alpha |         0.00726 |
|                              SAC/LogPi_mean |               2 |
|                                 SAC/Q1_mean |            21.9 |
|                                 SAC/Q2_mean |            21.9 |
|                            Norm/actor_model |             130 |
|                           Norm/critic_model |             210 |
|              Norm/state_action_metric_model |            95.3 |
|                     Norm/state_metric_model |             117 |
|        Norm/state_action_state_metric_model |             115 |
|                  Metric/self_state_distance |        0.000597 |
|                 Metric/cross_state_distance |           0.982 |
|           Metric/self_state_action_distance |        0.000876 |
|          Metric/cross_state_action_distance |           0.976 |
|             Metric/avg_self_state_asymmetry |               0 |
|            Metric/avg_cross_state_asymmetry |         0.00185 |
|                Metric/avg_self_sa_asymmetry |               0 |
|               Metric/avg_cross_sa_asymmetry |         0.00179 |
|  Metric/self_state_action_to_state_distance |        0.000818 |
| Metric/cross_state_action_to_state_distance |           0.978 |
|                   Metric/h_lambda_diff_self |         0.00141 |
|                  Metric/h_lambda_diff_cross |         0.00374 |
|                                 Eval/Return |             391 |
-----------------------------------------------------------------
-----------------------------------------------------------------
|                                 Train/Steps |         4.1e+06 |
|                            Loss/Loss_critic |          0.0917 |
|                             Loss/Loss_actor |           -23.2 |
|                             Loss/Loss_alpha |         0.00167 |
|               Loss/Loss_state_action_metric |         0.00439 |
|                      Loss/Loss_state_metric |         0.00354 |
|             Loss/Loss_state_action_to_state |        1.72e-05 |
|                           Loss/Act_rep_loss |          0.0479 |
|                                   SAC/Alpha |         0.00676 |
|                              SAC/LogPi_mean |            1.78 |
|                                 SAC/Q1_mean |              23 |
|                                 SAC/Q2_mean |            23.1 |
|                            Norm/actor_model |             131 |
|                           Norm/critic_model |             212 |
|              Norm/state_action_metric_model |            97.1 |
|                     Norm/state_metric_model |             119 |
|        Norm/state_action_state_metric_model |             117 |
|                  Metric/self_state_distance |        0.000607 |
|                 Metric/cross_state_distance |           0.983 |
|           Metric/self_state_action_distance |        0.000742 |
|          Metric/cross_state_action_distance |           0.979 |
|             Metric/avg_self_state_asymmetry |               0 |
|            Metric/avg_cross_state_asymmetry |         0.00182 |
|                Metric/avg_self_sa_asymmetry |               0 |
|               Metric/avg_cross_sa_asymmetry |         0.00163 |
|  Metric/self_state_action_to_state_distance |        0.000143 |
| Metric/cross_state_action_to_state_distance |           0.979 |
|                   Metric/h_lambda_diff_self |        0.000789 |
|                  Metric/h_lambda_diff_cross |         0.00219 |
|                                 Eval/Return |             415 |
-----------------------------------------------------------------
[32mSaving model …[0m
[32mDone.[0m
[32mSaving model …[0m
[32mDone.[0m
-----------------------------------------------------------------
|                                 Train/Steps |        4.23e+06 |
|                            Loss/Loss_critic |          0.0728 |
|                             Loss/Loss_actor |           -23.8 |
|                             Loss/Loss_alpha |        -0.00139 |
|               Loss/Loss_state_action_metric |         0.00461 |
|                      Loss/Loss_state_metric |         0.00243 |
|             Loss/Loss_state_action_to_state |        2.13e-05 |
|                           Loss/Act_rep_loss |          0.0478 |
|                                   SAC/Alpha |         0.00655 |
|                              SAC/LogPi_mean |            2.17 |
|                                 SAC/Q1_mean |            23.7 |
|                                 SAC/Q2_mean |            23.7 |
|                            Norm/actor_model |             133 |
|                           Norm/critic_model |             215 |
|              Norm/state_action_metric_model |            99.6 |
|                     Norm/state_metric_model |             123 |
|        Norm/state_action_state_metric_model |             120 |
|                  Metric/self_state_distance |         0.00061 |
|                 Metric/cross_state_distance |           0.988 |
|           Metric/self_state_action_distance |         0.00044 |
|          Metric/cross_state_action_distance |           0.984 |
|             Metric/avg_self_state_asymmetry |               0 |
|            Metric/avg_cross_state_asymmetry |         0.00198 |
|                Metric/avg_self_sa_asymmetry |               0 |
|               Metric/avg_cross_sa_asymmetry |         0.00188 |
|  Metric/self_state_action_to_state_distance |        0.000211 |
| Metric/cross_state_action_to_state_distance |           0.984 |
|                   Metric/h_lambda_diff_self |        0.000394 |
|                  Metric/h_lambda_diff_cross |         0.00228 |
|                                 Eval/Return |             366 |
-----------------------------------------------------------------
-----------------------------------------------------------------
|                                 Train/Steps |        4.36e+06 |
|                            Loss/Loss_critic |           0.109 |
|                             Loss/Loss_actor |             -28 |
|                             Loss/Loss_alpha |        -0.00203 |
|               Loss/Loss_state_action_metric |         0.00427 |
|                      Loss/Loss_state_metric |         0.00295 |
|             Loss/Loss_state_action_to_state |        2.58e-05 |
|                           Loss/Act_rep_loss |          0.0447 |
|                                   SAC/Alpha |         0.00653 |
|                              SAC/LogPi_mean |            2.16 |
|                                 SAC/Q1_mean |            27.9 |
|                                 SAC/Q2_mean |            27.9 |
|                            Norm/actor_model |             135 |
|                           Norm/critic_model |             217 |
|              Norm/state_action_metric_model |             101 |
|                     Norm/state_metric_model |             125 |
|        Norm/state_action_state_metric_model |             122 |
|                  Metric/self_state_distance |        0.000513 |
|                 Metric/cross_state_distance |           0.997 |
|           Metric/self_state_action_distance |        0.000474 |
|          Metric/cross_state_action_distance |           0.994 |
|             Metric/avg_self_state_asymmetry |               0 |
|            Metric/avg_cross_state_asymmetry |          0.0021 |
|                Metric/avg_self_sa_asymmetry |               0 |
|               Metric/avg_cross_sa_asymmetry |          0.0024 |
|  Metric/self_state_action_to_state_distance |        0.000554 |
| Metric/cross_state_action_to_state_distance |           0.995 |
|                   Metric/h_lambda_diff_self |        0.000865 |
|                  Metric/h_lambda_diff_cross |         0.00286 |
|                                 Eval/Return |             407 |
-----------------------------------------------------------------
-----------------------------------------------------------------
|                                 Train/Steps |        4.49e+06 |
|                            Loss/Loss_critic |           0.108 |
|                             Loss/Loss_actor |           -25.1 |
|                             Loss/Loss_alpha |        0.000263 |
|               Loss/Loss_state_action_metric |         0.00445 |
|                      Loss/Loss_state_metric |           0.003 |
|             Loss/Loss_state_action_to_state |         2.1e-05 |
|                           Loss/Act_rep_loss |          0.0454 |
|                                   SAC/Alpha |         0.00633 |
|                              SAC/LogPi_mean |            1.91 |
|                                 SAC/Q1_mean |              25 |
|                                 SAC/Q2_mean |            24.9 |
|                            Norm/actor_model |             137 |
|                           Norm/critic_model |             219 |
|              Norm/state_action_metric_model |             104 |
|                     Norm/state_metric_model |             128 |
|        Norm/state_action_state_metric_model |             125 |
|                  Metric/self_state_distance |         0.00114 |
|                 Metric/cross_state_distance |           0.996 |
|           Metric/self_state_action_distance |        0.000304 |
|          Metric/cross_state_action_distance |           0.996 |
|             Metric/avg_self_state_asymmetry |               0 |
|            Metric/avg_cross_state_asymmetry |         0.00203 |
|                Metric/avg_self_sa_asymmetry |               0 |
|               Metric/avg_cross_sa_asymmetry |         0.00144 |
|  Metric/self_state_action_to_state_distance |        0.000271 |
| Metric/cross_state_action_to_state_distance |           0.995 |
|                   Metric/h_lambda_diff_self |        0.000494 |
|                  Metric/h_lambda_diff_cross |         0.00244 |
|                                 Eval/Return |             381 |
-----------------------------------------------------------------
-----------------------------------------------------------------
|                                 Train/Steps |        4.62e+06 |
|                            Loss/Loss_critic |           0.107 |
|                             Loss/Loss_actor |           -24.5 |
|                             Loss/Loss_alpha |       -0.000146 |
|               Loss/Loss_state_action_metric |         0.00558 |
|                      Loss/Loss_state_metric |         0.00407 |
|             Loss/Loss_state_action_to_state |        0.000225 |
|                           Loss/Act_rep_loss |          0.0451 |
|                                   SAC/Alpha |         0.00569 |
|                              SAC/LogPi_mean |               2 |
|                                 SAC/Q1_mean |            24.3 |
|                                 SAC/Q2_mean |            24.4 |
|                            Norm/actor_model |             138 |
|                           Norm/critic_model |             222 |
|              Norm/state_action_metric_model |             106 |
|                     Norm/state_metric_model |             130 |
|        Norm/state_action_state_metric_model |             128 |
|                  Metric/self_state_distance |        0.000949 |
|                 Metric/cross_state_distance |           0.988 |
|           Metric/self_state_action_distance |        0.000785 |
|          Metric/cross_state_action_distance |           0.986 |
|             Metric/avg_self_state_asymmetry |               0 |
|            Metric/avg_cross_state_asymmetry |          0.0018 |
|                Metric/avg_self_sa_asymmetry |               0 |
|               Metric/avg_cross_sa_asymmetry |         0.00184 |
|  Metric/self_state_action_to_state_distance |         0.00147 |
| Metric/cross_state_action_to_state_distance |           0.985 |
|                   Metric/h_lambda_diff_self |          0.0016 |
|                  Metric/h_lambda_diff_cross |         0.00222 |
|                                 Eval/Return |             482 |
-----------------------------------------------------------------
-----------------------------------------------------------------
|                                 Train/Steps |        4.74e+06 |
|                            Loss/Loss_critic |          0.0951 |
|                             Loss/Loss_actor |           -29.8 |
|                             Loss/Loss_alpha |        -0.00123 |
|               Loss/Loss_state_action_metric |         0.00601 |
|                      Loss/Loss_state_metric |          0.0037 |
|             Loss/Loss_state_action_to_state |        0.000161 |
|                           Loss/Act_rep_loss |          0.0424 |
|                                   SAC/Alpha |          0.0054 |
|                              SAC/LogPi_mean |            2.16 |
|                                 SAC/Q1_mean |            29.7 |
|                                 SAC/Q2_mean |            29.7 |
|                            Norm/actor_model |             140 |
|                           Norm/critic_model |             225 |
|              Norm/state_action_metric_model |             109 |
|                     Norm/state_metric_model |             133 |
|        Norm/state_action_state_metric_model |             131 |
|                  Metric/self_state_distance |         0.00123 |
|                 Metric/cross_state_distance |               1 |
|           Metric/self_state_action_distance |         0.00086 |
|          Metric/cross_state_action_distance |               1 |
|             Metric/avg_self_state_asymmetry |               0 |
|            Metric/avg_cross_state_asymmetry |         0.00252 |
|                Metric/avg_self_sa_asymmetry |               0 |
|               Metric/avg_cross_sa_asymmetry |         0.00182 |
|  Metric/self_state_action_to_state_distance |        0.000639 |
| Metric/cross_state_action_to_state_distance |               1 |
|                   Metric/h_lambda_diff_self |         0.00107 |
|                  Metric/h_lambda_diff_cross |         0.00315 |
|                                 Eval/Return |             388 |
-----------------------------------------------------------------
-----------------------------------------------------------------
|                                 Train/Steps |        4.87e+06 |
|                            Loss/Loss_critic |           0.106 |
|                             Loss/Loss_actor |             -29 |
|                             Loss/Loss_alpha |        0.000272 |
|               Loss/Loss_state_action_metric |         0.00381 |
|                      Loss/Loss_state_metric |         0.00272 |
|             Loss/Loss_state_action_to_state |        2.44e-05 |
|                           Loss/Act_rep_loss |           0.042 |
|                                   SAC/Alpha |         0.00528 |
|                              SAC/LogPi_mean |            1.95 |
|                                 SAC/Q1_mean |            28.9 |
|                                 SAC/Q2_mean |            28.9 |
|                            Norm/actor_model |             141 |
|                           Norm/critic_model |             227 |
|              Norm/state_action_metric_model |             111 |
|                     Norm/state_metric_model |             135 |
|        Norm/state_action_state_metric_model |             134 |
|                  Metric/self_state_distance |        0.000475 |
|                 Metric/cross_state_distance |            1.01 |
|           Metric/self_state_action_distance |        0.000585 |
|          Metric/cross_state_action_distance |            1.01 |
|             Metric/avg_self_state_asymmetry |               0 |
|            Metric/avg_cross_state_asymmetry |         0.00175 |
|                Metric/avg_self_sa_asymmetry |               0 |
|               Metric/avg_cross_sa_asymmetry |         0.00168 |
|  Metric/self_state_action_to_state_distance |        0.000396 |
| Metric/cross_state_action_to_state_distance |            1.01 |
|                   Metric/h_lambda_diff_self |        0.000703 |
|                  Metric/h_lambda_diff_cross |         0.00245 |
|                                 Eval/Return |             404 |
-----------------------------------------------------------------
-----------------------------------------------------------------
|                                 Train/Steps |           5e+06 |
|                            Loss/Loss_critic |          0.0588 |
|                             Loss/Loss_actor |           -24.2 |
|                             Loss/Loss_alpha |         0.00229 |
|               Loss/Loss_state_action_metric |         0.00361 |
|                      Loss/Loss_state_metric |         0.00261 |
|             Loss/Loss_state_action_to_state |        4.18e-05 |
|                           Loss/Act_rep_loss |          0.0468 |
|                                   SAC/Alpha |         0.00501 |
|                              SAC/LogPi_mean |            1.53 |
|                                 SAC/Q1_mean |            24.1 |
|                                 SAC/Q2_mean |            24.1 |
|                            Norm/actor_model |             143 |
|                           Norm/critic_model |             230 |
|              Norm/state_action_metric_model |             113 |
|                     Norm/state_metric_model |             139 |
|        Norm/state_action_state_metric_model |             138 |
|                  Metric/self_state_distance |        0.000714 |
|                 Metric/cross_state_distance |           0.996 |
|           Metric/self_state_action_distance |         0.00295 |
|          Metric/cross_state_action_distance |           0.995 |
|             Metric/avg_self_state_asymmetry |               0 |
|            Metric/avg_cross_state_asymmetry |         0.00263 |
|                Metric/avg_self_sa_asymmetry |               0 |
|               Metric/avg_cross_sa_asymmetry |         0.00183 |
|  Metric/self_state_action_to_state_distance |         0.00242 |
| Metric/cross_state_action_to_state_distance |           0.995 |
|                   Metric/h_lambda_diff_self |         0.00356 |
|                  Metric/h_lambda_diff_cross |         0.00321 |
|                                 Eval/Return |             337 |
-----------------------------------------------------------------
[32mSaving model …[0m
[32mDone.[0m
[32mSaving model …[0m
[32mDone.[0m
