E0927 05:38:56.990223 3678040 cuda_executor.cc:1526] Could not get kernel mode driver version: (INVALID_ARGUMENT: Version does not match the format X.Y.Z)
E0927 05:38:56.999138 3677931 cuda_executor.cc:1526] Could not get kernel mode driver version: (INVALID_ARGUMENT: Version does not match the format X.Y.Z)
[32mStart prefilling replay buffer[0m
[32mStart SAC training[0m
[32m{'log_freq': 1000, 'save_freq': 1000000, 'eval_episode_freq': 10, 'hidden_size': 256, 'lr': 0.001, 'max_grad_norm': 0.0, 'gamma': 0.99, 'update_tau': 0.005, 'train_per_step': 8, 'episode_length': 1000, 'warmup_samples': 8192, 'max_replay_size': 4000000, 'batch_size': 512, 'total_env_steps': 5000000, 'init_temperature': 0.1, 'nstep': 3, 'bootstrap_on_truncation': True, 'rep_lr_scale': 1.5, 'pair_tau': 0.1, 'vis_feq': 100000, 'n_vis_frames': 4, 'num_envs': 128, 'grad_steps': 50, 'transfer_freq': 10, 'transfer_steps': 8, 'reward_scaling': 1.0, 'num_eval_envs': 128, 'target_entropy': -1.0}[0m
[32m[nstep] nstep=3 bootstrap_on_truncation=True (discount from the buffer already contains gamma^nstep)[0m
-----------------------------------------------------------------
|                                 Train/Steps |        1.36e+05 |
|                            Loss/Loss_critic |           0.167 |
|                             Loss/Loss_actor |           -5.57 |
|                             Loss/Loss_alpha |        -0.00736 |
|               Loss/Loss_state_action_metric |         0.00414 |
|                      Loss/Loss_state_metric |         0.00198 |
|             Loss/Loss_state_action_to_state |        0.000427 |
|                           Loss/Act_rep_loss |          0.0424 |
|                                   SAC/Alpha |          0.0836 |
|                              SAC/LogPi_mean |            1.27 |
|                                 SAC/Q1_mean |            5.36 |
|                                 SAC/Q2_mean |            5.38 |
|                            Norm/actor_model |            37.9 |
|                           Norm/critic_model |            63.7 |
|              Norm/state_action_metric_model |            30.7 |
|                     Norm/state_metric_model |            31.6 |
|        Norm/state_action_state_metric_model |            31.3 |
|                  Metric/self_state_distance |         0.00565 |
|                 Metric/cross_state_distance |           0.945 |
|           Metric/self_state_action_distance |          0.0117 |
|          Metric/cross_state_action_distance |           0.938 |
|             Metric/avg_self_state_asymmetry |               0 |
|            Metric/avg_cross_state_asymmetry |         0.00438 |
|                Metric/avg_self_sa_asymmetry |               0 |
|               Metric/avg_cross_sa_asymmetry |         0.00322 |
|  Metric/self_state_action_to_state_distance |         0.00758 |
| Metric/cross_state_action_to_state_distance |            0.95 |
|                   Metric/h_lambda_diff_self |         0.00956 |
|                  Metric/h_lambda_diff_cross |          0.0136 |
|                                 Eval/Return |             392 |
-----------------------------------------------------------------
-----------------------------------------------------------------
|                                 Train/Steps |        2.64e+05 |
|                            Loss/Loss_critic |           0.219 |
|                             Loss/Loss_actor |           -21.1 |
|                             Loss/Loss_alpha |        -0.00809 |
|               Loss/Loss_state_action_metric |         0.00408 |
|                      Loss/Loss_state_metric |         0.00108 |
|             Loss/Loss_state_action_to_state |        0.000387 |
|                           Loss/Act_rep_loss |         0.00103 |
|                                   SAC/Alpha |           0.128 |
|                              SAC/LogPi_mean |           0.908 |
|                                 SAC/Q1_mean |              21 |
|                                 SAC/Q2_mean |              21 |
|                            Norm/actor_model |            47.7 |
|                           Norm/critic_model |              84 |
|              Norm/state_action_metric_model |            32.2 |
|                     Norm/state_metric_model |            31.9 |
|        Norm/state_action_state_metric_model |            32.6 |
|                  Metric/self_state_distance |         0.00346 |
|                 Metric/cross_state_distance |            1.02 |
|           Metric/self_state_action_distance |          0.0128 |
|          Metric/cross_state_action_distance |            1.01 |
|             Metric/avg_self_state_asymmetry |               0 |
|            Metric/avg_cross_state_asymmetry |         0.00367 |
|                Metric/avg_self_sa_asymmetry |               0 |
|               Metric/avg_cross_sa_asymmetry |         0.00416 |
|  Metric/self_state_action_to_state_distance |         0.00991 |
| Metric/cross_state_action_to_state_distance |            1.01 |
|                   Metric/h_lambda_diff_self |          0.0138 |
|                  Metric/h_lambda_diff_cross |         0.00745 |
|                                 Eval/Return |             420 |
-----------------------------------------------------------------
-----------------------------------------------------------------
|                                 Train/Steps |        3.92e+05 |
|                            Loss/Loss_critic |            0.18 |
|                             Loss/Loss_actor |           -28.5 |
|                             Loss/Loss_alpha |        -0.00543 |
|               Loss/Loss_state_action_metric |          0.0049 |
|                      Loss/Loss_state_metric |        0.000568 |
|             Loss/Loss_state_action_to_state |         0.00102 |
|                           Loss/Act_rep_loss |        0.000488 |
|                                   SAC/Alpha |           0.108 |
|                              SAC/LogPi_mean |            1.05 |
|                                 SAC/Q1_mean |            28.4 |
|                                 SAC/Q2_mean |            28.5 |
|                            Norm/actor_model |            55.4 |
|                           Norm/critic_model |            94.5 |
|              Norm/state_action_metric_model |            34.8 |
|                     Norm/state_metric_model |            33.2 |
|        Norm/state_action_state_metric_model |            36.1 |
|                  Metric/self_state_distance |         0.00604 |
|                 Metric/cross_state_distance |            1.04 |
|           Metric/self_state_action_distance |          0.0272 |
|          Metric/cross_state_action_distance |            1.04 |
|             Metric/avg_self_state_asymmetry |               0 |
|            Metric/avg_cross_state_asymmetry |         0.00419 |
|                Metric/avg_self_sa_asymmetry |               0 |
|               Metric/avg_cross_sa_asymmetry |         0.00462 |
|  Metric/self_state_action_to_state_distance |          0.0125 |
| Metric/cross_state_action_to_state_distance |            1.04 |
|                   Metric/h_lambda_diff_self |          0.0323 |
|                  Metric/h_lambda_diff_cross |         0.00681 |
|                                 Eval/Return |             421 |
-----------------------------------------------------------------
-----------------------------------------------------------------
|                                 Train/Steps |         5.2e+05 |
|                            Loss/Loss_critic |           0.151 |
|                             Loss/Loss_actor |             -32 |
|                             Loss/Loss_alpha |          0.0125 |
|               Loss/Loss_state_action_metric |         0.00421 |
|                      Loss/Loss_state_metric |        0.000795 |
|             Loss/Loss_state_action_to_state |        0.000147 |
|                           Loss/Act_rep_loss |        1.71e-05 |
|                                   SAC/Alpha |          0.0978 |
|                              SAC/LogPi_mean |           0.998 |
|                                 SAC/Q1_mean |            32.1 |
|                                 SAC/Q2_mean |            32.1 |
|                            Norm/actor_model |            62.1 |
|                           Norm/critic_model |             103 |
|              Norm/state_action_metric_model |            36.8 |
|                     Norm/state_metric_model |            34.3 |
|        Norm/state_action_state_metric_model |              39 |
|                  Metric/self_state_distance |          0.0113 |
|                 Metric/cross_state_distance |            1.03 |
|           Metric/self_state_action_distance |         0.00947 |
|          Metric/cross_state_action_distance |            1.04 |
|             Metric/avg_self_state_asymmetry |               0 |
|            Metric/avg_cross_state_asymmetry |         0.00314 |
|                Metric/avg_self_sa_asymmetry |               0 |
|               Metric/avg_cross_sa_asymmetry |         0.00485 |
|  Metric/self_state_action_to_state_distance |          0.0113 |
| Metric/cross_state_action_to_state_distance |            1.04 |
|                   Metric/h_lambda_diff_self |          0.0166 |
|                  Metric/h_lambda_diff_cross |         0.00506 |
|                                 Eval/Return |             418 |
-----------------------------------------------------------------
-----------------------------------------------------------------
|                                 Train/Steps |        6.48e+05 |
|                            Loss/Loss_critic |           0.133 |
|                             Loss/Loss_actor |           -33.6 |
|                             Loss/Loss_alpha |         -0.0179 |
|               Loss/Loss_state_action_metric |         0.00416 |
|                      Loss/Loss_state_metric |         0.00104 |
|             Loss/Loss_state_action_to_state |        2.53e-05 |
|                           Loss/Act_rep_loss |        3.88e-07 |
|                                   SAC/Alpha |          0.0887 |
|                              SAC/LogPi_mean |            1.07 |
|                                 SAC/Q1_mean |            33.6 |
|                                 SAC/Q2_mean |            33.7 |
|                            Norm/actor_model |            68.1 |
|                           Norm/critic_model |             110 |
|              Norm/state_action_metric_model |            38.8 |
|                     Norm/state_metric_model |              35 |
|        Norm/state_action_state_metric_model |            41.2 |
|                  Metric/self_state_distance |         0.00124 |
|                 Metric/cross_state_distance |            1.03 |
|           Metric/self_state_action_distance |         0.00189 |
|          Metric/cross_state_action_distance |            1.03 |
|             Metric/avg_self_state_asymmetry |               0 |
|            Metric/avg_cross_state_asymmetry |         0.00211 |
|                Metric/avg_self_sa_asymmetry |               0 |
|               Metric/avg_cross_sa_asymmetry |         0.00338 |
|  Metric/self_state_action_to_state_distance |         0.00125 |
| Metric/cross_state_action_to_state_distance |            1.03 |
|                   Metric/h_lambda_diff_self |         0.00221 |
|                  Metric/h_lambda_diff_cross |         0.00352 |
|                                 Eval/Return |             430 |
-----------------------------------------------------------------
-----------------------------------------------------------------
|                                 Train/Steps |        7.76e+05 |
|                            Loss/Loss_critic |           0.105 |
|                             Loss/Loss_actor |           -34.7 |
|                             Loss/Loss_alpha |        -0.00893 |
|               Loss/Loss_state_action_metric |         0.00422 |
|                      Loss/Loss_state_metric |         0.00106 |
|             Loss/Loss_state_action_to_state |        8.03e-05 |
|                           Loss/Act_rep_loss |        1.08e-05 |
|                                   SAC/Alpha |          0.0834 |
|                              SAC/LogPi_mean |            1.01 |
|                                 SAC/Q1_mean |            34.7 |
|                                 SAC/Q2_mean |            34.7 |
|                            Norm/actor_model |            73.5 |
|                           Norm/critic_model |             117 |
|              Norm/state_action_metric_model |            40.5 |
|                     Norm/state_metric_model |            35.7 |
|        Norm/state_action_state_metric_model |            42.8 |
|                  Metric/self_state_distance |          0.0124 |
|                 Metric/cross_state_distance |            1.03 |
|           Metric/self_state_action_distance |         0.00788 |
|          Metric/cross_state_action_distance |            1.03 |
|             Metric/avg_self_state_asymmetry |               0 |
|            Metric/avg_cross_state_asymmetry |          0.0048 |
|                Metric/avg_self_sa_asymmetry |               0 |
|               Metric/avg_cross_sa_asymmetry |         0.00297 |
|  Metric/self_state_action_to_state_distance |         0.00587 |
| Metric/cross_state_action_to_state_distance |            1.03 |
|                   Metric/h_lambda_diff_self |          0.0076 |
|                  Metric/h_lambda_diff_cross |          0.0042 |
|                                 Eval/Return |             443 |
-----------------------------------------------------------------
-----------------------------------------------------------------
|                                 Train/Steps |        9.04e+05 |
|                            Loss/Loss_critic |           0.103 |
|                             Loss/Loss_actor |           -35.6 |
|                             Loss/Loss_alpha |         0.00178 |
|               Loss/Loss_state_action_metric |         0.00325 |
|                      Loss/Loss_state_metric |        0.000254 |
|             Loss/Loss_state_action_to_state |        4.43e-05 |
|                           Loss/Act_rep_loss |               0 |
|                                   SAC/Alpha |           0.082 |
|                              SAC/LogPi_mean |           0.997 |
|                                 SAC/Q1_mean |            35.6 |
|                                 SAC/Q2_mean |            35.6 |
|                            Norm/actor_model |            78.7 |
|                           Norm/critic_model |             123 |
|              Norm/state_action_metric_model |            42.9 |
|                     Norm/state_metric_model |            36.5 |
|        Norm/state_action_state_metric_model |            44.3 |
|                  Metric/self_state_distance |         0.00568 |
|                 Metric/cross_state_distance |            1.03 |
|           Metric/self_state_action_distance |         0.00437 |
|          Metric/cross_state_action_distance |            1.04 |
|             Metric/avg_self_state_asymmetry |               0 |
|            Metric/avg_cross_state_asymmetry |          0.0027 |
|                Metric/avg_self_sa_asymmetry |               0 |
|               Metric/avg_cross_sa_asymmetry |         0.00294 |
|  Metric/self_state_action_to_state_distance |         0.00413 |
| Metric/cross_state_action_to_state_distance |            1.03 |
|                   Metric/h_lambda_diff_self |         0.00515 |
|                  Metric/h_lambda_diff_cross |         0.00381 |
|                                 Eval/Return |             451 |
-----------------------------------------------------------------
-----------------------------------------------------------------
|                                 Train/Steps |        1.03e+06 |
|                            Loss/Loss_critic |          0.0749 |
|                             Loss/Loss_actor |           -36.1 |
|                             Loss/Loss_alpha |         0.00444 |
|               Loss/Loss_state_action_metric |         0.00791 |
|                      Loss/Loss_state_metric |        0.000655 |
|             Loss/Loss_state_action_to_state |          0.0024 |
|                           Loss/Act_rep_loss |        8.38e-05 |
|                                   SAC/Alpha |          0.0793 |
|                              SAC/LogPi_mean |           0.995 |
|                                 SAC/Q1_mean |            36.1 |
|                                 SAC/Q2_mean |            36.1 |
|                            Norm/actor_model |            83.4 |
|                           Norm/critic_model |             129 |
|              Norm/state_action_metric_model |            45.2 |
|                     Norm/state_metric_model |            37.6 |
|        Norm/state_action_state_metric_model |            45.9 |
|                  Metric/self_state_distance |         0.00247 |
|                 Metric/cross_state_distance |            1.02 |
|           Metric/self_state_action_distance |        0.000371 |
|          Metric/cross_state_action_distance |            1.03 |
|             Metric/avg_self_state_asymmetry |               0 |
|            Metric/avg_cross_state_asymmetry |         0.00274 |
|                Metric/avg_self_sa_asymmetry |               0 |
|               Metric/avg_cross_sa_asymmetry |         0.00615 |
|  Metric/self_state_action_to_state_distance |         0.00135 |
| Metric/cross_state_action_to_state_distance |            1.03 |
|                   Metric/h_lambda_diff_self |         0.00153 |
|                  Metric/h_lambda_diff_cross |         0.00687 |
|                                 Eval/Return |             457 |
-----------------------------------------------------------------
[32mSaving model …[0m
[32mDone.[0m
[32mSaving model …[0m
[32mDone.[0m
-----------------------------------------------------------------
|                                 Train/Steps |        1.16e+06 |
|                            Loss/Loss_critic |          0.0709 |
|                             Loss/Loss_actor |           -36.9 |
|                             Loss/Loss_alpha |         0.00796 |
|               Loss/Loss_state_action_metric |         0.00431 |
|                      Loss/Loss_state_metric |         0.00204 |
|             Loss/Loss_state_action_to_state |         0.00374 |
|                           Loss/Act_rep_loss |         0.00229 |
|                                   SAC/Alpha |          0.0785 |
|                              SAC/LogPi_mean |            1.05 |
|                                 SAC/Q1_mean |            36.9 |
|                                 SAC/Q2_mean |            36.9 |
|                            Norm/actor_model |            87.8 |
|                           Norm/critic_model |             135 |
|              Norm/state_action_metric_model |            47.5 |
|                     Norm/state_metric_model |            38.6 |
|        Norm/state_action_state_metric_model |            47.3 |
|                  Metric/self_state_distance |         0.00834 |
|                 Metric/cross_state_distance |            1.02 |
|           Metric/self_state_action_distance |          0.0206 |
|          Metric/cross_state_action_distance |            1.03 |
|             Metric/avg_self_state_asymmetry |               0 |
|            Metric/avg_cross_state_asymmetry |         0.00587 |
|                Metric/avg_self_sa_asymmetry |               0 |
|               Metric/avg_cross_sa_asymmetry |         0.00268 |
|  Metric/self_state_action_to_state_distance |          0.0279 |
| Metric/cross_state_action_to_state_distance |            1.03 |
|                   Metric/h_lambda_diff_self |          0.0296 |
|                  Metric/h_lambda_diff_cross |          0.0102 |
|                                 Eval/Return |             460 |
-----------------------------------------------------------------
-----------------------------------------------------------------
|                                 Train/Steps |        1.29e+06 |
|                            Loss/Loss_critic |          0.0826 |
|                             Loss/Loss_actor |             -37 |
|                             Loss/Loss_alpha |         0.00689 |
|               Loss/Loss_state_action_metric |         0.00329 |
|                      Loss/Loss_state_metric |        0.000984 |
|             Loss/Loss_state_action_to_state |        0.000649 |
|                           Loss/Act_rep_loss |        0.000125 |
|                                   SAC/Alpha |          0.0797 |
|                              SAC/LogPi_mean |           0.923 |
|                                 SAC/Q1_mean |              37 |
|                                 SAC/Q2_mean |              37 |
|                            Norm/actor_model |            92.2 |
|                           Norm/critic_model |             140 |
|              Norm/state_action_metric_model |              50 |
|                     Norm/state_metric_model |            39.4 |
|        Norm/state_action_state_metric_model |            47.9 |
|                  Metric/self_state_distance |         0.00742 |
|                 Metric/cross_state_distance |            1.03 |
|           Metric/self_state_action_distance |         0.00217 |
|          Metric/cross_state_action_distance |            1.04 |
|             Metric/avg_self_state_asymmetry |               0 |
|            Metric/avg_cross_state_asymmetry |         0.00339 |
|                Metric/avg_self_sa_asymmetry |               0 |
|               Metric/avg_cross_sa_asymmetry |         0.00236 |
|  Metric/self_state_action_to_state_distance |        0.000611 |
| Metric/cross_state_action_to_state_distance |            1.03 |
|                   Metric/h_lambda_diff_self |         0.00263 |
|                  Metric/h_lambda_diff_cross |         0.00897 |
|                                 Eval/Return |             451 |
-----------------------------------------------------------------
-----------------------------------------------------------------
|                                 Train/Steps |        1.42e+06 |
|                            Loss/Loss_critic |          0.0733 |
|                             Loss/Loss_actor |           -37.4 |
|                             Loss/Loss_alpha |         -0.0143 |
|               Loss/Loss_state_action_metric |         0.00306 |
|                      Loss/Loss_state_metric |        0.000264 |
|             Loss/Loss_state_action_to_state |        0.000136 |
|                           Loss/Act_rep_loss |               0 |
|                                   SAC/Alpha |           0.076 |
|                              SAC/LogPi_mean |            1.18 |
|                                 SAC/Q1_mean |            37.4 |
|                                 SAC/Q2_mean |            37.4 |
|                            Norm/actor_model |            96.1 |
|                           Norm/critic_model |             145 |
|              Norm/state_action_metric_model |            52.1 |
|                     Norm/state_metric_model |            40.7 |
|        Norm/state_action_state_metric_model |              49 |
|                  Metric/self_state_distance |         0.00944 |
|                 Metric/cross_state_distance |            1.03 |
|           Metric/self_state_action_distance |          0.0086 |
|          Metric/cross_state_action_distance |            1.03 |
|             Metric/avg_self_state_asymmetry |               0 |
|            Metric/avg_cross_state_asymmetry |         0.00277 |
|                Metric/avg_self_sa_asymmetry |               0 |
|               Metric/avg_cross_sa_asymmetry |         0.00189 |
|  Metric/self_state_action_to_state_distance |         0.00106 |
| Metric/cross_state_action_to_state_distance |            1.04 |
|                   Metric/h_lambda_diff_self |         0.00829 |
|                  Metric/h_lambda_diff_cross |         0.00708 |
|                                 Eval/Return |             465 |
-----------------------------------------------------------------
-----------------------------------------------------------------
|                                 Train/Steps |        1.54e+06 |
|                            Loss/Loss_critic |          0.0705 |
|                             Loss/Loss_actor |           -37.9 |
|                             Loss/Loss_alpha |       -0.000507 |
|               Loss/Loss_state_action_metric |          0.0088 |
|                      Loss/Loss_state_metric |        0.000918 |
|             Loss/Loss_state_action_to_state |           0.001 |
|                           Loss/Act_rep_loss |        0.000853 |
|                                   SAC/Alpha |          0.0776 |
|                              SAC/LogPi_mean |           0.942 |
|                                 SAC/Q1_mean |            37.9 |
|                                 SAC/Q2_mean |            37.9 |
|                            Norm/actor_model |            99.9 |
|                           Norm/critic_model |             150 |
|              Norm/state_action_metric_model |            54.6 |
|                     Norm/state_metric_model |            41.4 |
|        Norm/state_action_state_metric_model |            50.4 |
|                  Metric/self_state_distance |         0.00885 |
|                 Metric/cross_state_distance |            1.03 |
|           Metric/self_state_action_distance |          0.0129 |
|          Metric/cross_state_action_distance |            1.04 |
|             Metric/avg_self_state_asymmetry |               0 |
|            Metric/avg_cross_state_asymmetry |         0.00481 |
|                Metric/avg_self_sa_asymmetry |               0 |
|               Metric/avg_cross_sa_asymmetry |         0.00284 |
|  Metric/self_state_action_to_state_distance |         0.00733 |
| Metric/cross_state_action_to_state_distance |            1.04 |
|                   Metric/h_lambda_diff_self |          0.0154 |
|                  Metric/h_lambda_diff_cross |         0.00484 |
|                                 Eval/Return |             464 |
-----------------------------------------------------------------
-----------------------------------------------------------------
|                                 Train/Steps |        1.67e+06 |
|                            Loss/Loss_critic |          0.0799 |
|                             Loss/Loss_actor |           -38.1 |
|                             Loss/Loss_alpha |        -0.00287 |
|               Loss/Loss_state_action_metric |         0.00362 |
|                      Loss/Loss_state_metric |        0.000489 |
|             Loss/Loss_state_action_to_state |        0.000491 |
|                           Loss/Act_rep_loss |        0.000504 |
|                                   SAC/Alpha |          0.0751 |
|                              SAC/LogPi_mean |            1.01 |
|                                 SAC/Q1_mean |            38.2 |
|                                 SAC/Q2_mean |            38.2 |
|                            Norm/actor_model |             103 |
|                           Norm/critic_model |             155 |
|              Norm/state_action_metric_model |              57 |
|                     Norm/state_metric_model |            42.1 |
|        Norm/state_action_state_metric_model |            51.5 |
|                  Metric/self_state_distance |         0.00288 |
|                 Metric/cross_state_distance |            1.04 |
|           Metric/self_state_action_distance |         0.00501 |
|          Metric/cross_state_action_distance |            1.04 |
|             Metric/avg_self_state_asymmetry |               0 |
|            Metric/avg_cross_state_asymmetry |         0.00185 |
|                Metric/avg_self_sa_asymmetry |               0 |
|               Metric/avg_cross_sa_asymmetry |         0.00233 |
|  Metric/self_state_action_to_state_distance |         0.00687 |
| Metric/cross_state_action_to_state_distance |            1.04 |
|                   Metric/h_lambda_diff_self |         0.00506 |
|                  Metric/h_lambda_diff_cross |         0.00424 |
|                                 Eval/Return |             467 |
-----------------------------------------------------------------
-----------------------------------------------------------------
|                                 Train/Steps |         1.8e+06 |
|                            Loss/Loss_critic |           0.083 |
|                             Loss/Loss_actor |           -38.4 |
|                             Loss/Loss_alpha |         0.00144 |
|               Loss/Loss_state_action_metric |         0.00381 |
|                      Loss/Loss_state_metric |        0.000939 |
|             Loss/Loss_state_action_to_state |        0.000103 |
|                           Loss/Act_rep_loss |        0.000139 |
|                                   SAC/Alpha |          0.0765 |
|                              SAC/LogPi_mean |            1.01 |
|                                 SAC/Q1_mean |            38.4 |
|                                 SAC/Q2_mean |            38.4 |
|                            Norm/actor_model |             107 |
|                           Norm/critic_model |             159 |
|              Norm/state_action_metric_model |            58.6 |
|                     Norm/state_metric_model |            43.2 |
|        Norm/state_action_state_metric_model |            52.9 |
|                  Metric/self_state_distance |         0.00426 |
|                 Metric/cross_state_distance |            1.03 |
|           Metric/self_state_action_distance |         0.00728 |
|          Metric/cross_state_action_distance |            1.04 |
|             Metric/avg_self_state_asymmetry |               0 |
|            Metric/avg_cross_state_asymmetry |         0.00283 |
|                Metric/avg_self_sa_asymmetry |               0 |
|               Metric/avg_cross_sa_asymmetry |         0.00274 |
|  Metric/self_state_action_to_state_distance |          0.0118 |
| Metric/cross_state_action_to_state_distance |            1.04 |
|                   Metric/h_lambda_diff_self |          0.0155 |
|                  Metric/h_lambda_diff_cross |         0.00267 |
|                                 Eval/Return |             462 |
-----------------------------------------------------------------
-----------------------------------------------------------------
|                                 Train/Steps |        1.93e+06 |
|                            Loss/Loss_critic |          0.0697 |
|                             Loss/Loss_actor |           -38.5 |
|                             Loss/Loss_alpha |         0.00625 |
|               Loss/Loss_state_action_metric |         0.00347 |
|                      Loss/Loss_state_metric |         0.00106 |
|             Loss/Loss_state_action_to_state |         0.00038 |
|                           Loss/Act_rep_loss |        2.28e-05 |
|                                   SAC/Alpha |          0.0762 |
|                              SAC/LogPi_mean |           0.963 |
|                                 SAC/Q1_mean |            38.5 |
|                                 SAC/Q2_mean |            38.5 |
|                            Norm/actor_model |             111 |
|                           Norm/critic_model |             164 |
|              Norm/state_action_metric_model |            60.7 |
|                     Norm/state_metric_model |              44 |
|        Norm/state_action_state_metric_model |            54.1 |
|                  Metric/self_state_distance |         0.00077 |
|                 Metric/cross_state_distance |            1.03 |
|           Metric/self_state_action_distance |        0.000814 |
|          Metric/cross_state_action_distance |            1.04 |
|             Metric/avg_self_state_asymmetry |               0 |
|            Metric/avg_cross_state_asymmetry |         0.00374 |
|                Metric/avg_self_sa_asymmetry |               0 |
|               Metric/avg_cross_sa_asymmetry |         0.00207 |
|  Metric/self_state_action_to_state_distance |         0.00906 |
| Metric/cross_state_action_to_state_distance |            1.04 |
|                   Metric/h_lambda_diff_self |         0.00926 |
|                  Metric/h_lambda_diff_cross |         0.00323 |
|                                 Eval/Return |             471 |
-----------------------------------------------------------------
-----------------------------------------------------------------
|                                 Train/Steps |        2.06e+06 |
|                            Loss/Loss_critic |          0.0708 |
|                             Loss/Loss_actor |           -38.8 |
|                             Loss/Loss_alpha |        -0.00171 |
|               Loss/Loss_state_action_metric |         0.00827 |
|                      Loss/Loss_state_metric |         0.00102 |
|             Loss/Loss_state_action_to_state |         0.00133 |
|                           Loss/Act_rep_loss |         0.00226 |
|                                   SAC/Alpha |           0.077 |
|                              SAC/LogPi_mean |           0.994 |
|                                 SAC/Q1_mean |            38.9 |
|                                 SAC/Q2_mean |            38.9 |
|                            Norm/actor_model |             114 |
|                           Norm/critic_model |             169 |
|              Norm/state_action_metric_model |            62.5 |
|                     Norm/state_metric_model |            45.6 |
|        Norm/state_action_state_metric_model |              55 |
|                  Metric/self_state_distance |         0.00853 |
|                 Metric/cross_state_distance |            1.03 |
|           Metric/self_state_action_distance |          0.0123 |
|          Metric/cross_state_action_distance |            1.04 |
|             Metric/avg_self_state_asymmetry |               0 |
|            Metric/avg_cross_state_asymmetry |          0.0042 |
|                Metric/avg_self_sa_asymmetry |               0 |
|               Metric/avg_cross_sa_asymmetry |         0.00537 |
|  Metric/self_state_action_to_state_distance |         0.00103 |
| Metric/cross_state_action_to_state_distance |            1.04 |
|                   Metric/h_lambda_diff_self |           0.013 |
|                  Metric/h_lambda_diff_cross |         0.00523 |
|                                 Eval/Return |             467 |
-----------------------------------------------------------------
[32mSaving model …[0m
[32mDone.[0m
[32mSaving model …[0m
[32mDone.[0m
-----------------------------------------------------------------
|                                 Train/Steps |        2.18e+06 |
|                            Loss/Loss_critic |          0.0619 |
|                             Loss/Loss_actor |           -39.1 |
|                             Loss/Loss_alpha |        -0.00155 |
|               Loss/Loss_state_action_metric |         0.00356 |
|                      Loss/Loss_state_metric |        0.000288 |
|             Loss/Loss_state_action_to_state |        1.33e-05 |
|                           Loss/Act_rep_loss |               0 |
|                                   SAC/Alpha |          0.0742 |
|                              SAC/LogPi_mean |            1.12 |
|                                 SAC/Q1_mean |            39.1 |
|                                 SAC/Q2_mean |            39.1 |
|                            Norm/actor_model |             117 |
|                           Norm/critic_model |             173 |
|              Norm/state_action_metric_model |            64.5 |
|                     Norm/state_metric_model |            46.7 |
|        Norm/state_action_state_metric_model |            56.6 |
|                  Metric/self_state_distance |        0.000284 |
|                 Metric/cross_state_distance |            1.03 |
|           Metric/self_state_action_distance |          0.0012 |
|          Metric/cross_state_action_distance |            1.04 |
|             Metric/avg_self_state_asymmetry |               0 |
|            Metric/avg_cross_state_asymmetry |         0.00167 |
|                Metric/avg_self_sa_asymmetry |               0 |
|               Metric/avg_cross_sa_asymmetry |         0.00183 |
|  Metric/self_state_action_to_state_distance |        0.000123 |
| Metric/cross_state_action_to_state_distance |            1.04 |
|                   Metric/h_lambda_diff_self |         0.00108 |
|                  Metric/h_lambda_diff_cross |         0.00227 |
|                                 Eval/Return |             464 |
-----------------------------------------------------------------
-----------------------------------------------------------------
|                                 Train/Steps |        2.31e+06 |
|                            Loss/Loss_critic |          0.0602 |
|                             Loss/Loss_actor |           -39.1 |
|                             Loss/Loss_alpha |         -0.0136 |
|               Loss/Loss_state_action_metric |         0.00826 |
|                      Loss/Loss_state_metric |         0.00097 |
|             Loss/Loss_state_action_to_state |        0.000185 |
|                           Loss/Act_rep_loss |        0.000215 |
|                                   SAC/Alpha |          0.0756 |
|                              SAC/LogPi_mean |            1.09 |
|                                 SAC/Q1_mean |            39.2 |
|                                 SAC/Q2_mean |            39.2 |
|                            Norm/actor_model |             120 |
|                           Norm/critic_model |             177 |
|              Norm/state_action_metric_model |            66.1 |
|                     Norm/state_metric_model |              47 |
|        Norm/state_action_state_metric_model |            57.6 |
|                  Metric/self_state_distance |         0.00386 |
|                 Metric/cross_state_distance |            1.03 |
|           Metric/self_state_action_distance |        0.000597 |
|          Metric/cross_state_action_distance |            1.04 |
|             Metric/avg_self_state_asymmetry |               0 |
|            Metric/avg_cross_state_asymmetry |         0.00184 |
|                Metric/avg_self_sa_asymmetry |               0 |
|               Metric/avg_cross_sa_asymmetry |         0.00569 |
|  Metric/self_state_action_to_state_distance |        3.08e-05 |
| Metric/cross_state_action_to_state_distance |            1.03 |
|                   Metric/h_lambda_diff_self |        0.000568 |
|                  Metric/h_lambda_diff_cross |          0.0134 |
|                                 Eval/Return |             469 |
-----------------------------------------------------------------
-----------------------------------------------------------------
|                                 Train/Steps |        2.44e+06 |
|                            Loss/Loss_critic |          0.0551 |
|                             Loss/Loss_actor |           -39.2 |
|                             Loss/Loss_alpha |         0.00264 |
|               Loss/Loss_state_action_metric |         0.00332 |
|                      Loss/Loss_state_metric |        0.000396 |
|             Loss/Loss_state_action_to_state |          0.0003 |
|                           Loss/Act_rep_loss |        0.000535 |
|                                   SAC/Alpha |          0.0757 |
|                              SAC/LogPi_mean |            1.05 |
|                                 SAC/Q1_mean |            39.3 |
|                                 SAC/Q2_mean |            39.3 |
|                            Norm/actor_model |             123 |
|                           Norm/critic_model |             181 |
|              Norm/state_action_metric_model |            67.8 |
|                     Norm/state_metric_model |            48.2 |
|        Norm/state_action_state_metric_model |            58.6 |
|                  Metric/self_state_distance |        0.000359 |
|                 Metric/cross_state_distance |            1.03 |
|           Metric/self_state_action_distance |         0.00191 |
|          Metric/cross_state_action_distance |            1.04 |
|             Metric/avg_self_state_asymmetry |               0 |
|            Metric/avg_cross_state_asymmetry |         0.00161 |
|                Metric/avg_self_sa_asymmetry |               0 |
|               Metric/avg_cross_sa_asymmetry |         0.00179 |
|  Metric/self_state_action_to_state_distance |          0.0122 |
| Metric/cross_state_action_to_state_distance |            1.04 |
|                   Metric/h_lambda_diff_self |          0.0123 |
|                  Metric/h_lambda_diff_cross |         0.00222 |
|                                 Eval/Return |             472 |
-----------------------------------------------------------------
-----------------------------------------------------------------
|                                 Train/Steps |        2.57e+06 |
|                            Loss/Loss_critic |          0.0754 |
|                             Loss/Loss_actor |           -39.4 |
|                             Loss/Loss_alpha |        -0.00326 |
|               Loss/Loss_state_action_metric |         0.00355 |
|                      Loss/Loss_state_metric |        0.000333 |
|             Loss/Loss_state_action_to_state |        1.15e-05 |
|                           Loss/Act_rep_loss |               0 |
|                                   SAC/Alpha |          0.0758 |
|                              SAC/LogPi_mean |            1.02 |
|                                 SAC/Q1_mean |            39.5 |
|                                 SAC/Q2_mean |            39.5 |
|                            Norm/actor_model |             126 |
|                           Norm/critic_model |             185 |
|              Norm/state_action_metric_model |              70 |
|                     Norm/state_metric_model |            48.9 |
|        Norm/state_action_state_metric_model |            59.8 |
|                  Metric/self_state_distance |          0.0019 |
|                 Metric/cross_state_distance |            1.04 |
|           Metric/self_state_action_distance |         0.00295 |
|          Metric/cross_state_action_distance |            1.04 |
|             Metric/avg_self_state_asymmetry |               0 |
|            Metric/avg_cross_state_asymmetry |         0.00174 |
|                Metric/avg_self_sa_asymmetry |               0 |
|               Metric/avg_cross_sa_asymmetry |         0.00185 |
|  Metric/self_state_action_to_state_distance |        0.000951 |
| Metric/cross_state_action_to_state_distance |            1.04 |
|                   Metric/h_lambda_diff_self |           0.003 |
|                  Metric/h_lambda_diff_cross |         0.00278 |
|                                 Eval/Return |             470 |
-----------------------------------------------------------------
-----------------------------------------------------------------
|                                 Train/Steps |         2.7e+06 |
|                            Loss/Loss_critic |           0.072 |
|                             Loss/Loss_actor |           -39.5 |
|                             Loss/Loss_alpha |         0.00605 |
|               Loss/Loss_state_action_metric |          0.0145 |
|                      Loss/Loss_state_metric |         0.00158 |
|             Loss/Loss_state_action_to_state |        0.000705 |
|                           Loss/Act_rep_loss |        0.000179 |
|                                   SAC/Alpha |          0.0749 |
|                              SAC/LogPi_mean |           0.985 |
|                                 SAC/Q1_mean |            39.6 |
|                                 SAC/Q2_mean |            39.6 |
|                            Norm/actor_model |             129 |
|                           Norm/critic_model |             189 |
|              Norm/state_action_metric_model |            71.8 |
|                     Norm/state_metric_model |            49.4 |
|        Norm/state_action_state_metric_model |            61.3 |
|                  Metric/self_state_distance |         0.00102 |
|                 Metric/cross_state_distance |            1.04 |
|           Metric/self_state_action_distance |         0.00539 |
|          Metric/cross_state_action_distance |            1.04 |
|             Metric/avg_self_state_asymmetry |               0 |
|            Metric/avg_cross_state_asymmetry |         0.00572 |
|                Metric/avg_self_sa_asymmetry |               0 |
|               Metric/avg_cross_sa_asymmetry |         0.00383 |
|  Metric/self_state_action_to_state_distance |         0.00293 |
| Metric/cross_state_action_to_state_distance |            1.04 |
|                   Metric/h_lambda_diff_self |         0.00822 |
|                  Metric/h_lambda_diff_cross |         0.00393 |
|                                 Eval/Return |             470 |
-----------------------------------------------------------------
-----------------------------------------------------------------
|                                 Train/Steps |        2.82e+06 |
|                            Loss/Loss_critic |          0.0806 |
|                             Loss/Loss_actor |           -39.8 |
|                             Loss/Loss_alpha |        0.000333 |
|               Loss/Loss_state_action_metric |          0.0036 |
|                      Loss/Loss_state_metric |        0.000304 |
|             Loss/Loss_state_action_to_state |        0.000814 |
|                           Loss/Act_rep_loss |               0 |
|                                   SAC/Alpha |          0.0728 |
|                              SAC/LogPi_mean |            1.12 |
|                                 SAC/Q1_mean |            39.8 |
|                                 SAC/Q2_mean |            39.8 |
|                            Norm/actor_model |             132 |
|                           Norm/critic_model |             193 |
|              Norm/state_action_metric_model |            73.2 |
|                     Norm/state_metric_model |            50.2 |
|        Norm/state_action_state_metric_model |            62.2 |
|                  Metric/self_state_distance |          0.0002 |
|                 Metric/cross_state_distance |            1.03 |
|           Metric/self_state_action_distance |         0.00472 |
|          Metric/cross_state_action_distance |            1.04 |
|             Metric/avg_self_state_asymmetry |               0 |
|            Metric/avg_cross_state_asymmetry |         0.00111 |
|                Metric/avg_self_sa_asymmetry |               0 |
|               Metric/avg_cross_sa_asymmetry |         0.00154 |
|  Metric/self_state_action_to_state_distance |        0.000257 |
| Metric/cross_state_action_to_state_distance |            1.04 |
|                   Metric/h_lambda_diff_self |         0.00482 |
|                  Metric/h_lambda_diff_cross |          0.0057 |
|                                 Eval/Return |             483 |
-----------------------------------------------------------------
-----------------------------------------------------------------
|                                 Train/Steps |        2.95e+06 |
|                            Loss/Loss_critic |          0.0824 |
|                             Loss/Loss_actor |           -39.8 |
|                             Loss/Loss_alpha |          0.0159 |
|               Loss/Loss_state_action_metric |         0.00376 |
|                      Loss/Loss_state_metric |         0.00101 |
|             Loss/Loss_state_action_to_state |        4.44e-05 |
|                           Loss/Act_rep_loss |        0.000623 |
|                                   SAC/Alpha |          0.0745 |
|                              SAC/LogPi_mean |           0.861 |
|                                 SAC/Q1_mean |            39.8 |
|                                 SAC/Q2_mean |            39.8 |
|                            Norm/actor_model |             135 |
|                           Norm/critic_model |             196 |
|              Norm/state_action_metric_model |            74.6 |
|                     Norm/state_metric_model |            50.9 |
|        Norm/state_action_state_metric_model |            63.7 |
|                  Metric/self_state_distance |         0.00083 |
|                 Metric/cross_state_distance |            1.03 |
|           Metric/self_state_action_distance |         0.00293 |
|          Metric/cross_state_action_distance |            1.04 |
|             Metric/avg_self_state_asymmetry |               0 |
|            Metric/avg_cross_state_asymmetry |         0.00224 |
|                Metric/avg_self_sa_asymmetry |               0 |
|               Metric/avg_cross_sa_asymmetry |         0.00194 |
|  Metric/self_state_action_to_state_distance |         0.00183 |
| Metric/cross_state_action_to_state_distance |            1.04 |
|                   Metric/h_lambda_diff_self |         0.00334 |
|                  Metric/h_lambda_diff_cross |         0.00237 |
|                                 Eval/Return |             465 |
-----------------------------------------------------------------
-----------------------------------------------------------------
|                                 Train/Steps |        3.08e+06 |
|                            Loss/Loss_critic |          0.0678 |
|                             Loss/Loss_actor |           -40.2 |
|                             Loss/Loss_alpha |        -0.00136 |
|               Loss/Loss_state_action_metric |         0.00347 |
|                      Loss/Loss_state_metric |        0.000395 |
|             Loss/Loss_state_action_to_state |        1.01e-05 |
|                           Loss/Act_rep_loss |               0 |
|                                   SAC/Alpha |          0.0742 |
|                              SAC/LogPi_mean |            1.07 |
|                                 SAC/Q1_mean |            40.3 |
|                                 SAC/Q2_mean |            40.3 |
|                            Norm/actor_model |             138 |
|                           Norm/critic_model |             200 |
|              Norm/state_action_metric_model |            76.1 |
|                     Norm/state_metric_model |            51.6 |
|        Norm/state_action_state_metric_model |            64.4 |
|                  Metric/self_state_distance |         0.00274 |
|                 Metric/cross_state_distance |            1.04 |
|           Metric/self_state_action_distance |         0.00337 |
|          Metric/cross_state_action_distance |            1.04 |
|             Metric/avg_self_state_asymmetry |               0 |
|            Metric/avg_cross_state_asymmetry |         0.00155 |
|                Metric/avg_self_sa_asymmetry |               0 |
|               Metric/avg_cross_sa_asymmetry |         0.00154 |
|  Metric/self_state_action_to_state_distance |        0.000634 |
| Metric/cross_state_action_to_state_distance |            1.04 |
|                   Metric/h_lambda_diff_self |         0.00375 |
|                  Metric/h_lambda_diff_cross |         0.00201 |
|                                 Eval/Return |             473 |
-----------------------------------------------------------------
[32mSaving model …[0m
[32mDone.[0m
[32mSaving model …[0m
[32mDone.[0m
-----------------------------------------------------------------
|                                 Train/Steps |        3.21e+06 |
|                            Loss/Loss_critic |          0.0587 |
|                             Loss/Loss_actor |           -40.1 |
|                             Loss/Loss_alpha |        -0.00499 |
|               Loss/Loss_state_action_metric |          0.0033 |
|                      Loss/Loss_state_metric |        0.000314 |
|             Loss/Loss_state_action_to_state |         3.6e-05 |
|                           Loss/Act_rep_loss |               0 |
|                                   SAC/Alpha |          0.0733 |
|                              SAC/LogPi_mean |            1.09 |
|                                 SAC/Q1_mean |            40.2 |
|                                 SAC/Q2_mean |            40.2 |
|                            Norm/actor_model |             141 |
|                           Norm/critic_model |             204 |
|              Norm/state_action_metric_model |            77.5 |
|                     Norm/state_metric_model |            52.5 |
|        Norm/state_action_state_metric_model |            65.6 |
|                  Metric/self_state_distance |        0.000191 |
|                 Metric/cross_state_distance |            1.04 |
|           Metric/self_state_action_distance |         0.00409 |
|          Metric/cross_state_action_distance |            1.04 |
|             Metric/avg_self_state_asymmetry |               0 |
|            Metric/avg_cross_state_asymmetry |         0.00134 |
|                Metric/avg_self_sa_asymmetry |               0 |
|               Metric/avg_cross_sa_asymmetry |          0.0014 |
|  Metric/self_state_action_to_state_distance |        0.000934 |
| Metric/cross_state_action_to_state_distance |            1.04 |
|                   Metric/h_lambda_diff_self |         0.00462 |
|                  Metric/h_lambda_diff_cross |         0.00162 |
|                                 Eval/Return |             479 |
-----------------------------------------------------------------
-----------------------------------------------------------------
|                                 Train/Steps |        3.34e+06 |
|                            Loss/Loss_critic |          0.0772 |
|                             Loss/Loss_actor |           -40.2 |
|                             Loss/Loss_alpha |        -0.00794 |
|               Loss/Loss_state_action_metric |         0.00342 |
|                      Loss/Loss_state_metric |        0.000353 |
|             Loss/Loss_state_action_to_state |        7.43e-06 |
|                           Loss/Act_rep_loss |               0 |
|                                   SAC/Alpha |           0.074 |
|                              SAC/LogPi_mean |           0.966 |
|                                 SAC/Q1_mean |            40.3 |
|                                 SAC/Q2_mean |            40.3 |
|                            Norm/actor_model |             144 |
|                           Norm/critic_model |             207 |
|              Norm/state_action_metric_model |            78.8 |
|                     Norm/state_metric_model |            53.4 |
|        Norm/state_action_state_metric_model |            66.4 |
|                  Metric/self_state_distance |         0.00515 |
|                 Metric/cross_state_distance |            1.03 |
|           Metric/self_state_action_distance |         0.00229 |
|          Metric/cross_state_action_distance |            1.04 |
|             Metric/avg_self_state_asymmetry |               0 |
|            Metric/avg_cross_state_asymmetry |         0.00113 |
|                Metric/avg_self_sa_asymmetry |               0 |
|               Metric/avg_cross_sa_asymmetry |         0.00156 |
|  Metric/self_state_action_to_state_distance |         0.00135 |
| Metric/cross_state_action_to_state_distance |            1.04 |
|                   Metric/h_lambda_diff_self |         0.00357 |
|                  Metric/h_lambda_diff_cross |         0.00163 |
|                                 Eval/Return |             473 |
-----------------------------------------------------------------
-----------------------------------------------------------------
|                                 Train/Steps |        3.46e+06 |
|                            Loss/Loss_critic |          0.0598 |
|                             Loss/Loss_actor |           -40.2 |
|                             Loss/Loss_alpha |         0.00706 |
|               Loss/Loss_state_action_metric |         0.00345 |
|                      Loss/Loss_state_metric |        0.000964 |
|             Loss/Loss_state_action_to_state |         0.00174 |
|                           Loss/Act_rep_loss |         0.00151 |
|                                   SAC/Alpha |          0.0734 |
|                              SAC/LogPi_mean |            1.05 |
|                                 SAC/Q1_mean |            40.2 |
|                                 SAC/Q2_mean |            40.3 |
|                            Norm/actor_model |             147 |
|                           Norm/critic_model |             211 |
|              Norm/state_action_metric_model |            79.9 |
|                     Norm/state_metric_model |              54 |
|        Norm/state_action_state_metric_model |            67.7 |
|                  Metric/self_state_distance |         0.00108 |
|                 Metric/cross_state_distance |            1.03 |
|           Metric/self_state_action_distance |         0.00356 |
|          Metric/cross_state_action_distance |            1.04 |
|             Metric/avg_self_state_asymmetry |               0 |
|            Metric/avg_cross_state_asymmetry |         0.00209 |
|                Metric/avg_self_sa_asymmetry |               0 |
|               Metric/avg_cross_sa_asymmetry |         0.00193 |
|  Metric/self_state_action_to_state_distance |        0.000382 |
| Metric/cross_state_action_to_state_distance |            1.04 |
|                   Metric/h_lambda_diff_self |         0.00377 |
|                  Metric/h_lambda_diff_cross |         0.00463 |
|                                 Eval/Return |             470 |
-----------------------------------------------------------------
-----------------------------------------------------------------
|                                 Train/Steps |        3.59e+06 |
|                            Loss/Loss_critic |          0.0663 |
|                             Loss/Loss_actor |           -40.3 |
|                             Loss/Loss_alpha |        6.35e-05 |
|               Loss/Loss_state_action_metric |         0.00344 |
|                      Loss/Loss_state_metric |         0.00147 |
|             Loss/Loss_state_action_to_state |         0.00333 |
|                           Loss/Act_rep_loss |        0.000801 |
|                                   SAC/Alpha |          0.0729 |
|                              SAC/LogPi_mean |           0.886 |
|                                 SAC/Q1_mean |            40.4 |
|                                 SAC/Q2_mean |            40.4 |
|                            Norm/actor_model |             150 |
|                           Norm/critic_model |             214 |
|              Norm/state_action_metric_model |            81.1 |
|                     Norm/state_metric_model |            54.6 |
|        Norm/state_action_state_metric_model |            69.1 |
|                  Metric/self_state_distance |        0.000354 |
|                 Metric/cross_state_distance |            1.03 |
|           Metric/self_state_action_distance |         0.00126 |
|          Metric/cross_state_action_distance |            1.04 |
|             Metric/avg_self_state_asymmetry |               0 |
|            Metric/avg_cross_state_asymmetry |         0.00165 |
|                Metric/avg_self_sa_asymmetry |               0 |
|               Metric/avg_cross_sa_asymmetry |         0.00146 |
|  Metric/self_state_action_to_state_distance |         0.00347 |
| Metric/cross_state_action_to_state_distance |            1.04 |
|                   Metric/h_lambda_diff_self |         0.00426 |
|                  Metric/h_lambda_diff_cross |         0.00461 |
|                                 Eval/Return |             475 |
-----------------------------------------------------------------
-----------------------------------------------------------------
|                                 Train/Steps |        3.72e+06 |
|                            Loss/Loss_critic |          0.0709 |
|                             Loss/Loss_actor |           -40.3 |
|                             Loss/Loss_alpha |        -0.00302 |
|               Loss/Loss_state_action_metric |         0.00332 |
|                      Loss/Loss_state_metric |        0.000309 |
|             Loss/Loss_state_action_to_state |         8.6e-06 |
|                           Loss/Act_rep_loss |               0 |
|                                   SAC/Alpha |          0.0738 |
|                              SAC/LogPi_mean |           0.986 |
|                                 SAC/Q1_mean |            40.4 |
|                                 SAC/Q2_mean |            40.4 |
|                            Norm/actor_model |             153 |
|                           Norm/critic_model |             218 |
|              Norm/state_action_metric_model |            82.5 |
|                     Norm/state_metric_model |            55.2 |
|        Norm/state_action_state_metric_model |            69.5 |
|                  Metric/self_state_distance |         0.00088 |
|                 Metric/cross_state_distance |            1.04 |
|           Metric/self_state_action_distance |         0.00356 |
|          Metric/cross_state_action_distance |            1.04 |
|             Metric/avg_self_state_asymmetry |               0 |
|            Metric/avg_cross_state_asymmetry |         0.00163 |
|                Metric/avg_self_sa_asymmetry |               0 |
|               Metric/avg_cross_sa_asymmetry |         0.00136 |
|  Metric/self_state_action_to_state_distance |        0.000128 |
| Metric/cross_state_action_to_state_distance |            1.04 |
|                   Metric/h_lambda_diff_self |         0.00365 |
|                  Metric/h_lambda_diff_cross |         0.00187 |
|                                 Eval/Return |             478 |
-----------------------------------------------------------------
-----------------------------------------------------------------
|                                 Train/Steps |        3.85e+06 |
|                            Loss/Loss_critic |          0.0484 |
|                             Loss/Loss_actor |           -40.7 |
|                             Loss/Loss_alpha |         0.00241 |
|               Loss/Loss_state_action_metric |         0.00357 |
|                      Loss/Loss_state_metric |         0.00132 |
|             Loss/Loss_state_action_to_state |         0.00173 |
|                           Loss/Act_rep_loss |          0.0016 |
|                                   SAC/Alpha |          0.0751 |
|                              SAC/LogPi_mean |           0.817 |
|                                 SAC/Q1_mean |            40.7 |
|                                 SAC/Q2_mean |            40.8 |
|                            Norm/actor_model |             156 |
|                           Norm/critic_model |             221 |
|              Norm/state_action_metric_model |            83.2 |
|                     Norm/state_metric_model |            56.2 |
|        Norm/state_action_state_metric_model |            70.7 |
|                  Metric/self_state_distance |        0.000115 |
|                 Metric/cross_state_distance |            1.03 |
|           Metric/self_state_action_distance |         0.00299 |
|          Metric/cross_state_action_distance |            1.04 |
|             Metric/avg_self_state_asymmetry |               0 |
|            Metric/avg_cross_state_asymmetry |         0.00218 |
|                Metric/avg_self_sa_asymmetry |               0 |
|               Metric/avg_cross_sa_asymmetry |          0.0016 |
|  Metric/self_state_action_to_state_distance |         0.00106 |
| Metric/cross_state_action_to_state_distance |            1.04 |
|                   Metric/h_lambda_diff_self |         0.00317 |
|                  Metric/h_lambda_diff_cross |         0.00511 |
|                                 Eval/Return |             487 |
-----------------------------------------------------------------
-----------------------------------------------------------------
|                                 Train/Steps |        3.98e+06 |
|                            Loss/Loss_critic |          0.0525 |
|                             Loss/Loss_actor |           -40.6 |
|                             Loss/Loss_alpha |         0.00297 |
|               Loss/Loss_state_action_metric |         0.00319 |
|                      Loss/Loss_state_metric |        0.000402 |
|             Loss/Loss_state_action_to_state |        3.13e-05 |
|                           Loss/Act_rep_loss |        0.000537 |
|                                   SAC/Alpha |          0.0751 |
|                              SAC/LogPi_mean |            1.04 |
|                                 SAC/Q1_mean |            40.7 |
|                                 SAC/Q2_mean |            40.7 |
|                            Norm/actor_model |             159 |
|                           Norm/critic_model |             224 |
|              Norm/state_action_metric_model |              84 |
|                     Norm/state_metric_model |              57 |
|        Norm/state_action_state_metric_model |            71.8 |
|                  Metric/self_state_distance |         0.00153 |
|                 Metric/cross_state_distance |            1.03 |
|           Metric/self_state_action_distance |         0.00216 |
|          Metric/cross_state_action_distance |            1.04 |
|             Metric/avg_self_state_asymmetry |               0 |
|            Metric/avg_cross_state_asymmetry |         0.00114 |
|                Metric/avg_self_sa_asymmetry |               0 |
|               Metric/avg_cross_sa_asymmetry |          0.0015 |
|  Metric/self_state_action_to_state_distance |         0.00089 |
| Metric/cross_state_action_to_state_distance |            1.04 |
|                   Metric/h_lambda_diff_self |         0.00226 |
|                  Metric/h_lambda_diff_cross |         0.00175 |
|                                 Eval/Return |             489 |
-----------------------------------------------------------------
-----------------------------------------------------------------
|                                 Train/Steps |         4.1e+06 |
|                            Loss/Loss_critic |          0.0459 |
|                             Loss/Loss_actor |           -41.1 |
|                             Loss/Loss_alpha |       -0.000486 |
|               Loss/Loss_state_action_metric |         0.00427 |
|                      Loss/Loss_state_metric |         0.00109 |
|             Loss/Loss_state_action_to_state |        4.47e-05 |
|                           Loss/Act_rep_loss |        1.72e-07 |
|                                   SAC/Alpha |          0.0696 |
|                              SAC/LogPi_mean |           0.949 |
|                                 SAC/Q1_mean |            41.2 |
|                                 SAC/Q2_mean |            41.2 |
|                            Norm/actor_model |             162 |
|                           Norm/critic_model |             227 |
|              Norm/state_action_metric_model |            85.5 |
|                     Norm/state_metric_model |            57.8 |
|        Norm/state_action_state_metric_model |            72.5 |
|                  Metric/self_state_distance |        4.48e-05 |
|                 Metric/cross_state_distance |            1.03 |
|           Metric/self_state_action_distance |         0.00048 |
|          Metric/cross_state_action_distance |            1.04 |
|             Metric/avg_self_state_asymmetry |               0 |
|            Metric/avg_cross_state_asymmetry |         0.00123 |
|                Metric/avg_self_sa_asymmetry |               0 |
|               Metric/avg_cross_sa_asymmetry |         0.00122 |
|  Metric/self_state_action_to_state_distance |         0.00337 |
| Metric/cross_state_action_to_state_distance |            1.04 |
|                   Metric/h_lambda_diff_self |         0.00378 |
|                  Metric/h_lambda_diff_cross |         0.00187 |
|                                 Eval/Return |             505 |
-----------------------------------------------------------------
[32mSaving model …[0m
[32mDone.[0m
[32mSaving model …[0m
[32mDone.[0m
-----------------------------------------------------------------
|                                 Train/Steps |        4.23e+06 |
|                            Loss/Loss_critic |          0.0458 |
|                             Loss/Loss_actor |           -41.2 |
|                             Loss/Loss_alpha |         0.00558 |
|               Loss/Loss_state_action_metric |         0.00349 |
|                      Loss/Loss_state_metric |        0.000314 |
|             Loss/Loss_state_action_to_state |        0.000344 |
|                           Loss/Act_rep_loss |               0 |
|                                   SAC/Alpha |          0.0679 |
|                              SAC/LogPi_mean |           0.914 |
|                                 SAC/Q1_mean |            41.3 |
|                                 SAC/Q2_mean |            41.3 |
|                            Norm/actor_model |             164 |
|                           Norm/critic_model |             229 |
|              Norm/state_action_metric_model |              87 |
|                     Norm/state_metric_model |            58.2 |
|        Norm/state_action_state_metric_model |            73.2 |
|                  Metric/self_state_distance |         0.00025 |
|                 Metric/cross_state_distance |            1.04 |
|           Metric/self_state_action_distance |        0.000259 |
|          Metric/cross_state_action_distance |            1.04 |
|             Metric/avg_self_state_asymmetry |               0 |
|            Metric/avg_cross_state_asymmetry |        0.000985 |
|                Metric/avg_self_sa_asymmetry |               0 |
|               Metric/avg_cross_sa_asymmetry |          0.0012 |
|  Metric/self_state_action_to_state_distance |         0.00425 |
| Metric/cross_state_action_to_state_distance |            1.04 |
|                   Metric/h_lambda_diff_self |         0.00436 |
|                  Metric/h_lambda_diff_cross |         0.00289 |
|                                 Eval/Return |             505 |
-----------------------------------------------------------------
-----------------------------------------------------------------
|                                 Train/Steps |        4.36e+06 |
|                            Loss/Loss_critic |          0.0539 |
|                             Loss/Loss_actor |           -41.4 |
|                             Loss/Loss_alpha |         -0.0023 |
|               Loss/Loss_state_action_metric |         0.00349 |
|                      Loss/Loss_state_metric |         0.00108 |
|             Loss/Loss_state_action_to_state |         0.00292 |
|                           Loss/Act_rep_loss |        3.59e-06 |
|                                   SAC/Alpha |          0.0675 |
|                              SAC/LogPi_mean |           0.973 |
|                                 SAC/Q1_mean |            41.5 |
|                                 SAC/Q2_mean |            41.5 |
|                            Norm/actor_model |             167 |
|                           Norm/critic_model |             232 |
|              Norm/state_action_metric_model |            87.7 |
|                     Norm/state_metric_model |            58.9 |
|        Norm/state_action_state_metric_model |            74.1 |
|                  Metric/self_state_distance |        4.26e-05 |
|                 Metric/cross_state_distance |            1.03 |
|           Metric/self_state_action_distance |         0.00173 |
|          Metric/cross_state_action_distance |            1.04 |
|             Metric/avg_self_state_asymmetry |               0 |
|            Metric/avg_cross_state_asymmetry |        0.000968 |
|                Metric/avg_self_sa_asymmetry |               0 |
|               Metric/avg_cross_sa_asymmetry |         0.00188 |
|  Metric/self_state_action_to_state_distance |         0.00134 |
| Metric/cross_state_action_to_state_distance |            1.04 |
|                   Metric/h_lambda_diff_self |         0.00304 |
|                  Metric/h_lambda_diff_cross |         0.00548 |
|                                 Eval/Return |             511 |
-----------------------------------------------------------------
-----------------------------------------------------------------
|                                 Train/Steps |        4.49e+06 |
|                            Loss/Loss_critic |          0.0518 |
|                             Loss/Loss_actor |           -41.8 |
|                             Loss/Loss_alpha |         0.00364 |
|               Loss/Loss_state_action_metric |         0.00343 |
|                      Loss/Loss_state_metric |        0.000487 |
|             Loss/Loss_state_action_to_state |        4.89e-06 |
|                           Loss/Act_rep_loss |        0.000419 |
|                                   SAC/Alpha |           0.067 |
|                              SAC/LogPi_mean |            0.88 |
|                                 SAC/Q1_mean |            41.9 |
|                                 SAC/Q2_mean |            41.9 |
|                            Norm/actor_model |             170 |
|                           Norm/critic_model |             234 |
|              Norm/state_action_metric_model |            88.9 |
|                     Norm/state_metric_model |            59.7 |
|        Norm/state_action_state_metric_model |              75 |
|                  Metric/self_state_distance |        7.53e-05 |
|                 Metric/cross_state_distance |            1.04 |
|           Metric/self_state_action_distance |        0.000284 |
|          Metric/cross_state_action_distance |            1.04 |
|             Metric/avg_self_state_asymmetry |               0 |
|            Metric/avg_cross_state_asymmetry |         0.00142 |
|                Metric/avg_self_sa_asymmetry |               0 |
|               Metric/avg_cross_sa_asymmetry |         0.00118 |
|  Metric/self_state_action_to_state_distance |        8.87e-05 |
| Metric/cross_state_action_to_state_distance |            1.04 |
|                   Metric/h_lambda_diff_self |         0.00037 |
|                  Metric/h_lambda_diff_cross |         0.00135 |
|                                 Eval/Return |             513 |
-----------------------------------------------------------------
-----------------------------------------------------------------
|                                 Train/Steps |        4.62e+06 |
|                            Loss/Loss_critic |           0.041 |
|                             Loss/Loss_actor |           -41.8 |
|                             Loss/Loss_alpha |        1.57e-05 |
|               Loss/Loss_state_action_metric |         0.00342 |
|                      Loss/Loss_state_metric |        0.000345 |
|             Loss/Loss_state_action_to_state |        7.12e-06 |
|                           Loss/Act_rep_loss |               0 |
|                                   SAC/Alpha |          0.0689 |
|                              SAC/LogPi_mean |            1.06 |
|                                 SAC/Q1_mean |            41.9 |
|                                 SAC/Q2_mean |            41.9 |
|                            Norm/actor_model |             172 |
|                           Norm/critic_model |             237 |
|              Norm/state_action_metric_model |            89.8 |
|                     Norm/state_metric_model |            60.4 |
|        Norm/state_action_state_metric_model |            76.3 |
|                  Metric/self_state_distance |         0.00336 |
|                 Metric/cross_state_distance |            1.04 |
|           Metric/self_state_action_distance |         0.00195 |
|          Metric/cross_state_action_distance |            1.04 |
|             Metric/avg_self_state_asymmetry |               0 |
|            Metric/avg_cross_state_asymmetry |          0.0011 |
|                Metric/avg_self_sa_asymmetry |               0 |
|               Metric/avg_cross_sa_asymmetry |         0.00127 |
|  Metric/self_state_action_to_state_distance |        0.000273 |
| Metric/cross_state_action_to_state_distance |            1.04 |
|                   Metric/h_lambda_diff_self |         0.00222 |
|                  Metric/h_lambda_diff_cross |         0.00132 |
|                                 Eval/Return |             517 |
-----------------------------------------------------------------
-----------------------------------------------------------------
|                                 Train/Steps |        4.74e+06 |
|                            Loss/Loss_critic |          0.0473 |
|                             Loss/Loss_actor |           -42.3 |
|                             Loss/Loss_alpha |        -0.00402 |
|               Loss/Loss_state_action_metric |         0.00398 |
|                      Loss/Loss_state_metric |         0.00117 |
|             Loss/Loss_state_action_to_state |        2.58e-05 |
|                           Loss/Act_rep_loss |        0.000184 |
|                                   SAC/Alpha |          0.0685 |
|                              SAC/LogPi_mean |           0.941 |
|                                 SAC/Q1_mean |            42.3 |
|                                 SAC/Q2_mean |            42.3 |
|                            Norm/actor_model |             175 |
|                           Norm/critic_model |             240 |
|              Norm/state_action_metric_model |            91.1 |
|                     Norm/state_metric_model |            61.1 |
|        Norm/state_action_state_metric_model |            77.7 |
|                  Metric/self_state_distance |         0.00103 |
|                 Metric/cross_state_distance |            1.03 |
|           Metric/self_state_action_distance |         0.00574 |
|          Metric/cross_state_action_distance |            1.03 |
|             Metric/avg_self_state_asymmetry |               0 |
|            Metric/avg_cross_state_asymmetry |         0.00162 |
|                Metric/avg_self_sa_asymmetry |               0 |
|               Metric/avg_cross_sa_asymmetry |         0.00144 |
|  Metric/self_state_action_to_state_distance |         0.00505 |
| Metric/cross_state_action_to_state_distance |            1.04 |
|                   Metric/h_lambda_diff_self |         0.00684 |
|                  Metric/h_lambda_diff_cross |         0.00209 |
|                                 Eval/Return |             507 |
-----------------------------------------------------------------
-----------------------------------------------------------------
|                                 Train/Steps |        4.87e+06 |
|                            Loss/Loss_critic |          0.0645 |
|                             Loss/Loss_actor |           -42.3 |
|                             Loss/Loss_alpha |        -0.00566 |
|               Loss/Loss_state_action_metric |         0.00333 |
|                      Loss/Loss_state_metric |        0.000544 |
|             Loss/Loss_state_action_to_state |         0.00116 |
|                           Loss/Act_rep_loss |        6.38e-07 |
|                                   SAC/Alpha |          0.0697 |
|                              SAC/LogPi_mean |           0.947 |
|                                 SAC/Q1_mean |            42.4 |
|                                 SAC/Q2_mean |            42.4 |
|                            Norm/actor_model |             178 |
|                           Norm/critic_model |             243 |
|              Norm/state_action_metric_model |            92.1 |
|                     Norm/state_metric_model |            61.7 |
|        Norm/state_action_state_metric_model |            79.1 |
|                  Metric/self_state_distance |        0.000108 |
|                 Metric/cross_state_distance |            1.04 |
|           Metric/self_state_action_distance |         0.00262 |
|          Metric/cross_state_action_distance |            1.04 |
|             Metric/avg_self_state_asymmetry |               0 |
|            Metric/avg_cross_state_asymmetry |         0.00216 |
|                Metric/avg_self_sa_asymmetry |               0 |
|               Metric/avg_cross_sa_asymmetry |         0.00181 |
|  Metric/self_state_action_to_state_distance |         0.00119 |
| Metric/cross_state_action_to_state_distance |            1.04 |
|                   Metric/h_lambda_diff_self |         0.00241 |
|                  Metric/h_lambda_diff_cross |         0.00225 |
|                                 Eval/Return |             507 |
-----------------------------------------------------------------
-----------------------------------------------------------------
|                                 Train/Steps |           5e+06 |
|                            Loss/Loss_critic |          0.0373 |
|                             Loss/Loss_actor |           -42.3 |
|                             Loss/Loss_alpha |         0.00746 |
|               Loss/Loss_state_action_metric |         0.00329 |
|                      Loss/Loss_state_metric |        0.000328 |
|             Loss/Loss_state_action_to_state |        0.000188 |
|                           Loss/Act_rep_loss |               0 |
|                                   SAC/Alpha |          0.0719 |
|                              SAC/LogPi_mean |           0.818 |
|                                 SAC/Q1_mean |            42.3 |
|                                 SAC/Q2_mean |            42.4 |
|                            Norm/actor_model |             180 |
|                           Norm/critic_model |             246 |
|              Norm/state_action_metric_model |            93.2 |
|                     Norm/state_metric_model |            62.4 |
|        Norm/state_action_state_metric_model |            79.7 |
|                  Metric/self_state_distance |         0.00134 |
|                 Metric/cross_state_distance |            1.04 |
|           Metric/self_state_action_distance |        0.000327 |
|          Metric/cross_state_action_distance |            1.04 |
|             Metric/avg_self_state_asymmetry |               0 |
|            Metric/avg_cross_state_asymmetry |        0.000876 |
|                Metric/avg_self_sa_asymmetry |               0 |
|               Metric/avg_cross_sa_asymmetry |         0.00106 |
|  Metric/self_state_action_to_state_distance |          0.0062 |
| Metric/cross_state_action_to_state_distance |            1.04 |
|                   Metric/h_lambda_diff_self |         0.00622 |
|                  Metric/h_lambda_diff_cross |         0.00152 |
|                                 Eval/Return |             507 |
-----------------------------------------------------------------
[32mSaving model …[0m
[32mDone.[0m
[32mSaving model …[0m
[32mDone.[0m
