E0927 18:17:39.580319 3777617 cuda_executor.cc:1526] Could not get kernel mode driver version: (INVALID_ARGUMENT: Version does not match the format X.Y.Z)
E0927 18:17:39.588865 3777508 cuda_executor.cc:1526] Could not get kernel mode driver version: (INVALID_ARGUMENT: Version does not match the format X.Y.Z)
[32mStart prefilling replay buffer[0m
[32mStart SAC training[0m
[32m{'log_freq': 1000, 'save_freq': 1000000, 'eval_episode_freq': 10, 'hidden_size': 256, 'lr': 0.001, 'max_grad_norm': 0.0, 'gamma': 0.99, 'update_tau': 0.005, 'train_per_step': 8, 'episode_length': 1000, 'warmup_samples': 8192, 'max_replay_size': 4000000, 'batch_size': 512, 'total_env_steps': 5000000, 'init_temperature': 0.1, 'nstep': 1, 'bootstrap_on_truncation': True, 'rep_lr_scale': 1.5, 'pair_tau': 0.1, 'vis_feq': 100000, 'n_vis_frames': 4, 'num_envs': 128, 'grad_steps': 50, 'transfer_freq': 10, 'transfer_steps': 8, 'reward_scaling': 1.0, 'num_eval_envs': 128, 'target_entropy': -3.0}[0m
[32m[nstep] nstep=1 bootstrap_on_truncation=True (discount from the buffer already contains gamma^nstep)[0m
-----------------------------------------------------------------
|                                 Train/Steps |        1.36e+05 |
|                            Loss/Loss_critic |          0.0678 |
|                             Loss/Loss_actor |           -11.5 |
|                             Loss/Loss_alpha |        -0.00347 |
|               Loss/Loss_state_action_metric |         0.00312 |
|                      Loss/Loss_state_metric |         0.00162 |
|             Loss/Loss_state_action_to_state |        0.000233 |
|                           Loss/Act_rep_loss |          0.0153 |
|                                   SAC/Alpha |         0.00851 |
|                              SAC/LogPi_mean |            3.45 |
|                                 SAC/Q1_mean |            11.4 |
|                                 SAC/Q2_mean |            11.4 |
|                            Norm/actor_model |            43.9 |
|                           Norm/critic_model |              48 |
|              Norm/state_action_metric_model |            32.3 |
|                     Norm/state_metric_model |            32.7 |
|        Norm/state_action_state_metric_model |            33.9 |
|                  Metric/self_state_distance |         0.00287 |
|                 Metric/cross_state_distance |           0.981 |
|           Metric/self_state_action_distance |        0.000689 |
|          Metric/cross_state_action_distance |           0.971 |
|             Metric/avg_self_state_asymmetry |               0 |
|            Metric/avg_cross_state_asymmetry |         0.00218 |
|                Metric/avg_self_sa_asymmetry |               0 |
|               Metric/avg_cross_sa_asymmetry |         0.00408 |
|  Metric/self_state_action_to_state_distance |           0.003 |
| Metric/cross_state_action_to_state_distance |            0.97 |
|                   Metric/h_lambda_diff_self |           0.003 |
|                  Metric/h_lambda_diff_cross |         0.00445 |
|                                 Eval/Return |             601 |
-----------------------------------------------------------------
-----------------------------------------------------------------
|                                 Train/Steps |        2.64e+05 |
|                            Loss/Loss_critic |          0.0922 |
|                             Loss/Loss_actor |           -34.6 |
|                             Loss/Loss_alpha |         0.00354 |
|               Loss/Loss_state_action_metric |        0.000254 |
|                      Loss/Loss_state_metric |        5.96e-05 |
|             Loss/Loss_state_action_to_state |        0.000241 |
|                           Loss/Act_rep_loss |          0.0121 |
|                                   SAC/Alpha |          0.0123 |
|                              SAC/LogPi_mean |            2.78 |
|                                 SAC/Q1_mean |            34.4 |
|                                 SAC/Q2_mean |            34.4 |
|                            Norm/actor_model |            57.6 |
|                           Norm/critic_model |            62.1 |
|              Norm/state_action_metric_model |            33.8 |
|                     Norm/state_metric_model |            36.8 |
|        Norm/state_action_state_metric_model |              38 |
|                  Metric/self_state_distance |         0.00324 |
|                 Metric/cross_state_distance |           0.986 |
|           Metric/self_state_action_distance |        0.000894 |
|          Metric/cross_state_action_distance |           0.986 |
|             Metric/avg_self_state_asymmetry |               0 |
|            Metric/avg_cross_state_asymmetry |         0.00272 |
|                Metric/avg_self_sa_asymmetry |               0 |
|               Metric/avg_cross_sa_asymmetry |         0.00247 |
|  Metric/self_state_action_to_state_distance |          0.0033 |
| Metric/cross_state_action_to_state_distance |            0.98 |
|                   Metric/h_lambda_diff_self |         0.00376 |
|                  Metric/h_lambda_diff_cross |         0.00625 |
|                                 Eval/Return |             945 |
-----------------------------------------------------------------
-----------------------------------------------------------------
|                                 Train/Steps |        3.92e+05 |
|                            Loss/Loss_critic |          0.0843 |
|                             Loss/Loss_actor |           -50.8 |
|                             Loss/Loss_alpha |          0.0017 |
|               Loss/Loss_state_action_metric |         0.00382 |
|                      Loss/Loss_state_metric |        0.000466 |
|             Loss/Loss_state_action_to_state |        0.000706 |
|                           Loss/Act_rep_loss |          0.0105 |
|                                   SAC/Alpha |         0.00939 |
|                              SAC/LogPi_mean |            2.88 |
|                                 SAC/Q1_mean |            50.7 |
|                                 SAC/Q2_mean |            50.7 |
|                            Norm/actor_model |            66.7 |
|                           Norm/critic_model |            69.7 |
|              Norm/state_action_metric_model |            35.6 |
|                     Norm/state_metric_model |              41 |
|        Norm/state_action_state_metric_model |            41.1 |
|                  Metric/self_state_distance |         0.00356 |
|                 Metric/cross_state_distance |           0.988 |
|           Metric/self_state_action_distance |         0.00143 |
|          Metric/cross_state_action_distance |           0.979 |
|             Metric/avg_self_state_asymmetry |               0 |
|            Metric/avg_cross_state_asymmetry |         0.00285 |
|                Metric/avg_self_sa_asymmetry |               0 |
|               Metric/avg_cross_sa_asymmetry |        0.000946 |
|  Metric/self_state_action_to_state_distance |          0.0021 |
| Metric/cross_state_action_to_state_distance |           0.982 |
|                   Metric/h_lambda_diff_self |         0.00222 |
|                  Metric/h_lambda_diff_cross |         0.00492 |
|                                 Eval/Return |             978 |
-----------------------------------------------------------------
-----------------------------------------------------------------
|                                 Train/Steps |         5.2e+05 |
|                            Loss/Loss_critic |          0.0673 |
|                             Loss/Loss_actor |           -63.4 |
|                             Loss/Loss_alpha |        -0.00379 |
|               Loss/Loss_state_action_metric |        0.000305 |
|                      Loss/Loss_state_metric |        0.000164 |
|             Loss/Loss_state_action_to_state |        0.000404 |
|                           Loss/Act_rep_loss |          0.0158 |
|                                   SAC/Alpha |         0.00708 |
|                              SAC/LogPi_mean |            3.55 |
|                                 SAC/Q1_mean |            63.3 |
|                                 SAC/Q2_mean |            63.2 |
|                            Norm/actor_model |            73.6 |
|                           Norm/critic_model |            76.2 |
|              Norm/state_action_metric_model |            37.7 |
|                     Norm/state_metric_model |            44.6 |
|        Norm/state_action_state_metric_model |            43.7 |
|                  Metric/self_state_distance |        0.000605 |
|                 Metric/cross_state_distance |           0.984 |
|           Metric/self_state_action_distance |        0.000345 |
|          Metric/cross_state_action_distance |            0.98 |
|             Metric/avg_self_state_asymmetry |               0 |
|            Metric/avg_cross_state_asymmetry |         0.00118 |
|                Metric/avg_self_sa_asymmetry |               0 |
|               Metric/avg_cross_sa_asymmetry |        0.000801 |
|  Metric/self_state_action_to_state_distance |        0.000511 |
| Metric/cross_state_action_to_state_distance |            0.98 |
|                   Metric/h_lambda_diff_self |        0.000588 |
|                  Metric/h_lambda_diff_cross |         0.00261 |
|                                 Eval/Return |             979 |
-----------------------------------------------------------------
-----------------------------------------------------------------
|                                 Train/Steps |        6.48e+05 |
|                            Loss/Loss_critic |          0.0715 |
|                             Loss/Loss_actor |           -72.3 |
|                             Loss/Loss_alpha |        -0.00234 |
|               Loss/Loss_state_action_metric |        0.000149 |
|                      Loss/Loss_state_metric |        8.51e-05 |
|             Loss/Loss_state_action_to_state |        2.33e-06 |
|                           Loss/Act_rep_loss |          0.0171 |
|                                   SAC/Alpha |         0.00592 |
|                              SAC/LogPi_mean |            3.37 |
|                                 SAC/Q1_mean |            72.3 |
|                                 SAC/Q2_mean |            72.3 |
|                            Norm/actor_model |            79.8 |
|                           Norm/critic_model |            82.3 |
|              Norm/state_action_metric_model |            39.9 |
|                     Norm/state_metric_model |            48.2 |
|        Norm/state_action_state_metric_model |            46.3 |
|                  Metric/self_state_distance |        0.000703 |
|                 Metric/cross_state_distance |           0.982 |
|           Metric/self_state_action_distance |        0.000356 |
|          Metric/cross_state_action_distance |           0.978 |
|             Metric/avg_self_state_asymmetry |               0 |
|            Metric/avg_cross_state_asymmetry |        0.000769 |
|                Metric/avg_self_sa_asymmetry |               0 |
|               Metric/avg_cross_sa_asymmetry |        0.000559 |
|  Metric/self_state_action_to_state_distance |        0.000117 |
| Metric/cross_state_action_to_state_distance |           0.977 |
|                   Metric/h_lambda_diff_self |        0.000382 |
|                  Metric/h_lambda_diff_cross |         0.00107 |
|                                 Eval/Return |             976 |
-----------------------------------------------------------------
-----------------------------------------------------------------
|                                 Train/Steps |        7.76e+05 |
|                            Loss/Loss_critic |          0.0692 |
|                             Loss/Loss_actor |           -79.2 |
|                             Loss/Loss_alpha |       -0.000573 |
|               Loss/Loss_state_action_metric |        0.000165 |
|                      Loss/Loss_state_metric |        9.66e-05 |
|             Loss/Loss_state_action_to_state |        2.54e-06 |
|                           Loss/Act_rep_loss |          0.0181 |
|                                   SAC/Alpha |         0.00495 |
|                              SAC/LogPi_mean |            3.14 |
|                                 SAC/Q1_mean |            79.1 |
|                                 SAC/Q2_mean |            79.1 |
|                            Norm/actor_model |            85.3 |
|                           Norm/critic_model |            87.7 |
|              Norm/state_action_metric_model |            42.2 |
|                     Norm/state_metric_model |            51.3 |
|        Norm/state_action_state_metric_model |            48.7 |
|                  Metric/self_state_distance |        0.000523 |
|                 Metric/cross_state_distance |           0.982 |
|           Metric/self_state_action_distance |        0.000575 |
|          Metric/cross_state_action_distance |           0.976 |
|             Metric/avg_self_state_asymmetry |               0 |
|            Metric/avg_cross_state_asymmetry |         0.00088 |
|                Metric/avg_self_sa_asymmetry |               0 |
|               Metric/avg_cross_sa_asymmetry |        0.000475 |
|  Metric/self_state_action_to_state_distance |        0.000142 |
| Metric/cross_state_action_to_state_distance |           0.976 |
|                   Metric/h_lambda_diff_self |        0.000548 |
|                  Metric/h_lambda_diff_cross |         0.00126 |
|                                 Eval/Return |             980 |
-----------------------------------------------------------------
-----------------------------------------------------------------
|                                 Train/Steps |        9.04e+05 |
|                            Loss/Loss_critic |          0.0441 |
|                             Loss/Loss_actor |           -83.7 |
|                             Loss/Loss_alpha |        -0.00113 |
|               Loss/Loss_state_action_metric |        0.000169 |
|                      Loss/Loss_state_metric |        0.000106 |
|             Loss/Loss_state_action_to_state |        2.06e-05 |
|                           Loss/Act_rep_loss |          0.0187 |
|                                   SAC/Alpha |         0.00411 |
|                              SAC/LogPi_mean |            3.12 |
|                                 SAC/Q1_mean |            83.7 |
|                                 SAC/Q2_mean |            83.7 |
|                            Norm/actor_model |            90.2 |
|                           Norm/critic_model |            92.8 |
|              Norm/state_action_metric_model |            44.2 |
|                     Norm/state_metric_model |            54.4 |
|        Norm/state_action_state_metric_model |            51.1 |
|                  Metric/self_state_distance |        0.000673 |
|                 Metric/cross_state_distance |           0.981 |
|           Metric/self_state_action_distance |        0.000532 |
|          Metric/cross_state_action_distance |           0.977 |
|             Metric/avg_self_state_asymmetry |               0 |
|            Metric/avg_cross_state_asymmetry |         0.00094 |
|                Metric/avg_self_sa_asymmetry |               0 |
|               Metric/avg_cross_sa_asymmetry |         0.00103 |
|  Metric/self_state_action_to_state_distance |        0.000642 |
| Metric/cross_state_action_to_state_distance |           0.977 |
|                   Metric/h_lambda_diff_self |         0.00101 |
|                  Metric/h_lambda_diff_cross |         0.00167 |
|                                 Eval/Return |             982 |
-----------------------------------------------------------------
-----------------------------------------------------------------
|                                 Train/Steps |        1.03e+06 |
|                            Loss/Loss_critic |          0.0562 |
|                             Loss/Loss_actor |           -86.7 |
|                             Loss/Loss_alpha |        -0.00273 |
|               Loss/Loss_state_action_metric |        0.000174 |
|                      Loss/Loss_state_metric |        0.000128 |
|             Loss/Loss_state_action_to_state |        2.11e-06 |
|                           Loss/Act_rep_loss |          0.0201 |
|                                   SAC/Alpha |         0.00372 |
|                              SAC/LogPi_mean |            3.61 |
|                                 SAC/Q1_mean |            86.7 |
|                                 SAC/Q2_mean |            86.6 |
|                            Norm/actor_model |            94.5 |
|                           Norm/critic_model |            97.6 |
|              Norm/state_action_metric_model |            45.9 |
|                     Norm/state_metric_model |            57.2 |
|        Norm/state_action_state_metric_model |            53.2 |
|                  Metric/self_state_distance |         0.00269 |
|                 Metric/cross_state_distance |            0.98 |
|           Metric/self_state_action_distance |          0.0004 |
|          Metric/cross_state_action_distance |           0.975 |
|             Metric/avg_self_state_asymmetry |               0 |
|            Metric/avg_cross_state_asymmetry |        0.000865 |
|                Metric/avg_self_sa_asymmetry |               0 |
|               Metric/avg_cross_sa_asymmetry |        0.000605 |
|  Metric/self_state_action_to_state_distance |        0.000196 |
| Metric/cross_state_action_to_state_distance |           0.974 |
|                   Metric/h_lambda_diff_self |        0.000447 |
|                  Metric/h_lambda_diff_cross |        0.000992 |
|                                 Eval/Return |             976 |
-----------------------------------------------------------------
[32mSaving model …[0m
[32mDone.[0m
[32mSaving model …[0m
[32mDone.[0m
-----------------------------------------------------------------
|                                 Train/Steps |        1.16e+06 |
|                            Loss/Loss_critic |           0.115 |
|                             Loss/Loss_actor |           -89.5 |
|                             Loss/Loss_alpha |        0.000607 |
|               Loss/Loss_state_action_metric |        0.000193 |
|                      Loss/Loss_state_metric |        0.000144 |
|             Loss/Loss_state_action_to_state |        1.23e-06 |
|                           Loss/Act_rep_loss |          0.0224 |
|                                   SAC/Alpha |         0.00328 |
|                              SAC/LogPi_mean |             2.8 |
|                                 SAC/Q1_mean |            89.5 |
|                                 SAC/Q2_mean |            89.5 |
|                            Norm/actor_model |            98.4 |
|                           Norm/critic_model |             102 |
|              Norm/state_action_metric_model |              48 |
|                     Norm/state_metric_model |            60.3 |
|        Norm/state_action_state_metric_model |            55.2 |
|                  Metric/self_state_distance |         0.00177 |
|                 Metric/cross_state_distance |           0.977 |
|           Metric/self_state_action_distance |        0.000211 |
|          Metric/cross_state_action_distance |           0.973 |
|             Metric/avg_self_state_asymmetry |               0 |
|            Metric/avg_cross_state_asymmetry |        0.000723 |
|                Metric/avg_self_sa_asymmetry |               0 |
|               Metric/avg_cross_sa_asymmetry |        0.000373 |
|  Metric/self_state_action_to_state_distance |        1.85e-05 |
| Metric/cross_state_action_to_state_distance |           0.972 |
|                   Metric/h_lambda_diff_self |        0.000204 |
|                  Metric/h_lambda_diff_cross |         0.00112 |
|                                 Eval/Return |             974 |
-----------------------------------------------------------------
-----------------------------------------------------------------
|                                 Train/Steps |        1.29e+06 |
|                            Loss/Loss_critic |          0.0488 |
|                             Loss/Loss_actor |           -91.7 |
|                             Loss/Loss_alpha |        -0.00154 |
|               Loss/Loss_state_action_metric |        0.000199 |
|                      Loss/Loss_state_metric |        0.000133 |
|             Loss/Loss_state_action_to_state |        1.33e-06 |
|                           Loss/Act_rep_loss |          0.0222 |
|                                   SAC/Alpha |         0.00273 |
|                              SAC/LogPi_mean |            3.82 |
|                                 SAC/Q1_mean |            91.7 |
|                                 SAC/Q2_mean |            91.6 |
|                            Norm/actor_model |             102 |
|                           Norm/critic_model |             107 |
|              Norm/state_action_metric_model |            50.5 |
|                     Norm/state_metric_model |            63.3 |
|        Norm/state_action_state_metric_model |            57.7 |
|                  Metric/self_state_distance |        0.000114 |
|                 Metric/cross_state_distance |           0.977 |
|           Metric/self_state_action_distance |        0.000264 |
|          Metric/cross_state_action_distance |           0.973 |
|             Metric/avg_self_state_asymmetry |               0 |
|            Metric/avg_cross_state_asymmetry |        0.000602 |
|                Metric/avg_self_sa_asymmetry |               0 |
|               Metric/avg_cross_sa_asymmetry |        0.000535 |
|  Metric/self_state_action_to_state_distance |        0.000255 |
| Metric/cross_state_action_to_state_distance |           0.972 |
|                   Metric/h_lambda_diff_self |        0.000403 |
|                  Metric/h_lambda_diff_cross |        0.000996 |
|                                 Eval/Return |             983 |
-----------------------------------------------------------------
-----------------------------------------------------------------
|                                 Train/Steps |        1.42e+06 |
|                            Loss/Loss_critic |          0.0341 |
|                             Loss/Loss_actor |           -93.3 |
|                             Loss/Loss_alpha |       -0.000873 |
|               Loss/Loss_state_action_metric |        0.000215 |
|                      Loss/Loss_state_metric |        0.000141 |
|             Loss/Loss_state_action_to_state |        4.12e-06 |
|                           Loss/Act_rep_loss |           0.023 |
|                                   SAC/Alpha |         0.00279 |
|                              SAC/LogPi_mean |            3.25 |
|                                 SAC/Q1_mean |            93.3 |
|                                 SAC/Q2_mean |            93.3 |
|                            Norm/actor_model |             106 |
|                           Norm/critic_model |             111 |
|              Norm/state_action_metric_model |            52.6 |
|                     Norm/state_metric_model |              66 |
|        Norm/state_action_state_metric_model |            59.8 |
|                  Metric/self_state_distance |        0.000351 |
|                 Metric/cross_state_distance |           0.976 |
|           Metric/self_state_action_distance |        0.000468 |
|          Metric/cross_state_action_distance |           0.972 |
|             Metric/avg_self_state_asymmetry |               0 |
|            Metric/avg_cross_state_asymmetry |        0.000812 |
|                Metric/avg_self_sa_asymmetry |               0 |
|               Metric/avg_cross_sa_asymmetry |         0.00108 |
|  Metric/self_state_action_to_state_distance |        0.000931 |
| Metric/cross_state_action_to_state_distance |           0.971 |
|                   Metric/h_lambda_diff_self |         0.00122 |
|                  Metric/h_lambda_diff_cross |         0.00134 |
|                                 Eval/Return |             980 |
-----------------------------------------------------------------
-----------------------------------------------------------------
|                                 Train/Steps |        1.54e+06 |
|                            Loss/Loss_critic |          0.0688 |
|                             Loss/Loss_actor |           -94.2 |
|                             Loss/Loss_alpha |       -0.000953 |
|               Loss/Loss_state_action_metric |        0.000239 |
|                      Loss/Loss_state_metric |         0.00133 |
|             Loss/Loss_state_action_to_state |        0.000949 |
|                           Loss/Act_rep_loss |          0.0259 |
|                                   SAC/Alpha |         0.00249 |
|                              SAC/LogPi_mean |            3.36 |
|                                 SAC/Q1_mean |            94.1 |
|                                 SAC/Q2_mean |            94.2 |
|                            Norm/actor_model |             109 |
|                           Norm/critic_model |             115 |
|              Norm/state_action_metric_model |            54.3 |
|                     Norm/state_metric_model |            68.7 |
|        Norm/state_action_state_metric_model |            61.6 |
|                  Metric/self_state_distance |         0.00128 |
|                 Metric/cross_state_distance |           0.975 |
|           Metric/self_state_action_distance |         0.00119 |
|          Metric/cross_state_action_distance |           0.972 |
|             Metric/avg_self_state_asymmetry |               0 |
|            Metric/avg_cross_state_asymmetry |         0.00131 |
|                Metric/avg_self_sa_asymmetry |               0 |
|               Metric/avg_cross_sa_asymmetry |         0.00127 |
|  Metric/self_state_action_to_state_distance |        0.000421 |
| Metric/cross_state_action_to_state_distance |            0.97 |
|                   Metric/h_lambda_diff_self |         0.00157 |
|                  Metric/h_lambda_diff_cross |         0.00217 |
|                                 Eval/Return |             984 |
-----------------------------------------------------------------
-----------------------------------------------------------------
|                                 Train/Steps |        1.67e+06 |
|                            Loss/Loss_critic |          0.0741 |
|                             Loss/Loss_actor |           -95.1 |
|                             Loss/Loss_alpha |       -3.06e-05 |
|               Loss/Loss_state_action_metric |         0.00114 |
|                      Loss/Loss_state_metric |         0.00175 |
|             Loss/Loss_state_action_to_state |        0.000958 |
|                           Loss/Act_rep_loss |          0.0246 |
|                                   SAC/Alpha |         0.00223 |
|                              SAC/LogPi_mean |            2.92 |
|                                 SAC/Q1_mean |            95.1 |
|                                 SAC/Q2_mean |            95.1 |
|                            Norm/actor_model |             112 |
|                           Norm/critic_model |             119 |
|              Norm/state_action_metric_model |              56 |
|                     Norm/state_metric_model |              71 |
|        Norm/state_action_state_metric_model |            64.1 |
|                  Metric/self_state_distance |        0.000173 |
|                 Metric/cross_state_distance |           0.976 |
|           Metric/self_state_action_distance |        0.000123 |
|          Metric/cross_state_action_distance |           0.967 |
|             Metric/avg_self_state_asymmetry |               0 |
|            Metric/avg_cross_state_asymmetry |         0.00355 |
|                Metric/avg_self_sa_asymmetry |               0 |
|               Metric/avg_cross_sa_asymmetry |           0.001 |
|  Metric/self_state_action_to_state_distance |        4.62e-05 |
| Metric/cross_state_action_to_state_distance |           0.966 |
|                   Metric/h_lambda_diff_self |        0.000157 |
|                  Metric/h_lambda_diff_cross |         0.00394 |
|                                 Eval/Return |             978 |
-----------------------------------------------------------------
-----------------------------------------------------------------
|                                 Train/Steps |         1.8e+06 |
|                            Loss/Loss_critic |          0.0383 |
|                             Loss/Loss_actor |           -95.8 |
|                             Loss/Loss_alpha |        0.000214 |
|               Loss/Loss_state_action_metric |        0.000221 |
|                      Loss/Loss_state_metric |        0.000151 |
|             Loss/Loss_state_action_to_state |        5.14e-07 |
|                           Loss/Act_rep_loss |          0.0238 |
|                                   SAC/Alpha |         0.00211 |
|                              SAC/LogPi_mean |            2.86 |
|                                 SAC/Q1_mean |            95.7 |
|                                 SAC/Q2_mean |            95.8 |
|                            Norm/actor_model |             115 |
|                           Norm/critic_model |             122 |
|              Norm/state_action_metric_model |            58.2 |
|                     Norm/state_metric_model |            73.5 |
|        Norm/state_action_state_metric_model |            65.8 |
|                  Metric/self_state_distance |        0.000157 |
|                 Metric/cross_state_distance |           0.976 |
|           Metric/self_state_action_distance |        0.000413 |
|          Metric/cross_state_action_distance |            0.97 |
|             Metric/avg_self_state_asymmetry |               0 |
|            Metric/avg_cross_state_asymmetry |        0.000472 |
|                Metric/avg_self_sa_asymmetry |               0 |
|               Metric/avg_cross_sa_asymmetry |         0.00048 |
|  Metric/self_state_action_to_state_distance |        7.12e-06 |
| Metric/cross_state_action_to_state_distance |           0.971 |
|                   Metric/h_lambda_diff_self |         0.00041 |
|                  Metric/h_lambda_diff_cross |        0.000893 |
|                                 Eval/Return |             986 |
-----------------------------------------------------------------
-----------------------------------------------------------------
|                                 Train/Steps |        1.93e+06 |
|                            Loss/Loss_critic |          0.0641 |
|                             Loss/Loss_actor |           -96.5 |
|                             Loss/Loss_alpha |        0.000617 |
|               Loss/Loss_state_action_metric |        0.000228 |
|                      Loss/Loss_state_metric |        0.000156 |
|             Loss/Loss_state_action_to_state |        6.12e-07 |
|                           Loss/Act_rep_loss |          0.0242 |
|                                   SAC/Alpha |         0.00202 |
|                              SAC/LogPi_mean |            2.73 |
|                                 SAC/Q1_mean |            96.6 |
|                                 SAC/Q2_mean |            96.5 |
|                            Norm/actor_model |             117 |
|                           Norm/critic_model |             126 |
|              Norm/state_action_metric_model |            59.5 |
|                     Norm/state_metric_model |            76.6 |
|        Norm/state_action_state_metric_model |            68.3 |
|                  Metric/self_state_distance |        9.05e-05 |
|                 Metric/cross_state_distance |           0.975 |
|           Metric/self_state_action_distance |        0.000347 |
|          Metric/cross_state_action_distance |            0.97 |
|             Metric/avg_self_state_asymmetry |               0 |
|            Metric/avg_cross_state_asymmetry |        0.000541 |
|                Metric/avg_self_sa_asymmetry |               0 |
|               Metric/avg_cross_sa_asymmetry |        0.000815 |
|  Metric/self_state_action_to_state_distance |        1.36e-05 |
| Metric/cross_state_action_to_state_distance |            0.97 |
|                   Metric/h_lambda_diff_self |        0.000339 |
|                  Metric/h_lambda_diff_cross |        0.000821 |
|                                 Eval/Return |             984 |
-----------------------------------------------------------------
-----------------------------------------------------------------
|                                 Train/Steps |        2.06e+06 |
|                            Loss/Loss_critic |          0.0396 |
|                             Loss/Loss_actor |           -96.5 |
|                             Loss/Loss_alpha |       -0.000702 |
|               Loss/Loss_state_action_metric |        0.000231 |
|                      Loss/Loss_state_metric |        0.000162 |
|             Loss/Loss_state_action_to_state |        4.98e-07 |
|                           Loss/Act_rep_loss |          0.0247 |
|                                   SAC/Alpha |         0.00177 |
|                              SAC/LogPi_mean |            3.51 |
|                                 SAC/Q1_mean |            96.6 |
|                                 SAC/Q2_mean |            96.5 |
|                            Norm/actor_model |             120 |
|                           Norm/critic_model |             130 |
|              Norm/state_action_metric_model |            60.7 |
|                     Norm/state_metric_model |            79.3 |
|        Norm/state_action_state_metric_model |            70.6 |
|                  Metric/self_state_distance |        6.04e-05 |
|                 Metric/cross_state_distance |           0.974 |
|           Metric/self_state_action_distance |        0.000178 |
|          Metric/cross_state_action_distance |           0.969 |
|             Metric/avg_self_state_asymmetry |               0 |
|            Metric/avg_cross_state_asymmetry |        0.000426 |
|                Metric/avg_self_sa_asymmetry |               0 |
|               Metric/avg_cross_sa_asymmetry |        0.000459 |
|  Metric/self_state_action_to_state_distance |        7.47e-06 |
| Metric/cross_state_action_to_state_distance |           0.969 |
|                   Metric/h_lambda_diff_self |         0.00018 |
|                  Metric/h_lambda_diff_cross |        0.000886 |
|                                 Eval/Return |             986 |
-----------------------------------------------------------------
[32mSaving model …[0m
[32mDone.[0m
[32mSaving model …[0m
[32mDone.[0m
-----------------------------------------------------------------
|                                 Train/Steps |        2.18e+06 |
|                            Loss/Loss_critic |          0.0461 |
|                             Loss/Loss_actor |             -97 |
|                             Loss/Loss_alpha |        4.06e-05 |
|               Loss/Loss_state_action_metric |        0.000232 |
|                      Loss/Loss_state_metric |        0.000164 |
|             Loss/Loss_state_action_to_state |           2e-06 |
|                           Loss/Act_rep_loss |          0.0248 |
|                                   SAC/Alpha |         0.00179 |
|                              SAC/LogPi_mean |            2.97 |
|                                 SAC/Q1_mean |            96.9 |
|                                 SAC/Q2_mean |              97 |
|                            Norm/actor_model |             122 |
|                           Norm/critic_model |             133 |
|              Norm/state_action_metric_model |              63 |
|                     Norm/state_metric_model |            81.2 |
|        Norm/state_action_state_metric_model |            72.9 |
|                  Metric/self_state_distance |        4.07e-06 |
|                 Metric/cross_state_distance |           0.974 |
|           Metric/self_state_action_distance |        0.000216 |
|          Metric/cross_state_action_distance |           0.969 |
|             Metric/avg_self_state_asymmetry |               0 |
|            Metric/avg_cross_state_asymmetry |         0.00068 |
|                Metric/avg_self_sa_asymmetry |               0 |
|               Metric/avg_cross_sa_asymmetry |        0.000291 |
|  Metric/self_state_action_to_state_distance |        0.000271 |
| Metric/cross_state_action_to_state_distance |           0.969 |
|                   Metric/h_lambda_diff_self |        0.000419 |
|                  Metric/h_lambda_diff_cross |        0.000729 |
|                                 Eval/Return |             988 |
-----------------------------------------------------------------
-----------------------------------------------------------------
|                                 Train/Steps |        2.31e+06 |
|                            Loss/Loss_critic |          0.0286 |
|                             Loss/Loss_actor |           -97.4 |
|                             Loss/Loss_alpha |        4.07e-05 |
|               Loss/Loss_state_action_metric |        0.000237 |
|                      Loss/Loss_state_metric |        0.000168 |
|             Loss/Loss_state_action_to_state |        4.21e-07 |
|                           Loss/Act_rep_loss |          0.0248 |
|                                   SAC/Alpha |         0.00169 |
|                              SAC/LogPi_mean |            3.15 |
|                                 SAC/Q1_mean |            97.4 |
|                                 SAC/Q2_mean |            97.5 |
|                            Norm/actor_model |             125 |
|                           Norm/critic_model |             137 |
|              Norm/state_action_metric_model |            64.9 |
|                     Norm/state_metric_model |            83.4 |
|        Norm/state_action_state_metric_model |            74.9 |
|                  Metric/self_state_distance |        9.04e-06 |
|                 Metric/cross_state_distance |           0.974 |
|           Metric/self_state_action_distance |        7.17e-05 |
|          Metric/cross_state_action_distance |           0.969 |
|             Metric/avg_self_state_asymmetry |               0 |
|            Metric/avg_cross_state_asymmetry |        0.000463 |
|                Metric/avg_self_sa_asymmetry |               0 |
|               Metric/avg_cross_sa_asymmetry |        0.000308 |
|  Metric/self_state_action_to_state_distance |        5.12e-06 |
| Metric/cross_state_action_to_state_distance |           0.968 |
|                   Metric/h_lambda_diff_self |        7.08e-05 |
|                  Metric/h_lambda_diff_cross |        0.000432 |
|                                 Eval/Return |             981 |
-----------------------------------------------------------------
-----------------------------------------------------------------
|                                 Train/Steps |        2.44e+06 |
|                            Loss/Loss_critic |          0.0253 |
|                             Loss/Loss_actor |           -97.4 |
|                             Loss/Loss_alpha |       -0.000339 |
|               Loss/Loss_state_action_metric |        0.000243 |
|                      Loss/Loss_state_metric |        0.000192 |
|             Loss/Loss_state_action_to_state |        4.79e-07 |
|                           Loss/Act_rep_loss |          0.0264 |
|                                   SAC/Alpha |         0.00156 |
|                              SAC/LogPi_mean |            3.03 |
|                                 SAC/Q1_mean |            97.4 |
|                                 SAC/Q2_mean |            97.4 |
|                            Norm/actor_model |             127 |
|                           Norm/critic_model |             140 |
|              Norm/state_action_metric_model |            66.2 |
|                     Norm/state_metric_model |            86.1 |
|        Norm/state_action_state_metric_model |            77.1 |
|                  Metric/self_state_distance |         0.00128 |
|                 Metric/cross_state_distance |           0.972 |
|           Metric/self_state_action_distance |        0.000115 |
|          Metric/cross_state_action_distance |           0.968 |
|             Metric/avg_self_state_asymmetry |               0 |
|            Metric/avg_cross_state_asymmetry |        0.000463 |
|                Metric/avg_self_sa_asymmetry |               0 |
|               Metric/avg_cross_sa_asymmetry |        0.000234 |
|  Metric/self_state_action_to_state_distance |        1.48e-05 |
| Metric/cross_state_action_to_state_distance |           0.968 |
|                   Metric/h_lambda_diff_self |        0.000116 |
|                  Metric/h_lambda_diff_cross |        0.000479 |
|                                 Eval/Return |             987 |
-----------------------------------------------------------------
-----------------------------------------------------------------
|                                 Train/Steps |        2.57e+06 |
|                            Loss/Loss_critic |          0.0359 |
|                             Loss/Loss_actor |             -98 |
|                             Loss/Loss_alpha |        6.68e-08 |
|               Loss/Loss_state_action_metric |         0.00103 |
|                      Loss/Loss_state_metric |        0.000173 |
|             Loss/Loss_state_action_to_state |        3.23e-06 |
|                           Loss/Act_rep_loss |          0.0259 |
|                                   SAC/Alpha |          0.0015 |
|                              SAC/LogPi_mean |            2.93 |
|                                 SAC/Q1_mean |              98 |
|                                 SAC/Q2_mean |            98.1 |
|                            Norm/actor_model |             129 |
|                           Norm/critic_model |             143 |
|              Norm/state_action_metric_model |              68 |
|                     Norm/state_metric_model |            88.5 |
|        Norm/state_action_state_metric_model |            78.9 |
|                  Metric/self_state_distance |        3.65e-05 |
|                 Metric/cross_state_distance |           0.973 |
|           Metric/self_state_action_distance |        0.000229 |
|          Metric/cross_state_action_distance |           0.968 |
|             Metric/avg_self_state_asymmetry |               0 |
|            Metric/avg_cross_state_asymmetry |         0.00042 |
|                Metric/avg_self_sa_asymmetry |               0 |
|               Metric/avg_cross_sa_asymmetry |        0.000279 |
|  Metric/self_state_action_to_state_distance |        0.000331 |
| Metric/cross_state_action_to_state_distance |           0.968 |
|                   Metric/h_lambda_diff_self |        0.000549 |
|                  Metric/h_lambda_diff_cross |        0.000608 |
|                                 Eval/Return |             987 |
-----------------------------------------------------------------
-----------------------------------------------------------------
|                                 Train/Steps |         2.7e+06 |
|                            Loss/Loss_critic |          0.0483 |
|                             Loss/Loss_actor |           -98.2 |
|                             Loss/Loss_alpha |        0.000762 |
|               Loss/Loss_state_action_metric |        0.000248 |
|                      Loss/Loss_state_metric |        0.000178 |
|             Loss/Loss_state_action_to_state |        3.16e-07 |
|                           Loss/Act_rep_loss |          0.0259 |
|                                   SAC/Alpha |         0.00165 |
|                              SAC/LogPi_mean |             2.5 |
|                                 SAC/Q1_mean |            98.3 |
|                                 SAC/Q2_mean |            98.2 |
|                            Norm/actor_model |             131 |
|                           Norm/critic_model |             147 |
|              Norm/state_action_metric_model |            70.1 |
|                     Norm/state_metric_model |              91 |
|        Norm/state_action_state_metric_model |            80.9 |
|                  Metric/self_state_distance |        2.22e-05 |
|                 Metric/cross_state_distance |           0.973 |
|           Metric/self_state_action_distance |        2.58e-05 |
|          Metric/cross_state_action_distance |           0.967 |
|             Metric/avg_self_state_asymmetry |               0 |
|            Metric/avg_cross_state_asymmetry |         0.00038 |
|                Metric/avg_self_sa_asymmetry |               0 |
|               Metric/avg_cross_sa_asymmetry |        0.000255 |
|  Metric/self_state_action_to_state_distance |        1.31e-05 |
| Metric/cross_state_action_to_state_distance |           0.968 |
|                   Metric/h_lambda_diff_self |        3.75e-05 |
|                  Metric/h_lambda_diff_cross |        0.000611 |
|                                 Eval/Return |             987 |
-----------------------------------------------------------------
-----------------------------------------------------------------
|                                 Train/Steps |        2.82e+06 |
|                            Loss/Loss_critic |          0.0286 |
|                             Loss/Loss_actor |           -97.7 |
|                             Loss/Loss_alpha |        -0.00049 |
|               Loss/Loss_state_action_metric |        0.000238 |
|                      Loss/Loss_state_metric |        0.000169 |
|             Loss/Loss_state_action_to_state |        4.69e-07 |
|                           Loss/Act_rep_loss |          0.0251 |
|                                   SAC/Alpha |         0.00154 |
|                              SAC/LogPi_mean |            3.31 |
|                                 SAC/Q1_mean |            97.7 |
|                                 SAC/Q2_mean |            97.7 |
|                            Norm/actor_model |             133 |
|                           Norm/critic_model |             150 |
|              Norm/state_action_metric_model |            71.1 |
|                     Norm/state_metric_model |              93 |
|        Norm/state_action_state_metric_model |            82.9 |
|                  Metric/self_state_distance |        9.36e-05 |
|                 Metric/cross_state_distance |           0.974 |
|           Metric/self_state_action_distance |         2.9e-05 |
|          Metric/cross_state_action_distance |           0.969 |
|             Metric/avg_self_state_asymmetry |               0 |
|            Metric/avg_cross_state_asymmetry |        0.000492 |
|                Metric/avg_self_sa_asymmetry |               0 |
|               Metric/avg_cross_sa_asymmetry |        0.000261 |
|  Metric/self_state_action_to_state_distance |        6.45e-05 |
| Metric/cross_state_action_to_state_distance |           0.968 |
|                   Metric/h_lambda_diff_self |        8.96e-05 |
|                  Metric/h_lambda_diff_cross |        0.000675 |
|                                 Eval/Return |             987 |
-----------------------------------------------------------------
-----------------------------------------------------------------
|                                 Train/Steps |        2.95e+06 |
|                            Loss/Loss_critic |          0.0297 |
|                             Loss/Loss_actor |           -98.1 |
|                             Loss/Loss_alpha |        0.000228 |
|               Loss/Loss_state_action_metric |        0.000243 |
|                      Loss/Loss_state_metric |        0.000514 |
|             Loss/Loss_state_action_to_state |        0.000651 |
|                           Loss/Act_rep_loss |          0.0248 |
|                                   SAC/Alpha |         0.00135 |
|                              SAC/LogPi_mean |            2.69 |
|                                 SAC/Q1_mean |            98.1 |
|                                 SAC/Q2_mean |            98.1 |
|                            Norm/actor_model |             135 |
|                           Norm/critic_model |             153 |
|              Norm/state_action_metric_model |            72.9 |
|                     Norm/state_metric_model |            95.2 |
|        Norm/state_action_state_metric_model |            84.5 |
|                  Metric/self_state_distance |        0.000127 |
|                 Metric/cross_state_distance |           0.974 |
|           Metric/self_state_action_distance |        5.21e-05 |
|          Metric/cross_state_action_distance |           0.968 |
|             Metric/avg_self_state_asymmetry |               0 |
|            Metric/avg_cross_state_asymmetry |         0.00153 |
|                Metric/avg_self_sa_asymmetry |               0 |
|               Metric/avg_cross_sa_asymmetry |        0.000224 |
|  Metric/self_state_action_to_state_distance |        0.000345 |
| Metric/cross_state_action_to_state_distance |           0.968 |
|                   Metric/h_lambda_diff_self |         0.00039 |
|                  Metric/h_lambda_diff_cross |         0.00115 |
|                                 Eval/Return |             985 |
-----------------------------------------------------------------
-----------------------------------------------------------------
|                                 Train/Steps |        3.08e+06 |
|                            Loss/Loss_critic |          0.0422 |
|                             Loss/Loss_actor |           -98.1 |
|                             Loss/Loss_alpha |       -0.000168 |
|               Loss/Loss_state_action_metric |         0.00103 |
|                      Loss/Loss_state_metric |        0.000961 |
|             Loss/Loss_state_action_to_state |        3.58e-07 |
|                           Loss/Act_rep_loss |          0.0263 |
|                                   SAC/Alpha |         0.00144 |
|                              SAC/LogPi_mean |            3.03 |
|                                 SAC/Q1_mean |            98.1 |
|                                 SAC/Q2_mean |            98.2 |
|                            Norm/actor_model |             137 |
|                           Norm/critic_model |             156 |
|              Norm/state_action_metric_model |            74.7 |
|                     Norm/state_metric_model |              97 |
|        Norm/state_action_state_metric_model |            86.5 |
|                  Metric/self_state_distance |        5.97e-06 |
|                 Metric/cross_state_distance |           0.969 |
|           Metric/self_state_action_distance |        8.66e-05 |
|          Metric/cross_state_action_distance |           0.964 |
|             Metric/avg_self_state_asymmetry |               0 |
|            Metric/avg_cross_state_asymmetry |        0.000333 |
|                Metric/avg_self_sa_asymmetry |               0 |
|               Metric/avg_cross_sa_asymmetry |        0.000206 |
|  Metric/self_state_action_to_state_distance |        5.58e-05 |
| Metric/cross_state_action_to_state_distance |           0.964 |
|                   Metric/h_lambda_diff_self |        0.000136 |
|                  Metric/h_lambda_diff_cross |        0.000395 |
|                                 Eval/Return |             987 |
-----------------------------------------------------------------
[32mSaving model …[0m
[32mDone.[0m
[32mSaving model …[0m
[32mDone.[0m
-----------------------------------------------------------------
|                                 Train/Steps |        3.21e+06 |
|                            Loss/Loss_critic |            0.03 |
|                             Loss/Loss_actor |             -98 |
|                             Loss/Loss_alpha |       -0.000736 |
|               Loss/Loss_state_action_metric |         0.00101 |
|                      Loss/Loss_state_metric |        0.000939 |
|             Loss/Loss_state_action_to_state |        9.59e-07 |
|                           Loss/Act_rep_loss |          0.0242 |
|                                   SAC/Alpha |         0.00137 |
|                              SAC/LogPi_mean |            3.33 |
|                                 SAC/Q1_mean |              98 |
|                                 SAC/Q2_mean |              98 |
|                            Norm/actor_model |             139 |
|                           Norm/critic_model |             159 |
|              Norm/state_action_metric_model |            76.7 |
|                     Norm/state_metric_model |            99.3 |
|        Norm/state_action_state_metric_model |            88.6 |
|                  Metric/self_state_distance |        8.79e-06 |
|                 Metric/cross_state_distance |           0.971 |
|           Metric/self_state_action_distance |        0.000206 |
|          Metric/cross_state_action_distance |           0.965 |
|             Metric/avg_self_state_asymmetry |               0 |
|            Metric/avg_cross_state_asymmetry |        0.000526 |
|                Metric/avg_self_sa_asymmetry |               0 |
|               Metric/avg_cross_sa_asymmetry |        0.000288 |
|  Metric/self_state_action_to_state_distance |        3.56e-06 |
| Metric/cross_state_action_to_state_distance |           0.964 |
|                   Metric/h_lambda_diff_self |        0.000208 |
|                  Metric/h_lambda_diff_cross |        0.000728 |
|                                 Eval/Return |             987 |
-----------------------------------------------------------------
-----------------------------------------------------------------
|                                 Train/Steps |        3.34e+06 |
|                            Loss/Loss_critic |          0.0307 |
|                             Loss/Loss_actor |           -98.1 |
|                             Loss/Loss_alpha |       -0.000511 |
|               Loss/Loss_state_action_metric |        0.000247 |
|                      Loss/Loss_state_metric |        0.000179 |
|             Loss/Loss_state_action_to_state |        8.06e-07 |
|                           Loss/Act_rep_loss |          0.0259 |
|                                   SAC/Alpha |          0.0012 |
|                              SAC/LogPi_mean |            3.46 |
|                                 SAC/Q1_mean |            98.1 |
|                                 SAC/Q2_mean |            98.2 |
|                            Norm/actor_model |             141 |
|                           Norm/critic_model |             162 |
|              Norm/state_action_metric_model |            78.9 |
|                     Norm/state_metric_model |             101 |
|        Norm/state_action_state_metric_model |            90.3 |
|                  Metric/self_state_distance |         1.5e-05 |
|                 Metric/cross_state_distance |           0.973 |
|           Metric/self_state_action_distance |        6.06e-05 |
|          Metric/cross_state_action_distance |           0.968 |
|             Metric/avg_self_state_asymmetry |               0 |
|            Metric/avg_cross_state_asymmetry |        0.000397 |
|                Metric/avg_self_sa_asymmetry |               0 |
|               Metric/avg_cross_sa_asymmetry |        0.000238 |
|  Metric/self_state_action_to_state_distance |        6.13e-07 |
| Metric/cross_state_action_to_state_distance |           0.968 |
|                   Metric/h_lambda_diff_self |        6.06e-05 |
|                  Metric/h_lambda_diff_cross |        0.000473 |
|                                 Eval/Return |             987 |
-----------------------------------------------------------------
-----------------------------------------------------------------
|                                 Train/Steps |        3.46e+06 |
|                            Loss/Loss_critic |          0.0267 |
|                             Loss/Loss_actor |           -98.3 |
|                             Loss/Loss_alpha |         0.00023 |
|               Loss/Loss_state_action_metric |         0.00025 |
|                      Loss/Loss_state_metric |        0.000181 |
|             Loss/Loss_state_action_to_state |        3.97e-07 |
|                           Loss/Act_rep_loss |          0.0265 |
|                                   SAC/Alpha |         0.00122 |
|                              SAC/LogPi_mean |            2.75 |
|                                 SAC/Q1_mean |            98.3 |
|                                 SAC/Q2_mean |            98.4 |
|                            Norm/actor_model |             143 |
|                           Norm/critic_model |             164 |
|              Norm/state_action_metric_model |            80.8 |
|                     Norm/state_metric_model |             104 |
|        Norm/state_action_state_metric_model |              92 |
|                  Metric/self_state_distance |        3.85e-06 |
|                 Metric/cross_state_distance |           0.973 |
|           Metric/self_state_action_distance |        9.46e-05 |
|          Metric/cross_state_action_distance |           0.967 |
|             Metric/avg_self_state_asymmetry |               0 |
|            Metric/avg_cross_state_asymmetry |        0.000377 |
|                Metric/avg_self_sa_asymmetry |               0 |
|               Metric/avg_cross_sa_asymmetry |        0.000209 |
|  Metric/self_state_action_to_state_distance |         8.4e-06 |
| Metric/cross_state_action_to_state_distance |           0.967 |
|                   Metric/h_lambda_diff_self |        0.000101 |
|                  Metric/h_lambda_diff_cross |        0.000455 |
|                                 Eval/Return |             987 |
-----------------------------------------------------------------
-----------------------------------------------------------------
|                                 Train/Steps |        3.59e+06 |
|                            Loss/Loss_critic |          0.0304 |
|                             Loss/Loss_actor |           -98.5 |
|                             Loss/Loss_alpha |       -7.69e-05 |
|               Loss/Loss_state_action_metric |        0.000256 |
|                      Loss/Loss_state_metric |        0.000186 |
|             Loss/Loss_state_action_to_state |        7.06e-07 |
|                           Loss/Act_rep_loss |          0.0265 |
|                                   SAC/Alpha |          0.0012 |
|                              SAC/LogPi_mean |            3.19 |
|                                 SAC/Q1_mean |            98.6 |
|                                 SAC/Q2_mean |            98.5 |
|                            Norm/actor_model |             145 |
|                           Norm/critic_model |             167 |
|              Norm/state_action_metric_model |            82.2 |
|                     Norm/state_metric_model |             106 |
|        Norm/state_action_state_metric_model |              94 |
|                  Metric/self_state_distance |        8.75e-05 |
|                 Metric/cross_state_distance |           0.973 |
|           Metric/self_state_action_distance |        0.000108 |
|          Metric/cross_state_action_distance |           0.967 |
|             Metric/avg_self_state_asymmetry |               0 |
|            Metric/avg_cross_state_asymmetry |        0.000382 |
|                Metric/avg_self_sa_asymmetry |               0 |
|               Metric/avg_cross_sa_asymmetry |        0.000183 |
|  Metric/self_state_action_to_state_distance |        4.45e-05 |
| Metric/cross_state_action_to_state_distance |           0.967 |
|                   Metric/h_lambda_diff_self |        0.000151 |
|                  Metric/h_lambda_diff_cross |        0.000457 |
|                                 Eval/Return |             985 |
-----------------------------------------------------------------
-----------------------------------------------------------------
|                                 Train/Steps |        3.72e+06 |
|                            Loss/Loss_critic |          0.0455 |
|                             Loss/Loss_actor |           -98.4 |
|                             Loss/Loss_alpha |        -0.00011 |
|               Loss/Loss_state_action_metric |        0.000251 |
|                      Loss/Loss_state_metric |        0.000183 |
|             Loss/Loss_state_action_to_state |        1.92e-07 |
|                           Loss/Act_rep_loss |          0.0258 |
|                                   SAC/Alpha |         0.00145 |
|                              SAC/LogPi_mean |            2.99 |
|                                 SAC/Q1_mean |            98.4 |
|                                 SAC/Q2_mean |            98.5 |
|                            Norm/actor_model |             146 |
|                           Norm/critic_model |             170 |
|              Norm/state_action_metric_model |            83.7 |
|                     Norm/state_metric_model |             108 |
|        Norm/state_action_state_metric_model |            95.7 |
|                  Metric/self_state_distance |        5.47e-05 |
|                 Metric/cross_state_distance |           0.972 |
|           Metric/self_state_action_distance |        7.27e-05 |
|          Metric/cross_state_action_distance |           0.967 |
|             Metric/avg_self_state_asymmetry |               0 |
|            Metric/avg_cross_state_asymmetry |        0.000325 |
|                Metric/avg_self_sa_asymmetry |               0 |
|               Metric/avg_cross_sa_asymmetry |        0.000174 |
|  Metric/self_state_action_to_state_distance |        1.58e-07 |
| Metric/cross_state_action_to_state_distance |           0.967 |
|                   Metric/h_lambda_diff_self |        7.25e-05 |
|                  Metric/h_lambda_diff_cross |        0.000472 |
|                                 Eval/Return |             982 |
-----------------------------------------------------------------
-----------------------------------------------------------------
|                                 Train/Steps |        3.85e+06 |
|                            Loss/Loss_critic |           0.039 |
|                             Loss/Loss_actor |           -98.5 |
|                             Loss/Loss_alpha |        9.82e-05 |
|               Loss/Loss_state_action_metric |        0.000254 |
|                      Loss/Loss_state_metric |        0.000184 |
|             Loss/Loss_state_action_to_state |        2.99e-07 |
|                           Loss/Act_rep_loss |          0.0262 |
|                                   SAC/Alpha |         0.00115 |
|                              SAC/LogPi_mean |            2.92 |
|                                 SAC/Q1_mean |            98.5 |
|                                 SAC/Q2_mean |            98.5 |
|                            Norm/actor_model |             148 |
|                           Norm/critic_model |             173 |
|              Norm/state_action_metric_model |            85.3 |
|                     Norm/state_metric_model |             110 |
|        Norm/state_action_state_metric_model |            97.3 |
|                  Metric/self_state_distance |         6.1e-05 |
|                 Metric/cross_state_distance |           0.973 |
|           Metric/self_state_action_distance |        7.19e-05 |
|          Metric/cross_state_action_distance |           0.967 |
|             Metric/avg_self_state_asymmetry |               0 |
|            Metric/avg_cross_state_asymmetry |        0.000331 |
|                Metric/avg_self_sa_asymmetry |               0 |
|               Metric/avg_cross_sa_asymmetry |        0.000173 |
|  Metric/self_state_action_to_state_distance |         4.2e-09 |
| Metric/cross_state_action_to_state_distance |           0.967 |
|                   Metric/h_lambda_diff_self |        7.19e-05 |
|                  Metric/h_lambda_diff_cross |         0.00044 |
|                                 Eval/Return |             988 |
-----------------------------------------------------------------
-----------------------------------------------------------------
|                                 Train/Steps |        3.98e+06 |
|                            Loss/Loss_critic |            0.02 |
|                             Loss/Loss_actor |           -98.8 |
|                             Loss/Loss_alpha |        0.000479 |
|               Loss/Loss_state_action_metric |        0.000256 |
|                      Loss/Loss_state_metric |        0.000181 |
|             Loss/Loss_state_action_to_state |        7.79e-07 |
|                           Loss/Act_rep_loss |          0.0258 |
|                                   SAC/Alpha |         0.00128 |
|                              SAC/LogPi_mean |            2.73 |
|                                 SAC/Q1_mean |            98.8 |
|                                 SAC/Q2_mean |            98.8 |
|                            Norm/actor_model |             150 |
|                           Norm/critic_model |             175 |
|              Norm/state_action_metric_model |            86.7 |
|                     Norm/state_metric_model |             112 |
|        Norm/state_action_state_metric_model |            99.1 |
|                  Metric/self_state_distance |        2.86e-06 |
|                 Metric/cross_state_distance |           0.973 |
|           Metric/self_state_action_distance |        4.59e-05 |
|          Metric/cross_state_action_distance |           0.967 |
|             Metric/avg_self_state_asymmetry |               0 |
|            Metric/avg_cross_state_asymmetry |        0.000355 |
|                Metric/avg_self_sa_asymmetry |               0 |
|               Metric/avg_cross_sa_asymmetry |        0.000177 |
|  Metric/self_state_action_to_state_distance |        2.72e-05 |
| Metric/cross_state_action_to_state_distance |           0.966 |
|                   Metric/h_lambda_diff_self |        5.97e-05 |
|                  Metric/h_lambda_diff_cross |        0.000741 |
|                                 Eval/Return |             988 |
-----------------------------------------------------------------
-----------------------------------------------------------------
|                                 Train/Steps |         4.1e+06 |
|                            Loss/Loss_critic |          0.0261 |
|                             Loss/Loss_actor |             -99 |
|                             Loss/Loss_alpha |        0.000304 |
|               Loss/Loss_state_action_metric |        0.000267 |
|                      Loss/Loss_state_metric |        0.000198 |
|             Loss/Loss_state_action_to_state |        1.22e-06 |
|                           Loss/Act_rep_loss |          0.0277 |
|                                   SAC/Alpha |        0.000911 |
|                              SAC/LogPi_mean |             2.6 |
|                                 SAC/Q1_mean |            99.1 |
|                                 SAC/Q2_mean |              99 |
|                            Norm/actor_model |             152 |
|                           Norm/critic_model |             178 |
|              Norm/state_action_metric_model |            88.2 |
|                     Norm/state_metric_model |             114 |
|        Norm/state_action_state_metric_model |             101 |
|                  Metric/self_state_distance |        4.03e-05 |
|                 Metric/cross_state_distance |           0.971 |
|           Metric/self_state_action_distance |        0.000179 |
|          Metric/cross_state_action_distance |           0.966 |
|             Metric/avg_self_state_asymmetry |               0 |
|            Metric/avg_cross_state_asymmetry |        0.000263 |
|                Metric/avg_self_sa_asymmetry |               0 |
|               Metric/avg_cross_sa_asymmetry |        0.000157 |
|  Metric/self_state_action_to_state_distance |        2.95e-05 |
| Metric/cross_state_action_to_state_distance |           0.966 |
|                   Metric/h_lambda_diff_self |        0.000185 |
|                  Metric/h_lambda_diff_cross |         0.00078 |
|                                 Eval/Return |             987 |
-----------------------------------------------------------------
[32mSaving model …[0m
[32mDone.[0m
[32mSaving model …[0m
[32mDone.[0m
-----------------------------------------------------------------
|                                 Train/Steps |        4.23e+06 |
|                            Loss/Loss_critic |          0.0232 |
|                             Loss/Loss_actor |           -99.1 |
|                             Loss/Loss_alpha |       -0.000964 |
|               Loss/Loss_state_action_metric |        0.000273 |
|                      Loss/Loss_state_metric |        0.000205 |
|             Loss/Loss_state_action_to_state |        2.64e-07 |
|                           Loss/Act_rep_loss |           0.028 |
|                                   SAC/Alpha |        0.000827 |
|                              SAC/LogPi_mean |            4.32 |
|                                 SAC/Q1_mean |            99.1 |
|                                 SAC/Q2_mean |            99.2 |
|                            Norm/actor_model |             153 |
|                           Norm/critic_model |             180 |
|              Norm/state_action_metric_model |            89.6 |
|                     Norm/state_metric_model |             116 |
|        Norm/state_action_state_metric_model |             103 |
|                  Metric/self_state_distance |        1.99e-05 |
|                 Metric/cross_state_distance |           0.971 |
|           Metric/self_state_action_distance |        5.77e-05 |
|          Metric/cross_state_action_distance |           0.965 |
|             Metric/avg_self_state_asymmetry |               0 |
|            Metric/avg_cross_state_asymmetry |        0.000304 |
|                Metric/avg_self_sa_asymmetry |               0 |
|               Metric/avg_cross_sa_asymmetry |        0.000127 |
|  Metric/self_state_action_to_state_distance |        4.22e-06 |
| Metric/cross_state_action_to_state_distance |           0.965 |
|                   Metric/h_lambda_diff_self |        6.06e-05 |
|                  Metric/h_lambda_diff_cross |        0.000275 |
|                                 Eval/Return |             959 |
-----------------------------------------------------------------
-----------------------------------------------------------------
|                                 Train/Steps |        4.36e+06 |
|                            Loss/Loss_critic |          0.0228 |
|                             Loss/Loss_actor |           -99.2 |
|                             Loss/Loss_alpha |       -0.000513 |
|               Loss/Loss_state_action_metric |        0.000272 |
|                      Loss/Loss_state_metric |        0.000202 |
|             Loss/Loss_state_action_to_state |        1.78e-07 |
|                           Loss/Act_rep_loss |          0.0279 |
|                                   SAC/Alpha |        0.000701 |
|                              SAC/LogPi_mean |            3.54 |
|                                 SAC/Q1_mean |            99.2 |
|                                 SAC/Q2_mean |            99.2 |
|                            Norm/actor_model |             155 |
|                           Norm/critic_model |             182 |
|              Norm/state_action_metric_model |            91.5 |
|                     Norm/state_metric_model |             118 |
|        Norm/state_action_state_metric_model |             105 |
|                  Metric/self_state_distance |        2.87e-05 |
|                 Metric/cross_state_distance |           0.971 |
|           Metric/self_state_action_distance |        7.62e-05 |
|          Metric/cross_state_action_distance |           0.965 |
|             Metric/avg_self_state_asymmetry |               0 |
|            Metric/avg_cross_state_asymmetry |        0.000232 |
|                Metric/avg_self_sa_asymmetry |               0 |
|               Metric/avg_cross_sa_asymmetry |        0.000126 |
|  Metric/self_state_action_to_state_distance |        4.85e-06 |
| Metric/cross_state_action_to_state_distance |           0.965 |
|                   Metric/h_lambda_diff_self |        7.79e-05 |
|                  Metric/h_lambda_diff_cross |        0.000267 |
|                                 Eval/Return |             952 |
-----------------------------------------------------------------
-----------------------------------------------------------------
|                                 Train/Steps |        4.49e+06 |
|                            Loss/Loss_critic |          0.0149 |
|                             Loss/Loss_actor |           -99.4 |
|                             Loss/Loss_alpha |        0.000147 |
|               Loss/Loss_state_action_metric |        0.000277 |
|                      Loss/Loss_state_metric |        0.000207 |
|             Loss/Loss_state_action_to_state |        2.06e-07 |
|                           Loss/Act_rep_loss |          0.0284 |
|                                   SAC/Alpha |        0.000672 |
|                              SAC/LogPi_mean |            2.62 |
|                                 SAC/Q1_mean |            99.4 |
|                                 SAC/Q2_mean |            99.4 |
|                            Norm/actor_model |             157 |
|                           Norm/critic_model |             184 |
|              Norm/state_action_metric_model |            92.4 |
|                     Norm/state_metric_model |             120 |
|        Norm/state_action_state_metric_model |             107 |
|                  Metric/self_state_distance |        0.000146 |
|                 Metric/cross_state_distance |            0.97 |
|           Metric/self_state_action_distance |        7.97e-05 |
|          Metric/cross_state_action_distance |           0.965 |
|             Metric/avg_self_state_asymmetry |               0 |
|            Metric/avg_cross_state_asymmetry |        0.000293 |
|                Metric/avg_self_sa_asymmetry |               0 |
|               Metric/avg_cross_sa_asymmetry |        0.000103 |
|  Metric/self_state_action_to_state_distance |        1.42e-08 |
| Metric/cross_state_action_to_state_distance |           0.965 |
|                   Metric/h_lambda_diff_self |        7.97e-05 |
|                  Metric/h_lambda_diff_cross |        0.000284 |
|                                 Eval/Return |             963 |
-----------------------------------------------------------------
-----------------------------------------------------------------
|                                 Train/Steps |        4.62e+06 |
|                            Loss/Loss_critic |          0.0153 |
|                             Loss/Loss_actor |           -99.5 |
|                             Loss/Loss_alpha |       -0.000601 |
|               Loss/Loss_state_action_metric |        0.000275 |
|                      Loss/Loss_state_metric |        0.000205 |
|             Loss/Loss_state_action_to_state |        1.74e-07 |
|                           Loss/Act_rep_loss |          0.0281 |
|                                   SAC/Alpha |         0.00114 |
|                              SAC/LogPi_mean |             3.6 |
|                                 SAC/Q1_mean |            99.4 |
|                                 SAC/Q2_mean |            99.5 |
|                            Norm/actor_model |             158 |
|                           Norm/critic_model |             187 |
|              Norm/state_action_metric_model |            94.2 |
|                     Norm/state_metric_model |             122 |
|        Norm/state_action_state_metric_model |             108 |
|                  Metric/self_state_distance |        5.08e-05 |
|                 Metric/cross_state_distance |           0.971 |
|           Metric/self_state_action_distance |        1.19e-05 |
|          Metric/cross_state_action_distance |           0.965 |
|             Metric/avg_self_state_asymmetry |               0 |
|            Metric/avg_cross_state_asymmetry |        0.000239 |
|                Metric/avg_self_sa_asymmetry |               0 |
|               Metric/avg_cross_sa_asymmetry |        0.000136 |
|  Metric/self_state_action_to_state_distance |         3.7e-07 |
| Metric/cross_state_action_to_state_distance |           0.965 |
|                   Metric/h_lambda_diff_self |        1.22e-05 |
|                  Metric/h_lambda_diff_cross |        0.000243 |
|                                 Eval/Return |             980 |
-----------------------------------------------------------------
-----------------------------------------------------------------
|                                 Train/Steps |        4.74e+06 |
|                            Loss/Loss_critic |          0.0174 |
|                             Loss/Loss_actor |           -99.6 |
|                             Loss/Loss_alpha |        0.000249 |
|               Loss/Loss_state_action_metric |        0.000277 |
|                      Loss/Loss_state_metric |        0.000207 |
|             Loss/Loss_state_action_to_state |         9.8e-08 |
|                           Loss/Act_rep_loss |          0.0278 |
|                                   SAC/Alpha |        0.000751 |
|                              SAC/LogPi_mean |            2.63 |
|                                 SAC/Q1_mean |            99.6 |
|                                 SAC/Q2_mean |            99.6 |
|                            Norm/actor_model |             159 |
|                           Norm/critic_model |             189 |
|              Norm/state_action_metric_model |              96 |
|                     Norm/state_metric_model |             124 |
|        Norm/state_action_state_metric_model |             110 |
|                  Metric/self_state_distance |        5.21e-05 |
|                 Metric/cross_state_distance |           0.971 |
|           Metric/self_state_action_distance |        9.65e-05 |
|          Metric/cross_state_action_distance |           0.965 |
|             Metric/avg_self_state_asymmetry |               0 |
|            Metric/avg_cross_state_asymmetry |        0.000224 |
|                Metric/avg_self_sa_asymmetry |               0 |
|               Metric/avg_cross_sa_asymmetry |         0.00011 |
|  Metric/self_state_action_to_state_distance |        2.23e-06 |
| Metric/cross_state_action_to_state_distance |           0.965 |
|                   Metric/h_lambda_diff_self |        9.74e-05 |
|                  Metric/h_lambda_diff_cross |        0.000202 |
|                                 Eval/Return |             979 |
-----------------------------------------------------------------
-----------------------------------------------------------------
|                                 Train/Steps |        4.87e+06 |
|                            Loss/Loss_critic |          0.0162 |
|                             Loss/Loss_actor |           -99.6 |
|                             Loss/Loss_alpha |       -0.000657 |
|               Loss/Loss_state_action_metric |        0.000284 |
|                      Loss/Loss_state_metric |        0.000213 |
|             Loss/Loss_state_action_to_state |        3.42e-07 |
|                           Loss/Act_rep_loss |          0.0283 |
|                                   SAC/Alpha |        0.000734 |
|                              SAC/LogPi_mean |            3.97 |
|                                 SAC/Q1_mean |            99.7 |
|                                 SAC/Q2_mean |            99.6 |
|                            Norm/actor_model |             161 |
|                           Norm/critic_model |             191 |
|              Norm/state_action_metric_model |            96.8 |
|                     Norm/state_metric_model |             126 |
|        Norm/state_action_state_metric_model |             112 |
|                  Metric/self_state_distance |         0.00169 |
|                 Metric/cross_state_distance |            0.97 |
|           Metric/self_state_action_distance |        0.000157 |
|          Metric/cross_state_action_distance |           0.964 |
|             Metric/avg_self_state_asymmetry |               0 |
|            Metric/avg_cross_state_asymmetry |        0.000357 |
|                Metric/avg_self_sa_asymmetry |               0 |
|               Metric/avg_cross_sa_asymmetry |        0.000152 |
|  Metric/self_state_action_to_state_distance |        8.68e-05 |
| Metric/cross_state_action_to_state_distance |           0.965 |
|                   Metric/h_lambda_diff_self |        0.000239 |
|                  Metric/h_lambda_diff_cross |        0.000438 |
|                                 Eval/Return |             985 |
-----------------------------------------------------------------
-----------------------------------------------------------------
|                                 Train/Steps |           5e+06 |
|                            Loss/Loss_critic |          0.0114 |
|                             Loss/Loss_actor |           -99.5 |
|                             Loss/Loss_alpha |       -0.000141 |
|               Loss/Loss_state_action_metric |        0.000282 |
|                      Loss/Loss_state_metric |        0.000211 |
|             Loss/Loss_state_action_to_state |        1.43e-07 |
|                           Loss/Act_rep_loss |           0.028 |
|                                   SAC/Alpha |        0.000732 |
|                              SAC/LogPi_mean |            3.16 |
|                                 SAC/Q1_mean |            99.6 |
|                                 SAC/Q2_mean |            99.5 |
|                            Norm/actor_model |             162 |
|                           Norm/critic_model |             193 |
|              Norm/state_action_metric_model |              99 |
|                     Norm/state_metric_model |             128 |
|        Norm/state_action_state_metric_model |             114 |
|                  Metric/self_state_distance |        0.000316 |
|                 Metric/cross_state_distance |           0.971 |
|           Metric/self_state_action_distance |        0.000284 |
|          Metric/cross_state_action_distance |           0.965 |
|             Metric/avg_self_state_asymmetry |               0 |
|            Metric/avg_cross_state_asymmetry |        0.000336 |
|                Metric/avg_self_sa_asymmetry |               0 |
|               Metric/avg_cross_sa_asymmetry |        0.000151 |
|  Metric/self_state_action_to_state_distance |        4.24e-08 |
| Metric/cross_state_action_to_state_distance |           0.965 |
|                   Metric/h_lambda_diff_self |        0.000284 |
|                  Metric/h_lambda_diff_cross |        0.000453 |
|                                 Eval/Return |             983 |
-----------------------------------------------------------------
[32mSaving model …[0m
[32mDone.[0m
[32mSaving model …[0m
[32mDone.[0m
