E0922 21:26:35.839172 2972565 cuda_executor.cc:1526] Could not get kernel mode driver version: (INVALID_ARGUMENT: Version does not match the format X.Y.Z)
E0922 21:26:35.847656 2972454 cuda_executor.cc:1526] Could not get kernel mode driver version: (INVALID_ARGUMENT: Version does not match the format X.Y.Z)
[32mStart prefilling replay buffer[0m
[32mStart SAC training[0m
[32m{'log_freq': 1000, 'save_freq': 1000000, 'eval_episode_freq': 10, 'hidden_size': 256, 'lr': 0.001, 'max_grad_norm': 0.0, 'gamma': 0.99, 'update_tau': 0.005, 'train_per_step': 8, 'episode_length': 1000, 'warmup_samples': 8192, 'max_replay_size': 4000000, 'batch_size': 512, 'total_env_steps': 5000000, 'init_temperature': 0.1, 'nstep': 3, 'bootstrap_on_truncation': True, 'rep_lr_scale': 1.5, 'vis_feq': 100000, 'n_vis_frames': 4, 'num_envs': 128, 'grad_steps': 50, 'transfer_freq': 10, 'transfer_steps': 8, 'reward_scaling': 1.0, 'num_eval_envs': 128, 'target_entropy': -0.5}[0m
[32m[nstep] nstep=3 bootstrap_on_truncation=True (discount from the buffer already contains gamma^nstep)[0m
--------------------------------------------------------
|                        Train/Steps |        1.36e+05 |
|                   Loss/Loss_critic |        1.24e-06 |
|                    Loss/Loss_actor |          -0.169 |
|                    Loss/Loss_alpha |         0.00176 |
|      Loss/Loss_state_action_metric |         0.00226 |
|             Loss/Loss_state_metric |         0.00242 |
|                  Loss/Act_rep_loss |         0.00121 |
|                          SAC/Alpha |         0.00159 |
|                     SAC/LogPi_mean |          -0.618 |
|                        SAC/Q1_mean |           0.168 |
|                        SAC/Q2_mean |           0.168 |
|                   Norm/actor_model |            18.5 |
|                  Norm/critic_model |            23.8 |
|     Norm/state_action_metric_model |              31 |
|            Norm/state_metric_model |            31.1 |
|         Metric/self_state_distance |         0.00848 |
|        Metric/cross_state_distance |           0.921 |
|  Metric/self_state_action_distance |         0.00484 |
| Metric/cross_state_action_distance |             0.9 |
|    Metric/avg_self_state_asymmetry |               0 |
|   Metric/avg_cross_state_asymmetry |          0.0072 |
|       Metric/avg_self_sa_asymmetry |               0 |
|      Metric/avg_cross_sa_asymmetry |         0.00266 |
|                        Eval/Return |               0 |
--------------------------------------------------------
--------------------------------------------------------
|                        Train/Steps |        2.64e+05 |
|                   Loss/Loss_critic |        4.02e-08 |
|                    Loss/Loss_actor |         -0.0544 |
|                    Loss/Loss_alpha |        6.23e-05 |
|      Loss/Loss_state_action_metric |         0.00659 |
|             Loss/Loss_state_metric |         0.00245 |
|                  Loss/Act_rep_loss |        0.000222 |
|                          SAC/Alpha |        6.62e-05 |
|                     SAC/LogPi_mean |            -0.4 |
|                        SAC/Q1_mean |          0.0545 |
|                        SAC/Q2_mean |          0.0543 |
|                   Norm/actor_model |            23.3 |
|                  Norm/critic_model |              24 |
|     Norm/state_action_metric_model |            31.8 |
|            Norm/state_metric_model |            32.6 |
|         Metric/self_state_distance |         0.00342 |
|        Metric/cross_state_distance |           0.912 |
|  Metric/self_state_action_distance |          0.0933 |
| Metric/cross_state_action_distance |           0.915 |
|    Metric/avg_self_state_asymmetry |               0 |
|   Metric/avg_cross_state_asymmetry |         0.00135 |
|       Metric/avg_self_sa_asymmetry |               0 |
|      Metric/avg_cross_sa_asymmetry |          0.0223 |
|                        Eval/Return |               0 |
--------------------------------------------------------
--------------------------------------------------------
|                        Train/Steps |        3.92e+05 |
|                   Loss/Loss_critic |        7.08e-10 |
|                    Loss/Loss_actor |         -0.0167 |
|                    Loss/Loss_alpha |        1.18e-06 |
|      Loss/Loss_state_action_metric |         0.00256 |
|             Loss/Loss_state_metric |         0.00202 |
|                  Loss/Act_rep_loss |        3.93e-05 |
|                          SAC/Alpha |        4.16e-06 |
|                     SAC/LogPi_mean |            0.26 |
|                        SAC/Q1_mean |          0.0167 |
|                        SAC/Q2_mean |          0.0168 |
|                   Norm/actor_model |            26.2 |
|                  Norm/critic_model |              24 |
|     Norm/state_action_metric_model |            33.2 |
|            Norm/state_metric_model |            35.3 |
|         Metric/self_state_distance |         0.00286 |
|        Metric/cross_state_distance |           0.917 |
|  Metric/self_state_action_distance |         0.00144 |
| Metric/cross_state_action_distance |           0.901 |
|    Metric/avg_self_state_asymmetry |               0 |
|   Metric/avg_cross_state_asymmetry |         0.00194 |
|       Metric/avg_self_sa_asymmetry |               0 |
|      Metric/avg_cross_sa_asymmetry |         0.00143 |
|                        Eval/Return |               0 |
--------------------------------------------------------
--------------------------------------------------------
|                        Train/Steps |         5.2e+05 |
|                   Loss/Loss_critic |        1.58e-10 |
|                    Loss/Loss_actor |        -0.00515 |
|                    Loss/Loss_alpha |        4.84e-08 |
|      Loss/Loss_state_action_metric |         0.00316 |
|             Loss/Loss_state_metric |         0.00266 |
|                  Loss/Act_rep_loss |        1.03e-05 |
|                          SAC/Alpha |        6.54e-07 |
|                     SAC/LogPi_mean |           0.482 |
|                        SAC/Q1_mean |         0.00516 |
|                        SAC/Q2_mean |         0.00515 |
|                   Norm/actor_model |            27.2 |
|                  Norm/critic_model |              24 |
|     Norm/state_action_metric_model |            35.2 |
|            Norm/state_metric_model |              39 |
|         Metric/self_state_distance |         0.00338 |
|        Metric/cross_state_distance |           0.914 |
|  Metric/self_state_action_distance |         0.00482 |
| Metric/cross_state_action_distance |             0.9 |
|    Metric/avg_self_state_asymmetry |               0 |
|   Metric/avg_cross_state_asymmetry |         0.00174 |
|       Metric/avg_self_sa_asymmetry |               0 |
|      Metric/avg_cross_sa_asymmetry |         0.00226 |
|                        Eval/Return |               0 |
--------------------------------------------------------
--------------------------------------------------------
|                        Train/Steps |        6.48e+05 |
|                   Loss/Loss_critic |        5.81e-10 |
|                    Loss/Loss_actor |        -0.00157 |
|                    Loss/Loss_alpha |        8.49e-09 |
|      Loss/Loss_state_action_metric |         0.00182 |
|             Loss/Loss_state_metric |         0.00138 |
|                  Loss/Act_rep_loss |        1.99e-06 |
|                          SAC/Alpha |        1.72e-07 |
|                     SAC/LogPi_mean |           0.452 |
|                        SAC/Q1_mean |         0.00157 |
|                        SAC/Q2_mean |         0.00159 |
|                   Norm/actor_model |            28.7 |
|                  Norm/critic_model |              24 |
|     Norm/state_action_metric_model |            37.3 |
|            Norm/state_metric_model |            44.4 |
|         Metric/self_state_distance |         0.00474 |
|        Metric/cross_state_distance |            0.93 |
|  Metric/self_state_action_distance |         0.00144 |
| Metric/cross_state_action_distance |           0.911 |
|    Metric/avg_self_state_asymmetry |               0 |
|   Metric/avg_cross_state_asymmetry |         0.00267 |
|       Metric/avg_self_sa_asymmetry |               0 |
|      Metric/avg_cross_sa_asymmetry |         0.00417 |
|                        Eval/Return |               0 |
--------------------------------------------------------
--------------------------------------------------------
|                        Train/Steps |        7.76e+05 |
|                   Loss/Loss_critic |        4.65e-12 |
|                    Loss/Loss_actor |       -0.000451 |
|                    Loss/Loss_alpha |        5.46e-09 |
|      Loss/Loss_state_action_metric |         0.00206 |
|             Loss/Loss_state_metric |         0.00154 |
|                  Loss/Act_rep_loss |        7.67e-07 |
|                          SAC/Alpha |        3.26e-08 |
|                     SAC/LogPi_mean |           0.344 |
|                        SAC/Q1_mean |        0.000454 |
|                        SAC/Q2_mean |        0.000451 |
|                   Norm/actor_model |            29.7 |
|                  Norm/critic_model |              24 |
|     Norm/state_action_metric_model |            39.7 |
|            Norm/state_metric_model |            47.8 |
|         Metric/self_state_distance |          0.0039 |
|        Metric/cross_state_distance |           0.922 |
|  Metric/self_state_action_distance |        0.000919 |
| Metric/cross_state_action_distance |           0.904 |
|    Metric/avg_self_state_asymmetry |               0 |
|   Metric/avg_cross_state_asymmetry |         0.00178 |
|       Metric/avg_self_sa_asymmetry |               0 |
|      Metric/avg_cross_sa_asymmetry |         0.00169 |
|                        Eval/Return |               0 |
--------------------------------------------------------
--------------------------------------------------------
|                        Train/Steps |        9.04e+05 |
|                   Loss/Loss_critic |        1.52e-10 |
|                    Loss/Loss_actor |       -0.000126 |
|                    Loss/Loss_alpha |        7.44e-10 |
|      Loss/Loss_state_action_metric |         0.00262 |
|             Loss/Loss_state_metric |         0.00207 |
|                  Loss/Act_rep_loss |        3.78e-07 |
|                          SAC/Alpha |        1.42e-08 |
|                     SAC/LogPi_mean |           0.501 |
|                        SAC/Q1_mean |        0.000126 |
|                        SAC/Q2_mean |        0.000154 |
|                   Norm/actor_model |            30.2 |
|                  Norm/critic_model |              24 |
|     Norm/state_action_metric_model |            42.9 |
|            Norm/state_metric_model |            51.1 |
|         Metric/self_state_distance |         0.00226 |
|        Metric/cross_state_distance |           0.915 |
|  Metric/self_state_action_distance |        0.000642 |
| Metric/cross_state_action_distance |           0.898 |
|    Metric/avg_self_state_asymmetry |               0 |
|   Metric/avg_cross_state_asymmetry |        0.000484 |
|       Metric/avg_self_sa_asymmetry |               0 |
|      Metric/avg_cross_sa_asymmetry |        0.000439 |
|                        Eval/Return |               0 |
--------------------------------------------------------
--------------------------------------------------------
|                        Train/Steps |        1.03e+06 |
|                   Loss/Loss_critic |        4.79e-10 |
|                    Loss/Loss_actor |       -4.95e-05 |
|                    Loss/Loss_alpha |        4.92e-10 |
|      Loss/Loss_state_action_metric |         0.00251 |
|             Loss/Loss_state_metric |         0.00171 |
|                  Loss/Act_rep_loss |        1.95e-07 |
|                          SAC/Alpha |        9.28e-09 |
|                     SAC/LogPi_mean |           0.445 |
|                        SAC/Q1_mean |        7.52e-05 |
|                        SAC/Q2_mean |        4.94e-05 |
|                   Norm/actor_model |            30.5 |
|                  Norm/critic_model |              24 |
|     Norm/state_action_metric_model |            44.8 |
|            Norm/state_metric_model |              55 |
|         Metric/self_state_distance |         0.00347 |
|        Metric/cross_state_distance |           0.916 |
|  Metric/self_state_action_distance |         0.00128 |
| Metric/cross_state_action_distance |           0.899 |
|    Metric/avg_self_state_asymmetry |               0 |
|   Metric/avg_cross_state_asymmetry |          0.0008 |
|       Metric/avg_self_sa_asymmetry |               0 |
|      Metric/avg_cross_sa_asymmetry |          0.0011 |
|                        Eval/Return |               0 |
--------------------------------------------------------
[32mSaving model …[0m
[32mDone.[0m
[32mSaving model …[0m
[32mDone.[0m
[32mSaving model …[0m
[32mDone.[0m
[32mSaving model …[0m
[32mDone.[0m
--------------------------------------------------------
|                        Train/Steps |        1.16e+06 |
|                   Loss/Loss_critic |        4.61e-11 |
|                    Loss/Loss_actor |        7.46e-06 |
|                    Loss/Loss_alpha |        1.74e-09 |
|      Loss/Loss_state_action_metric |         0.00267 |
|             Loss/Loss_state_metric |         0.00212 |
|                  Loss/Act_rep_loss |        2.07e-07 |
|                          SAC/Alpha |        8.38e-09 |
|                     SAC/LogPi_mean |           0.383 |
|                        SAC/Q1_mean |       -7.54e-06 |
|                        SAC/Q2_mean |        1.91e-07 |
|                   Norm/actor_model |            30.8 |
|                  Norm/critic_model |              24 |
|     Norm/state_action_metric_model |            46.8 |
|            Norm/state_metric_model |            57.8 |
|         Metric/self_state_distance |          0.0026 |
|        Metric/cross_state_distance |           0.914 |
|  Metric/self_state_action_distance |        0.000625 |
| Metric/cross_state_action_distance |           0.897 |
|    Metric/avg_self_state_asymmetry |               0 |
|   Metric/avg_cross_state_asymmetry |        0.000722 |
|       Metric/avg_self_sa_asymmetry |               0 |
|      Metric/avg_cross_sa_asymmetry |        0.000785 |
|                        Eval/Return |               0 |
--------------------------------------------------------
--------------------------------------------------------
|                        Train/Steps |        1.29e+06 |
|                   Loss/Loss_critic |        3.05e-11 |
|                    Loss/Loss_actor |         1.3e-05 |
|                    Loss/Loss_alpha |        5.66e-10 |
|      Loss/Loss_state_action_metric |         0.00226 |
|             Loss/Loss_state_metric |         0.00171 |
|                  Loss/Act_rep_loss |        1.42e-07 |
|                          SAC/Alpha |        5.82e-09 |
|                     SAC/LogPi_mean |           0.403 |
|                        SAC/Q1_mean |       -5.39e-06 |
|                        SAC/Q2_mean |        -1.3e-05 |
|                   Norm/actor_model |            31.1 |
|                  Norm/critic_model |              24 |
|     Norm/state_action_metric_model |            47.5 |
|            Norm/state_metric_model |            60.9 |
|         Metric/self_state_distance |         0.00288 |
|        Metric/cross_state_distance |           0.915 |
|  Metric/self_state_action_distance |         0.00046 |
| Metric/cross_state_action_distance |           0.899 |
|    Metric/avg_self_state_asymmetry |               0 |
|   Metric/avg_cross_state_asymmetry |        0.000434 |
|       Metric/avg_self_sa_asymmetry |               0 |
|      Metric/avg_cross_sa_asymmetry |        0.000457 |
|                        Eval/Return |               0 |
--------------------------------------------------------
--------------------------------------------------------
|                        Train/Steps |        1.42e+06 |
|                   Loss/Loss_critic |         2.9e-11 |
|                    Loss/Loss_actor |        7.99e-06 |
|                    Loss/Loss_alpha |        7.44e-10 |
|      Loss/Loss_state_action_metric |         0.00227 |
|             Loss/Loss_state_metric |         0.00172 |
|                  Loss/Act_rep_loss |        2.47e-07 |
|                          SAC/Alpha |        4.84e-09 |
|                     SAC/LogPi_mean |           0.378 |
|                        SAC/Q1_mean |        4.92e-06 |
|                        SAC/Q2_mean |       -8.01e-06 |
|                   Norm/actor_model |            31.4 |
|                  Norm/critic_model |              24 |
|     Norm/state_action_metric_model |            49.5 |
|            Norm/state_metric_model |            63.5 |
|         Metric/self_state_distance |         0.00415 |
|        Metric/cross_state_distance |           0.917 |
|  Metric/self_state_action_distance |        0.000486 |
| Metric/cross_state_action_distance |             0.9 |
|    Metric/avg_self_state_asymmetry |               0 |
|   Metric/avg_cross_state_asymmetry |         0.00142 |
|       Metric/avg_self_sa_asymmetry |               0 |
|      Metric/avg_cross_sa_asymmetry |         0.00101 |
|                        Eval/Return |               0 |
--------------------------------------------------------
--------------------------------------------------------
|                        Train/Steps |        1.54e+06 |
|                   Loss/Loss_critic |        1.06e-10 |
|                    Loss/Loss_actor |        2.51e-05 |
|                    Loss/Loss_alpha |        -6.5e-11 |
|      Loss/Loss_state_action_metric |         0.00262 |
|             Loss/Loss_state_metric |         0.00208 |
|                  Loss/Act_rep_loss |        1.34e-07 |
|                          SAC/Alpha |        4.47e-09 |
|                     SAC/LogPi_mean |           0.448 |
|                        SAC/Q1_mean |       -8.67e-06 |
|                        SAC/Q2_mean |       -2.51e-05 |
|                   Norm/actor_model |            31.6 |
|                  Norm/critic_model |              24 |
|     Norm/state_action_metric_model |            50.6 |
|            Norm/state_metric_model |            66.9 |
|         Metric/self_state_distance |         0.00131 |
|        Metric/cross_state_distance |           0.914 |
|  Metric/self_state_action_distance |        0.000595 |
| Metric/cross_state_action_distance |           0.898 |
|    Metric/avg_self_state_asymmetry |               0 |
|   Metric/avg_cross_state_asymmetry |        0.000812 |
|       Metric/avg_self_sa_asymmetry |               0 |
|      Metric/avg_cross_sa_asymmetry |        0.000538 |
|                        Eval/Return |               0 |
--------------------------------------------------------
--------------------------------------------------------
|                        Train/Steps |        1.67e+06 |
|                   Loss/Loss_critic |        4.37e-11 |
|                    Loss/Loss_actor |        1.78e-05 |
|                    Loss/Loss_alpha |       -1.69e-10 |
|      Loss/Loss_state_action_metric |         0.00341 |
|             Loss/Loss_state_metric |         0.00286 |
|                  Loss/Act_rep_loss |        1.09e-07 |
|                          SAC/Alpha |        4.29e-09 |
|                     SAC/LogPi_mean |           0.619 |
|                        SAC/Q1_mean |       -7.27e-06 |
|                        SAC/Q2_mean |       -1.78e-05 |
|                   Norm/actor_model |            31.9 |
|                  Norm/critic_model |              24 |
|     Norm/state_action_metric_model |            52.3 |
|            Norm/state_metric_model |            69.6 |
|         Metric/self_state_distance |         0.00164 |
|        Metric/cross_state_distance |           0.911 |
|  Metric/self_state_action_distance |        0.000121 |
| Metric/cross_state_action_distance |           0.893 |
|    Metric/avg_self_state_asymmetry |               0 |
|   Metric/avg_cross_state_asymmetry |        0.000456 |
|       Metric/avg_self_sa_asymmetry |               0 |
|      Metric/avg_cross_sa_asymmetry |        0.000363 |
|                        Eval/Return |               0 |
--------------------------------------------------------
--------------------------------------------------------
|                        Train/Steps |         1.8e+06 |
|                   Loss/Loss_critic |        2.32e-12 |
|                    Loss/Loss_actor |        7.37e-06 |
|                    Loss/Loss_alpha |        5.47e-10 |
|      Loss/Loss_state_action_metric |         0.00279 |
|             Loss/Loss_state_metric |          0.0021 |
|                  Loss/Act_rep_loss |        2.02e-07 |
|                          SAC/Alpha |        4.15e-09 |
|                     SAC/LogPi_mean |           0.368 |
|                        SAC/Q1_mean |       -7.36e-06 |
|                        SAC/Q2_mean |       -4.15e-06 |
|                   Norm/actor_model |            32.1 |
|                  Norm/critic_model |              24 |
|     Norm/state_action_metric_model |            54.1 |
|            Norm/state_metric_model |            72.6 |
|         Metric/self_state_distance |         0.00223 |
|        Metric/cross_state_distance |           0.914 |
|  Metric/self_state_action_distance |        0.000256 |
| Metric/cross_state_action_distance |           0.897 |
|    Metric/avg_self_state_asymmetry |               0 |
|   Metric/avg_cross_state_asymmetry |        0.000495 |
|       Metric/avg_self_sa_asymmetry |               0 |
|      Metric/avg_cross_sa_asymmetry |        0.000457 |
|                        Eval/Return |               0 |
--------------------------------------------------------
--------------------------------------------------------
|                        Train/Steps |        1.93e+06 |
|                   Loss/Loss_critic |        2.12e-10 |
|                    Loss/Loss_actor |       -2.57e-06 |
|                    Loss/Loss_alpha |        7.51e-10 |
|      Loss/Loss_state_action_metric |         0.00264 |
|             Loss/Loss_state_metric |         0.00209 |
|                  Loss/Act_rep_loss |        6.76e-08 |
|                          SAC/Alpha |        4.44e-09 |
|                     SAC/LogPi_mean |            0.36 |
|                        SAC/Q1_mean |        2.54e-06 |
|                        SAC/Q2_mean |        2.37e-05 |
|                   Norm/actor_model |            32.2 |
|                  Norm/critic_model |              24 |
|     Norm/state_action_metric_model |            55.6 |
|            Norm/state_metric_model |            75.5 |
|         Metric/self_state_distance |         0.00203 |
|        Metric/cross_state_distance |           0.914 |
|  Metric/self_state_action_distance |        7.89e-05 |
| Metric/cross_state_action_distance |           0.897 |
|    Metric/avg_self_state_asymmetry |               0 |
|   Metric/avg_cross_state_asymmetry |         0.00031 |
|       Metric/avg_self_sa_asymmetry |               0 |
|      Metric/avg_cross_sa_asymmetry |         0.00057 |
|                        Eval/Return |               0 |
--------------------------------------------------------
--------------------------------------------------------
|                        Train/Steps |        2.06e+06 |
|                   Loss/Loss_critic |        6.11e-12 |
|                    Loss/Loss_actor |         9.1e-06 |
|                    Loss/Loss_alpha |       -5.77e-10 |
|      Loss/Loss_state_action_metric |         0.00226 |
|             Loss/Loss_state_metric |         0.00174 |
|                  Loss/Act_rep_loss |        8.05e-08 |
|                          SAC/Alpha |        3.77e-09 |
|                     SAC/LogPi_mean |           0.631 |
|                        SAC/Q1_mean |       -4.88e-06 |
|                        SAC/Q2_mean |       -9.15e-06 |
|                   Norm/actor_model |            32.4 |
|                  Norm/critic_model |              24 |
|     Norm/state_action_metric_model |            57.2 |
|            Norm/state_metric_model |            77.7 |
|         Metric/self_state_distance |        0.000541 |
|        Metric/cross_state_distance |           0.917 |
|  Metric/self_state_action_distance |         6.7e-06 |
| Metric/cross_state_action_distance |           0.899 |
|    Metric/avg_self_state_asymmetry |               0 |
|   Metric/avg_cross_state_asymmetry |         0.00128 |
|       Metric/avg_self_sa_asymmetry |               0 |
|      Metric/avg_cross_sa_asymmetry |        0.000335 |
|                        Eval/Return |               0 |
--------------------------------------------------------
[32mSaving model …[0m
[32mDone.[0m
[32mSaving model …[0m
[32mDone.[0m
[32mSaving model …[0m
[32mDone.[0m
[32mSaving model …[0m
[32mDone.[0m
--------------------------------------------------------
|                        Train/Steps |        2.18e+06 |
|                   Loss/Loss_critic |        5.03e-11 |
|                    Loss/Loss_actor |        2.83e-06 |
|                    Loss/Loss_alpha |        1.55e-10 |
|      Loss/Loss_state_action_metric |         0.00224 |
|             Loss/Loss_state_metric |         0.00169 |
|                  Loss/Act_rep_loss |        9.72e-08 |
|                          SAC/Alpha |        3.27e-09 |
|                     SAC/LogPi_mean |           0.493 |
|                        SAC/Q1_mean |        -2.9e-06 |
|                        SAC/Q2_mean |        9.76e-06 |
|                   Norm/actor_model |            32.5 |
|                  Norm/critic_model |              24 |
|     Norm/state_action_metric_model |            58.2 |
|            Norm/state_metric_model |            81.5 |
|         Metric/self_state_distance |         0.00133 |
|        Metric/cross_state_distance |           0.917 |
|  Metric/self_state_action_distance |         6.5e-05 |
| Metric/cross_state_action_distance |           0.899 |
|    Metric/avg_self_state_asymmetry |               0 |
|   Metric/avg_cross_state_asymmetry |         0.00042 |
|       Metric/avg_self_sa_asymmetry |               0 |
|      Metric/avg_cross_sa_asymmetry |        0.000308 |
|                        Eval/Return |               0 |
--------------------------------------------------------
--------------------------------------------------------
|                        Train/Steps |        2.31e+06 |
|                   Loss/Loss_critic |        1.08e-10 |
|                    Loss/Loss_actor |        9.57e-06 |
|                    Loss/Loss_alpha |        4.61e-10 |
|      Loss/Loss_state_action_metric |         0.00268 |
|             Loss/Loss_state_metric |         0.00217 |
|                  Loss/Act_rep_loss |         3.9e-08 |
|                          SAC/Alpha |        3.22e-09 |
|                     SAC/LogPi_mean |           0.283 |
|                        SAC/Q1_mean |        1.62e-05 |
|                        SAC/Q2_mean |       -9.61e-06 |
|                   Norm/actor_model |            32.6 |
|                  Norm/critic_model |              24 |
|     Norm/state_action_metric_model |              59 |
|            Norm/state_metric_model |            82.5 |
|         Metric/self_state_distance |         0.00169 |
|        Metric/cross_state_distance |           0.919 |
|  Metric/self_state_action_distance |         1.7e-06 |
| Metric/cross_state_action_distance |           0.898 |
|    Metric/avg_self_state_asymmetry |               0 |
|   Metric/avg_cross_state_asymmetry |          0.0016 |
|       Metric/avg_self_sa_asymmetry |               0 |
|      Metric/avg_cross_sa_asymmetry |         0.00103 |
|                        Eval/Return |               0 |
--------------------------------------------------------
--------------------------------------------------------
|                        Train/Steps |        2.44e+06 |
|                   Loss/Loss_critic |        1.68e-10 |
|                    Loss/Loss_actor |        2.18e-05 |
|                    Loss/Loss_alpha |        5.65e-11 |
|      Loss/Loss_state_action_metric |         0.00264 |
|             Loss/Loss_state_metric |          0.0021 |
|                  Loss/Act_rep_loss |        6.37e-08 |
|                          SAC/Alpha |        2.79e-09 |
|                     SAC/LogPi_mean |           0.415 |
|                        SAC/Q1_mean |        1.48e-05 |
|                        SAC/Q2_mean |       -2.19e-05 |
|                   Norm/actor_model |            32.8 |
|                  Norm/critic_model |              24 |
|     Norm/state_action_metric_model |            60.2 |
|            Norm/state_metric_model |            85.2 |
|         Metric/self_state_distance |         0.00158 |
|        Metric/cross_state_distance |           0.915 |
|  Metric/self_state_action_distance |        0.000107 |
| Metric/cross_state_action_distance |           0.897 |
|    Metric/avg_self_state_asymmetry |               0 |
|   Metric/avg_cross_state_asymmetry |        0.000354 |
|       Metric/avg_self_sa_asymmetry |               0 |
|      Metric/avg_cross_sa_asymmetry |        0.000327 |
|                        Eval/Return |               0 |
--------------------------------------------------------
--------------------------------------------------------
|                        Train/Steps |        2.57e+06 |
|                   Loss/Loss_critic |        1.08e-10 |
|                    Loss/Loss_actor |         2.1e-05 |
|                    Loss/Loss_alpha |       -6.31e-11 |
|      Loss/Loss_state_action_metric |         0.00303 |
|             Loss/Loss_state_metric |         0.00248 |
|                  Loss/Act_rep_loss |        6.76e-08 |
|                          SAC/Alpha |        2.72e-09 |
|                     SAC/LogPi_mean |           0.476 |
|                        SAC/Q1_mean |       -2.11e-05 |
|                        SAC/Q2_mean |        7.63e-06 |
|                   Norm/actor_model |            32.9 |
|                  Norm/critic_model |              24 |
|     Norm/state_action_metric_model |            60.7 |
|            Norm/state_metric_model |            88.3 |
|         Metric/self_state_distance |        0.000783 |
|        Metric/cross_state_distance |           0.913 |
|  Metric/self_state_action_distance |        0.000249 |
| Metric/cross_state_action_distance |           0.895 |
|    Metric/avg_self_state_asymmetry |               0 |
|   Metric/avg_cross_state_asymmetry |        0.000423 |
|       Metric/avg_self_sa_asymmetry |               0 |
|      Metric/avg_cross_sa_asymmetry |        0.000464 |
|                        Eval/Return |               0 |
--------------------------------------------------------
--------------------------------------------------------
|                        Train/Steps |         2.7e+06 |
|                   Loss/Loss_critic |        1.22e-12 |
|                    Loss/Loss_actor |        5.32e-06 |
|                    Loss/Loss_alpha |       -4.22e-11 |
|      Loss/Loss_state_action_metric |         0.00381 |
|             Loss/Loss_state_metric |         0.00326 |
|                  Loss/Act_rep_loss |        1.07e-07 |
|                          SAC/Alpha |        2.55e-09 |
|                     SAC/LogPi_mean |           0.515 |
|                        SAC/Q1_mean |       -5.29e-06 |
|                        SAC/Q2_mean |       -4.63e-06 |
|                   Norm/actor_model |              33 |
|                  Norm/critic_model |              24 |
|     Norm/state_action_metric_model |            62.4 |
|            Norm/state_metric_model |            91.6 |
|         Metric/self_state_distance |         0.00113 |
|        Metric/cross_state_distance |           0.909 |
|  Metric/self_state_action_distance |        3.63e-05 |
| Metric/cross_state_action_distance |           0.891 |
|    Metric/avg_self_state_asymmetry |               0 |
|   Metric/avg_cross_state_asymmetry |          0.0005 |
|       Metric/avg_self_sa_asymmetry |               0 |
|      Metric/avg_cross_sa_asymmetry |        0.000355 |
|                        Eval/Return |               0 |
--------------------------------------------------------
--------------------------------------------------------
|                        Train/Steps |        2.82e+06 |
|                   Loss/Loss_critic |        2.17e-10 |
|                    Loss/Loss_actor |        1.95e-05 |
|                    Loss/Loss_alpha |        1.51e-10 |
|      Loss/Loss_state_action_metric |         0.00226 |
|             Loss/Loss_state_metric |          0.0017 |
|                  Loss/Act_rep_loss |        8.03e-08 |
|                          SAC/Alpha |        2.17e-09 |
|                     SAC/LogPi_mean |           0.459 |
|                        SAC/Q1_mean |        2.12e-05 |
|                        SAC/Q2_mean |       -1.96e-05 |
|                   Norm/actor_model |            33.1 |
|                  Norm/critic_model |              24 |
|     Norm/state_action_metric_model |              63 |
|            Norm/state_metric_model |            93.6 |
|         Metric/self_state_distance |        0.000635 |
|        Metric/cross_state_distance |           0.916 |
|  Metric/self_state_action_distance |        4.63e-05 |
| Metric/cross_state_action_distance |           0.899 |
|    Metric/avg_self_state_asymmetry |               0 |
|   Metric/avg_cross_state_asymmetry |        0.000244 |
|       Metric/avg_self_sa_asymmetry |               0 |
|      Metric/avg_cross_sa_asymmetry |        0.000381 |
|                        Eval/Return |               0 |
--------------------------------------------------------
--------------------------------------------------------
|                        Train/Steps |        2.95e+06 |
|                   Loss/Loss_critic |        2.14e-11 |
|                    Loss/Loss_actor |         2.4e-07 |
|                    Loss/Loss_alpha |         2.6e-10 |
|      Loss/Loss_state_action_metric |         0.00227 |
|             Loss/Loss_state_metric |         0.00171 |
|                  Loss/Act_rep_loss |         4.6e-08 |
|                          SAC/Alpha |        2.07e-09 |
|                     SAC/LogPi_mean |           0.332 |
|                        SAC/Q1_mean |       -2.67e-07 |
|                        SAC/Q2_mean |        5.64e-06 |
|                   Norm/actor_model |            33.2 |
|                  Norm/critic_model |              24 |
|     Norm/state_action_metric_model |            64.1 |
|            Norm/state_metric_model |            96.3 |
|         Metric/self_state_distance |        0.000397 |
|        Metric/cross_state_distance |           0.916 |
|  Metric/self_state_action_distance |        0.000149 |
| Metric/cross_state_action_distance |           0.899 |
|    Metric/avg_self_state_asymmetry |               0 |
|   Metric/avg_cross_state_asymmetry |        0.000303 |
|       Metric/avg_self_sa_asymmetry |               0 |
|      Metric/avg_cross_sa_asymmetry |        0.000255 |
|                        Eval/Return |               0 |
--------------------------------------------------------
--------------------------------------------------------
|                        Train/Steps |        3.08e+06 |
|                   Loss/Loss_critic |        6.93e-10 |
|                    Loss/Loss_actor |        3.02e-06 |
|                    Loss/Loss_alpha |        2.72e-10 |
|      Loss/Loss_state_action_metric |         0.00303 |
|             Loss/Loss_state_metric |         0.00247 |
|                  Loss/Act_rep_loss |        8.31e-08 |
|                          SAC/Alpha |        2.01e-09 |
|                     SAC/LogPi_mean |           0.473 |
|                        SAC/Q1_mean |       -3.07e-06 |
|                        SAC/Q2_mean |        4.94e-05 |
|                   Norm/actor_model |            33.3 |
|                  Norm/critic_model |              24 |
|     Norm/state_action_metric_model |            65.4 |
|            Norm/state_metric_model |            98.7 |
|         Metric/self_state_distance |         0.00137 |
|        Metric/cross_state_distance |           0.912 |
|  Metric/self_state_action_distance |        5.85e-05 |
| Metric/cross_state_action_distance |           0.895 |
|    Metric/avg_self_state_asymmetry |               0 |
|   Metric/avg_cross_state_asymmetry |         0.00074 |
|       Metric/avg_self_sa_asymmetry |               0 |
|      Metric/avg_cross_sa_asymmetry |        0.000373 |
|                        Eval/Return |               0 |
--------------------------------------------------------
[32mSaving model …[0m
[32mDone.[0m
[32mSaving model …[0m
[32mDone.[0m
[32mSaving model …[0m
[32mDone.[0m
[32mSaving model …[0m
[32mDone.[0m
--------------------------------------------------------
|                        Train/Steps |        3.21e+06 |
|                   Loss/Loss_critic |        3.98e-10 |
|                    Loss/Loss_actor |        4.12e-05 |
|                    Loss/Loss_alpha |        2.83e-10 |
|      Loss/Loss_state_action_metric |         0.00306 |
|             Loss/Loss_state_metric |         0.00249 |
|                  Loss/Act_rep_loss |        1.07e-07 |
|                          SAC/Alpha |        1.92e-09 |
|                     SAC/LogPi_mean |           0.434 |
|                        SAC/Q1_mean |       -4.13e-05 |
|                        SAC/Q2_mean |       -1.61e-05 |
|                   Norm/actor_model |            33.3 |
|                  Norm/critic_model |              24 |
|     Norm/state_action_metric_model |            65.6 |
|            Norm/state_metric_model |             102 |
|         Metric/self_state_distance |        0.000659 |
|        Metric/cross_state_distance |           0.913 |
|  Metric/self_state_action_distance |        8.08e-05 |
| Metric/cross_state_action_distance |           0.896 |
|    Metric/avg_self_state_asymmetry |               0 |
|   Metric/avg_cross_state_asymmetry |        0.000379 |
|       Metric/avg_self_sa_asymmetry |               0 |
|      Metric/avg_cross_sa_asymmetry |        0.000586 |
|                        Eval/Return |               0 |
--------------------------------------------------------
--------------------------------------------------------
|                        Train/Steps |        3.34e+06 |
|                   Loss/Loss_critic |        1.14e-11 |
|                    Loss/Loss_actor |        2.12e-06 |
|                    Loss/Loss_alpha |       -1.72e-10 |
|      Loss/Loss_state_action_metric |         0.00227 |
|             Loss/Loss_state_metric |         0.00172 |
|                  Loss/Act_rep_loss |        1.66e-07 |
|                          SAC/Alpha |        1.85e-09 |
|                     SAC/LogPi_mean |           0.518 |
|                        SAC/Q1_mean |        2.76e-06 |
|                        SAC/Q2_mean |       -2.09e-06 |
|                   Norm/actor_model |            33.4 |
|                  Norm/critic_model |              24 |
|     Norm/state_action_metric_model |              67 |
|            Norm/state_metric_model |             104 |
|         Metric/self_state_distance |        0.000377 |
|        Metric/cross_state_distance |           0.917 |
|  Metric/self_state_action_distance |        0.000686 |
| Metric/cross_state_action_distance |           0.899 |
|    Metric/avg_self_state_asymmetry |               0 |
|   Metric/avg_cross_state_asymmetry |        0.000827 |
|       Metric/avg_self_sa_asymmetry |               0 |
|      Metric/avg_cross_sa_asymmetry |        0.000774 |
|                        Eval/Return |               0 |
--------------------------------------------------------
--------------------------------------------------------
|                        Train/Steps |        3.46e+06 |
|                   Loss/Loss_critic |        6.91e-10 |
|                    Loss/Loss_actor |        3.79e-06 |
|                    Loss/Loss_alpha |       -5.12e-11 |
|      Loss/Loss_state_action_metric |         0.00268 |
|             Loss/Loss_state_metric |         0.00212 |
|                  Loss/Act_rep_loss |        6.92e-08 |
|                          SAC/Alpha |        1.83e-09 |
|                     SAC/LogPi_mean |           0.478 |
|                        SAC/Q1_mean |        4.95e-05 |
|                        SAC/Q2_mean |       -3.82e-06 |
|                   Norm/actor_model |            33.5 |
|                  Norm/critic_model |              24 |
|     Norm/state_action_metric_model |            67.7 |
|            Norm/state_metric_model |             106 |
|         Metric/self_state_distance |        0.000408 |
|        Metric/cross_state_distance |           0.913 |
|  Metric/self_state_action_distance |        0.000148 |
| Metric/cross_state_action_distance |           0.896 |
|    Metric/avg_self_state_asymmetry |               0 |
|   Metric/avg_cross_state_asymmetry |        0.000201 |
|       Metric/avg_self_sa_asymmetry |               0 |
|      Metric/avg_cross_sa_asymmetry |        0.000264 |
|                        Eval/Return |               0 |
--------------------------------------------------------
--------------------------------------------------------
|                        Train/Steps |        3.59e+06 |
|                   Loss/Loss_critic |        5.95e-10 |
|                    Loss/Loss_actor |        4.54e-05 |
|                    Loss/Loss_alpha |       -1.83e-10 |
|      Loss/Loss_state_action_metric |         0.00228 |
|             Loss/Loss_state_metric |         0.00173 |
|                  Loss/Act_rep_loss |        3.41e-08 |
|                          SAC/Alpha |        1.81e-09 |
|                     SAC/LogPi_mean |           0.574 |
|                        SAC/Q1_mean |        2.13e-05 |
|                        SAC/Q2_mean |       -4.54e-05 |
|                   Norm/actor_model |            33.6 |
|                  Norm/critic_model |              24 |
|     Norm/state_action_metric_model |            68.3 |
|            Norm/state_metric_model |             107 |
|         Metric/self_state_distance |        0.000825 |
|        Metric/cross_state_distance |           0.916 |
|  Metric/self_state_action_distance |         9.5e-06 |
| Metric/cross_state_action_distance |           0.899 |
|    Metric/avg_self_state_asymmetry |               0 |
|   Metric/avg_cross_state_asymmetry |        0.000638 |
|       Metric/avg_self_sa_asymmetry |               0 |
|      Metric/avg_cross_sa_asymmetry |        0.000881 |
|                        Eval/Return |               0 |
--------------------------------------------------------
--------------------------------------------------------
|                        Train/Steps |        3.72e+06 |
|                   Loss/Loss_critic |        2.33e-11 |
|                    Loss/Loss_actor |        7.92e-07 |
|                    Loss/Loss_alpha |       -1.07e-10 |
|      Loss/Loss_state_action_metric |         0.00226 |
|             Loss/Loss_state_metric |          0.0017 |
|                  Loss/Act_rep_loss |        3.16e-08 |
|                          SAC/Alpha |        1.83e-09 |
|                     SAC/LogPi_mean |           0.514 |
|                        SAC/Q1_mean |       -8.16e-07 |
|                        SAC/Q2_mean |        6.66e-06 |
|                   Norm/actor_model |            33.7 |
|                  Norm/critic_model |              24 |
|     Norm/state_action_metric_model |            69.3 |
|            Norm/state_metric_model |             109 |
|         Metric/self_state_distance |           0.002 |
|        Metric/cross_state_distance |           0.915 |
|  Metric/self_state_action_distance |        6.51e-06 |
| Metric/cross_state_action_distance |           0.899 |
|    Metric/avg_self_state_asymmetry |               0 |
|   Metric/avg_cross_state_asymmetry |        0.000791 |
|       Metric/avg_self_sa_asymmetry |               0 |
|      Metric/avg_cross_sa_asymmetry |        0.000239 |
|                        Eval/Return |               0 |
--------------------------------------------------------
--------------------------------------------------------
|                        Train/Steps |        3.85e+06 |
|                   Loss/Loss_critic |        2.68e-10 |
|                    Loss/Loss_actor |        1.23e-05 |
|                    Loss/Loss_alpha |        1.09e-10 |
|      Loss/Loss_state_action_metric |         0.00303 |
|             Loss/Loss_state_metric |         0.00248 |
|                  Loss/Act_rep_loss |        7.31e-08 |
|                          SAC/Alpha |        1.71e-09 |
|                     SAC/LogPi_mean |           0.448 |
|                        SAC/Q1_mean |        2.84e-05 |
|                        SAC/Q2_mean |       -1.23e-05 |
|                   Norm/actor_model |            33.7 |
|                  Norm/critic_model |              24 |
|     Norm/state_action_metric_model |            70.1 |
|            Norm/state_metric_model |             112 |
|         Metric/self_state_distance |        0.000775 |
|        Metric/cross_state_distance |           0.912 |
|  Metric/self_state_action_distance |        5.28e-05 |
| Metric/cross_state_action_distance |           0.895 |
|    Metric/avg_self_state_asymmetry |               0 |
|   Metric/avg_cross_state_asymmetry |        0.000225 |
|       Metric/avg_self_sa_asymmetry |               0 |
|      Metric/avg_cross_sa_asymmetry |        0.000259 |
|                        Eval/Return |               0 |
--------------------------------------------------------
--------------------------------------------------------
|                        Train/Steps |        3.98e+06 |
|                   Loss/Loss_critic |        1.36e-09 |
|                    Loss/Loss_actor |        6.29e-06 |
|                    Loss/Loss_alpha |        2.84e-11 |
|      Loss/Loss_state_action_metric |         0.00265 |
|             Loss/Loss_state_metric |          0.0021 |
|                  Loss/Act_rep_loss |        3.32e-08 |
|                          SAC/Alpha |        1.58e-09 |
|                     SAC/LogPi_mean |           0.523 |
|                        SAC/Q1_mean |        7.11e-05 |
|                        SAC/Q2_mean |       -6.32e-06 |
|                   Norm/actor_model |            33.8 |
|                  Norm/critic_model |              24 |
|     Norm/state_action_metric_model |            71.2 |
|            Norm/state_metric_model |             114 |
|         Metric/self_state_distance |         5.8e-05 |
|        Metric/cross_state_distance |           0.914 |
|  Metric/self_state_action_distance |        0.000112 |
| Metric/cross_state_action_distance |           0.897 |
|    Metric/avg_self_state_asymmetry |               0 |
|   Metric/avg_cross_state_asymmetry |        0.000242 |
|       Metric/avg_self_sa_asymmetry |               0 |
|      Metric/avg_cross_sa_asymmetry |        0.000264 |
|                        Eval/Return |               0 |
--------------------------------------------------------
--------------------------------------------------------
|                        Train/Steps |         4.1e+06 |
|                   Loss/Loss_critic |        8.74e-13 |
|                    Loss/Loss_actor |        3.43e-06 |
|                    Loss/Loss_alpha |        -1.7e-11 |
|      Loss/Loss_state_action_metric |         0.00265 |
|             Loss/Loss_state_metric |          0.0021 |
|                  Loss/Act_rep_loss |        3.25e-08 |
|                          SAC/Alpha |        1.45e-09 |
|                     SAC/LogPi_mean |           0.393 |
|                        SAC/Q1_mean |       -9.56e-07 |
|                        SAC/Q2_mean |       -3.46e-06 |
|                   Norm/actor_model |            33.9 |
|                  Norm/critic_model |              24 |
|     Norm/state_action_metric_model |            72.4 |
|            Norm/state_metric_model |             117 |
|         Metric/self_state_distance |        5.94e-05 |
|        Metric/cross_state_distance |           0.914 |
|  Metric/self_state_action_distance |        6.53e-05 |
| Metric/cross_state_action_distance |           0.897 |
|    Metric/avg_self_state_asymmetry |               0 |
|   Metric/avg_cross_state_asymmetry |        0.000543 |
|       Metric/avg_self_sa_asymmetry |               0 |
|      Metric/avg_cross_sa_asymmetry |         0.00026 |
|                        Eval/Return |               0 |
--------------------------------------------------------
[32mSaving model …[0m
[32mDone.[0m
[32mSaving model …[0m
[32mDone.[0m
[32mSaving model …[0m
[32mDone.[0m
[32mSaving model …[0m
[32mDone.[0m
--------------------------------------------------------
|                        Train/Steps |        4.23e+06 |
|                   Loss/Loss_critic |        2.15e-10 |
|                    Loss/Loss_actor |       -6.46e-06 |
|                    Loss/Loss_alpha |        4.89e-10 |
|      Loss/Loss_state_action_metric |         0.00268 |
|             Loss/Loss_state_metric |         0.00209 |
|                  Loss/Act_rep_loss |        1.51e-08 |
|                          SAC/Alpha |        1.21e-09 |
|                     SAC/LogPi_mean |           0.116 |
|                        SAC/Q1_mean |        6.46e-06 |
|                        SAC/Q2_mean |        2.61e-05 |
|                   Norm/actor_model |              34 |
|                  Norm/critic_model |              24 |
|     Norm/state_action_metric_model |            73.1 |
|            Norm/state_metric_model |             119 |
|         Metric/self_state_distance |         0.00037 |
|        Metric/cross_state_distance |           0.914 |
|  Metric/self_state_action_distance |         0.00311 |
| Metric/cross_state_action_distance |           0.897 |
|    Metric/avg_self_state_asymmetry |               0 |
|   Metric/avg_cross_state_asymmetry |         0.00035 |
|       Metric/avg_self_sa_asymmetry |               0 |
|      Metric/avg_cross_sa_asymmetry |        0.000326 |
|                        Eval/Return |               0 |
--------------------------------------------------------
--------------------------------------------------------
|                        Train/Steps |        4.36e+06 |
|                   Loss/Loss_critic |        3.49e-10 |
|                    Loss/Loss_actor |        3.07e-05 |
|                    Loss/Loss_alpha |        2.22e-10 |
|      Loss/Loss_state_action_metric |         0.00303 |
|             Loss/Loss_state_metric |         0.00248 |
|                  Loss/Act_rep_loss |        7.65e-09 |
|                          SAC/Alpha |        1.08e-09 |
|                     SAC/LogPi_mean |           0.375 |
|                        SAC/Q1_mean |         2.2e-05 |
|                        SAC/Q2_mean |       -3.07e-05 |
|                   Norm/actor_model |              34 |
|                  Norm/critic_model |              24 |
|     Norm/state_action_metric_model |            73.7 |
|            Norm/state_metric_model |             120 |
|         Metric/self_state_distance |        9.66e-05 |
|        Metric/cross_state_distance |           0.913 |
|  Metric/self_state_action_distance |        9.42e-06 |
| Metric/cross_state_action_distance |           0.895 |
|    Metric/avg_self_state_asymmetry |               0 |
|   Metric/avg_cross_state_asymmetry |        0.000268 |
|       Metric/avg_self_sa_asymmetry |               0 |
|      Metric/avg_cross_sa_asymmetry |        0.000265 |
|                        Eval/Return |               0 |
--------------------------------------------------------
--------------------------------------------------------
|                        Train/Steps |        4.49e+06 |
|                   Loss/Loss_critic |        8.09e-10 |
|                    Loss/Loss_actor |        5.69e-05 |
|                    Loss/Loss_alpha |        1.35e-10 |
|      Loss/Loss_state_action_metric |         0.00304 |
|             Loss/Loss_state_metric |         0.00249 |
|                  Loss/Act_rep_loss |        7.59e-09 |
|                          SAC/Alpha |         9.7e-10 |
|                     SAC/LogPi_mean |           0.344 |
|                        SAC/Q1_mean |       -5.69e-05 |
|                        SAC/Q2_mean |        -1.6e-05 |
|                   Norm/actor_model |              34 |
|                  Norm/critic_model |              24 |
|     Norm/state_action_metric_model |            74.4 |
|            Norm/state_metric_model |             121 |
|         Metric/self_state_distance |        0.000382 |
|        Metric/cross_state_distance |           0.913 |
|  Metric/self_state_action_distance |        0.000694 |
| Metric/cross_state_action_distance |           0.895 |
|    Metric/avg_self_state_asymmetry |               0 |
|   Metric/avg_cross_state_asymmetry |        0.000376 |
|       Metric/avg_self_sa_asymmetry |               0 |
|      Metric/avg_cross_sa_asymmetry |        0.000251 |
|                        Eval/Return |               0 |
--------------------------------------------------------
--------------------------------------------------------
|                        Train/Steps |        4.62e+06 |
|                   Loss/Loss_critic |        1.59e-09 |
|                    Loss/Loss_actor |        1.77e-05 |
|                    Loss/Loss_alpha |        1.72e-10 |
|      Loss/Loss_state_action_metric |         0.00225 |
|             Loss/Loss_state_metric |         0.00171 |
|                  Loss/Act_rep_loss |        5.78e-09 |
|                          SAC/Alpha |        8.79e-10 |
|                     SAC/LogPi_mean |           0.291 |
|                        SAC/Q1_mean |        7.68e-05 |
|                        SAC/Q2_mean |       -1.77e-05 |
|                   Norm/actor_model |            34.1 |
|                  Norm/critic_model |              24 |
|     Norm/state_action_metric_model |            75.4 |
|            Norm/state_metric_model |             123 |
|         Metric/self_state_distance |        0.000276 |
|        Metric/cross_state_distance |           0.919 |
|  Metric/self_state_action_distance |        6.77e-08 |
| Metric/cross_state_action_distance |           0.899 |
|    Metric/avg_self_state_asymmetry |               0 |
|   Metric/avg_cross_state_asymmetry |        0.000587 |
|       Metric/avg_self_sa_asymmetry |               0 |
|      Metric/avg_cross_sa_asymmetry |        0.000346 |
|                        Eval/Return |               0 |
--------------------------------------------------------
--------------------------------------------------------
|                        Train/Steps |        4.74e+06 |
|                   Loss/Loss_critic |        2.69e-12 |
|                    Loss/Loss_actor |        4.45e-06 |
|                    Loss/Loss_alpha |        1.94e-10 |
|      Loss/Loss_state_action_metric |         0.00223 |
|             Loss/Loss_state_metric |         0.00169 |
|                  Loss/Act_rep_loss |        7.74e-09 |
|                          SAC/Alpha |        8.01e-10 |
|                     SAC/LogPi_mean |           0.287 |
|                        SAC/Q1_mean |       -2.98e-06 |
|                        SAC/Q2_mean |       -4.45e-06 |
|                   Norm/actor_model |            34.1 |
|                  Norm/critic_model |              24 |
|     Norm/state_action_metric_model |            76.2 |
|            Norm/state_metric_model |             126 |
|         Metric/self_state_distance |        0.000179 |
|        Metric/cross_state_distance |           0.916 |
|  Metric/self_state_action_distance |        1.47e-05 |
| Metric/cross_state_action_distance |             0.9 |
|    Metric/avg_self_state_asymmetry |               0 |
|   Metric/avg_cross_state_asymmetry |        0.000433 |
|       Metric/avg_self_sa_asymmetry |               0 |
|      Metric/avg_cross_sa_asymmetry |        0.000396 |
|                        Eval/Return |               0 |
--------------------------------------------------------
--------------------------------------------------------
|                        Train/Steps |        4.87e+06 |
|                   Loss/Loss_critic |        1.73e-09 |
|                    Loss/Loss_actor |        8.44e-05 |
|                    Loss/Loss_alpha |        4.44e-11 |
|      Loss/Loss_state_action_metric |         0.00225 |
|             Loss/Loss_state_metric |          0.0017 |
|                  Loss/Act_rep_loss |        3.74e-09 |
|                          SAC/Alpha |        7.38e-10 |
|                     SAC/LogPi_mean |           0.429 |
|                        SAC/Q1_mean |        6.09e-06 |
|                        SAC/Q2_mean |       -8.44e-05 |
|                   Norm/actor_model |            34.2 |
|                  Norm/critic_model |              24 |
|     Norm/state_action_metric_model |            77.6 |
|            Norm/state_metric_model |             129 |
|         Metric/self_state_distance |        0.000151 |
|        Metric/cross_state_distance |           0.916 |
|  Metric/self_state_action_distance |        0.000121 |
| Metric/cross_state_action_distance |           0.899 |
|    Metric/avg_self_state_asymmetry |               0 |
|   Metric/avg_cross_state_asymmetry |        0.000252 |
|       Metric/avg_self_sa_asymmetry |               0 |
|      Metric/avg_cross_sa_asymmetry |        0.000305 |
|                        Eval/Return |               0 |
--------------------------------------------------------
--------------------------------------------------------
|                        Train/Steps |           5e+06 |
|                   Loss/Loss_critic |        7.52e-13 |
|                    Loss/Loss_actor |        1.17e-06 |
|                    Loss/Loss_alpha |        8.19e-11 |
|      Loss/Loss_state_action_metric |         0.00263 |
|             Loss/Loss_state_metric |         0.00208 |
|                  Loss/Act_rep_loss |        4.13e-09 |
|                          SAC/Alpha |        6.79e-10 |
|                     SAC/LogPi_mean |           0.444 |
|                        SAC/Q1_mean |       -1.17e-06 |
|                        SAC/Q2_mean |        4.91e-07 |
|                   Norm/actor_model |            34.2 |
|                  Norm/critic_model |              24 |
|     Norm/state_action_metric_model |            78.3 |
|            Norm/state_metric_model |             131 |
|         Metric/self_state_distance |        8.84e-05 |
|        Metric/cross_state_distance |           0.914 |
|  Metric/self_state_action_distance |        0.000116 |
| Metric/cross_state_action_distance |           0.898 |
|    Metric/avg_self_state_asymmetry |               0 |
|   Metric/avg_cross_state_asymmetry |        0.000465 |
|       Metric/avg_self_sa_asymmetry |               0 |
|      Metric/avg_cross_sa_asymmetry |        0.000479 |
|                        Eval/Return |               0 |
--------------------------------------------------------
[32mSaving model …[0m
[32mDone.[0m
[32mSaving model …[0m
[32mDone.[0m
