E0923 21:23:25.811387 3248172 cuda_executor.cc:1526] Could not get kernel mode driver version: (INVALID_ARGUMENT: Version does not match the format X.Y.Z)
E0923 21:23:25.820004 3248062 cuda_executor.cc:1526] Could not get kernel mode driver version: (INVALID_ARGUMENT: Version does not match the format X.Y.Z)
[32mStart prefilling replay buffer[0m
[32mStart SAC training[0m
[32m{'log_freq': 1000, 'save_freq': 1000000, 'eval_episode_freq': 10, 'hidden_size': 256, 'lr': 0.001, 'max_grad_norm': 0.0, 'gamma': 0.99, 'update_tau': 0.005, 'train_per_step': 8, 'episode_length': 1000, 'warmup_samples': 8192, 'max_replay_size': 4000000, 'batch_size': 512, 'total_env_steps': 5000000, 'init_temperature': 0.1, 'nstep': 3, 'bootstrap_on_truncation': True, 'rep_lr_scale': 1.5, 'vis_feq': 100000, 'n_vis_frames': 4, 'num_envs': 128, 'grad_steps': 50, 'transfer_freq': 10, 'transfer_steps': 8, 'reward_scaling': 1.0, 'num_eval_envs': 128, 'target_entropy': -3.0}[0m
[32m[nstep] nstep=3 bootstrap_on_truncation=True (discount from the buffer already contains gamma^nstep)[0m
-----------------------------------------------------------------
|                                 Train/Steps |        1.36e+05 |
|                            Loss/Loss_critic |           0.105 |
|                             Loss/Loss_actor |           -11.9 |
|                             Loss/Loss_alpha |        -0.00959 |
|               Loss/Loss_state_action_metric |         0.00158 |
|                      Loss/Loss_state_metric |         0.00127 |
|             Loss/Loss_state_action_to_state |         2.5e-05 |
|                           Loss/Act_rep_loss |          0.0339 |
|                                   SAC/Alpha |          0.0152 |
|                              SAC/LogPi_mean |            3.69 |
|                                 SAC/Q1_mean |            11.7 |
|                                 SAC/Q2_mean |            11.7 |
|                            Norm/actor_model |            43.1 |
|                           Norm/critic_model |            52.3 |
|              Norm/state_action_metric_model |            31.3 |
|                     Norm/state_metric_model |            31.1 |
|        Norm/state_action_state_metric_model |            31.2 |
|                  Metric/self_state_distance |        0.000109 |
|                 Metric/cross_state_distance |           0.965 |
|           Metric/self_state_action_distance |         0.00174 |
|          Metric/cross_state_action_distance |           0.952 |
|             Metric/avg_self_state_asymmetry |               0 |
|            Metric/avg_cross_state_asymmetry |         0.00273 |
|                Metric/avg_self_sa_asymmetry |               0 |
|               Metric/avg_cross_sa_asymmetry |         0.00349 |
|  Metric/self_state_action_to_state_distance |         0.00063 |
| Metric/cross_state_action_to_state_distance |           0.957 |
|                   Metric/h_lambda_diff_self |         0.00132 |
|                  Metric/h_lambda_diff_cross |          0.0056 |
|                                 Eval/Return |             155 |
-----------------------------------------------------------------
-----------------------------------------------------------------
|                                 Train/Steps |        2.64e+05 |
|                            Loss/Loss_critic |           0.212 |
|                             Loss/Loss_actor |           -32.7 |
|                             Loss/Loss_alpha |         0.00543 |
|               Loss/Loss_state_action_metric |         0.00167 |
|                      Loss/Loss_state_metric |         0.00123 |
|             Loss/Loss_state_action_to_state |        2.36e-05 |
|                           Loss/Act_rep_loss |          0.0208 |
|                                   SAC/Alpha |           0.025 |
|                              SAC/LogPi_mean |            2.75 |
|                                 SAC/Q1_mean |            32.6 |
|                                 SAC/Q2_mean |            32.7 |
|                            Norm/actor_model |            57.7 |
|                           Norm/critic_model |            71.3 |
|              Norm/state_action_metric_model |            33.4 |
|                     Norm/state_metric_model |            32.7 |
|        Norm/state_action_state_metric_model |            33.3 |
|                  Metric/self_state_distance |          0.0022 |
|                 Metric/cross_state_distance |            1.01 |
|           Metric/self_state_action_distance |          0.0013 |
|          Metric/cross_state_action_distance |            1.01 |
|             Metric/avg_self_state_asymmetry |               0 |
|            Metric/avg_cross_state_asymmetry |         0.00363 |
|                Metric/avg_self_sa_asymmetry |               0 |
|               Metric/avg_cross_sa_asymmetry |         0.00228 |
|  Metric/self_state_action_to_state_distance |        0.000274 |
| Metric/cross_state_action_to_state_distance |           0.999 |
|                   Metric/h_lambda_diff_self |         0.00113 |
|                  Metric/h_lambda_diff_cross |         0.00819 |
|                                 Eval/Return |             770 |
-----------------------------------------------------------------
-----------------------------------------------------------------
|                                 Train/Steps |        3.92e+05 |
|                            Loss/Loss_critic |           0.257 |
|                             Loss/Loss_actor |           -48.8 |
|                             Loss/Loss_alpha |        -0.00165 |
|               Loss/Loss_state_action_metric |         0.00245 |
|                      Loss/Loss_state_metric |         0.00178 |
|             Loss/Loss_state_action_to_state |        1.77e-05 |
|                           Loss/Act_rep_loss |          0.0223 |
|                                   SAC/Alpha |          0.0286 |
|                              SAC/LogPi_mean |            2.93 |
|                                 SAC/Q1_mean |            48.8 |
|                                 SAC/Q2_mean |            48.8 |
|                            Norm/actor_model |            66.8 |
|                           Norm/critic_model |            83.8 |
|              Norm/state_action_metric_model |            35.4 |
|                     Norm/state_metric_model |            34.9 |
|        Norm/state_action_state_metric_model |            35.8 |
|                  Metric/self_state_distance |        0.000546 |
|                 Metric/cross_state_distance |               1 |
|           Metric/self_state_action_distance |         0.00109 |
|          Metric/cross_state_action_distance |               1 |
|             Metric/avg_self_state_asymmetry |               0 |
|            Metric/avg_cross_state_asymmetry |         0.00308 |
|                Metric/avg_self_sa_asymmetry |               0 |
|               Metric/avg_cross_sa_asymmetry |         0.00253 |
|  Metric/self_state_action_to_state_distance |        0.000472 |
| Metric/cross_state_action_to_state_distance |               1 |
|                   Metric/h_lambda_diff_self |         0.00126 |
|                  Metric/h_lambda_diff_cross |         0.00341 |
|                                 Eval/Return |             851 |
-----------------------------------------------------------------
-----------------------------------------------------------------
|                                 Train/Steps |         5.2e+05 |
|                            Loss/Loss_critic |           0.214 |
|                             Loss/Loss_actor |           -59.3 |
|                             Loss/Loss_alpha |        -0.00475 |
|               Loss/Loss_state_action_metric |         0.00225 |
|                      Loss/Loss_state_metric |         0.00117 |
|             Loss/Loss_state_action_to_state |        1.52e-05 |
|                           Loss/Act_rep_loss |          0.0231 |
|                                   SAC/Alpha |           0.027 |
|                              SAC/LogPi_mean |             3.3 |
|                                 SAC/Q1_mean |            59.3 |
|                                 SAC/Q2_mean |            59.2 |
|                            Norm/actor_model |            73.9 |
|                           Norm/critic_model |            92.9 |
|              Norm/state_action_metric_model |            37.6 |
|                     Norm/state_metric_model |            37.2 |
|        Norm/state_action_state_metric_model |            38.2 |
|                  Metric/self_state_distance |           0.001 |
|                 Metric/cross_state_distance |            1.01 |
|           Metric/self_state_action_distance |         0.00191 |
|          Metric/cross_state_action_distance |            1.01 |
|             Metric/avg_self_state_asymmetry |               0 |
|            Metric/avg_cross_state_asymmetry |         0.00167 |
|                Metric/avg_self_sa_asymmetry |               0 |
|               Metric/avg_cross_sa_asymmetry |         0.00314 |
|  Metric/self_state_action_to_state_distance |        0.000377 |
| Metric/cross_state_action_to_state_distance |            1.01 |
|                   Metric/h_lambda_diff_self |         0.00191 |
|                  Metric/h_lambda_diff_cross |         0.00331 |
|                                 Eval/Return |             856 |
-----------------------------------------------------------------
-----------------------------------------------------------------
|                                 Train/Steps |        6.48e+05 |
|                            Loss/Loss_critic |            0.19 |
|                             Loss/Loss_actor |           -64.6 |
|                             Loss/Loss_alpha |        0.000361 |
|               Loss/Loss_state_action_metric |         0.00243 |
|                      Loss/Loss_state_metric |         0.00197 |
|             Loss/Loss_state_action_to_state |        1.58e-05 |
|                           Loss/Act_rep_loss |          0.0281 |
|                                   SAC/Alpha |          0.0268 |
|                              SAC/LogPi_mean |            3.09 |
|                                 SAC/Q1_mean |            64.6 |
|                                 SAC/Q2_mean |            64.7 |
|                            Norm/actor_model |            79.7 |
|                           Norm/critic_model |            99.7 |
|              Norm/state_action_metric_model |              40 |
|                     Norm/state_metric_model |            39.2 |
|        Norm/state_action_state_metric_model |            40.7 |
|                  Metric/self_state_distance |        0.000193 |
|                 Metric/cross_state_distance |           0.999 |
|           Metric/self_state_action_distance |        0.000597 |
|          Metric/cross_state_action_distance |           0.998 |
|             Metric/avg_self_state_asymmetry |               0 |
|            Metric/avg_cross_state_asymmetry |           0.002 |
|                Metric/avg_self_sa_asymmetry |               0 |
|               Metric/avg_cross_sa_asymmetry |         0.00233 |
|  Metric/self_state_action_to_state_distance |         0.00059 |
| Metric/cross_state_action_to_state_distance |           0.998 |
|                   Metric/h_lambda_diff_self |        0.000785 |
|                  Metric/h_lambda_diff_cross |         0.00345 |
|                                 Eval/Return |             894 |
-----------------------------------------------------------------
-----------------------------------------------------------------
|                                 Train/Steps |        7.76e+05 |
|                            Loss/Loss_critic |           0.177 |
|                             Loss/Loss_actor |             -71 |
|                             Loss/Loss_alpha |        -0.00417 |
|               Loss/Loss_state_action_metric |         0.00507 |
|                      Loss/Loss_state_metric |         0.00263 |
|             Loss/Loss_state_action_to_state |         0.00112 |
|                           Loss/Act_rep_loss |          0.0281 |
|                                   SAC/Alpha |          0.0246 |
|                              SAC/LogPi_mean |            3.15 |
|                                 SAC/Q1_mean |              71 |
|                                 SAC/Q2_mean |              71 |
|                            Norm/actor_model |            85.1 |
|                           Norm/critic_model |             106 |
|              Norm/state_action_metric_model |            42.7 |
|                     Norm/state_metric_model |              42 |
|        Norm/state_action_state_metric_model |            42.5 |
|                  Metric/self_state_distance |         0.00216 |
|                 Metric/cross_state_distance |           0.991 |
|           Metric/self_state_action_distance |         0.00146 |
|          Metric/cross_state_action_distance |           0.989 |
|             Metric/avg_self_state_asymmetry |               0 |
|            Metric/avg_cross_state_asymmetry |         0.00176 |
|                Metric/avg_self_sa_asymmetry |               0 |
|               Metric/avg_cross_sa_asymmetry |         0.00395 |
|  Metric/self_state_action_to_state_distance |        7.76e-06 |
| Metric/cross_state_action_to_state_distance |           0.986 |
|                   Metric/h_lambda_diff_self |         0.00146 |
|                  Metric/h_lambda_diff_cross |         0.00648 |
|                                 Eval/Return |             893 |
-----------------------------------------------------------------
-----------------------------------------------------------------
|                                 Train/Steps |        9.04e+05 |
|                            Loss/Loss_critic |           0.134 |
|                             Loss/Loss_actor |           -75.3 |
|                             Loss/Loss_alpha |        0.000977 |
|               Loss/Loss_state_action_metric |         0.00231 |
|                      Loss/Loss_state_metric |         0.00145 |
|             Loss/Loss_state_action_to_state |        1.42e-05 |
|                           Loss/Act_rep_loss |          0.0303 |
|                                   SAC/Alpha |          0.0239 |
|                              SAC/LogPi_mean |            2.76 |
|                                 SAC/Q1_mean |            75.3 |
|                                 SAC/Q2_mean |            75.3 |
|                            Norm/actor_model |            89.6 |
|                           Norm/critic_model |             111 |
|              Norm/state_action_metric_model |            45.2 |
|                     Norm/state_metric_model |            44.7 |
|        Norm/state_action_state_metric_model |            45.2 |
|                  Metric/self_state_distance |         0.00148 |
|                 Metric/cross_state_distance |           0.988 |
|           Metric/self_state_action_distance |        0.000488 |
|          Metric/cross_state_action_distance |           0.985 |
|             Metric/avg_self_state_asymmetry |               0 |
|            Metric/avg_cross_state_asymmetry |         0.00229 |
|                Metric/avg_self_sa_asymmetry |               0 |
|               Metric/avg_cross_sa_asymmetry |         0.00244 |
|  Metric/self_state_action_to_state_distance |        0.000378 |
| Metric/cross_state_action_to_state_distance |           0.985 |
|                   Metric/h_lambda_diff_self |        0.000738 |
|                  Metric/h_lambda_diff_cross |         0.00311 |
|                                 Eval/Return |             896 |
-----------------------------------------------------------------
-----------------------------------------------------------------
|                                 Train/Steps |        1.03e+06 |
|                            Loss/Loss_critic |           0.134 |
|                             Loss/Loss_actor |           -74.7 |
|                             Loss/Loss_alpha |         0.00456 |
|               Loss/Loss_state_action_metric |         0.00232 |
|                      Loss/Loss_state_metric |         0.00111 |
|             Loss/Loss_state_action_to_state |        9.32e-06 |
|                           Loss/Act_rep_loss |          0.0291 |
|                                   SAC/Alpha |          0.0235 |
|                              SAC/LogPi_mean |            2.94 |
|                                 SAC/Q1_mean |            74.7 |
|                                 SAC/Q2_mean |            74.7 |
|                            Norm/actor_model |            93.7 |
|                           Norm/critic_model |             116 |
|              Norm/state_action_metric_model |            48.1 |
|                     Norm/state_metric_model |            47.2 |
|        Norm/state_action_state_metric_model |            47.2 |
|                  Metric/self_state_distance |          0.0015 |
|                 Metric/cross_state_distance |           0.997 |
|           Metric/self_state_action_distance |         0.00025 |
|          Metric/cross_state_action_distance |           0.992 |
|             Metric/avg_self_state_asymmetry |               0 |
|            Metric/avg_cross_state_asymmetry |         0.00142 |
|                Metric/avg_self_sa_asymmetry |               0 |
|               Metric/avg_cross_sa_asymmetry |          0.0018 |
|  Metric/self_state_action_to_state_distance |        0.000139 |
| Metric/cross_state_action_to_state_distance |           0.994 |
|                   Metric/h_lambda_diff_self |        0.000355 |
|                  Metric/h_lambda_diff_cross |         0.00313 |
|                                 Eval/Return |             847 |
-----------------------------------------------------------------
[32mSaving model …[0m
[32mDone.[0m
[32mSaving model …[0m
[32mDone.[0m
-----------------------------------------------------------------
|                                 Train/Steps |        1.16e+06 |
|                            Loss/Loss_critic |           0.113 |
|                             Loss/Loss_actor |           -77.3 |
|                             Loss/Loss_alpha |         0.00301 |
|               Loss/Loss_state_action_metric |         0.00165 |
|                      Loss/Loss_state_metric |         0.00132 |
|             Loss/Loss_state_action_to_state |        0.000865 |
|                           Loss/Act_rep_loss |          0.0288 |
|                                   SAC/Alpha |          0.0238 |
|                              SAC/LogPi_mean |            3.03 |
|                                 SAC/Q1_mean |            77.4 |
|                                 SAC/Q2_mean |            77.4 |
|                            Norm/actor_model |            97.4 |
|                           Norm/critic_model |             121 |
|              Norm/state_action_metric_model |            50.8 |
|                     Norm/state_metric_model |            49.9 |
|        Norm/state_action_state_metric_model |            49.6 |
|                  Metric/self_state_distance |          0.0134 |
|                 Metric/cross_state_distance |           0.998 |
|           Metric/self_state_action_distance |        0.000507 |
|          Metric/cross_state_action_distance |           0.992 |
|             Metric/avg_self_state_asymmetry |               0 |
|            Metric/avg_cross_state_asymmetry |         0.00313 |
|                Metric/avg_self_sa_asymmetry |               0 |
|               Metric/avg_cross_sa_asymmetry |         0.00165 |
|  Metric/self_state_action_to_state_distance |         0.00185 |
| Metric/cross_state_action_to_state_distance |           0.993 |
|                   Metric/h_lambda_diff_self |         0.00207 |
|                  Metric/h_lambda_diff_cross |         0.00301 |
|                                 Eval/Return |             911 |
-----------------------------------------------------------------
-----------------------------------------------------------------
|                                 Train/Steps |        1.29e+06 |
|                            Loss/Loss_critic |           0.196 |
|                             Loss/Loss_actor |           -76.3 |
|                             Loss/Loss_alpha |         0.00548 |
|               Loss/Loss_state_action_metric |         0.00411 |
|                      Loss/Loss_state_metric |         0.00283 |
|             Loss/Loss_state_action_to_state |         7.2e-06 |
|                           Loss/Act_rep_loss |          0.0287 |
|                                   SAC/Alpha |          0.0238 |
|                              SAC/LogPi_mean |            2.94 |
|                                 SAC/Q1_mean |            76.4 |
|                                 SAC/Q2_mean |            76.3 |
|                            Norm/actor_model |             101 |
|                           Norm/critic_model |             125 |
|              Norm/state_action_metric_model |            53.2 |
|                     Norm/state_metric_model |            52.2 |
|        Norm/state_action_state_metric_model |            52.1 |
|                  Metric/self_state_distance |         0.00107 |
|                 Metric/cross_state_distance |           0.994 |
|           Metric/self_state_action_distance |        0.000783 |
|          Metric/cross_state_action_distance |           0.995 |
|             Metric/avg_self_state_asymmetry |               0 |
|            Metric/avg_cross_state_asymmetry |         0.00136 |
|                Metric/avg_self_sa_asymmetry |               0 |
|               Metric/avg_cross_sa_asymmetry |         0.00174 |
|  Metric/self_state_action_to_state_distance |         0.00015 |
| Metric/cross_state_action_to_state_distance |           0.993 |
|                   Metric/h_lambda_diff_self |        0.000818 |
|                  Metric/h_lambda_diff_cross |         0.00309 |
|                                 Eval/Return |             913 |
-----------------------------------------------------------------
-----------------------------------------------------------------
|                                 Train/Steps |        1.42e+06 |
|                            Loss/Loss_critic |           0.146 |
|                             Loss/Loss_actor |           -81.3 |
|                             Loss/Loss_alpha |        -0.00281 |
|               Loss/Loss_state_action_metric |         0.00213 |
|                      Loss/Loss_state_metric |         0.00176 |
|             Loss/Loss_state_action_to_state |        6.43e-06 |
|                           Loss/Act_rep_loss |          0.0305 |
|                                   SAC/Alpha |          0.0228 |
|                              SAC/LogPi_mean |            3.15 |
|                                 SAC/Q1_mean |            81.4 |
|                                 SAC/Q2_mean |            81.5 |
|                            Norm/actor_model |             104 |
|                           Norm/critic_model |             130 |
|              Norm/state_action_metric_model |            55.7 |
|                     Norm/state_metric_model |            54.6 |
|        Norm/state_action_state_metric_model |            54.6 |
|                  Metric/self_state_distance |        0.000345 |
|                 Metric/cross_state_distance |           0.984 |
|           Metric/self_state_action_distance |        0.000194 |
|          Metric/cross_state_action_distance |           0.979 |
|             Metric/avg_self_state_asymmetry |               0 |
|            Metric/avg_cross_state_asymmetry |         0.00223 |
|                Metric/avg_self_sa_asymmetry |               0 |
|               Metric/avg_cross_sa_asymmetry |         0.00185 |
|  Metric/self_state_action_to_state_distance |         0.00011 |
| Metric/cross_state_action_to_state_distance |            0.98 |
|                   Metric/h_lambda_diff_self |        0.000221 |
|                  Metric/h_lambda_diff_cross |         0.00198 |
|                                 Eval/Return |             913 |
-----------------------------------------------------------------
-----------------------------------------------------------------
|                                 Train/Steps |        1.54e+06 |
|                            Loss/Loss_critic |            0.11 |
|                             Loss/Loss_actor |           -80.9 |
|                             Loss/Loss_alpha |         0.00694 |
|               Loss/Loss_state_action_metric |         0.00214 |
|                      Loss/Loss_state_metric |         0.00145 |
|             Loss/Loss_state_action_to_state |        6.26e-06 |
|                           Loss/Act_rep_loss |          0.0314 |
|                                   SAC/Alpha |          0.0231 |
|                              SAC/LogPi_mean |            2.68 |
|                                 SAC/Q1_mean |              81 |
|                                 SAC/Q2_mean |            80.9 |
|                            Norm/actor_model |             107 |
|                           Norm/critic_model |             134 |
|              Norm/state_action_metric_model |            58.4 |
|                     Norm/state_metric_model |            56.9 |
|        Norm/state_action_state_metric_model |            57.4 |
|                  Metric/self_state_distance |         0.00127 |
|                 Metric/cross_state_distance |           0.987 |
|           Metric/self_state_action_distance |        0.000301 |
|          Metric/cross_state_action_distance |           0.983 |
|             Metric/avg_self_state_asymmetry |               0 |
|            Metric/avg_cross_state_asymmetry |         0.00138 |
|                Metric/avg_self_sa_asymmetry |               0 |
|               Metric/avg_cross_sa_asymmetry |         0.00219 |
|  Metric/self_state_action_to_state_distance |        1.54e-05 |
| Metric/cross_state_action_to_state_distance |           0.984 |
|                   Metric/h_lambda_diff_self |        0.000291 |
|                  Metric/h_lambda_diff_cross |         0.00259 |
|                                 Eval/Return |             912 |
-----------------------------------------------------------------
-----------------------------------------------------------------
|                                 Train/Steps |        1.67e+06 |
|                            Loss/Loss_critic |           0.088 |
|                             Loss/Loss_actor |           -83.2 |
|                             Loss/Loss_alpha |        -0.00106 |
|               Loss/Loss_state_action_metric |         0.00187 |
|                      Loss/Loss_state_metric |         0.00113 |
|             Loss/Loss_state_action_to_state |        6.41e-06 |
|                           Loss/Act_rep_loss |          0.0335 |
|                                   SAC/Alpha |          0.0213 |
|                              SAC/LogPi_mean |            2.96 |
|                                 SAC/Q1_mean |            83.2 |
|                                 SAC/Q2_mean |            83.2 |
|                            Norm/actor_model |             110 |
|                           Norm/critic_model |             137 |
|              Norm/state_action_metric_model |            60.9 |
|                     Norm/state_metric_model |            59.2 |
|        Norm/state_action_state_metric_model |              60 |
|                  Metric/self_state_distance |         0.00161 |
|                 Metric/cross_state_distance |           0.987 |
|           Metric/self_state_action_distance |        0.000431 |
|          Metric/cross_state_action_distance |           0.983 |
|             Metric/avg_self_state_asymmetry |               0 |
|            Metric/avg_cross_state_asymmetry |         0.00138 |
|                Metric/avg_self_sa_asymmetry |               0 |
|               Metric/avg_cross_sa_asymmetry |         0.00158 |
|  Metric/self_state_action_to_state_distance |        3.04e-05 |
| Metric/cross_state_action_to_state_distance |           0.983 |
|                   Metric/h_lambda_diff_self |        0.000431 |
|                  Metric/h_lambda_diff_cross |         0.00208 |
|                                 Eval/Return |             912 |
-----------------------------------------------------------------
-----------------------------------------------------------------
|                                 Train/Steps |         1.8e+06 |
|                            Loss/Loss_critic |           0.174 |
|                             Loss/Loss_actor |           -81.4 |
|                             Loss/Loss_alpha |        -0.00999 |
|               Loss/Loss_state_action_metric |         0.00263 |
|                      Loss/Loss_state_metric |         0.00122 |
|             Loss/Loss_state_action_to_state |        7.45e-06 |
|                           Loss/Act_rep_loss |          0.0304 |
|                                   SAC/Alpha |          0.0211 |
|                              SAC/LogPi_mean |            3.68 |
|                                 SAC/Q1_mean |            81.5 |
|                                 SAC/Q2_mean |            81.4 |
|                            Norm/actor_model |             113 |
|                           Norm/critic_model |             141 |
|              Norm/state_action_metric_model |            63.2 |
|                     Norm/state_metric_model |            61.2 |
|        Norm/state_action_state_metric_model |            62.5 |
|                  Metric/self_state_distance |         0.00212 |
|                 Metric/cross_state_distance |           0.995 |
|           Metric/self_state_action_distance |         0.00219 |
|          Metric/cross_state_action_distance |           0.993 |
|             Metric/avg_self_state_asymmetry |               0 |
|            Metric/avg_cross_state_asymmetry |         0.00138 |
|                Metric/avg_self_sa_asymmetry |               0 |
|               Metric/avg_cross_sa_asymmetry |         0.00164 |
|  Metric/self_state_action_to_state_distance |        1.41e-05 |
| Metric/cross_state_action_to_state_distance |           0.993 |
|                   Metric/h_lambda_diff_self |         0.00217 |
|                  Metric/h_lambda_diff_cross |         0.00223 |
|                                 Eval/Return |             902 |
-----------------------------------------------------------------
-----------------------------------------------------------------
|                                 Train/Steps |        1.93e+06 |
|                            Loss/Loss_critic |           0.107 |
|                             Loss/Loss_actor |             -84 |
|                             Loss/Loss_alpha |        -0.00468 |
|               Loss/Loss_state_action_metric |         0.00274 |
|                      Loss/Loss_state_metric |         0.00186 |
|             Loss/Loss_state_action_to_state |        5.01e-06 |
|                           Loss/Act_rep_loss |          0.0308 |
|                                   SAC/Alpha |          0.0198 |
|                              SAC/LogPi_mean |            3.25 |
|                                 SAC/Q1_mean |            84.1 |
|                                 SAC/Q2_mean |            84.1 |
|                            Norm/actor_model |             115 |
|                           Norm/critic_model |             145 |
|              Norm/state_action_metric_model |            65.2 |
|                     Norm/state_metric_model |            63.6 |
|        Norm/state_action_state_metric_model |              65 |
|                  Metric/self_state_distance |         0.00142 |
|                 Metric/cross_state_distance |           0.985 |
|           Metric/self_state_action_distance |        0.000128 |
|          Metric/cross_state_action_distance |           0.981 |
|             Metric/avg_self_state_asymmetry |               0 |
|            Metric/avg_cross_state_asymmetry |         0.00176 |
|                Metric/avg_self_sa_asymmetry |               0 |
|               Metric/avg_cross_sa_asymmetry |         0.00158 |
|  Metric/self_state_action_to_state_distance |         3.3e-05 |
| Metric/cross_state_action_to_state_distance |           0.981 |
|                   Metric/h_lambda_diff_self |         0.00012 |
|                  Metric/h_lambda_diff_cross |         0.00214 |
|                                 Eval/Return |             909 |
-----------------------------------------------------------------
-----------------------------------------------------------------
|                                 Train/Steps |        2.06e+06 |
|                            Loss/Loss_critic |          0.0989 |
|                             Loss/Loss_actor |           -85.2 |
|                             Loss/Loss_alpha |         0.00346 |
|               Loss/Loss_state_action_metric |         0.00264 |
|                      Loss/Loss_state_metric |         0.00183 |
|             Loss/Loss_state_action_to_state |        5.14e-06 |
|                           Loss/Act_rep_loss |          0.0345 |
|                                   SAC/Alpha |          0.0186 |
|                              SAC/LogPi_mean |            2.73 |
|                                 SAC/Q1_mean |            85.2 |
|                                 SAC/Q2_mean |            85.2 |
|                            Norm/actor_model |             118 |
|                           Norm/critic_model |             149 |
|              Norm/state_action_metric_model |            67.5 |
|                     Norm/state_metric_model |            65.8 |
|        Norm/state_action_state_metric_model |            67.5 |
|                  Metric/self_state_distance |        0.000271 |
|                 Metric/cross_state_distance |           0.979 |
|           Metric/self_state_action_distance |        0.000589 |
|          Metric/cross_state_action_distance |           0.975 |
|             Metric/avg_self_state_asymmetry |               0 |
|            Metric/avg_cross_state_asymmetry |         0.00147 |
|                Metric/avg_self_sa_asymmetry |               0 |
|               Metric/avg_cross_sa_asymmetry |         0.00158 |
|  Metric/self_state_action_to_state_distance |        5.73e-05 |
| Metric/cross_state_action_to_state_distance |           0.975 |
|                   Metric/h_lambda_diff_self |        0.000578 |
|                  Metric/h_lambda_diff_cross |         0.00192 |
|                                 Eval/Return |             913 |
-----------------------------------------------------------------
[32mSaving model …[0m
[32mDone.[0m
[32mSaving model …[0m
[32mDone.[0m
-----------------------------------------------------------------
|                                 Train/Steps |        2.18e+06 |
|                            Loss/Loss_critic |           0.122 |
|                             Loss/Loss_actor |           -84.9 |
|                             Loss/Loss_alpha |         0.00543 |
|               Loss/Loss_state_action_metric |         0.00259 |
|                      Loss/Loss_state_metric |         0.00137 |
|             Loss/Loss_state_action_to_state |        6.63e-06 |
|                           Loss/Act_rep_loss |          0.0328 |
|                                   SAC/Alpha |          0.0186 |
|                              SAC/LogPi_mean |            2.56 |
|                                 SAC/Q1_mean |            84.8 |
|                                 SAC/Q2_mean |            84.9 |
|                            Norm/actor_model |             121 |
|                           Norm/critic_model |             152 |
|              Norm/state_action_metric_model |            69.4 |
|                     Norm/state_metric_model |            67.4 |
|        Norm/state_action_state_metric_model |            70.3 |
|                  Metric/self_state_distance |         0.00298 |
|                 Metric/cross_state_distance |           0.981 |
|           Metric/self_state_action_distance |        0.000181 |
|          Metric/cross_state_action_distance |           0.978 |
|             Metric/avg_self_state_asymmetry |               0 |
|            Metric/avg_cross_state_asymmetry |         0.00159 |
|                Metric/avg_self_sa_asymmetry |               0 |
|               Metric/avg_cross_sa_asymmetry |         0.00136 |
|  Metric/self_state_action_to_state_distance |        1.78e-05 |
| Metric/cross_state_action_to_state_distance |           0.977 |
|                   Metric/h_lambda_diff_self |        0.000174 |
|                  Metric/h_lambda_diff_cross |         0.00198 |
|                                 Eval/Return |             916 |
-----------------------------------------------------------------
-----------------------------------------------------------------
|                                 Train/Steps |        2.31e+06 |
|                            Loss/Loss_critic |           0.108 |
|                             Loss/Loss_actor |           -84.8 |
|                             Loss/Loss_alpha |         0.00901 |
|               Loss/Loss_state_action_metric |          0.0034 |
|                      Loss/Loss_state_metric |         0.00198 |
|             Loss/Loss_state_action_to_state |         6.3e-06 |
|                           Loss/Act_rep_loss |          0.0336 |
|                                   SAC/Alpha |          0.0174 |
|                              SAC/LogPi_mean |            2.68 |
|                                 SAC/Q1_mean |            84.8 |
|                                 SAC/Q2_mean |            84.8 |
|                            Norm/actor_model |             123 |
|                           Norm/critic_model |             156 |
|              Norm/state_action_metric_model |            70.7 |
|                     Norm/state_metric_model |            69.4 |
|        Norm/state_action_state_metric_model |            73.2 |
|                  Metric/self_state_distance |        0.000533 |
|                 Metric/cross_state_distance |           0.983 |
|           Metric/self_state_action_distance |        0.000435 |
|          Metric/cross_state_action_distance |           0.982 |
|             Metric/avg_self_state_asymmetry |               0 |
|            Metric/avg_cross_state_asymmetry |         0.00128 |
|                Metric/avg_self_sa_asymmetry |               0 |
|               Metric/avg_cross_sa_asymmetry |         0.00127 |
|  Metric/self_state_action_to_state_distance |        6.96e-05 |
| Metric/cross_state_action_to_state_distance |           0.981 |
|                   Metric/h_lambda_diff_self |         0.00045 |
|                  Metric/h_lambda_diff_cross |         0.00183 |
|                                 Eval/Return |             916 |
-----------------------------------------------------------------
-----------------------------------------------------------------
|                                 Train/Steps |        2.44e+06 |
|                            Loss/Loss_critic |          0.0682 |
|                             Loss/Loss_actor |           -88.7 |
|                             Loss/Loss_alpha |         0.00286 |
|               Loss/Loss_state_action_metric |          0.0022 |
|                      Loss/Loss_state_metric |         0.00145 |
|             Loss/Loss_state_action_to_state |        3.31e-06 |
|                           Loss/Act_rep_loss |          0.0393 |
|                                   SAC/Alpha |          0.0169 |
|                              SAC/LogPi_mean |            3.09 |
|                                 SAC/Q1_mean |            88.8 |
|                                 SAC/Q2_mean |            88.7 |
|                            Norm/actor_model |             126 |
|                           Norm/critic_model |             159 |
|              Norm/state_action_metric_model |              73 |
|                     Norm/state_metric_model |            70.9 |
|        Norm/state_action_state_metric_model |            76.1 |
|                  Metric/self_state_distance |         0.00163 |
|                 Metric/cross_state_distance |           0.972 |
|           Metric/self_state_action_distance |        0.000102 |
|          Metric/cross_state_action_distance |           0.965 |
|             Metric/avg_self_state_asymmetry |               0 |
|            Metric/avg_cross_state_asymmetry |        0.000918 |
|                Metric/avg_self_sa_asymmetry |               0 |
|               Metric/avg_cross_sa_asymmetry |         0.00117 |
|  Metric/self_state_action_to_state_distance |        7.95e-05 |
| Metric/cross_state_action_to_state_distance |           0.966 |
|                   Metric/h_lambda_diff_self |        0.000142 |
|                  Metric/h_lambda_diff_cross |         0.00172 |
|                                 Eval/Return |             918 |
-----------------------------------------------------------------
-----------------------------------------------------------------
|                                 Train/Steps |        2.57e+06 |
|                            Loss/Loss_critic |          0.0992 |
|                             Loss/Loss_actor |           -88.2 |
|                             Loss/Loss_alpha |         0.00269 |
|               Loss/Loss_state_action_metric |         0.00312 |
|                      Loss/Loss_state_metric |         0.00191 |
|             Loss/Loss_state_action_to_state |        5.84e-06 |
|                           Loss/Act_rep_loss |          0.0405 |
|                                   SAC/Alpha |          0.0167 |
|                              SAC/LogPi_mean |            2.58 |
|                                 SAC/Q1_mean |            88.2 |
|                                 SAC/Q2_mean |            88.2 |
|                            Norm/actor_model |             128 |
|                           Norm/critic_model |             163 |
|              Norm/state_action_metric_model |            74.9 |
|                     Norm/state_metric_model |            72.3 |
|        Norm/state_action_state_metric_model |            77.9 |
|                  Metric/self_state_distance |         0.00178 |
|                 Metric/cross_state_distance |            0.97 |
|           Metric/self_state_action_distance |        0.000272 |
|          Metric/cross_state_action_distance |           0.965 |
|             Metric/avg_self_state_asymmetry |               0 |
|            Metric/avg_cross_state_asymmetry |          0.0014 |
|                Metric/avg_self_sa_asymmetry |               0 |
|               Metric/avg_cross_sa_asymmetry |         0.00131 |
|  Metric/self_state_action_to_state_distance |        2.77e-06 |
| Metric/cross_state_action_to_state_distance |           0.965 |
|                   Metric/h_lambda_diff_self |         0.00027 |
|                  Metric/h_lambda_diff_cross |          0.0022 |
|                                 Eval/Return |             917 |
-----------------------------------------------------------------
-----------------------------------------------------------------
|                                 Train/Steps |         2.7e+06 |
|                            Loss/Loss_critic |           0.324 |
|                             Loss/Loss_actor |           -87.9 |
|                             Loss/Loss_alpha |         0.00554 |
|               Loss/Loss_state_action_metric |         0.00198 |
|                      Loss/Loss_state_metric |         0.00107 |
|             Loss/Loss_state_action_to_state |        3.92e-06 |
|                           Loss/Act_rep_loss |          0.0383 |
|                                   SAC/Alpha |          0.0157 |
|                              SAC/LogPi_mean |            2.53 |
|                                 SAC/Q1_mean |              88 |
|                                 SAC/Q2_mean |            87.9 |
|                            Norm/actor_model |             130 |
|                           Norm/critic_model |             166 |
|              Norm/state_action_metric_model |            76.5 |
|                     Norm/state_metric_model |            74.4 |
|        Norm/state_action_state_metric_model |            79.7 |
|                  Metric/self_state_distance |         0.00124 |
|                 Metric/cross_state_distance |           0.978 |
|           Metric/self_state_action_distance |         0.00482 |
|          Metric/cross_state_action_distance |           0.972 |
|             Metric/avg_self_state_asymmetry |               0 |
|            Metric/avg_cross_state_asymmetry |          0.0012 |
|                Metric/avg_self_sa_asymmetry |               0 |
|               Metric/avg_cross_sa_asymmetry |         0.00199 |
|  Metric/self_state_action_to_state_distance |        6.62e-05 |
| Metric/cross_state_action_to_state_distance |           0.971 |
|                   Metric/h_lambda_diff_self |         0.00478 |
|                  Metric/h_lambda_diff_cross |         0.00204 |
|                                 Eval/Return |             916 |
-----------------------------------------------------------------
-----------------------------------------------------------------
|                                 Train/Steps |        2.82e+06 |
|                            Loss/Loss_critic |          0.0758 |
|                             Loss/Loss_actor |           -89.1 |
|                             Loss/Loss_alpha |         0.00452 |
|               Loss/Loss_state_action_metric |         0.00175 |
|                      Loss/Loss_state_metric |         0.00101 |
|             Loss/Loss_state_action_to_state |        2.94e-06 |
|                           Loss/Act_rep_loss |          0.0389 |
|                                   SAC/Alpha |          0.0153 |
|                              SAC/LogPi_mean |            2.69 |
|                                 SAC/Q1_mean |            89.2 |
|                                 SAC/Q2_mean |            89.1 |
|                            Norm/actor_model |             133 |
|                           Norm/critic_model |             169 |
|              Norm/state_action_metric_model |            78.4 |
|                     Norm/state_metric_model |            76.3 |
|        Norm/state_action_state_metric_model |            81.7 |
|                  Metric/self_state_distance |         0.00177 |
|                 Metric/cross_state_distance |           0.973 |
|           Metric/self_state_action_distance |        0.000124 |
|          Metric/cross_state_action_distance |           0.968 |
|             Metric/avg_self_state_asymmetry |               0 |
|            Metric/avg_cross_state_asymmetry |         0.00099 |
|                Metric/avg_self_sa_asymmetry |               0 |
|               Metric/avg_cross_sa_asymmetry |          0.0011 |
|  Metric/self_state_action_to_state_distance |        0.000216 |
| Metric/cross_state_action_to_state_distance |           0.967 |
|                   Metric/h_lambda_diff_self |        0.000263 |
|                  Metric/h_lambda_diff_cross |         0.00166 |
|                                 Eval/Return |             921 |
-----------------------------------------------------------------
-----------------------------------------------------------------
|                                 Train/Steps |        2.95e+06 |
|                            Loss/Loss_critic |          0.0719 |
|                             Loss/Loss_actor |           -87.8 |
|                             Loss/Loss_alpha |        -0.00573 |
|               Loss/Loss_state_action_metric |         0.00223 |
|                      Loss/Loss_state_metric |          0.0012 |
|             Loss/Loss_state_action_to_state |        3.31e-06 |
|                           Loss/Act_rep_loss |          0.0373 |
|                                   SAC/Alpha |          0.0154 |
|                              SAC/LogPi_mean |            3.29 |
|                                 SAC/Q1_mean |            87.8 |
|                                 SAC/Q2_mean |            87.8 |
|                            Norm/actor_model |             135 |
|                           Norm/critic_model |             172 |
|              Norm/state_action_metric_model |            80.3 |
|                     Norm/state_metric_model |              78 |
|        Norm/state_action_state_metric_model |            84.3 |
|                  Metric/self_state_distance |         0.00156 |
|                 Metric/cross_state_distance |           0.982 |
|           Metric/self_state_action_distance |        0.000345 |
|          Metric/cross_state_action_distance |           0.978 |
|             Metric/avg_self_state_asymmetry |               0 |
|            Metric/avg_cross_state_asymmetry |         0.00109 |
|                Metric/avg_self_sa_asymmetry |               0 |
|               Metric/avg_cross_sa_asymmetry |         0.00138 |
|  Metric/self_state_action_to_state_distance |        5.11e-05 |
| Metric/cross_state_action_to_state_distance |           0.978 |
|                   Metric/h_lambda_diff_self |        0.000321 |
|                  Metric/h_lambda_diff_cross |         0.00157 |
|                                 Eval/Return |             917 |
-----------------------------------------------------------------
-----------------------------------------------------------------
|                                 Train/Steps |        3.08e+06 |
|                            Loss/Loss_critic |           0.172 |
|                             Loss/Loss_actor |           -89.3 |
|                             Loss/Loss_alpha |         0.00534 |
|               Loss/Loss_state_action_metric |         0.00281 |
|                      Loss/Loss_state_metric |         0.00148 |
|             Loss/Loss_state_action_to_state |         4.4e-06 |
|                           Loss/Act_rep_loss |          0.0405 |
|                                   SAC/Alpha |          0.0148 |
|                              SAC/LogPi_mean |             2.5 |
|                                 SAC/Q1_mean |            89.4 |
|                                 SAC/Q2_mean |            89.3 |
|                            Norm/actor_model |             137 |
|                           Norm/critic_model |             175 |
|              Norm/state_action_metric_model |            81.4 |
|                     Norm/state_metric_model |            79.6 |
|        Norm/state_action_state_metric_model |            86.7 |
|                  Metric/self_state_distance |         0.00107 |
|                 Metric/cross_state_distance |           0.971 |
|           Metric/self_state_action_distance |        0.000113 |
|          Metric/cross_state_action_distance |           0.965 |
|             Metric/avg_self_state_asymmetry |               0 |
|            Metric/avg_cross_state_asymmetry |         0.00103 |
|                Metric/avg_self_sa_asymmetry |               0 |
|               Metric/avg_cross_sa_asymmetry |         0.00166 |
|  Metric/self_state_action_to_state_distance |        2.43e-05 |
| Metric/cross_state_action_to_state_distance |           0.964 |
|                   Metric/h_lambda_diff_self |        0.000109 |
|                  Metric/h_lambda_diff_cross |         0.00205 |
|                                 Eval/Return |             918 |
-----------------------------------------------------------------
[32mSaving model …[0m
[32mDone.[0m
[32mSaving model …[0m
[32mDone.[0m
-----------------------------------------------------------------
|                                 Train/Steps |        3.21e+06 |
|                            Loss/Loss_critic |           0.122 |
|                             Loss/Loss_actor |           -89.1 |
|                             Loss/Loss_alpha |         0.00196 |
|               Loss/Loss_state_action_metric |         0.00161 |
|                      Loss/Loss_state_metric |         0.00096 |
|             Loss/Loss_state_action_to_state |        6.11e-06 |
|                           Loss/Act_rep_loss |          0.0401 |
|                                   SAC/Alpha |          0.0146 |
|                              SAC/LogPi_mean |            2.97 |
|                                 SAC/Q1_mean |            89.2 |
|                                 SAC/Q2_mean |            89.2 |
|                            Norm/actor_model |             140 |
|                           Norm/critic_model |             178 |
|              Norm/state_action_metric_model |            83.5 |
|                     Norm/state_metric_model |            80.6 |
|        Norm/state_action_state_metric_model |            88.6 |
|                  Metric/self_state_distance |         0.00144 |
|                 Metric/cross_state_distance |           0.969 |
|           Metric/self_state_action_distance |        0.000147 |
|          Metric/cross_state_action_distance |           0.962 |
|             Metric/avg_self_state_asymmetry |               0 |
|            Metric/avg_cross_state_asymmetry |         0.00117 |
|                Metric/avg_self_sa_asymmetry |               0 |
|               Metric/avg_cross_sa_asymmetry |         0.00114 |
|  Metric/self_state_action_to_state_distance |        0.000372 |
| Metric/cross_state_action_to_state_distance |           0.962 |
|                   Metric/h_lambda_diff_self |        0.000441 |
|                  Metric/h_lambda_diff_cross |         0.00166 |
|                                 Eval/Return |             918 |
-----------------------------------------------------------------
-----------------------------------------------------------------
|                                 Train/Steps |        3.34e+06 |
|                            Loss/Loss_critic |           0.404 |
|                             Loss/Loss_actor |           -89.9 |
|                             Loss/Loss_alpha |        0.000306 |
|               Loss/Loss_state_action_metric |         0.00277 |
|                      Loss/Loss_state_metric |          0.0019 |
|             Loss/Loss_state_action_to_state |        2.76e-06 |
|                           Loss/Act_rep_loss |          0.0422 |
|                                   SAC/Alpha |          0.0139 |
|                              SAC/LogPi_mean |            3.07 |
|                                 SAC/Q1_mean |            89.9 |
|                                 SAC/Q2_mean |            89.9 |
|                            Norm/actor_model |             142 |
|                           Norm/critic_model |             181 |
|              Norm/state_action_metric_model |            84.6 |
|                     Norm/state_metric_model |            81.7 |
|        Norm/state_action_state_metric_model |            90.4 |
|                  Metric/self_state_distance |         0.00131 |
|                 Metric/cross_state_distance |           0.965 |
|           Metric/self_state_action_distance |        0.000526 |
|          Metric/cross_state_action_distance |           0.959 |
|             Metric/avg_self_state_asymmetry |               0 |
|            Metric/avg_cross_state_asymmetry |        0.000931 |
|                Metric/avg_self_sa_asymmetry |               0 |
|               Metric/avg_cross_sa_asymmetry |         0.00122 |
|  Metric/self_state_action_to_state_distance |        4.68e-05 |
| Metric/cross_state_action_to_state_distance |           0.959 |
|                   Metric/h_lambda_diff_self |        0.000492 |
|                  Metric/h_lambda_diff_cross |         0.00175 |
|                                 Eval/Return |             919 |
-----------------------------------------------------------------
-----------------------------------------------------------------
|                                 Train/Steps |        3.46e+06 |
|                            Loss/Loss_critic |          0.0907 |
|                             Loss/Loss_actor |           -89.6 |
|                             Loss/Loss_alpha |         0.00114 |
|               Loss/Loss_state_action_metric |         0.00298 |
|                      Loss/Loss_state_metric |         0.00257 |
|             Loss/Loss_state_action_to_state |        4.16e-06 |
|                           Loss/Act_rep_loss |          0.0399 |
|                                   SAC/Alpha |          0.0135 |
|                              SAC/LogPi_mean |            2.96 |
|                                 SAC/Q1_mean |            89.9 |
|                                 SAC/Q2_mean |            89.6 |
|                            Norm/actor_model |             144 |
|                           Norm/critic_model |             184 |
|              Norm/state_action_metric_model |            85.7 |
|                     Norm/state_metric_model |            83.6 |
|        Norm/state_action_state_metric_model |            92.5 |
|                  Metric/self_state_distance |         0.00185 |
|                 Metric/cross_state_distance |           0.963 |
|           Metric/self_state_action_distance |        0.000101 |
|          Metric/cross_state_action_distance |           0.955 |
|             Metric/avg_self_state_asymmetry |               0 |
|            Metric/avg_cross_state_asymmetry |        0.000841 |
|                Metric/avg_self_sa_asymmetry |               0 |
|               Metric/avg_cross_sa_asymmetry |         0.00115 |
|  Metric/self_state_action_to_state_distance |        3.83e-05 |
| Metric/cross_state_action_to_state_distance |           0.957 |
|                   Metric/h_lambda_diff_self |        0.000121 |
|                  Metric/h_lambda_diff_cross |         0.00224 |
|                                 Eval/Return |             920 |
-----------------------------------------------------------------
-----------------------------------------------------------------
|                                 Train/Steps |        3.59e+06 |
|                            Loss/Loss_critic |          0.0682 |
|                             Loss/Loss_actor |           -88.9 |
|                             Loss/Loss_alpha |        -0.00879 |
|               Loss/Loss_state_action_metric |         0.00259 |
|                      Loss/Loss_state_metric |         0.00148 |
|             Loss/Loss_state_action_to_state |        3.56e-06 |
|                           Loss/Act_rep_loss |          0.0374 |
|                                   SAC/Alpha |          0.0126 |
|                              SAC/LogPi_mean |            3.78 |
|                                 SAC/Q1_mean |            88.9 |
|                                 SAC/Q2_mean |            88.9 |
|                            Norm/actor_model |             146 |
|                           Norm/critic_model |             187 |
|              Norm/state_action_metric_model |            87.8 |
|                     Norm/state_metric_model |            85.2 |
|        Norm/state_action_state_metric_model |            94.5 |
|                  Metric/self_state_distance |         0.00209 |
|                 Metric/cross_state_distance |           0.977 |
|           Metric/self_state_action_distance |        0.000295 |
|          Metric/cross_state_action_distance |           0.974 |
|             Metric/avg_self_state_asymmetry |               0 |
|            Metric/avg_cross_state_asymmetry |         0.00113 |
|                Metric/avg_self_sa_asymmetry |               0 |
|               Metric/avg_cross_sa_asymmetry |         0.00148 |
|  Metric/self_state_action_to_state_distance |        5.59e-05 |
| Metric/cross_state_action_to_state_distance |           0.972 |
|                   Metric/h_lambda_diff_self |        0.000296 |
|                  Metric/h_lambda_diff_cross |          0.0024 |
|                                 Eval/Return |             914 |
-----------------------------------------------------------------
-----------------------------------------------------------------
|                                 Train/Steps |        3.72e+06 |
|                            Loss/Loss_critic |           0.124 |
|                             Loss/Loss_actor |           -89.7 |
|                             Loss/Loss_alpha |       -2.46e-06 |
|               Loss/Loss_state_action_metric |         0.00332 |
|                      Loss/Loss_state_metric |         0.00135 |
|             Loss/Loss_state_action_to_state |        0.000408 |
|                           Loss/Act_rep_loss |          0.0399 |
|                                   SAC/Alpha |          0.0133 |
|                              SAC/LogPi_mean |            3.12 |
|                                 SAC/Q1_mean |            89.8 |
|                                 SAC/Q2_mean |            89.7 |
|                            Norm/actor_model |             148 |
|                           Norm/critic_model |             190 |
|              Norm/state_action_metric_model |            89.4 |
|                     Norm/state_metric_model |            86.1 |
|        Norm/state_action_state_metric_model |            95.5 |
|                  Metric/self_state_distance |         0.00115 |
|                 Metric/cross_state_distance |           0.975 |
|           Metric/self_state_action_distance |        0.000611 |
|          Metric/cross_state_action_distance |           0.971 |
|             Metric/avg_self_state_asymmetry |               0 |
|            Metric/avg_cross_state_asymmetry |         0.00245 |
|                Metric/avg_self_sa_asymmetry |               0 |
|               Metric/avg_cross_sa_asymmetry |         0.00122 |
|  Metric/self_state_action_to_state_distance |        9.59e-05 |
| Metric/cross_state_action_to_state_distance |           0.969 |
|                   Metric/h_lambda_diff_self |        0.000585 |
|                  Metric/h_lambda_diff_cross |         0.00221 |
|                                 Eval/Return |             920 |
-----------------------------------------------------------------
-----------------------------------------------------------------
|                                 Train/Steps |        3.85e+06 |
|                            Loss/Loss_critic |           0.104 |
|                             Loss/Loss_actor |           -90.5 |
|                             Loss/Loss_alpha |         0.00203 |
|               Loss/Loss_state_action_metric |         0.00237 |
|                      Loss/Loss_state_metric |         0.00145 |
|             Loss/Loss_state_action_to_state |        2.26e-06 |
|                           Loss/Act_rep_loss |          0.0389 |
|                                   SAC/Alpha |           0.013 |
|                              SAC/LogPi_mean |            2.96 |
|                                 SAC/Q1_mean |            90.5 |
|                                 SAC/Q2_mean |            90.6 |
|                            Norm/actor_model |             150 |
|                           Norm/critic_model |             193 |
|              Norm/state_action_metric_model |            90.6 |
|                     Norm/state_metric_model |            87.8 |
|        Norm/state_action_state_metric_model |            98.2 |
|                  Metric/self_state_distance |         0.00294 |
|                 Metric/cross_state_distance |           0.971 |
|           Metric/self_state_action_distance |        0.000159 |
|          Metric/cross_state_action_distance |           0.964 |
|             Metric/avg_self_state_asymmetry |               0 |
|            Metric/avg_cross_state_asymmetry |        0.000944 |
|                Metric/avg_self_sa_asymmetry |               0 |
|               Metric/avg_cross_sa_asymmetry |         0.00107 |
|  Metric/self_state_action_to_state_distance |        8.76e-05 |
| Metric/cross_state_action_to_state_distance |           0.964 |
|                   Metric/h_lambda_diff_self |        0.000186 |
|                  Metric/h_lambda_diff_cross |         0.00124 |
|                                 Eval/Return |             920 |
-----------------------------------------------------------------
-----------------------------------------------------------------
|                                 Train/Steps |        3.98e+06 |
|                            Loss/Loss_critic |          0.0397 |
|                             Loss/Loss_actor |           -90.3 |
|                             Loss/Loss_alpha |        -0.00188 |
|               Loss/Loss_state_action_metric |         0.00223 |
|                      Loss/Loss_state_metric |         0.00109 |
|             Loss/Loss_state_action_to_state |        2.47e-06 |
|                           Loss/Act_rep_loss |          0.0402 |
|                                   SAC/Alpha |          0.0128 |
|                              SAC/LogPi_mean |            3.09 |
|                                 SAC/Q1_mean |            90.4 |
|                                 SAC/Q2_mean |            90.4 |
|                            Norm/actor_model |             152 |
|                           Norm/critic_model |             195 |
|              Norm/state_action_metric_model |              92 |
|                     Norm/state_metric_model |            89.6 |
|        Norm/state_action_state_metric_model |             100 |
|                  Metric/self_state_distance |         0.00135 |
|                 Metric/cross_state_distance |           0.974 |
|           Metric/self_state_action_distance |        0.000907 |
|          Metric/cross_state_action_distance |           0.969 |
|             Metric/avg_self_state_asymmetry |               0 |
|            Metric/avg_cross_state_asymmetry |        0.000829 |
|                Metric/avg_self_sa_asymmetry |               0 |
|               Metric/avg_cross_sa_asymmetry |        0.000934 |
|  Metric/self_state_action_to_state_distance |        0.000272 |
| Metric/cross_state_action_to_state_distance |           0.968 |
|                   Metric/h_lambda_diff_self |        0.000942 |
|                  Metric/h_lambda_diff_cross |         0.00152 |
|                                 Eval/Return |             919 |
-----------------------------------------------------------------
-----------------------------------------------------------------
|                                 Train/Steps |         4.1e+06 |
|                            Loss/Loss_critic |          0.0445 |
|                             Loss/Loss_actor |           -92.6 |
|                             Loss/Loss_alpha |         0.00622 |
|               Loss/Loss_state_action_metric |         0.00314 |
|                      Loss/Loss_state_metric |          0.0014 |
|             Loss/Loss_state_action_to_state |        3.39e-06 |
|                           Loss/Act_rep_loss |          0.0449 |
|                                   SAC/Alpha |          0.0112 |
|                              SAC/LogPi_mean |            2.32 |
|                                 SAC/Q1_mean |            92.7 |
|                                 SAC/Q2_mean |            92.6 |
|                            Norm/actor_model |             153 |
|                           Norm/critic_model |             198 |
|              Norm/state_action_metric_model |            92.9 |
|                     Norm/state_metric_model |            91.2 |
|        Norm/state_action_state_metric_model |             101 |
|                  Metric/self_state_distance |         0.00106 |
|                 Metric/cross_state_distance |           0.959 |
|           Metric/self_state_action_distance |        0.000367 |
|          Metric/cross_state_action_distance |           0.949 |
|             Metric/avg_self_state_asymmetry |               0 |
|            Metric/avg_cross_state_asymmetry |        0.000954 |
|                Metric/avg_self_sa_asymmetry |               0 |
|               Metric/avg_cross_sa_asymmetry |         0.00107 |
|  Metric/self_state_action_to_state_distance |        2.69e-05 |
| Metric/cross_state_action_to_state_distance |           0.949 |
|                   Metric/h_lambda_diff_self |        0.000379 |
|                  Metric/h_lambda_diff_cross |         0.00166 |
|                                 Eval/Return |             911 |
-----------------------------------------------------------------
[32mSaving model …[0m
[32mDone.[0m
[32mSaving model …[0m
[32mDone.[0m
-----------------------------------------------------------------
|                                 Train/Steps |        4.23e+06 |
|                            Loss/Loss_critic |          0.0315 |
|                             Loss/Loss_actor |           -93.1 |
|                             Loss/Loss_alpha |        -0.00163 |
|               Loss/Loss_state_action_metric |         0.00253 |
|                      Loss/Loss_state_metric |         0.00183 |
|             Loss/Loss_state_action_to_state |        2.01e-06 |
|                           Loss/Act_rep_loss |          0.0442 |
|                                   SAC/Alpha |          0.0101 |
|                              SAC/LogPi_mean |            2.89 |
|                                 SAC/Q1_mean |            93.1 |
|                                 SAC/Q2_mean |            93.1 |
|                            Norm/actor_model |             155 |
|                           Norm/critic_model |             199 |
|              Norm/state_action_metric_model |            94.4 |
|                     Norm/state_metric_model |              92 |
|        Norm/state_action_state_metric_model |             103 |
|                  Metric/self_state_distance |        0.000815 |
|                 Metric/cross_state_distance |           0.961 |
|           Metric/self_state_action_distance |        0.000562 |
|          Metric/cross_state_action_distance |           0.951 |
|             Metric/avg_self_state_asymmetry |               0 |
|            Metric/avg_cross_state_asymmetry |        0.000827 |
|                Metric/avg_self_sa_asymmetry |               0 |
|               Metric/avg_cross_sa_asymmetry |         0.00126 |
|  Metric/self_state_action_to_state_distance |        1.13e-05 |
| Metric/cross_state_action_to_state_distance |           0.953 |
|                   Metric/h_lambda_diff_self |         0.00056 |
|                  Metric/h_lambda_diff_cross |         0.00236 |
|                                 Eval/Return |             920 |
-----------------------------------------------------------------
-----------------------------------------------------------------
|                                 Train/Steps |        4.36e+06 |
|                            Loss/Loss_critic |          0.0227 |
|                             Loss/Loss_actor |           -93.7 |
|                             Loss/Loss_alpha |         0.00275 |
|               Loss/Loss_state_action_metric |         0.00246 |
|                      Loss/Loss_state_metric |         0.00138 |
|             Loss/Loss_state_action_to_state |        1.88e-06 |
|                           Loss/Act_rep_loss |          0.0458 |
|                                   SAC/Alpha |         0.00889 |
|                              SAC/LogPi_mean |            2.71 |
|                                 SAC/Q1_mean |            93.7 |
|                                 SAC/Q2_mean |            93.7 |
|                            Norm/actor_model |             157 |
|                           Norm/critic_model |             201 |
|              Norm/state_action_metric_model |            95.8 |
|                     Norm/state_metric_model |            93.1 |
|        Norm/state_action_state_metric_model |             105 |
|                  Metric/self_state_distance |         0.00103 |
|                 Metric/cross_state_distance |           0.958 |
|           Metric/self_state_action_distance |        0.000169 |
|          Metric/cross_state_action_distance |            0.95 |
|             Metric/avg_self_state_asymmetry |               0 |
|            Metric/avg_cross_state_asymmetry |        0.000658 |
|                Metric/avg_self_sa_asymmetry |               0 |
|               Metric/avg_cross_sa_asymmetry |        0.000907 |
|  Metric/self_state_action_to_state_distance |         1.1e-05 |
| Metric/cross_state_action_to_state_distance |           0.949 |
|                   Metric/h_lambda_diff_self |        0.000162 |
|                  Metric/h_lambda_diff_cross |          0.0015 |
|                                 Eval/Return |             921 |
-----------------------------------------------------------------
-----------------------------------------------------------------
|                                 Train/Steps |        4.49e+06 |
|                            Loss/Loss_critic |          0.0552 |
|                             Loss/Loss_actor |           -93.8 |
|                             Loss/Loss_alpha |         0.00204 |
|               Loss/Loss_state_action_metric |         0.00215 |
|                      Loss/Loss_state_metric |         0.00102 |
|             Loss/Loss_state_action_to_state |        2.21e-06 |
|                           Loss/Act_rep_loss |          0.0463 |
|                                   SAC/Alpha |         0.00835 |
|                              SAC/LogPi_mean |            2.61 |
|                                 SAC/Q1_mean |            93.8 |
|                                 SAC/Q2_mean |            93.8 |
|                            Norm/actor_model |             158 |
|                           Norm/critic_model |             203 |
|              Norm/state_action_metric_model |            96.7 |
|                     Norm/state_metric_model |            93.7 |
|        Norm/state_action_state_metric_model |             107 |
|                  Metric/self_state_distance |          0.0023 |
|                 Metric/cross_state_distance |           0.958 |
|           Metric/self_state_action_distance |        0.000124 |
|          Metric/cross_state_action_distance |            0.95 |
|             Metric/avg_self_state_asymmetry |               0 |
|            Metric/avg_cross_state_asymmetry |         0.00123 |
|                Metric/avg_self_sa_asymmetry |               0 |
|               Metric/avg_cross_sa_asymmetry |        0.000896 |
|  Metric/self_state_action_to_state_distance |        4.73e-05 |
| Metric/cross_state_action_to_state_distance |           0.949 |
|                   Metric/h_lambda_diff_self |        0.000153 |
|                  Metric/h_lambda_diff_cross |         0.00139 |
|                                 Eval/Return |             921 |
-----------------------------------------------------------------
-----------------------------------------------------------------
|                                 Train/Steps |        4.62e+06 |
|                            Loss/Loss_critic |          0.0497 |
|                             Loss/Loss_actor |           -93.7 |
|                             Loss/Loss_alpha |         -0.0016 |
|               Loss/Loss_state_action_metric |         0.00228 |
|                      Loss/Loss_state_metric |         0.00185 |
|             Loss/Loss_state_action_to_state |        1.81e-06 |
|                           Loss/Act_rep_loss |          0.0462 |
|                                   SAC/Alpha |         0.00762 |
|                              SAC/LogPi_mean |            2.98 |
|                                 SAC/Q1_mean |            93.8 |
|                                 SAC/Q2_mean |            93.9 |
|                            Norm/actor_model |             159 |
|                           Norm/critic_model |             205 |
|              Norm/state_action_metric_model |            97.8 |
|                     Norm/state_metric_model |            94.8 |
|        Norm/state_action_state_metric_model |             109 |
|                  Metric/self_state_distance |         0.00157 |
|                 Metric/cross_state_distance |           0.957 |
|           Metric/self_state_action_distance |        0.000124 |
|          Metric/cross_state_action_distance |           0.949 |
|             Metric/avg_self_state_asymmetry |               0 |
|            Metric/avg_cross_state_asymmetry |         0.00102 |
|                Metric/avg_self_sa_asymmetry |               0 |
|               Metric/avg_cross_sa_asymmetry |         0.00157 |
|  Metric/self_state_action_to_state_distance |        5.61e-05 |
| Metric/cross_state_action_to_state_distance |           0.949 |
|                   Metric/h_lambda_diff_self |        0.000142 |
|                  Metric/h_lambda_diff_cross |         0.00133 |
|                                 Eval/Return |             881 |
-----------------------------------------------------------------
-----------------------------------------------------------------
|                                 Train/Steps |        4.74e+06 |
|                            Loss/Loss_critic |          0.0358 |
|                             Loss/Loss_actor |           -94.3 |
|                             Loss/Loss_alpha |        0.000243 |
|               Loss/Loss_state_action_metric |         0.00304 |
|                      Loss/Loss_state_metric |         0.00222 |
|             Loss/Loss_state_action_to_state |        1.55e-06 |
|                           Loss/Act_rep_loss |          0.0467 |
|                                   SAC/Alpha |         0.00705 |
|                              SAC/LogPi_mean |            3.05 |
|                                 SAC/Q1_mean |            94.4 |
|                                 SAC/Q2_mean |            94.4 |
|                            Norm/actor_model |             161 |
|                           Norm/critic_model |             207 |
|              Norm/state_action_metric_model |            99.3 |
|                     Norm/state_metric_model |            96.7 |
|        Norm/state_action_state_metric_model |             111 |
|                  Metric/self_state_distance |          0.0013 |
|                 Metric/cross_state_distance |           0.953 |
|           Metric/self_state_action_distance |        0.000611 |
|          Metric/cross_state_action_distance |           0.945 |
|             Metric/avg_self_state_asymmetry |               0 |
|            Metric/avg_cross_state_asymmetry |        0.000676 |
|                Metric/avg_self_sa_asymmetry |               0 |
|               Metric/avg_cross_sa_asymmetry |         0.00081 |
|  Metric/self_state_action_to_state_distance |        2.81e-06 |
| Metric/cross_state_action_to_state_distance |           0.944 |
|                   Metric/h_lambda_diff_self |        0.000608 |
|                  Metric/h_lambda_diff_cross |         0.00139 |
|                                 Eval/Return |             915 |
-----------------------------------------------------------------
-----------------------------------------------------------------
|                                 Train/Steps |        4.87e+06 |
|                            Loss/Loss_critic |          0.0312 |
|                             Loss/Loss_actor |             -95 |
|                             Loss/Loss_alpha |        0.000478 |
|               Loss/Loss_state_action_metric |         0.00296 |
|                      Loss/Loss_state_metric |         0.00146 |
|             Loss/Loss_state_action_to_state |        1.44e-06 |
|                           Loss/Act_rep_loss |          0.0488 |
|                                   SAC/Alpha |         0.00663 |
|                              SAC/LogPi_mean |            2.95 |
|                                 SAC/Q1_mean |              95 |
|                                 SAC/Q2_mean |              95 |
|                            Norm/actor_model |             163 |
|                           Norm/critic_model |             209 |
|              Norm/state_action_metric_model |             100 |
|                     Norm/state_metric_model |            98.2 |
|        Norm/state_action_state_metric_model |             112 |
|                  Metric/self_state_distance |         0.00189 |
|                 Metric/cross_state_distance |           0.953 |
|           Metric/self_state_action_distance |         0.00229 |
|          Metric/cross_state_action_distance |           0.944 |
|             Metric/avg_self_state_asymmetry |               0 |
|            Metric/avg_cross_state_asymmetry |        0.000615 |
|                Metric/avg_self_sa_asymmetry |               0 |
|               Metric/avg_cross_sa_asymmetry |         0.00133 |
|  Metric/self_state_action_to_state_distance |        3.21e-06 |
| Metric/cross_state_action_to_state_distance |           0.943 |
|                   Metric/h_lambda_diff_self |         0.00229 |
|                  Metric/h_lambda_diff_cross |         0.00132 |
|                                 Eval/Return |             920 |
-----------------------------------------------------------------
-----------------------------------------------------------------
|                                 Train/Steps |           5e+06 |
|                            Loss/Loss_critic |           0.334 |
|                             Loss/Loss_actor |           -94.4 |
|                             Loss/Loss_alpha |        -0.00131 |
|               Loss/Loss_state_action_metric |         0.00262 |
|                      Loss/Loss_state_metric |         0.00116 |
|             Loss/Loss_state_action_to_state |        2.06e-06 |
|                           Loss/Act_rep_loss |          0.0479 |
|                                   SAC/Alpha |         0.00625 |
|                              SAC/LogPi_mean |            3.08 |
|                                 SAC/Q1_mean |            94.4 |
|                                 SAC/Q2_mean |            94.5 |
|                            Norm/actor_model |             164 |
|                           Norm/critic_model |             211 |
|              Norm/state_action_metric_model |             102 |
|                     Norm/state_metric_model |            99.6 |
|        Norm/state_action_state_metric_model |             113 |
|                  Metric/self_state_distance |         0.00131 |
|                 Metric/cross_state_distance |           0.959 |
|           Metric/self_state_action_distance |        0.000367 |
|          Metric/cross_state_action_distance |           0.951 |
|             Metric/avg_self_state_asymmetry |               0 |
|            Metric/avg_cross_state_asymmetry |        0.000696 |
|                Metric/avg_self_sa_asymmetry |               0 |
|               Metric/avg_cross_sa_asymmetry |        0.000733 |
|  Metric/self_state_action_to_state_distance |        9.65e-05 |
| Metric/cross_state_action_to_state_distance |            0.95 |
|                   Metric/h_lambda_diff_self |        0.000373 |
|                  Metric/h_lambda_diff_cross |         0.00118 |
|                                 Eval/Return |             882 |
-----------------------------------------------------------------
[32mSaving model …[0m
[32mDone.[0m
[32mSaving model …[0m
[32mDone.[0m
