E0921 01:29:19.790909 2734781 cuda_executor.cc:1526] Could not get kernel mode driver version: (INVALID_ARGUMENT: Version does not match the format X.Y.Z)
E0921 01:29:19.799575 2734671 cuda_executor.cc:1526] Could not get kernel mode driver version: (INVALID_ARGUMENT: Version does not match the format X.Y.Z)
[32mStart prefilling replay buffer[0m
[32mStart SAC training[0m
[32m{'log_freq': 1000, 'save_freq': 1000000, 'eval_episode_freq': 10, 'hidden_size': 256, 'lr': 0.001, 'max_grad_norm': 0.0, 'gamma': 0.99, 'update_tau': 0.005, 'train_per_step': 8, 'episode_length': 1000, 'warmup_samples': 8192, 'max_replay_size': 4000000, 'batch_size': 512, 'total_env_steps': 5000000, 'init_temperature': 0.1, 'nstep': 3, 'bootstrap_on_truncation': True, 'rep_lr_scale': 1.5, 'vis_feq': 100000, 'n_vis_frames': 4, 'num_envs': 128, 'grad_steps': 50, 'transfer_freq': 10, 'transfer_steps': 8, 'reward_scaling': 1.0, 'num_eval_envs': 128, 'target_entropy': -2.0}[0m
[32m[nstep] nstep=3 bootstrap_on_truncation=True (discount from the buffer already contains gamma^nstep)[0m
-----------------------------------------------------------------
|                                 Train/Steps |        1.36e+05 |
|                            Loss/Loss_critic |         0.00779 |
|                             Loss/Loss_actor |          -0.634 |
|                             Loss/Loss_alpha |         0.00654 |
|               Loss/Loss_state_action_metric |         0.00201 |
|                      Loss/Loss_state_metric |         0.00153 |
|             Loss/Loss_state_action_to_state |        1.01e-05 |
|                           Loss/Act_rep_loss |         0.00263 |
|                                   SAC/Alpha |         0.00161 |
|                              SAC/LogPi_mean |           -2.13 |
|                                 SAC/Q1_mean |           0.636 |
|                                 SAC/Q2_mean |           0.634 |
|                            Norm/actor_model |            30.2 |
|                           Norm/critic_model |              39 |
|              Norm/state_action_metric_model |            31.5 |
|                     Norm/state_metric_model |            31.4 |
|        Norm/state_action_state_metric_model |            31.4 |
|                  Metric/self_state_distance |         0.00185 |
|                 Metric/cross_state_distance |           0.931 |
|           Metric/self_state_action_distance |         0.00049 |
|          Metric/cross_state_action_distance |           0.913 |
|             Metric/avg_self_state_asymmetry |               0 |
|            Metric/avg_cross_state_asymmetry |         0.00158 |
|                Metric/avg_self_sa_asymmetry |               0 |
|               Metric/avg_cross_sa_asymmetry |         0.00208 |
|  Metric/self_state_action_to_state_distance |        0.000137 |
| Metric/cross_state_action_to_state_distance |           0.909 |
|                   Metric/h_lambda_diff_self |         0.00055 |
|                  Metric/h_lambda_diff_cross |         0.00493 |
|                                 Eval/Return |            5.06 |
-----------------------------------------------------------------
-----------------------------------------------------------------
|                                 Train/Steps |        2.64e+05 |
|                            Loss/Loss_critic |          0.0122 |
|                             Loss/Loss_actor |          -0.303 |
|                             Loss/Loss_alpha |        0.000155 |
|               Loss/Loss_state_action_metric |         0.00299 |
|                      Loss/Loss_state_metric |         0.00233 |
|             Loss/Loss_state_action_to_state |        1.02e-05 |
|                           Loss/Act_rep_loss |         0.00825 |
|                                   SAC/Alpha |        0.000159 |
|                              SAC/LogPi_mean |            1.05 |
|                                 SAC/Q1_mean |           0.296 |
|                                 SAC/Q2_mean |             0.3 |
|                            Norm/actor_model |            43.4 |
|                           Norm/critic_model |            58.7 |
|              Norm/state_action_metric_model |            33.6 |
|                     Norm/state_metric_model |            32.5 |
|        Norm/state_action_state_metric_model |            33.5 |
|                  Metric/self_state_distance |         0.00161 |
|                 Metric/cross_state_distance |           0.918 |
|           Metric/self_state_action_distance |         0.00064 |
|          Metric/cross_state_action_distance |           0.897 |
|             Metric/avg_self_state_asymmetry |               0 |
|            Metric/avg_cross_state_asymmetry |         0.00113 |
|                Metric/avg_self_sa_asymmetry |               0 |
|               Metric/avg_cross_sa_asymmetry |         0.00176 |
|  Metric/self_state_action_to_state_distance |        0.000257 |
| Metric/cross_state_action_to_state_distance |           0.902 |
|                   Metric/h_lambda_diff_self |        0.000434 |
|                  Metric/h_lambda_diff_cross |         0.00474 |
|                                 Eval/Return |            7.35 |
-----------------------------------------------------------------
-----------------------------------------------------------------
|                                 Train/Steps |        3.92e+05 |
|                            Loss/Loss_critic |          0.0151 |
|                             Loss/Loss_actor |          -0.301 |
|                             Loss/Loss_alpha |       -4.19e-05 |
|               Loss/Loss_state_action_metric |         0.00351 |
|                      Loss/Loss_state_metric |         0.00228 |
|             Loss/Loss_state_action_to_state |        0.000678 |
|                           Loss/Act_rep_loss |          0.0256 |
|                                   SAC/Alpha |         0.00118 |
|                              SAC/LogPi_mean |            1.75 |
|                                 SAC/Q1_mean |           0.275 |
|                                 SAC/Q2_mean |           0.288 |
|                            Norm/actor_model |            52.5 |
|                           Norm/critic_model |            72.6 |
|              Norm/state_action_metric_model |            35.5 |
|                     Norm/state_metric_model |            34.2 |
|        Norm/state_action_state_metric_model |            35.8 |
|                  Metric/self_state_distance |         0.00122 |
|                 Metric/cross_state_distance |           0.927 |
|           Metric/self_state_action_distance |         0.00437 |
|          Metric/cross_state_action_distance |           0.903 |
|             Metric/avg_self_state_asymmetry |               0 |
|            Metric/avg_cross_state_asymmetry |         0.00217 |
|                Metric/avg_self_sa_asymmetry |               0 |
|               Metric/avg_cross_sa_asymmetry |         0.00191 |
|  Metric/self_state_action_to_state_distance |        0.000501 |
| Metric/cross_state_action_to_state_distance |           0.902 |
|                   Metric/h_lambda_diff_self |         0.00414 |
|                  Metric/h_lambda_diff_cross |         0.00334 |
|                                 Eval/Return |            9.66 |
-----------------------------------------------------------------
-----------------------------------------------------------------
|                                 Train/Steps |         5.2e+05 |
|                            Loss/Loss_critic |          0.0587 |
|                             Loss/Loss_actor |           -1.92 |
|                             Loss/Loss_alpha |         0.00192 |
|               Loss/Loss_state_action_metric |         0.00323 |
|                      Loss/Loss_state_metric |         0.00262 |
|             Loss/Loss_state_action_to_state |        1.62e-05 |
|                           Loss/Act_rep_loss |           0.197 |
|                                   SAC/Alpha |         0.00427 |
|                              SAC/LogPi_mean |            1.72 |
|                                 SAC/Q1_mean |            1.86 |
|                                 SAC/Q2_mean |             1.9 |
|                            Norm/actor_model |            60.8 |
|                           Norm/critic_model |            84.1 |
|              Norm/state_action_metric_model |            37.8 |
|                     Norm/state_metric_model |            36.4 |
|        Norm/state_action_state_metric_model |            38.5 |
|                  Metric/self_state_distance |         0.00112 |
|                 Metric/cross_state_distance |           0.919 |
|           Metric/self_state_action_distance |        0.000382 |
|          Metric/cross_state_action_distance |             0.9 |
|             Metric/avg_self_state_asymmetry |               0 |
|            Metric/avg_cross_state_asymmetry |         0.00116 |
|                Metric/avg_self_sa_asymmetry |               0 |
|               Metric/avg_cross_sa_asymmetry |         0.00182 |
|  Metric/self_state_action_to_state_distance |         0.00086 |
| Metric/cross_state_action_to_state_distance |           0.903 |
|                   Metric/h_lambda_diff_self |        0.000896 |
|                  Metric/h_lambda_diff_cross |         0.00333 |
|                                 Eval/Return |            84.1 |
-----------------------------------------------------------------
-----------------------------------------------------------------
|                                 Train/Steps |        6.48e+05 |
|                            Loss/Loss_critic |          0.0699 |
|                             Loss/Loss_actor |           -3.98 |
|                             Loss/Loss_alpha |         0.00125 |
|               Loss/Loss_state_action_metric |          0.0022 |
|                      Loss/Loss_state_metric |         0.00141 |
|             Loss/Loss_state_action_to_state |        3.43e-05 |
|                           Loss/Act_rep_loss |           0.353 |
|                                   SAC/Alpha |         0.00599 |
|                              SAC/LogPi_mean |            1.69 |
|                                 SAC/Q1_mean |            3.92 |
|                                 SAC/Q2_mean |            3.87 |
|                            Norm/actor_model |            68.3 |
|                           Norm/critic_model |            93.9 |
|              Norm/state_action_metric_model |            40.7 |
|                     Norm/state_metric_model |            39.7 |
|        Norm/state_action_state_metric_model |              41 |
|                  Metric/self_state_distance |        0.000355 |
|                 Metric/cross_state_distance |           0.931 |
|           Metric/self_state_action_distance |         0.00107 |
|          Metric/cross_state_action_distance |            0.92 |
|             Metric/avg_self_state_asymmetry |               0 |
|            Metric/avg_cross_state_asymmetry |          0.0019 |
|                Metric/avg_self_sa_asymmetry |               0 |
|               Metric/avg_cross_sa_asymmetry |         0.00285 |
|  Metric/self_state_action_to_state_distance |        0.000486 |
| Metric/cross_state_action_to_state_distance |           0.919 |
|                   Metric/h_lambda_diff_self |         0.00103 |
|                  Metric/h_lambda_diff_cross |         0.00327 |
|                                 Eval/Return |             111 |
-----------------------------------------------------------------
-----------------------------------------------------------------
|                                 Train/Steps |        7.76e+05 |
|                            Loss/Loss_critic |           0.366 |
|                             Loss/Loss_actor |           -6.67 |
|                             Loss/Loss_alpha |        0.000444 |
|               Loss/Loss_state_action_metric |         0.00278 |
|                      Loss/Loss_state_metric |         0.00172 |
|             Loss/Loss_state_action_to_state |        0.000146 |
|                           Loss/Act_rep_loss |           0.442 |
|                                   SAC/Alpha |          0.0064 |
|                              SAC/LogPi_mean |            1.95 |
|                                 SAC/Q1_mean |            6.59 |
|                                 SAC/Q2_mean |            6.57 |
|                            Norm/actor_model |            74.9 |
|                           Norm/critic_model |             103 |
|              Norm/state_action_metric_model |            43.5 |
|                     Norm/state_metric_model |            42.3 |
|        Norm/state_action_state_metric_model |            43.4 |
|                  Metric/self_state_distance |        0.000159 |
|                 Metric/cross_state_distance |           0.945 |
|           Metric/self_state_action_distance |         0.00135 |
|          Metric/cross_state_action_distance |           0.933 |
|             Metric/avg_self_state_asymmetry |               0 |
|            Metric/avg_cross_state_asymmetry |         0.00227 |
|                Metric/avg_self_sa_asymmetry |               0 |
|               Metric/avg_cross_sa_asymmetry |           0.003 |
|  Metric/self_state_action_to_state_distance |         0.00108 |
| Metric/cross_state_action_to_state_distance |           0.934 |
|                   Metric/h_lambda_diff_self |         0.00193 |
|                  Metric/h_lambda_diff_cross |         0.00401 |
|                                 Eval/Return |             147 |
-----------------------------------------------------------------
-----------------------------------------------------------------
|                                 Train/Steps |        9.04e+05 |
|                            Loss/Loss_critic |           0.643 |
|                             Loss/Loss_actor |           -8.39 |
|                             Loss/Loss_alpha |        0.000501 |
|               Loss/Loss_state_action_metric |         0.00245 |
|                      Loss/Loss_state_metric |         0.00169 |
|             Loss/Loss_state_action_to_state |        4.09e-05 |
|                           Loss/Act_rep_loss |           0.485 |
|                                   SAC/Alpha |         0.00725 |
|                              SAC/LogPi_mean |            1.91 |
|                                 SAC/Q1_mean |            8.28 |
|                                 SAC/Q2_mean |            8.28 |
|                            Norm/actor_model |            80.4 |
|                           Norm/critic_model |             112 |
|              Norm/state_action_metric_model |            46.7 |
|                     Norm/state_metric_model |            45.3 |
|        Norm/state_action_state_metric_model |            46.2 |
|                  Metric/self_state_distance |        0.000384 |
|                 Metric/cross_state_distance |           0.945 |
|           Metric/self_state_action_distance |         0.00195 |
|          Metric/cross_state_action_distance |           0.935 |
|             Metric/avg_self_state_asymmetry |               0 |
|            Metric/avg_cross_state_asymmetry |         0.00233 |
|                Metric/avg_self_sa_asymmetry |               0 |
|               Metric/avg_cross_sa_asymmetry |         0.00263 |
|  Metric/self_state_action_to_state_distance |        0.000601 |
| Metric/cross_state_action_to_state_distance |           0.935 |
|                   Metric/h_lambda_diff_self |         0.00171 |
|                  Metric/h_lambda_diff_cross |          0.0037 |
|                                 Eval/Return |             172 |
-----------------------------------------------------------------
-----------------------------------------------------------------
|                                 Train/Steps |        1.03e+06 |
|                            Loss/Loss_critic |            0.22 |
|                             Loss/Loss_actor |           -10.2 |
|                             Loss/Loss_alpha |        -0.00193 |
|               Loss/Loss_state_action_metric |         0.00227 |
|                      Loss/Loss_state_metric |         0.00211 |
|             Loss/Loss_state_action_to_state |         0.00092 |
|                           Loss/Act_rep_loss |           0.486 |
|                                   SAC/Alpha |          0.0069 |
|                              SAC/LogPi_mean |            2.32 |
|                                 SAC/Q1_mean |            10.1 |
|                                 SAC/Q2_mean |              10 |
|                            Norm/actor_model |            85.1 |
|                           Norm/critic_model |             119 |
|              Norm/state_action_metric_model |              49 |
|                     Norm/state_metric_model |            48.6 |
|        Norm/state_action_state_metric_model |              49 |
|                  Metric/self_state_distance |          0.0022 |
|                 Metric/cross_state_distance |           0.953 |
|           Metric/self_state_action_distance |         0.00128 |
|          Metric/cross_state_action_distance |           0.943 |
|             Metric/avg_self_state_asymmetry |               0 |
|            Metric/avg_cross_state_asymmetry |         0.00267 |
|                Metric/avg_self_sa_asymmetry |               0 |
|               Metric/avg_cross_sa_asymmetry |         0.00344 |
|  Metric/self_state_action_to_state_distance |         0.00106 |
| Metric/cross_state_action_to_state_distance |           0.939 |
|                   Metric/h_lambda_diff_self |         0.00133 |
|                  Metric/h_lambda_diff_cross |          0.0072 |
|                                 Eval/Return |             210 |
-----------------------------------------------------------------
[32mSaving model …[0m
[32mDone.[0m
[32mSaving model …[0m
[32mDone.[0m
[32mSaving model …[0m
[32mDone.[0m
[32mSaving model …[0m
[32mDone.[0m
-----------------------------------------------------------------
|                                 Train/Steps |        1.16e+06 |
|                            Loss/Loss_critic |           0.125 |
|                             Loss/Loss_actor |           -12.6 |
|                             Loss/Loss_alpha |        -0.00482 |
|               Loss/Loss_state_action_metric |         0.00218 |
|                      Loss/Loss_state_metric |         0.00162 |
|             Loss/Loss_state_action_to_state |        3.31e-05 |
|                           Loss/Act_rep_loss |           0.609 |
|                                   SAC/Alpha |         0.00689 |
|                              SAC/LogPi_mean |            2.62 |
|                                 SAC/Q1_mean |            12.5 |
|                                 SAC/Q2_mean |            12.5 |
|                            Norm/actor_model |            89.5 |
|                           Norm/critic_model |             126 |
|              Norm/state_action_metric_model |            51.6 |
|                     Norm/state_metric_model |            50.7 |
|        Norm/state_action_state_metric_model |              51 |
|                  Metric/self_state_distance |        0.000365 |
|                 Metric/cross_state_distance |           0.961 |
|           Metric/self_state_action_distance |         0.00202 |
|          Metric/cross_state_action_distance |           0.949 |
|             Metric/avg_self_state_asymmetry |               0 |
|            Metric/avg_cross_state_asymmetry |         0.00253 |
|                Metric/avg_self_sa_asymmetry |               0 |
|               Metric/avg_cross_sa_asymmetry |         0.00305 |
|  Metric/self_state_action_to_state_distance |        7.56e-05 |
| Metric/cross_state_action_to_state_distance |            0.95 |
|                   Metric/h_lambda_diff_self |         0.00195 |
|                  Metric/h_lambda_diff_cross |         0.00422 |
|                                 Eval/Return |             163 |
-----------------------------------------------------------------
-----------------------------------------------------------------
|                                 Train/Steps |        1.29e+06 |
|                            Loss/Loss_critic |          0.0804 |
|                             Loss/Loss_actor |           -12.3 |
|                             Loss/Loss_alpha |         0.00145 |
|               Loss/Loss_state_action_metric |         0.00199 |
|                      Loss/Loss_state_metric |         0.00129 |
|             Loss/Loss_state_action_to_state |        3.41e-05 |
|                           Loss/Act_rep_loss |           0.393 |
|                                   SAC/Alpha |         0.00685 |
|                              SAC/LogPi_mean |             1.6 |
|                                 SAC/Q1_mean |            12.3 |
|                                 SAC/Q2_mean |            12.2 |
|                            Norm/actor_model |            93.5 |
|                           Norm/critic_model |             132 |
|              Norm/state_action_metric_model |            54.3 |
|                     Norm/state_metric_model |              53 |
|        Norm/state_action_state_metric_model |            53.5 |
|                  Metric/self_state_distance |        0.000202 |
|                 Metric/cross_state_distance |           0.972 |
|           Metric/self_state_action_distance |         0.00167 |
|          Metric/cross_state_action_distance |           0.965 |
|             Metric/avg_self_state_asymmetry |               0 |
|            Metric/avg_cross_state_asymmetry |         0.00234 |
|                Metric/avg_self_sa_asymmetry |               0 |
|               Metric/avg_cross_sa_asymmetry |         0.00298 |
|  Metric/self_state_action_to_state_distance |         0.00058 |
| Metric/cross_state_action_to_state_distance |           0.965 |
|                   Metric/h_lambda_diff_self |          0.0017 |
|                  Metric/h_lambda_diff_cross |         0.00377 |
|                                 Eval/Return |             229 |
-----------------------------------------------------------------
-----------------------------------------------------------------
|                                 Train/Steps |        1.42e+06 |
|                            Loss/Loss_critic |           0.164 |
|                             Loss/Loss_actor |           -12.7 |
|                             Loss/Loss_alpha |          0.0019 |
|               Loss/Loss_state_action_metric |         0.00194 |
|                      Loss/Loss_state_metric |         0.00137 |
|             Loss/Loss_state_action_to_state |        2.85e-05 |
|                           Loss/Act_rep_loss |           0.471 |
|                                   SAC/Alpha |         0.00679 |
|                              SAC/LogPi_mean |            1.81 |
|                                 SAC/Q1_mean |            12.7 |
|                                 SAC/Q2_mean |            12.7 |
|                            Norm/actor_model |            97.4 |
|                           Norm/critic_model |             138 |
|              Norm/state_action_metric_model |            56.8 |
|                     Norm/state_metric_model |            55.8 |
|        Norm/state_action_state_metric_model |            56.2 |
|                  Metric/self_state_distance |        0.000502 |
|                 Metric/cross_state_distance |           0.971 |
|           Metric/self_state_action_distance |         0.00187 |
|          Metric/cross_state_action_distance |           0.964 |
|             Metric/avg_self_state_asymmetry |               0 |
|            Metric/avg_cross_state_asymmetry |         0.00247 |
|                Metric/avg_self_sa_asymmetry |               0 |
|               Metric/avg_cross_sa_asymmetry |         0.00281 |
|  Metric/self_state_action_to_state_distance |        0.000295 |
| Metric/cross_state_action_to_state_distance |           0.964 |
|                   Metric/h_lambda_diff_self |         0.00173 |
|                  Metric/h_lambda_diff_cross |         0.00362 |
|                                 Eval/Return |             185 |
-----------------------------------------------------------------
-----------------------------------------------------------------
|                                 Train/Steps |        1.54e+06 |
|                            Loss/Loss_critic |           0.251 |
|                             Loss/Loss_actor |           -15.2 |
|                             Loss/Loss_alpha |       -0.000771 |
|               Loss/Loss_state_action_metric |         0.00233 |
|                      Loss/Loss_state_metric |         0.00173 |
|             Loss/Loss_state_action_to_state |        4.96e-05 |
|                           Loss/Act_rep_loss |           0.546 |
|                                   SAC/Alpha |         0.00683 |
|                              SAC/LogPi_mean |            1.96 |
|                                 SAC/Q1_mean |            15.1 |
|                                 SAC/Q2_mean |            15.1 |
|                            Norm/actor_model |             101 |
|                           Norm/critic_model |             143 |
|              Norm/state_action_metric_model |            59.7 |
|                     Norm/state_metric_model |            58.9 |
|        Norm/state_action_state_metric_model |            58.6 |
|                  Metric/self_state_distance |         0.00105 |
|                 Metric/cross_state_distance |           0.974 |
|           Metric/self_state_action_distance |         0.00193 |
|          Metric/cross_state_action_distance |           0.968 |
|             Metric/avg_self_state_asymmetry |               0 |
|            Metric/avg_cross_state_asymmetry |         0.00248 |
|                Metric/avg_self_sa_asymmetry |               0 |
|               Metric/avg_cross_sa_asymmetry |         0.00298 |
|  Metric/self_state_action_to_state_distance |         0.00102 |
| Metric/cross_state_action_to_state_distance |           0.966 |
|                   Metric/h_lambda_diff_self |         0.00157 |
|                  Metric/h_lambda_diff_cross |         0.00432 |
|                                 Eval/Return |             197 |
-----------------------------------------------------------------
-----------------------------------------------------------------
|                                 Train/Steps |        1.67e+06 |
|                            Loss/Loss_critic |           0.203 |
|                             Loss/Loss_actor |           -14.4 |
|                             Loss/Loss_alpha |        -0.00148 |
|               Loss/Loss_state_action_metric |         0.00731 |
|                      Loss/Loss_state_metric |         0.00297 |
|             Loss/Loss_state_action_to_state |        0.000178 |
|                           Loss/Act_rep_loss |           0.486 |
|                                   SAC/Alpha |         0.00674 |
|                              SAC/LogPi_mean |            2.23 |
|                                 SAC/Q1_mean |            14.3 |
|                                 SAC/Q2_mean |            14.3 |
|                            Norm/actor_model |             104 |
|                           Norm/critic_model |             148 |
|              Norm/state_action_metric_model |            62.6 |
|                     Norm/state_metric_model |            61.1 |
|        Norm/state_action_state_metric_model |            61.1 |
|                  Metric/self_state_distance |        0.000132 |
|                 Metric/cross_state_distance |           0.965 |
|           Metric/self_state_action_distance |         0.00192 |
|          Metric/cross_state_action_distance |           0.958 |
|             Metric/avg_self_state_asymmetry |               0 |
|            Metric/avg_cross_state_asymmetry |         0.00282 |
|                Metric/avg_self_sa_asymmetry |               0 |
|               Metric/avg_cross_sa_asymmetry |         0.00349 |
|  Metric/self_state_action_to_state_distance |        0.000406 |
| Metric/cross_state_action_to_state_distance |            0.96 |
|                   Metric/h_lambda_diff_self |         0.00179 |
|                  Metric/h_lambda_diff_cross |         0.00493 |
|                                 Eval/Return |             170 |
-----------------------------------------------------------------
-----------------------------------------------------------------
|                                 Train/Steps |         1.8e+06 |
|                            Loss/Loss_critic |          0.0908 |
|                             Loss/Loss_actor |           -15.5 |
|                             Loss/Loss_alpha |        -0.00148 |
|               Loss/Loss_state_action_metric |         0.00271 |
|                      Loss/Loss_state_metric |         0.00249 |
|             Loss/Loss_state_action_to_state |        4.56e-05 |
|                           Loss/Act_rep_loss |           0.428 |
|                                   SAC/Alpha |         0.00659 |
|                              SAC/LogPi_mean |            2.32 |
|                                 SAC/Q1_mean |            15.4 |
|                                 SAC/Q2_mean |            15.4 |
|                            Norm/actor_model |             108 |
|                           Norm/critic_model |             153 |
|              Norm/state_action_metric_model |            65.2 |
|                     Norm/state_metric_model |            63.2 |
|        Norm/state_action_state_metric_model |            63.5 |
|                  Metric/self_state_distance |         0.00115 |
|                 Metric/cross_state_distance |           0.975 |
|           Metric/self_state_action_distance |         0.00128 |
|          Metric/cross_state_action_distance |           0.969 |
|             Metric/avg_self_state_asymmetry |               0 |
|            Metric/avg_cross_state_asymmetry |         0.00323 |
|                Metric/avg_self_sa_asymmetry |               0 |
|               Metric/avg_cross_sa_asymmetry |         0.00324 |
|  Metric/self_state_action_to_state_distance |        0.000502 |
| Metric/cross_state_action_to_state_distance |           0.967 |
|                   Metric/h_lambda_diff_self |         0.00126 |
|                  Metric/h_lambda_diff_cross |         0.00438 |
|                                 Eval/Return |             212 |
-----------------------------------------------------------------
-----------------------------------------------------------------
|                                 Train/Steps |        1.93e+06 |
|                            Loss/Loss_critic |           0.054 |
|                             Loss/Loss_actor |           -15.3 |
|                             Loss/Loss_alpha |         -0.0014 |
|               Loss/Loss_state_action_metric |         0.00264 |
|                      Loss/Loss_state_metric |         0.00198 |
|             Loss/Loss_state_action_to_state |        4.15e-05 |
|                           Loss/Act_rep_loss |            0.45 |
|                                   SAC/Alpha |         0.00674 |
|                              SAC/LogPi_mean |            2.19 |
|                                 SAC/Q1_mean |            15.2 |
|                                 SAC/Q2_mean |            15.2 |
|                            Norm/actor_model |             111 |
|                           Norm/critic_model |             157 |
|              Norm/state_action_metric_model |            68.2 |
|                     Norm/state_metric_model |            65.8 |
|        Norm/state_action_state_metric_model |            65.8 |
|                  Metric/self_state_distance |         0.00169 |
|                 Metric/cross_state_distance |           0.981 |
|           Metric/self_state_action_distance |         0.00172 |
|          Metric/cross_state_action_distance |           0.973 |
|             Metric/avg_self_state_asymmetry |               0 |
|            Metric/avg_cross_state_asymmetry |           0.003 |
|                Metric/avg_self_sa_asymmetry |               0 |
|               Metric/avg_cross_sa_asymmetry |         0.00286 |
|  Metric/self_state_action_to_state_distance |         0.00179 |
| Metric/cross_state_action_to_state_distance |           0.973 |
|                   Metric/h_lambda_diff_self |         0.00262 |
|                  Metric/h_lambda_diff_cross |         0.00349 |
|                                 Eval/Return |             166 |
-----------------------------------------------------------------
-----------------------------------------------------------------
|                                 Train/Steps |        2.06e+06 |
|                            Loss/Loss_critic |          0.0669 |
|                             Loss/Loss_actor |           -17.8 |
|                             Loss/Loss_alpha |        -0.00151 |
|               Loss/Loss_state_action_metric |         0.00215 |
|                      Loss/Loss_state_metric |         0.00149 |
|             Loss/Loss_state_action_to_state |         2.5e-05 |
|                           Loss/Act_rep_loss |           0.433 |
|                                   SAC/Alpha |         0.00645 |
|                              SAC/LogPi_mean |            2.21 |
|                                 SAC/Q1_mean |            17.7 |
|                                 SAC/Q2_mean |            17.8 |
|                            Norm/actor_model |             114 |
|                           Norm/critic_model |             161 |
|              Norm/state_action_metric_model |            70.7 |
|                     Norm/state_metric_model |            68.5 |
|        Norm/state_action_state_metric_model |            68.1 |
|                  Metric/self_state_distance |         0.00173 |
|                 Metric/cross_state_distance |           0.989 |
|           Metric/self_state_action_distance |         0.00125 |
|          Metric/cross_state_action_distance |           0.984 |
|             Metric/avg_self_state_asymmetry |               0 |
|            Metric/avg_cross_state_asymmetry |         0.00265 |
|                Metric/avg_self_sa_asymmetry |               0 |
|               Metric/avg_cross_sa_asymmetry |         0.00284 |
|  Metric/self_state_action_to_state_distance |         0.00069 |
| Metric/cross_state_action_to_state_distance |           0.983 |
|                   Metric/h_lambda_diff_self |         0.00123 |
|                  Metric/h_lambda_diff_cross |         0.00353 |
|                                 Eval/Return |             169 |
-----------------------------------------------------------------
[32mSaving model …[0m
[32mDone.[0m
[32mSaving model …[0m
[32mDone.[0m
[32mSaving model …[0m
[32mDone.[0m
[32mSaving model …[0m
[32mDone.[0m
-----------------------------------------------------------------
|                                 Train/Steps |        2.18e+06 |
|                            Loss/Loss_critic |          0.0425 |
|                             Loss/Loss_actor |           -17.6 |
|                             Loss/Loss_alpha |       -0.000561 |
|               Loss/Loss_state_action_metric |         0.00229 |
|                      Loss/Loss_state_metric |          0.0014 |
|             Loss/Loss_state_action_to_state |        4.17e-05 |
|                           Loss/Act_rep_loss |           0.414 |
|                                   SAC/Alpha |         0.00678 |
|                              SAC/LogPi_mean |            2.02 |
|                                 SAC/Q1_mean |            17.6 |
|                                 SAC/Q2_mean |            17.6 |
|                            Norm/actor_model |             117 |
|                           Norm/critic_model |             165 |
|              Norm/state_action_metric_model |            73.4 |
|                     Norm/state_metric_model |            71.1 |
|        Norm/state_action_state_metric_model |            70.1 |
|                  Metric/self_state_distance |         0.00068 |
|                 Metric/cross_state_distance |           0.987 |
|           Metric/self_state_action_distance |         0.00146 |
|          Metric/cross_state_action_distance |           0.982 |
|             Metric/avg_self_state_asymmetry |               0 |
|            Metric/avg_cross_state_asymmetry |         0.00263 |
|                Metric/avg_self_sa_asymmetry |               0 |
|               Metric/avg_cross_sa_asymmetry |         0.00297 |
|  Metric/self_state_action_to_state_distance |        0.000994 |
| Metric/cross_state_action_to_state_distance |           0.982 |
|                   Metric/h_lambda_diff_self |         0.00134 |
|                  Metric/h_lambda_diff_cross |         0.00343 |
|                                 Eval/Return |             211 |
-----------------------------------------------------------------
-----------------------------------------------------------------
|                                 Train/Steps |        2.31e+06 |
|                            Loss/Loss_critic |           0.287 |
|                             Loss/Loss_actor |           -17.1 |
|                             Loss/Loss_alpha |        0.000154 |
|               Loss/Loss_state_action_metric |         0.00279 |
|                      Loss/Loss_state_metric |         0.00223 |
|             Loss/Loss_state_action_to_state |        0.000432 |
|                           Loss/Act_rep_loss |           0.419 |
|                                   SAC/Alpha |         0.00669 |
|                              SAC/LogPi_mean |            1.83 |
|                                 SAC/Q1_mean |            17.1 |
|                                 SAC/Q2_mean |            17.1 |
|                            Norm/actor_model |             120 |
|                           Norm/critic_model |             169 |
|              Norm/state_action_metric_model |            75.9 |
|                     Norm/state_metric_model |            73.5 |
|        Norm/state_action_state_metric_model |              72 |
|                  Metric/self_state_distance |          0.0012 |
|                 Metric/cross_state_distance |           0.988 |
|           Metric/self_state_action_distance |         0.00173 |
|          Metric/cross_state_action_distance |           0.985 |
|             Metric/avg_self_state_asymmetry |               0 |
|            Metric/avg_cross_state_asymmetry |         0.00255 |
|                Metric/avg_self_sa_asymmetry |               0 |
|               Metric/avg_cross_sa_asymmetry |         0.00317 |
|  Metric/self_state_action_to_state_distance |        0.000953 |
| Metric/cross_state_action_to_state_distance |           0.985 |
|                   Metric/h_lambda_diff_self |         0.00169 |
|                  Metric/h_lambda_diff_cross |         0.00418 |
|                                 Eval/Return |             224 |
-----------------------------------------------------------------
-----------------------------------------------------------------
|                                 Train/Steps |        2.44e+06 |
|                            Loss/Loss_critic |           0.053 |
|                             Loss/Loss_actor |           -19.7 |
|                             Loss/Loss_alpha |        -0.00342 |
|               Loss/Loss_state_action_metric |         0.00254 |
|                      Loss/Loss_state_metric |         0.00185 |
|             Loss/Loss_state_action_to_state |        3.09e-05 |
|                           Loss/Act_rep_loss |            0.47 |
|                                   SAC/Alpha |         0.00654 |
|                              SAC/LogPi_mean |            2.48 |
|                                 SAC/Q1_mean |            19.7 |
|                                 SAC/Q2_mean |            19.6 |
|                            Norm/actor_model |             123 |
|                           Norm/critic_model |             173 |
|              Norm/state_action_metric_model |            78.6 |
|                     Norm/state_metric_model |            75.5 |
|        Norm/state_action_state_metric_model |            73.7 |
|                  Metric/self_state_distance |        0.000713 |
|                 Metric/cross_state_distance |           0.989 |
|           Metric/self_state_action_distance |        0.000834 |
|          Metric/cross_state_action_distance |           0.986 |
|             Metric/avg_self_state_asymmetry |               0 |
|            Metric/avg_cross_state_asymmetry |         0.00247 |
|                Metric/avg_self_sa_asymmetry |               0 |
|               Metric/avg_cross_sa_asymmetry |         0.00309 |
|  Metric/self_state_action_to_state_distance |        0.000466 |
| Metric/cross_state_action_to_state_distance |           0.984 |
|                   Metric/h_lambda_diff_self |        0.000639 |
|                  Metric/h_lambda_diff_cross |         0.00414 |
|                                 Eval/Return |             215 |
-----------------------------------------------------------------
-----------------------------------------------------------------
|                                 Train/Steps |        2.57e+06 |
|                            Loss/Loss_critic |          0.0712 |
|                             Loss/Loss_actor |           -18.7 |
|                             Loss/Loss_alpha |       -0.000975 |
|               Loss/Loss_state_action_metric |         0.00288 |
|                      Loss/Loss_state_metric |         0.00228 |
|             Loss/Loss_state_action_to_state |        2.04e-05 |
|                           Loss/Act_rep_loss |           0.426 |
|                                   SAC/Alpha |         0.00678 |
|                              SAC/LogPi_mean |            2.08 |
|                                 SAC/Q1_mean |            18.6 |
|                                 SAC/Q2_mean |            18.6 |
|                            Norm/actor_model |             126 |
|                           Norm/critic_model |             177 |
|              Norm/state_action_metric_model |            80.5 |
|                     Norm/state_metric_model |            77.1 |
|        Norm/state_action_state_metric_model |            75.3 |
|                  Metric/self_state_distance |        0.000856 |
|                 Metric/cross_state_distance |           0.987 |
|           Metric/self_state_action_distance |         0.00114 |
|          Metric/cross_state_action_distance |           0.986 |
|             Metric/avg_self_state_asymmetry |               0 |
|            Metric/avg_cross_state_asymmetry |         0.00251 |
|                Metric/avg_self_sa_asymmetry |               0 |
|               Metric/avg_cross_sa_asymmetry |         0.00313 |
|  Metric/self_state_action_to_state_distance |        0.000612 |
| Metric/cross_state_action_to_state_distance |           0.983 |
|                   Metric/h_lambda_diff_self |        0.000999 |
|                  Metric/h_lambda_diff_cross |         0.00401 |
|                                 Eval/Return |             273 |
-----------------------------------------------------------------
-----------------------------------------------------------------
|                                 Train/Steps |         2.7e+06 |
|                            Loss/Loss_critic |          0.0568 |
|                             Loss/Loss_actor |           -17.8 |
|                             Loss/Loss_alpha |         0.00235 |
|               Loss/Loss_state_action_metric |         0.00432 |
|                      Loss/Loss_state_metric |         0.00349 |
|             Loss/Loss_state_action_to_state |        0.000241 |
|                           Loss/Act_rep_loss |           0.472 |
|                                   SAC/Alpha |          0.0072 |
|                              SAC/LogPi_mean |            1.61 |
|                                 SAC/Q1_mean |            17.7 |
|                                 SAC/Q2_mean |            17.7 |
|                            Norm/actor_model |             128 |
|                           Norm/critic_model |             181 |
|              Norm/state_action_metric_model |            82.8 |
|                     Norm/state_metric_model |            78.6 |
|        Norm/state_action_state_metric_model |            77.4 |
|                  Metric/self_state_distance |         0.00167 |
|                 Metric/cross_state_distance |           0.979 |
|           Metric/self_state_action_distance |         0.00136 |
|          Metric/cross_state_action_distance |           0.974 |
|             Metric/avg_self_state_asymmetry |               0 |
|            Metric/avg_cross_state_asymmetry |         0.00266 |
|                Metric/avg_self_sa_asymmetry |               0 |
|               Metric/avg_cross_sa_asymmetry |         0.00314 |
|  Metric/self_state_action_to_state_distance |        0.000381 |
| Metric/cross_state_action_to_state_distance |           0.976 |
|                   Metric/h_lambda_diff_self |         0.00139 |
|                  Metric/h_lambda_diff_cross |         0.00373 |
|                                 Eval/Return |             223 |
-----------------------------------------------------------------
-----------------------------------------------------------------
|                                 Train/Steps |        2.82e+06 |
|                            Loss/Loss_critic |            0.26 |
|                             Loss/Loss_actor |           -19.4 |
|                             Loss/Loss_alpha |       -0.000408 |
|               Loss/Loss_state_action_metric |         0.00224 |
|                      Loss/Loss_state_metric |         0.00166 |
|             Loss/Loss_state_action_to_state |        2.09e-05 |
|                           Loss/Act_rep_loss |           0.408 |
|                                   SAC/Alpha |         0.00711 |
|                              SAC/LogPi_mean |            2.05 |
|                                 SAC/Q1_mean |            19.4 |
|                                 SAC/Q2_mean |            19.4 |
|                            Norm/actor_model |             131 |
|                           Norm/critic_model |             184 |
|              Norm/state_action_metric_model |            85.2 |
|                     Norm/state_metric_model |            80.4 |
|        Norm/state_action_state_metric_model |              79 |
|                  Metric/self_state_distance |         0.00056 |
|                 Metric/cross_state_distance |           0.996 |
|           Metric/self_state_action_distance |         0.00185 |
|          Metric/cross_state_action_distance |           0.993 |
|             Metric/avg_self_state_asymmetry |               0 |
|            Metric/avg_cross_state_asymmetry |         0.00346 |
|                Metric/avg_self_sa_asymmetry |               0 |
|               Metric/avg_cross_sa_asymmetry |         0.00281 |
|  Metric/self_state_action_to_state_distance |        0.000883 |
| Metric/cross_state_action_to_state_distance |           0.994 |
|                   Metric/h_lambda_diff_self |         0.00214 |
|                  Metric/h_lambda_diff_cross |         0.00348 |
|                                 Eval/Return |             217 |
-----------------------------------------------------------------
-----------------------------------------------------------------
|                                 Train/Steps |        2.95e+06 |
|                            Loss/Loss_critic |          0.0496 |
|                             Loss/Loss_actor |           -19.1 |
|                             Loss/Loss_alpha |       -0.000984 |
|               Loss/Loss_state_action_metric |         0.00212 |
|                      Loss/Loss_state_metric |         0.00146 |
|             Loss/Loss_state_action_to_state |        0.000114 |
|                           Loss/Act_rep_loss |           0.371 |
|                                   SAC/Alpha |          0.0071 |
|                              SAC/LogPi_mean |             2.2 |
|                                 SAC/Q1_mean |            19.1 |
|                                 SAC/Q2_mean |            19.1 |
|                            Norm/actor_model |             133 |
|                           Norm/critic_model |             188 |
|              Norm/state_action_metric_model |            87.9 |
|                     Norm/state_metric_model |            81.9 |
|        Norm/state_action_state_metric_model |            80.1 |
|                  Metric/self_state_distance |         0.00108 |
|                 Metric/cross_state_distance |           0.994 |
|           Metric/self_state_action_distance |         0.00113 |
|          Metric/cross_state_action_distance |           0.992 |
|             Metric/avg_self_state_asymmetry |               0 |
|            Metric/avg_cross_state_asymmetry |         0.00259 |
|                Metric/avg_self_sa_asymmetry |               0 |
|               Metric/avg_cross_sa_asymmetry |         0.00306 |
|  Metric/self_state_action_to_state_distance |         0.00525 |
| Metric/cross_state_action_to_state_distance |           0.991 |
|                   Metric/h_lambda_diff_self |          0.0054 |
|                  Metric/h_lambda_diff_cross |         0.00339 |
|                                 Eval/Return |             232 |
-----------------------------------------------------------------
-----------------------------------------------------------------
|                                 Train/Steps |        3.08e+06 |
|                            Loss/Loss_critic |          0.0659 |
|                             Loss/Loss_actor |           -19.6 |
|                             Loss/Loss_alpha |        -0.00141 |
|               Loss/Loss_state_action_metric |         0.00278 |
|                      Loss/Loss_state_metric |         0.00218 |
|             Loss/Loss_state_action_to_state |        4.14e-05 |
|                           Loss/Act_rep_loss |           0.413 |
|                                   SAC/Alpha |         0.00699 |
|                              SAC/LogPi_mean |            2.24 |
|                                 SAC/Q1_mean |            19.5 |
|                                 SAC/Q2_mean |            19.5 |
|                            Norm/actor_model |             135 |
|                           Norm/critic_model |             191 |
|              Norm/state_action_metric_model |            89.7 |
|                     Norm/state_metric_model |            83.4 |
|        Norm/state_action_state_metric_model |            81.5 |
|                  Metric/self_state_distance |        0.000566 |
|                 Metric/cross_state_distance |           0.985 |
|           Metric/self_state_action_distance |         0.00104 |
|          Metric/cross_state_action_distance |           0.981 |
|             Metric/avg_self_state_asymmetry |               0 |
|            Metric/avg_cross_state_asymmetry |         0.00252 |
|                Metric/avg_self_sa_asymmetry |               0 |
|               Metric/avg_cross_sa_asymmetry |          0.0028 |
|  Metric/self_state_action_to_state_distance |        0.000115 |
| Metric/cross_state_action_to_state_distance |            0.98 |
|                   Metric/h_lambda_diff_self |         0.00102 |
|                  Metric/h_lambda_diff_cross |         0.00353 |
|                                 Eval/Return |             246 |
-----------------------------------------------------------------
[32mSaving model …[0m
[32mDone.[0m
[32mSaving model …[0m
[32mDone.[0m
[32mSaving model …[0m
[32mDone.[0m
[32mSaving model …[0m
[32mDone.[0m
-----------------------------------------------------------------
|                                 Train/Steps |        3.21e+06 |
|                            Loss/Loss_critic |            0.12 |
|                             Loss/Loss_actor |           -19.5 |
|                             Loss/Loss_alpha |        0.000802 |
|               Loss/Loss_state_action_metric |         0.00293 |
|                      Loss/Loss_state_metric |         0.00234 |
|             Loss/Loss_state_action_to_state |        2.01e-05 |
|                           Loss/Act_rep_loss |           0.405 |
|                                   SAC/Alpha |         0.00711 |
|                              SAC/LogPi_mean |            1.84 |
|                                 SAC/Q1_mean |            19.5 |
|                                 SAC/Q2_mean |            19.5 |
|                            Norm/actor_model |             138 |
|                           Norm/critic_model |             194 |
|              Norm/state_action_metric_model |            91.1 |
|                     Norm/state_metric_model |            85.4 |
|        Norm/state_action_state_metric_model |              83 |
|                  Metric/self_state_distance |        0.000826 |
|                 Metric/cross_state_distance |           0.996 |
|           Metric/self_state_action_distance |         0.00129 |
|          Metric/cross_state_action_distance |           0.993 |
|             Metric/avg_self_state_asymmetry |               0 |
|            Metric/avg_cross_state_asymmetry |         0.00273 |
|                Metric/avg_self_sa_asymmetry |               0 |
|               Metric/avg_cross_sa_asymmetry |          0.0025 |
|  Metric/self_state_action_to_state_distance |        0.000291 |
| Metric/cross_state_action_to_state_distance |           0.993 |
|                   Metric/h_lambda_diff_self |         0.00143 |
|                  Metric/h_lambda_diff_cross |         0.00319 |
|                                 Eval/Return |             216 |
-----------------------------------------------------------------
-----------------------------------------------------------------
|                                 Train/Steps |        3.34e+06 |
|                            Loss/Loss_critic |          0.0881 |
|                             Loss/Loss_actor |             -21 |
|                             Loss/Loss_alpha |       -0.000353 |
|               Loss/Loss_state_action_metric |         0.00256 |
|                      Loss/Loss_state_metric |         0.00165 |
|             Loss/Loss_state_action_to_state |        2.01e-05 |
|                           Loss/Act_rep_loss |           0.406 |
|                                   SAC/Alpha |         0.00687 |
|                              SAC/LogPi_mean |            2.12 |
|                                 SAC/Q1_mean |              21 |
|                                 SAC/Q2_mean |              21 |
|                            Norm/actor_model |             140 |
|                           Norm/critic_model |             197 |
|              Norm/state_action_metric_model |            93.1 |
|                     Norm/state_metric_model |            87.6 |
|        Norm/state_action_state_metric_model |            84.5 |
|                  Metric/self_state_distance |         0.00045 |
|                 Metric/cross_state_distance |               1 |
|           Metric/self_state_action_distance |         0.00178 |
|          Metric/cross_state_action_distance |               1 |
|             Metric/avg_self_state_asymmetry |               0 |
|            Metric/avg_cross_state_asymmetry |         0.00264 |
|                Metric/avg_self_sa_asymmetry |               0 |
|               Metric/avg_cross_sa_asymmetry |         0.00314 |
|  Metric/self_state_action_to_state_distance |        0.000645 |
| Metric/cross_state_action_to_state_distance |               1 |
|                   Metric/h_lambda_diff_self |         0.00178 |
|                  Metric/h_lambda_diff_cross |         0.00332 |
|                                 Eval/Return |             277 |
-----------------------------------------------------------------
-----------------------------------------------------------------
|                                 Train/Steps |        3.46e+06 |
|                            Loss/Loss_critic |           0.123 |
|                             Loss/Loss_actor |             -22 |
|                             Loss/Loss_alpha |        -0.00397 |
|               Loss/Loss_state_action_metric |         0.00317 |
|                      Loss/Loss_state_metric |         0.00195 |
|             Loss/Loss_state_action_to_state |        2.03e-05 |
|                           Loss/Act_rep_loss |            0.46 |
|                                   SAC/Alpha |         0.00705 |
|                              SAC/LogPi_mean |            2.63 |
|                                 SAC/Q1_mean |            21.9 |
|                                 SAC/Q2_mean |              22 |
|                            Norm/actor_model |             142 |
|                           Norm/critic_model |             200 |
|              Norm/state_action_metric_model |            95.1 |
|                     Norm/state_metric_model |            89.4 |
|        Norm/state_action_state_metric_model |            85.9 |
|                  Metric/self_state_distance |        0.000628 |
|                 Metric/cross_state_distance |           0.997 |
|           Metric/self_state_action_distance |          0.0012 |
|          Metric/cross_state_action_distance |           0.995 |
|             Metric/avg_self_state_asymmetry |               0 |
|            Metric/avg_cross_state_asymmetry |         0.00262 |
|                Metric/avg_self_sa_asymmetry |               0 |
|               Metric/avg_cross_sa_asymmetry |         0.00327 |
|  Metric/self_state_action_to_state_distance |        0.000454 |
| Metric/cross_state_action_to_state_distance |           0.993 |
|                   Metric/h_lambda_diff_self |         0.00104 |
|                  Metric/h_lambda_diff_cross |         0.00378 |
|                                 Eval/Return |             256 |
-----------------------------------------------------------------
-----------------------------------------------------------------
|                                 Train/Steps |        3.59e+06 |
|                            Loss/Loss_critic |           0.144 |
|                             Loss/Loss_actor |           -20.1 |
|                             Loss/Loss_alpha |       -5.87e-05 |
|               Loss/Loss_state_action_metric |         0.00318 |
|                      Loss/Loss_state_metric |         0.00163 |
|             Loss/Loss_state_action_to_state |        3.47e-05 |
|                           Loss/Act_rep_loss |           0.394 |
|                                   SAC/Alpha |          0.0068 |
|                              SAC/LogPi_mean |            1.97 |
|                                 SAC/Q1_mean |            20.1 |
|                                 SAC/Q2_mean |            20.1 |
|                            Norm/actor_model |             145 |
|                           Norm/critic_model |             204 |
|              Norm/state_action_metric_model |            96.8 |
|                     Norm/state_metric_model |            90.5 |
|        Norm/state_action_state_metric_model |            87.8 |
|                  Metric/self_state_distance |         0.00423 |
|                 Metric/cross_state_distance |           0.996 |
|           Metric/self_state_action_distance |         0.00154 |
|          Metric/cross_state_action_distance |           0.991 |
|             Metric/avg_self_state_asymmetry |               0 |
|            Metric/avg_cross_state_asymmetry |         0.00256 |
|                Metric/avg_self_sa_asymmetry |               0 |
|               Metric/avg_cross_sa_asymmetry |         0.00268 |
|  Metric/self_state_action_to_state_distance |         0.00211 |
| Metric/cross_state_action_to_state_distance |            0.99 |
|                   Metric/h_lambda_diff_self |         0.00295 |
|                  Metric/h_lambda_diff_cross |          0.0031 |
|                                 Eval/Return |             260 |
-----------------------------------------------------------------
-----------------------------------------------------------------
|                                 Train/Steps |        3.72e+06 |
|                            Loss/Loss_critic |           0.178 |
|                             Loss/Loss_actor |           -21.7 |
|                             Loss/Loss_alpha |        -0.00154 |
|               Loss/Loss_state_action_metric |         0.00236 |
|                      Loss/Loss_state_metric |         0.00169 |
|             Loss/Loss_state_action_to_state |        1.61e-05 |
|                           Loss/Act_rep_loss |           0.433 |
|                                   SAC/Alpha |         0.00711 |
|                              SAC/LogPi_mean |            2.15 |
|                                 SAC/Q1_mean |            21.7 |
|                                 SAC/Q2_mean |            21.7 |
|                            Norm/actor_model |             147 |
|                           Norm/critic_model |             206 |
|              Norm/state_action_metric_model |            98.3 |
|                     Norm/state_metric_model |            91.8 |
|        Norm/state_action_state_metric_model |            89.5 |
|                  Metric/self_state_distance |         0.00195 |
|                 Metric/cross_state_distance |               1 |
|           Metric/self_state_action_distance |         0.00163 |
|          Metric/cross_state_action_distance |               1 |
|             Metric/avg_self_state_asymmetry |               0 |
|            Metric/avg_cross_state_asymmetry |         0.00227 |
|                Metric/avg_self_sa_asymmetry |               0 |
|               Metric/avg_cross_sa_asymmetry |         0.00266 |
|  Metric/self_state_action_to_state_distance |        0.000454 |
| Metric/cross_state_action_to_state_distance |               1 |
|                   Metric/h_lambda_diff_self |         0.00158 |
|                  Metric/h_lambda_diff_cross |          0.0029 |
|                                 Eval/Return |             226 |
-----------------------------------------------------------------
-----------------------------------------------------------------
|                                 Train/Steps |        3.85e+06 |
|                            Loss/Loss_critic |           0.057 |
|                             Loss/Loss_actor |           -19.4 |
|                             Loss/Loss_alpha |         0.00138 |
|               Loss/Loss_state_action_metric |         0.00348 |
|                      Loss/Loss_state_metric |         0.00232 |
|             Loss/Loss_state_action_to_state |        2.37e-05 |
|                           Loss/Act_rep_loss |           0.334 |
|                                   SAC/Alpha |         0.00711 |
|                              SAC/LogPi_mean |            1.86 |
|                                 SAC/Q1_mean |            19.3 |
|                                 SAC/Q2_mean |            19.3 |
|                            Norm/actor_model |             149 |
|                           Norm/critic_model |             209 |
|              Norm/state_action_metric_model |            99.6 |
|                     Norm/state_metric_model |            93.5 |
|        Norm/state_action_state_metric_model |            90.7 |
|                  Metric/self_state_distance |        0.000672 |
|                 Metric/cross_state_distance |            0.99 |
|           Metric/self_state_action_distance |        0.000992 |
|          Metric/cross_state_action_distance |           0.987 |
|             Metric/avg_self_state_asymmetry |               0 |
|            Metric/avg_cross_state_asymmetry |         0.00248 |
|                Metric/avg_self_sa_asymmetry |               0 |
|               Metric/avg_cross_sa_asymmetry |         0.00433 |
|  Metric/self_state_action_to_state_distance |         0.00152 |
| Metric/cross_state_action_to_state_distance |           0.988 |
|                   Metric/h_lambda_diff_self |         0.00202 |
|                  Metric/h_lambda_diff_cross |         0.00454 |
|                                 Eval/Return |             251 |
-----------------------------------------------------------------
-----------------------------------------------------------------
|                                 Train/Steps |        3.98e+06 |
|                            Loss/Loss_critic |          0.0508 |
|                             Loss/Loss_actor |             -22 |
|                             Loss/Loss_alpha |       -0.000407 |
|               Loss/Loss_state_action_metric |         0.00248 |
|                      Loss/Loss_state_metric |         0.00194 |
|             Loss/Loss_state_action_to_state |        5.32e-05 |
|                           Loss/Act_rep_loss |           0.386 |
|                                   SAC/Alpha |         0.00667 |
|                              SAC/LogPi_mean |            2.08 |
|                                 SAC/Q1_mean |              22 |
|                                 SAC/Q2_mean |              22 |
|                            Norm/actor_model |             151 |
|                           Norm/critic_model |             212 |
|              Norm/state_action_metric_model |             102 |
|                     Norm/state_metric_model |            94.7 |
|        Norm/state_action_state_metric_model |            92.5 |
|                  Metric/self_state_distance |         0.00105 |
|                 Metric/cross_state_distance |           0.997 |
|           Metric/self_state_action_distance |          0.0013 |
|          Metric/cross_state_action_distance |           0.996 |
|             Metric/avg_self_state_asymmetry |               0 |
|            Metric/avg_cross_state_asymmetry |         0.00243 |
|                Metric/avg_self_sa_asymmetry |               0 |
|               Metric/avg_cross_sa_asymmetry |         0.00265 |
|  Metric/self_state_action_to_state_distance |          0.0023 |
| Metric/cross_state_action_to_state_distance |           0.995 |
|                   Metric/h_lambda_diff_self |           0.003 |
|                  Metric/h_lambda_diff_cross |          0.0032 |
|                                 Eval/Return |             248 |
-----------------------------------------------------------------
-----------------------------------------------------------------
|                                 Train/Steps |         4.1e+06 |
|                            Loss/Loss_critic |          0.0451 |
|                             Loss/Loss_actor |           -22.5 |
|                             Loss/Loss_alpha |        -0.00117 |
|               Loss/Loss_state_action_metric |         0.00272 |
|                      Loss/Loss_state_metric |         0.00201 |
|             Loss/Loss_state_action_to_state |        4.29e-05 |
|                           Loss/Act_rep_loss |           0.421 |
|                                   SAC/Alpha |         0.00687 |
|                              SAC/LogPi_mean |            2.13 |
|                                 SAC/Q1_mean |            22.5 |
|                                 SAC/Q2_mean |            22.5 |
|                            Norm/actor_model |             153 |
|                           Norm/critic_model |             215 |
|              Norm/state_action_metric_model |             103 |
|                     Norm/state_metric_model |            96.3 |
|        Norm/state_action_state_metric_model |            94.2 |
|                  Metric/self_state_distance |          0.0018 |
|                 Metric/cross_state_distance |           0.998 |
|           Metric/self_state_action_distance |         0.00181 |
|          Metric/cross_state_action_distance |           0.997 |
|             Metric/avg_self_state_asymmetry |               0 |
|            Metric/avg_cross_state_asymmetry |         0.00292 |
|                Metric/avg_self_sa_asymmetry |               0 |
|               Metric/avg_cross_sa_asymmetry |         0.00288 |
|  Metric/self_state_action_to_state_distance |        0.000869 |
| Metric/cross_state_action_to_state_distance |           0.997 |
|                   Metric/h_lambda_diff_self |         0.00219 |
|                  Metric/h_lambda_diff_cross |         0.00317 |
|                                 Eval/Return |             263 |
-----------------------------------------------------------------
[32mSaving model …[0m
[32mDone.[0m
[32mSaving model …[0m
[32mDone.[0m
[32mSaving model …[0m
[32mDone.[0m
[32mSaving model …[0m
[32mDone.[0m
-----------------------------------------------------------------
|                                 Train/Steps |        4.23e+06 |
|                            Loss/Loss_critic |          0.0489 |
|                             Loss/Loss_actor |           -22.4 |
|                             Loss/Loss_alpha |       -0.000102 |
|               Loss/Loss_state_action_metric |         0.00274 |
|                      Loss/Loss_state_metric |         0.00209 |
|             Loss/Loss_state_action_to_state |        2.48e-05 |
|                           Loss/Act_rep_loss |           0.268 |
|                                   SAC/Alpha |         0.00639 |
|                              SAC/LogPi_mean |            1.86 |
|                                 SAC/Q1_mean |            22.4 |
|                                 SAC/Q2_mean |            22.4 |
|                            Norm/actor_model |             155 |
|                           Norm/critic_model |             217 |
|              Norm/state_action_metric_model |             105 |
|                     Norm/state_metric_model |            98.5 |
|        Norm/state_action_state_metric_model |            95.3 |
|                  Metric/self_state_distance |         0.00037 |
|                 Metric/cross_state_distance |               1 |
|           Metric/self_state_action_distance |         0.00363 |
|          Metric/cross_state_action_distance |            1.01 |
|             Metric/avg_self_state_asymmetry |               0 |
|            Metric/avg_cross_state_asymmetry |         0.00228 |
|                Metric/avg_self_sa_asymmetry |               0 |
|               Metric/avg_cross_sa_asymmetry |         0.00264 |
|  Metric/self_state_action_to_state_distance |        0.000709 |
| Metric/cross_state_action_to_state_distance |               1 |
|                   Metric/h_lambda_diff_self |         0.00359 |
|                  Metric/h_lambda_diff_cross |         0.00312 |
|                                 Eval/Return |             191 |
-----------------------------------------------------------------
-----------------------------------------------------------------
|                                 Train/Steps |        4.36e+06 |
|                            Loss/Loss_critic |          0.0898 |
|                             Loss/Loss_actor |           -23.3 |
|                             Loss/Loss_alpha |        -0.00113 |
|               Loss/Loss_state_action_metric |         0.00319 |
|                      Loss/Loss_state_metric |         0.00251 |
|             Loss/Loss_state_action_to_state |        2.05e-05 |
|                           Loss/Act_rep_loss |           0.408 |
|                                   SAC/Alpha |         0.00639 |
|                              SAC/LogPi_mean |            2.12 |
|                                 SAC/Q1_mean |            23.3 |
|                                 SAC/Q2_mean |            23.3 |
|                            Norm/actor_model |             157 |
|                           Norm/critic_model |             220 |
|              Norm/state_action_metric_model |             106 |
|                     Norm/state_metric_model |            99.7 |
|        Norm/state_action_state_metric_model |            97.4 |
|                  Metric/self_state_distance |        0.000506 |
|                 Metric/cross_state_distance |               1 |
|           Metric/self_state_action_distance |          0.0011 |
|          Metric/cross_state_action_distance |            1.01 |
|             Metric/avg_self_state_asymmetry |               0 |
|            Metric/avg_cross_state_asymmetry |         0.00206 |
|                Metric/avg_self_sa_asymmetry |               0 |
|               Metric/avg_cross_sa_asymmetry |         0.00278 |
|  Metric/self_state_action_to_state_distance |        0.000322 |
| Metric/cross_state_action_to_state_distance |               1 |
|                   Metric/h_lambda_diff_self |         0.00116 |
|                  Metric/h_lambda_diff_cross |         0.00335 |
|                                 Eval/Return |             323 |
-----------------------------------------------------------------
-----------------------------------------------------------------
|                                 Train/Steps |        4.49e+06 |
|                            Loss/Loss_critic |           0.102 |
|                             Loss/Loss_actor |           -24.5 |
|                             Loss/Loss_alpha |        -0.00185 |
|               Loss/Loss_state_action_metric |         0.00309 |
|                      Loss/Loss_state_metric |         0.00247 |
|             Loss/Loss_state_action_to_state |        2.32e-05 |
|                           Loss/Act_rep_loss |            0.33 |
|                                   SAC/Alpha |         0.00667 |
|                              SAC/LogPi_mean |            2.26 |
|                                 SAC/Q1_mean |            24.5 |
|                                 SAC/Q2_mean |            24.5 |
|                            Norm/actor_model |             159 |
|                           Norm/critic_model |             222 |
|              Norm/state_action_metric_model |             107 |
|                     Norm/state_metric_model |             101 |
|        Norm/state_action_state_metric_model |            99.2 |
|                  Metric/self_state_distance |        0.000717 |
|                 Metric/cross_state_distance |               1 |
|           Metric/self_state_action_distance |         0.00157 |
|          Metric/cross_state_action_distance |               1 |
|             Metric/avg_self_state_asymmetry |               0 |
|            Metric/avg_cross_state_asymmetry |         0.00226 |
|                Metric/avg_self_sa_asymmetry |               0 |
|               Metric/avg_cross_sa_asymmetry |         0.00289 |
|  Metric/self_state_action_to_state_distance |        0.000288 |
| Metric/cross_state_action_to_state_distance |               1 |
|                   Metric/h_lambda_diff_self |         0.00159 |
|                  Metric/h_lambda_diff_cross |         0.00315 |
|                                 Eval/Return |             220 |
-----------------------------------------------------------------
-----------------------------------------------------------------
|                                 Train/Steps |        4.62e+06 |
|                            Loss/Loss_critic |          0.0434 |
|                             Loss/Loss_actor |           -25.2 |
|                             Loss/Loss_alpha |         0.00108 |
|               Loss/Loss_state_action_metric |         0.00255 |
|                      Loss/Loss_state_metric |         0.00187 |
|             Loss/Loss_state_action_to_state |        2.43e-05 |
|                           Loss/Act_rep_loss |           0.306 |
|                                   SAC/Alpha |         0.00612 |
|                              SAC/LogPi_mean |            1.82 |
|                                 SAC/Q1_mean |            25.2 |
|                                 SAC/Q2_mean |            25.2 |
|                            Norm/actor_model |             161 |
|                           Norm/critic_model |             223 |
|              Norm/state_action_metric_model |             109 |
|                     Norm/state_metric_model |             103 |
|        Norm/state_action_state_metric_model |             101 |
|                  Metric/self_state_distance |        0.000688 |
|                 Metric/cross_state_distance |            1.02 |
|           Metric/self_state_action_distance |         0.00312 |
|          Metric/cross_state_action_distance |            1.02 |
|             Metric/avg_self_state_asymmetry |               0 |
|            Metric/avg_cross_state_asymmetry |          0.0025 |
|                Metric/avg_self_sa_asymmetry |               0 |
|               Metric/avg_cross_sa_asymmetry |         0.00276 |
|  Metric/self_state_action_to_state_distance |        0.000614 |
| Metric/cross_state_action_to_state_distance |            1.02 |
|                   Metric/h_lambda_diff_self |         0.00351 |
|                  Metric/h_lambda_diff_cross |         0.00304 |
|                                 Eval/Return |             271 |
-----------------------------------------------------------------
-----------------------------------------------------------------
|                                 Train/Steps |        4.74e+06 |
|                            Loss/Loss_critic |          0.0775 |
|                             Loss/Loss_actor |           -25.5 |
|                             Loss/Loss_alpha |        -0.00148 |
|               Loss/Loss_state_action_metric |         0.00247 |
|                      Loss/Loss_state_metric |          0.0017 |
|             Loss/Loss_state_action_to_state |        2.04e-05 |
|                           Loss/Act_rep_loss |           0.305 |
|                                   SAC/Alpha |         0.00617 |
|                              SAC/LogPi_mean |            2.29 |
|                                 SAC/Q1_mean |            25.5 |
|                                 SAC/Q2_mean |            25.5 |
|                            Norm/actor_model |             162 |
|                           Norm/critic_model |             225 |
|              Norm/state_action_metric_model |             110 |
|                     Norm/state_metric_model |             105 |
|        Norm/state_action_state_metric_model |             103 |
|                  Metric/self_state_distance |        0.000559 |
|                 Metric/cross_state_distance |            1.01 |
|           Metric/self_state_action_distance |         0.00111 |
|          Metric/cross_state_action_distance |            1.02 |
|             Metric/avg_self_state_asymmetry |               0 |
|            Metric/avg_cross_state_asymmetry |         0.00251 |
|                Metric/avg_self_sa_asymmetry |               0 |
|               Metric/avg_cross_sa_asymmetry |          0.0029 |
|  Metric/self_state_action_to_state_distance |         0.00022 |
| Metric/cross_state_action_to_state_distance |            1.02 |
|                   Metric/h_lambda_diff_self |         0.00109 |
|                  Metric/h_lambda_diff_cross |         0.00347 |
|                                 Eval/Return |             231 |
-----------------------------------------------------------------
-----------------------------------------------------------------
|                                 Train/Steps |        4.87e+06 |
|                            Loss/Loss_critic |          0.0385 |
|                             Loss/Loss_actor |           -24.6 |
|                             Loss/Loss_alpha |        -0.00128 |
|               Loss/Loss_state_action_metric |         0.00243 |
|                      Loss/Loss_state_metric |         0.00166 |
|             Loss/Loss_state_action_to_state |        2.58e-05 |
|                           Loss/Act_rep_loss |           0.331 |
|                                   SAC/Alpha |         0.00585 |
|                              SAC/LogPi_mean |            2.28 |
|                                 SAC/Q1_mean |            24.6 |
|                                 SAC/Q2_mean |            24.6 |
|                            Norm/actor_model |             164 |
|                           Norm/critic_model |             227 |
|              Norm/state_action_metric_model |             112 |
|                     Norm/state_metric_model |             106 |
|        Norm/state_action_state_metric_model |             105 |
|                  Metric/self_state_distance |        0.000504 |
|                 Metric/cross_state_distance |               1 |
|           Metric/self_state_action_distance |         0.00129 |
|          Metric/cross_state_action_distance |               1 |
|             Metric/avg_self_state_asymmetry |               0 |
|            Metric/avg_cross_state_asymmetry |          0.0025 |
|                Metric/avg_self_sa_asymmetry |               0 |
|               Metric/avg_cross_sa_asymmetry |         0.00274 |
|  Metric/self_state_action_to_state_distance |        0.000191 |
| Metric/cross_state_action_to_state_distance |               1 |
|                   Metric/h_lambda_diff_self |         0.00115 |
|                  Metric/h_lambda_diff_cross |         0.00274 |
|                                 Eval/Return |             256 |
-----------------------------------------------------------------
-----------------------------------------------------------------
|                                 Train/Steps |           5e+06 |
|                            Loss/Loss_critic |            0.04 |
|                             Loss/Loss_actor |             -24 |
|                             Loss/Loss_alpha |        0.000332 |
|               Loss/Loss_state_action_metric |         0.00283 |
|                      Loss/Loss_state_metric |         0.00216 |
|             Loss/Loss_state_action_to_state |        1.99e-05 |
|                           Loss/Act_rep_loss |           0.341 |
|                                   SAC/Alpha |         0.00645 |
|                              SAC/LogPi_mean |            1.95 |
|                                 SAC/Q1_mean |              24 |
|                                 SAC/Q2_mean |              24 |
|                            Norm/actor_model |             166 |
|                           Norm/critic_model |             229 |
|              Norm/state_action_metric_model |             113 |
|                     Norm/state_metric_model |             108 |
|        Norm/state_action_state_metric_model |             107 |
|                  Metric/self_state_distance |        0.000525 |
|                 Metric/cross_state_distance |            1.01 |
|           Metric/self_state_action_distance |         0.00193 |
|          Metric/cross_state_action_distance |            1.01 |
|             Metric/avg_self_state_asymmetry |               0 |
|            Metric/avg_cross_state_asymmetry |         0.00214 |
|                Metric/avg_self_sa_asymmetry |               0 |
|               Metric/avg_cross_sa_asymmetry |         0.00266 |
|  Metric/self_state_action_to_state_distance |         0.00057 |
| Metric/cross_state_action_to_state_distance |            1.01 |
|                   Metric/h_lambda_diff_self |         0.00213 |
|                  Metric/h_lambda_diff_cross |         0.00307 |
|                                 Eval/Return |             242 |
-----------------------------------------------------------------
[32mSaving model …[0m
[32mDone.[0m
[32mSaving model …[0m
[32mDone.[0m
