E0923 21:07:00.544775 3243738 cuda_executor.cc:1526] Could not get kernel mode driver version: (INVALID_ARGUMENT: Version does not match the format X.Y.Z)
E0923 21:07:00.553384 3243628 cuda_executor.cc:1526] Could not get kernel mode driver version: (INVALID_ARGUMENT: Version does not match the format X.Y.Z)
[32mStart prefilling replay buffer[0m
[32mStart SAC training[0m
[32m{'log_freq': 1000, 'save_freq': 1000000, 'eval_episode_freq': 10, 'hidden_size': 256, 'lr': 0.001, 'max_grad_norm': 0.0, 'gamma': 0.99, 'update_tau': 0.005, 'train_per_step': 8, 'episode_length': 1000, 'warmup_samples': 8192, 'max_replay_size': 4000000, 'batch_size': 512, 'total_env_steps': 5000000, 'init_temperature': 0.1, 'nstep': 3, 'bootstrap_on_truncation': True, 'rep_lr_scale': 1.5, 'vis_feq': 100000, 'n_vis_frames': 4, 'num_envs': 128, 'grad_steps': 50, 'transfer_freq': 10, 'transfer_steps': 8, 'reward_scaling': 1.0, 'num_eval_envs': 128, 'target_entropy': -0.5}[0m
[32m[nstep] nstep=3 bootstrap_on_truncation=True (discount from the buffer already contains gamma^nstep)[0m
-----------------------------------------------------------------
|                                 Train/Steps |        1.36e+05 |
|                            Loss/Loss_critic |        7.32e-07 |
|                             Loss/Loss_actor |          -0.182 |
|                             Loss/Loss_alpha |         0.00178 |
|               Loss/Loss_state_action_metric |         0.00229 |
|                      Loss/Loss_state_metric |         0.00158 |
|             Loss/Loss_state_action_to_state |        1.36e-05 |
|                           Loss/Act_rep_loss |          0.0695 |
|                                   SAC/Alpha |         0.00156 |
|                              SAC/LogPi_mean |           -0.66 |
|                                 SAC/Q1_mean |           0.181 |
|                                 SAC/Q2_mean |           0.181 |
|                            Norm/actor_model |            17.6 |
|                           Norm/critic_model |            23.5 |
|              Norm/state_action_metric_model |            31.2 |
|                     Norm/state_metric_model |            30.9 |
|        Norm/state_action_state_metric_model |            30.5 |
|                  Metric/self_state_distance |         0.00333 |
|                 Metric/cross_state_distance |           0.919 |
|           Metric/self_state_action_distance |         0.00676 |
|          Metric/cross_state_action_distance |           0.912 |
|             Metric/avg_self_state_asymmetry |               0 |
|            Metric/avg_cross_state_asymmetry |         0.00173 |
|                Metric/avg_self_sa_asymmetry |               0 |
|               Metric/avg_cross_sa_asymmetry |         0.00254 |
|  Metric/self_state_action_to_state_distance |         0.00286 |
| Metric/cross_state_action_to_state_distance |           0.903 |
|                   Metric/h_lambda_diff_self |         0.00391 |
|                  Metric/h_lambda_diff_cross |         0.00861 |
|                                 Eval/Return |               0 |
-----------------------------------------------------------------
-----------------------------------------------------------------
|                                 Train/Steps |        2.64e+05 |
|                            Loss/Loss_critic |        4.31e-08 |
|                             Loss/Loss_actor |         -0.0569 |
|                             Loss/Loss_alpha |        5.13e-05 |
|               Loss/Loss_state_action_metric |         0.00304 |
|                      Loss/Loss_state_metric |         0.00258 |
|             Loss/Loss_state_action_to_state |        4.35e-06 |
|                           Loss/Act_rep_loss |           0.082 |
|                                   SAC/Alpha |        6.88e-05 |
|                              SAC/LogPi_mean |          -0.151 |
|                                 SAC/Q1_mean |           0.057 |
|                                 SAC/Q2_mean |          0.0569 |
|                            Norm/actor_model |            22.8 |
|                           Norm/critic_model |            23.5 |
|              Norm/state_action_metric_model |            32.1 |
|                     Norm/state_metric_model |            31.7 |
|        Norm/state_action_state_metric_model |            31.8 |
|                  Metric/self_state_distance |         0.00744 |
|                 Metric/cross_state_distance |           0.912 |
|           Metric/self_state_action_distance |         0.00259 |
|          Metric/cross_state_action_distance |           0.898 |
|             Metric/avg_self_state_asymmetry |               0 |
|            Metric/avg_cross_state_asymmetry |         0.00386 |
|                Metric/avg_self_sa_asymmetry |               0 |
|               Metric/avg_cross_sa_asymmetry |         0.00268 |
|  Metric/self_state_action_to_state_distance |         0.00188 |
| Metric/cross_state_action_to_state_distance |           0.898 |
|                   Metric/h_lambda_diff_self |         0.00103 |
|                  Metric/h_lambda_diff_cross |         0.00394 |
|                                 Eval/Return |               0 |
-----------------------------------------------------------------
-----------------------------------------------------------------
|                                 Train/Steps |        3.92e+05 |
|                            Loss/Loss_critic |        7.93e-10 |
|                             Loss/Loss_actor |         -0.0171 |
|                             Loss/Loss_alpha |        2.11e-06 |
|               Loss/Loss_state_action_metric |         0.00249 |
|                      Loss/Loss_state_metric |         0.00193 |
|             Loss/Loss_state_action_to_state |        4.54e-06 |
|                           Loss/Act_rep_loss |          0.0728 |
|                                   SAC/Alpha |        7.65e-06 |
|                              SAC/LogPi_mean |           0.132 |
|                                 SAC/Q1_mean |          0.0171 |
|                                 SAC/Q2_mean |          0.0171 |
|                            Norm/actor_model |            29.8 |
|                           Norm/critic_model |            23.4 |
|              Norm/state_action_metric_model |            33.3 |
|                     Norm/state_metric_model |            32.7 |
|        Norm/state_action_state_metric_model |            34.7 |
|                  Metric/self_state_distance |         0.00289 |
|                 Metric/cross_state_distance |           0.919 |
|           Metric/self_state_action_distance |         0.00159 |
|          Metric/cross_state_action_distance |           0.901 |
|             Metric/avg_self_state_asymmetry |               0 |
|            Metric/avg_cross_state_asymmetry |        0.000975 |
|                Metric/avg_self_sa_asymmetry |               0 |
|               Metric/avg_cross_sa_asymmetry |         0.00139 |
|  Metric/self_state_action_to_state_distance |         0.00188 |
| Metric/cross_state_action_to_state_distance |           0.902 |
|                   Metric/h_lambda_diff_self |         0.00064 |
|                  Metric/h_lambda_diff_cross |         0.00192 |
|                                 Eval/Return |               0 |
-----------------------------------------------------------------
-----------------------------------------------------------------
|                                 Train/Steps |         5.2e+05 |
|                            Loss/Loss_critic |           7e-05 |
|                             Loss/Loss_actor |         -0.0122 |
|                             Loss/Loss_alpha |        7.82e-07 |
|               Loss/Loss_state_action_metric |         0.00277 |
|                      Loss/Loss_state_metric |          0.0022 |
|             Loss/Loss_state_action_to_state |        5.93e-06 |
|                           Loss/Act_rep_loss |          0.0599 |
|                                   SAC/Alpha |        9.55e-06 |
|                              SAC/LogPi_mean |           0.553 |
|                                 SAC/Q1_mean |          0.0127 |
|                                 SAC/Q2_mean |          0.0119 |
|                            Norm/actor_model |            32.6 |
|                           Norm/critic_model |            28.1 |
|              Norm/state_action_metric_model |            35.5 |
|                     Norm/state_metric_model |            34.7 |
|        Norm/state_action_state_metric_model |            38.2 |
|                  Metric/self_state_distance |         0.00675 |
|                 Metric/cross_state_distance |           0.929 |
|           Metric/self_state_action_distance |         0.00615 |
|          Metric/cross_state_action_distance |           0.912 |
|             Metric/avg_self_state_asymmetry |               0 |
|            Metric/avg_cross_state_asymmetry |         0.00106 |
|                Metric/avg_self_sa_asymmetry |               0 |
|               Metric/avg_cross_sa_asymmetry |          0.0027 |
|  Metric/self_state_action_to_state_distance |         0.00149 |
| Metric/cross_state_action_to_state_distance |           0.913 |
|                   Metric/h_lambda_diff_self |         0.00527 |
|                  Metric/h_lambda_diff_cross |          0.0031 |
|                                 Eval/Return |               0 |
-----------------------------------------------------------------
-----------------------------------------------------------------
|                                 Train/Steps |        6.48e+05 |
|                            Loss/Loss_critic |          0.0162 |
|                             Loss/Loss_actor |          -0.552 |
|                             Loss/Loss_alpha |        -5.2e-06 |
|               Loss/Loss_state_action_metric |          0.0022 |
|                      Loss/Loss_state_metric |         0.00147 |
|             Loss/Loss_state_action_to_state |        2.26e-05 |
|                           Loss/Act_rep_loss |          0.0686 |
|                                   SAC/Alpha |        0.000123 |
|                              SAC/LogPi_mean |           0.552 |
|                                 SAC/Q1_mean |           0.551 |
|                                 SAC/Q2_mean |           0.565 |
|                            Norm/actor_model |            38.2 |
|                           Norm/critic_model |            41.9 |
|              Norm/state_action_metric_model |            37.7 |
|                     Norm/state_metric_model |            38.8 |
|        Norm/state_action_state_metric_model |              41 |
|                  Metric/self_state_distance |         0.00448 |
|                 Metric/cross_state_distance |           0.923 |
|           Metric/self_state_action_distance |         0.00142 |
|          Metric/cross_state_action_distance |           0.907 |
|             Metric/avg_self_state_asymmetry |               0 |
|            Metric/avg_cross_state_asymmetry |         0.00138 |
|                Metric/avg_self_sa_asymmetry |               0 |
|               Metric/avg_cross_sa_asymmetry |         0.00149 |
|  Metric/self_state_action_to_state_distance |         0.00449 |
| Metric/cross_state_action_to_state_distance |           0.907 |
|                   Metric/h_lambda_diff_self |          0.0034 |
|                  Metric/h_lambda_diff_cross |         0.00175 |
|                                 Eval/Return |            37.9 |
-----------------------------------------------------------------
-----------------------------------------------------------------
|                                 Train/Steps |        7.76e+05 |
|                            Loss/Loss_critic |          0.0536 |
|                             Loss/Loss_actor |            -2.3 |
|                             Loss/Loss_alpha |        4.17e-05 |
|               Loss/Loss_state_action_metric |         0.00206 |
|                      Loss/Loss_state_metric |          0.0013 |
|             Loss/Loss_state_action_to_state |        3.49e-05 |
|                           Loss/Act_rep_loss |          0.0633 |
|                                   SAC/Alpha |        0.000561 |
|                              SAC/LogPi_mean |           0.558 |
|                                 SAC/Q1_mean |            2.31 |
|                                 SAC/Q2_mean |             2.3 |
|                            Norm/actor_model |            45.9 |
|                           Norm/critic_model |            58.6 |
|              Norm/state_action_metric_model |              40 |
|                     Norm/state_metric_model |            42.1 |
|        Norm/state_action_state_metric_model |            45.5 |
|                  Metric/self_state_distance |         0.00177 |
|                 Metric/cross_state_distance |           0.932 |
|           Metric/self_state_action_distance |         0.00234 |
|          Metric/cross_state_action_distance |           0.918 |
|             Metric/avg_self_state_asymmetry |               0 |
|            Metric/avg_cross_state_asymmetry |           0.002 |
|                Metric/avg_self_sa_asymmetry |               0 |
|               Metric/avg_cross_sa_asymmetry |         0.00316 |
|  Metric/self_state_action_to_state_distance |          0.0017 |
| Metric/cross_state_action_to_state_distance |           0.914 |
|                   Metric/h_lambda_diff_self |         0.00159 |
|                  Metric/h_lambda_diff_cross |         0.00493 |
|                                 Eval/Return |            3.48 |
-----------------------------------------------------------------
-----------------------------------------------------------------
|                                 Train/Steps |        9.04e+05 |
|                            Loss/Loss_critic |           0.131 |
|                             Loss/Loss_actor |           -8.67 |
|                             Loss/Loss_alpha |        1.91e-05 |
|               Loss/Loss_state_action_metric |         0.00435 |
|                      Loss/Loss_state_metric |         0.00241 |
|             Loss/Loss_state_action_to_state |        0.000148 |
|                           Loss/Act_rep_loss |          0.0512 |
|                                   SAC/Alpha |         0.00454 |
|                              SAC/LogPi_mean |           0.544 |
|                                 SAC/Q1_mean |            8.64 |
|                                 SAC/Q2_mean |            8.68 |
|                            Norm/actor_model |            54.8 |
|                           Norm/critic_model |            72.4 |
|              Norm/state_action_metric_model |            43.5 |
|                     Norm/state_metric_model |            46.6 |
|        Norm/state_action_state_metric_model |            49.9 |
|                  Metric/self_state_distance |         0.00206 |
|                 Metric/cross_state_distance |           0.959 |
|           Metric/self_state_action_distance |         0.00219 |
|          Metric/cross_state_action_distance |           0.947 |
|             Metric/avg_self_state_asymmetry |               0 |
|            Metric/avg_cross_state_asymmetry |         0.00481 |
|                Metric/avg_self_sa_asymmetry |               0 |
|               Metric/avg_cross_sa_asymmetry |         0.00531 |
|  Metric/self_state_action_to_state_distance |          0.0029 |
| Metric/cross_state_action_to_state_distance |           0.945 |
|                   Metric/h_lambda_diff_self |         0.00216 |
|                  Metric/h_lambda_diff_cross |           0.008 |
|                                 Eval/Return |             196 |
-----------------------------------------------------------------
-----------------------------------------------------------------
|                                 Train/Steps |        1.03e+06 |
|                            Loss/Loss_critic |           0.205 |
|                             Loss/Loss_actor |             -15 |
|                             Loss/Loss_alpha |       -0.000593 |
|               Loss/Loss_state_action_metric |         0.00808 |
|                      Loss/Loss_state_metric |         0.00238 |
|             Loss/Loss_state_action_to_state |        7.73e-05 |
|                           Loss/Act_rep_loss |          0.0517 |
|                                   SAC/Alpha |         0.00949 |
|                              SAC/LogPi_mean |           0.622 |
|                                 SAC/Q1_mean |              15 |
|                                 SAC/Q2_mean |            15.1 |
|                            Norm/actor_model |            60.8 |
|                           Norm/critic_model |            81.8 |
|              Norm/state_action_metric_model |            46.4 |
|                     Norm/state_metric_model |            49.2 |
|        Norm/state_action_state_metric_model |            54.1 |
|                  Metric/self_state_distance |         0.00432 |
|                 Metric/cross_state_distance |           0.976 |
|           Metric/self_state_action_distance |          0.0113 |
|          Metric/cross_state_action_distance |           0.968 |
|             Metric/avg_self_state_asymmetry |               0 |
|            Metric/avg_cross_state_asymmetry |         0.00438 |
|                Metric/avg_self_sa_asymmetry |               0 |
|               Metric/avg_cross_sa_asymmetry |         0.00493 |
|  Metric/self_state_action_to_state_distance |         0.00367 |
| Metric/cross_state_action_to_state_distance |            0.97 |
|                   Metric/h_lambda_diff_self |            0.01 |
|                  Metric/h_lambda_diff_cross |         0.00639 |
|                                 Eval/Return |             654 |
-----------------------------------------------------------------
[32mSaving model …[0m
[32mDone.[0m
[32mSaving model …[0m
[32mDone.[0m
-----------------------------------------------------------------
|                                 Train/Steps |        1.16e+06 |
|                            Loss/Loss_critic |           0.189 |
|                             Loss/Loss_actor |           -21.3 |
|                             Loss/Loss_alpha |         0.00218 |
|               Loss/Loss_state_action_metric |         0.00459 |
|                      Loss/Loss_state_metric |         0.00318 |
|             Loss/Loss_state_action_to_state |        5.85e-05 |
|                           Loss/Act_rep_loss |          0.0441 |
|                                   SAC/Alpha |          0.0184 |
|                              SAC/LogPi_mean |           0.483 |
|                                 SAC/Q1_mean |            21.3 |
|                                 SAC/Q2_mean |            21.3 |
|                            Norm/actor_model |              66 |
|                           Norm/critic_model |            88.2 |
|              Norm/state_action_metric_model |            48.5 |
|                     Norm/state_metric_model |            51.8 |
|        Norm/state_action_state_metric_model |            57.3 |
|                  Metric/self_state_distance |         0.00249 |
|                 Metric/cross_state_distance |           0.998 |
|           Metric/self_state_action_distance |         0.00198 |
|          Metric/cross_state_action_distance |           0.993 |
|             Metric/avg_self_state_asymmetry |               0 |
|            Metric/avg_cross_state_asymmetry |         0.00386 |
|                Metric/avg_self_sa_asymmetry |               0 |
|               Metric/avg_cross_sa_asymmetry |         0.00514 |
|  Metric/self_state_action_to_state_distance |         0.00133 |
| Metric/cross_state_action_to_state_distance |           0.995 |
|                   Metric/h_lambda_diff_self |         0.00185 |
|                  Metric/h_lambda_diff_cross |         0.00536 |
|                                 Eval/Return |             549 |
-----------------------------------------------------------------
-----------------------------------------------------------------
|                                 Train/Steps |        1.29e+06 |
|                            Loss/Loss_critic |            0.29 |
|                             Loss/Loss_actor |           -23.8 |
|                             Loss/Loss_alpha |        0.000326 |
|               Loss/Loss_state_action_metric |         0.00477 |
|                      Loss/Loss_state_metric |         0.00301 |
|             Loss/Loss_state_action_to_state |        4.66e-05 |
|                           Loss/Act_rep_loss |          0.0468 |
|                                   SAC/Alpha |          0.0219 |
|                              SAC/LogPi_mean |           0.494 |
|                                 SAC/Q1_mean |            23.9 |
|                                 SAC/Q2_mean |            23.9 |
|                            Norm/actor_model |            70.3 |
|                           Norm/critic_model |            93.7 |
|              Norm/state_action_metric_model |            50.9 |
|                     Norm/state_metric_model |            54.7 |
|        Norm/state_action_state_metric_model |            60.6 |
|                  Metric/self_state_distance |         0.00309 |
|                 Metric/cross_state_distance |           0.998 |
|           Metric/self_state_action_distance |         0.00351 |
|          Metric/cross_state_action_distance |           0.999 |
|             Metric/avg_self_state_asymmetry |               0 |
|            Metric/avg_cross_state_asymmetry |         0.00344 |
|                Metric/avg_self_sa_asymmetry |               0 |
|               Metric/avg_cross_sa_asymmetry |         0.00509 |
|  Metric/self_state_action_to_state_distance |         0.00225 |
| Metric/cross_state_action_to_state_distance |           0.996 |
|                   Metric/h_lambda_diff_self |         0.00309 |
|                  Metric/h_lambda_diff_cross |           0.005 |
|                                 Eval/Return |             693 |
-----------------------------------------------------------------
-----------------------------------------------------------------
|                                 Train/Steps |        1.42e+06 |
|                            Loss/Loss_critic |           0.282 |
|                             Loss/Loss_actor |           -29.8 |
|                             Loss/Loss_alpha |       -0.000739 |
|               Loss/Loss_state_action_metric |         0.00459 |
|                      Loss/Loss_state_metric |          0.0032 |
|             Loss/Loss_state_action_to_state |        3.57e-05 |
|                           Loss/Act_rep_loss |          0.0433 |
|                                   SAC/Alpha |          0.0389 |
|                              SAC/LogPi_mean |           0.468 |
|                                 SAC/Q1_mean |            29.9 |
|                                 SAC/Q2_mean |            29.8 |
|                            Norm/actor_model |            74.3 |
|                           Norm/critic_model |            98.1 |
|              Norm/state_action_metric_model |            53.1 |
|                     Norm/state_metric_model |            57.7 |
|        Norm/state_action_state_metric_model |            63.6 |
|                  Metric/self_state_distance |        0.000901 |
|                 Metric/cross_state_distance |            1.01 |
|           Metric/self_state_action_distance |         0.00671 |
|          Metric/cross_state_action_distance |            1.02 |
|             Metric/avg_self_state_asymmetry |               0 |
|            Metric/avg_cross_state_asymmetry |         0.00335 |
|                Metric/avg_self_sa_asymmetry |               0 |
|               Metric/avg_cross_sa_asymmetry |          0.0088 |
|  Metric/self_state_action_to_state_distance |         0.00264 |
| Metric/cross_state_action_to_state_distance |            1.01 |
|                   Metric/h_lambda_diff_self |         0.00614 |
|                  Metric/h_lambda_diff_cross |         0.00705 |
|                                 Eval/Return |             787 |
-----------------------------------------------------------------
-----------------------------------------------------------------
|                                 Train/Steps |        1.54e+06 |
|                            Loss/Loss_critic |           0.206 |
|                             Loss/Loss_actor |           -33.4 |
|                             Loss/Loss_alpha |        -0.00473 |
|               Loss/Loss_state_action_metric |         0.00607 |
|                      Loss/Loss_state_metric |         0.00362 |
|             Loss/Loss_state_action_to_state |        3.08e-05 |
|                           Loss/Act_rep_loss |          0.0414 |
|                                   SAC/Alpha |          0.0386 |
|                              SAC/LogPi_mean |           0.566 |
|                                 SAC/Q1_mean |            33.4 |
|                                 SAC/Q2_mean |            33.3 |
|                            Norm/actor_model |            77.6 |
|                           Norm/critic_model |             101 |
|              Norm/state_action_metric_model |            55.1 |
|                     Norm/state_metric_model |            60.7 |
|        Norm/state_action_state_metric_model |            66.6 |
|                  Metric/self_state_distance |         0.00237 |
|                 Metric/cross_state_distance |            1.01 |
|           Metric/self_state_action_distance |         0.00127 |
|          Metric/cross_state_action_distance |            1.01 |
|             Metric/avg_self_state_asymmetry |               0 |
|            Metric/avg_cross_state_asymmetry |         0.00354 |
|                Metric/avg_self_sa_asymmetry |               0 |
|               Metric/avg_cross_sa_asymmetry |         0.00633 |
|  Metric/self_state_action_to_state_distance |         0.00144 |
| Metric/cross_state_action_to_state_distance |            1.01 |
|                   Metric/h_lambda_diff_self |         0.00132 |
|                  Metric/h_lambda_diff_cross |         0.00528 |
|                                 Eval/Return |             786 |
-----------------------------------------------------------------
-----------------------------------------------------------------
|                                 Train/Steps |        1.67e+06 |
|                            Loss/Loss_critic |           0.469 |
|                             Loss/Loss_actor |           -37.3 |
|                             Loss/Loss_alpha |         0.00183 |
|               Loss/Loss_state_action_metric |         0.00809 |
|                      Loss/Loss_state_metric |         0.00473 |
|             Loss/Loss_state_action_to_state |         0.00011 |
|                           Loss/Act_rep_loss |          0.0357 |
|                                   SAC/Alpha |          0.0392 |
|                              SAC/LogPi_mean |           0.529 |
|                                 SAC/Q1_mean |            37.3 |
|                                 SAC/Q2_mean |            37.3 |
|                            Norm/actor_model |              81 |
|                           Norm/critic_model |             104 |
|              Norm/state_action_metric_model |            56.5 |
|                     Norm/state_metric_model |            63.4 |
|        Norm/state_action_state_metric_model |            69.7 |
|                  Metric/self_state_distance |         0.00532 |
|                 Metric/cross_state_distance |            1.03 |
|           Metric/self_state_action_distance |        0.000941 |
|          Metric/cross_state_action_distance |            1.03 |
|             Metric/avg_self_state_asymmetry |               0 |
|            Metric/avg_cross_state_asymmetry |           0.003 |
|                Metric/avg_self_sa_asymmetry |               0 |
|               Metric/avg_cross_sa_asymmetry |         0.00371 |
|  Metric/self_state_action_to_state_distance |         0.00168 |
| Metric/cross_state_action_to_state_distance |            1.03 |
|                   Metric/h_lambda_diff_self |         0.00149 |
|                  Metric/h_lambda_diff_cross |         0.00493 |
|                                 Eval/Return |             806 |
-----------------------------------------------------------------
-----------------------------------------------------------------
|                                 Train/Steps |         1.8e+06 |
|                            Loss/Loss_critic |           0.167 |
|                             Loss/Loss_actor |           -42.3 |
|                             Loss/Loss_alpha |        -0.00446 |
|               Loss/Loss_state_action_metric |         0.00592 |
|                      Loss/Loss_state_metric |         0.00401 |
|             Loss/Loss_state_action_to_state |        2.63e-05 |
|                           Loss/Act_rep_loss |          0.0398 |
|                                   SAC/Alpha |          0.0381 |
|                              SAC/LogPi_mean |           0.635 |
|                                 SAC/Q1_mean |            42.2 |
|                                 SAC/Q2_mean |            42.3 |
|                            Norm/actor_model |              84 |
|                           Norm/critic_model |             106 |
|              Norm/state_action_metric_model |              59 |
|                     Norm/state_metric_model |            66.8 |
|        Norm/state_action_state_metric_model |            72.4 |
|                  Metric/self_state_distance |         0.00335 |
|                 Metric/cross_state_distance |            1.03 |
|           Metric/self_state_action_distance |         0.00123 |
|          Metric/cross_state_action_distance |            1.03 |
|             Metric/avg_self_state_asymmetry |               0 |
|            Metric/avg_cross_state_asymmetry |         0.00285 |
|                Metric/avg_self_sa_asymmetry |               0 |
|               Metric/avg_cross_sa_asymmetry |         0.00415 |
|  Metric/self_state_action_to_state_distance |         0.00209 |
| Metric/cross_state_action_to_state_distance |            1.03 |
|                   Metric/h_lambda_diff_self |         0.00146 |
|                  Metric/h_lambda_diff_cross |         0.00428 |
|                                 Eval/Return |             793 |
-----------------------------------------------------------------
-----------------------------------------------------------------
|                                 Train/Steps |        1.93e+06 |
|                            Loss/Loss_critic |           0.186 |
|                             Loss/Loss_actor |           -43.5 |
|                             Loss/Loss_alpha |         0.00517 |
|               Loss/Loss_state_action_metric |         0.00672 |
|                      Loss/Loss_state_metric |         0.00433 |
|             Loss/Loss_state_action_to_state |        4.66e-05 |
|                           Loss/Act_rep_loss |          0.0385 |
|                                   SAC/Alpha |          0.0356 |
|                              SAC/LogPi_mean |           0.307 |
|                                 SAC/Q1_mean |            43.5 |
|                                 SAC/Q2_mean |            43.5 |
|                            Norm/actor_model |            87.3 |
|                           Norm/critic_model |             108 |
|              Norm/state_action_metric_model |            60.5 |
|                     Norm/state_metric_model |            68.8 |
|        Norm/state_action_state_metric_model |            75.8 |
|                  Metric/self_state_distance |         0.00197 |
|                 Metric/cross_state_distance |            1.03 |
|           Metric/self_state_action_distance |         0.00157 |
|          Metric/cross_state_action_distance |            1.04 |
|             Metric/avg_self_state_asymmetry |               0 |
|            Metric/avg_cross_state_asymmetry |         0.00517 |
|                Metric/avg_self_sa_asymmetry |               0 |
|               Metric/avg_cross_sa_asymmetry |         0.00685 |
|  Metric/self_state_action_to_state_distance |         0.00201 |
| Metric/cross_state_action_to_state_distance |            1.04 |
|                   Metric/h_lambda_diff_self |         0.00194 |
|                  Metric/h_lambda_diff_cross |          0.0058 |
|                                 Eval/Return |             799 |
-----------------------------------------------------------------
-----------------------------------------------------------------
|                                 Train/Steps |        2.06e+06 |
|                            Loss/Loss_critic |            0.16 |
|                             Loss/Loss_actor |           -49.6 |
|                             Loss/Loss_alpha |         -0.0054 |
|               Loss/Loss_state_action_metric |         0.00552 |
|                      Loss/Loss_state_metric |          0.0037 |
|             Loss/Loss_state_action_to_state |        3.21e-05 |
|                           Loss/Act_rep_loss |          0.0394 |
|                                   SAC/Alpha |           0.032 |
|                              SAC/LogPi_mean |           0.663 |
|                                 SAC/Q1_mean |            49.6 |
|                                 SAC/Q2_mean |            49.6 |
|                            Norm/actor_model |            90.3 |
|                           Norm/critic_model |             110 |
|              Norm/state_action_metric_model |            61.8 |
|                     Norm/state_metric_model |            71.5 |
|        Norm/state_action_state_metric_model |            79.3 |
|                  Metric/self_state_distance |          0.0051 |
|                 Metric/cross_state_distance |            1.03 |
|           Metric/self_state_action_distance |        0.000491 |
|          Metric/cross_state_action_distance |            1.04 |
|             Metric/avg_self_state_asymmetry |               0 |
|            Metric/avg_cross_state_asymmetry |         0.00294 |
|                Metric/avg_self_sa_asymmetry |               0 |
|               Metric/avg_cross_sa_asymmetry |          0.0075 |
|  Metric/self_state_action_to_state_distance |         0.00227 |
| Metric/cross_state_action_to_state_distance |            1.03 |
|                   Metric/h_lambda_diff_self |         0.00226 |
|                  Metric/h_lambda_diff_cross |         0.00815 |
|                                 Eval/Return |             784 |
-----------------------------------------------------------------
[32mSaving model …[0m
[32mDone.[0m
[32mSaving model …[0m
[32mDone.[0m
-----------------------------------------------------------------
|                                 Train/Steps |        2.18e+06 |
|                            Loss/Loss_critic |           0.152 |
|                             Loss/Loss_actor |           -50.5 |
|                             Loss/Loss_alpha |         0.00196 |
|               Loss/Loss_state_action_metric |         0.00607 |
|                      Loss/Loss_state_metric |         0.00392 |
|             Loss/Loss_state_action_to_state |        5.06e-05 |
|                           Loss/Act_rep_loss |          0.0371 |
|                                   SAC/Alpha |          0.0309 |
|                              SAC/LogPi_mean |           0.469 |
|                                 SAC/Q1_mean |            50.5 |
|                                 SAC/Q2_mean |            50.5 |
|                            Norm/actor_model |            93.4 |
|                           Norm/critic_model |             112 |
|              Norm/state_action_metric_model |            63.1 |
|                     Norm/state_metric_model |            73.1 |
|        Norm/state_action_state_metric_model |            82.3 |
|                  Metric/self_state_distance |         0.00443 |
|                 Metric/cross_state_distance |            1.04 |
|           Metric/self_state_action_distance |           0.001 |
|          Metric/cross_state_action_distance |            1.04 |
|             Metric/avg_self_state_asymmetry |               0 |
|            Metric/avg_cross_state_asymmetry |         0.00438 |
|                Metric/avg_self_sa_asymmetry |               0 |
|               Metric/avg_cross_sa_asymmetry |         0.00407 |
|  Metric/self_state_action_to_state_distance |         0.00363 |
| Metric/cross_state_action_to_state_distance |            1.04 |
|                   Metric/h_lambda_diff_self |         0.00328 |
|                  Metric/h_lambda_diff_cross |         0.00528 |
|                                 Eval/Return |             794 |
-----------------------------------------------------------------
-----------------------------------------------------------------
|                                 Train/Steps |        2.31e+06 |
|                            Loss/Loss_critic |           0.122 |
|                             Loss/Loss_actor |           -57.5 |
|                             Loss/Loss_alpha |         0.00293 |
|               Loss/Loss_state_action_metric |         0.00736 |
|                      Loss/Loss_state_metric |         0.00452 |
|             Loss/Loss_state_action_to_state |         0.00322 |
|                           Loss/Act_rep_loss |          0.0365 |
|                                   SAC/Alpha |          0.0301 |
|                              SAC/LogPi_mean |           0.331 |
|                                 SAC/Q1_mean |            57.6 |
|                                 SAC/Q2_mean |            57.5 |
|                            Norm/actor_model |            96.3 |
|                           Norm/critic_model |             114 |
|              Norm/state_action_metric_model |            64.4 |
|                     Norm/state_metric_model |            75.6 |
|        Norm/state_action_state_metric_model |            85.3 |
|                  Metric/self_state_distance |         0.00317 |
|                 Metric/cross_state_distance |            1.04 |
|           Metric/self_state_action_distance |         0.00196 |
|          Metric/cross_state_action_distance |            1.05 |
|             Metric/avg_self_state_asymmetry |               0 |
|            Metric/avg_cross_state_asymmetry |         0.00312 |
|                Metric/avg_self_sa_asymmetry |               0 |
|               Metric/avg_cross_sa_asymmetry |         0.00353 |
|  Metric/self_state_action_to_state_distance |         0.00339 |
| Metric/cross_state_action_to_state_distance |            1.05 |
|                   Metric/h_lambda_diff_self |         0.00446 |
|                  Metric/h_lambda_diff_cross |          0.0251 |
|                                 Eval/Return |             782 |
-----------------------------------------------------------------
-----------------------------------------------------------------
|                                 Train/Steps |        2.44e+06 |
|                            Loss/Loss_critic |           0.138 |
|                             Loss/Loss_actor |           -55.5 |
|                             Loss/Loss_alpha |        -0.00227 |
|               Loss/Loss_state_action_metric |         0.00677 |
|                      Loss/Loss_state_metric |         0.00419 |
|             Loss/Loss_state_action_to_state |        4.88e-05 |
|                           Loss/Act_rep_loss |          0.0385 |
|                                   SAC/Alpha |          0.0311 |
|                              SAC/LogPi_mean |           0.623 |
|                                 SAC/Q1_mean |            55.5 |
|                                 SAC/Q2_mean |            55.5 |
|                            Norm/actor_model |            99.2 |
|                           Norm/critic_model |             116 |
|              Norm/state_action_metric_model |            66.3 |
|                     Norm/state_metric_model |              79 |
|        Norm/state_action_state_metric_model |            89.3 |
|                  Metric/self_state_distance |          0.0013 |
|                 Metric/cross_state_distance |            1.03 |
|           Metric/self_state_action_distance |         0.00302 |
|          Metric/cross_state_action_distance |            1.04 |
|             Metric/avg_self_state_asymmetry |               0 |
|            Metric/avg_cross_state_asymmetry |         0.00325 |
|                Metric/avg_self_sa_asymmetry |               0 |
|               Metric/avg_cross_sa_asymmetry |         0.00429 |
|  Metric/self_state_action_to_state_distance |        0.000767 |
| Metric/cross_state_action_to_state_distance |            1.04 |
|                   Metric/h_lambda_diff_self |         0.00301 |
|                  Metric/h_lambda_diff_cross |          0.0052 |
|                                 Eval/Return |             742 |
-----------------------------------------------------------------
-----------------------------------------------------------------
|                                 Train/Steps |        2.57e+06 |
|                            Loss/Loss_critic |           0.204 |
|                             Loss/Loss_actor |           -56.8 |
|                             Loss/Loss_alpha |        0.000736 |
|               Loss/Loss_state_action_metric |         0.00615 |
|                      Loss/Loss_state_metric |          0.0048 |
|             Loss/Loss_state_action_to_state |         0.00014 |
|                           Loss/Act_rep_loss |          0.0382 |
|                                   SAC/Alpha |          0.0286 |
|                              SAC/LogPi_mean |           0.476 |
|                                 SAC/Q1_mean |            56.7 |
|                                 SAC/Q2_mean |            56.8 |
|                            Norm/actor_model |             102 |
|                           Norm/critic_model |             117 |
|              Norm/state_action_metric_model |            67.5 |
|                     Norm/state_metric_model |              82 |
|        Norm/state_action_state_metric_model |            92.2 |
|                  Metric/self_state_distance |        0.000906 |
|                 Metric/cross_state_distance |            1.03 |
|           Metric/self_state_action_distance |        0.000486 |
|          Metric/cross_state_action_distance |            1.05 |
|             Metric/avg_self_state_asymmetry |               0 |
|            Metric/avg_cross_state_asymmetry |         0.00382 |
|                Metric/avg_self_sa_asymmetry |               0 |
|               Metric/avg_cross_sa_asymmetry |         0.00367 |
|  Metric/self_state_action_to_state_distance |          0.0136 |
| Metric/cross_state_action_to_state_distance |            1.05 |
|                   Metric/h_lambda_diff_self |          0.0134 |
|                  Metric/h_lambda_diff_cross |         0.00619 |
|                                 Eval/Return |             770 |
-----------------------------------------------------------------
-----------------------------------------------------------------
|                                 Train/Steps |         2.7e+06 |
|                            Loss/Loss_critic |          0.0876 |
|                             Loss/Loss_actor |           -59.7 |
|                             Loss/Loss_alpha |         0.00417 |
|               Loss/Loss_state_action_metric |         0.00773 |
|                      Loss/Loss_state_metric |         0.00556 |
|             Loss/Loss_state_action_to_state |        0.000447 |
|                           Loss/Act_rep_loss |           0.039 |
|                                   SAC/Alpha |          0.0275 |
|                              SAC/LogPi_mean |           0.398 |
|                                 SAC/Q1_mean |            59.8 |
|                                 SAC/Q2_mean |            59.7 |
|                            Norm/actor_model |             105 |
|                           Norm/critic_model |             119 |
|              Norm/state_action_metric_model |            69.2 |
|                     Norm/state_metric_model |            84.9 |
|        Norm/state_action_state_metric_model |            95.1 |
|                  Metric/self_state_distance |         0.00183 |
|                 Metric/cross_state_distance |            1.02 |
|           Metric/self_state_action_distance |         0.00268 |
|          Metric/cross_state_action_distance |            1.03 |
|             Metric/avg_self_state_asymmetry |               0 |
|            Metric/avg_cross_state_asymmetry |          0.0038 |
|                Metric/avg_self_sa_asymmetry |               0 |
|               Metric/avg_cross_sa_asymmetry |         0.00474 |
|  Metric/self_state_action_to_state_distance |         0.00162 |
| Metric/cross_state_action_to_state_distance |            1.03 |
|                   Metric/h_lambda_diff_self |         0.00222 |
|                  Metric/h_lambda_diff_cross |         0.00662 |
|                                 Eval/Return |             766 |
-----------------------------------------------------------------
-----------------------------------------------------------------
|                                 Train/Steps |        2.82e+06 |
|                            Loss/Loss_critic |           0.123 |
|                             Loss/Loss_actor |           -56.1 |
|                             Loss/Loss_alpha |        -0.00161 |
|               Loss/Loss_state_action_metric |         0.00564 |
|                      Loss/Loss_state_metric |           0.004 |
|             Loss/Loss_state_action_to_state |        4.95e-05 |
|                           Loss/Act_rep_loss |           0.033 |
|                                   SAC/Alpha |          0.0271 |
|                              SAC/LogPi_mean |            0.54 |
|                                 SAC/Q1_mean |            56.1 |
|                                 SAC/Q2_mean |            56.1 |
|                            Norm/actor_model |             108 |
|                           Norm/critic_model |             120 |
|              Norm/state_action_metric_model |            70.5 |
|                     Norm/state_metric_model |            88.6 |
|        Norm/state_action_state_metric_model |            98.2 |
|                  Metric/self_state_distance |         0.00225 |
|                 Metric/cross_state_distance |            1.04 |
|           Metric/self_state_action_distance |         0.00237 |
|          Metric/cross_state_action_distance |            1.05 |
|             Metric/avg_self_state_asymmetry |               0 |
|            Metric/avg_cross_state_asymmetry |         0.00511 |
|                Metric/avg_self_sa_asymmetry |               0 |
|               Metric/avg_cross_sa_asymmetry |         0.00511 |
|  Metric/self_state_action_to_state_distance |         0.00123 |
| Metric/cross_state_action_to_state_distance |            1.05 |
|                   Metric/h_lambda_diff_self |         0.00223 |
|                  Metric/h_lambda_diff_cross |         0.00578 |
|                                 Eval/Return |             806 |
-----------------------------------------------------------------
-----------------------------------------------------------------
|                                 Train/Steps |        2.95e+06 |
|                            Loss/Loss_critic |            0.15 |
|                             Loss/Loss_actor |           -60.2 |
|                             Loss/Loss_alpha |        -0.00105 |
|               Loss/Loss_state_action_metric |         0.00603 |
|                      Loss/Loss_state_metric |         0.00407 |
|             Loss/Loss_state_action_to_state |        8.73e-05 |
|                           Loss/Act_rep_loss |          0.0402 |
|                                   SAC/Alpha |          0.0252 |
|                              SAC/LogPi_mean |           0.511 |
|                                 SAC/Q1_mean |            60.3 |
|                                 SAC/Q2_mean |            60.2 |
|                            Norm/actor_model |             110 |
|                           Norm/critic_model |             121 |
|              Norm/state_action_metric_model |            71.8 |
|                     Norm/state_metric_model |            90.6 |
|        Norm/state_action_state_metric_model |             102 |
|                  Metric/self_state_distance |         0.00086 |
|                 Metric/cross_state_distance |            1.03 |
|           Metric/self_state_action_distance |         0.00101 |
|          Metric/cross_state_action_distance |            1.04 |
|             Metric/avg_self_state_asymmetry |               0 |
|            Metric/avg_cross_state_asymmetry |         0.00603 |
|                Metric/avg_self_sa_asymmetry |               0 |
|               Metric/avg_cross_sa_asymmetry |         0.00709 |
|  Metric/self_state_action_to_state_distance |         0.00279 |
| Metric/cross_state_action_to_state_distance |            1.04 |
|                   Metric/h_lambda_diff_self |         0.00207 |
|                  Metric/h_lambda_diff_cross |         0.00684 |
|                                 Eval/Return |             787 |
-----------------------------------------------------------------
-----------------------------------------------------------------
|                                 Train/Steps |        3.08e+06 |
|                            Loss/Loss_critic |           0.138 |
|                             Loss/Loss_actor |           -62.1 |
|                             Loss/Loss_alpha |         0.00045 |
|               Loss/Loss_state_action_metric |         0.00671 |
|                      Loss/Loss_state_metric |         0.00468 |
|             Loss/Loss_state_action_to_state |        2.85e-05 |
|                           Loss/Act_rep_loss |          0.0341 |
|                                   SAC/Alpha |          0.0259 |
|                              SAC/LogPi_mean |           0.592 |
|                                 SAC/Q1_mean |              62 |
|                                 SAC/Q2_mean |            62.2 |
|                            Norm/actor_model |             113 |
|                           Norm/critic_model |             123 |
|              Norm/state_action_metric_model |            73.4 |
|                     Norm/state_metric_model |            93.3 |
|        Norm/state_action_state_metric_model |             105 |
|                  Metric/self_state_distance |         0.00539 |
|                 Metric/cross_state_distance |            1.04 |
|           Metric/self_state_action_distance |        0.000887 |
|          Metric/cross_state_action_distance |            1.05 |
|             Metric/avg_self_state_asymmetry |               0 |
|            Metric/avg_cross_state_asymmetry |         0.00382 |
|                Metric/avg_self_sa_asymmetry |               0 |
|               Metric/avg_cross_sa_asymmetry |         0.00428 |
|  Metric/self_state_action_to_state_distance |         0.00213 |
| Metric/cross_state_action_to_state_distance |            1.05 |
|                   Metric/h_lambda_diff_self |         0.00198 |
|                  Metric/h_lambda_diff_cross |         0.00514 |
|                                 Eval/Return |             805 |
-----------------------------------------------------------------
[32mSaving model …[0m
[32mDone.[0m
[32mSaving model …[0m
[32mDone.[0m
-----------------------------------------------------------------
|                                 Train/Steps |        3.21e+06 |
|                            Loss/Loss_critic |           0.117 |
|                             Loss/Loss_actor |           -65.9 |
|                             Loss/Loss_alpha |         0.00309 |
|               Loss/Loss_state_action_metric |         0.00591 |
|                      Loss/Loss_state_metric |         0.00452 |
|             Loss/Loss_state_action_to_state |        0.000397 |
|                           Loss/Act_rep_loss |          0.0396 |
|                                   SAC/Alpha |          0.0261 |
|                              SAC/LogPi_mean |           0.453 |
|                                 SAC/Q1_mean |            65.9 |
|                                 SAC/Q2_mean |            65.9 |
|                            Norm/actor_model |             115 |
|                           Norm/critic_model |             124 |
|              Norm/state_action_metric_model |            74.7 |
|                     Norm/state_metric_model |            96.3 |
|        Norm/state_action_state_metric_model |             108 |
|                  Metric/self_state_distance |         0.00365 |
|                 Metric/cross_state_distance |            1.02 |
|           Metric/self_state_action_distance |         0.00126 |
|          Metric/cross_state_action_distance |            1.03 |
|             Metric/avg_self_state_asymmetry |               0 |
|            Metric/avg_cross_state_asymmetry |         0.00431 |
|                Metric/avg_self_sa_asymmetry |               0 |
|               Metric/avg_cross_sa_asymmetry |         0.00489 |
|  Metric/self_state_action_to_state_distance |         0.00273 |
| Metric/cross_state_action_to_state_distance |            1.02 |
|                   Metric/h_lambda_diff_self |         0.00201 |
|                  Metric/h_lambda_diff_cross |         0.00686 |
|                                 Eval/Return |             740 |
-----------------------------------------------------------------
-----------------------------------------------------------------
|                                 Train/Steps |        3.34e+06 |
|                            Loss/Loss_critic |          0.0901 |
|                             Loss/Loss_actor |           -67.1 |
|                             Loss/Loss_alpha |         0.00154 |
|               Loss/Loss_state_action_metric |         0.00539 |
|                      Loss/Loss_state_metric |         0.00401 |
|             Loss/Loss_state_action_to_state |        2.51e-05 |
|                           Loss/Act_rep_loss |          0.0362 |
|                                   SAC/Alpha |          0.0257 |
|                              SAC/LogPi_mean |           0.451 |
|                                 SAC/Q1_mean |              67 |
|                                 SAC/Q2_mean |            67.1 |
|                            Norm/actor_model |             117 |
|                           Norm/critic_model |             125 |
|              Norm/state_action_metric_model |            76.9 |
|                     Norm/state_metric_model |            98.2 |
|        Norm/state_action_state_metric_model |             111 |
|                  Metric/self_state_distance |         0.00207 |
|                 Metric/cross_state_distance |            1.04 |
|           Metric/self_state_action_distance |        0.000672 |
|          Metric/cross_state_action_distance |            1.05 |
|             Metric/avg_self_state_asymmetry |               0 |
|            Metric/avg_cross_state_asymmetry |         0.00309 |
|                Metric/avg_self_sa_asymmetry |               0 |
|               Metric/avg_cross_sa_asymmetry |         0.00378 |
|  Metric/self_state_action_to_state_distance |         0.00106 |
| Metric/cross_state_action_to_state_distance |            1.05 |
|                   Metric/h_lambda_diff_self |        0.000949 |
|                  Metric/h_lambda_diff_cross |         0.00418 |
|                                 Eval/Return |             800 |
-----------------------------------------------------------------
-----------------------------------------------------------------
|                                 Train/Steps |        3.46e+06 |
|                            Loss/Loss_critic |           0.142 |
|                             Loss/Loss_actor |           -62.8 |
|                             Loss/Loss_alpha |        -0.00402 |
|               Loss/Loss_state_action_metric |         0.00679 |
|                      Loss/Loss_state_metric |         0.00419 |
|             Loss/Loss_state_action_to_state |        3.76e-05 |
|                           Loss/Act_rep_loss |          0.0359 |
|                                   SAC/Alpha |          0.0192 |
|                              SAC/LogPi_mean |           0.595 |
|                                 SAC/Q1_mean |            62.7 |
|                                 SAC/Q2_mean |            62.9 |
|                            Norm/actor_model |             120 |
|                           Norm/critic_model |             126 |
|              Norm/state_action_metric_model |            78.3 |
|                     Norm/state_metric_model |             101 |
|        Norm/state_action_state_metric_model |             115 |
|                  Metric/self_state_distance |         0.00102 |
|                 Metric/cross_state_distance |            1.04 |
|           Metric/self_state_action_distance |         0.00604 |
|          Metric/cross_state_action_distance |            1.05 |
|             Metric/avg_self_state_asymmetry |               0 |
|            Metric/avg_cross_state_asymmetry |         0.00268 |
|                Metric/avg_self_sa_asymmetry |               0 |
|               Metric/avg_cross_sa_asymmetry |         0.00953 |
|  Metric/self_state_action_to_state_distance |        0.000329 |
| Metric/cross_state_action_to_state_distance |            1.05 |
|                   Metric/h_lambda_diff_self |         0.00584 |
|                  Metric/h_lambda_diff_cross |         0.00998 |
|                                 Eval/Return |             808 |
-----------------------------------------------------------------
-----------------------------------------------------------------
|                                 Train/Steps |        3.59e+06 |
|                            Loss/Loss_critic |          0.0674 |
|                             Loss/Loss_actor |           -66.9 |
|                             Loss/Loss_alpha |         0.00184 |
|               Loss/Loss_state_action_metric |         0.00583 |
|                      Loss/Loss_state_metric |         0.00374 |
|             Loss/Loss_state_action_to_state |        2.04e-05 |
|                           Loss/Act_rep_loss |           0.035 |
|                                   SAC/Alpha |          0.0187 |
|                              SAC/LogPi_mean |           0.344 |
|                                 SAC/Q1_mean |              67 |
|                                 SAC/Q2_mean |            66.9 |
|                            Norm/actor_model |             122 |
|                           Norm/critic_model |             127 |
|              Norm/state_action_metric_model |            79.4 |
|                     Norm/state_metric_model |             103 |
|        Norm/state_action_state_metric_model |             117 |
|                  Metric/self_state_distance |         0.00238 |
|                 Metric/cross_state_distance |            1.04 |
|           Metric/self_state_action_distance |        0.000506 |
|          Metric/cross_state_action_distance |            1.05 |
|             Metric/avg_self_state_asymmetry |               0 |
|            Metric/avg_cross_state_asymmetry |         0.00456 |
|                Metric/avg_self_sa_asymmetry |               0 |
|               Metric/avg_cross_sa_asymmetry |         0.00416 |
|  Metric/self_state_action_to_state_distance |         0.00156 |
| Metric/cross_state_action_to_state_distance |            1.05 |
|                   Metric/h_lambda_diff_self |         0.00132 |
|                  Metric/h_lambda_diff_cross |         0.00379 |
|                                 Eval/Return |             801 |
-----------------------------------------------------------------
-----------------------------------------------------------------
|                                 Train/Steps |        3.72e+06 |
|                            Loss/Loss_critic |          0.0806 |
|                             Loss/Loss_actor |           -66.2 |
|                             Loss/Loss_alpha |        0.000994 |
|               Loss/Loss_state_action_metric |         0.00611 |
|                      Loss/Loss_state_metric |         0.00409 |
|             Loss/Loss_state_action_to_state |        4.77e-05 |
|                           Loss/Act_rep_loss |          0.0393 |
|                                   SAC/Alpha |          0.0188 |
|                              SAC/LogPi_mean |            0.46 |
|                                 SAC/Q1_mean |            66.2 |
|                                 SAC/Q2_mean |            66.2 |
|                            Norm/actor_model |             124 |
|                           Norm/critic_model |             128 |
|              Norm/state_action_metric_model |            81.1 |
|                     Norm/state_metric_model |             106 |
|        Norm/state_action_state_metric_model |             121 |
|                  Metric/self_state_distance |        0.000813 |
|                 Metric/cross_state_distance |            1.03 |
|           Metric/self_state_action_distance |         0.00124 |
|          Metric/cross_state_action_distance |            1.04 |
|             Metric/avg_self_state_asymmetry |               0 |
|            Metric/avg_cross_state_asymmetry |          0.0035 |
|                Metric/avg_self_sa_asymmetry |               0 |
|               Metric/avg_cross_sa_asymmetry |         0.00329 |
|  Metric/self_state_action_to_state_distance |         0.00138 |
| Metric/cross_state_action_to_state_distance |            1.05 |
|                   Metric/h_lambda_diff_self |         0.00178 |
|                  Metric/h_lambda_diff_cross |         0.00646 |
|                                 Eval/Return |             803 |
-----------------------------------------------------------------
-----------------------------------------------------------------
|                                 Train/Steps |        3.85e+06 |
|                            Loss/Loss_critic |           0.131 |
|                             Loss/Loss_actor |           -68.4 |
|                             Loss/Loss_alpha |        0.000434 |
|               Loss/Loss_state_action_metric |         0.00664 |
|                      Loss/Loss_state_metric |         0.00464 |
|             Loss/Loss_state_action_to_state |        2.72e-05 |
|                           Loss/Act_rep_loss |          0.0365 |
|                                   SAC/Alpha |          0.0156 |
|                              SAC/LogPi_mean |           0.412 |
|                                 SAC/Q1_mean |            68.4 |
|                                 SAC/Q2_mean |            68.4 |
|                            Norm/actor_model |             126 |
|                           Norm/critic_model |             129 |
|              Norm/state_action_metric_model |            82.8 |
|                     Norm/state_metric_model |             108 |
|        Norm/state_action_state_metric_model |             124 |
|                  Metric/self_state_distance |         0.00275 |
|                 Metric/cross_state_distance |            1.03 |
|           Metric/self_state_action_distance |        0.000542 |
|          Metric/cross_state_action_distance |            1.04 |
|             Metric/avg_self_state_asymmetry |               0 |
|            Metric/avg_cross_state_asymmetry |         0.00317 |
|                Metric/avg_self_sa_asymmetry |               0 |
|               Metric/avg_cross_sa_asymmetry |         0.00319 |
|  Metric/self_state_action_to_state_distance |        0.000843 |
| Metric/cross_state_action_to_state_distance |            1.04 |
|                   Metric/h_lambda_diff_self |        0.000601 |
|                  Metric/h_lambda_diff_cross |         0.00363 |
|                                 Eval/Return |             802 |
-----------------------------------------------------------------
-----------------------------------------------------------------
|                                 Train/Steps |        3.98e+06 |
|                            Loss/Loss_critic |           0.118 |
|                             Loss/Loss_actor |           -67.6 |
|                             Loss/Loss_alpha |          0.0019 |
|               Loss/Loss_state_action_metric |         0.00596 |
|                      Loss/Loss_state_metric |          0.0041 |
|             Loss/Loss_state_action_to_state |        4.79e-05 |
|                           Loss/Act_rep_loss |          0.0351 |
|                                   SAC/Alpha |          0.0172 |
|                              SAC/LogPi_mean |           0.424 |
|                                 SAC/Q1_mean |            67.6 |
|                                 SAC/Q2_mean |            67.6 |
|                            Norm/actor_model |             128 |
|                           Norm/critic_model |             130 |
|              Norm/state_action_metric_model |            84.2 |
|                     Norm/state_metric_model |             112 |
|        Norm/state_action_state_metric_model |             127 |
|                  Metric/self_state_distance |         0.00112 |
|                 Metric/cross_state_distance |            1.03 |
|           Metric/self_state_action_distance |         0.00137 |
|          Metric/cross_state_action_distance |            1.04 |
|             Metric/avg_self_state_asymmetry |               0 |
|            Metric/avg_cross_state_asymmetry |         0.00221 |
|                Metric/avg_self_sa_asymmetry |               0 |
|               Metric/avg_cross_sa_asymmetry |         0.00326 |
|  Metric/self_state_action_to_state_distance |        0.000523 |
| Metric/cross_state_action_to_state_distance |            1.04 |
|                   Metric/h_lambda_diff_self |         0.00109 |
|                  Metric/h_lambda_diff_cross |         0.00546 |
|                                 Eval/Return |             810 |
-----------------------------------------------------------------
-----------------------------------------------------------------
|                                 Train/Steps |         4.1e+06 |
|                            Loss/Loss_critic |          0.0955 |
|                             Loss/Loss_actor |           -71.5 |
|                             Loss/Loss_alpha |        0.000892 |
|               Loss/Loss_state_action_metric |         0.00609 |
|                      Loss/Loss_state_metric |         0.00437 |
|             Loss/Loss_state_action_to_state |        6.23e-05 |
|                           Loss/Act_rep_loss |          0.0353 |
|                                   SAC/Alpha |          0.0164 |
|                              SAC/LogPi_mean |           0.434 |
|                                 SAC/Q1_mean |            71.5 |
|                                 SAC/Q2_mean |            71.6 |
|                            Norm/actor_model |             130 |
|                           Norm/critic_model |             131 |
|              Norm/state_action_metric_model |            85.7 |
|                     Norm/state_metric_model |             113 |
|        Norm/state_action_state_metric_model |             131 |
|                  Metric/self_state_distance |         0.00424 |
|                 Metric/cross_state_distance |            1.04 |
|           Metric/self_state_action_distance |        0.000208 |
|          Metric/cross_state_action_distance |            1.05 |
|             Metric/avg_self_state_asymmetry |               0 |
|            Metric/avg_cross_state_asymmetry |         0.00476 |
|                Metric/avg_self_sa_asymmetry |               0 |
|               Metric/avg_cross_sa_asymmetry |         0.00455 |
|  Metric/self_state_action_to_state_distance |         0.00505 |
| Metric/cross_state_action_to_state_distance |            1.04 |
|                   Metric/h_lambda_diff_self |         0.00492 |
|                  Metric/h_lambda_diff_cross |         0.00599 |
|                                 Eval/Return |             790 |
-----------------------------------------------------------------
[32mSaving model …[0m
[32mDone.[0m
[32mSaving model …[0m
[32mDone.[0m
-----------------------------------------------------------------
|                                 Train/Steps |        4.23e+06 |
|                            Loss/Loss_critic |           0.151 |
|                             Loss/Loss_actor |           -73.3 |
|                             Loss/Loss_alpha |        -0.00046 |
|               Loss/Loss_state_action_metric |         0.00657 |
|                      Loss/Loss_state_metric |         0.00511 |
|             Loss/Loss_state_action_to_state |        0.000456 |
|                           Loss/Act_rep_loss |          0.0465 |
|                                   SAC/Alpha |          0.0143 |
|                              SAC/LogPi_mean |            0.55 |
|                                 SAC/Q1_mean |            73.3 |
|                                 SAC/Q2_mean |            73.3 |
|                            Norm/actor_model |             132 |
|                           Norm/critic_model |             131 |
|              Norm/state_action_metric_model |            86.8 |
|                     Norm/state_metric_model |             116 |
|        Norm/state_action_state_metric_model |             134 |
|                  Metric/self_state_distance |         0.00502 |
|                 Metric/cross_state_distance |            1.02 |
|           Metric/self_state_action_distance |         0.00107 |
|          Metric/cross_state_action_distance |            1.04 |
|             Metric/avg_self_state_asymmetry |               0 |
|            Metric/avg_cross_state_asymmetry |          0.0078 |
|                Metric/avg_self_sa_asymmetry |               0 |
|               Metric/avg_cross_sa_asymmetry |         0.00506 |
|  Metric/self_state_action_to_state_distance |         0.00105 |
| Metric/cross_state_action_to_state_distance |            1.04 |
|                   Metric/h_lambda_diff_self |          0.0015 |
|                  Metric/h_lambda_diff_cross |          0.0143 |
|                                 Eval/Return |             809 |
-----------------------------------------------------------------
-----------------------------------------------------------------
|                                 Train/Steps |        4.36e+06 |
|                            Loss/Loss_critic |          0.0484 |
|                             Loss/Loss_actor |           -78.3 |
|                             Loss/Loss_alpha |       -0.000347 |
|               Loss/Loss_state_action_metric |         0.00571 |
|                      Loss/Loss_state_metric |          0.0045 |
|             Loss/Loss_state_action_to_state |        3.18e-05 |
|                           Loss/Act_rep_loss |          0.0451 |
|                                   SAC/Alpha |          0.0116 |
|                              SAC/LogPi_mean |            0.52 |
|                                 SAC/Q1_mean |            78.3 |
|                                 SAC/Q2_mean |            78.3 |
|                            Norm/actor_model |             133 |
|                           Norm/critic_model |             132 |
|              Norm/state_action_metric_model |            88.4 |
|                     Norm/state_metric_model |             118 |
|        Norm/state_action_state_metric_model |             137 |
|                  Metric/self_state_distance |         0.00207 |
|                 Metric/cross_state_distance |            1.01 |
|           Metric/self_state_action_distance |        0.000845 |
|          Metric/cross_state_action_distance |            1.02 |
|             Metric/avg_self_state_asymmetry |               0 |
|            Metric/avg_cross_state_asymmetry |          0.0033 |
|                Metric/avg_self_sa_asymmetry |               0 |
|               Metric/avg_cross_sa_asymmetry |          0.0035 |
|  Metric/self_state_action_to_state_distance |         0.00205 |
| Metric/cross_state_action_to_state_distance |            1.02 |
|                   Metric/h_lambda_diff_self |         0.00206 |
|                  Metric/h_lambda_diff_cross |         0.00464 |
|                                 Eval/Return |             815 |
-----------------------------------------------------------------
-----------------------------------------------------------------
|                                 Train/Steps |        4.49e+06 |
|                            Loss/Loss_critic |          0.0716 |
|                             Loss/Loss_actor |           -76.8 |
|                             Loss/Loss_alpha |        0.000162 |
|               Loss/Loss_state_action_metric |         0.00618 |
|                      Loss/Loss_state_metric |         0.00462 |
|             Loss/Loss_state_action_to_state |        0.000108 |
|                           Loss/Act_rep_loss |          0.0435 |
|                                   SAC/Alpha |         0.00962 |
|                              SAC/LogPi_mean |           0.429 |
|                                 SAC/Q1_mean |            76.9 |
|                                 SAC/Q2_mean |            76.8 |
|                            Norm/actor_model |             135 |
|                           Norm/critic_model |             133 |
|              Norm/state_action_metric_model |            89.6 |
|                     Norm/state_metric_model |             121 |
|        Norm/state_action_state_metric_model |             139 |
|                  Metric/self_state_distance |        0.000651 |
|                 Metric/cross_state_distance |            1.02 |
|           Metric/self_state_action_distance |        0.000416 |
|          Metric/cross_state_action_distance |            1.03 |
|             Metric/avg_self_state_asymmetry |               0 |
|            Metric/avg_cross_state_asymmetry |         0.00551 |
|                Metric/avg_self_sa_asymmetry |               0 |
|               Metric/avg_cross_sa_asymmetry |         0.00854 |
|  Metric/self_state_action_to_state_distance |         0.00251 |
| Metric/cross_state_action_to_state_distance |            1.03 |
|                   Metric/h_lambda_diff_self |         0.00229 |
|                  Metric/h_lambda_diff_cross |         0.00689 |
|                                 Eval/Return |             803 |
-----------------------------------------------------------------
-----------------------------------------------------------------
|                                 Train/Steps |        4.62e+06 |
|                            Loss/Loss_critic |          0.0793 |
|                             Loss/Loss_actor |           -81.9 |
|                             Loss/Loss_alpha |        -0.00157 |
|               Loss/Loss_state_action_metric |         0.00568 |
|                      Loss/Loss_state_metric |         0.00318 |
|             Loss/Loss_state_action_to_state |         5.4e-05 |
|                           Loss/Act_rep_loss |           0.043 |
|                                   SAC/Alpha |         0.00956 |
|                              SAC/LogPi_mean |           0.646 |
|                                 SAC/Q1_mean |            81.9 |
|                                 SAC/Q2_mean |              82 |
|                            Norm/actor_model |             137 |
|                           Norm/critic_model |             135 |
|              Norm/state_action_metric_model |            91.4 |
|                     Norm/state_metric_model |             123 |
|        Norm/state_action_state_metric_model |             143 |
|                  Metric/self_state_distance |         0.00135 |
|                 Metric/cross_state_distance |            1.01 |
|           Metric/self_state_action_distance |        0.000477 |
|          Metric/cross_state_action_distance |            1.01 |
|             Metric/avg_self_state_asymmetry |               0 |
|            Metric/avg_cross_state_asymmetry |         0.00243 |
|                Metric/avg_self_sa_asymmetry |               0 |
|               Metric/avg_cross_sa_asymmetry |         0.00338 |
|  Metric/self_state_action_to_state_distance |        0.000725 |
| Metric/cross_state_action_to_state_distance |            1.01 |
|                   Metric/h_lambda_diff_self |         0.00072 |
|                  Metric/h_lambda_diff_cross |         0.00411 |
|                                 Eval/Return |             810 |
-----------------------------------------------------------------
-----------------------------------------------------------------
|                                 Train/Steps |        4.74e+06 |
|                            Loss/Loss_critic |          0.0458 |
|                             Loss/Loss_actor |           -83.4 |
|                             Loss/Loss_alpha |       -0.000466 |
|               Loss/Loss_state_action_metric |         0.00597 |
|                      Loss/Loss_state_metric |         0.00348 |
|             Loss/Loss_state_action_to_state |        3.44e-05 |
|                           Loss/Act_rep_loss |          0.0435 |
|                                   SAC/Alpha |         0.00709 |
|                              SAC/LogPi_mean |           0.573 |
|                                 SAC/Q1_mean |            83.4 |
|                                 SAC/Q2_mean |            83.3 |
|                            Norm/actor_model |             139 |
|                           Norm/critic_model |             135 |
|              Norm/state_action_metric_model |            92.6 |
|                     Norm/state_metric_model |             125 |
|        Norm/state_action_state_metric_model |             145 |
|                  Metric/self_state_distance |         0.00183 |
|                 Metric/cross_state_distance |            1.01 |
|           Metric/self_state_action_distance |        0.000282 |
|          Metric/cross_state_action_distance |            1.01 |
|             Metric/avg_self_state_asymmetry |               0 |
|            Metric/avg_cross_state_asymmetry |         0.00187 |
|                Metric/avg_self_sa_asymmetry |               0 |
|               Metric/avg_cross_sa_asymmetry |         0.00283 |
|  Metric/self_state_action_to_state_distance |        0.000196 |
| Metric/cross_state_action_to_state_distance |            1.01 |
|                   Metric/h_lambda_diff_self |        0.000428 |
|                  Metric/h_lambda_diff_cross |         0.00317 |
|                                 Eval/Return |             817 |
-----------------------------------------------------------------
-----------------------------------------------------------------
|                                 Train/Steps |        4.87e+06 |
|                            Loss/Loss_critic |          0.0357 |
|                             Loss/Loss_actor |             -87 |
|                             Loss/Loss_alpha |        0.000208 |
|               Loss/Loss_state_action_metric |         0.00391 |
|                      Loss/Loss_state_metric |         0.00285 |
|             Loss/Loss_state_action_to_state |        6.16e-05 |
|                           Loss/Act_rep_loss |          0.0484 |
|                                   SAC/Alpha |         0.00492 |
|                              SAC/LogPi_mean |           0.468 |
|                                 SAC/Q1_mean |              87 |
|                                 SAC/Q2_mean |              87 |
|                            Norm/actor_model |             140 |
|                           Norm/critic_model |             136 |
|              Norm/state_action_metric_model |            94.4 |
|                     Norm/state_metric_model |             127 |
|        Norm/state_action_state_metric_model |             148 |
|                  Metric/self_state_distance |         0.00181 |
|                 Metric/cross_state_distance |           0.994 |
|           Metric/self_state_action_distance |        0.000434 |
|          Metric/cross_state_action_distance |           0.992 |
|             Metric/avg_self_state_asymmetry |               0 |
|            Metric/avg_cross_state_asymmetry |         0.00201 |
|                Metric/avg_self_sa_asymmetry |               0 |
|               Metric/avg_cross_sa_asymmetry |         0.00313 |
|  Metric/self_state_action_to_state_distance |          0.0008 |
| Metric/cross_state_action_to_state_distance |           0.995 |
|                   Metric/h_lambda_diff_self |        0.000896 |
|                  Metric/h_lambda_diff_cross |         0.00379 |
|                                 Eval/Return |             813 |
-----------------------------------------------------------------
-----------------------------------------------------------------
|                                 Train/Steps |           5e+06 |
|                            Loss/Loss_critic |          0.0334 |
|                             Loss/Loss_actor |           -86.1 |
|                             Loss/Loss_alpha |       -0.000209 |
|               Loss/Loss_state_action_metric |         0.00649 |
|                      Loss/Loss_state_metric |         0.00392 |
|             Loss/Loss_state_action_to_state |        3.45e-05 |
|                           Loss/Act_rep_loss |          0.0503 |
|                                   SAC/Alpha |         0.00492 |
|                              SAC/LogPi_mean |           0.544 |
|                                 SAC/Q1_mean |            86.1 |
|                                 SAC/Q2_mean |            86.1 |
|                            Norm/actor_model |             141 |
|                           Norm/critic_model |             136 |
|              Norm/state_action_metric_model |            95.4 |
|                     Norm/state_metric_model |             130 |
|        Norm/state_action_state_metric_model |             150 |
|                  Metric/self_state_distance |        0.000671 |
|                 Metric/cross_state_distance |           0.998 |
|           Metric/self_state_action_distance |        0.000906 |
|          Metric/cross_state_action_distance |           0.999 |
|             Metric/avg_self_state_asymmetry |               0 |
|            Metric/avg_cross_state_asymmetry |         0.00256 |
|                Metric/avg_self_sa_asymmetry |               0 |
|               Metric/avg_cross_sa_asymmetry |         0.00325 |
|  Metric/self_state_action_to_state_distance |         0.00132 |
| Metric/cross_state_action_to_state_distance |           0.999 |
|                   Metric/h_lambda_diff_self |        0.000836 |
|                  Metric/h_lambda_diff_cross |         0.00452 |
|                                 Eval/Return |             665 |
-----------------------------------------------------------------
[32mSaving model …[0m
[32mDone.[0m
[32mSaving model …[0m
[32mDone.[0m
