E0927 09:39:05.775386 3708807 cuda_executor.cc:1526] Could not get kernel mode driver version: (INVALID_ARGUMENT: Version does not match the format X.Y.Z)
E0927 09:39:05.784253 3708695 cuda_executor.cc:1526] Could not get kernel mode driver version: (INVALID_ARGUMENT: Version does not match the format X.Y.Z)
[32mStart prefilling replay buffer[0m
[32mStart SAC training[0m
[32m{'log_freq': 1000, 'save_freq': 1000000, 'eval_episode_freq': 10, 'hidden_size': 256, 'lr': 0.001, 'max_grad_norm': 0.0, 'gamma': 0.99, 'update_tau': 0.005, 'train_per_step': 8, 'episode_length': 1000, 'warmup_samples': 8192, 'max_replay_size': 4000000, 'batch_size': 512, 'total_env_steps': 5000000, 'init_temperature': 0.1, 'nstep': 3, 'bootstrap_on_truncation': True, 'rep_lr_scale': 1.5, 'pair_tau': 0.1, 'vis_feq': 100000, 'n_vis_frames': 4, 'num_envs': 128, 'grad_steps': 50, 'transfer_freq': 10, 'transfer_steps': 8, 'reward_scaling': 1.0, 'num_eval_envs': 128, 'target_entropy': -2.5}[0m
[32m[nstep] nstep=3 bootstrap_on_truncation=True (discount from the buffer already contains gamma^nstep)[0m
-----------------------------------------------------------------
|                                 Train/Steps |        1.36e+05 |
|                            Loss/Loss_critic |           0.029 |
|                             Loss/Loss_actor |           -6.09 |
|                             Loss/Loss_alpha |         0.00283 |
|               Loss/Loss_state_action_metric |         0.00126 |
|                      Loss/Loss_state_metric |        0.000761 |
|             Loss/Loss_state_action_to_state |        1.34e-05 |
|                           Loss/Act_rep_loss |          0.0516 |
|                                   SAC/Alpha |         0.00273 |
|                              SAC/LogPi_mean |            1.62 |
|                                 SAC/Q1_mean |            6.09 |
|                                 SAC/Q2_mean |            6.09 |
|                            Norm/actor_model |            40.6 |
|                           Norm/critic_model |            46.4 |
|              Norm/state_action_metric_model |            31.4 |
|                     Norm/state_metric_model |            31.7 |
|        Norm/state_action_state_metric_model |            31.5 |
|                  Metric/self_state_distance |         0.00325 |
|                 Metric/cross_state_distance |           0.946 |
|           Metric/self_state_action_distance |         0.00135 |
|          Metric/cross_state_action_distance |            0.93 |
|             Metric/avg_self_state_asymmetry |               0 |
|            Metric/avg_cross_state_asymmetry |         0.00161 |
|                Metric/avg_self_sa_asymmetry |               0 |
|               Metric/avg_cross_sa_asymmetry |         0.00306 |
|  Metric/self_state_action_to_state_distance |        0.000766 |
| Metric/cross_state_action_to_state_distance |           0.934 |
|                   Metric/h_lambda_diff_self |         0.00143 |
|                  Metric/h_lambda_diff_cross |         0.00401 |
|                                 Eval/Return |            80.5 |
-----------------------------------------------------------------
-----------------------------------------------------------------
|                                 Train/Steps |        2.64e+05 |
|                            Loss/Loss_critic |          0.0454 |
|                             Loss/Loss_actor |           -8.85 |
|                             Loss/Loss_alpha |        0.000986 |
|               Loss/Loss_state_action_metric |         0.00165 |
|                      Loss/Loss_state_metric |         0.00111 |
|             Loss/Loss_state_action_to_state |        7.89e-06 |
|                           Loss/Act_rep_loss |          0.0652 |
|                                   SAC/Alpha |         0.00292 |
|                              SAC/LogPi_mean |             2.2 |
|                                 SAC/Q1_mean |            8.87 |
|                                 SAC/Q2_mean |            8.84 |
|                            Norm/actor_model |            58.4 |
|                           Norm/critic_model |            67.8 |
|              Norm/state_action_metric_model |            33.1 |
|                     Norm/state_metric_model |            32.6 |
|        Norm/state_action_state_metric_model |            33.5 |
|                  Metric/self_state_distance |         0.00139 |
|                 Metric/cross_state_distance |           0.933 |
|           Metric/self_state_action_distance |         0.00199 |
|          Metric/cross_state_action_distance |            0.92 |
|             Metric/avg_self_state_asymmetry |               0 |
|            Metric/avg_cross_state_asymmetry |        0.000996 |
|                Metric/avg_self_sa_asymmetry |               0 |
|               Metric/avg_cross_sa_asymmetry |         0.00151 |
|  Metric/self_state_action_to_state_distance |        0.000696 |
| Metric/cross_state_action_to_state_distance |           0.919 |
|                   Metric/h_lambda_diff_self |         0.00179 |
|                  Metric/h_lambda_diff_cross |         0.00176 |
|                                 Eval/Return |             106 |
-----------------------------------------------------------------
-----------------------------------------------------------------
|                                 Train/Steps |        3.92e+05 |
|                            Loss/Loss_critic |          0.0923 |
|                             Loss/Loss_actor |           -12.4 |
|                             Loss/Loss_alpha |        5.47e-05 |
|               Loss/Loss_state_action_metric |         0.00175 |
|                      Loss/Loss_state_metric |         0.00095 |
|             Loss/Loss_state_action_to_state |         9.3e-06 |
|                           Loss/Act_rep_loss |          0.0577 |
|                                   SAC/Alpha |         0.00298 |
|                              SAC/LogPi_mean |            2.53 |
|                                 SAC/Q1_mean |            12.4 |
|                                 SAC/Q2_mean |            12.5 |
|                            Norm/actor_model |            68.9 |
|                           Norm/critic_model |            82.4 |
|              Norm/state_action_metric_model |            35.1 |
|                     Norm/state_metric_model |            34.1 |
|        Norm/state_action_state_metric_model |              36 |
|                  Metric/self_state_distance |         0.00118 |
|                 Metric/cross_state_distance |           0.938 |
|           Metric/self_state_action_distance |         0.00113 |
|          Metric/cross_state_action_distance |           0.925 |
|             Metric/avg_self_state_asymmetry |               0 |
|            Metric/avg_cross_state_asymmetry |        0.000878 |
|                Metric/avg_self_sa_asymmetry |               0 |
|               Metric/avg_cross_sa_asymmetry |         0.00203 |
|  Metric/self_state_action_to_state_distance |        0.000494 |
| Metric/cross_state_action_to_state_distance |           0.927 |
|                   Metric/h_lambda_diff_self |         0.00108 |
|                  Metric/h_lambda_diff_cross |         0.00291 |
|                                 Eval/Return |             120 |
-----------------------------------------------------------------
-----------------------------------------------------------------
|                                 Train/Steps |         5.2e+05 |
|                            Loss/Loss_critic |             0.1 |
|                             Loss/Loss_actor |           -14.8 |
|                             Loss/Loss_alpha |         0.00203 |
|               Loss/Loss_state_action_metric |         0.00176 |
|                      Loss/Loss_state_metric |        0.000779 |
|             Loss/Loss_state_action_to_state |        2.17e-05 |
|                           Loss/Act_rep_loss |          0.0504 |
|                                   SAC/Alpha |         0.00349 |
|                              SAC/LogPi_mean |            1.99 |
|                                 SAC/Q1_mean |            14.8 |
|                                 SAC/Q2_mean |            14.8 |
|                            Norm/actor_model |            77.1 |
|                           Norm/critic_model |            94.2 |
|              Norm/state_action_metric_model |            36.8 |
|                     Norm/state_metric_model |            36.1 |
|        Norm/state_action_state_metric_model |            38.1 |
|                  Metric/self_state_distance |         0.00118 |
|                 Metric/cross_state_distance |           0.948 |
|           Metric/self_state_action_distance |          0.0014 |
|          Metric/cross_state_action_distance |           0.937 |
|             Metric/avg_self_state_asymmetry |               0 |
|            Metric/avg_cross_state_asymmetry |          0.0017 |
|                Metric/avg_self_sa_asymmetry |               0 |
|               Metric/avg_cross_sa_asymmetry |         0.00213 |
|  Metric/self_state_action_to_state_distance |        0.000616 |
| Metric/cross_state_action_to_state_distance |           0.935 |
|                   Metric/h_lambda_diff_self |         0.00119 |
|                  Metric/h_lambda_diff_cross |         0.00325 |
|                                 Eval/Return |             161 |
-----------------------------------------------------------------
-----------------------------------------------------------------
|                                 Train/Steps |        6.48e+05 |
|                            Loss/Loss_critic |          0.0999 |
|                             Loss/Loss_actor |           -18.2 |
|                             Loss/Loss_alpha |         0.00109 |
|               Loss/Loss_state_action_metric |         0.00177 |
|                      Loss/Loss_state_metric |        0.000922 |
|             Loss/Loss_state_action_to_state |        2.22e-05 |
|                           Loss/Act_rep_loss |           0.047 |
|                                   SAC/Alpha |         0.00401 |
|                              SAC/LogPi_mean |            2.34 |
|                                 SAC/Q1_mean |            18.3 |
|                                 SAC/Q2_mean |            18.3 |
|                            Norm/actor_model |            83.8 |
|                           Norm/critic_model |             104 |
|              Norm/state_action_metric_model |            38.7 |
|                     Norm/state_metric_model |            37.5 |
|        Norm/state_action_state_metric_model |            39.9 |
|                  Metric/self_state_distance |         0.00172 |
|                 Metric/cross_state_distance |           0.955 |
|           Metric/self_state_action_distance |         0.00292 |
|          Metric/cross_state_action_distance |           0.945 |
|             Metric/avg_self_state_asymmetry |               0 |
|            Metric/avg_cross_state_asymmetry |         0.00169 |
|                Metric/avg_self_sa_asymmetry |               0 |
|               Metric/avg_cross_sa_asymmetry |         0.00205 |
|  Metric/self_state_action_to_state_distance |        0.000924 |
| Metric/cross_state_action_to_state_distance |           0.945 |
|                   Metric/h_lambda_diff_self |         0.00244 |
|                  Metric/h_lambda_diff_cross |         0.00336 |
|                                 Eval/Return |             240 |
-----------------------------------------------------------------
-----------------------------------------------------------------
|                                 Train/Steps |        7.76e+05 |
|                            Loss/Loss_critic |           0.151 |
|                             Loss/Loss_actor |           -20.6 |
|                             Loss/Loss_alpha |        -0.00091 |
|               Loss/Loss_state_action_metric |         0.00222 |
|                      Loss/Loss_state_metric |         0.00133 |
|             Loss/Loss_state_action_to_state |        1.56e-05 |
|                           Loss/Act_rep_loss |          0.0471 |
|                                   SAC/Alpha |         0.00425 |
|                              SAC/LogPi_mean |            2.84 |
|                                 SAC/Q1_mean |            20.6 |
|                                 SAC/Q2_mean |            20.6 |
|                            Norm/actor_model |            89.5 |
|                           Norm/critic_model |             112 |
|              Norm/state_action_metric_model |            40.9 |
|                     Norm/state_metric_model |            39.2 |
|        Norm/state_action_state_metric_model |            42.2 |
|                  Metric/self_state_distance |        0.000468 |
|                 Metric/cross_state_distance |           0.955 |
|           Metric/self_state_action_distance |         0.00101 |
|          Metric/cross_state_action_distance |           0.945 |
|             Metric/avg_self_state_asymmetry |               0 |
|            Metric/avg_cross_state_asymmetry |         0.00161 |
|                Metric/avg_self_sa_asymmetry |               0 |
|               Metric/avg_cross_sa_asymmetry |         0.00187 |
|  Metric/self_state_action_to_state_distance |        0.000418 |
| Metric/cross_state_action_to_state_distance |           0.945 |
|                   Metric/h_lambda_diff_self |        0.000881 |
|                  Metric/h_lambda_diff_cross |         0.00295 |
|                                 Eval/Return |             241 |
-----------------------------------------------------------------
-----------------------------------------------------------------
|                                 Train/Steps |        9.04e+05 |
|                            Loss/Loss_critic |          0.0902 |
|                             Loss/Loss_actor |           -23.4 |
|                             Loss/Loss_alpha |       -0.000404 |
|               Loss/Loss_state_action_metric |           0.002 |
|                      Loss/Loss_state_metric |        0.000995 |
|             Loss/Loss_state_action_to_state |        9.75e-06 |
|                           Loss/Act_rep_loss |          0.0456 |
|                                   SAC/Alpha |         0.00439 |
|                              SAC/LogPi_mean |            2.37 |
|                                 SAC/Q1_mean |            23.4 |
|                                 SAC/Q2_mean |            23.4 |
|                            Norm/actor_model |            94.7 |
|                           Norm/critic_model |             119 |
|              Norm/state_action_metric_model |            42.7 |
|                     Norm/state_metric_model |              41 |
|        Norm/state_action_state_metric_model |            44.6 |
|                  Metric/self_state_distance |        0.000618 |
|                 Metric/cross_state_distance |           0.962 |
|           Metric/self_state_action_distance |         0.00152 |
|          Metric/cross_state_action_distance |           0.952 |
|             Metric/avg_self_state_asymmetry |               0 |
|            Metric/avg_cross_state_asymmetry |         0.00143 |
|                Metric/avg_self_sa_asymmetry |               0 |
|               Metric/avg_cross_sa_asymmetry |         0.00178 |
|  Metric/self_state_action_to_state_distance |        0.000361 |
| Metric/cross_state_action_to_state_distance |           0.953 |
|                   Metric/h_lambda_diff_self |         0.00127 |
|                  Metric/h_lambda_diff_cross |         0.00243 |
|                                 Eval/Return |             290 |
-----------------------------------------------------------------
-----------------------------------------------------------------
|                                 Train/Steps |        1.03e+06 |
|                            Loss/Loss_critic |           0.107 |
|                             Loss/Loss_actor |           -25.3 |
|                             Loss/Loss_alpha |        -0.00214 |
|               Loss/Loss_state_action_metric |         0.00249 |
|                      Loss/Loss_state_metric |         0.00143 |
|             Loss/Loss_state_action_to_state |         0.00126 |
|                           Loss/Act_rep_loss |          0.0447 |
|                                   SAC/Alpha |         0.00427 |
|                              SAC/LogPi_mean |            3.09 |
|                                 SAC/Q1_mean |            25.2 |
|                                 SAC/Q2_mean |            25.3 |
|                            Norm/actor_model |            99.5 |
|                           Norm/critic_model |             125 |
|              Norm/state_action_metric_model |            45.1 |
|                     Norm/state_metric_model |            43.7 |
|        Norm/state_action_state_metric_model |            47.3 |
|                  Metric/self_state_distance |        0.000495 |
|                 Metric/cross_state_distance |           0.968 |
|           Metric/self_state_action_distance |        0.000993 |
|          Metric/cross_state_action_distance |           0.962 |
|             Metric/avg_self_state_asymmetry |               0 |
|            Metric/avg_cross_state_asymmetry |         0.00195 |
|                Metric/avg_self_sa_asymmetry |               0 |
|               Metric/avg_cross_sa_asymmetry |         0.00194 |
|  Metric/self_state_action_to_state_distance |        0.000539 |
| Metric/cross_state_action_to_state_distance |           0.961 |
|                   Metric/h_lambda_diff_self |         0.00101 |
|                  Metric/h_lambda_diff_cross |         0.00473 |
|                                 Eval/Return |             275 |
-----------------------------------------------------------------
[32mSaving model …[0m
[32mDone.[0m
[32mSaving model …[0m
[32mDone.[0m
-----------------------------------------------------------------
|                                 Train/Steps |        1.16e+06 |
|                            Loss/Loss_critic |           0.075 |
|                             Loss/Loss_actor |           -25.4 |
|                             Loss/Loss_alpha |         0.00126 |
|               Loss/Loss_state_action_metric |         0.00201 |
|                      Loss/Loss_state_metric |        0.000945 |
|             Loss/Loss_state_action_to_state |        1.74e-05 |
|                           Loss/Act_rep_loss |          0.0442 |
|                                   SAC/Alpha |         0.00386 |
|                              SAC/LogPi_mean |            2.18 |
|                                 SAC/Q1_mean |            25.4 |
|                                 SAC/Q2_mean |            25.4 |
|                            Norm/actor_model |             104 |
|                           Norm/critic_model |             130 |
|              Norm/state_action_metric_model |            47.7 |
|                     Norm/state_metric_model |            46.4 |
|        Norm/state_action_state_metric_model |            49.5 |
|                  Metric/self_state_distance |        0.000337 |
|                 Metric/cross_state_distance |           0.966 |
|           Metric/self_state_action_distance |         0.00167 |
|          Metric/cross_state_action_distance |           0.958 |
|             Metric/avg_self_state_asymmetry |               0 |
|            Metric/avg_cross_state_asymmetry |         0.00106 |
|                Metric/avg_self_sa_asymmetry |               0 |
|               Metric/avg_cross_sa_asymmetry |         0.00124 |
|  Metric/self_state_action_to_state_distance |        0.000807 |
| Metric/cross_state_action_to_state_distance |           0.957 |
|                   Metric/h_lambda_diff_self |         0.00127 |
|                  Metric/h_lambda_diff_cross |         0.00237 |
|                                 Eval/Return |             289 |
-----------------------------------------------------------------
-----------------------------------------------------------------
|                                 Train/Steps |        1.29e+06 |
|                            Loss/Loss_critic |          0.0823 |
|                             Loss/Loss_actor |           -25.5 |
|                             Loss/Loss_alpha |        0.000647 |
|               Loss/Loss_state_action_metric |         0.00187 |
|                      Loss/Loss_state_metric |        0.000886 |
|             Loss/Loss_state_action_to_state |        5.32e-06 |
|                           Loss/Act_rep_loss |          0.0435 |
|                                   SAC/Alpha |         0.00394 |
|                              SAC/LogPi_mean |            2.12 |
|                                 SAC/Q1_mean |            25.4 |
|                                 SAC/Q2_mean |            25.5 |
|                            Norm/actor_model |             109 |
|                           Norm/critic_model |             136 |
|              Norm/state_action_metric_model |            50.3 |
|                     Norm/state_metric_model |            49.1 |
|        Norm/state_action_state_metric_model |            51.7 |
|                  Metric/self_state_distance |        0.000408 |
|                 Metric/cross_state_distance |           0.965 |
|           Metric/self_state_action_distance |         0.00105 |
|          Metric/cross_state_action_distance |           0.957 |
|             Metric/avg_self_state_asymmetry |               0 |
|            Metric/avg_cross_state_asymmetry |        0.000773 |
|                Metric/avg_self_sa_asymmetry |               0 |
|               Metric/avg_cross_sa_asymmetry |         0.00113 |
|  Metric/self_state_action_to_state_distance |        0.000193 |
| Metric/cross_state_action_to_state_distance |           0.958 |
|                   Metric/h_lambda_diff_self |        0.000966 |
|                  Metric/h_lambda_diff_cross |         0.00196 |
|                                 Eval/Return |             341 |
-----------------------------------------------------------------
-----------------------------------------------------------------
|                                 Train/Steps |        1.42e+06 |
|                            Loss/Loss_critic |          0.0636 |
|                             Loss/Loss_actor |           -30.8 |
|                             Loss/Loss_alpha |       -9.91e-05 |
|               Loss/Loss_state_action_metric |         0.00314 |
|                      Loss/Loss_state_metric |         0.00172 |
|             Loss/Loss_state_action_to_state |        5.74e-06 |
|                           Loss/Act_rep_loss |          0.0364 |
|                                   SAC/Alpha |         0.00405 |
|                              SAC/LogPi_mean |            2.57 |
|                                 SAC/Q1_mean |            30.9 |
|                                 SAC/Q2_mean |            30.8 |
|                            Norm/actor_model |             113 |
|                           Norm/critic_model |             141 |
|              Norm/state_action_metric_model |              53 |
|                     Norm/state_metric_model |            51.4 |
|        Norm/state_action_state_metric_model |            54.1 |
|                  Metric/self_state_distance |        0.000535 |
|                 Metric/cross_state_distance |           0.976 |
|           Metric/self_state_action_distance |        0.000577 |
|          Metric/cross_state_action_distance |           0.972 |
|             Metric/avg_self_state_asymmetry |               0 |
|            Metric/avg_cross_state_asymmetry |        0.000914 |
|                Metric/avg_self_sa_asymmetry |               0 |
|               Metric/avg_cross_sa_asymmetry |         0.00117 |
|  Metric/self_state_action_to_state_distance |        0.000452 |
| Metric/cross_state_action_to_state_distance |           0.971 |
|                   Metric/h_lambda_diff_self |        0.000569 |
|                  Metric/h_lambda_diff_cross |          0.0027 |
|                                 Eval/Return |             368 |
-----------------------------------------------------------------
-----------------------------------------------------------------
|                                 Train/Steps |        1.54e+06 |
|                            Loss/Loss_critic |           0.108 |
|                             Loss/Loss_actor |           -28.5 |
|                             Loss/Loss_alpha |        0.000529 |
|               Loss/Loss_state_action_metric |         0.00236 |
|                      Loss/Loss_state_metric |        0.000871 |
|             Loss/Loss_state_action_to_state |        5.54e-06 |
|                           Loss/Act_rep_loss |          0.0384 |
|                                   SAC/Alpha |         0.00363 |
|                              SAC/LogPi_mean |            2.43 |
|                                 SAC/Q1_mean |            28.5 |
|                                 SAC/Q2_mean |            28.5 |
|                            Norm/actor_model |             117 |
|                           Norm/critic_model |             145 |
|              Norm/state_action_metric_model |            55.6 |
|                     Norm/state_metric_model |            53.8 |
|        Norm/state_action_state_metric_model |            56.9 |
|                  Metric/self_state_distance |        0.000149 |
|                 Metric/cross_state_distance |           0.976 |
|           Metric/self_state_action_distance |         0.00221 |
|          Metric/cross_state_action_distance |           0.971 |
|             Metric/avg_self_state_asymmetry |               0 |
|            Metric/avg_cross_state_asymmetry |         0.00102 |
|                Metric/avg_self_sa_asymmetry |               0 |
|               Metric/avg_cross_sa_asymmetry |         0.00172 |
|  Metric/self_state_action_to_state_distance |        0.000898 |
| Metric/cross_state_action_to_state_distance |           0.971 |
|                   Metric/h_lambda_diff_self |          0.0019 |
|                  Metric/h_lambda_diff_cross |         0.00182 |
|                                 Eval/Return |             336 |
-----------------------------------------------------------------
-----------------------------------------------------------------
|                                 Train/Steps |        1.67e+06 |
|                            Loss/Loss_critic |          0.0814 |
|                             Loss/Loss_actor |           -33.8 |
|                             Loss/Loss_alpha |        -0.00108 |
|               Loss/Loss_state_action_metric |         0.00226 |
|                      Loss/Loss_state_metric |        0.000817 |
|             Loss/Loss_state_action_to_state |        3.85e-06 |
|                           Loss/Act_rep_loss |          0.0325 |
|                                   SAC/Alpha |         0.00365 |
|                              SAC/LogPi_mean |            2.69 |
|                                 SAC/Q1_mean |            33.8 |
|                                 SAC/Q2_mean |            33.7 |
|                            Norm/actor_model |             121 |
|                           Norm/critic_model |             150 |
|              Norm/state_action_metric_model |            58.2 |
|                     Norm/state_metric_model |            56.1 |
|        Norm/state_action_state_metric_model |              59 |
|                  Metric/self_state_distance |        0.000228 |
|                 Metric/cross_state_distance |           0.986 |
|           Metric/self_state_action_distance |         0.00065 |
|          Metric/cross_state_action_distance |           0.982 |
|             Metric/avg_self_state_asymmetry |               0 |
|            Metric/avg_cross_state_asymmetry |        0.000669 |
|                Metric/avg_self_sa_asymmetry |               0 |
|               Metric/avg_cross_sa_asymmetry |          0.0011 |
|  Metric/self_state_action_to_state_distance |        0.000429 |
| Metric/cross_state_action_to_state_distance |           0.983 |
|                   Metric/h_lambda_diff_self |        0.000462 |
|                  Metric/h_lambda_diff_cross |         0.00217 |
|                                 Eval/Return |             378 |
-----------------------------------------------------------------
-----------------------------------------------------------------
|                                 Train/Steps |         1.8e+06 |
|                            Loss/Loss_critic |          0.0541 |
|                             Loss/Loss_actor |           -32.8 |
|                             Loss/Loss_alpha |       -0.000131 |
|               Loss/Loss_state_action_metric |          0.0022 |
|                      Loss/Loss_state_metric |        0.000774 |
|             Loss/Loss_state_action_to_state |        3.45e-06 |
|                           Loss/Act_rep_loss |          0.0336 |
|                                   SAC/Alpha |         0.00359 |
|                              SAC/LogPi_mean |            2.55 |
|                                 SAC/Q1_mean |            32.8 |
|                                 SAC/Q2_mean |            32.8 |
|                            Norm/actor_model |             125 |
|                           Norm/critic_model |             154 |
|              Norm/state_action_metric_model |            60.3 |
|                     Norm/state_metric_model |            57.7 |
|        Norm/state_action_state_metric_model |            61.1 |
|                  Metric/self_state_distance |        0.000293 |
|                 Metric/cross_state_distance |           0.983 |
|           Metric/self_state_action_distance |        0.000497 |
|          Metric/cross_state_action_distance |           0.981 |
|             Metric/avg_self_state_asymmetry |               0 |
|            Metric/avg_cross_state_asymmetry |        0.000791 |
|                Metric/avg_self_sa_asymmetry |               0 |
|               Metric/avg_cross_sa_asymmetry |         0.00107 |
|  Metric/self_state_action_to_state_distance |        0.000185 |
| Metric/cross_state_action_to_state_distance |           0.979 |
|                   Metric/h_lambda_diff_self |        0.000388 |
|                  Metric/h_lambda_diff_cross |         0.00228 |
|                                 Eval/Return |             440 |
-----------------------------------------------------------------
-----------------------------------------------------------------
|                                 Train/Steps |        1.93e+06 |
|                            Loss/Loss_critic |           0.047 |
|                             Loss/Loss_actor |           -35.5 |
|                             Loss/Loss_alpha |         -0.0014 |
|               Loss/Loss_state_action_metric |         0.00261 |
|                      Loss/Loss_state_metric |        0.000822 |
|             Loss/Loss_state_action_to_state |        3.53e-06 |
|                           Loss/Act_rep_loss |          0.0295 |
|                                   SAC/Alpha |         0.00335 |
|                              SAC/LogPi_mean |            3.06 |
|                                 SAC/Q1_mean |            35.5 |
|                                 SAC/Q2_mean |            35.5 |
|                            Norm/actor_model |             128 |
|                           Norm/critic_model |             159 |
|              Norm/state_action_metric_model |            61.9 |
|                     Norm/state_metric_model |            60.3 |
|        Norm/state_action_state_metric_model |              63 |
|                  Metric/self_state_distance |        0.000413 |
|                 Metric/cross_state_distance |           0.992 |
|           Metric/self_state_action_distance |        0.000503 |
|          Metric/cross_state_action_distance |           0.991 |
|             Metric/avg_self_state_asymmetry |               0 |
|            Metric/avg_cross_state_asymmetry |        0.000689 |
|                Metric/avg_self_sa_asymmetry |               0 |
|               Metric/avg_cross_sa_asymmetry |         0.00101 |
|  Metric/self_state_action_to_state_distance |        0.000331 |
| Metric/cross_state_action_to_state_distance |           0.991 |
|                   Metric/h_lambda_diff_self |        0.000368 |
|                  Metric/h_lambda_diff_cross |         0.00155 |
|                                 Eval/Return |             458 |
-----------------------------------------------------------------
-----------------------------------------------------------------
|                                 Train/Steps |        2.06e+06 |
|                            Loss/Loss_critic |          0.0588 |
|                             Loss/Loss_actor |           -36.6 |
|                             Loss/Loss_alpha |       -0.000233 |
|               Loss/Loss_state_action_metric |          0.0026 |
|                      Loss/Loss_state_metric |        0.000767 |
|             Loss/Loss_state_action_to_state |        5.64e-06 |
|                           Loss/Act_rep_loss |          0.0275 |
|                                   SAC/Alpha |          0.0035 |
|                              SAC/LogPi_mean |            2.65 |
|                                 SAC/Q1_mean |            36.6 |
|                                 SAC/Q2_mean |            36.7 |
|                            Norm/actor_model |             132 |
|                           Norm/critic_model |             163 |
|              Norm/state_action_metric_model |            64.9 |
|                     Norm/state_metric_model |            61.7 |
|        Norm/state_action_state_metric_model |            65.3 |
|                  Metric/self_state_distance |        0.000173 |
|                 Metric/cross_state_distance |           0.996 |
|           Metric/self_state_action_distance |        0.000618 |
|          Metric/cross_state_action_distance |           0.995 |
|             Metric/avg_self_state_asymmetry |               0 |
|            Metric/avg_cross_state_asymmetry |        0.000743 |
|                Metric/avg_self_sa_asymmetry |               0 |
|               Metric/avg_cross_sa_asymmetry |         0.00108 |
|  Metric/self_state_action_to_state_distance |        0.000271 |
| Metric/cross_state_action_to_state_distance |           0.995 |
|                   Metric/h_lambda_diff_self |        0.000595 |
|                  Metric/h_lambda_diff_cross |         0.00181 |
|                                 Eval/Return |             444 |
-----------------------------------------------------------------
[32mSaving model …[0m
[32mDone.[0m
[32mSaving model …[0m
[32mDone.[0m
-----------------------------------------------------------------
|                                 Train/Steps |        2.18e+06 |
|                            Loss/Loss_critic |          0.0514 |
|                             Loss/Loss_actor |           -32.8 |
|                             Loss/Loss_alpha |        0.000473 |
|               Loss/Loss_state_action_metric |         0.00234 |
|                      Loss/Loss_state_metric |        0.000734 |
|             Loss/Loss_state_action_to_state |        4.05e-06 |
|                           Loss/Act_rep_loss |          0.0271 |
|                                   SAC/Alpha |         0.00335 |
|                              SAC/LogPi_mean |             2.5 |
|                                 SAC/Q1_mean |            32.8 |
|                                 SAC/Q2_mean |            32.8 |
|                            Norm/actor_model |             136 |
|                           Norm/critic_model |             167 |
|              Norm/state_action_metric_model |            67.9 |
|                     Norm/state_metric_model |            63.9 |
|        Norm/state_action_state_metric_model |            67.4 |
|                  Metric/self_state_distance |        0.000537 |
|                 Metric/cross_state_distance |           0.991 |
|           Metric/self_state_action_distance |        0.000983 |
|          Metric/cross_state_action_distance |           0.986 |
|             Metric/avg_self_state_asymmetry |               0 |
|            Metric/avg_cross_state_asymmetry |        0.000712 |
|                Metric/avg_self_sa_asymmetry |               0 |
|               Metric/avg_cross_sa_asymmetry |        0.000993 |
|  Metric/self_state_action_to_state_distance |        0.000296 |
| Metric/cross_state_action_to_state_distance |           0.986 |
|                   Metric/h_lambda_diff_self |         0.00101 |
|                  Metric/h_lambda_diff_cross |         0.00193 |
|                                 Eval/Return |             382 |
-----------------------------------------------------------------
-----------------------------------------------------------------
|                                 Train/Steps |        2.31e+06 |
|                            Loss/Loss_critic |          0.0366 |
|                             Loss/Loss_actor |           -38.3 |
|                             Loss/Loss_alpha |       -0.000947 |
|               Loss/Loss_state_action_metric |         0.00242 |
|                      Loss/Loss_state_metric |        0.000699 |
|             Loss/Loss_state_action_to_state |        6.66e-06 |
|                           Loss/Act_rep_loss |           0.026 |
|                                   SAC/Alpha |         0.00332 |
|                              SAC/LogPi_mean |            2.65 |
|                                 SAC/Q1_mean |            38.4 |
|                                 SAC/Q2_mean |            38.3 |
|                            Norm/actor_model |             139 |
|                           Norm/critic_model |             171 |
|              Norm/state_action_metric_model |            69.8 |
|                     Norm/state_metric_model |            65.7 |
|        Norm/state_action_state_metric_model |            68.5 |
|                  Metric/self_state_distance |        8.69e-05 |
|                 Metric/cross_state_distance |           0.995 |
|           Metric/self_state_action_distance |        0.000574 |
|          Metric/cross_state_action_distance |           0.993 |
|             Metric/avg_self_state_asymmetry |               0 |
|            Metric/avg_cross_state_asymmetry |        0.000673 |
|                Metric/avg_self_sa_asymmetry |               0 |
|               Metric/avg_cross_sa_asymmetry |        0.000876 |
|  Metric/self_state_action_to_state_distance |        0.000371 |
| Metric/cross_state_action_to_state_distance |           0.994 |
|                   Metric/h_lambda_diff_self |        0.000517 |
|                  Metric/h_lambda_diff_cross |           0.002 |
|                                 Eval/Return |             476 |
-----------------------------------------------------------------
-----------------------------------------------------------------
|                                 Train/Steps |        2.44e+06 |
|                            Loss/Loss_critic |          0.0697 |
|                             Loss/Loss_actor |           -37.5 |
|                             Loss/Loss_alpha |       -2.74e-05 |
|               Loss/Loss_state_action_metric |         0.00217 |
|                      Loss/Loss_state_metric |        0.000628 |
|             Loss/Loss_state_action_to_state |        2.04e-06 |
|                           Loss/Act_rep_loss |          0.0261 |
|                                   SAC/Alpha |         0.00349 |
|                              SAC/LogPi_mean |            2.56 |
|                                 SAC/Q1_mean |            37.5 |
|                                 SAC/Q2_mean |            37.5 |
|                            Norm/actor_model |             143 |
|                           Norm/critic_model |             174 |
|              Norm/state_action_metric_model |            72.1 |
|                     Norm/state_metric_model |            67.9 |
|        Norm/state_action_state_metric_model |            70.4 |
|                  Metric/self_state_distance |        0.000225 |
|                 Metric/cross_state_distance |           0.993 |
|           Metric/self_state_action_distance |        0.000485 |
|          Metric/cross_state_action_distance |           0.991 |
|             Metric/avg_self_state_asymmetry |               0 |
|            Metric/avg_cross_state_asymmetry |        0.000577 |
|                Metric/avg_self_sa_asymmetry |               0 |
|               Metric/avg_cross_sa_asymmetry |        0.000778 |
|  Metric/self_state_action_to_state_distance |        0.000217 |
| Metric/cross_state_action_to_state_distance |           0.991 |
|                   Metric/h_lambda_diff_self |        0.000483 |
|                  Metric/h_lambda_diff_cross |         0.00126 |
|                                 Eval/Return |             414 |
-----------------------------------------------------------------
-----------------------------------------------------------------
|                                 Train/Steps |        2.57e+06 |
|                            Loss/Loss_critic |          0.0525 |
|                             Loss/Loss_actor |           -38.5 |
|                             Loss/Loss_alpha |       -0.000363 |
|               Loss/Loss_state_action_metric |         0.00263 |
|                      Loss/Loss_state_metric |        0.000649 |
|             Loss/Loss_state_action_to_state |        3.13e-06 |
|                           Loss/Act_rep_loss |          0.0245 |
|                                   SAC/Alpha |         0.00334 |
|                              SAC/LogPi_mean |            2.63 |
|                                 SAC/Q1_mean |            38.5 |
|                                 SAC/Q2_mean |            38.5 |
|                            Norm/actor_model |             146 |
|                           Norm/critic_model |             178 |
|              Norm/state_action_metric_model |            74.6 |
|                     Norm/state_metric_model |            69.9 |
|        Norm/state_action_state_metric_model |            72.3 |
|                  Metric/self_state_distance |        0.000165 |
|                 Metric/cross_state_distance |           0.998 |
|           Metric/self_state_action_distance |        0.000567 |
|          Metric/cross_state_action_distance |           0.997 |
|             Metric/avg_self_state_asymmetry |               0 |
|            Metric/avg_cross_state_asymmetry |        0.000619 |
|                Metric/avg_self_sa_asymmetry |               0 |
|               Metric/avg_cross_sa_asymmetry |        0.000752 |
|  Metric/self_state_action_to_state_distance |        0.000128 |
| Metric/cross_state_action_to_state_distance |           0.997 |
|                   Metric/h_lambda_diff_self |         0.00052 |
|                  Metric/h_lambda_diff_cross |         0.00201 |
|                                 Eval/Return |             423 |
-----------------------------------------------------------------
-----------------------------------------------------------------
|                                 Train/Steps |         2.7e+06 |
|                            Loss/Loss_critic |          0.0436 |
|                             Loss/Loss_actor |           -39.5 |
|                             Loss/Loss_alpha |        0.000723 |
|               Loss/Loss_state_action_metric |         0.00236 |
|                      Loss/Loss_state_metric |        0.000612 |
|             Loss/Loss_state_action_to_state |        4.55e-06 |
|                           Loss/Act_rep_loss |          0.0238 |
|                                   SAC/Alpha |         0.00326 |
|                              SAC/LogPi_mean |            2.17 |
|                                 SAC/Q1_mean |            39.6 |
|                                 SAC/Q2_mean |            39.5 |
|                            Norm/actor_model |             149 |
|                           Norm/critic_model |             182 |
|              Norm/state_action_metric_model |            76.5 |
|                     Norm/state_metric_model |            71.3 |
|        Norm/state_action_state_metric_model |            73.5 |
|                  Metric/self_state_distance |        0.000238 |
|                 Metric/cross_state_distance |           0.997 |
|           Metric/self_state_action_distance |        0.000639 |
|          Metric/cross_state_action_distance |           0.998 |
|             Metric/avg_self_state_asymmetry |               0 |
|            Metric/avg_cross_state_asymmetry |         0.00064 |
|                Metric/avg_self_sa_asymmetry |               0 |
|               Metric/avg_cross_sa_asymmetry |        0.000707 |
|  Metric/self_state_action_to_state_distance |        9.41e-05 |
| Metric/cross_state_action_to_state_distance |           0.997 |
|                   Metric/h_lambda_diff_self |        0.000564 |
|                  Metric/h_lambda_diff_cross |         0.00169 |
|                                 Eval/Return |             444 |
-----------------------------------------------------------------
-----------------------------------------------------------------
|                                 Train/Steps |        2.82e+06 |
|                            Loss/Loss_critic |          0.0411 |
|                             Loss/Loss_actor |             -40 |
|                             Loss/Loss_alpha |         0.00218 |
|               Loss/Loss_state_action_metric |         0.00262 |
|                      Loss/Loss_state_metric |        0.000606 |
|             Loss/Loss_state_action_to_state |        2.08e-06 |
|                           Loss/Act_rep_loss |          0.0217 |
|                                   SAC/Alpha |         0.00347 |
|                              SAC/LogPi_mean |            1.76 |
|                                 SAC/Q1_mean |              40 |
|                                 SAC/Q2_mean |              40 |
|                            Norm/actor_model |             152 |
|                           Norm/critic_model |             185 |
|              Norm/state_action_metric_model |            78.3 |
|                     Norm/state_metric_model |            73.3 |
|        Norm/state_action_state_metric_model |            75.5 |
|                  Metric/self_state_distance |        0.000321 |
|                 Metric/cross_state_distance |               1 |
|           Metric/self_state_action_distance |        0.000398 |
|          Metric/cross_state_action_distance |               1 |
|             Metric/avg_self_state_asymmetry |               0 |
|            Metric/avg_cross_state_asymmetry |        0.000456 |
|                Metric/avg_self_sa_asymmetry |               0 |
|               Metric/avg_cross_sa_asymmetry |        0.000843 |
|  Metric/self_state_action_to_state_distance |        0.000149 |
| Metric/cross_state_action_to_state_distance |               1 |
|                   Metric/h_lambda_diff_self |        0.000366 |
|                  Metric/h_lambda_diff_cross |         0.00126 |
|                                 Eval/Return |             376 |
-----------------------------------------------------------------
-----------------------------------------------------------------
|                                 Train/Steps |        2.95e+06 |
|                            Loss/Loss_critic |          0.0409 |
|                             Loss/Loss_actor |             -36 |
|                             Loss/Loss_alpha |       -0.000977 |
|               Loss/Loss_state_action_metric |         0.00231 |
|                      Loss/Loss_state_metric |        0.000517 |
|             Loss/Loss_state_action_to_state |        2.17e-06 |
|                           Loss/Act_rep_loss |          0.0227 |
|                                   SAC/Alpha |         0.00324 |
|                              SAC/LogPi_mean |            2.72 |
|                                 SAC/Q1_mean |              36 |
|                                 SAC/Q2_mean |            36.1 |
|                            Norm/actor_model |             155 |
|                           Norm/critic_model |             188 |
|              Norm/state_action_metric_model |              80 |
|                     Norm/state_metric_model |            75.3 |
|        Norm/state_action_state_metric_model |            77.1 |
|                  Metric/self_state_distance |        0.000134 |
|                 Metric/cross_state_distance |           0.996 |
|           Metric/self_state_action_distance |        0.000478 |
|          Metric/cross_state_action_distance |           0.994 |
|             Metric/avg_self_state_asymmetry |               0 |
|            Metric/avg_cross_state_asymmetry |        0.000591 |
|                Metric/avg_self_sa_asymmetry |               0 |
|               Metric/avg_cross_sa_asymmetry |        0.000776 |
|  Metric/self_state_action_to_state_distance |        0.000143 |
| Metric/cross_state_action_to_state_distance |           0.995 |
|                   Metric/h_lambda_diff_self |        0.000419 |
|                  Metric/h_lambda_diff_cross |         0.00177 |
|                                 Eval/Return |             359 |
-----------------------------------------------------------------
-----------------------------------------------------------------
|                                 Train/Steps |        3.08e+06 |
|                            Loss/Loss_critic |          0.0344 |
|                             Loss/Loss_actor |           -41.3 |
|                             Loss/Loss_alpha |        0.000756 |
|               Loss/Loss_state_action_metric |         0.00261 |
|                      Loss/Loss_state_metric |        0.000569 |
|             Loss/Loss_state_action_to_state |        1.49e-06 |
|                           Loss/Act_rep_loss |           0.019 |
|                                   SAC/Alpha |          0.0032 |
|                              SAC/LogPi_mean |            2.33 |
|                                 SAC/Q1_mean |            41.3 |
|                                 SAC/Q2_mean |            41.3 |
|                            Norm/actor_model |             158 |
|                           Norm/critic_model |             192 |
|              Norm/state_action_metric_model |            81.7 |
|                     Norm/state_metric_model |              77 |
|        Norm/state_action_state_metric_model |            78.4 |
|                  Metric/self_state_distance |         0.00038 |
|                 Metric/cross_state_distance |            1.01 |
|           Metric/self_state_action_distance |        0.000528 |
|          Metric/cross_state_action_distance |            1.01 |
|             Metric/avg_self_state_asymmetry |               0 |
|            Metric/avg_cross_state_asymmetry |        0.000482 |
|                Metric/avg_self_sa_asymmetry |               0 |
|               Metric/avg_cross_sa_asymmetry |        0.000659 |
|  Metric/self_state_action_to_state_distance |        6.46e-05 |
| Metric/cross_state_action_to_state_distance |            1.01 |
|                   Metric/h_lambda_diff_self |        0.000489 |
|                  Metric/h_lambda_diff_cross |         0.00114 |
|                                 Eval/Return |             490 |
-----------------------------------------------------------------
[32mSaving model …[0m
[32mDone.[0m
[32mSaving model …[0m
[32mDone.[0m
-----------------------------------------------------------------
|                                 Train/Steps |        3.21e+06 |
|                            Loss/Loss_critic |          0.0296 |
|                             Loss/Loss_actor |           -36.2 |
|                             Loss/Loss_alpha |         0.00107 |
|               Loss/Loss_state_action_metric |         0.00237 |
|                      Loss/Loss_state_metric |        0.000517 |
|             Loss/Loss_state_action_to_state |        1.64e-06 |
|                           Loss/Act_rep_loss |          0.0219 |
|                                   SAC/Alpha |         0.00346 |
|                              SAC/LogPi_mean |            2.14 |
|                                 SAC/Q1_mean |            36.2 |
|                                 SAC/Q2_mean |            36.2 |
|                            Norm/actor_model |             161 |
|                           Norm/critic_model |             195 |
|              Norm/state_action_metric_model |            83.8 |
|                     Norm/state_metric_model |            78.6 |
|        Norm/state_action_state_metric_model |            80.3 |
|                  Metric/self_state_distance |        0.000237 |
|                 Metric/cross_state_distance |           0.997 |
|           Metric/self_state_action_distance |        0.000581 |
|          Metric/cross_state_action_distance |           0.997 |
|             Metric/avg_self_state_asymmetry |               0 |
|            Metric/avg_cross_state_asymmetry |        0.000451 |
|                Metric/avg_self_sa_asymmetry |               0 |
|               Metric/avg_cross_sa_asymmetry |        0.000718 |
|  Metric/self_state_action_to_state_distance |        0.000223 |
| Metric/cross_state_action_to_state_distance |           0.997 |
|                   Metric/h_lambda_diff_self |        0.000558 |
|                  Metric/h_lambda_diff_cross |         0.00113 |
|                                 Eval/Return |             414 |
-----------------------------------------------------------------
-----------------------------------------------------------------
|                                 Train/Steps |        3.34e+06 |
|                            Loss/Loss_critic |          0.0314 |
|                             Loss/Loss_actor |           -39.7 |
|                             Loss/Loss_alpha |         0.00222 |
|               Loss/Loss_state_action_metric |         0.00243 |
|                      Loss/Loss_state_metric |        0.000481 |
|             Loss/Loss_state_action_to_state |        1.12e-06 |
|                           Loss/Act_rep_loss |          0.0198 |
|                                   SAC/Alpha |         0.00338 |
|                              SAC/LogPi_mean |            1.89 |
|                                 SAC/Q1_mean |            39.8 |
|                                 SAC/Q2_mean |            39.8 |
|                            Norm/actor_model |             163 |
|                           Norm/critic_model |             198 |
|              Norm/state_action_metric_model |            85.7 |
|                     Norm/state_metric_model |            80.2 |
|        Norm/state_action_state_metric_model |            81.4 |
|                  Metric/self_state_distance |        0.000328 |
|                 Metric/cross_state_distance |               1 |
|           Metric/self_state_action_distance |        0.000589 |
|          Metric/cross_state_action_distance |               1 |
|             Metric/avg_self_state_asymmetry |               0 |
|            Metric/avg_cross_state_asymmetry |        0.000374 |
|                Metric/avg_self_sa_asymmetry |               0 |
|               Metric/avg_cross_sa_asymmetry |        0.000696 |
|  Metric/self_state_action_to_state_distance |        0.000266 |
| Metric/cross_state_action_to_state_distance |               1 |
|                   Metric/h_lambda_diff_self |        0.000507 |
|                  Metric/h_lambda_diff_cross |         0.00155 |
|                                 Eval/Return |             416 |
-----------------------------------------------------------------
-----------------------------------------------------------------
|                                 Train/Steps |        3.46e+06 |
|                            Loss/Loss_critic |          0.0356 |
|                             Loss/Loss_actor |             -39 |
|                             Loss/Loss_alpha |        0.000719 |
|               Loss/Loss_state_action_metric |         0.00259 |
|                      Loss/Loss_state_metric |        0.000509 |
|             Loss/Loss_state_action_to_state |        1.55e-06 |
|                           Loss/Act_rep_loss |          0.0186 |
|                                   SAC/Alpha |         0.00304 |
|                              SAC/LogPi_mean |            2.35 |
|                                 SAC/Q1_mean |              39 |
|                                 SAC/Q2_mean |            39.1 |
|                            Norm/actor_model |             166 |
|                           Norm/critic_model |             201 |
|              Norm/state_action_metric_model |            88.2 |
|                     Norm/state_metric_model |            81.1 |
|        Norm/state_action_state_metric_model |            82.7 |
|                  Metric/self_state_distance |        0.000279 |
|                 Metric/cross_state_distance |               1 |
|           Metric/self_state_action_distance |        0.000302 |
|          Metric/cross_state_action_distance |            1.01 |
|             Metric/avg_self_state_asymmetry |               0 |
|            Metric/avg_cross_state_asymmetry |        0.000451 |
|                Metric/avg_self_sa_asymmetry |               0 |
|               Metric/avg_cross_sa_asymmetry |         0.00069 |
|  Metric/self_state_action_to_state_distance |        0.000123 |
| Metric/cross_state_action_to_state_distance |               1 |
|                   Metric/h_lambda_diff_self |         0.00028 |
|                  Metric/h_lambda_diff_cross |         0.00108 |
|                                 Eval/Return |             461 |
-----------------------------------------------------------------
-----------------------------------------------------------------
|                                 Train/Steps |        3.59e+06 |
|                            Loss/Loss_critic |          0.0458 |
|                             Loss/Loss_actor |           -40.1 |
|                             Loss/Loss_alpha |        -0.00248 |
|               Loss/Loss_state_action_metric |         0.00253 |
|                      Loss/Loss_state_metric |        0.000476 |
|             Loss/Loss_state_action_to_state |        1.48e-06 |
|                           Loss/Act_rep_loss |          0.0173 |
|                                   SAC/Alpha |         0.00321 |
|                              SAC/LogPi_mean |            3.14 |
|                                 SAC/Q1_mean |            40.1 |
|                                 SAC/Q2_mean |            40.2 |
|                            Norm/actor_model |             168 |
|                           Norm/critic_model |             204 |
|              Norm/state_action_metric_model |            89.9 |
|                     Norm/state_metric_model |            82.8 |
|        Norm/state_action_state_metric_model |            84.5 |
|                  Metric/self_state_distance |        0.000179 |
|                 Metric/cross_state_distance |               1 |
|           Metric/self_state_action_distance |        0.000371 |
|          Metric/cross_state_action_distance |               1 |
|             Metric/avg_self_state_asymmetry |               0 |
|            Metric/avg_cross_state_asymmetry |        0.000533 |
|                Metric/avg_self_sa_asymmetry |               0 |
|               Metric/avg_cross_sa_asymmetry |        0.000661 |
|  Metric/self_state_action_to_state_distance |        0.000151 |
| Metric/cross_state_action_to_state_distance |            1.01 |
|                   Metric/h_lambda_diff_self |        0.000329 |
|                  Metric/h_lambda_diff_cross |         0.00184 |
|                                 Eval/Return |             425 |
-----------------------------------------------------------------
-----------------------------------------------------------------
|                                 Train/Steps |        3.72e+06 |
|                            Loss/Loss_critic |          0.0315 |
|                             Loss/Loss_actor |           -42.1 |
|                             Loss/Loss_alpha |        0.000969 |
|               Loss/Loss_state_action_metric |         0.00262 |
|                      Loss/Loss_state_metric |         0.00049 |
|             Loss/Loss_state_action_to_state |        1.36e-06 |
|                           Loss/Act_rep_loss |          0.0166 |
|                                   SAC/Alpha |          0.0034 |
|                              SAC/LogPi_mean |            2.44 |
|                                 SAC/Q1_mean |            42.2 |
|                                 SAC/Q2_mean |            42.2 |
|                            Norm/actor_model |             171 |
|                           Norm/critic_model |             207 |
|              Norm/state_action_metric_model |            91.6 |
|                     Norm/state_metric_model |            84.2 |
|        Norm/state_action_state_metric_model |            85.5 |
|                  Metric/self_state_distance |        0.000138 |
|                 Metric/cross_state_distance |            1.01 |
|           Metric/self_state_action_distance |        0.000378 |
|          Metric/cross_state_action_distance |            1.01 |
|             Metric/avg_self_state_asymmetry |               0 |
|            Metric/avg_cross_state_asymmetry |        0.000366 |
|                Metric/avg_self_sa_asymmetry |               0 |
|               Metric/avg_cross_sa_asymmetry |        0.000643 |
|  Metric/self_state_action_to_state_distance |        5.24e-05 |
| Metric/cross_state_action_to_state_distance |            1.01 |
|                   Metric/h_lambda_diff_self |        0.000336 |
|                  Metric/h_lambda_diff_cross |         0.00105 |
|                                 Eval/Return |             439 |
-----------------------------------------------------------------
-----------------------------------------------------------------
|                                 Train/Steps |        3.85e+06 |
|                            Loss/Loss_critic |          0.0299 |
|                             Loss/Loss_actor |           -45.4 |
|                             Loss/Loss_alpha |       -0.000556 |
|               Loss/Loss_state_action_metric |         0.00272 |
|                      Loss/Loss_state_metric |        0.000531 |
|             Loss/Loss_state_action_to_state |        1.73e-06 |
|                           Loss/Act_rep_loss |          0.0151 |
|                                   SAC/Alpha |         0.00326 |
|                              SAC/LogPi_mean |            2.63 |
|                                 SAC/Q1_mean |            45.4 |
|                                 SAC/Q2_mean |            45.4 |
|                            Norm/actor_model |             173 |
|                           Norm/critic_model |             210 |
|              Norm/state_action_metric_model |            93.6 |
|                     Norm/state_metric_model |              86 |
|        Norm/state_action_state_metric_model |            87.1 |
|                  Metric/self_state_distance |         0.00026 |
|                 Metric/cross_state_distance |            1.01 |
|           Metric/self_state_action_distance |        0.000554 |
|          Metric/cross_state_action_distance |            1.02 |
|             Metric/avg_self_state_asymmetry |               0 |
|            Metric/avg_cross_state_asymmetry |        0.000418 |
|                Metric/avg_self_sa_asymmetry |               0 |
|               Metric/avg_cross_sa_asymmetry |        0.000633 |
|  Metric/self_state_action_to_state_distance |        0.000161 |
| Metric/cross_state_action_to_state_distance |            1.01 |
|                   Metric/h_lambda_diff_self |        0.000526 |
|                  Metric/h_lambda_diff_cross |           0.002 |
|                                 Eval/Return |             467 |
-----------------------------------------------------------------
-----------------------------------------------------------------
|                                 Train/Steps |        3.98e+06 |
|                            Loss/Loss_critic |          0.0301 |
|                             Loss/Loss_actor |           -40.5 |
|                             Loss/Loss_alpha |       -0.000594 |
|               Loss/Loss_state_action_metric |         0.00242 |
|                      Loss/Loss_state_metric |        0.000446 |
|             Loss/Loss_state_action_to_state |        9.17e-07 |
|                           Loss/Act_rep_loss |          0.0174 |
|                                   SAC/Alpha |         0.00339 |
|                              SAC/LogPi_mean |            2.65 |
|                                 SAC/Q1_mean |            40.5 |
|                                 SAC/Q2_mean |            40.5 |
|                            Norm/actor_model |             176 |
|                           Norm/critic_model |             213 |
|              Norm/state_action_metric_model |            95.1 |
|                     Norm/state_metric_model |            87.2 |
|        Norm/state_action_state_metric_model |            88.8 |
|                  Metric/self_state_distance |        0.000162 |
|                 Metric/cross_state_distance |               1 |
|           Metric/self_state_action_distance |        0.000522 |
|          Metric/cross_state_action_distance |            1.01 |
|             Metric/avg_self_state_asymmetry |               0 |
|            Metric/avg_cross_state_asymmetry |         0.00043 |
|                Metric/avg_self_sa_asymmetry |               0 |
|               Metric/avg_cross_sa_asymmetry |        0.000571 |
|  Metric/self_state_action_to_state_distance |        0.000245 |
| Metric/cross_state_action_to_state_distance |               1 |
|                   Metric/h_lambda_diff_self |        0.000526 |
|                  Metric/h_lambda_diff_cross |         0.00118 |
|                                 Eval/Return |             479 |
-----------------------------------------------------------------
-----------------------------------------------------------------
|                                 Train/Steps |         4.1e+06 |
|                            Loss/Loss_critic |          0.0318 |
|                             Loss/Loss_actor |           -40.5 |
|                             Loss/Loss_alpha |       -0.000111 |
|               Loss/Loss_state_action_metric |         0.00252 |
|                      Loss/Loss_state_metric |        0.000407 |
|             Loss/Loss_state_action_to_state |        2.95e-06 |
|                           Loss/Act_rep_loss |          0.0157 |
|                                   SAC/Alpha |         0.00318 |
|                              SAC/LogPi_mean |            2.59 |
|                                 SAC/Q1_mean |            40.5 |
|                                 SAC/Q2_mean |            40.5 |
|                            Norm/actor_model |             178 |
|                           Norm/critic_model |             216 |
|              Norm/state_action_metric_model |            96.8 |
|                     Norm/state_metric_model |            89.1 |
|        Norm/state_action_state_metric_model |            89.6 |
|                  Metric/self_state_distance |         0.00027 |
|                 Metric/cross_state_distance |            1.01 |
|           Metric/self_state_action_distance |        0.000535 |
|          Metric/cross_state_action_distance |            1.01 |
|             Metric/avg_self_state_asymmetry |               0 |
|            Metric/avg_cross_state_asymmetry |        0.000387 |
|                Metric/avg_self_sa_asymmetry |               0 |
|               Metric/avg_cross_sa_asymmetry |        0.000556 |
|  Metric/self_state_action_to_state_distance |         0.00045 |
| Metric/cross_state_action_to_state_distance |            1.01 |
|                   Metric/h_lambda_diff_self |        0.000566 |
|                  Metric/h_lambda_diff_cross |         0.00253 |
|                                 Eval/Return |             407 |
-----------------------------------------------------------------
[32mSaving model …[0m
[32mDone.[0m
[32mSaving model …[0m
[32mDone.[0m
-----------------------------------------------------------------
|                                 Train/Steps |        4.23e+06 |
|                            Loss/Loss_critic |          0.0429 |
|                             Loss/Loss_actor |           -42.9 |
|                             Loss/Loss_alpha |         0.00231 |
|               Loss/Loss_state_action_metric |         0.00242 |
|                      Loss/Loss_state_metric |        0.000367 |
|             Loss/Loss_state_action_to_state |        1.03e-06 |
|                           Loss/Act_rep_loss |          0.0133 |
|                                   SAC/Alpha |         0.00336 |
|                              SAC/LogPi_mean |            1.66 |
|                                 SAC/Q1_mean |              43 |
|                                 SAC/Q2_mean |              43 |
|                            Norm/actor_model |             180 |
|                           Norm/critic_model |             219 |
|              Norm/state_action_metric_model |            98.3 |
|                     Norm/state_metric_model |              91 |
|        Norm/state_action_state_metric_model |            90.8 |
|                  Metric/self_state_distance |        0.000177 |
|                 Metric/cross_state_distance |            1.01 |
|           Metric/self_state_action_distance |        0.000255 |
|          Metric/cross_state_action_distance |            1.01 |
|             Metric/avg_self_state_asymmetry |               0 |
|            Metric/avg_cross_state_asymmetry |        0.000281 |
|                Metric/avg_self_sa_asymmetry |               0 |
|               Metric/avg_cross_sa_asymmetry |        0.000484 |
|  Metric/self_state_action_to_state_distance |        6.88e-05 |
| Metric/cross_state_action_to_state_distance |            1.01 |
|                   Metric/h_lambda_diff_self |         0.00023 |
|                  Metric/h_lambda_diff_cross |        0.000996 |
|                                 Eval/Return |             436 |
-----------------------------------------------------------------
-----------------------------------------------------------------
|                                 Train/Steps |        4.36e+06 |
|                            Loss/Loss_critic |          0.0225 |
|                             Loss/Loss_actor |             -45 |
|                             Loss/Loss_alpha |           0.001 |
|               Loss/Loss_state_action_metric |         0.00259 |
|                      Loss/Loss_state_metric |        0.000371 |
|             Loss/Loss_state_action_to_state |        1.67e-06 |
|                           Loss/Act_rep_loss |          0.0108 |
|                                   SAC/Alpha |         0.00301 |
|                              SAC/LogPi_mean |            2.13 |
|                                 SAC/Q1_mean |              45 |
|                                 SAC/Q2_mean |              45 |
|                            Norm/actor_model |             183 |
|                           Norm/critic_model |             221 |
|              Norm/state_action_metric_model |             100 |
|                     Norm/state_metric_model |              92 |
|        Norm/state_action_state_metric_model |            92.8 |
|                  Metric/self_state_distance |        0.000288 |
|                 Metric/cross_state_distance |            1.01 |
|           Metric/self_state_action_distance |        0.000328 |
|          Metric/cross_state_action_distance |            1.02 |
|             Metric/avg_self_state_asymmetry |               0 |
|            Metric/avg_cross_state_asymmetry |        0.000317 |
|                Metric/avg_self_sa_asymmetry |               0 |
|               Metric/avg_cross_sa_asymmetry |        0.000583 |
|  Metric/self_state_action_to_state_distance |        0.000483 |
| Metric/cross_state_action_to_state_distance |            1.02 |
|                   Metric/h_lambda_diff_self |        0.000507 |
|                  Metric/h_lambda_diff_cross |         0.00127 |
|                                 Eval/Return |             441 |
-----------------------------------------------------------------
-----------------------------------------------------------------
|                                 Train/Steps |        4.49e+06 |
|                            Loss/Loss_critic |          0.0182 |
|                             Loss/Loss_actor |           -45.3 |
|                             Loss/Loss_alpha |        0.000759 |
|               Loss/Loss_state_action_metric |         0.00271 |
|                      Loss/Loss_state_metric |        0.000358 |
|             Loss/Loss_state_action_to_state |        1.88e-06 |
|                           Loss/Act_rep_loss |         0.00976 |
|                                   SAC/Alpha |          0.0029 |
|                              SAC/LogPi_mean |            2.18 |
|                                 SAC/Q1_mean |            45.3 |
|                                 SAC/Q2_mean |            45.4 |
|                            Norm/actor_model |             185 |
|                           Norm/critic_model |             224 |
|              Norm/state_action_metric_model |             102 |
|                     Norm/state_metric_model |            93.3 |
|        Norm/state_action_state_metric_model |            93.8 |
|                  Metric/self_state_distance |        0.000101 |
|                 Metric/cross_state_distance |            1.01 |
|           Metric/self_state_action_distance |        0.000542 |
|          Metric/cross_state_action_distance |            1.02 |
|             Metric/avg_self_state_asymmetry |               0 |
|            Metric/avg_cross_state_asymmetry |         0.00045 |
|                Metric/avg_self_sa_asymmetry |               0 |
|               Metric/avg_cross_sa_asymmetry |        0.000506 |
|  Metric/self_state_action_to_state_distance |        0.000304 |
| Metric/cross_state_action_to_state_distance |            1.02 |
|                   Metric/h_lambda_diff_self |        0.000651 |
|                  Metric/h_lambda_diff_cross |        0.000835 |
|                                 Eval/Return |             487 |
-----------------------------------------------------------------
-----------------------------------------------------------------
|                                 Train/Steps |        4.62e+06 |
|                            Loss/Loss_critic |           0.027 |
|                             Loss/Loss_actor |           -48.2 |
|                             Loss/Loss_alpha |       -0.000288 |
|               Loss/Loss_state_action_metric |          0.0026 |
|                      Loss/Loss_state_metric |        0.000327 |
|             Loss/Loss_state_action_to_state |        7.03e-07 |
|                           Loss/Act_rep_loss |         0.00771 |
|                                   SAC/Alpha |         0.00283 |
|                              SAC/LogPi_mean |            2.73 |
|                                 SAC/Q1_mean |            48.3 |
|                                 SAC/Q2_mean |            48.3 |
|                            Norm/actor_model |             186 |
|                           Norm/critic_model |             226 |
|              Norm/state_action_metric_model |             103 |
|                     Norm/state_metric_model |            94.6 |
|        Norm/state_action_state_metric_model |            94.6 |
|                  Metric/self_state_distance |           6e-05 |
|                 Metric/cross_state_distance |            1.02 |
|           Metric/self_state_action_distance |        0.000258 |
|          Metric/cross_state_action_distance |            1.02 |
|             Metric/avg_self_state_asymmetry |               0 |
|            Metric/avg_cross_state_asymmetry |        0.000601 |
|                Metric/avg_self_sa_asymmetry |               0 |
|               Metric/avg_cross_sa_asymmetry |         0.00045 |
|  Metric/self_state_action_to_state_distance |        7.44e-05 |
| Metric/cross_state_action_to_state_distance |            1.02 |
|                   Metric/h_lambda_diff_self |        0.000228 |
|                  Metric/h_lambda_diff_cross |        0.000935 |
|                                 Eval/Return |             522 |
-----------------------------------------------------------------
-----------------------------------------------------------------
|                                 Train/Steps |        4.74e+06 |
|                            Loss/Loss_critic |          0.0205 |
|                             Loss/Loss_actor |             -47 |
|                             Loss/Loss_alpha |       -0.000868 |
|               Loss/Loss_state_action_metric |         0.00257 |
|                      Loss/Loss_state_metric |        0.000283 |
|             Loss/Loss_state_action_to_state |        5.54e-07 |
|                           Loss/Act_rep_loss |         0.00669 |
|                                   SAC/Alpha |         0.00256 |
|                              SAC/LogPi_mean |             2.9 |
|                                 SAC/Q1_mean |              47 |
|                                 SAC/Q2_mean |              47 |
|                            Norm/actor_model |             188 |
|                           Norm/critic_model |             228 |
|              Norm/state_action_metric_model |             105 |
|                     Norm/state_metric_model |            95.9 |
|        Norm/state_action_state_metric_model |            95.4 |
|                  Metric/self_state_distance |        0.000102 |
|                 Metric/cross_state_distance |            1.02 |
|           Metric/self_state_action_distance |        0.000199 |
|          Metric/cross_state_action_distance |            1.02 |
|             Metric/avg_self_state_asymmetry |               0 |
|            Metric/avg_cross_state_asymmetry |        0.000266 |
|                Metric/avg_self_sa_asymmetry |               0 |
|               Metric/avg_cross_sa_asymmetry |        0.000464 |
|  Metric/self_state_action_to_state_distance |        8.88e-05 |
| Metric/cross_state_action_to_state_distance |            1.02 |
|                   Metric/h_lambda_diff_self |        0.000198 |
|                  Metric/h_lambda_diff_cross |        0.000778 |
|                                 Eval/Return |             425 |
-----------------------------------------------------------------
-----------------------------------------------------------------
|                                 Train/Steps |        4.87e+06 |
|                            Loss/Loss_critic |          0.0177 |
|                             Loss/Loss_actor |           -49.7 |
|                             Loss/Loss_alpha |        -0.00154 |
|               Loss/Loss_state_action_metric |         0.00261 |
|                      Loss/Loss_state_metric |        0.000283 |
|             Loss/Loss_state_action_to_state |        7.36e-07 |
|                           Loss/Act_rep_loss |         0.00531 |
|                                   SAC/Alpha |         0.00271 |
|                              SAC/LogPi_mean |            3.05 |
|                                 SAC/Q1_mean |            49.8 |
|                                 SAC/Q2_mean |            49.7 |
|                            Norm/actor_model |             190 |
|                           Norm/critic_model |             230 |
|              Norm/state_action_metric_model |             107 |
|                     Norm/state_metric_model |            96.9 |
|        Norm/state_action_state_metric_model |            96.8 |
|                  Metric/self_state_distance |        5.09e-05 |
|                 Metric/cross_state_distance |            1.02 |
|           Metric/self_state_action_distance |        0.000663 |
|          Metric/cross_state_action_distance |            1.02 |
|             Metric/avg_self_state_asymmetry |               0 |
|            Metric/avg_cross_state_asymmetry |        0.000337 |
|                Metric/avg_self_sa_asymmetry |               0 |
|               Metric/avg_cross_sa_asymmetry |        0.000535 |
|  Metric/self_state_action_to_state_distance |        5.62e-05 |
| Metric/cross_state_action_to_state_distance |            1.02 |
|                   Metric/h_lambda_diff_self |        0.000623 |
|                  Metric/h_lambda_diff_cross |        0.000957 |
|                                 Eval/Return |             434 |
-----------------------------------------------------------------
-----------------------------------------------------------------
|                                 Train/Steps |           5e+06 |
|                            Loss/Loss_critic |          0.0193 |
|                             Loss/Loss_actor |           -50.3 |
|                             Loss/Loss_alpha |        -0.00123 |
|               Loss/Loss_state_action_metric |         0.00263 |
|                      Loss/Loss_state_metric |         0.00028 |
|             Loss/Loss_state_action_to_state |        9.44e-07 |
|                           Loss/Act_rep_loss |         0.00468 |
|                                   SAC/Alpha |         0.00274 |
|                              SAC/LogPi_mean |            2.98 |
|                                 SAC/Q1_mean |            50.3 |
|                                 SAC/Q2_mean |            50.3 |
|                            Norm/actor_model |             192 |
|                           Norm/critic_model |             232 |
|              Norm/state_action_metric_model |             108 |
|                     Norm/state_metric_model |            98.9 |
|        Norm/state_action_state_metric_model |            97.5 |
|                  Metric/self_state_distance |         0.00037 |
|                 Metric/cross_state_distance |            1.02 |
|           Metric/self_state_action_distance |        0.000256 |
|          Metric/cross_state_action_distance |            1.02 |
|             Metric/avg_self_state_asymmetry |               0 |
|            Metric/avg_cross_state_asymmetry |        0.000497 |
|                Metric/avg_self_sa_asymmetry |               0 |
|               Metric/avg_cross_sa_asymmetry |        0.000455 |
|  Metric/self_state_action_to_state_distance |        5.49e-05 |
| Metric/cross_state_action_to_state_distance |            1.02 |
|                   Metric/h_lambda_diff_self |        0.000237 |
|                  Metric/h_lambda_diff_cross |        0.000731 |
|                                 Eval/Return |             455 |
-----------------------------------------------------------------
[32mSaving model …[0m
[32mDone.[0m
[32mSaving model …[0m
[32mDone.[0m
