E0923 06:52:50.668008 3089346 cuda_executor.cc:1526] Could not get kernel mode driver version: (INVALID_ARGUMENT: Version does not match the format X.Y.Z)
E0923 06:52:50.676475 3089237 cuda_executor.cc:1526] Could not get kernel mode driver version: (INVALID_ARGUMENT: Version does not match the format X.Y.Z)
[32mStart prefilling replay buffer[0m
[32mStart SAC training[0m
[32m{'log_freq': 1000, 'save_freq': 1000000, 'eval_episode_freq': 10, 'hidden_size': 256, 'lr': 0.001, 'max_grad_norm': 0.0, 'gamma': 0.99, 'update_tau': 0.005, 'train_per_step': 8, 'episode_length': 1000, 'warmup_samples': 8192, 'max_replay_size': 4000000, 'batch_size': 512, 'total_env_steps': 5000000, 'init_temperature': 0.1, 'nstep': 3, 'bootstrap_on_truncation': True, 'rep_lr_scale': 1.5, 'vis_feq': 100000, 'n_vis_frames': 4, 'num_envs': 128, 'grad_steps': 50, 'transfer_freq': 10, 'transfer_steps': 8, 'reward_scaling': 1.0, 'num_eval_envs': 128, 'target_entropy': -0.5}[0m
[32m[nstep] nstep=3 bootstrap_on_truncation=True (discount from the buffer already contains gamma^nstep)[0m
-----------------------------------------------------------------
|                                 Train/Steps |        1.36e+05 |
|                            Loss/Loss_critic |        4.46e-05 |
|                             Loss/Loss_actor |          -0.162 |
|                             Loss/Loss_alpha |         0.00133 |
|               Loss/Loss_state_action_metric |         0.00222 |
|                      Loss/Loss_state_metric |         0.00158 |
|             Loss/Loss_state_action_to_state |        2.59e-05 |
|                           Loss/Act_rep_loss |           0.157 |
|                                   SAC/Alpha |         0.00163 |
|                              SAC/LogPi_mean |           -0.39 |
|                                 SAC/Q1_mean |           0.165 |
|                                 SAC/Q2_mean |           0.166 |
|                            Norm/actor_model |            22.9 |
|                           Norm/critic_model |              29 |
|              Norm/state_action_metric_model |            31.7 |
|                     Norm/state_metric_model |            30.8 |
|        Norm/state_action_state_metric_model |            30.5 |
|                  Metric/self_state_distance |         0.00432 |
|                 Metric/cross_state_distance |           0.921 |
|           Metric/self_state_action_distance |         0.00986 |
|          Metric/cross_state_action_distance |           0.906 |
|             Metric/avg_self_state_asymmetry |               0 |
|            Metric/avg_cross_state_asymmetry |         0.00229 |
|                Metric/avg_self_sa_asymmetry |               0 |
|               Metric/avg_cross_sa_asymmetry |          0.0027 |
|  Metric/self_state_action_to_state_distance |         0.00266 |
| Metric/cross_state_action_to_state_distance |           0.905 |
|                   Metric/h_lambda_diff_self |         0.00721 |
|                  Metric/h_lambda_diff_cross |         0.00341 |
|                                 Eval/Return |               0 |
-----------------------------------------------------------------
-----------------------------------------------------------------
|                                 Train/Steps |        2.64e+05 |
|                            Loss/Loss_critic |        1.87e-05 |
|                             Loss/Loss_actor |         -0.0422 |
|                             Loss/Loss_alpha |       -2.75e-05 |
|               Loss/Loss_state_action_metric |         0.00291 |
|                      Loss/Loss_state_metric |         0.00234 |
|             Loss/Loss_state_action_to_state |        9.64e-06 |
|                           Loss/Act_rep_loss |           0.158 |
|                                   SAC/Alpha |        0.000128 |
|                              SAC/LogPi_mean |           0.681 |
|                                 SAC/Q1_mean |          0.0431 |
|                                 SAC/Q2_mean |          0.0426 |
|                            Norm/actor_model |            35.4 |
|                           Norm/critic_model |              35 |
|              Norm/state_action_metric_model |            33.8 |
|                     Norm/state_metric_model |            31.5 |
|        Norm/state_action_state_metric_model |            32.3 |
|                  Metric/self_state_distance |         0.00186 |
|                 Metric/cross_state_distance |           0.919 |
|           Metric/self_state_action_distance |         0.00508 |
|          Metric/cross_state_action_distance |           0.901 |
|             Metric/avg_self_state_asymmetry |               0 |
|            Metric/avg_cross_state_asymmetry |         0.00383 |
|                Metric/avg_self_sa_asymmetry |               0 |
|               Metric/avg_cross_sa_asymmetry |         0.00506 |
|  Metric/self_state_action_to_state_distance |         0.00283 |
| Metric/cross_state_action_to_state_distance |           0.903 |
|                   Metric/h_lambda_diff_self |         0.00233 |
|                  Metric/h_lambda_diff_cross |         0.00273 |
|                                 Eval/Return |             9.3 |
-----------------------------------------------------------------
-----------------------------------------------------------------
|                                 Train/Steps |        3.92e+05 |
|                            Loss/Loss_critic |         0.00628 |
|                             Loss/Loss_actor |         -0.0277 |
|                             Loss/Loss_alpha |       -2.98e-05 |
|               Loss/Loss_state_action_metric |          0.0684 |
|                      Loss/Loss_state_metric |         0.00185 |
|             Loss/Loss_state_action_to_state |        0.000128 |
|                           Loss/Act_rep_loss |           0.151 |
|                                   SAC/Alpha |        0.000158 |
|                              SAC/LogPi_mean |           0.771 |
|                                 SAC/Q1_mean |          0.0287 |
|                                 SAC/Q2_mean |          0.0301 |
|                            Norm/actor_model |            42.9 |
|                           Norm/critic_model |            38.7 |
|              Norm/state_action_metric_model |            35.7 |
|                     Norm/state_metric_model |            33.3 |
|        Norm/state_action_state_metric_model |            34.7 |
|                  Metric/self_state_distance |         0.00216 |
|                 Metric/cross_state_distance |           0.925 |
|           Metric/self_state_action_distance |         0.00498 |
|          Metric/cross_state_action_distance |           0.911 |
|             Metric/avg_self_state_asymmetry |               0 |
|            Metric/avg_cross_state_asymmetry |         0.00503 |
|                Metric/avg_self_sa_asymmetry |               0 |
|               Metric/avg_cross_sa_asymmetry |         0.00676 |
|  Metric/self_state_action_to_state_distance |         0.00393 |
| Metric/cross_state_action_to_state_distance |           0.912 |
|                   Metric/h_lambda_diff_self |         0.00211 |
|                  Metric/h_lambda_diff_cross |         0.00579 |
|                                 Eval/Return |               0 |
-----------------------------------------------------------------
-----------------------------------------------------------------
|                                 Train/Steps |         5.2e+05 |
|                            Loss/Loss_critic |         0.00147 |
|                             Loss/Loss_actor |          -0.149 |
|                             Loss/Loss_alpha |        0.000214 |
|               Loss/Loss_state_action_metric |          0.0303 |
|                      Loss/Loss_state_metric |         0.00971 |
|             Loss/Loss_state_action_to_state |         0.00153 |
|                           Loss/Act_rep_loss |           0.105 |
|                                   SAC/Alpha |         0.00085 |
|                              SAC/LogPi_mean |           0.246 |
|                                 SAC/Q1_mean |           0.147 |
|                                 SAC/Q2_mean |           0.149 |
|                            Norm/actor_model |            50.4 |
|                           Norm/critic_model |            50.2 |
|              Norm/state_action_metric_model |            39.8 |
|                     Norm/state_metric_model |            38.1 |
|        Norm/state_action_state_metric_model |            38.4 |
|                  Metric/self_state_distance |         0.00772 |
|                 Metric/cross_state_distance |           0.965 |
|           Metric/self_state_action_distance |          0.0143 |
|          Metric/cross_state_action_distance |           0.955 |
|             Metric/avg_self_state_asymmetry |               0 |
|            Metric/avg_cross_state_asymmetry |         0.00832 |
|                Metric/avg_self_sa_asymmetry |               0 |
|               Metric/avg_cross_sa_asymmetry |          0.0114 |
|  Metric/self_state_action_to_state_distance |         0.00774 |
| Metric/cross_state_action_to_state_distance |           0.951 |
|                   Metric/h_lambda_diff_self |         0.00917 |
|                  Metric/h_lambda_diff_cross |           0.016 |
|                                 Eval/Return |               0 |
-----------------------------------------------------------------
-----------------------------------------------------------------
|                                 Train/Steps |        6.48e+05 |
|                            Loss/Loss_critic |          0.0357 |
|                             Loss/Loss_actor |           -1.11 |
|                             Loss/Loss_alpha |       -6.46e-05 |
|               Loss/Loss_state_action_metric |           0.112 |
|                      Loss/Loss_state_metric |          0.0366 |
|             Loss/Loss_state_action_to_state |         0.00282 |
|                           Loss/Act_rep_loss |          0.0443 |
|                                   SAC/Alpha |         0.00183 |
|                              SAC/LogPi_mean |           0.454 |
|                                 SAC/Q1_mean |            1.09 |
|                                 SAC/Q2_mean |             1.1 |
|                            Norm/actor_model |            58.7 |
|                           Norm/critic_model |            75.4 |
|              Norm/state_action_metric_model |            46.2 |
|                     Norm/state_metric_model |            42.7 |
|        Norm/state_action_state_metric_model |            43.3 |
|                  Metric/self_state_distance |          0.0114 |
|                 Metric/cross_state_distance |            1.04 |
|           Metric/self_state_action_distance |          0.0559 |
|          Metric/cross_state_action_distance |            1.08 |
|             Metric/avg_self_state_asymmetry |               0 |
|            Metric/avg_cross_state_asymmetry |          0.0179 |
|                Metric/avg_self_sa_asymmetry |               0 |
|               Metric/avg_cross_sa_asymmetry |          0.0215 |
|  Metric/self_state_action_to_state_distance |          0.0166 |
| Metric/cross_state_action_to_state_distance |            1.08 |
|                   Metric/h_lambda_diff_self |          0.0395 |
|                  Metric/h_lambda_diff_cross |          0.0268 |
|                                 Eval/Return |             108 |
-----------------------------------------------------------------
-----------------------------------------------------------------
|                                 Train/Steps |        7.76e+05 |
|                            Loss/Loss_critic |          0.0663 |
|                             Loss/Loss_actor |           -10.1 |
|                             Loss/Loss_alpha |       -0.000835 |
|               Loss/Loss_state_action_metric |            1.15 |
|                      Loss/Loss_state_metric |            0.47 |
|             Loss/Loss_state_action_to_state |         0.00622 |
|                           Loss/Act_rep_loss |          0.0325 |
|                                   SAC/Alpha |          0.0142 |
|                              SAC/LogPi_mean |           0.512 |
|                                 SAC/Q1_mean |            10.1 |
|                                 SAC/Q2_mean |              10 |
|                            Norm/actor_model |            65.3 |
|                           Norm/critic_model |            98.5 |
|              Norm/state_action_metric_model |            51.7 |
|                     Norm/state_metric_model |            49.1 |
|        Norm/state_action_state_metric_model |              49 |
|                  Metric/self_state_distance |          0.0282 |
|                 Metric/cross_state_distance |            1.52 |
|           Metric/self_state_action_distance |          0.0483 |
|          Metric/cross_state_action_distance |            1.91 |
|             Metric/avg_self_state_asymmetry |               0 |
|            Metric/avg_cross_state_asymmetry |          0.0221 |
|                Metric/avg_self_sa_asymmetry |               0 |
|               Metric/avg_cross_sa_asymmetry |          0.0555 |
|  Metric/self_state_action_to_state_distance |          0.0221 |
| Metric/cross_state_action_to_state_distance |            1.92 |
|                   Metric/h_lambda_diff_self |          0.0301 |
|                  Metric/h_lambda_diff_cross |          0.0603 |
|                                 Eval/Return |             593 |
-----------------------------------------------------------------
-----------------------------------------------------------------
|                                 Train/Steps |        9.04e+05 |
|                            Loss/Loss_critic |           0.155 |
|                             Loss/Loss_actor |           -21.9 |
|                             Loss/Loss_alpha |         0.00402 |
|               Loss/Loss_state_action_metric |            1.94 |
|                      Loss/Loss_state_metric |           0.679 |
|             Loss/Loss_state_action_to_state |         0.00367 |
|                           Loss/Act_rep_loss |          0.0368 |
|                                   SAC/Alpha |          0.0322 |
|                              SAC/LogPi_mean |           0.349 |
|                                 SAC/Q1_mean |            21.8 |
|                                 SAC/Q2_mean |            21.7 |
|                            Norm/actor_model |            71.3 |
|                           Norm/critic_model |             119 |
|              Norm/state_action_metric_model |            58.7 |
|                     Norm/state_metric_model |            59.6 |
|        Norm/state_action_state_metric_model |            56.7 |
|                  Metric/self_state_distance |          0.0341 |
|                 Metric/cross_state_distance |            1.82 |
|           Metric/self_state_action_distance |           0.043 |
|          Metric/cross_state_action_distance |            2.52 |
|             Metric/avg_self_state_asymmetry |               0 |
|            Metric/avg_cross_state_asymmetry |          0.0391 |
|                Metric/avg_self_sa_asymmetry |               0 |
|               Metric/avg_cross_sa_asymmetry |          0.0562 |
|  Metric/self_state_action_to_state_distance |          0.0223 |
| Metric/cross_state_action_to_state_distance |            2.54 |
|                   Metric/h_lambda_diff_self |          0.0286 |
|                  Metric/h_lambda_diff_cross |          0.0974 |
|                                 Eval/Return |             722 |
-----------------------------------------------------------------
-----------------------------------------------------------------
|                                 Train/Steps |        1.03e+06 |
|                            Loss/Loss_critic |           0.155 |
|                             Loss/Loss_actor |             -31 |
|                             Loss/Loss_alpha |         0.00222 |
|               Loss/Loss_state_action_metric |            2.38 |
|                      Loss/Loss_state_metric |           0.747 |
|             Loss/Loss_state_action_to_state |         0.00387 |
|                           Loss/Act_rep_loss |          0.0321 |
|                                   SAC/Alpha |          0.0369 |
|                              SAC/LogPi_mean |           0.501 |
|                                 SAC/Q1_mean |            30.9 |
|                                 SAC/Q2_mean |            30.9 |
|                            Norm/actor_model |            76.6 |
|                           Norm/critic_model |             133 |
|              Norm/state_action_metric_model |            65.3 |
|                     Norm/state_metric_model |            68.8 |
|        Norm/state_action_state_metric_model |            60.7 |
|                  Metric/self_state_distance |          0.0336 |
|                 Metric/cross_state_distance |            1.87 |
|           Metric/self_state_action_distance |          0.0657 |
|          Metric/cross_state_action_distance |            3.01 |
|             Metric/avg_self_state_asymmetry |               0 |
|            Metric/avg_cross_state_asymmetry |          0.0362 |
|                Metric/avg_self_sa_asymmetry |               0 |
|               Metric/avg_cross_sa_asymmetry |          0.0545 |
|  Metric/self_state_action_to_state_distance |          0.0216 |
| Metric/cross_state_action_to_state_distance |            2.99 |
|                   Metric/h_lambda_diff_self |          0.0446 |
|                  Metric/h_lambda_diff_cross |          0.0645 |
|                                 Eval/Return |             832 |
-----------------------------------------------------------------
[32mSaving model …[0m
[32mDone.[0m
[32mSaving model …[0m
[32mDone.[0m
-----------------------------------------------------------------
|                                 Train/Steps |        1.16e+06 |
|                            Loss/Loss_critic |           0.252 |
|                             Loss/Loss_actor |           -39.2 |
|                             Loss/Loss_alpha |        -0.00487 |
|               Loss/Loss_state_action_metric |            2.38 |
|                      Loss/Loss_state_metric |           0.773 |
|             Loss/Loss_state_action_to_state |         0.00253 |
|                           Loss/Act_rep_loss |          0.0295 |
|                                   SAC/Alpha |          0.0422 |
|                              SAC/LogPi_mean |           0.596 |
|                                 SAC/Q1_mean |            39.1 |
|                                 SAC/Q2_mean |            39.1 |
|                            Norm/actor_model |            80.9 |
|                           Norm/critic_model |             143 |
|              Norm/state_action_metric_model |            70.5 |
|                     Norm/state_metric_model |            76.2 |
|        Norm/state_action_state_metric_model |            63.5 |
|                  Metric/self_state_distance |          0.0362 |
|                 Metric/cross_state_distance |            2.02 |
|           Metric/self_state_action_distance |          0.0545 |
|          Metric/cross_state_action_distance |            3.08 |
|             Metric/avg_self_state_asymmetry |               0 |
|            Metric/avg_cross_state_asymmetry |          0.0296 |
|                Metric/avg_self_sa_asymmetry |               0 |
|               Metric/avg_cross_sa_asymmetry |          0.0519 |
|  Metric/self_state_action_to_state_distance |          0.0108 |
| Metric/cross_state_action_to_state_distance |            3.05 |
|                   Metric/h_lambda_diff_self |          0.0445 |
|                  Metric/h_lambda_diff_cross |          0.0679 |
|                                 Eval/Return |             830 |
-----------------------------------------------------------------
-----------------------------------------------------------------
|                                 Train/Steps |        1.29e+06 |
|                            Loss/Loss_critic |           0.144 |
|                             Loss/Loss_actor |             -44 |
|                             Loss/Loss_alpha |        0.000507 |
|               Loss/Loss_state_action_metric |             2.8 |
|                      Loss/Loss_state_metric |            1.13 |
|             Loss/Loss_state_action_to_state |         0.00321 |
|                           Loss/Act_rep_loss |          0.0222 |
|                                   SAC/Alpha |          0.0389 |
|                              SAC/LogPi_mean |           0.495 |
|                                 SAC/Q1_mean |            43.9 |
|                                 SAC/Q2_mean |            43.9 |
|                            Norm/actor_model |            85.1 |
|                           Norm/critic_model |             149 |
|              Norm/state_action_metric_model |              75 |
|                     Norm/state_metric_model |            82.9 |
|        Norm/state_action_state_metric_model |            66.1 |
|                  Metric/self_state_distance |           0.025 |
|                 Metric/cross_state_distance |            2.36 |
|           Metric/self_state_action_distance |          0.0332 |
|          Metric/cross_state_action_distance |            3.45 |
|             Metric/avg_self_state_asymmetry |               0 |
|            Metric/avg_cross_state_asymmetry |          0.0333 |
|                Metric/avg_self_sa_asymmetry |               0 |
|               Metric/avg_cross_sa_asymmetry |          0.0485 |
|  Metric/self_state_action_to_state_distance |         0.00742 |
| Metric/cross_state_action_to_state_distance |             3.4 |
|                   Metric/h_lambda_diff_self |           0.026 |
|                  Metric/h_lambda_diff_cross |          0.0853 |
|                                 Eval/Return |             833 |
-----------------------------------------------------------------
-----------------------------------------------------------------
|                                 Train/Steps |        1.42e+06 |
|                            Loss/Loss_critic |           0.135 |
|                             Loss/Loss_actor |           -47.3 |
|                             Loss/Loss_alpha |       -0.000871 |
|               Loss/Loss_state_action_metric |            2.83 |
|                      Loss/Loss_state_metric |            1.21 |
|             Loss/Loss_state_action_to_state |         0.00447 |
|                           Loss/Act_rep_loss |          0.0308 |
|                                   SAC/Alpha |          0.0361 |
|                              SAC/LogPi_mean |           0.568 |
|                                 SAC/Q1_mean |            47.3 |
|                                 SAC/Q2_mean |            47.3 |
|                            Norm/actor_model |            89.2 |
|                           Norm/critic_model |             154 |
|              Norm/state_action_metric_model |            78.9 |
|                     Norm/state_metric_model |            89.8 |
|        Norm/state_action_state_metric_model |            68.4 |
|                  Metric/self_state_distance |           0.024 |
|                 Metric/cross_state_distance |            2.39 |
|           Metric/self_state_action_distance |           0.025 |
|          Metric/cross_state_action_distance |            3.46 |
|             Metric/avg_self_state_asymmetry |               0 |
|            Metric/avg_cross_state_asymmetry |          0.0292 |
|                Metric/avg_self_sa_asymmetry |               0 |
|               Metric/avg_cross_sa_asymmetry |          0.0463 |
|  Metric/self_state_action_to_state_distance |          0.0156 |
| Metric/cross_state_action_to_state_distance |            3.43 |
|                   Metric/h_lambda_diff_self |          0.0114 |
|                  Metric/h_lambda_diff_cross |          0.0548 |
|                                 Eval/Return |             827 |
-----------------------------------------------------------------
-----------------------------------------------------------------
|                                 Train/Steps |        1.54e+06 |
|                            Loss/Loss_critic |           0.222 |
|                             Loss/Loss_actor |           -48.8 |
|                             Loss/Loss_alpha |       -0.000561 |
|               Loss/Loss_state_action_metric |            2.87 |
|                      Loss/Loss_state_metric |            1.01 |
|             Loss/Loss_state_action_to_state |         0.00314 |
|                           Loss/Act_rep_loss |          0.0347 |
|                                   SAC/Alpha |          0.0324 |
|                              SAC/LogPi_mean |           0.458 |
|                                 SAC/Q1_mean |            48.8 |
|                                 SAC/Q2_mean |            48.7 |
|                            Norm/actor_model |            92.7 |
|                           Norm/critic_model |             159 |
|              Norm/state_action_metric_model |            82.8 |
|                     Norm/state_metric_model |            97.1 |
|        Norm/state_action_state_metric_model |            70.9 |
|                  Metric/self_state_distance |           0.057 |
|                 Metric/cross_state_distance |            2.15 |
|           Metric/self_state_action_distance |          0.0417 |
|          Metric/cross_state_action_distance |            3.45 |
|             Metric/avg_self_state_asymmetry |               0 |
|            Metric/avg_cross_state_asymmetry |          0.0548 |
|                Metric/avg_self_sa_asymmetry |               0 |
|               Metric/avg_cross_sa_asymmetry |          0.0369 |
|  Metric/self_state_action_to_state_distance |          0.0111 |
| Metric/cross_state_action_to_state_distance |            3.43 |
|                   Metric/h_lambda_diff_self |          0.0333 |
|                  Metric/h_lambda_diff_cross |           0.052 |
|                                 Eval/Return |             835 |
-----------------------------------------------------------------
-----------------------------------------------------------------
|                                 Train/Steps |        1.67e+06 |
|                            Loss/Loss_critic |           0.126 |
|                             Loss/Loss_actor |           -53.2 |
|                             Loss/Loss_alpha |       -0.000395 |
|               Loss/Loss_state_action_metric |            3.28 |
|                      Loss/Loss_state_metric |            1.45 |
|             Loss/Loss_state_action_to_state |         0.00668 |
|                           Loss/Act_rep_loss |          0.0171 |
|                                   SAC/Alpha |          0.0289 |
|                              SAC/LogPi_mean |           0.628 |
|                                 SAC/Q1_mean |            53.1 |
|                                 SAC/Q2_mean |            53.2 |
|                            Norm/actor_model |            96.1 |
|                           Norm/critic_model |             163 |
|              Norm/state_action_metric_model |            86.4 |
|                     Norm/state_metric_model |             103 |
|        Norm/state_action_state_metric_model |            73.3 |
|                  Metric/self_state_distance |          0.0253 |
|                 Metric/cross_state_distance |            2.56 |
|           Metric/self_state_action_distance |          0.0239 |
|          Metric/cross_state_action_distance |            3.73 |
|             Metric/avg_self_state_asymmetry |               0 |
|            Metric/avg_cross_state_asymmetry |           0.025 |
|                Metric/avg_self_sa_asymmetry |               0 |
|               Metric/avg_cross_sa_asymmetry |          0.0388 |
|  Metric/self_state_action_to_state_distance |         0.00812 |
| Metric/cross_state_action_to_state_distance |            3.74 |
|                   Metric/h_lambda_diff_self |           0.019 |
|                  Metric/h_lambda_diff_cross |           0.046 |
|                                 Eval/Return |             834 |
-----------------------------------------------------------------
-----------------------------------------------------------------
|                                 Train/Steps |         1.8e+06 |
|                            Loss/Loss_critic |            0.13 |
|                             Loss/Loss_actor |           -56.3 |
|                             Loss/Loss_alpha |        0.000103 |
|               Loss/Loss_state_action_metric |            3.32 |
|                      Loss/Loss_state_metric |             1.4 |
|             Loss/Loss_state_action_to_state |         0.00915 |
|                           Loss/Act_rep_loss |          0.0186 |
|                                   SAC/Alpha |          0.0257 |
|                              SAC/LogPi_mean |           0.465 |
|                                 SAC/Q1_mean |            56.2 |
|                                 SAC/Q2_mean |            56.3 |
|                            Norm/actor_model |            99.1 |
|                           Norm/critic_model |             167 |
|              Norm/state_action_metric_model |            89.4 |
|                     Norm/state_metric_model |             110 |
|        Norm/state_action_state_metric_model |            75.5 |
|                  Metric/self_state_distance |          0.0188 |
|                 Metric/cross_state_distance |            2.54 |
|           Metric/self_state_action_distance |          0.0233 |
|          Metric/cross_state_action_distance |            3.62 |
|             Metric/avg_self_state_asymmetry |               0 |
|            Metric/avg_cross_state_asymmetry |           0.026 |
|                Metric/avg_self_sa_asymmetry |               0 |
|               Metric/avg_cross_sa_asymmetry |          0.0388 |
|  Metric/self_state_action_to_state_distance |         0.00622 |
| Metric/cross_state_action_to_state_distance |            3.63 |
|                   Metric/h_lambda_diff_self |          0.0193 |
|                  Metric/h_lambda_diff_cross |          0.0749 |
|                                 Eval/Return |             833 |
-----------------------------------------------------------------
-----------------------------------------------------------------
|                                 Train/Steps |        1.93e+06 |
|                            Loss/Loss_critic |           0.152 |
|                             Loss/Loss_actor |           -54.8 |
|                             Loss/Loss_alpha |        -0.00166 |
|               Loss/Loss_state_action_metric |            3.44 |
|                      Loss/Loss_state_metric |            1.31 |
|             Loss/Loss_state_action_to_state |         0.00146 |
|                           Loss/Act_rep_loss |          0.0185 |
|                                   SAC/Alpha |          0.0242 |
|                              SAC/LogPi_mean |           0.587 |
|                                 SAC/Q1_mean |            54.8 |
|                                 SAC/Q2_mean |            54.8 |
|                            Norm/actor_model |             102 |
|                           Norm/critic_model |             171 |
|              Norm/state_action_metric_model |            92.5 |
|                     Norm/state_metric_model |             116 |
|        Norm/state_action_state_metric_model |            78.3 |
|                  Metric/self_state_distance |          0.0179 |
|                 Metric/cross_state_distance |            2.58 |
|           Metric/self_state_action_distance |          0.0115 |
|          Metric/cross_state_action_distance |            3.73 |
|             Metric/avg_self_state_asymmetry |               0 |
|            Metric/avg_cross_state_asymmetry |          0.0246 |
|                Metric/avg_self_sa_asymmetry |               0 |
|               Metric/avg_cross_sa_asymmetry |          0.0331 |
|  Metric/self_state_action_to_state_distance |         0.00863 |
| Metric/cross_state_action_to_state_distance |            3.71 |
|                   Metric/h_lambda_diff_self |         0.00741 |
|                  Metric/h_lambda_diff_cross |           0.045 |
|                                 Eval/Return |             834 |
-----------------------------------------------------------------
-----------------------------------------------------------------
|                                 Train/Steps |        2.06e+06 |
|                            Loss/Loss_critic |           0.137 |
|                             Loss/Loss_actor |           -61.8 |
|                             Loss/Loss_alpha |        -0.00163 |
|               Loss/Loss_state_action_metric |            3.22 |
|                      Loss/Loss_state_metric |            1.38 |
|             Loss/Loss_state_action_to_state |         0.00179 |
|                           Loss/Act_rep_loss |          0.0158 |
|                                   SAC/Alpha |          0.0214 |
|                              SAC/LogPi_mean |           0.501 |
|                                 SAC/Q1_mean |            61.9 |
|                                 SAC/Q2_mean |            61.7 |
|                            Norm/actor_model |             106 |
|                           Norm/critic_model |             173 |
|              Norm/state_action_metric_model |            95.5 |
|                     Norm/state_metric_model |             123 |
|        Norm/state_action_state_metric_model |            80.5 |
|                  Metric/self_state_distance |          0.0166 |
|                 Metric/cross_state_distance |            2.56 |
|           Metric/self_state_action_distance |          0.0772 |
|          Metric/cross_state_action_distance |            3.64 |
|             Metric/avg_self_state_asymmetry |               0 |
|            Metric/avg_cross_state_asymmetry |          0.0269 |
|                Metric/avg_self_sa_asymmetry |               0 |
|               Metric/avg_cross_sa_asymmetry |          0.0304 |
|  Metric/self_state_action_to_state_distance |         0.00846 |
| Metric/cross_state_action_to_state_distance |            3.64 |
|                   Metric/h_lambda_diff_self |          0.0726 |
|                  Metric/h_lambda_diff_cross |          0.0366 |
|                                 Eval/Return |             832 |
-----------------------------------------------------------------
[32mSaving model …[0m
[32mDone.[0m
[32mSaving model …[0m
[32mDone.[0m
-----------------------------------------------------------------
|                                 Train/Steps |        2.18e+06 |
|                            Loss/Loss_critic |          0.0992 |
|                             Loss/Loss_actor |           -62.2 |
|                             Loss/Loss_alpha |         0.00271 |
|               Loss/Loss_state_action_metric |            3.49 |
|                      Loss/Loss_state_metric |            1.45 |
|             Loss/Loss_state_action_to_state |         0.00172 |
|                           Loss/Act_rep_loss |          0.0146 |
|                                   SAC/Alpha |           0.022 |
|                              SAC/LogPi_mean |           0.453 |
|                                 SAC/Q1_mean |            62.1 |
|                                 SAC/Q2_mean |            62.2 |
|                            Norm/actor_model |             109 |
|                           Norm/critic_model |             176 |
|              Norm/state_action_metric_model |            98.8 |
|                     Norm/state_metric_model |             129 |
|        Norm/state_action_state_metric_model |            82.8 |
|                  Metric/self_state_distance |          0.0153 |
|                 Metric/cross_state_distance |            2.67 |
|           Metric/self_state_action_distance |          0.0157 |
|          Metric/cross_state_action_distance |            3.86 |
|             Metric/avg_self_state_asymmetry |               0 |
|            Metric/avg_cross_state_asymmetry |          0.0221 |
|                Metric/avg_self_sa_asymmetry |               0 |
|               Metric/avg_cross_sa_asymmetry |          0.0283 |
|  Metric/self_state_action_to_state_distance |         0.00386 |
| Metric/cross_state_action_to_state_distance |             3.9 |
|                   Metric/h_lambda_diff_self |           0.013 |
|                  Metric/h_lambda_diff_cross |          0.0616 |
|                                 Eval/Return |             836 |
-----------------------------------------------------------------
-----------------------------------------------------------------
|                                 Train/Steps |        2.31e+06 |
|                            Loss/Loss_critic |            0.12 |
|                             Loss/Loss_actor |           -67.6 |
|                             Loss/Loss_alpha |         0.00202 |
|               Loss/Loss_state_action_metric |            3.77 |
|                      Loss/Loss_state_metric |            1.47 |
|             Loss/Loss_state_action_to_state |         0.00248 |
|                           Loss/Act_rep_loss |          0.0085 |
|                                   SAC/Alpha |          0.0213 |
|                              SAC/LogPi_mean |           0.394 |
|                                 SAC/Q1_mean |            67.6 |
|                                 SAC/Q2_mean |            67.6 |
|                            Norm/actor_model |             112 |
|                           Norm/critic_model |             178 |
|              Norm/state_action_metric_model |             102 |
|                     Norm/state_metric_model |             135 |
|        Norm/state_action_state_metric_model |            85.1 |
|                  Metric/self_state_distance |          0.0135 |
|                 Metric/cross_state_distance |            2.62 |
|           Metric/self_state_action_distance |          0.0166 |
|          Metric/cross_state_action_distance |            3.77 |
|             Metric/avg_self_state_asymmetry |               0 |
|            Metric/avg_cross_state_asymmetry |          0.0244 |
|                Metric/avg_self_sa_asymmetry |               0 |
|               Metric/avg_cross_sa_asymmetry |          0.0319 |
|  Metric/self_state_action_to_state_distance |         0.00284 |
| Metric/cross_state_action_to_state_distance |            3.77 |
|                   Metric/h_lambda_diff_self |          0.0143 |
|                  Metric/h_lambda_diff_cross |           0.053 |
|                                 Eval/Return |             835 |
-----------------------------------------------------------------
-----------------------------------------------------------------
|                                 Train/Steps |        2.44e+06 |
|                            Loss/Loss_critic |          0.0805 |
|                             Loss/Loss_actor |           -67.2 |
|                             Loss/Loss_alpha |        8.69e-05 |
|               Loss/Loss_state_action_metric |            3.14 |
|                      Loss/Loss_state_metric |             1.4 |
|             Loss/Loss_state_action_to_state |         0.00337 |
|                           Loss/Act_rep_loss |          0.0145 |
|                                   SAC/Alpha |          0.0187 |
|                              SAC/LogPi_mean |           0.536 |
|                                 SAC/Q1_mean |            67.2 |
|                                 SAC/Q2_mean |            67.2 |
|                            Norm/actor_model |             115 |
|                           Norm/critic_model |             180 |
|              Norm/state_action_metric_model |             105 |
|                     Norm/state_metric_model |             141 |
|        Norm/state_action_state_metric_model |            87.6 |
|                  Metric/self_state_distance |          0.0128 |
|                 Metric/cross_state_distance |            2.48 |
|           Metric/self_state_action_distance |           0.017 |
|          Metric/cross_state_action_distance |            3.54 |
|             Metric/avg_self_state_asymmetry |               0 |
|            Metric/avg_cross_state_asymmetry |          0.0193 |
|                Metric/avg_self_sa_asymmetry |               0 |
|               Metric/avg_cross_sa_asymmetry |           0.029 |
|  Metric/self_state_action_to_state_distance |          0.0141 |
| Metric/cross_state_action_to_state_distance |            3.55 |
|                   Metric/h_lambda_diff_self |          0.0116 |
|                  Metric/h_lambda_diff_cross |          0.0333 |
|                                 Eval/Return |             576 |
-----------------------------------------------------------------
-----------------------------------------------------------------
|                                 Train/Steps |        2.57e+06 |
|                            Loss/Loss_critic |           0.154 |
|                             Loss/Loss_actor |           -67.7 |
|                             Loss/Loss_alpha |        -0.00131 |
|               Loss/Loss_state_action_metric |            3.53 |
|                      Loss/Loss_state_metric |            1.66 |
|             Loss/Loss_state_action_to_state |         0.00157 |
|                           Loss/Act_rep_loss |         0.00987 |
|                                   SAC/Alpha |          0.0176 |
|                              SAC/LogPi_mean |           0.562 |
|                                 SAC/Q1_mean |            67.7 |
|                                 SAC/Q2_mean |            67.7 |
|                            Norm/actor_model |             118 |
|                           Norm/critic_model |             182 |
|              Norm/state_action_metric_model |             109 |
|                     Norm/state_metric_model |             147 |
|        Norm/state_action_state_metric_model |            90.1 |
|                  Metric/self_state_distance |           0.012 |
|                 Metric/cross_state_distance |             2.7 |
|           Metric/self_state_action_distance |          0.0202 |
|          Metric/cross_state_action_distance |            3.83 |
|             Metric/avg_self_state_asymmetry |               0 |
|            Metric/avg_cross_state_asymmetry |          0.0193 |
|                Metric/avg_self_sa_asymmetry |               0 |
|               Metric/avg_cross_sa_asymmetry |          0.0292 |
|  Metric/self_state_action_to_state_distance |         0.00435 |
| Metric/cross_state_action_to_state_distance |             3.8 |
|                   Metric/h_lambda_diff_self |          0.0169 |
|                  Metric/h_lambda_diff_cross |          0.0514 |
|                                 Eval/Return |             837 |
-----------------------------------------------------------------
-----------------------------------------------------------------
|                                 Train/Steps |         2.7e+06 |
|                            Loss/Loss_critic |           0.118 |
|                             Loss/Loss_actor |           -68.4 |
|                             Loss/Loss_alpha |        -0.00179 |
|               Loss/Loss_state_action_metric |            3.39 |
|                      Loss/Loss_state_metric |            1.47 |
|             Loss/Loss_state_action_to_state |         0.00152 |
|                           Loss/Act_rep_loss |          0.0197 |
|                                   SAC/Alpha |          0.0162 |
|                              SAC/LogPi_mean |           0.601 |
|                                 SAC/Q1_mean |            68.5 |
|                                 SAC/Q2_mean |            68.3 |
|                            Norm/actor_model |             121 |
|                           Norm/critic_model |             184 |
|              Norm/state_action_metric_model |             112 |
|                     Norm/state_metric_model |             154 |
|        Norm/state_action_state_metric_model |            92.4 |
|                  Metric/self_state_distance |          0.0129 |
|                 Metric/cross_state_distance |            2.49 |
|           Metric/self_state_action_distance |          0.0193 |
|          Metric/cross_state_action_distance |            3.55 |
|             Metric/avg_self_state_asymmetry |               0 |
|            Metric/avg_cross_state_asymmetry |          0.0224 |
|                Metric/avg_self_sa_asymmetry |               0 |
|               Metric/avg_cross_sa_asymmetry |          0.0284 |
|  Metric/self_state_action_to_state_distance |         0.00429 |
| Metric/cross_state_action_to_state_distance |            3.56 |
|                   Metric/h_lambda_diff_self |          0.0157 |
|                  Metric/h_lambda_diff_cross |           0.036 |
|                                 Eval/Return |             838 |
-----------------------------------------------------------------
-----------------------------------------------------------------
|                                 Train/Steps |        2.82e+06 |
|                            Loss/Loss_critic |           0.101 |
|                             Loss/Loss_actor |           -68.3 |
|                             Loss/Loss_alpha |         0.00117 |
|               Loss/Loss_state_action_metric |            3.32 |
|                      Loss/Loss_state_metric |            1.56 |
|             Loss/Loss_state_action_to_state |         0.00117 |
|                           Loss/Act_rep_loss |          0.0105 |
|                                   SAC/Alpha |          0.0149 |
|                              SAC/LogPi_mean |           0.482 |
|                                 SAC/Q1_mean |            68.2 |
|                                 SAC/Q2_mean |            68.4 |
|                            Norm/actor_model |             124 |
|                           Norm/critic_model |             186 |
|              Norm/state_action_metric_model |             115 |
|                     Norm/state_metric_model |             160 |
|        Norm/state_action_state_metric_model |            94.8 |
|                  Metric/self_state_distance |          0.0161 |
|                 Metric/cross_state_distance |            2.63 |
|           Metric/self_state_action_distance |          0.0142 |
|          Metric/cross_state_action_distance |            3.71 |
|             Metric/avg_self_state_asymmetry |               0 |
|            Metric/avg_cross_state_asymmetry |          0.0217 |
|                Metric/avg_self_sa_asymmetry |               0 |
|               Metric/avg_cross_sa_asymmetry |          0.0276 |
|  Metric/self_state_action_to_state_distance |         0.00172 |
| Metric/cross_state_action_to_state_distance |            3.72 |
|                   Metric/h_lambda_diff_self |          0.0129 |
|                  Metric/h_lambda_diff_cross |          0.0337 |
|                                 Eval/Return |             838 |
-----------------------------------------------------------------
-----------------------------------------------------------------
|                                 Train/Steps |        2.95e+06 |
|                            Loss/Loss_critic |          0.0703 |
|                             Loss/Loss_actor |           -70.4 |
|                             Loss/Loss_alpha |         0.00159 |
|               Loss/Loss_state_action_metric |            3.23 |
|                      Loss/Loss_state_metric |            1.55 |
|             Loss/Loss_state_action_to_state |         0.00139 |
|                           Loss/Act_rep_loss |         0.00939 |
|                                   SAC/Alpha |          0.0145 |
|                              SAC/LogPi_mean |           0.345 |
|                                 SAC/Q1_mean |            70.3 |
|                                 SAC/Q2_mean |            70.4 |
|                            Norm/actor_model |             127 |
|                           Norm/critic_model |             188 |
|              Norm/state_action_metric_model |             118 |
|                     Norm/state_metric_model |             166 |
|        Norm/state_action_state_metric_model |            97.3 |
|                  Metric/self_state_distance |          0.0107 |
|                 Metric/cross_state_distance |            2.61 |
|           Metric/self_state_action_distance |         0.00985 |
|          Metric/cross_state_action_distance |            3.54 |
|             Metric/avg_self_state_asymmetry |               0 |
|            Metric/avg_cross_state_asymmetry |          0.0199 |
|                Metric/avg_self_sa_asymmetry |               0 |
|               Metric/avg_cross_sa_asymmetry |          0.0244 |
|  Metric/self_state_action_to_state_distance |         0.00425 |
| Metric/cross_state_action_to_state_distance |            3.52 |
|                   Metric/h_lambda_diff_self |         0.00718 |
|                  Metric/h_lambda_diff_cross |          0.0396 |
|                                 Eval/Return |             838 |
-----------------------------------------------------------------
-----------------------------------------------------------------
|                                 Train/Steps |        3.08e+06 |
|                            Loss/Loss_critic |          0.0736 |
|                             Loss/Loss_actor |           -72.2 |
|                             Loss/Loss_alpha |         0.00117 |
|               Loss/Loss_state_action_metric |            3.48 |
|                      Loss/Loss_state_metric |            1.53 |
|             Loss/Loss_state_action_to_state |         0.00249 |
|                           Loss/Act_rep_loss |          0.0066 |
|                                   SAC/Alpha |           0.014 |
|                              SAC/LogPi_mean |           0.573 |
|                                 SAC/Q1_mean |            72.2 |
|                                 SAC/Q2_mean |            72.2 |
|                            Norm/actor_model |             129 |
|                           Norm/critic_model |             190 |
|              Norm/state_action_metric_model |             122 |
|                     Norm/state_metric_model |             172 |
|        Norm/state_action_state_metric_model |            99.2 |
|                  Metric/self_state_distance |          0.0106 |
|                 Metric/cross_state_distance |            2.53 |
|           Metric/self_state_action_distance |           0.019 |
|          Metric/cross_state_action_distance |            3.63 |
|             Metric/avg_self_state_asymmetry |               0 |
|            Metric/avg_cross_state_asymmetry |          0.0225 |
|                Metric/avg_self_sa_asymmetry |               0 |
|               Metric/avg_cross_sa_asymmetry |          0.0297 |
|  Metric/self_state_action_to_state_distance |         0.00168 |
| Metric/cross_state_action_to_state_distance |             3.6 |
|                   Metric/h_lambda_diff_self |          0.0175 |
|                  Metric/h_lambda_diff_cross |          0.0458 |
|                                 Eval/Return |             838 |
-----------------------------------------------------------------
[32mSaving model …[0m
[32mDone.[0m
[32mSaving model …[0m
[32mDone.[0m
-----------------------------------------------------------------
|                                 Train/Steps |        3.21e+06 |
|                            Loss/Loss_critic |          0.0637 |
|                             Loss/Loss_actor |           -75.1 |
|                             Loss/Loss_alpha |        -0.00123 |
|               Loss/Loss_state_action_metric |            2.98 |
|                      Loss/Loss_state_metric |            1.38 |
|             Loss/Loss_state_action_to_state |        0.000909 |
|                           Loss/Act_rep_loss |         0.00696 |
|                                   SAC/Alpha |          0.0135 |
|                              SAC/LogPi_mean |           0.587 |
|                                 SAC/Q1_mean |              75 |
|                                 SAC/Q2_mean |              75 |
|                            Norm/actor_model |             132 |
|                           Norm/critic_model |             191 |
|              Norm/state_action_metric_model |             125 |
|                     Norm/state_metric_model |             178 |
|        Norm/state_action_state_metric_model |             101 |
|                  Metric/self_state_distance |         0.00875 |
|                 Metric/cross_state_distance |            2.43 |
|           Metric/self_state_action_distance |          0.0183 |
|          Metric/cross_state_action_distance |            3.38 |
|             Metric/avg_self_state_asymmetry |               0 |
|            Metric/avg_cross_state_asymmetry |          0.0196 |
|                Metric/avg_self_sa_asymmetry |               0 |
|               Metric/avg_cross_sa_asymmetry |          0.0233 |
|  Metric/self_state_action_to_state_distance |         0.00305 |
| Metric/cross_state_action_to_state_distance |            3.36 |
|                   Metric/h_lambda_diff_self |          0.0159 |
|                  Metric/h_lambda_diff_cross |          0.0327 |
|                                 Eval/Return |             801 |
-----------------------------------------------------------------
-----------------------------------------------------------------
|                                 Train/Steps |        3.34e+06 |
|                            Loss/Loss_critic |          0.0741 |
|                             Loss/Loss_actor |             -75 |
|                             Loss/Loss_alpha |        0.000212 |
|               Loss/Loss_state_action_metric |            3.38 |
|                      Loss/Loss_state_metric |            1.63 |
|             Loss/Loss_state_action_to_state |         0.00162 |
|                           Loss/Act_rep_loss |          0.0084 |
|                                   SAC/Alpha |          0.0124 |
|                              SAC/LogPi_mean |           0.439 |
|                                 SAC/Q1_mean |              75 |
|                                 SAC/Q2_mean |              75 |
|                            Norm/actor_model |             134 |
|                           Norm/critic_model |             192 |
|              Norm/state_action_metric_model |             128 |
|                     Norm/state_metric_model |             184 |
|        Norm/state_action_state_metric_model |             103 |
|                  Metric/self_state_distance |         0.00796 |
|                 Metric/cross_state_distance |            2.65 |
|           Metric/self_state_action_distance |          0.0132 |
|          Metric/cross_state_action_distance |            3.67 |
|             Metric/avg_self_state_asymmetry |               0 |
|            Metric/avg_cross_state_asymmetry |          0.0172 |
|                Metric/avg_self_sa_asymmetry |               0 |
|               Metric/avg_cross_sa_asymmetry |          0.0259 |
|  Metric/self_state_action_to_state_distance |          0.0026 |
| Metric/cross_state_action_to_state_distance |            3.67 |
|                   Metric/h_lambda_diff_self |           0.011 |
|                  Metric/h_lambda_diff_cross |          0.0477 |
|                                 Eval/Return |             839 |
-----------------------------------------------------------------
-----------------------------------------------------------------
|                                 Train/Steps |        3.46e+06 |
|                            Loss/Loss_critic |           0.104 |
|                             Loss/Loss_actor |           -71.8 |
|                             Loss/Loss_alpha |        -0.00177 |
|               Loss/Loss_state_action_metric |            3.64 |
|                      Loss/Loss_state_metric |            1.62 |
|             Loss/Loss_state_action_to_state |        0.000947 |
|                           Loss/Act_rep_loss |         0.00793 |
|                                   SAC/Alpha |          0.0133 |
|                              SAC/LogPi_mean |           0.599 |
|                                 SAC/Q1_mean |            71.7 |
|                                 SAC/Q2_mean |            71.7 |
|                            Norm/actor_model |             136 |
|                           Norm/critic_model |             193 |
|              Norm/state_action_metric_model |             132 |
|                     Norm/state_metric_model |             190 |
|        Norm/state_action_state_metric_model |             105 |
|                  Metric/self_state_distance |         0.00958 |
|                 Metric/cross_state_distance |            2.59 |
|           Metric/self_state_action_distance |         0.00632 |
|          Metric/cross_state_action_distance |             3.7 |
|             Metric/avg_self_state_asymmetry |               0 |
|            Metric/avg_cross_state_asymmetry |          0.0208 |
|                Metric/avg_self_sa_asymmetry |               0 |
|               Metric/avg_cross_sa_asymmetry |          0.0225 |
|  Metric/self_state_action_to_state_distance |         0.00659 |
| Metric/cross_state_action_to_state_distance |            3.71 |
|                   Metric/h_lambda_diff_self |         0.00634 |
|                  Metric/h_lambda_diff_cross |          0.0313 |
|                                 Eval/Return |             842 |
-----------------------------------------------------------------
-----------------------------------------------------------------
|                                 Train/Steps |        3.59e+06 |
|                            Loss/Loss_critic |          0.0537 |
|                             Loss/Loss_actor |           -74.5 |
|                             Loss/Loss_alpha |        0.000876 |
|               Loss/Loss_state_action_metric |            3.39 |
|                      Loss/Loss_state_metric |            1.61 |
|             Loss/Loss_state_action_to_state |          0.0114 |
|                           Loss/Act_rep_loss |          0.0109 |
|                                   SAC/Alpha |          0.0131 |
|                              SAC/LogPi_mean |           0.417 |
|                                 SAC/Q1_mean |            74.4 |
|                                 SAC/Q2_mean |            74.5 |
|                            Norm/actor_model |             138 |
|                           Norm/critic_model |             196 |
|              Norm/state_action_metric_model |             135 |
|                     Norm/state_metric_model |             195 |
|        Norm/state_action_state_metric_model |             107 |
|                  Metric/self_state_distance |          0.0115 |
|                 Metric/cross_state_distance |            2.62 |
|           Metric/self_state_action_distance |           0.016 |
|          Metric/cross_state_action_distance |            3.57 |
|             Metric/avg_self_state_asymmetry |               0 |
|            Metric/avg_cross_state_asymmetry |          0.0161 |
|                Metric/avg_self_sa_asymmetry |               0 |
|               Metric/avg_cross_sa_asymmetry |          0.0252 |
|  Metric/self_state_action_to_state_distance |          0.0057 |
| Metric/cross_state_action_to_state_distance |            3.54 |
|                   Metric/h_lambda_diff_self |          0.0137 |
|                  Metric/h_lambda_diff_cross |          0.0506 |
|                                 Eval/Return |             795 |
-----------------------------------------------------------------
-----------------------------------------------------------------
|                                 Train/Steps |        3.72e+06 |
|                            Loss/Loss_critic |           0.147 |
|                             Loss/Loss_actor |           -75.2 |
|                             Loss/Loss_alpha |        -0.00108 |
|               Loss/Loss_state_action_metric |            3.51 |
|                      Loss/Loss_state_metric |            1.59 |
|             Loss/Loss_state_action_to_state |        0.000802 |
|                           Loss/Act_rep_loss |         0.00675 |
|                                   SAC/Alpha |          0.0129 |
|                              SAC/LogPi_mean |           0.537 |
|                                 SAC/Q1_mean |            75.2 |
|                                 SAC/Q2_mean |            75.3 |
|                            Norm/actor_model |             141 |
|                           Norm/critic_model |             198 |
|              Norm/state_action_metric_model |             139 |
|                     Norm/state_metric_model |             201 |
|        Norm/state_action_state_metric_model |             109 |
|                  Metric/self_state_distance |         0.00831 |
|                 Metric/cross_state_distance |            2.59 |
|           Metric/self_state_action_distance |           0.012 |
|          Metric/cross_state_action_distance |            3.65 |
|             Metric/avg_self_state_asymmetry |               0 |
|            Metric/avg_cross_state_asymmetry |          0.0196 |
|                Metric/avg_self_sa_asymmetry |               0 |
|               Metric/avg_cross_sa_asymmetry |          0.0215 |
|  Metric/self_state_action_to_state_distance |         0.00287 |
| Metric/cross_state_action_to_state_distance |            3.65 |
|                   Metric/h_lambda_diff_self |          0.0103 |
|                  Metric/h_lambda_diff_cross |          0.0252 |
|                                 Eval/Return |             758 |
-----------------------------------------------------------------
-----------------------------------------------------------------
|                                 Train/Steps |        3.85e+06 |
|                            Loss/Loss_critic |          0.0392 |
|                             Loss/Loss_actor |           -76.6 |
|                             Loss/Loss_alpha |       -0.000648 |
|               Loss/Loss_state_action_metric |            3.31 |
|                      Loss/Loss_state_metric |            1.47 |
|             Loss/Loss_state_action_to_state |        0.000773 |
|                           Loss/Act_rep_loss |          0.0139 |
|                                   SAC/Alpha |          0.0111 |
|                              SAC/LogPi_mean |           0.546 |
|                                 SAC/Q1_mean |            76.6 |
|                                 SAC/Q2_mean |            76.6 |
|                            Norm/actor_model |             143 |
|                           Norm/critic_model |             199 |
|              Norm/state_action_metric_model |             142 |
|                     Norm/state_metric_model |             207 |
|        Norm/state_action_state_metric_model |             112 |
|                  Metric/self_state_distance |         0.00694 |
|                 Metric/cross_state_distance |            2.46 |
|           Metric/self_state_action_distance |         0.00575 |
|          Metric/cross_state_action_distance |            3.46 |
|             Metric/avg_self_state_asymmetry |               0 |
|            Metric/avg_cross_state_asymmetry |          0.0144 |
|                Metric/avg_self_sa_asymmetry |               0 |
|               Metric/avg_cross_sa_asymmetry |          0.0186 |
|  Metric/self_state_action_to_state_distance |         0.00329 |
| Metric/cross_state_action_to_state_distance |            3.45 |
|                   Metric/h_lambda_diff_self |         0.00444 |
|                  Metric/h_lambda_diff_cross |          0.0347 |
|                                 Eval/Return |             784 |
-----------------------------------------------------------------
-----------------------------------------------------------------
|                                 Train/Steps |        3.98e+06 |
|                            Loss/Loss_critic |          0.0521 |
|                             Loss/Loss_actor |           -76.1 |
|                             Loss/Loss_alpha |        0.000206 |
|               Loss/Loss_state_action_metric |            3.18 |
|                      Loss/Loss_state_metric |            1.48 |
|             Loss/Loss_state_action_to_state |        0.000886 |
|                           Loss/Act_rep_loss |         0.00295 |
|                                   SAC/Alpha |          0.0103 |
|                              SAC/LogPi_mean |           0.524 |
|                                 SAC/Q1_mean |            76.1 |
|                                 SAC/Q2_mean |            76.1 |
|                            Norm/actor_model |             144 |
|                           Norm/critic_model |             201 |
|              Norm/state_action_metric_model |             145 |
|                     Norm/state_metric_model |             212 |
|        Norm/state_action_state_metric_model |             113 |
|                  Metric/self_state_distance |          0.0106 |
|                 Metric/cross_state_distance |            2.49 |
|           Metric/self_state_action_distance |           0.014 |
|          Metric/cross_state_action_distance |            3.42 |
|             Metric/avg_self_state_asymmetry |               0 |
|            Metric/avg_cross_state_asymmetry |          0.0176 |
|                Metric/avg_self_sa_asymmetry |               0 |
|               Metric/avg_cross_sa_asymmetry |           0.021 |
|  Metric/self_state_action_to_state_distance |         0.00201 |
| Metric/cross_state_action_to_state_distance |             3.4 |
|                   Metric/h_lambda_diff_self |          0.0126 |
|                  Metric/h_lambda_diff_cross |          0.0373 |
|                                 Eval/Return |             837 |
-----------------------------------------------------------------
-----------------------------------------------------------------
|                                 Train/Steps |         4.1e+06 |
|                            Loss/Loss_critic |          0.0697 |
|                             Loss/Loss_actor |             -80 |
|                             Loss/Loss_alpha |        0.000446 |
|               Loss/Loss_state_action_metric |            3.07 |
|                      Loss/Loss_state_metric |            1.46 |
|             Loss/Loss_state_action_to_state |           0.009 |
|                           Loss/Act_rep_loss |         0.00654 |
|                                   SAC/Alpha |         0.00985 |
|                              SAC/LogPi_mean |           0.408 |
|                                 SAC/Q1_mean |              80 |
|                                 SAC/Q2_mean |              80 |
|                            Norm/actor_model |             146 |
|                           Norm/critic_model |             203 |
|              Norm/state_action_metric_model |             149 |
|                     Norm/state_metric_model |             218 |
|        Norm/state_action_state_metric_model |             115 |
|                  Metric/self_state_distance |         0.00738 |
|                 Metric/cross_state_distance |            2.44 |
|           Metric/self_state_action_distance |         0.00907 |
|          Metric/cross_state_action_distance |            3.38 |
|             Metric/avg_self_state_asymmetry |               0 |
|            Metric/avg_cross_state_asymmetry |          0.0179 |
|                Metric/avg_self_sa_asymmetry |               0 |
|               Metric/avg_cross_sa_asymmetry |          0.0214 |
|  Metric/self_state_action_to_state_distance |          0.0266 |
| Metric/cross_state_action_to_state_distance |            3.38 |
|                   Metric/h_lambda_diff_self |          0.0289 |
|                  Metric/h_lambda_diff_cross |          0.0521 |
|                                 Eval/Return |             838 |
-----------------------------------------------------------------
[32mSaving model …[0m
[32mDone.[0m
[32mSaving model …[0m
[32mDone.[0m
-----------------------------------------------------------------
|                                 Train/Steps |        4.23e+06 |
|                            Loss/Loss_critic |          0.0396 |
|                             Loss/Loss_actor |           -81.3 |
|                             Loss/Loss_alpha |        0.000511 |
|               Loss/Loss_state_action_metric |            2.74 |
|                      Loss/Loss_state_metric |            1.34 |
|             Loss/Loss_state_action_to_state |         0.00173 |
|                           Loss/Act_rep_loss |         0.00432 |
|                                   SAC/Alpha |         0.00821 |
|                              SAC/LogPi_mean |           0.382 |
|                                 SAC/Q1_mean |            81.3 |
|                                 SAC/Q2_mean |            81.3 |
|                            Norm/actor_model |             148 |
|                           Norm/critic_model |             205 |
|              Norm/state_action_metric_model |             153 |
|                     Norm/state_metric_model |             223 |
|        Norm/state_action_state_metric_model |             118 |
|                  Metric/self_state_distance |         0.00711 |
|                 Metric/cross_state_distance |            2.36 |
|           Metric/self_state_action_distance |          0.0057 |
|          Metric/cross_state_action_distance |             3.2 |
|             Metric/avg_self_state_asymmetry |               0 |
|            Metric/avg_cross_state_asymmetry |          0.0162 |
|                Metric/avg_self_sa_asymmetry |               0 |
|               Metric/avg_cross_sa_asymmetry |          0.0202 |
|  Metric/self_state_action_to_state_distance |         0.00137 |
| Metric/cross_state_action_to_state_distance |            3.22 |
|                   Metric/h_lambda_diff_self |           0.005 |
|                  Metric/h_lambda_diff_cross |          0.0366 |
|                                 Eval/Return |             840 |
-----------------------------------------------------------------
-----------------------------------------------------------------
|                                 Train/Steps |        4.36e+06 |
|                            Loss/Loss_critic |          0.0387 |
|                             Loss/Loss_actor |           -84.8 |
|                             Loss/Loss_alpha |        0.000795 |
|               Loss/Loss_state_action_metric |            2.47 |
|                      Loss/Loss_state_metric |            1.21 |
|             Loss/Loss_state_action_to_state |         0.00103 |
|                           Loss/Act_rep_loss |          0.0105 |
|                                   SAC/Alpha |         0.00647 |
|                              SAC/LogPi_mean |           0.418 |
|                                 SAC/Q1_mean |            84.8 |
|                                 SAC/Q2_mean |            84.9 |
|                            Norm/actor_model |             149 |
|                           Norm/critic_model |             207 |
|              Norm/state_action_metric_model |             156 |
|                     Norm/state_metric_model |             228 |
|        Norm/state_action_state_metric_model |             120 |
|                  Metric/self_state_distance |         0.00644 |
|                 Metric/cross_state_distance |            2.18 |
|           Metric/self_state_action_distance |          0.0114 |
|          Metric/cross_state_action_distance |            2.96 |
|             Metric/avg_self_state_asymmetry |               0 |
|            Metric/avg_cross_state_asymmetry |          0.0122 |
|                Metric/avg_self_sa_asymmetry |               0 |
|               Metric/avg_cross_sa_asymmetry |          0.0172 |
|  Metric/self_state_action_to_state_distance |         0.00194 |
| Metric/cross_state_action_to_state_distance |            2.93 |
|                   Metric/h_lambda_diff_self |          0.0106 |
|                  Metric/h_lambda_diff_cross |          0.0412 |
|                                 Eval/Return |             838 |
-----------------------------------------------------------------
-----------------------------------------------------------------
|                                 Train/Steps |        4.49e+06 |
|                            Loss/Loss_critic |          0.0369 |
|                             Loss/Loss_actor |           -85.2 |
|                             Loss/Loss_alpha |       -0.000286 |
|               Loss/Loss_state_action_metric |            2.66 |
|                      Loss/Loss_state_metric |            1.25 |
|             Loss/Loss_state_action_to_state |         0.00225 |
|                           Loss/Act_rep_loss |         0.00617 |
|                                   SAC/Alpha |         0.00488 |
|                              SAC/LogPi_mean |            0.55 |
|                                 SAC/Q1_mean |            85.2 |
|                                 SAC/Q2_mean |            85.2 |
|                            Norm/actor_model |             151 |
|                           Norm/critic_model |             208 |
|              Norm/state_action_metric_model |             159 |
|                     Norm/state_metric_model |             234 |
|        Norm/state_action_state_metric_model |             121 |
|                  Metric/self_state_distance |         0.00671 |
|                 Metric/cross_state_distance |            2.25 |
|           Metric/self_state_action_distance |          0.0157 |
|          Metric/cross_state_action_distance |            3.11 |
|             Metric/avg_self_state_asymmetry |               0 |
|            Metric/avg_cross_state_asymmetry |          0.0137 |
|                Metric/avg_self_sa_asymmetry |               0 |
|               Metric/avg_cross_sa_asymmetry |          0.0185 |
|  Metric/self_state_action_to_state_distance |         0.00204 |
| Metric/cross_state_action_to_state_distance |            3.09 |
|                   Metric/h_lambda_diff_self |          0.0142 |
|                  Metric/h_lambda_diff_cross |          0.0362 |
|                                 Eval/Return |             841 |
-----------------------------------------------------------------
-----------------------------------------------------------------
|                                 Train/Steps |        4.62e+06 |
|                            Loss/Loss_critic |          0.0226 |
|                             Loss/Loss_actor |           -89.3 |
|                             Loss/Loss_alpha |       -5.57e-05 |
|               Loss/Loss_state_action_metric |            2.41 |
|                      Loss/Loss_state_metric |            1.04 |
|             Loss/Loss_state_action_to_state |         0.00333 |
|                           Loss/Act_rep_loss |         0.00854 |
|                                   SAC/Alpha |         0.00388 |
|                              SAC/LogPi_mean |           0.512 |
|                                 SAC/Q1_mean |            89.4 |
|                                 SAC/Q2_mean |            89.3 |
|                            Norm/actor_model |             152 |
|                           Norm/critic_model |             210 |
|              Norm/state_action_metric_model |             162 |
|                     Norm/state_metric_model |             239 |
|        Norm/state_action_state_metric_model |             123 |
|                  Metric/self_state_distance |         0.00658 |
|                 Metric/cross_state_distance |            2.02 |
|           Metric/self_state_action_distance |          0.0111 |
|          Metric/cross_state_action_distance |            2.67 |
|             Metric/avg_self_state_asymmetry |               0 |
|            Metric/avg_cross_state_asymmetry |           0.017 |
|                Metric/avg_self_sa_asymmetry |               0 |
|               Metric/avg_cross_sa_asymmetry |          0.0205 |
|  Metric/self_state_action_to_state_distance |         0.00171 |
| Metric/cross_state_action_to_state_distance |            2.65 |
|                   Metric/h_lambda_diff_self |          0.0109 |
|                  Metric/h_lambda_diff_cross |          0.0352 |
|                                 Eval/Return |             839 |
-----------------------------------------------------------------
-----------------------------------------------------------------
|                                 Train/Steps |        4.74e+06 |
|                            Loss/Loss_critic |          0.0227 |
|                             Loss/Loss_actor |           -89.6 |
|                             Loss/Loss_alpha |       -0.000127 |
|               Loss/Loss_state_action_metric |            2.69 |
|                      Loss/Loss_state_metric |            1.16 |
|             Loss/Loss_state_action_to_state |        0.000631 |
|                           Loss/Act_rep_loss |         0.00644 |
|                                   SAC/Alpha |         0.00325 |
|                              SAC/LogPi_mean |           0.551 |
|                                 SAC/Q1_mean |            89.6 |
|                                 SAC/Q2_mean |            89.6 |
|                            Norm/actor_model |             153 |
|                           Norm/critic_model |             211 |
|              Norm/state_action_metric_model |             165 |
|                     Norm/state_metric_model |             243 |
|        Norm/state_action_state_metric_model |             124 |
|                  Metric/self_state_distance |          0.0046 |
|                 Metric/cross_state_distance |            2.12 |
|           Metric/self_state_action_distance |           0.014 |
|          Metric/cross_state_action_distance |            2.74 |
|             Metric/avg_self_state_asymmetry |               0 |
|            Metric/avg_cross_state_asymmetry |          0.0084 |
|                Metric/avg_self_sa_asymmetry |               0 |
|               Metric/avg_cross_sa_asymmetry |          0.0137 |
|  Metric/self_state_action_to_state_distance |           0.002 |
| Metric/cross_state_action_to_state_distance |            2.75 |
|                   Metric/h_lambda_diff_self |          0.0127 |
|                  Metric/h_lambda_diff_cross |          0.0235 |
|                                 Eval/Return |             828 |
-----------------------------------------------------------------
-----------------------------------------------------------------
|                                 Train/Steps |        4.87e+06 |
|                            Loss/Loss_critic |          0.0048 |
|                             Loss/Loss_actor |           -92.5 |
|                             Loss/Loss_alpha |        0.000698 |
|               Loss/Loss_state_action_metric |            1.84 |
|                      Loss/Loss_state_metric |           0.903 |
|             Loss/Loss_state_action_to_state |        0.000508 |
|                           Loss/Act_rep_loss |           0.013 |
|                                   SAC/Alpha |          0.0028 |
|                              SAC/LogPi_mean |            0.31 |
|                                 SAC/Q1_mean |            92.5 |
|                                 SAC/Q2_mean |            92.5 |
|                            Norm/actor_model |             154 |
|                           Norm/critic_model |             212 |
|              Norm/state_action_metric_model |             167 |
|                     Norm/state_metric_model |             247 |
|        Norm/state_action_state_metric_model |             125 |
|                  Metric/self_state_distance |         0.00798 |
|                 Metric/cross_state_distance |            1.86 |
|           Metric/self_state_action_distance |          0.0121 |
|          Metric/cross_state_action_distance |            2.35 |
|             Metric/avg_self_state_asymmetry |               0 |
|            Metric/avg_cross_state_asymmetry |         0.00762 |
|                Metric/avg_self_sa_asymmetry |               0 |
|               Metric/avg_cross_sa_asymmetry |          0.0129 |
|  Metric/self_state_action_to_state_distance |         0.00797 |
| Metric/cross_state_action_to_state_distance |            2.38 |
|                   Metric/h_lambda_diff_self |          0.0085 |
|                  Metric/h_lambda_diff_cross |          0.0353 |
|                                 Eval/Return |             846 |
-----------------------------------------------------------------
-----------------------------------------------------------------
|                                 Train/Steps |           5e+06 |
|                            Loss/Loss_critic |         0.00547 |
|                             Loss/Loss_actor |           -91.7 |
|                             Loss/Loss_alpha |       -0.000177 |
|               Loss/Loss_state_action_metric |            2.71 |
|                      Loss/Loss_state_metric |            1.17 |
|             Loss/Loss_state_action_to_state |        0.000174 |
|                           Loss/Act_rep_loss |         0.00736 |
|                                   SAC/Alpha |         0.00283 |
|                              SAC/LogPi_mean |           0.563 |
|                                 SAC/Q1_mean |            91.7 |
|                                 SAC/Q2_mean |            91.7 |
|                            Norm/actor_model |             154 |
|                           Norm/critic_model |             211 |
|              Norm/state_action_metric_model |             169 |
|                     Norm/state_metric_model |             251 |
|        Norm/state_action_state_metric_model |             126 |
|                  Metric/self_state_distance |         0.00393 |
|                 Metric/cross_state_distance |            2.06 |
|           Metric/self_state_action_distance |         0.00481 |
|          Metric/cross_state_action_distance |            2.66 |
|             Metric/avg_self_state_asymmetry |               0 |
|            Metric/avg_cross_state_asymmetry |         0.00824 |
|                Metric/avg_self_sa_asymmetry |               0 |
|               Metric/avg_cross_sa_asymmetry |         0.00931 |
|  Metric/self_state_action_to_state_distance |         0.00115 |
| Metric/cross_state_action_to_state_distance |            2.66 |
|                   Metric/h_lambda_diff_self |         0.00432 |
|                  Metric/h_lambda_diff_cross |          0.0117 |
|                                 Eval/Return |             846 |
-----------------------------------------------------------------
[32mSaving model …[0m
[32mDone.[0m
[32mSaving model …[0m
[32mDone.[0m
