E0927 18:52:16.057808 3781657 cuda_executor.cc:1526] Could not get kernel mode driver version: (INVALID_ARGUMENT: Version does not match the format X.Y.Z)
E0927 18:52:16.066512 3781548 cuda_executor.cc:1526] Could not get kernel mode driver version: (INVALID_ARGUMENT: Version does not match the format X.Y.Z)
[32mStart prefilling replay buffer[0m
[32mStart SAC training[0m
[32m{'log_freq': 1000, 'save_freq': 1000000, 'eval_episode_freq': 10, 'hidden_size': 256, 'lr': 0.001, 'max_grad_norm': 0.0, 'gamma': 0.99, 'update_tau': 0.005, 'train_per_step': 8, 'episode_length': 1000, 'warmup_samples': 8192, 'max_replay_size': 4000000, 'batch_size': 512, 'total_env_steps': 5000000, 'init_temperature': 0.1, 'nstep': 1, 'bootstrap_on_truncation': True, 'rep_lr_scale': 1.5, 'pair_tau': 0.1, 'vis_feq': 100000, 'n_vis_frames': 4, 'num_envs': 128, 'grad_steps': 50, 'transfer_freq': 10, 'transfer_steps': 8, 'reward_scaling': 1.0, 'num_eval_envs': 128, 'target_entropy': -3.0}[0m
[32m[nstep] nstep=1 bootstrap_on_truncation=True (discount from the buffer already contains gamma^nstep)[0m
-----------------------------------------------------------------
|                                 Train/Steps |        1.36e+05 |
|                            Loss/Loss_critic |           0.134 |
|                             Loss/Loss_actor |           -14.2 |
|                             Loss/Loss_alpha |         0.00651 |
|               Loss/Loss_state_action_metric |         0.00717 |
|                      Loss/Loss_state_metric |          0.0016 |
|             Loss/Loss_state_action_to_state |         0.00174 |
|                           Loss/Act_rep_loss |          0.0118 |
|                                   SAC/Alpha |          0.0164 |
|                              SAC/LogPi_mean |            2.95 |
|                                 SAC/Q1_mean |            13.9 |
|                                 SAC/Q2_mean |              14 |
|                            Norm/actor_model |            42.3 |
|                           Norm/critic_model |            48.5 |
|              Norm/state_action_metric_model |            31.9 |
|                     Norm/state_metric_model |            32.4 |
|        Norm/state_action_state_metric_model |              32 |
|                  Metric/self_state_distance |         0.00261 |
|                 Metric/cross_state_distance |            0.98 |
|           Metric/self_state_action_distance |         0.00262 |
|          Metric/cross_state_action_distance |           0.975 |
|             Metric/avg_self_state_asymmetry |               0 |
|            Metric/avg_cross_state_asymmetry |         0.00268 |
|                Metric/avg_self_sa_asymmetry |               0 |
|               Metric/avg_cross_sa_asymmetry |         0.00526 |
|  Metric/self_state_action_to_state_distance |           0.003 |
| Metric/cross_state_action_to_state_distance |           0.982 |
|                   Metric/h_lambda_diff_self |         0.00419 |
|                  Metric/h_lambda_diff_cross |          0.0142 |
|                                 Eval/Return |             825 |
-----------------------------------------------------------------
-----------------------------------------------------------------
|                                 Train/Steps |        2.64e+05 |
|                            Loss/Loss_critic |          0.0659 |
|                             Loss/Loss_actor |           -34.7 |
|                             Loss/Loss_alpha |         0.00354 |
|               Loss/Loss_state_action_metric |        0.000358 |
|                      Loss/Loss_state_metric |        0.000446 |
|             Loss/Loss_state_action_to_state |        0.000136 |
|                           Loss/Act_rep_loss |          0.0118 |
|                                   SAC/Alpha |          0.0113 |
|                              SAC/LogPi_mean |            2.87 |
|                                 SAC/Q1_mean |            34.6 |
|                                 SAC/Q2_mean |            34.6 |
|                            Norm/actor_model |            56.8 |
|                           Norm/critic_model |            59.9 |
|              Norm/state_action_metric_model |            34.5 |
|                     Norm/state_metric_model |            35.4 |
|        Norm/state_action_state_metric_model |            35.8 |
|                  Metric/self_state_distance |         0.00213 |
|                 Metric/cross_state_distance |           0.983 |
|           Metric/self_state_action_distance |         0.00167 |
|          Metric/cross_state_action_distance |           0.982 |
|             Metric/avg_self_state_asymmetry |               0 |
|            Metric/avg_cross_state_asymmetry |         0.00226 |
|                Metric/avg_self_sa_asymmetry |               0 |
|               Metric/avg_cross_sa_asymmetry |         0.00199 |
|  Metric/self_state_action_to_state_distance |         0.00466 |
| Metric/cross_state_action_to_state_distance |            0.98 |
|                   Metric/h_lambda_diff_self |         0.00439 |
|                  Metric/h_lambda_diff_cross |         0.00393 |
|                                 Eval/Return |             958 |
-----------------------------------------------------------------
-----------------------------------------------------------------
|                                 Train/Steps |        3.92e+05 |
|                            Loss/Loss_critic |          0.0587 |
|                             Loss/Loss_actor |           -50.4 |
|                             Loss/Loss_alpha |       -0.000641 |
|               Loss/Loss_state_action_metric |        0.000138 |
|                      Loss/Loss_state_metric |         0.00121 |
|             Loss/Loss_state_action_to_state |         0.00137 |
|                           Loss/Act_rep_loss |          0.0113 |
|                                   SAC/Alpha |          0.0091 |
|                              SAC/LogPi_mean |            3.04 |
|                                 SAC/Q1_mean |            50.4 |
|                                 SAC/Q2_mean |            50.3 |
|                            Norm/actor_model |            66.4 |
|                           Norm/critic_model |            68.2 |
|              Norm/state_action_metric_model |            36.5 |
|                     Norm/state_metric_model |            39.1 |
|        Norm/state_action_state_metric_model |            40.2 |
|                  Metric/self_state_distance |         0.00299 |
|                 Metric/cross_state_distance |           0.988 |
|           Metric/self_state_action_distance |         0.00157 |
|          Metric/cross_state_action_distance |            0.98 |
|             Metric/avg_self_state_asymmetry |               0 |
|            Metric/avg_cross_state_asymmetry |         0.00247 |
|                Metric/avg_self_sa_asymmetry |               0 |
|               Metric/avg_cross_sa_asymmetry |         0.00194 |
|  Metric/self_state_action_to_state_distance |         0.00491 |
| Metric/cross_state_action_to_state_distance |           0.979 |
|                   Metric/h_lambda_diff_self |         0.00488 |
|                  Metric/h_lambda_diff_cross |         0.00403 |
|                                 Eval/Return |             976 |
-----------------------------------------------------------------
-----------------------------------------------------------------
|                                 Train/Steps |         5.2e+05 |
|                            Loss/Loss_critic |          0.0626 |
|                             Loss/Loss_actor |           -62.2 |
|                             Loss/Loss_alpha |        0.000734 |
|               Loss/Loss_state_action_metric |        0.000163 |
|                      Loss/Loss_state_metric |        8.76e-05 |
|             Loss/Loss_state_action_to_state |        5.28e-06 |
|                           Loss/Act_rep_loss |          0.0155 |
|                                   SAC/Alpha |         0.00729 |
|                              SAC/LogPi_mean |            2.73 |
|                                 SAC/Q1_mean |            62.2 |
|                                 SAC/Q2_mean |              62 |
|                            Norm/actor_model |            73.9 |
|                           Norm/critic_model |            74.4 |
|              Norm/state_action_metric_model |            39.1 |
|                     Norm/state_metric_model |            43.1 |
|        Norm/state_action_state_metric_model |            44.5 |
|                  Metric/self_state_distance |         0.00221 |
|                 Metric/cross_state_distance |           0.984 |
|           Metric/self_state_action_distance |         0.00141 |
|          Metric/cross_state_action_distance |           0.979 |
|             Metric/avg_self_state_asymmetry |               0 |
|            Metric/avg_cross_state_asymmetry |         0.00143 |
|                Metric/avg_self_sa_asymmetry |               0 |
|               Metric/avg_cross_sa_asymmetry |        0.000713 |
|  Metric/self_state_action_to_state_distance |         0.00138 |
| Metric/cross_state_action_to_state_distance |            0.98 |
|                   Metric/h_lambda_diff_self |         0.00185 |
|                  Metric/h_lambda_diff_cross |         0.00111 |
|                                 Eval/Return |             972 |
-----------------------------------------------------------------
-----------------------------------------------------------------
|                                 Train/Steps |        6.48e+05 |
|                            Loss/Loss_critic |          0.0653 |
|                             Loss/Loss_actor |           -70.9 |
|                             Loss/Loss_alpha |         0.00265 |
|               Loss/Loss_state_action_metric |        0.000151 |
|                      Loss/Loss_state_metric |        8.95e-05 |
|             Loss/Loss_state_action_to_state |        2.55e-06 |
|                           Loss/Act_rep_loss |          0.0166 |
|                                   SAC/Alpha |         0.00564 |
|                              SAC/LogPi_mean |            2.52 |
|                                 SAC/Q1_mean |            70.8 |
|                                 SAC/Q2_mean |            70.9 |
|                            Norm/actor_model |            80.1 |
|                           Norm/critic_model |            80.1 |
|              Norm/state_action_metric_model |            41.8 |
|                     Norm/state_metric_model |            47.5 |
|        Norm/state_action_state_metric_model |            48.3 |
|                  Metric/self_state_distance |         0.00124 |
|                 Metric/cross_state_distance |           0.982 |
|           Metric/self_state_action_distance |        0.000614 |
|          Metric/cross_state_action_distance |           0.977 |
|             Metric/avg_self_state_asymmetry |               0 |
|            Metric/avg_cross_state_asymmetry |         0.00109 |
|                Metric/avg_self_sa_asymmetry |               0 |
|               Metric/avg_cross_sa_asymmetry |        0.000802 |
|  Metric/self_state_action_to_state_distance |        0.000694 |
| Metric/cross_state_action_to_state_distance |           0.978 |
|                   Metric/h_lambda_diff_self |         0.00086 |
|                  Metric/h_lambda_diff_cross |         0.00116 |
|                                 Eval/Return |             983 |
-----------------------------------------------------------------
-----------------------------------------------------------------
|                                 Train/Steps |        7.76e+05 |
|                            Loss/Loss_critic |          0.0802 |
|                             Loss/Loss_actor |           -78.2 |
|                             Loss/Loss_alpha |         0.00222 |
|               Loss/Loss_state_action_metric |         0.00392 |
|                      Loss/Loss_state_metric |        0.000502 |
|             Loss/Loss_state_action_to_state |        0.000533 |
|                           Loss/Act_rep_loss |          0.0182 |
|                                   SAC/Alpha |         0.00535 |
|                              SAC/LogPi_mean |            2.76 |
|                                 SAC/Q1_mean |            78.3 |
|                                 SAC/Q2_mean |            78.2 |
|                            Norm/actor_model |            85.6 |
|                           Norm/critic_model |            85.5 |
|              Norm/state_action_metric_model |            44.5 |
|                     Norm/state_metric_model |            50.9 |
|        Norm/state_action_state_metric_model |            51.1 |
|                  Metric/self_state_distance |         0.00109 |
|                 Metric/cross_state_distance |            0.98 |
|           Metric/self_state_action_distance |        0.000385 |
|          Metric/cross_state_action_distance |           0.972 |
|             Metric/avg_self_state_asymmetry |               0 |
|            Metric/avg_cross_state_asymmetry |         0.00121 |
|                Metric/avg_self_sa_asymmetry |               0 |
|               Metric/avg_cross_sa_asymmetry |         0.00201 |
|  Metric/self_state_action_to_state_distance |        0.000631 |
| Metric/cross_state_action_to_state_distance |           0.971 |
|                   Metric/h_lambda_diff_self |        0.000781 |
|                  Metric/h_lambda_diff_cross |          0.0027 |
|                                 Eval/Return |             974 |
-----------------------------------------------------------------
-----------------------------------------------------------------
|                                 Train/Steps |        9.04e+05 |
|                            Loss/Loss_critic |          0.0679 |
|                             Loss/Loss_actor |           -82.8 |
|                             Loss/Loss_alpha |        8.85e-05 |
|               Loss/Loss_state_action_metric |        0.000208 |
|                      Loss/Loss_state_metric |        0.000115 |
|             Loss/Loss_state_action_to_state |        1.67e-06 |
|                           Loss/Act_rep_loss |          0.0211 |
|                                   SAC/Alpha |         0.00454 |
|                              SAC/LogPi_mean |            3.02 |
|                                 SAC/Q1_mean |            82.8 |
|                                 SAC/Q2_mean |            82.7 |
|                            Norm/actor_model |            90.3 |
|                           Norm/critic_model |            90.2 |
|              Norm/state_action_metric_model |            47.4 |
|                     Norm/state_metric_model |            54.3 |
|        Norm/state_action_state_metric_model |            54.4 |
|                  Metric/self_state_distance |        0.000632 |
|                 Metric/cross_state_distance |           0.979 |
|           Metric/self_state_action_distance |         0.00104 |
|          Metric/cross_state_action_distance |           0.973 |
|             Metric/avg_self_state_asymmetry |               0 |
|            Metric/avg_cross_state_asymmetry |        0.000672 |
|                Metric/avg_self_sa_asymmetry |               0 |
|               Metric/avg_cross_sa_asymmetry |        0.000474 |
|  Metric/self_state_action_to_state_distance |        0.000198 |
| Metric/cross_state_action_to_state_distance |           0.974 |
|                   Metric/h_lambda_diff_self |         0.00105 |
|                  Metric/h_lambda_diff_cross |         0.00144 |
|                                 Eval/Return |             980 |
-----------------------------------------------------------------
-----------------------------------------------------------------
|                                 Train/Steps |        1.03e+06 |
|                            Loss/Loss_critic |          0.0838 |
|                             Loss/Loss_actor |             -86 |
|                             Loss/Loss_alpha |        0.000104 |
|               Loss/Loss_state_action_metric |        0.000192 |
|                      Loss/Loss_state_metric |        0.000163 |
|             Loss/Loss_state_action_to_state |        2.07e-06 |
|                           Loss/Act_rep_loss |          0.0228 |
|                                   SAC/Alpha |         0.00443 |
|                              SAC/LogPi_mean |            3.03 |
|                                 SAC/Q1_mean |            85.9 |
|                                 SAC/Q2_mean |              86 |
|                            Norm/actor_model |            94.3 |
|                           Norm/critic_model |            94.9 |
|              Norm/state_action_metric_model |            50.3 |
|                     Norm/state_metric_model |            57.3 |
|        Norm/state_action_state_metric_model |            56.8 |
|                  Metric/self_state_distance |         0.00335 |
|                 Metric/cross_state_distance |           0.976 |
|           Metric/self_state_action_distance |        0.000125 |
|          Metric/cross_state_action_distance |           0.973 |
|             Metric/avg_self_state_asymmetry |               0 |
|            Metric/avg_cross_state_asymmetry |         0.00129 |
|                Metric/avg_self_sa_asymmetry |               0 |
|               Metric/avg_cross_sa_asymmetry |        0.000613 |
|  Metric/self_state_action_to_state_distance |        0.000142 |
| Metric/cross_state_action_to_state_distance |           0.972 |
|                   Metric/h_lambda_diff_self |        0.000173 |
|                  Metric/h_lambda_diff_cross |         0.00126 |
|                                 Eval/Return |             982 |
-----------------------------------------------------------------
[32mSaving model …[0m
[32mDone.[0m
[32mSaving model …[0m
[32mDone.[0m
-----------------------------------------------------------------
|                                 Train/Steps |        1.16e+06 |
|                            Loss/Loss_critic |          0.0618 |
|                             Loss/Loss_actor |           -88.8 |
|                             Loss/Loss_alpha |        0.000843 |
|               Loss/Loss_state_action_metric |        0.000198 |
|                      Loss/Loss_state_metric |        0.000134 |
|             Loss/Loss_state_action_to_state |        2.35e-06 |
|                           Loss/Act_rep_loss |          0.0223 |
|                                   SAC/Alpha |         0.00349 |
|                              SAC/LogPi_mean |            2.72 |
|                                 SAC/Q1_mean |            88.8 |
|                                 SAC/Q2_mean |            88.8 |
|                            Norm/actor_model |            98.2 |
|                           Norm/critic_model |            99.5 |
|              Norm/state_action_metric_model |              53 |
|                     Norm/state_metric_model |            60.6 |
|        Norm/state_action_state_metric_model |            59.1 |
|                  Metric/self_state_distance |        0.000222 |
|                 Metric/cross_state_distance |           0.977 |
|           Metric/self_state_action_distance |        0.000236 |
|          Metric/cross_state_action_distance |           0.971 |
|             Metric/avg_self_state_asymmetry |               0 |
|            Metric/avg_cross_state_asymmetry |        0.000652 |
|                Metric/avg_self_sa_asymmetry |               0 |
|               Metric/avg_cross_sa_asymmetry |        0.000482 |
|  Metric/self_state_action_to_state_distance |        9.01e-05 |
| Metric/cross_state_action_to_state_distance |           0.972 |
|                   Metric/h_lambda_diff_self |        0.000226 |
|                  Metric/h_lambda_diff_cross |         0.00124 |
|                                 Eval/Return |             977 |
-----------------------------------------------------------------
-----------------------------------------------------------------
|                                 Train/Steps |        1.29e+06 |
|                            Loss/Loss_critic |           0.062 |
|                             Loss/Loss_actor |             -90 |
|                             Loss/Loss_alpha |        -0.00266 |
|               Loss/Loss_state_action_metric |        0.000202 |
|                      Loss/Loss_state_metric |        0.000159 |
|             Loss/Loss_state_action_to_state |        3.16e-06 |
|                           Loss/Act_rep_loss |          0.0214 |
|                                   SAC/Alpha |         0.00357 |
|                              SAC/LogPi_mean |            3.83 |
|                                 SAC/Q1_mean |            90.1 |
|                                 SAC/Q2_mean |              90 |
|                            Norm/actor_model |             102 |
|                           Norm/critic_model |             104 |
|              Norm/state_action_metric_model |            55.4 |
|                     Norm/state_metric_model |            63.5 |
|        Norm/state_action_state_metric_model |            62.1 |
|                  Metric/self_state_distance |         0.00246 |
|                 Metric/cross_state_distance |           0.979 |
|           Metric/self_state_action_distance |         0.00165 |
|          Metric/cross_state_action_distance |           0.972 |
|             Metric/avg_self_state_asymmetry |               0 |
|            Metric/avg_cross_state_asymmetry |         0.00103 |
|                Metric/avg_self_sa_asymmetry |               0 |
|               Metric/avg_cross_sa_asymmetry |        0.000524 |
|  Metric/self_state_action_to_state_distance |        0.000449 |
| Metric/cross_state_action_to_state_distance |           0.972 |
|                   Metric/h_lambda_diff_self |          0.0017 |
|                  Metric/h_lambda_diff_cross |         0.00085 |
|                                 Eval/Return |             982 |
-----------------------------------------------------------------
-----------------------------------------------------------------
|                                 Train/Steps |        1.42e+06 |
|                            Loss/Loss_critic |          0.0437 |
|                             Loss/Loss_actor |           -92.7 |
|                             Loss/Loss_alpha |         0.00165 |
|               Loss/Loss_state_action_metric |        0.000991 |
|                      Loss/Loss_state_metric |        0.000925 |
|             Loss/Loss_state_action_to_state |        5.42e-05 |
|                           Loss/Act_rep_loss |          0.0234 |
|                                   SAC/Alpha |         0.00315 |
|                              SAC/LogPi_mean |            2.34 |
|                                 SAC/Q1_mean |            92.8 |
|                                 SAC/Q2_mean |            92.7 |
|                            Norm/actor_model |             105 |
|                           Norm/critic_model |             108 |
|              Norm/state_action_metric_model |            58.7 |
|                     Norm/state_metric_model |            66.1 |
|        Norm/state_action_state_metric_model |            64.4 |
|                  Metric/self_state_distance |          0.0011 |
|                 Metric/cross_state_distance |           0.971 |
|           Metric/self_state_action_distance |        0.000206 |
|          Metric/cross_state_action_distance |           0.967 |
|             Metric/avg_self_state_asymmetry |               0 |
|            Metric/avg_cross_state_asymmetry |        0.000764 |
|                Metric/avg_self_sa_asymmetry |               0 |
|               Metric/avg_cross_sa_asymmetry |        0.000438 |
|  Metric/self_state_action_to_state_distance |         0.00117 |
| Metric/cross_state_action_to_state_distance |           0.967 |
|                   Metric/h_lambda_diff_self |         0.00126 |
|                  Metric/h_lambda_diff_cross |        0.000688 |
|                                 Eval/Return |             986 |
-----------------------------------------------------------------
-----------------------------------------------------------------
|                                 Train/Steps |        1.54e+06 |
|                            Loss/Loss_critic |          0.0613 |
|                             Loss/Loss_actor |           -93.5 |
|                             Loss/Loss_alpha |        0.000451 |
|               Loss/Loss_state_action_metric |        0.000684 |
|                      Loss/Loss_state_metric |        0.000159 |
|             Loss/Loss_state_action_to_state |        1.35e-06 |
|                           Loss/Act_rep_loss |           0.024 |
|                                   SAC/Alpha |         0.00306 |
|                              SAC/LogPi_mean |            3.01 |
|                                 SAC/Q1_mean |            93.5 |
|                                 SAC/Q2_mean |            93.6 |
|                            Norm/actor_model |             108 |
|                           Norm/critic_model |             112 |
|              Norm/state_action_metric_model |            61.5 |
|                     Norm/state_metric_model |            69.2 |
|        Norm/state_action_state_metric_model |            66.4 |
|                  Metric/self_state_distance |        0.000384 |
|                 Metric/cross_state_distance |           0.976 |
|           Metric/self_state_action_distance |         0.00361 |
|          Metric/cross_state_action_distance |            0.97 |
|             Metric/avg_self_state_asymmetry |               0 |
|            Metric/avg_cross_state_asymmetry |        0.000568 |
|                Metric/avg_self_sa_asymmetry |               0 |
|               Metric/avg_cross_sa_asymmetry |         0.00116 |
|  Metric/self_state_action_to_state_distance |        0.000156 |
| Metric/cross_state_action_to_state_distance |           0.971 |
|                   Metric/h_lambda_diff_self |         0.00349 |
|                  Metric/h_lambda_diff_cross |         0.00101 |
|                                 Eval/Return |             979 |
-----------------------------------------------------------------
-----------------------------------------------------------------
|                                 Train/Steps |        1.67e+06 |
|                            Loss/Loss_critic |          0.0456 |
|                             Loss/Loss_actor |           -94.2 |
|                             Loss/Loss_alpha |        0.000876 |
|               Loss/Loss_state_action_metric |        0.000223 |
|                      Loss/Loss_state_metric |        0.000155 |
|             Loss/Loss_state_action_to_state |        5.63e-07 |
|                           Loss/Act_rep_loss |          0.0242 |
|                                   SAC/Alpha |         0.00271 |
|                              SAC/LogPi_mean |            2.53 |
|                                 SAC/Q1_mean |            94.2 |
|                                 SAC/Q2_mean |            94.2 |
|                            Norm/actor_model |             111 |
|                           Norm/critic_model |             116 |
|              Norm/state_action_metric_model |              64 |
|                     Norm/state_metric_model |            71.3 |
|        Norm/state_action_state_metric_model |              69 |
|                  Metric/self_state_distance |        0.000129 |
|                 Metric/cross_state_distance |           0.975 |
|           Metric/self_state_action_distance |        8.58e-05 |
|          Metric/cross_state_action_distance |            0.97 |
|             Metric/avg_self_state_asymmetry |               0 |
|            Metric/avg_cross_state_asymmetry |        0.000478 |
|                Metric/avg_self_sa_asymmetry |               0 |
|               Metric/avg_cross_sa_asymmetry |        0.000401 |
|  Metric/self_state_action_to_state_distance |        6.85e-05 |
| Metric/cross_state_action_to_state_distance |            0.97 |
|                   Metric/h_lambda_diff_self |        0.000114 |
|                  Metric/h_lambda_diff_cross |        0.000571 |
|                                 Eval/Return |             985 |
-----------------------------------------------------------------
-----------------------------------------------------------------
|                                 Train/Steps |         1.8e+06 |
|                            Loss/Loss_critic |          0.0742 |
|                             Loss/Loss_actor |           -95.2 |
|                             Loss/Loss_alpha |       -0.000547 |
|               Loss/Loss_state_action_metric |        0.000227 |
|                      Loss/Loss_state_metric |        0.000158 |
|             Loss/Loss_state_action_to_state |        6.75e-07 |
|                           Loss/Act_rep_loss |          0.0245 |
|                                   SAC/Alpha |         0.00243 |
|                              SAC/LogPi_mean |            3.22 |
|                                 SAC/Q1_mean |            95.2 |
|                                 SAC/Q2_mean |            95.2 |
|                            Norm/actor_model |             115 |
|                           Norm/critic_model |             119 |
|              Norm/state_action_metric_model |            66.1 |
|                     Norm/state_metric_model |            73.6 |
|        Norm/state_action_state_metric_model |            70.8 |
|                  Metric/self_state_distance |        8.61e-05 |
|                 Metric/cross_state_distance |           0.975 |
|           Metric/self_state_action_distance |        6.92e-05 |
|          Metric/cross_state_action_distance |            0.97 |
|             Metric/avg_self_state_asymmetry |               0 |
|            Metric/avg_cross_state_asymmetry |         0.00042 |
|                Metric/avg_self_sa_asymmetry |               0 |
|               Metric/avg_cross_sa_asymmetry |         0.00045 |
|  Metric/self_state_action_to_state_distance |        4.95e-05 |
| Metric/cross_state_action_to_state_distance |           0.969 |
|                   Metric/h_lambda_diff_self |        8.99e-05 |
|                  Metric/h_lambda_diff_cross |         0.00063 |
|                                 Eval/Return |             983 |
-----------------------------------------------------------------
-----------------------------------------------------------------
|                                 Train/Steps |        1.93e+06 |
|                            Loss/Loss_critic |          0.0548 |
|                             Loss/Loss_actor |           -95.4 |
|                             Loss/Loss_alpha |         -0.0014 |
|               Loss/Loss_state_action_metric |        0.000234 |
|                      Loss/Loss_state_metric |        0.000159 |
|             Loss/Loss_state_action_to_state |        7.15e-06 |
|                           Loss/Act_rep_loss |          0.0245 |
|                                   SAC/Alpha |         0.00224 |
|                              SAC/LogPi_mean |            3.55 |
|                                 SAC/Q1_mean |            95.4 |
|                                 SAC/Q2_mean |            95.3 |
|                            Norm/actor_model |             117 |
|                           Norm/critic_model |             123 |
|              Norm/state_action_metric_model |            68.3 |
|                     Norm/state_metric_model |            76.2 |
|        Norm/state_action_state_metric_model |            72.8 |
|                  Metric/self_state_distance |        8.69e-05 |
|                 Metric/cross_state_distance |           0.974 |
|           Metric/self_state_action_distance |        0.000418 |
|          Metric/cross_state_action_distance |           0.969 |
|             Metric/avg_self_state_asymmetry |               0 |
|            Metric/avg_cross_state_asymmetry |        0.000406 |
|                Metric/avg_self_sa_asymmetry |               0 |
|               Metric/avg_cross_sa_asymmetry |        0.000343 |
|  Metric/self_state_action_to_state_distance |        0.000931 |
| Metric/cross_state_action_to_state_distance |           0.969 |
|                   Metric/h_lambda_diff_self |         0.00126 |
|                  Metric/h_lambda_diff_cross |        0.000742 |
|                                 Eval/Return |             985 |
-----------------------------------------------------------------
-----------------------------------------------------------------
|                                 Train/Steps |        2.06e+06 |
|                            Loss/Loss_critic |          0.0358 |
|                             Loss/Loss_actor |           -96.1 |
|                             Loss/Loss_alpha |        0.000286 |
|               Loss/Loss_state_action_metric |        0.000229 |
|                      Loss/Loss_state_metric |         0.00016 |
|             Loss/Loss_state_action_to_state |        5.93e-07 |
|                           Loss/Act_rep_loss |          0.0247 |
|                                   SAC/Alpha |         0.00216 |
|                              SAC/LogPi_mean |            2.94 |
|                                 SAC/Q1_mean |              96 |
|                                 SAC/Q2_mean |            96.1 |
|                            Norm/actor_model |             120 |
|                           Norm/critic_model |             126 |
|              Norm/state_action_metric_model |            71.1 |
|                     Norm/state_metric_model |            78.5 |
|        Norm/state_action_state_metric_model |            75.4 |
|                  Metric/self_state_distance |        6.41e-05 |
|                 Metric/cross_state_distance |           0.975 |
|           Metric/self_state_action_distance |        0.000299 |
|          Metric/cross_state_action_distance |            0.97 |
|             Metric/avg_self_state_asymmetry |               0 |
|            Metric/avg_cross_state_asymmetry |        0.000477 |
|                Metric/avg_self_sa_asymmetry |               0 |
|               Metric/avg_cross_sa_asymmetry |         0.00035 |
|  Metric/self_state_action_to_state_distance |        2.44e-05 |
| Metric/cross_state_action_to_state_distance |           0.969 |
|                   Metric/h_lambda_diff_self |        0.000281 |
|                  Metric/h_lambda_diff_cross |        0.000513 |
|                                 Eval/Return |             981 |
-----------------------------------------------------------------
[32mSaving model …[0m
[32mDone.[0m
[32mSaving model …[0m
[32mDone.[0m
-----------------------------------------------------------------
|                                 Train/Steps |        2.18e+06 |
|                            Loss/Loss_critic |          0.0425 |
|                             Loss/Loss_actor |           -96.3 |
|                             Loss/Loss_alpha |       -0.000246 |
|               Loss/Loss_state_action_metric |        0.000249 |
|                      Loss/Loss_state_metric |        0.000164 |
|             Loss/Loss_state_action_to_state |        2.44e-06 |
|                           Loss/Act_rep_loss |          0.0256 |
|                                   SAC/Alpha |         0.00188 |
|                              SAC/LogPi_mean |             3.1 |
|                                 SAC/Q1_mean |            96.3 |
|                                 SAC/Q2_mean |            96.4 |
|                            Norm/actor_model |             123 |
|                           Norm/critic_model |             130 |
|              Norm/state_action_metric_model |            72.9 |
|                     Norm/state_metric_model |            81.2 |
|        Norm/state_action_state_metric_model |            77.6 |
|                  Metric/self_state_distance |        0.000192 |
|                 Metric/cross_state_distance |           0.973 |
|           Metric/self_state_action_distance |        0.000805 |
|          Metric/cross_state_action_distance |           0.969 |
|             Metric/avg_self_state_asymmetry |               0 |
|            Metric/avg_cross_state_asymmetry |        0.000375 |
|                Metric/avg_self_sa_asymmetry |               0 |
|               Metric/avg_cross_sa_asymmetry |        0.000331 |
|  Metric/self_state_action_to_state_distance |         0.00116 |
| Metric/cross_state_action_to_state_distance |           0.969 |
|                   Metric/h_lambda_diff_self |         0.00193 |
|                  Metric/h_lambda_diff_cross |        0.000632 |
|                                 Eval/Return |             985 |
-----------------------------------------------------------------
-----------------------------------------------------------------
|                                 Train/Steps |        2.31e+06 |
|                            Loss/Loss_critic |          0.0433 |
|                             Loss/Loss_actor |           -96.7 |
|                             Loss/Loss_alpha |        0.000151 |
|               Loss/Loss_state_action_metric |        0.000234 |
|                      Loss/Loss_state_metric |        0.000165 |
|             Loss/Loss_state_action_to_state |        3.33e-07 |
|                           Loss/Act_rep_loss |           0.025 |
|                                   SAC/Alpha |         0.00186 |
|                              SAC/LogPi_mean |            3.19 |
|                                 SAC/Q1_mean |            96.6 |
|                                 SAC/Q2_mean |            96.7 |
|                            Norm/actor_model |             125 |
|                           Norm/critic_model |             134 |
|              Norm/state_action_metric_model |            74.7 |
|                     Norm/state_metric_model |            83.6 |
|        Norm/state_action_state_metric_model |            79.5 |
|                  Metric/self_state_distance |        4.07e-05 |
|                 Metric/cross_state_distance |           0.974 |
|           Metric/self_state_action_distance |        7.08e-05 |
|          Metric/cross_state_action_distance |           0.969 |
|             Metric/avg_self_state_asymmetry |               0 |
|            Metric/avg_cross_state_asymmetry |        0.000336 |
|                Metric/avg_self_sa_asymmetry |               0 |
|               Metric/avg_cross_sa_asymmetry |        0.000318 |
|  Metric/self_state_action_to_state_distance |        1.35e-05 |
| Metric/cross_state_action_to_state_distance |           0.969 |
|                   Metric/h_lambda_diff_self |        7.36e-05 |
|                  Metric/h_lambda_diff_cross |        0.000414 |
|                                 Eval/Return |             983 |
-----------------------------------------------------------------
-----------------------------------------------------------------
|                                 Train/Steps |        2.44e+06 |
|                            Loss/Loss_critic |          0.0267 |
|                             Loss/Loss_actor |           -97.4 |
|                             Loss/Loss_alpha |        0.000431 |
|               Loss/Loss_state_action_metric |        0.000247 |
|                      Loss/Loss_state_metric |        0.000175 |
|             Loss/Loss_state_action_to_state |        1.13e-06 |
|                           Loss/Act_rep_loss |          0.0254 |
|                                   SAC/Alpha |         0.00195 |
|                              SAC/LogPi_mean |            2.74 |
|                                 SAC/Q1_mean |            97.6 |
|                                 SAC/Q2_mean |            97.4 |
|                            Norm/actor_model |             127 |
|                           Norm/critic_model |             137 |
|              Norm/state_action_metric_model |            76.5 |
|                     Norm/state_metric_model |            86.2 |
|        Norm/state_action_state_metric_model |            81.8 |
|                  Metric/self_state_distance |        7.73e-05 |
|                 Metric/cross_state_distance |           0.974 |
|           Metric/self_state_action_distance |        0.000179 |
|          Metric/cross_state_action_distance |           0.968 |
|             Metric/avg_self_state_asymmetry |               0 |
|            Metric/avg_cross_state_asymmetry |        0.000431 |
|                Metric/avg_self_sa_asymmetry |               0 |
|               Metric/avg_cross_sa_asymmetry |        0.000368 |
|  Metric/self_state_action_to_state_distance |        0.000231 |
| Metric/cross_state_action_to_state_distance |           0.968 |
|                   Metric/h_lambda_diff_self |        0.000355 |
|                  Metric/h_lambda_diff_cross |        0.000508 |
|                                 Eval/Return |             984 |
-----------------------------------------------------------------
-----------------------------------------------------------------
|                                 Train/Steps |        2.57e+06 |
|                            Loss/Loss_critic |          0.0356 |
|                             Loss/Loss_actor |           -97.1 |
|                             Loss/Loss_alpha |        0.000594 |
|               Loss/Loss_state_action_metric |         0.00024 |
|                      Loss/Loss_state_metric |        0.000171 |
|             Loss/Loss_state_action_to_state |        2.99e-07 |
|                           Loss/Act_rep_loss |          0.0252 |
|                                   SAC/Alpha |         0.00172 |
|                              SAC/LogPi_mean |            2.45 |
|                                 SAC/Q1_mean |            97.1 |
|                                 SAC/Q2_mean |              97 |
|                            Norm/actor_model |             130 |
|                           Norm/critic_model |             140 |
|              Norm/state_action_metric_model |            78.8 |
|                     Norm/state_metric_model |              88 |
|        Norm/state_action_state_metric_model |            83.6 |
|                  Metric/self_state_distance |        1.12e-05 |
|                 Metric/cross_state_distance |           0.974 |
|           Metric/self_state_action_distance |        6.07e-05 |
|          Metric/cross_state_action_distance |           0.968 |
|             Metric/avg_self_state_asymmetry |               0 |
|            Metric/avg_cross_state_asymmetry |        0.000524 |
|                Metric/avg_self_sa_asymmetry |               0 |
|               Metric/avg_cross_sa_asymmetry |        0.000384 |
|  Metric/self_state_action_to_state_distance |        8.49e-05 |
| Metric/cross_state_action_to_state_distance |           0.968 |
|                   Metric/h_lambda_diff_self |        0.000117 |
|                  Metric/h_lambda_diff_cross |        0.000442 |
|                                 Eval/Return |             979 |
-----------------------------------------------------------------
-----------------------------------------------------------------
|                                 Train/Steps |         2.7e+06 |
|                            Loss/Loss_critic |          0.0324 |
|                             Loss/Loss_actor |           -97.4 |
|                             Loss/Loss_alpha |         2.7e-05 |
|               Loss/Loss_state_action_metric |        0.000242 |
|                      Loss/Loss_state_metric |        0.000172 |
|             Loss/Loss_state_action_to_state |         1.6e-07 |
|                           Loss/Act_rep_loss |          0.0263 |
|                                   SAC/Alpha |         0.00161 |
|                              SAC/LogPi_mean |            3.05 |
|                                 SAC/Q1_mean |            97.4 |
|                                 SAC/Q2_mean |            97.5 |
|                            Norm/actor_model |             132 |
|                           Norm/critic_model |             143 |
|              Norm/state_action_metric_model |            81.2 |
|                     Norm/state_metric_model |            89.8 |
|        Norm/state_action_state_metric_model |            85.3 |
|                  Metric/self_state_distance |        2.29e-05 |
|                 Metric/cross_state_distance |           0.973 |
|           Metric/self_state_action_distance |        0.000161 |
|          Metric/cross_state_action_distance |           0.968 |
|             Metric/avg_self_state_asymmetry |               0 |
|            Metric/avg_cross_state_asymmetry |        0.000563 |
|                Metric/avg_self_sa_asymmetry |               0 |
|               Metric/avg_cross_sa_asymmetry |        0.000345 |
|  Metric/self_state_action_to_state_distance |        3.18e-05 |
| Metric/cross_state_action_to_state_distance |           0.968 |
|                   Metric/h_lambda_diff_self |        0.000163 |
|                  Metric/h_lambda_diff_cross |        0.000369 |
|                                 Eval/Return |             976 |
-----------------------------------------------------------------
-----------------------------------------------------------------
|                                 Train/Steps |        2.82e+06 |
|                            Loss/Loss_critic |          0.0248 |
|                             Loss/Loss_actor |           -97.7 |
|                             Loss/Loss_alpha |         0.00036 |
|               Loss/Loss_state_action_metric |        0.000246 |
|                      Loss/Loss_state_metric |        0.000176 |
|             Loss/Loss_state_action_to_state |        3.15e-07 |
|                           Loss/Act_rep_loss |          0.0257 |
|                                   SAC/Alpha |         0.00176 |
|                              SAC/LogPi_mean |            2.72 |
|                                 SAC/Q1_mean |            97.7 |
|                                 SAC/Q2_mean |            97.8 |
|                            Norm/actor_model |             134 |
|                           Norm/critic_model |             147 |
|              Norm/state_action_metric_model |            82.9 |
|                     Norm/state_metric_model |              92 |
|        Norm/state_action_state_metric_model |              87 |
|                  Metric/self_state_distance |        3.91e-05 |
|                 Metric/cross_state_distance |           0.973 |
|           Metric/self_state_action_distance |        0.000163 |
|          Metric/cross_state_action_distance |           0.968 |
|             Metric/avg_self_state_asymmetry |               0 |
|            Metric/avg_cross_state_asymmetry |        0.000379 |
|                Metric/avg_self_sa_asymmetry |               0 |
|               Metric/avg_cross_sa_asymmetry |        0.000365 |
|  Metric/self_state_action_to_state_distance |        1.17e-05 |
| Metric/cross_state_action_to_state_distance |           0.967 |
|                   Metric/h_lambda_diff_self |        0.000157 |
|                  Metric/h_lambda_diff_cross |        0.000696 |
|                                 Eval/Return |             976 |
-----------------------------------------------------------------
-----------------------------------------------------------------
|                                 Train/Steps |        2.95e+06 |
|                            Loss/Loss_critic |          0.0494 |
|                             Loss/Loss_actor |           -97.2 |
|                             Loss/Loss_alpha |       -0.000801 |
|               Loss/Loss_state_action_metric |         0.00024 |
|                      Loss/Loss_state_metric |        0.000172 |
|             Loss/Loss_state_action_to_state |        4.19e-07 |
|                           Loss/Act_rep_loss |          0.0252 |
|                                   SAC/Alpha |         0.00152 |
|                              SAC/LogPi_mean |            3.35 |
|                                 SAC/Q1_mean |            97.2 |
|                                 SAC/Q2_mean |            97.3 |
|                            Norm/actor_model |             136 |
|                           Norm/critic_model |             150 |
|              Norm/state_action_metric_model |              85 |
|                     Norm/state_metric_model |            93.4 |
|        Norm/state_action_state_metric_model |            88.9 |
|                  Metric/self_state_distance |        8.98e-05 |
|                 Metric/cross_state_distance |           0.974 |
|           Metric/self_state_action_distance |        0.000314 |
|          Metric/cross_state_action_distance |           0.968 |
|             Metric/avg_self_state_asymmetry |               0 |
|            Metric/avg_cross_state_asymmetry |        0.000316 |
|                Metric/avg_self_sa_asymmetry |               0 |
|               Metric/avg_cross_sa_asymmetry |        0.000337 |
|  Metric/self_state_action_to_state_distance |        1.17e-06 |
| Metric/cross_state_action_to_state_distance |           0.968 |
|                   Metric/h_lambda_diff_self |        0.000313 |
|                  Metric/h_lambda_diff_cross |        0.000452 |
|                                 Eval/Return |             985 |
-----------------------------------------------------------------
-----------------------------------------------------------------
|                                 Train/Steps |        3.08e+06 |
|                            Loss/Loss_critic |          0.0528 |
|                             Loss/Loss_actor |           -97.4 |
|                             Loss/Loss_alpha |       -0.000512 |
|               Loss/Loss_state_action_metric |        0.000244 |
|                      Loss/Loss_state_metric |        0.000174 |
|             Loss/Loss_state_action_to_state |        3.68e-07 |
|                           Loss/Act_rep_loss |          0.0256 |
|                                   SAC/Alpha |         0.00156 |
|                              SAC/LogPi_mean |            3.29 |
|                                 SAC/Q1_mean |            97.4 |
|                                 SAC/Q2_mean |            97.5 |
|                            Norm/actor_model |             138 |
|                           Norm/critic_model |             153 |
|              Norm/state_action_metric_model |            86.8 |
|                     Norm/state_metric_model |            95.6 |
|        Norm/state_action_state_metric_model |            91.3 |
|                  Metric/self_state_distance |        1.65e-05 |
|                 Metric/cross_state_distance |           0.973 |
|           Metric/self_state_action_distance |        0.000187 |
|          Metric/cross_state_action_distance |           0.968 |
|             Metric/avg_self_state_asymmetry |               0 |
|            Metric/avg_cross_state_asymmetry |         0.00042 |
|                Metric/avg_self_sa_asymmetry |               0 |
|               Metric/avg_cross_sa_asymmetry |        0.000318 |
|  Metric/self_state_action_to_state_distance |        4.22e-05 |
| Metric/cross_state_action_to_state_distance |           0.968 |
|                   Metric/h_lambda_diff_self |        0.000176 |
|                  Metric/h_lambda_diff_cross |         0.00039 |
|                                 Eval/Return |             983 |
-----------------------------------------------------------------
[32mSaving model …[0m
[32mDone.[0m
[32mSaving model …[0m
[32mDone.[0m
-----------------------------------------------------------------
|                                 Train/Steps |        3.21e+06 |
|                            Loss/Loss_critic |           0.035 |
|                             Loss/Loss_actor |           -97.8 |
|                             Loss/Loss_alpha |       -0.000269 |
|               Loss/Loss_state_action_metric |        0.000249 |
|                      Loss/Loss_state_metric |         0.00018 |
|             Loss/Loss_state_action_to_state |        6.44e-07 |
|                           Loss/Act_rep_loss |          0.0257 |
|                                   SAC/Alpha |          0.0014 |
|                              SAC/LogPi_mean |            3.07 |
|                                 SAC/Q1_mean |            97.8 |
|                                 SAC/Q2_mean |            97.9 |
|                            Norm/actor_model |             140 |
|                           Norm/critic_model |             156 |
|              Norm/state_action_metric_model |            88.9 |
|                     Norm/state_metric_model |            97.3 |
|        Norm/state_action_state_metric_model |            93.1 |
|                  Metric/self_state_distance |        3.99e-05 |
|                 Metric/cross_state_distance |           0.973 |
|           Metric/self_state_action_distance |        0.000264 |
|          Metric/cross_state_action_distance |           0.967 |
|             Metric/avg_self_state_asymmetry |               0 |
|            Metric/avg_cross_state_asymmetry |          0.0005 |
|                Metric/avg_self_sa_asymmetry |               0 |
|               Metric/avg_cross_sa_asymmetry |        0.000307 |
|  Metric/self_state_action_to_state_distance |         5.7e-05 |
| Metric/cross_state_action_to_state_distance |           0.967 |
|                   Metric/h_lambda_diff_self |        0.000284 |
|                  Metric/h_lambda_diff_cross |        0.000547 |
|                                 Eval/Return |             986 |
-----------------------------------------------------------------
-----------------------------------------------------------------
|                                 Train/Steps |        3.34e+06 |
|                            Loss/Loss_critic |          0.0446 |
|                             Loss/Loss_actor |           -98.1 |
|                             Loss/Loss_alpha |        0.000471 |
|               Loss/Loss_state_action_metric |        0.000249 |
|                      Loss/Loss_state_metric |         0.00018 |
|             Loss/Loss_state_action_to_state |        2.82e-07 |
|                           Loss/Act_rep_loss |          0.0263 |
|                                   SAC/Alpha |         0.00151 |
|                              SAC/LogPi_mean |            2.73 |
|                                 SAC/Q1_mean |            98.1 |
|                                 SAC/Q2_mean |            98.1 |
|                            Norm/actor_model |             142 |
|                           Norm/critic_model |             159 |
|              Norm/state_action_metric_model |              91 |
|                     Norm/state_metric_model |            99.6 |
|        Norm/state_action_state_metric_model |            94.4 |
|                  Metric/self_state_distance |        2.97e-05 |
|                 Metric/cross_state_distance |           0.973 |
|           Metric/self_state_action_distance |        0.000111 |
|          Metric/cross_state_action_distance |           0.968 |
|             Metric/avg_self_state_asymmetry |               0 |
|            Metric/avg_cross_state_asymmetry |        0.000312 |
|                Metric/avg_self_sa_asymmetry |               0 |
|               Metric/avg_cross_sa_asymmetry |        0.000624 |
|  Metric/self_state_action_to_state_distance |        6.96e-06 |
| Metric/cross_state_action_to_state_distance |           0.967 |
|                   Metric/h_lambda_diff_self |        0.000113 |
|                  Metric/h_lambda_diff_cross |        0.000686 |
|                                 Eval/Return |             985 |
-----------------------------------------------------------------
-----------------------------------------------------------------
|                                 Train/Steps |        3.46e+06 |
|                            Loss/Loss_critic |          0.0373 |
|                             Loss/Loss_actor |           -98.3 |
|                             Loss/Loss_alpha |        0.000604 |
|               Loss/Loss_state_action_metric |        0.000272 |
|                      Loss/Loss_state_metric |        0.000181 |
|             Loss/Loss_state_action_to_state |        1.91e-06 |
|                           Loss/Act_rep_loss |          0.0267 |
|                                   SAC/Alpha |         0.00141 |
|                              SAC/LogPi_mean |            2.44 |
|                                 SAC/Q1_mean |            98.2 |
|                                 SAC/Q2_mean |            98.3 |
|                            Norm/actor_model |             144 |
|                           Norm/critic_model |             162 |
|              Norm/state_action_metric_model |              93 |
|                     Norm/state_metric_model |             102 |
|        Norm/state_action_state_metric_model |            96.4 |
|                  Metric/self_state_distance |         2.6e-05 |
|                 Metric/cross_state_distance |           0.972 |
|           Metric/self_state_action_distance |        0.000486 |
|          Metric/cross_state_action_distance |           0.967 |
|             Metric/avg_self_state_asymmetry |               0 |
|            Metric/avg_cross_state_asymmetry |         0.00034 |
|                Metric/avg_self_sa_asymmetry |               0 |
|               Metric/avg_cross_sa_asymmetry |        0.000463 |
|  Metric/self_state_action_to_state_distance |         1.8e-05 |
| Metric/cross_state_action_to_state_distance |           0.968 |
|                   Metric/h_lambda_diff_self |        0.000481 |
|                  Metric/h_lambda_diff_cross |        0.000778 |
|                                 Eval/Return |             985 |
-----------------------------------------------------------------
-----------------------------------------------------------------
|                                 Train/Steps |        3.59e+06 |
|                            Loss/Loss_critic |          0.0307 |
|                             Loss/Loss_actor |           -97.9 |
|                             Loss/Loss_alpha |        -0.00121 |
|               Loss/Loss_state_action_metric |        0.000251 |
|                      Loss/Loss_state_metric |        0.000184 |
|             Loss/Loss_state_action_to_state |        2.15e-06 |
|                           Loss/Act_rep_loss |          0.0259 |
|                                   SAC/Alpha |         0.00164 |
|                              SAC/LogPi_mean |            3.64 |
|                                 SAC/Q1_mean |            97.9 |
|                                 SAC/Q2_mean |            97.9 |
|                            Norm/actor_model |             146 |
|                           Norm/critic_model |             165 |
|              Norm/state_action_metric_model |            95.4 |
|                     Norm/state_metric_model |             103 |
|        Norm/state_action_state_metric_model |            98.3 |
|                  Metric/self_state_distance |        0.000464 |
|                 Metric/cross_state_distance |           0.973 |
|           Metric/self_state_action_distance |        0.000316 |
|          Metric/cross_state_action_distance |           0.968 |
|             Metric/avg_self_state_asymmetry |               0 |
|            Metric/avg_cross_state_asymmetry |        0.000328 |
|                Metric/avg_self_sa_asymmetry |               0 |
|               Metric/avg_cross_sa_asymmetry |        0.000317 |
|  Metric/self_state_action_to_state_distance |        1.43e-06 |
| Metric/cross_state_action_to_state_distance |           0.968 |
|                   Metric/h_lambda_diff_self |        0.000314 |
|                  Metric/h_lambda_diff_cross |         0.00045 |
|                                 Eval/Return |             986 |
-----------------------------------------------------------------
-----------------------------------------------------------------
|                                 Train/Steps |        3.72e+06 |
|                            Loss/Loss_critic |          0.0405 |
|                             Loss/Loss_actor |             -98 |
|                             Loss/Loss_alpha |       -0.000256 |
|               Loss/Loss_state_action_metric |        0.000253 |
|                      Loss/Loss_state_metric |        0.000184 |
|             Loss/Loss_state_action_to_state |        5.99e-07 |
|                           Loss/Act_rep_loss |           0.026 |
|                                   SAC/Alpha |         0.00157 |
|                              SAC/LogPi_mean |            3.31 |
|                                 SAC/Q1_mean |              98 |
|                                 SAC/Q2_mean |            98.1 |
|                            Norm/actor_model |             148 |
|                           Norm/critic_model |             167 |
|              Norm/state_action_metric_model |            97.4 |
|                     Norm/state_metric_model |             105 |
|        Norm/state_action_state_metric_model |            99.9 |
|                  Metric/self_state_distance |        0.000101 |
|                 Metric/cross_state_distance |           0.973 |
|           Metric/self_state_action_distance |        0.000156 |
|          Metric/cross_state_action_distance |           0.968 |
|             Metric/avg_self_state_asymmetry |               0 |
|            Metric/avg_cross_state_asymmetry |        0.000373 |
|                Metric/avg_self_sa_asymmetry |               0 |
|               Metric/avg_cross_sa_asymmetry |        0.000266 |
|  Metric/self_state_action_to_state_distance |        2.67e-05 |
| Metric/cross_state_action_to_state_distance |           0.967 |
|                   Metric/h_lambda_diff_self |        0.000176 |
|                  Metric/h_lambda_diff_cross |        0.000432 |
|                                 Eval/Return |             985 |
-----------------------------------------------------------------
-----------------------------------------------------------------
|                                 Train/Steps |        3.85e+06 |
|                            Loss/Loss_critic |           0.019 |
|                             Loss/Loss_actor |           -98.4 |
|                             Loss/Loss_alpha |        0.000636 |
|               Loss/Loss_state_action_metric |        0.000255 |
|                      Loss/Loss_state_metric |        0.000185 |
|             Loss/Loss_state_action_to_state |        3.57e-07 |
|                           Loss/Act_rep_loss |          0.0266 |
|                                   SAC/Alpha |         0.00137 |
|                              SAC/LogPi_mean |             2.5 |
|                                 SAC/Q1_mean |            98.5 |
|                                 SAC/Q2_mean |            98.4 |
|                            Norm/actor_model |             150 |
|                           Norm/critic_model |             170 |
|              Norm/state_action_metric_model |            99.6 |
|                     Norm/state_metric_model |             107 |
|        Norm/state_action_state_metric_model |             102 |
|                  Metric/self_state_distance |        6.65e-06 |
|                 Metric/cross_state_distance |           0.973 |
|           Metric/self_state_action_distance |        0.000141 |
|          Metric/cross_state_action_distance |           0.967 |
|             Metric/avg_self_state_asymmetry |               0 |
|            Metric/avg_cross_state_asymmetry |        0.000244 |
|                Metric/avg_self_sa_asymmetry |               0 |
|               Metric/avg_cross_sa_asymmetry |        0.000521 |
|  Metric/self_state_action_to_state_distance |         1.1e-05 |
| Metric/cross_state_action_to_state_distance |           0.967 |
|                   Metric/h_lambda_diff_self |        0.000143 |
|                  Metric/h_lambda_diff_cross |        0.000656 |
|                                 Eval/Return |             987 |
-----------------------------------------------------------------
-----------------------------------------------------------------
|                                 Train/Steps |        3.98e+06 |
|                            Loss/Loss_critic |          0.0367 |
|                             Loss/Loss_actor |           -98.2 |
|                             Loss/Loss_alpha |       -7.29e-05 |
|               Loss/Loss_state_action_metric |        0.000253 |
|                      Loss/Loss_state_metric |        0.000183 |
|             Loss/Loss_state_action_to_state |        1.74e-06 |
|                           Loss/Act_rep_loss |          0.0266 |
|                                   SAC/Alpha |         0.00141 |
|                              SAC/LogPi_mean |            2.99 |
|                                 SAC/Q1_mean |            98.2 |
|                                 SAC/Q2_mean |            98.3 |
|                            Norm/actor_model |             152 |
|                           Norm/critic_model |             173 |
|              Norm/state_action_metric_model |             102 |
|                     Norm/state_metric_model |             109 |
|        Norm/state_action_state_metric_model |             104 |
|                  Metric/self_state_distance |        0.000158 |
|                 Metric/cross_state_distance |           0.973 |
|           Metric/self_state_action_distance |         0.00021 |
|          Metric/cross_state_action_distance |           0.967 |
|             Metric/avg_self_state_asymmetry |               0 |
|            Metric/avg_cross_state_asymmetry |        0.000289 |
|                Metric/avg_self_sa_asymmetry |               0 |
|               Metric/avg_cross_sa_asymmetry |        0.000205 |
|  Metric/self_state_action_to_state_distance |         0.00019 |
| Metric/cross_state_action_to_state_distance |           0.967 |
|                   Metric/h_lambda_diff_self |        0.000357 |
|                  Metric/h_lambda_diff_cross |        0.000389 |
|                                 Eval/Return |             985 |
-----------------------------------------------------------------
-----------------------------------------------------------------
|                                 Train/Steps |         4.1e+06 |
|                            Loss/Loss_critic |          0.0252 |
|                             Loss/Loss_actor |           -98.7 |
|                             Loss/Loss_alpha |        0.000177 |
|               Loss/Loss_state_action_metric |        0.000268 |
|                      Loss/Loss_state_metric |        0.000214 |
|             Loss/Loss_state_action_to_state |        4.82e-07 |
|                           Loss/Act_rep_loss |          0.0265 |
|                                   SAC/Alpha |         0.00105 |
|                              SAC/LogPi_mean |             2.9 |
|                                 SAC/Q1_mean |            98.7 |
|                                 SAC/Q2_mean |            98.7 |
|                            Norm/actor_model |             153 |
|                           Norm/critic_model |             175 |
|              Norm/state_action_metric_model |             103 |
|                     Norm/state_metric_model |             111 |
|        Norm/state_action_state_metric_model |             106 |
|                  Metric/self_state_distance |         0.00687 |
|                 Metric/cross_state_distance |           0.971 |
|           Metric/self_state_action_distance |        0.000193 |
|          Metric/cross_state_action_distance |           0.966 |
|             Metric/avg_self_state_asymmetry |               0 |
|            Metric/avg_cross_state_asymmetry |        0.000331 |
|                Metric/avg_self_sa_asymmetry |               0 |
|               Metric/avg_cross_sa_asymmetry |        0.000219 |
|  Metric/self_state_action_to_state_distance |        5.03e-05 |
| Metric/cross_state_action_to_state_distance |           0.966 |
|                   Metric/h_lambda_diff_self |        0.000221 |
|                  Metric/h_lambda_diff_cross |        0.000519 |
|                                 Eval/Return |             984 |
-----------------------------------------------------------------
[32mSaving model …[0m
[32mDone.[0m
[32mSaving model …[0m
[32mDone.[0m
-----------------------------------------------------------------
|                                 Train/Steps |        4.23e+06 |
|                            Loss/Loss_critic |          0.0293 |
|                             Loss/Loss_actor |             -99 |
|                             Loss/Loss_alpha |       -0.000273 |
|               Loss/Loss_state_action_metric |         0.00027 |
|                      Loss/Loss_state_metric |        0.000204 |
|             Loss/Loss_state_action_to_state |        1.25e-06 |
|                           Loss/Act_rep_loss |           0.029 |
|                                   SAC/Alpha |          0.0011 |
|                              SAC/LogPi_mean |            3.11 |
|                                 SAC/Q1_mean |              99 |
|                                 SAC/Q2_mean |            99.1 |
|                            Norm/actor_model |             155 |
|                           Norm/critic_model |             177 |
|              Norm/state_action_metric_model |             105 |
|                     Norm/state_metric_model |             112 |
|        Norm/state_action_state_metric_model |             107 |
|                  Metric/self_state_distance |        9.02e-06 |
|                 Metric/cross_state_distance |            0.97 |
|           Metric/self_state_action_distance |        0.000244 |
|          Metric/cross_state_action_distance |           0.965 |
|             Metric/avg_self_state_asymmetry |               0 |
|            Metric/avg_cross_state_asymmetry |        0.000372 |
|                Metric/avg_self_sa_asymmetry |               0 |
|               Metric/avg_cross_sa_asymmetry |        0.000183 |
|  Metric/self_state_action_to_state_distance |         1.5e-05 |
| Metric/cross_state_action_to_state_distance |           0.966 |
|                   Metric/h_lambda_diff_self |        0.000229 |
|                  Metric/h_lambda_diff_cross |        0.000799 |
|                                 Eval/Return |             985 |
-----------------------------------------------------------------
-----------------------------------------------------------------
|                                 Train/Steps |        4.36e+06 |
|                            Loss/Loss_critic |          0.0103 |
|                             Loss/Loss_actor |             -99 |
|                             Loss/Loss_alpha |        0.000394 |
|               Loss/Loss_state_action_metric |        0.000276 |
|                      Loss/Loss_state_metric |        0.000206 |
|             Loss/Loss_state_action_to_state |        4.38e-07 |
|                           Loss/Act_rep_loss |          0.0281 |
|                                   SAC/Alpha |        0.000996 |
|                              SAC/LogPi_mean |            2.62 |
|                                 SAC/Q1_mean |              99 |
|                                 SAC/Q2_mean |            99.1 |
|                            Norm/actor_model |             156 |
|                           Norm/critic_model |             180 |
|              Norm/state_action_metric_model |             107 |
|                     Norm/state_metric_model |             115 |
|        Norm/state_action_state_metric_model |             109 |
|                  Metric/self_state_distance |        5.02e-05 |
|                 Metric/cross_state_distance |           0.971 |
|           Metric/self_state_action_distance |        6.45e-05 |
|          Metric/cross_state_action_distance |           0.965 |
|             Metric/avg_self_state_asymmetry |               0 |
|            Metric/avg_cross_state_asymmetry |        0.000173 |
|                Metric/avg_self_sa_asymmetry |               0 |
|               Metric/avg_cross_sa_asymmetry |        0.000244 |
|  Metric/self_state_action_to_state_distance |        9.55e-06 |
| Metric/cross_state_action_to_state_distance |           0.965 |
|                   Metric/h_lambda_diff_self |        6.17e-05 |
|                  Metric/h_lambda_diff_cross |        0.000316 |
|                                 Eval/Return |             987 |
-----------------------------------------------------------------
-----------------------------------------------------------------
|                                 Train/Steps |        4.49e+06 |
|                            Loss/Loss_critic |          0.0188 |
|                             Loss/Loss_actor |           -99.2 |
|                             Loss/Loss_alpha |        0.000311 |
|               Loss/Loss_state_action_metric |        0.000276 |
|                      Loss/Loss_state_metric |        0.000205 |
|             Loss/Loss_state_action_to_state |        3.31e-07 |
|                           Loss/Act_rep_loss |          0.0281 |
|                                   SAC/Alpha |        0.000781 |
|                              SAC/LogPi_mean |            2.63 |
|                                 SAC/Q1_mean |            99.2 |
|                                 SAC/Q2_mean |            99.2 |
|                            Norm/actor_model |             157 |
|                           Norm/critic_model |             182 |
|              Norm/state_action_metric_model |             110 |
|                     Norm/state_metric_model |             116 |
|        Norm/state_action_state_metric_model |             111 |
|                  Metric/self_state_distance |         5.4e-06 |
|                 Metric/cross_state_distance |           0.971 |
|           Metric/self_state_action_distance |        0.000172 |
|          Metric/cross_state_action_distance |           0.965 |
|             Metric/avg_self_state_asymmetry |               0 |
|            Metric/avg_cross_state_asymmetry |        0.000178 |
|                Metric/avg_self_sa_asymmetry |               0 |
|               Metric/avg_cross_sa_asymmetry |        0.000188 |
|  Metric/self_state_action_to_state_distance |        1.17e-05 |
| Metric/cross_state_action_to_state_distance |           0.965 |
|                   Metric/h_lambda_diff_self |        0.000172 |
|                  Metric/h_lambda_diff_cross |        0.000324 |
|                                 Eval/Return |             983 |
-----------------------------------------------------------------
-----------------------------------------------------------------
|                                 Train/Steps |        4.62e+06 |
|                            Loss/Loss_critic |          0.0184 |
|                             Loss/Loss_actor |           -99.1 |
|                             Loss/Loss_alpha |        6.99e-05 |
|               Loss/Loss_state_action_metric |        0.000273 |
|                      Loss/Loss_state_metric |        0.000203 |
|             Loss/Loss_state_action_to_state |        2.48e-07 |
|                           Loss/Act_rep_loss |          0.0281 |
|                                   SAC/Alpha |        0.000667 |
|                              SAC/LogPi_mean |            2.82 |
|                                 SAC/Q1_mean |            99.1 |
|                                 SAC/Q2_mean |            99.1 |
|                            Norm/actor_model |             159 |
|                           Norm/critic_model |             184 |
|              Norm/state_action_metric_model |             111 |
|                     Norm/state_metric_model |             118 |
|        Norm/state_action_state_metric_model |             112 |
|                  Metric/self_state_distance |        1.22e-05 |
|                 Metric/cross_state_distance |           0.971 |
|           Metric/self_state_action_distance |        8.06e-05 |
|          Metric/cross_state_action_distance |           0.965 |
|             Metric/avg_self_state_asymmetry |               0 |
|            Metric/avg_cross_state_asymmetry |        0.000374 |
|                Metric/avg_self_sa_asymmetry |               0 |
|               Metric/avg_cross_sa_asymmetry |        0.000348 |
|  Metric/self_state_action_to_state_distance |        0.000137 |
| Metric/cross_state_action_to_state_distance |           0.965 |
|                   Metric/h_lambda_diff_self |        0.000203 |
|                  Metric/h_lambda_diff_cross |        0.000283 |
|                                 Eval/Return |             984 |
-----------------------------------------------------------------
-----------------------------------------------------------------
|                                 Train/Steps |        4.74e+06 |
|                            Loss/Loss_critic |          0.0142 |
|                             Loss/Loss_actor |           -99.1 |
|                             Loss/Loss_alpha |        4.45e-05 |
|               Loss/Loss_state_action_metric |        0.000293 |
|                      Loss/Loss_state_metric |        0.000205 |
|             Loss/Loss_state_action_to_state |        1.01e-07 |
|                           Loss/Act_rep_loss |          0.0281 |
|                                   SAC/Alpha |        0.000829 |
|                              SAC/LogPi_mean |            3.01 |
|                                 SAC/Q1_mean |            99.2 |
|                                 SAC/Q2_mean |            99.2 |
|                            Norm/actor_model |             160 |
|                           Norm/critic_model |             187 |
|              Norm/state_action_metric_model |             113 |
|                     Norm/state_metric_model |             119 |
|        Norm/state_action_state_metric_model |             114 |
|                  Metric/self_state_distance |         7.4e-05 |
|                 Metric/cross_state_distance |           0.971 |
|           Metric/self_state_action_distance |        0.000517 |
|          Metric/cross_state_action_distance |           0.965 |
|             Metric/avg_self_state_asymmetry |               0 |
|            Metric/avg_cross_state_asymmetry |        0.000209 |
|                Metric/avg_self_sa_asymmetry |               0 |
|               Metric/avg_cross_sa_asymmetry |        0.000176 |
|  Metric/self_state_action_to_state_distance |        6.54e-06 |
| Metric/cross_state_action_to_state_distance |           0.965 |
|                   Metric/h_lambda_diff_self |        0.000516 |
|                  Metric/h_lambda_diff_cross |        0.000303 |
|                                 Eval/Return |             985 |
-----------------------------------------------------------------
-----------------------------------------------------------------
|                                 Train/Steps |        4.87e+06 |
|                            Loss/Loss_critic |          0.0173 |
|                             Loss/Loss_actor |           -99.1 |
|                             Loss/Loss_alpha |       -0.000386 |
|               Loss/Loss_state_action_metric |        0.000274 |
|                      Loss/Loss_state_metric |        0.000205 |
|             Loss/Loss_state_action_to_state |        1.08e-07 |
|                           Loss/Act_rep_loss |          0.0281 |
|                                   SAC/Alpha |        0.000761 |
|                              SAC/LogPi_mean |            3.59 |
|                                 SAC/Q1_mean |            99.1 |
|                                 SAC/Q2_mean |            99.2 |
|                            Norm/actor_model |             161 |
|                           Norm/critic_model |             189 |
|              Norm/state_action_metric_model |             115 |
|                     Norm/state_metric_model |             121 |
|        Norm/state_action_state_metric_model |             115 |
|                  Metric/self_state_distance |        3.95e-05 |
|                 Metric/cross_state_distance |           0.971 |
|           Metric/self_state_action_distance |        0.000196 |
|          Metric/cross_state_action_distance |           0.965 |
|             Metric/avg_self_state_asymmetry |               0 |
|            Metric/avg_cross_state_asymmetry |        0.000222 |
|                Metric/avg_self_sa_asymmetry |               0 |
|               Metric/avg_cross_sa_asymmetry |         0.00018 |
|  Metric/self_state_action_to_state_distance |        3.01e-06 |
| Metric/cross_state_action_to_state_distance |           0.965 |
|                   Metric/h_lambda_diff_self |        0.000196 |
|                  Metric/h_lambda_diff_cross |        0.000276 |
|                                 Eval/Return |             976 |
-----------------------------------------------------------------
-----------------------------------------------------------------
|                                 Train/Steps |           5e+06 |
|                            Loss/Loss_critic |          0.0295 |
|                             Loss/Loss_actor |           -98.9 |
|                             Loss/Loss_alpha |       -0.000188 |
|               Loss/Loss_state_action_metric |        0.000272 |
|                      Loss/Loss_state_metric |        0.000203 |
|             Loss/Loss_state_action_to_state |        1.87e-07 |
|                           Loss/Act_rep_loss |          0.0279 |
|                                   SAC/Alpha |        0.000738 |
|                              SAC/LogPi_mean |            3.17 |
|                                 SAC/Q1_mean |            98.9 |
|                                 SAC/Q2_mean |              99 |
|                            Norm/actor_model |             163 |
|                           Norm/critic_model |             191 |
|              Norm/state_action_metric_model |             117 |
|                     Norm/state_metric_model |             122 |
|        Norm/state_action_state_metric_model |             117 |
|                  Metric/self_state_distance |        2.13e-05 |
|                 Metric/cross_state_distance |           0.971 |
|           Metric/self_state_action_distance |        0.000157 |
|          Metric/cross_state_action_distance |           0.965 |
|             Metric/avg_self_state_asymmetry |               0 |
|            Metric/avg_cross_state_asymmetry |        0.000211 |
|                Metric/avg_self_sa_asymmetry |               0 |
|               Metric/avg_cross_sa_asymmetry |        0.000195 |
|  Metric/self_state_action_to_state_distance |        8.61e-06 |
| Metric/cross_state_action_to_state_distance |           0.965 |
|                   Metric/h_lambda_diff_self |        0.000156 |
|                  Metric/h_lambda_diff_cross |        0.000195 |
|                                 Eval/Return |             982 |
-----------------------------------------------------------------
[32mSaving model …[0m
[32mDone.[0m
[32mSaving model …[0m
[32mDone.[0m
